[2022-04-28T08:35:31.710+0000][8][gc] Using G1
[2022-04-28T08:35:31.759+0000][8][gc,init] Version: 17.0.2+8 (release)
[2022-04-28T08:35:31.761+0000][8][gc,init] CPUs: 5 total, 5 available
[2022-04-28T08:35:31.762+0000][8][gc,init] Memory: 7851M
[2022-04-28T08:35:31.763+0000][8][gc,init] Large Page Support: Disabled
[2022-04-28T08:35:31.765+0000][8][gc,init] NUMA Support: Disabled
[2022-04-28T08:35:31.766+0000][8][gc,init] Compressed Oops: Enabled (32-bit)
[2022-04-28T08:35:31.766+0000][8][gc,init] Heap Region Size: 4M
[2022-04-28T08:35:31.767+0000][8][gc,init] Heap Min Capacity: 512M
[2022-04-28T08:35:31.768+0000][8][gc,init] Heap Initial Capacity: 512M
[2022-04-28T08:35:31.769+0000][8][gc,init] Heap Max Capacity: 512M
[2022-04-28T08:35:31.770+0000][8][gc,init] Pre-touch: Enabled
[2022-04-28T08:35:31.772+0000][8][gc,init] Parallel Workers: 5
[2022-04-28T08:35:31.773+0000][8][gc,init] Concurrent Workers: 1
[2022-04-28T08:35:31.774+0000][8][gc,init] Concurrent Refinement Workers: 5
[2022-04-28T08:35:31.774+0000][8][gc,init] Periodic GC: Disabled
[2022-04-28T08:35:31.775+0000][8][gc,metaspace] CDS archive(s) mapped at: [0x0000000800000000-0x0000000800bd2000-0x0000000800bd2000), size 12394496, SharedBaseAddress: 0x0000000800000000, ArchiveRelocationMode: 0.
[2022-04-28T08:35:31.776+0000][8][gc,metaspace] Compressed class space mapped at: 0x0000000800c00000-0x0000000840c00000, reserved size: 1073741824
[2022-04-28T08:35:31.776+0000][8][gc,metaspace] Narrow klass base: 0x0000000800000000, Narrow klass shift: 0, Narrow klass range: 0x100000000
[2022-04-28T08:35:31.917+0000][8][safepoint   ] Safepoint "ICBufferFull", Time since last: 137213542 ns, Reaching safepoint: 135916 ns, At safepoint: 1542 ns, Total: 137458 ns
[2022-04-28T08:35:31.969+0000][8][safepoint   ] Safepoint "ICBufferFull", Time since last: 51494500 ns, Reaching safepoint: 104042 ns, At safepoint: 3333 ns, Total: 107375 ns
[2022-04-28T08:35:32.077+0000][8][safepoint   ] Safepoint "ICBufferFull", Time since last: 108252667 ns, Reaching safepoint: 206125 ns, At safepoint: 8750 ns, Total: 214875 ns
[2022-04-28T08:35:32.102+0000][8][gc,start    ] GC(0) Pause Young (Normal) (G1 Evacuation Pause)
[2022-04-28T08:35:32.103+0000][8][gc,task     ] GC(0) Using 5 workers of 5 for evacuation
[2022-04-28T08:35:32.104+0000][8][gc,age      ] GC(0) Desired survivor size 2097152 bytes, new threshold 15 (max threshold 15)
[2022-04-28T08:35:32.107+0000][8][gc,age      ] GC(0) Age table with threshold 15 (max threshold 15)
[2022-04-28T08:35:32.108+0000][8][gc,age      ] GC(0) - age   1:    4188056 bytes,    4188056 total
[2022-04-28T08:35:32.110+0000][8][gc,phases   ] GC(0)   Pre Evacuate Collection Set: 0.0ms
[2022-04-28T08:35:32.110+0000][8][gc,phases   ] GC(0)   Merge Heap Roots: 0.3ms
[2022-04-28T08:35:32.111+0000][8][gc,phases   ] GC(0)   Evacuate Collection Set: 1.6ms
[2022-04-28T08:35:32.112+0000][8][gc,phases   ] GC(0)   Post Evacuate Collection Set: 0.5ms
[2022-04-28T08:35:32.113+0000][8][gc,phases   ] GC(0)   Other: 5.4ms
[2022-04-28T08:35:32.114+0000][8][gc,heap     ] GC(0) Eden regions: 6->0(5)
[2022-04-28T08:35:32.116+0000][8][gc,heap     ] GC(0) Survivor regions: 0->1(1)
[2022-04-28T08:35:32.117+0000][8][gc,heap     ] GC(0) Old regions: 0->1
[2022-04-28T08:35:32.118+0000][8][gc,heap     ] GC(0) Archive regions: 2->2
[2022-04-28T08:35:32.119+0000][8][gc,heap     ] GC(0) Humongous regions: 0->0
[2022-04-28T08:35:32.119+0000][8][gc,metaspace] GC(0) Metaspace: 8731K(8960K)->8731K(8960K) NonClass: 7695K(7808K)->7695K(7808K) Class: 1035K(1152K)->1035K(1152K)
[2022-04-28T08:35:32.120+0000][8][gc          ] GC(0) Pause Young (Normal) (G1 Evacuation Pause) 27M->8M(512M) 18.222ms
[2022-04-28T08:35:32.121+0000][8][gc,cpu      ] GC(0) User=0.01s Sys=0.00s Real=0.02s
[2022-04-28T08:35:32.122+0000][8][safepoint   ] Safepoint "G1CollectForAllocation", Time since last: 24100875 ns, Reaching safepoint: 80583 ns, At safepoint: 20145833 ns, Total: 20226416 ns
[2022-04-28T08:35:32.239+0000][8][safepoint   ] Safepoint "ICBufferFull", Time since last: 116645042 ns, Reaching safepoint: 126125 ns, At safepoint: 14167 ns, Total: 140292 ns
[2022-04-28T08:35:32.311+0000][8][gc,start    ] GC(1) Pause Young (Normal) (G1 Evacuation Pause)
[2022-04-28T08:35:32.312+0000][8][gc,task     ] GC(1) Using 5 workers of 5 for evacuation
[2022-04-28T08:35:32.313+0000][8][gc,age      ] GC(1) Desired survivor size 2097152 bytes, new threshold 1 (max threshold 15)
[2022-04-28T08:35:32.318+0000][8][gc,age      ] GC(1) Age table with threshold 1 (max threshold 15)
[2022-04-28T08:35:32.319+0000][8][gc,age      ] GC(1) - age   1:    1909384 bytes,    1909384 total
[2022-04-28T08:35:32.320+0000][8][gc,phases   ] GC(1)   Pre Evacuate Collection Set: 0.1ms
[2022-04-28T08:35:32.321+0000][8][gc,phases   ] GC(1)   Merge Heap Roots: 0.0ms
[2022-04-28T08:35:32.323+0000][8][gc,phases   ] GC(1)   Evacuate Collection Set: 2.7ms
[2022-04-28T08:35:32.324+0000][8][gc,phases   ] GC(1)   Post Evacuate Collection Set: 0.8ms
[2022-04-28T08:35:32.325+0000][8][gc,phases   ] GC(1)   Other: 6.2ms
[2022-04-28T08:35:32.325+0000][8][gc,heap     ] GC(1) Eden regions: 5->0(7)
[2022-04-28T08:35:32.326+0000][8][gc,heap     ] GC(1) Survivor regions: 1->1(1)
[2022-04-28T08:35:32.327+0000][8][gc,heap     ] GC(1) Old regions: 1->2
[2022-04-28T08:35:32.328+0000][8][gc,heap     ] GC(1) Archive regions: 2->2
[2022-04-28T08:35:32.328+0000][8][gc,heap     ] GC(1) Humongous regions: 0->0
[2022-04-28T08:35:32.329+0000][8][gc,metaspace] GC(1) Metaspace: 12088K(12288K)->12088K(12288K) NonClass: 10614K(10752K)->10614K(10752K) Class: 1474K(1536K)->1474K(1536K)
[2022-04-28T08:35:32.331+0000][8][gc          ] GC(1) Pause Young (Normal) (G1 Evacuation Pause) 28M->10M(512M) 20.020ms
[2022-04-28T08:35:32.332+0000][8][gc,cpu      ] GC(1) User=0.01s Sys=0.00s Real=0.02s
[2022-04-28T08:35:32.333+0000][8][safepoint   ] Safepoint "G1CollectForAllocation", Time since last: 71907166 ns, Reaching safepoint: 162334 ns, At safepoint: 22048791 ns, Total: 22211125 ns
[2022-04-28T08:35:32.546+0000][8][safepoint   ] Safepoint "ICBufferFull", Time since last: 213467876 ns, Reaching safepoint: 109625 ns, At safepoint: 2625 ns, Total: 112250 ns
[2022-04-28T08:35:32.629+0000][8][gc,start    ] GC(2) Pause Young (Normal) (G1 Evacuation Pause)
[2022-04-28T08:35:32.630+0000][8][gc,task     ] GC(2) Using 5 workers of 5 for evacuation
[2022-04-28T08:35:32.632+0000][8][gc,age      ] GC(2) Desired survivor size 2097152 bytes, new threshold 15 (max threshold 15)
[2022-04-28T08:35:32.635+0000][8][gc,age      ] GC(2) Age table with threshold 15 (max threshold 15)
[2022-04-28T08:35:32.636+0000][8][gc,age      ] GC(2) - age   1:    1087752 bytes,    1087752 total
[2022-04-28T08:35:32.637+0000][8][gc,age      ] GC(2) - age   2:    1867320 bytes,    2955072 total
[2022-04-28T08:35:32.638+0000][8][gc,phases   ] GC(2)   Pre Evacuate Collection Set: 0.1ms
[2022-04-28T08:35:32.639+0000][8][gc,phases   ] GC(2)   Merge Heap Roots: 0.0ms
[2022-04-28T08:35:32.640+0000][8][gc,phases   ] GC(2)   Evacuate Collection Set: 2.1ms
[2022-04-28T08:35:32.641+0000][8][gc,phases   ] GC(2)   Post Evacuate Collection Set: 0.5ms
[2022-04-28T08:35:32.642+0000][8][gc,phases   ] GC(2)   Other: 6.1ms
[2022-04-28T08:35:32.643+0000][8][gc,heap     ] GC(2) Eden regions: 7->0(25)
[2022-04-28T08:35:32.644+0000][8][gc,heap     ] GC(2) Survivor regions: 1->1(1)
[2022-04-28T08:35:32.645+0000][8][gc,heap     ] GC(2) Old regions: 2->2
[2022-04-28T08:35:32.646+0000][8][gc,heap     ] GC(2) Archive regions: 2->2
[2022-04-28T08:35:32.647+0000][8][gc,heap     ] GC(2) Humongous regions: 0->0
[2022-04-28T08:35:32.647+0000][8][gc,metaspace] GC(2) Metaspace: 14682K(14912K)->14682K(14912K) NonClass: 12941K(13056K)->12941K(13056K) Class: 1741K(1856K)->1741K(1856K)
[2022-04-28T08:35:32.648+0000][8][gc          ] GC(2) Pause Young (Normal) (G1 Evacuation Pause) 38M->11M(512M) 19.090ms
[2022-04-28T08:35:32.649+0000][8][gc,cpu      ] GC(2) User=0.03s Sys=0.01s Real=0.02s
[2022-04-28T08:35:32.650+0000][8][safepoint   ] Safepoint "G1CollectForAllocation", Time since last: 82657333 ns, Reaching safepoint: 93875 ns, At safepoint: 20876750 ns, Total: 20970625 ns
[2022-04-28T08:35:32.835+0000][8][safepoint   ] Safepoint "ICBufferFull", Time since last: 185432000 ns, Reaching safepoint: 125375 ns, At safepoint: 11000 ns, Total: 136375 ns
[2022-04-28T08:35:32.878+0000][8][safepoint   ] Safepoint "ICBufferFull", Time since last: 42647208 ns, Reaching safepoint: 191250 ns, At safepoint: 7875 ns, Total: 199125 ns
[2022-04-28T08:35:32.885+0000][8][safepoint   ] Safepoint "ICBufferFull", Time since last: 6620792 ns, Reaching safepoint: 47042 ns, At safepoint: 5666 ns, Total: 52708 ns
[2022-04-28T08:35:32.887+0000][8][safepoint   ] Safepoint "ICBufferFull", Time since last: 1461125 ns, Reaching safepoint: 67584 ns, At safepoint: 6583 ns, Total: 74167 ns
[2022-04-28T08:35:32.888+0000][8][safepoint   ] Safepoint "ICBufferFull", Time since last: 1361042 ns, Reaching safepoint: 93625 ns, At safepoint: 3541 ns, Total: 97166 ns
[2022-04-28T08:35:32.890+0000][8][safepoint   ] Safepoint "ICBufferFull", Time since last: 1999292 ns, Reaching safepoint: 144083 ns, At safepoint: 14125 ns, Total: 158208 ns
[2022-04-28T08:35:32.891+0000][8][safepoint   ] Safepoint "ICBufferFull", Time since last: 970625 ns, Reaching safepoint: 38500 ns, At safepoint: 1125 ns, Total: 39625 ns
[2022-04-28T08:35:32.892+0000][8][safepoint   ] Safepoint "ICBufferFull", Time since last: 1194084 ns, Reaching safepoint: 109000 ns, At safepoint: 26375 ns, Total: 135375 ns
[2022-04-28T08:35:32.893+0000][8][safepoint   ] Safepoint "ICBufferFull", Time since last: 932458 ns, Reaching safepoint: 53125 ns, At safepoint: 1667 ns, Total: 54792 ns
[2022-04-28T08:35:32.895+0000][8][safepoint   ] Safepoint "ICBufferFull", Time since last: 1269458 ns, Reaching safepoint: 37667 ns, At safepoint: 1833 ns, Total: 39500 ns
[2022-04-28T08:35:32.896+0000][8][safepoint   ] Safepoint "ICBufferFull", Time since last: 894375 ns, Reaching safepoint: 42000 ns, At safepoint: 1250 ns, Total: 43250 ns
[2022-04-28T08:35:32.897+0000][8][safepoint   ] Safepoint "ICBufferFull", Time since last: 1333375 ns, Reaching safepoint: 109417 ns, At safepoint: 3250 ns, Total: 112667 ns
[2022-04-28T08:35:32.919+0000][8][gc,start    ] GC(3) Pause Young (Normal) (G1 Evacuation Pause)
[2022-04-28T08:35:32.920+0000][8][gc,task     ] GC(3) Using 5 workers of 5 for evacuation
[2022-04-28T08:35:32.922+0000][8][gc,age      ] GC(3) Desired survivor size 8388608 bytes, new threshold 15 (max threshold 15)
[2022-04-28T08:35:32.927+0000][8][gc,age      ] GC(3) Age table with threshold 15 (max threshold 15)
[2022-04-28T08:35:32.929+0000][8][gc,age      ] GC(3) - age   1:    4243584 bytes,    4243584 total
[2022-04-28T08:35:32.930+0000][8][gc,age      ] GC(3) - age   2:    1018176 bytes,    5261760 total
[2022-04-28T08:35:32.931+0000][8][gc,age      ] GC(3) - age   3:    1865592 bytes,    7127352 total
[2022-04-28T08:35:32.932+0000][8][gc,phases   ] GC(3)   Pre Evacuate Collection Set: 0.1ms
[2022-04-28T08:35:32.934+0000][8][gc,phases   ] GC(3)   Merge Heap Roots: 0.1ms
[2022-04-28T08:35:32.935+0000][8][gc,phases   ] GC(3)   Evacuate Collection Set: 3.4ms
[2022-04-28T08:35:32.936+0000][8][gc,phases   ] GC(3)   Post Evacuate Collection Set: 0.7ms
[2022-04-28T08:35:32.937+0000][8][gc,phases   ] GC(3)   Other: 9.6ms
[2022-04-28T08:35:32.938+0000][8][gc,heap     ] GC(3) Eden regions: 25->0(74)
[2022-04-28T08:35:32.939+0000][8][gc,heap     ] GC(3) Survivor regions: 1->2(4)
[2022-04-28T08:35:32.941+0000][8][gc,heap     ] GC(3) Old regions: 2->2
[2022-04-28T08:35:32.942+0000][8][gc,heap     ] GC(3) Archive regions: 2->2
[2022-04-28T08:35:32.943+0000][8][gc,heap     ] GC(3) Humongous regions: 0->0
[2022-04-28T08:35:32.944+0000][8][gc,metaspace] GC(3) Metaspace: 17118K(17408K)->17118K(17408K) NonClass: 15093K(15232K)->15093K(15232K) Class: 2024K(2176K)->2024K(2176K)
[2022-04-28T08:35:32.945+0000][8][gc          ] GC(3) Pause Young (Normal) (G1 Evacuation Pause) 111M->15M(512M) 26.460ms
[2022-04-28T08:35:32.946+0000][8][gc,cpu      ] GC(3) User=0.03s Sys=0.01s Real=0.03s
[2022-04-28T08:35:32.947+0000][8][safepoint   ] Safepoint "G1CollectForAllocation", Time since last: 21261250 ns, Reaching safepoint: 79083 ns, At safepoint: 28090042 ns, Total: 28169125 ns
[2022-04-28T08:35:33.217+0000][8][safepoint   ] Safepoint "ICBufferFull", Time since last: 270034625 ns, Reaching safepoint: 219083 ns, At safepoint: 3917 ns, Total: 223000 ns
[2022-04-28T08:35:33.266+0000][8][gc,start    ] GC(4) Pause Young (Normal) (G1 Evacuation Pause)
[2022-04-28T08:35:33.267+0000][8][gc,task     ] GC(4) Using 5 workers of 5 for evacuation
[2022-04-28T08:35:33.268+0000][8][gc,age      ] GC(4) Desired survivor size 20971520 bytes, new threshold 15 (max threshold 15)
[2022-04-28T08:35:33.273+0000][8][gc,age      ] GC(4) Age table with threshold 15 (max threshold 15)
[2022-04-28T08:35:33.274+0000][8][gc,age      ] GC(4) - age   1:    5915072 bytes,    5915072 total
[2022-04-28T08:35:33.275+0000][8][gc,age      ] GC(4) - age   2:    2145808 bytes,    8060880 total
[2022-04-28T08:35:33.276+0000][8][gc,age      ] GC(4) - age   3:    1017976 bytes,    9078856 total
[2022-04-28T08:35:33.277+0000][8][gc,age      ] GC(4) - age   4:    1865384 bytes,   10944240 total
[2022-04-28T08:35:33.278+0000][8][gc,phases   ] GC(4)   Pre Evacuate Collection Set: 0.3ms
[2022-04-28T08:35:33.278+0000][8][gc,phases   ] GC(4)   Merge Heap Roots: 0.1ms
[2022-04-28T08:35:33.279+0000][8][gc,phases   ] GC(4)   Evacuate Collection Set: 3.5ms
[2022-04-28T08:35:33.280+0000][8][gc,phases   ] GC(4)   Post Evacuate Collection Set: 0.7ms
[2022-04-28T08:35:33.281+0000][8][gc,phases   ] GC(4)   Other: 6.9ms
[2022-04-28T08:35:33.281+0000][8][gc,heap     ] GC(4) Eden regions: 74->0(73)
[2022-04-28T08:35:33.282+0000][8][gc,heap     ] GC(4) Survivor regions: 2->3(10)
[2022-04-28T08:35:33.282+0000][8][gc,heap     ] GC(4) Old regions: 2->2
[2022-04-28T08:35:33.283+0000][8][gc,heap     ] GC(4) Archive regions: 2->2
[2022-04-28T08:35:33.284+0000][8][gc,heap     ] GC(4) Humongous regions: 0->0
[2022-04-28T08:35:33.284+0000][8][gc,metaspace] GC(4) Metaspace: 18715K(19136K)->18715K(19136K) NonClass: 16442K(16704K)->16442K(16704K) Class: 2273K(2432K)->2273K(2432K)
[2022-04-28T08:35:33.285+0000][8][gc          ] GC(4) Pause Young (Normal) (G1 Evacuation Pause) 311M->18M(512M) 19.004ms
[2022-04-28T08:35:33.286+0000][8][gc,cpu      ] GC(4) User=0.02s Sys=0.01s Real=0.02s
[2022-04-28T08:35:33.286+0000][8][safepoint   ] Safepoint "G1CollectForAllocation", Time since last: 49251958 ns, Reaching safepoint: 77459 ns, At safepoint: 20255583 ns, Total: 20333042 ns
[2022-04-28T08:35:33.516+0000][8][gc,start    ] GC(5) Pause Young (Normal) (G1 Evacuation Pause)
[2022-04-28T08:35:33.518+0000][8][gc,task     ] GC(5) Using 5 workers of 5 for evacuation
[2022-04-28T08:35:33.519+0000][8][gc,age      ] GC(5) Desired survivor size 20971520 bytes, new threshold 15 (max threshold 15)
[2022-04-28T08:35:33.525+0000][8][gc,age      ] GC(5) Age table with threshold 15 (max threshold 15)
[2022-04-28T08:35:33.526+0000][8][gc,age      ] GC(5) - age   1:    1757544 bytes,    1757544 total
[2022-04-28T08:35:33.527+0000][8][gc,age      ] GC(5) - age   2:    5118032 bytes,    6875576 total
[2022-04-28T08:35:33.528+0000][8][gc,age      ] GC(5) - age   3:    2145632 bytes,    9021208 total
[2022-04-28T08:35:33.529+0000][8][gc,age      ] GC(5) - age   4:    1017704 bytes,   10038912 total
[2022-04-28T08:35:33.530+0000][8][gc,age      ] GC(5) - age   5:    1865320 bytes,   11904232 total
[2022-04-28T08:35:33.531+0000][8][gc,phases   ] GC(5)   Pre Evacuate Collection Set: 0.1ms
[2022-04-28T08:35:33.531+0000][8][gc,phases   ] GC(5)   Merge Heap Roots: 0.3ms
[2022-04-28T08:35:33.532+0000][8][gc,phases   ] GC(5)   Evacuate Collection Set: 3.5ms
[2022-04-28T08:35:33.533+0000][8][gc,phases   ] GC(5)   Post Evacuate Collection Set: 0.6ms
[2022-04-28T08:35:33.534+0000][8][gc,phases   ] GC(5)   Other: 9.7ms
[2022-04-28T08:35:33.535+0000][8][gc,heap     ] GC(5) Eden regions: 73->0(73)
[2022-04-28T08:35:33.535+0000][8][gc,heap     ] GC(5) Survivor regions: 3->3(10)
[2022-04-28T08:35:33.536+0000][8][gc,heap     ] GC(5) Old regions: 2->2
[2022-04-28T08:35:33.536+0000][8][gc,heap     ] GC(5) Archive regions: 2->2
[2022-04-28T08:35:33.537+0000][8][gc,heap     ] GC(5) Humongous regions: 0->0
[2022-04-28T08:35:33.538+0000][8][gc,metaspace] GC(5) Metaspace: 19666K(20096K)->19666K(20096K) NonClass: 17255K(17536K)->17255K(17536K) Class: 2411K(2560K)->2411K(2560K)
[2022-04-28T08:35:33.538+0000][8][gc          ] GC(5) Pause Young (Normal) (G1 Evacuation Pause) 310M->20M(512M) 21.926ms
[2022-04-28T08:35:33.543+0000][8][gc,cpu      ] GC(5) User=0.03s Sys=0.01s Real=0.03s
[2022-04-28T08:35:33.544+0000][8][safepoint   ] Safepoint "G1CollectForAllocation", Time since last: 229730750 ns, Reaching safepoint: 186042 ns, At safepoint: 27754041 ns, Total: 27940083 ns
[2022-04-28T08:35:33.771+0000][8][safepoint   ] Safepoint "ICBufferFull", Time since last: 228810709 ns, Reaching safepoint: 132750 ns, At safepoint: 3291 ns, Total: 136041 ns
[2022-04-28T08:35:33.783+0000][8][gc,start    ] GC(6) Pause Young (Normal) (G1 Evacuation Pause)
[2022-04-28T08:35:33.784+0000][8][gc,task     ] GC(6) Using 5 workers of 5 for evacuation
[2022-04-28T08:35:33.786+0000][8][gc,age      ] GC(6) Desired survivor size 20971520 bytes, new threshold 15 (max threshold 15)
[2022-04-28T08:35:33.791+0000][8][gc,age      ] GC(6) Age table with threshold 15 (max threshold 15)
[2022-04-28T08:35:33.792+0000][8][gc,age      ] GC(6) - age   1:    2615496 bytes,    2615496 total
[2022-04-28T08:35:33.793+0000][8][gc,age      ] GC(6) - age   2:    1331616 bytes,    3947112 total
[2022-04-28T08:35:33.793+0000][8][gc,age      ] GC(6) - age   3:    5112744 bytes,    9059856 total
[2022-04-28T08:35:33.794+0000][8][gc,age      ] GC(6) - age   4:    2144400 bytes,   11204256 total
[2022-04-28T08:35:33.794+0000][8][gc,age      ] GC(6) - age   5:    1017024 bytes,   12221280 total
[2022-04-28T08:35:33.795+0000][8][gc,age      ] GC(6) - age   6:    1865016 bytes,   14086296 total
[2022-04-28T08:35:33.796+0000][8][gc,phases   ] GC(6)   Pre Evacuate Collection Set: 0.1ms
[2022-04-28T08:35:33.796+0000][8][gc,phases   ] GC(6)   Merge Heap Roots: 0.2ms
[2022-04-28T08:35:33.797+0000][8][gc,phases   ] GC(6)   Evacuate Collection Set: 2.9ms
[2022-04-28T08:35:33.798+0000][8][gc,phases   ] GC(6)   Post Evacuate Collection Set: 0.8ms
[2022-04-28T08:35:33.799+0000][8][gc,phases   ] GC(6)   Other: 8.9ms
[2022-04-28T08:35:33.800+0000][8][gc,heap     ] GC(6) Eden regions: 73->0(72)
[2022-04-28T08:35:33.800+0000][8][gc,heap     ] GC(6) Survivor regions: 3->4(10)
[2022-04-28T08:35:33.801+0000][8][gc,heap     ] GC(6) Old regions: 2->2
[2022-04-28T08:35:33.801+0000][8][gc,heap     ] GC(6) Archive regions: 2->2
[2022-04-28T08:35:33.802+0000][8][gc,heap     ] GC(6) Humongous regions: 0->0
[2022-04-28T08:35:33.803+0000][8][gc,metaspace] GC(6) Metaspace: 20830K(21312K)->20830K(21312K) NonClass: 18262K(18560K)->18262K(18560K) Class: 2567K(2752K)->2567K(2752K)
[2022-04-28T08:35:33.803+0000][8][gc          ] GC(6) Pause Young (Normal) (G1 Evacuation Pause) 312M->22M(512M) 20.395ms
[2022-04-28T08:35:33.804+0000][8][gc,cpu      ] GC(6) User=0.02s Sys=0.00s Real=0.02s
[2022-04-28T08:35:33.804+0000][8][safepoint   ] Safepoint "G1CollectForAllocation", Time since last: 11278667 ns, Reaching safepoint: 188583 ns, At safepoint: 21630834 ns, Total: 21819417 ns
[2022-04-28T08:35:33.972+0000][8][gc,start    ] GC(7) Pause Young (Concurrent Start) (Metadata GC Threshold)
[2022-04-28T08:35:33.974+0000][8][gc,task     ] GC(7) Using 5 workers of 5 for evacuation
[2022-04-28T08:35:33.975+0000][8][gc,age      ] GC(7) Desired survivor size 20971520 bytes, new threshold 15 (max threshold 15)
[2022-04-28T08:35:33.980+0000][8][gc,age      ] GC(7) Age table with threshold 15 (max threshold 15)
[2022-04-28T08:35:33.981+0000][8][gc,age      ] GC(7) - age   1:     793176 bytes,     793176 total
[2022-04-28T08:35:33.982+0000][8][gc,age      ] GC(7) - age   2:    2172184 bytes,    2965360 total
[2022-04-28T08:35:33.983+0000][8][gc,age      ] GC(7) - age   3:    1331072 bytes,    4296432 total
[2022-04-28T08:35:33.983+0000][8][gc,age      ] GC(7) - age   4:    5112472 bytes,    9408904 total
[2022-04-28T08:35:33.984+0000][8][gc,age      ] GC(7) - age   5:    2144320 bytes,   11553224 total
[2022-04-28T08:35:33.986+0000][8][gc,age      ] GC(7) - age   6:    1017024 bytes,   12570248 total
[2022-04-28T08:35:33.987+0000][8][gc,age      ] GC(7) - age   7:    1865016 bytes,   14435264 total
[2022-04-28T08:35:33.987+0000][8][gc,phases   ] GC(7)   Pre Evacuate Collection Set: 0.1ms
[2022-04-28T08:35:33.988+0000][8][gc,phases   ] GC(7)   Merge Heap Roots: 0.1ms
[2022-04-28T08:35:33.989+0000][8][gc,phases   ] GC(7)   Evacuate Collection Set: 3.0ms
[2022-04-28T08:35:33.989+0000][8][gc,phases   ] GC(7)   Post Evacuate Collection Set: 0.7ms
[2022-04-28T08:35:33.990+0000][8][gc,phases   ] GC(7)   Other: 11.5ms
[2022-04-28T08:35:33.991+0000][8][gc,heap     ] GC(7) Eden regions: 64->0(72)
[2022-04-28T08:35:33.991+0000][8][gc,heap     ] GC(7) Survivor regions: 4->4(10)
[2022-04-28T08:35:33.992+0000][8][gc,heap     ] GC(7) Old regions: 2->2
[2022-04-28T08:35:33.993+0000][8][gc,heap     ] GC(7) Archive regions: 2->2
[2022-04-28T08:35:33.994+0000][8][gc,heap     ] GC(7) Humongous regions: 0->0
[2022-04-28T08:35:33.995+0000][8][gc,metaspace] GC(7) Metaspace: 20987K(21504K)->20987K(21504K) NonClass: 18389K(18688K)->18389K(18688K) Class: 2598K(2816K)->2598K(2816K)
[2022-04-28T08:35:33.995+0000][8][gc          ] GC(7) Pause Young (Concurrent Start) (Metadata GC Threshold) 276M->23M(512M) 23.384ms
[2022-04-28T08:35:33.996+0000][8][gc,cpu      ] GC(7) User=0.01s Sys=0.00s Real=0.02s
[2022-04-28T08:35:33.997+0000][8][gc          ] GC(8) Concurrent Mark Cycle
[2022-04-28T08:35:33.997+0000][8][gc,marking  ] GC(8) Concurrent Clear Claimed Marks
[2022-04-28T08:35:33.998+0000][8][gc,marking  ] GC(8) Concurrent Clear Claimed Marks 0.538ms
[2022-04-28T08:35:33.998+0000][8][gc,marking  ] GC(8) Concurrent Scan Root Regions
[2022-04-28T08:35:33.997+0000][8][safepoint   ] Safepoint "CollectForMetadataAllocation", Time since last: 167304041 ns, Reaching safepoint: 172667 ns, At safepoint: 24874875 ns, Total: 25047542 ns
[2022-04-28T08:35:34.002+0000][8][gc,marking  ] GC(8) Concurrent Scan Root Regions 3.503ms
[2022-04-28T08:35:34.003+0000][8][gc,marking  ] GC(8) Concurrent Mark
[2022-04-28T08:35:34.004+0000][8][gc,marking  ] GC(8) Concurrent Mark From Roots
[2022-04-28T08:35:34.004+0000][8][gc,task     ] GC(8) Using 1 workers of 1 for marking
[2022-04-28T08:35:34.008+0000][8][gc,marking  ] GC(8) Concurrent Mark From Roots 4.672ms
[2022-04-28T08:35:34.009+0000][8][gc,marking  ] GC(8) Concurrent Preclean
[2022-04-28T08:35:34.010+0000][8][gc,marking  ] GC(8) Concurrent Preclean 1.384ms
[2022-04-28T08:35:34.011+0000][8][gc,start    ] GC(8) Pause Remark
[2022-04-28T08:35:34.015+0000][8][gc          ] GC(8) Pause Remark 27M->27M(512M) 3.878ms
[2022-04-28T08:35:34.016+0000][8][gc,cpu      ] GC(8) User=0.01s Sys=0.00s Real=0.00s
[2022-04-28T08:35:34.017+0000][8][safepoint   ] Safepoint "G1Concurrent", Time since last: 14415417 ns, Reaching safepoint: 174291 ns, At safepoint: 5958000 ns, Total: 6132291 ns
[2022-04-28T08:35:34.019+0000][8][gc,marking  ] GC(8) Concurrent Mark 16.441ms
[2022-04-28T08:35:34.020+0000][8][gc,marking  ] GC(8) Concurrent Rebuild Remembered Sets
[2022-04-28T08:35:34.023+0000][8][gc,marking  ] GC(8) Concurrent Rebuild Remembered Sets 2.607ms
[2022-04-28T08:35:34.024+0000][8][gc,start    ] GC(8) Pause Cleanup
[2022-04-28T08:35:34.024+0000][8][gc          ] GC(8) Pause Cleanup 27M->27M(512M) 0.651ms
[2022-04-28T08:35:34.025+0000][8][gc,cpu      ] GC(8) User=0.00s Sys=0.00s Real=0.00s
[2022-04-28T08:35:34.026+0000][8][safepoint   ] Safepoint "G1Concurrent", Time since last: 6095209 ns, Reaching safepoint: 314375 ns, At safepoint: 2061708 ns, Total: 2376083 ns
[2022-04-28T08:35:34.027+0000][8][gc,marking  ] GC(8) Concurrent Cleanup for Next Mark
[2022-04-28T08:35:34.028+0000][8][gc,marking  ] GC(8) Concurrent Cleanup for Next Mark 0.879ms
[2022-04-28T08:35:34.029+0000][8][gc          ] GC(8) Concurrent Mark Cycle 32.119ms
[2022-04-28T08:35:34.456+0000][8][safepoint   ] Safepoint "ICBufferFull", Time since last: 430285959 ns, Reaching safepoint: 166583 ns, At safepoint: 3333 ns, Total: 169916 ns
[2022-04-28T08:35:34.533+0000][8][safepoint   ] Safepoint "ICBufferFull", Time since last: 76972250 ns, Reaching safepoint: 120709 ns, At safepoint: 3375 ns, Total: 124084 ns
[2022-04-28T08:35:34.536+0000][8][safepoint   ] Safepoint "ICBufferFull", Time since last: 2655833 ns, Reaching safepoint: 337750 ns, At safepoint: 3292 ns, Total: 341042 ns
[2022-04-28T08:35:34.538+0000][8][safepoint   ] Safepoint "ICBufferFull", Time since last: 1397750 ns, Reaching safepoint: 27166 ns, At safepoint: 1292 ns, Total: 28458 ns
[2022-04-28T08:35:34.539+0000][8][safepoint   ] Safepoint "ICBufferFull", Time since last: 1071875 ns, Reaching safepoint: 155917 ns, At safepoint: 76125 ns, Total: 232042 ns
[2022-04-28T08:35:34.541+0000][8][safepoint   ] Safepoint "ICBufferFull", Time since last: 1181625 ns, Reaching safepoint: 190958 ns, At safepoint: 3167 ns, Total: 194125 ns
[2022-04-28T08:35:34.542+0000][8][safepoint   ] Safepoint "ICBufferFull", Time since last: 1344166 ns, Reaching safepoint: 98625 ns, At safepoint: 3709 ns, Total: 102334 ns
[2022-04-28T08:35:34.543+0000][8][safepoint   ] Safepoint "ICBufferFull", Time since last: 968250 ns, Reaching safepoint: 90208 ns, At safepoint: 2583 ns, Total: 92791 ns
[2022-04-28T08:35:34.552+0000][8][safepoint   ] Safepoint "ICBufferFull", Time since last: 8611084 ns, Reaching safepoint: 101708 ns, At safepoint: 7625 ns, Total: 109333 ns
[2022-04-28T08:35:34.553+0000][8][safepoint   ] Safepoint "ICBufferFull", Time since last: 1148833 ns, Reaching safepoint: 34625 ns, At safepoint: 1125 ns, Total: 35750 ns
[2022-04-28T08:35:34.554+0000][8][safepoint   ] Safepoint "ICBufferFull", Time since last: 1060542 ns, Reaching safepoint: 37708 ns, At safepoint: 1542 ns, Total: 39250 ns
[2022-04-28T08:35:34.555+0000][8][safepoint   ] Safepoint "ICBufferFull", Time since last: 976667 ns, Reaching safepoint: 44333 ns, At safepoint: 2667 ns, Total: 47000 ns
[2022-04-28T08:35:34.569+0000][8][safepoint   ] Safepoint "ICBufferFull", Time since last: 13468208 ns, Reaching safepoint: 93542 ns, At safepoint: 3000 ns, Total: 96542 ns
[2022-04-28T08:35:34.574+0000][8][safepoint   ] Safepoint "ICBufferFull", Time since last: 5305166 ns, Reaching safepoint: 73875 ns, At safepoint: 3459 ns, Total: 77334 ns
[2022-04-28T08:35:34.575+0000][8][safepoint   ] Safepoint "ICBufferFull", Time since last: 1041000 ns, Reaching safepoint: 128083 ns, At safepoint: 3042 ns, Total: 131125 ns
[2022-04-28T08:35:34.576+0000][8][safepoint   ] Safepoint "ICBufferFull", Time since last: 922375 ns, Reaching safepoint: 60708 ns, At safepoint: 1958 ns, Total: 62666 ns
[2022-04-28T08:35:34.579+0000][8][safepoint   ] Safepoint "ICBufferFull", Time since last: 3260792 ns, Reaching safepoint: 74250 ns, At safepoint: 3083 ns, Total: 77333 ns
[2022-04-28T08:35:34.585+0000][8][safepoint   ] Safepoint "ICBufferFull", Time since last: 5622792 ns, Reaching safepoint: 143042 ns, At safepoint: 8000 ns, Total: 151042 ns
[2022-04-28T08:35:34.611+0000][8][safepoint   ] Safepoint "ICBufferFull", Time since last: 25722125 ns, Reaching safepoint: 277875 ns, At safepoint: 15291 ns, Total: 293166 ns
[2022-04-28T08:35:34.794+0000][8][safepoint   ] Safepoint "ICBufferFull", Time since last: 182757167 ns, Reaching safepoint: 293875 ns, At safepoint: 25958 ns, Total: 319833 ns
[2022-04-28T08:35:35.060+0000][8][safepoint   ] Safepoint "ICBufferFull", Time since last: 265238250 ns, Reaching safepoint: 319334 ns, At safepoint: 25208 ns, Total: 344542 ns
[2022-04-28T08:35:35.299+0000][8][safepoint   ] Safepoint "ICBufferFull", Time since last: 238470292 ns, Reaching safepoint: 277958 ns, At safepoint: 17375 ns, Total: 295333 ns
[2022-04-28T08:35:35.435+0000][8][gc,start    ] GC(9) Pause Young (Concurrent Start) (Metadata GC Threshold)
[2022-04-28T08:35:35.436+0000][8][gc,task     ] GC(9) Using 5 workers of 5 for evacuation
[2022-04-28T08:35:35.437+0000][8][gc,age      ] GC(9) Desired survivor size 20971520 bytes, new threshold 15 (max threshold 15)
[2022-04-28T08:35:35.454+0000][8][gc,age      ] GC(9) Age table with threshold 15 (max threshold 15)
[2022-04-28T08:35:35.456+0000][8][gc,age      ] GC(9) - age   1:   27007952 bytes,   27007952 total
[2022-04-28T08:35:35.458+0000][8][gc,age      ] GC(9) - age   2:     767528 bytes,   27775480 total
[2022-04-28T08:35:35.460+0000][8][gc,age      ] GC(9) - age   3:    2139080 bytes,   29914560 total
[2022-04-28T08:35:35.461+0000][8][gc,age      ] GC(9) - age   4:    1315320 bytes,   31229880 total
[2022-04-28T08:35:35.462+0000][8][gc,age      ] GC(9) - age   5:    5080776 bytes,   36310656 total
[2022-04-28T08:35:35.463+0000][8][gc,age      ] GC(9) - age   6:    2067880 bytes,   38378536 total
[2022-04-28T08:35:35.463+0000][8][gc,age      ] GC(9) - age   7:     972648 bytes,   39351184 total
[2022-04-28T08:35:35.464+0000][8][gc,age      ] GC(9) - age   8:    1857952 bytes,   41209136 total
[2022-04-28T08:35:35.465+0000][8][gc,phases   ] GC(9)   Pre Evacuate Collection Set: 0.1ms
[2022-04-28T08:35:35.465+0000][8][gc,phases   ] GC(9)   Merge Heap Roots: 0.1ms
[2022-04-28T08:35:35.466+0000][8][gc,phases   ] GC(9)   Evacuate Collection Set: 13.5ms
[2022-04-28T08:35:35.466+0000][8][gc,phases   ] GC(9)   Post Evacuate Collection Set: 1.7ms
[2022-04-28T08:35:35.467+0000][8][gc,phases   ] GC(9)   Other: 14.2ms
[2022-04-28T08:35:35.468+0000][8][gc,heap     ] GC(9) Eden regions: 70->0(66)
[2022-04-28T08:35:35.468+0000][8][gc,heap     ] GC(9) Survivor regions: 4->10(10)
[2022-04-28T08:35:35.469+0000][8][gc,heap     ] GC(9) Old regions: 2->2
[2022-04-28T08:35:35.470+0000][8][gc,heap     ] GC(9) Archive regions: 2->2
[2022-04-28T08:35:35.470+0000][8][gc,heap     ] GC(9) Humongous regions: 0->0
[2022-04-28T08:35:35.471+0000][8][gc,metaspace] GC(9) Metaspace: 35166K(36096K)->35166K(36096K) NonClass: 30506K(31040K)->30506K(31040K) Class: 4660K(5056K)->4660K(5056K)
[2022-04-28T08:35:35.471+0000][8][gc          ] GC(9) Pause Young (Concurrent Start) (Metadata GC Threshold) 303M->48M(512M) 36.254ms
[2022-04-28T08:35:35.472+0000][8][gc,cpu      ] GC(9) User=0.09s Sys=0.00s Real=0.04s
[2022-04-28T08:35:35.473+0000][8][gc          ] GC(10) Concurrent Mark Cycle
[2022-04-28T08:35:35.474+0000][8][gc,marking  ] GC(10) Concurrent Clear Claimed Marks
[2022-04-28T08:35:35.473+0000][8][safepoint   ] Safepoint "CollectForMetadataAllocation", Time since last: 136167042 ns, Reaching safepoint: 177958 ns, At safepoint: 37626667 ns, Total: 37804625 ns
[2022-04-28T08:35:35.475+0000][8][gc,marking  ] GC(10) Concurrent Clear Claimed Marks 1.229ms
[2022-04-28T08:35:35.476+0000][8][gc,marking  ] GC(10) Concurrent Scan Root Regions
[2022-04-28T08:35:35.484+0000][8][safepoint   ] Safepoint "CollectForMetadataAllocation", Time since last: 11462917 ns, Reaching safepoint: 110750 ns, At safepoint: 33708 ns, Total: 144458 ns
[2022-04-28T08:35:35.491+0000][8][gc,marking  ] GC(10) Concurrent Scan Root Regions 14.375ms
[2022-04-28T08:35:35.491+0000][8][gc,marking  ] GC(10) Concurrent Mark
[2022-04-28T08:35:35.493+0000][8][gc,marking  ] GC(10) Concurrent Mark From Roots
[2022-04-28T08:35:35.493+0000][8][gc,task     ] GC(10) Using 1 workers of 1 for marking
[2022-04-28T08:35:35.497+0000][8][gc,marking  ] GC(10) Concurrent Mark From Roots 4.537ms
[2022-04-28T08:35:35.498+0000][8][gc,marking  ] GC(10) Concurrent Preclean
[2022-04-28T08:35:35.499+0000][8][gc,marking  ] GC(10) Concurrent Preclean 0.837ms
[2022-04-28T08:35:35.500+0000][8][gc,start    ] GC(10) Pause Remark
[2022-04-28T08:35:35.502+0000][8][gc          ] GC(10) Pause Remark 52M->52M(512M) 2.534ms
[2022-04-28T08:35:35.503+0000][8][gc,cpu      ] GC(10) User=0.01s Sys=0.00s Real=0.00s
[2022-04-28T08:35:35.504+0000][8][safepoint   ] Safepoint "G1Concurrent", Time since last: 15383500 ns, Reaching safepoint: 145292 ns, At safepoint: 4402750 ns, Total: 4548042 ns
[2022-04-28T08:35:35.505+0000][8][gc,marking  ] GC(10) Concurrent Mark 13.350ms
[2022-04-28T08:35:35.505+0000][8][gc,marking  ] GC(10) Concurrent Rebuild Remembered Sets
[2022-04-28T08:35:35.508+0000][8][gc,marking  ] GC(10) Concurrent Rebuild Remembered Sets 2.668ms
[2022-04-28T08:35:35.509+0000][8][gc,start    ] GC(10) Pause Cleanup
[2022-04-28T08:35:35.510+0000][8][gc          ] GC(10) Pause Cleanup 52M->52M(512M) 0.996ms
[2022-04-28T08:35:35.512+0000][8][gc,cpu      ] GC(10) User=0.00s Sys=0.00s Real=0.00s
[2022-04-28T08:35:35.513+0000][8][safepoint   ] Safepoint "G1Concurrent", Time since last: 4754583 ns, Reaching safepoint: 210500 ns, At safepoint: 3528792 ns, Total: 3739292 ns
[2022-04-28T08:35:35.513+0000][8][gc,marking  ] GC(10) Concurrent Cleanup for Next Mark
[2022-04-28T08:35:35.514+0000][8][gc,marking  ] GC(10) Concurrent Cleanup for Next Mark 1.011ms
[2022-04-28T08:35:35.515+0000][8][gc          ] GC(10) Concurrent Mark Cycle 42.692ms
[2022-04-28T08:35:35.613+0000][8][safepoint   ] Safepoint "ICBufferFull", Time since last: 100086166 ns, Reaching safepoint: 160000 ns, At safepoint: 10459 ns, Total: 170459 ns
[2022-04-28T08:35:36.024+0000][8][safepoint   ] Safepoint "ICBufferFull", Time since last: 411148792 ns, Reaching safepoint: 148500 ns, At safepoint: 13083 ns, Total: 161583 ns
[2022-04-28T08:35:36.240+0000][8][safepoint   ] Safepoint "ICBufferFull", Time since last: 215385542 ns, Reaching safepoint: 213916 ns, At safepoint: 6667 ns, Total: 220583 ns
[2022-04-28T08:35:36.337+0000][8][gc,start    ] GC(11) Pause Young (Concurrent Start) (G1 Evacuation Pause)
[2022-04-28T08:35:36.338+0000][8][gc,task     ] GC(11) Using 5 workers of 5 for evacuation
[2022-04-28T08:35:36.339+0000][8][gc,age      ] GC(11) Desired survivor size 20971520 bytes, new threshold 1 (max threshold 15)
[2022-04-28T08:35:36.366+0000][8][gc,age      ] GC(11) Age table with threshold 1 (max threshold 15)
[2022-04-28T08:35:36.367+0000][8][gc,age      ] GC(11) - age   1:    6122984 bytes,    6122984 total
[2022-04-28T08:35:36.368+0000][8][gc,phases   ] GC(11)   Pre Evacuate Collection Set: 0.2ms
[2022-04-28T08:35:36.369+0000][8][gc,phases   ] GC(11)   Merge Heap Roots: 0.3ms
[2022-04-28T08:35:36.370+0000][8][gc,phases   ] GC(11)   Evacuate Collection Set: 23.2ms
[2022-04-28T08:35:36.372+0000][8][gc,phases   ] GC(11)   Post Evacuate Collection Set: 1.3ms
[2022-04-28T08:35:36.373+0000][8][gc,phases   ] GC(11)   Other: 5.8ms
[2022-04-28T08:35:36.373+0000][8][gc,heap     ] GC(11) Eden regions: 66->0(73)
[2022-04-28T08:35:36.374+0000][8][gc,heap     ] GC(11) Survivor regions: 10->3(10)
[2022-04-28T08:35:36.375+0000][8][gc,heap     ] GC(11) Old regions: 2->11
[2022-04-28T08:35:36.376+0000][8][gc,heap     ] GC(11) Archive regions: 2->2
[2022-04-28T08:35:36.377+0000][8][gc,heap     ] GC(11) Humongous regions: 0->0
[2022-04-28T08:35:36.378+0000][8][gc,metaspace] GC(11) Metaspace: 52253K(53504K)->52253K(53504K) NonClass: 45163K(45888K)->45163K(45888K) Class: 7089K(7616K)->7089K(7616K)
[2022-04-28T08:35:36.380+0000][8][gc          ] GC(11) Pause Young (Concurrent Start) (G1 Evacuation Pause) 312M->58M(512M) 42.284ms
[2022-04-28T08:35:36.380+0000][8][gc,cpu      ] GC(11) User=0.15s Sys=0.01s Real=0.04s
[2022-04-28T08:35:36.381+0000][8][gc          ] GC(12) Concurrent Mark Cycle
[2022-04-28T08:35:36.382+0000][8][gc,marking  ] GC(12) Concurrent Clear Claimed Marks
[2022-04-28T08:35:36.384+0000][8][gc,marking  ] GC(12) Concurrent Clear Claimed Marks 1.045ms
[2022-04-28T08:35:36.385+0000][8][gc,marking  ] GC(12) Concurrent Scan Root Regions
[2022-04-28T08:35:36.382+0000][8][safepoint   ] Safepoint "G1CollectForAllocation", Time since last: 97133083 ns, Reaching safepoint: 176459 ns, At safepoint: 44346291 ns, Total: 44522750 ns
[2022-04-28T08:35:36.406+0000][8][gc,marking  ] GC(12) Concurrent Scan Root Regions 21.151ms
[2022-04-28T08:35:36.407+0000][8][gc,marking  ] GC(12) Concurrent Mark
[2022-04-28T08:35:36.408+0000][8][gc,marking  ] GC(12) Concurrent Mark From Roots
[2022-04-28T08:35:36.410+0000][8][gc,task     ] GC(12) Using 1 workers of 1 for marking
[2022-04-28T08:35:36.415+0000][8][gc,marking  ] GC(12) Concurrent Mark From Roots 6.450ms
[2022-04-28T08:35:36.416+0000][8][gc,marking  ] GC(12) Concurrent Preclean
[2022-04-28T08:35:36.417+0000][8][gc,marking  ] GC(12) Concurrent Preclean 1.015ms
[2022-04-28T08:35:36.418+0000][8][gc,start    ] GC(12) Pause Remark
[2022-04-28T08:35:36.422+0000][8][gc          ] GC(12) Pause Remark 74M->74M(512M) 4.104ms
[2022-04-28T08:35:36.426+0000][8][gc,cpu      ] GC(12) User=0.01s Sys=0.00s Real=0.00s
[2022-04-28T08:35:36.427+0000][8][safepoint   ] Safepoint "G1Concurrent", Time since last: 36045625 ns, Reaching safepoint: 415542 ns, At safepoint: 8636417 ns, Total: 9051959 ns
[2022-04-28T08:35:36.428+0000][8][gc,marking  ] GC(12) Concurrent Mark 20.121ms
[2022-04-28T08:35:36.428+0000][8][gc,marking  ] GC(12) Concurrent Rebuild Remembered Sets
[2022-04-28T08:35:36.430+0000][8][gc,marking  ] GC(12) Concurrent Rebuild Remembered Sets 1.265ms
[2022-04-28T08:35:36.431+0000][8][gc,start    ] GC(12) Pause Cleanup
[2022-04-28T08:35:36.431+0000][8][gc          ] GC(12) Pause Cleanup 76M->76M(512M) 0.835ms
[2022-04-28T08:35:36.432+0000][8][gc,cpu      ] GC(12) User=0.00s Sys=0.00s Real=0.00s
[2022-04-28T08:35:36.433+0000][8][safepoint   ] Safepoint "G1Concurrent", Time since last: 3637041 ns, Reaching safepoint: 278542 ns, At safepoint: 2318792 ns, Total: 2597334 ns
[2022-04-28T08:35:36.434+0000][8][gc,marking  ] GC(12) Concurrent Cleanup for Next Mark
[2022-04-28T08:35:36.436+0000][8][gc,marking  ] GC(12) Concurrent Cleanup for Next Mark 1.340ms
[2022-04-28T08:35:36.437+0000][8][gc          ] GC(12) Concurrent Mark Cycle 55.060ms
[2022-04-28T08:35:36.705+0000][8][safepoint   ] Safepoint "ICBufferFull", Time since last: 271217208 ns, Reaching safepoint: 433834 ns, At safepoint: 16208 ns, Total: 450042 ns
[2022-04-28T08:35:36.893+0000][8][safepoint   ] Safepoint "ICBufferFull", Time since last: 188152458 ns, Reaching safepoint: 222000 ns, At safepoint: 9084 ns, Total: 231084 ns
[2022-04-28T08:35:37.292+0000][8][safepoint   ] Safepoint "ICBufferFull", Time since last: 399102542 ns, Reaching safepoint: 246958 ns, At safepoint: 3958 ns, Total: 250916 ns
[2022-04-28T08:35:37.480+0000][8][safepoint   ] Safepoint "ICBufferFull", Time since last: 187516125 ns, Reaching safepoint: 123500 ns, At safepoint: 6542 ns, Total: 130042 ns
[2022-04-28T08:35:37.826+0000][8][safepoint   ] Safepoint "ICBufferFull", Time since last: 346394875 ns, Reaching safepoint: 148750 ns, At safepoint: 2958 ns, Total: 151708 ns
[2022-04-28T08:35:38.076+0000][8][safepoint   ] Safepoint "ICBufferFull", Time since last: 248870209 ns, Reaching safepoint: 233750 ns, At safepoint: 4750 ns, Total: 238500 ns
[2022-04-28T08:35:38.128+0000][8][gc,start    ] GC(13) Pause Young (Normal) (G1 Evacuation Pause)
[2022-04-28T08:35:38.129+0000][8][gc,task     ] GC(13) Using 5 workers of 5 for evacuation
[2022-04-28T08:35:38.130+0000][8][gc,age      ] GC(13) Desired survivor size 20971520 bytes, new threshold 15 (max threshold 15)
[2022-04-28T08:35:38.143+0000][8][gc,age      ] GC(13) Age table with threshold 15 (max threshold 15)
[2022-04-28T08:35:38.144+0000][8][gc,age      ] GC(13) - age   1:   13972824 bytes,   13972824 total
[2022-04-28T08:35:38.145+0000][8][gc,age      ] GC(13) - age   2:    5901088 bytes,   19873912 total
[2022-04-28T08:35:38.146+0000][8][gc,phases   ] GC(13)   Pre Evacuate Collection Set: 0.2ms
[2022-04-28T08:35:38.147+0000][8][gc,phases   ] GC(13)   Merge Heap Roots: 0.4ms
[2022-04-28T08:35:38.148+0000][8][gc,phases   ] GC(13)   Evacuate Collection Set: 9.0ms
[2022-04-28T08:35:38.149+0000][8][gc,phases   ] GC(13)   Post Evacuate Collection Set: 2.1ms
[2022-04-28T08:35:38.150+0000][8][gc,phases   ] GC(13)   Other: 6.3ms
[2022-04-28T08:35:38.150+0000][8][gc,heap     ] GC(13) Eden regions: 73->0(71)
[2022-04-28T08:35:38.151+0000][8][gc,heap     ] GC(13) Survivor regions: 3->5(10)
[2022-04-28T08:35:38.152+0000][8][gc,heap     ] GC(13) Old regions: 11->11
[2022-04-28T08:35:38.153+0000][8][gc,heap     ] GC(13) Archive regions: 2->2
[2022-04-28T08:35:38.154+0000][8][gc,heap     ] GC(13) Humongous regions: 0->0
[2022-04-28T08:35:38.154+0000][8][gc,metaspace] GC(13) Metaspace: 85545K(86976K)->85545K(86976K) NonClass: 73666K(74560K)->73666K(74560K) Class: 11878K(12416K)->11878K(12416K)
[2022-04-28T08:35:38.155+0000][8][gc          ] GC(13) Pause Young (Normal) (G1 Evacuation Pause) 350M->67M(512M) 27.345ms
[2022-04-28T08:35:38.156+0000][8][gc,cpu      ] GC(13) User=0.04s Sys=0.01s Real=0.02s
[2022-04-28T08:35:38.159+0000][8][safepoint   ] Safepoint "G1CollectForAllocation", Time since last: 52159375 ns, Reaching safepoint: 100458 ns, At safepoint: 31437167 ns, Total: 31537625 ns
[2022-04-28T08:35:38.187+0000][8][safepoint   ] Safepoint "ICBufferFull", Time since last: 27634958 ns, Reaching safepoint: 120792 ns, At safepoint: 28708 ns, Total: 149500 ns
[2022-04-28T08:35:38.221+0000][8][safepoint   ] Safepoint "ICBufferFull", Time since last: 33826625 ns, Reaching safepoint: 265709 ns, At safepoint: 3208 ns, Total: 268917 ns
[2022-04-28T08:35:38.298+0000][8][safepoint   ] Safepoint "ICBufferFull", Time since last: 76160083 ns, Reaching safepoint: 213709 ns, At safepoint: 3250 ns, Total: 216959 ns
[2022-04-28T08:35:38.653+0000][8][gc,start    ] GC(14) Pause Young (Concurrent Start) (Metadata GC Threshold)
[2022-04-28T08:35:38.655+0000][8][gc,task     ] GC(14) Using 5 workers of 5 for evacuation
[2022-04-28T08:35:38.656+0000][8][gc,age      ] GC(14) Desired survivor size 20971520 bytes, new threshold 15 (max threshold 15)
[2022-04-28T08:35:38.667+0000][8][gc,age      ] GC(14) Age table with threshold 15 (max threshold 15)
[2022-04-28T08:35:38.668+0000][8][gc,age      ] GC(14) - age   1:     798600 bytes,     798600 total
[2022-04-28T08:35:38.670+0000][8][gc,age      ] GC(14) - age   2:   13381512 bytes,   14180112 total
[2022-04-28T08:35:38.671+0000][8][gc,age      ] GC(14) - age   3:    5875016 bytes,   20055128 total
[2022-04-28T08:35:38.672+0000][8][gc,phases   ] GC(14)   Pre Evacuate Collection Set: 0.4ms
[2022-04-28T08:35:38.672+0000][8][gc,phases   ] GC(14)   Merge Heap Roots: 0.1ms
[2022-04-28T08:35:38.673+0000][8][gc,phases   ] GC(14)   Evacuate Collection Set: 8.9ms
[2022-04-28T08:35:38.674+0000][8][gc,phases   ] GC(14)   Post Evacuate Collection Set: 1.0ms
[2022-04-28T08:35:38.675+0000][8][gc,phases   ] GC(14)   Other: 7.9ms
[2022-04-28T08:35:38.676+0000][8][gc,heap     ] GC(14) Eden regions: 8->0(70)
[2022-04-28T08:35:38.678+0000][8][gc,heap     ] GC(14) Survivor regions: 5->6(10)
[2022-04-28T08:35:38.679+0000][8][gc,heap     ] GC(14) Old regions: 11->11
[2022-04-28T08:35:38.680+0000][8][gc,heap     ] GC(14) Archive regions: 2->2
[2022-04-28T08:35:38.683+0000][8][gc,heap     ] GC(14) Humongous regions: 0->0
[2022-04-28T08:35:38.685+0000][8][gc,metaspace] GC(14) Metaspace: 87749K(89216K)->87749K(89216K) NonClass: 75551K(76416K)->75551K(76416K) Class: 12197K(12800K)->12197K(12800K)
[2022-04-28T08:35:38.687+0000][8][gc          ] GC(14) Pause Young (Concurrent Start) (Metadata GC Threshold) 97M->68M(512M) 33.360ms
[2022-04-28T08:35:38.688+0000][8][gc,cpu      ] GC(14) User=0.03s Sys=0.00s Real=0.04s
[2022-04-28T08:35:38.689+0000][8][safepoint   ] Safepoint "CollectForMetadataAllocation", Time since last: 355495167 ns, Reaching safepoint: 241791 ns, At safepoint: 35794417 ns, Total: 36036208 ns
[2022-04-28T08:35:38.689+0000][8][gc          ] GC(15) Concurrent Mark Cycle
[2022-04-28T08:35:38.692+0000][8][gc,marking  ] GC(15) Concurrent Clear Claimed Marks
[2022-04-28T08:35:38.693+0000][8][gc,marking  ] GC(15) Concurrent Clear Claimed Marks 1.494ms
[2022-04-28T08:35:38.694+0000][8][gc,marking  ] GC(15) Concurrent Scan Root Regions
[2022-04-28T08:35:38.706+0000][8][gc,marking  ] GC(15) Concurrent Scan Root Regions 11.633ms
[2022-04-28T08:35:38.707+0000][8][gc,marking  ] GC(15) Concurrent Mark
[2022-04-28T08:35:38.707+0000][8][gc,marking  ] GC(15) Concurrent Mark From Roots
[2022-04-28T08:35:38.709+0000][8][gc,task     ] GC(15) Using 1 workers of 1 for marking
[2022-04-28T08:35:38.747+0000][8][gc,marking  ] GC(15) Concurrent Mark From Roots 39.687ms
[2022-04-28T08:35:38.749+0000][8][gc,marking  ] GC(15) Concurrent Preclean
[2022-04-28T08:35:38.750+0000][8][gc,marking  ] GC(15) Concurrent Preclean 0.790ms
[2022-04-28T08:35:38.751+0000][8][gc,start    ] GC(15) Pause Remark
[2022-04-28T08:35:38.755+0000][8][gc          ] GC(15) Pause Remark 70M->70M(512M) 4.223ms
[2022-04-28T08:35:38.756+0000][8][gc,cpu      ] GC(15) User=0.01s Sys=0.00s Real=0.00s
[2022-04-28T08:35:38.757+0000][8][safepoint   ] Safepoint "G1Concurrent", Time since last: 61577125 ns, Reaching safepoint: 183375 ns, At safepoint: 6414292 ns, Total: 6597667 ns
[2022-04-28T08:35:38.759+0000][8][gc,marking  ] GC(15) Concurrent Mark 52.048ms
[2022-04-28T08:35:38.760+0000][8][gc,marking  ] GC(15) Concurrent Rebuild Remembered Sets
[2022-04-28T08:35:38.761+0000][8][gc,marking  ] GC(15) Concurrent Rebuild Remembered Sets 0.914ms
[2022-04-28T08:35:38.762+0000][8][gc,start    ] GC(15) Pause Cleanup
[2022-04-28T08:35:38.763+0000][8][gc          ] GC(15) Pause Cleanup 70M->70M(512M) 0.836ms
[2022-04-28T08:35:38.764+0000][8][gc,cpu      ] GC(15) User=0.00s Sys=0.00s Real=0.00s
[2022-04-28T08:35:38.764+0000][8][safepoint   ] Safepoint "G1Concurrent", Time since last: 4550708 ns, Reaching safepoint: 143833 ns, At safepoint: 2436959 ns, Total: 2580792 ns
[2022-04-28T08:35:38.765+0000][8][gc,marking  ] GC(15) Concurrent Cleanup for Next Mark
[2022-04-28T08:35:38.766+0000][8][gc,marking  ] GC(15) Concurrent Cleanup for Next Mark 0.881ms
[2022-04-28T08:35:38.767+0000][8][gc          ] GC(15) Concurrent Mark Cycle 78.195ms
[2022-04-28T08:35:39.171+0000][8][safepoint   ] Safepoint "ICBufferFull", Time since last: 406899166 ns, Reaching safepoint: 209459 ns, At safepoint: 17791 ns, Total: 227250 ns
[2022-04-28T08:35:39.290+0000][8][safepoint   ] Safepoint "ICBufferFull", Time since last: 118099667 ns, Reaching safepoint: 340500 ns, At safepoint: 24542 ns, Total: 365042 ns
[2022-04-28T08:35:39.666+0000][8][safepoint   ] Safepoint "ICBufferFull", Time since last: 375935333 ns, Reaching safepoint: 144625 ns, At safepoint: 4292 ns, Total: 148917 ns
[2022-04-28T08:35:40.028+0000][8][safepoint   ] Safepoint "ICBufferFull", Time since last: 360961209 ns, Reaching safepoint: 996083 ns, At safepoint: 13292 ns, Total: 1009375 ns
[2022-04-28T08:35:40.235+0000][8][safepoint   ] Safepoint "ICBufferFull", Time since last: 206690500 ns, Reaching safepoint: 97333 ns, At safepoint: 8958 ns, Total: 106291 ns
[2022-04-28T08:35:40.412+0000][8][safepoint   ] Safepoint "ICBufferFull", Time since last: 175962292 ns, Reaching safepoint: 997333 ns, At safepoint: 71000 ns, Total: 1068333 ns
[2022-04-28T08:35:40.774+0000][8][safepoint   ] Safepoint "ICBufferFull", Time since last: 361180626 ns, Reaching safepoint: 525833 ns, At safepoint: 4250 ns, Total: 530083 ns
[2022-04-28T08:35:41.103+0000][8][safepoint   ] Safepoint "ICBufferFull", Time since last: 329113458 ns, Reaching safepoint: 145584 ns, At safepoint: 108541 ns, Total: 254125 ns
[2022-04-28T08:35:41.311+0000][8][safepoint   ] Safepoint "ICBufferFull", Time since last: 206386917 ns, Reaching safepoint: 1101750 ns, At safepoint: 141417 ns, Total: 1243167 ns
[2022-04-28T08:35:41.369+0000][8][safepoint   ] Safepoint "ICBufferFull", Time since last: 57320208 ns, Reaching safepoint: 641875 ns, At safepoint: 30000 ns, Total: 671875 ns
[2022-04-28T08:35:41.686+0000][8][safepoint   ] Safepoint "ICBufferFull", Time since last: 317490709 ns, Reaching safepoint: 191666 ns, At safepoint: 12250 ns, Total: 203916 ns
[2022-04-28T08:35:41.914+0000][8][safepoint   ] Safepoint "ICBufferFull", Time since last: 227028917 ns, Reaching safepoint: 415958 ns, At safepoint: 22584 ns, Total: 438542 ns
[2022-04-28T08:35:42.190+0000][8][safepoint   ] Safepoint "G1CollectForAllocation", Time since last: 275600333 ns, Reaching safepoint: 230709 ns, At safepoint: 16833 ns, Total: 247542 ns
[2022-04-28T08:35:42.197+0000][8][gc,start    ] GC(16) Pause Young (Normal) (GCLocker Initiated GC)
[2022-04-28T08:35:42.200+0000][8][gc,task     ] GC(16) Using 5 workers of 5 for evacuation
[2022-04-28T08:35:42.201+0000][8][gc,age      ] GC(16) Desired survivor size 20971520 bytes, new threshold 15 (max threshold 15)
[2022-04-28T08:35:42.215+0000][8][gc,age      ] GC(16) Age table with threshold 15 (max threshold 15)
[2022-04-28T08:35:42.216+0000][8][gc,age      ] GC(16) - age   1:   11788248 bytes,   11788248 total
[2022-04-28T08:35:42.217+0000][8][gc,age      ] GC(16) - age   2:     583416 bytes,   12371664 total
[2022-04-28T08:35:42.218+0000][8][gc,age      ] GC(16) - age   3:   13223480 bytes,   25595144 total
[2022-04-28T08:35:42.219+0000][8][gc,age      ] GC(16) - age   4:    5693248 bytes,   31288392 total
[2022-04-28T08:35:42.220+0000][8][gc,phases   ] GC(16)   Pre Evacuate Collection Set: 0.1ms
[2022-04-28T08:35:42.221+0000][8][gc,phases   ] GC(16)   Merge Heap Roots: 0.1ms
[2022-04-28T08:35:42.222+0000][8][gc,phases   ] GC(16)   Evacuate Collection Set: 11.5ms
[2022-04-28T08:35:42.223+0000][8][gc,phases   ] GC(16)   Post Evacuate Collection Set: 1.4ms
[2022-04-28T08:35:42.223+0000][8][gc,phases   ] GC(16)   Other: 10.5ms
[2022-04-28T08:35:42.224+0000][8][gc,heap     ] GC(16) Eden regions: 70->0(68)
[2022-04-28T08:35:42.225+0000][8][gc,heap     ] GC(16) Survivor regions: 6->8(10)
[2022-04-28T08:35:42.225+0000][8][gc,heap     ] GC(16) Old regions: 11->11
[2022-04-28T08:35:42.226+0000][8][gc,heap     ] GC(16) Archive regions: 2->2
[2022-04-28T08:35:42.226+0000][8][gc,heap     ] GC(16) Humongous regions: 6->6
[2022-04-28T08:35:42.227+0000][8][gc,metaspace] GC(16) Metaspace: 101188K(102656K)->101188K(102656K) NonClass: 86975K(87808K)->86975K(87808K) Class: 14213K(14848K)->14213K(14848K)
[2022-04-28T08:35:42.228+0000][8][gc          ] GC(16) Pause Young (Normal) (GCLocker Initiated GC) 371M->103M(512M) 30.805ms
[2022-04-28T08:35:42.228+0000][8][gc,cpu      ] GC(16) User=0.04s Sys=0.00s Real=0.04s
[2022-04-28T08:35:42.229+0000][8][safepoint   ] Safepoint "G1CollectForAllocation", Time since last: 7194750 ns, Reaching safepoint: 79958 ns, At safepoint: 32413375 ns, Total: 32493333 ns
[2022-04-28T08:35:43.144+0000][8][safepoint   ] Safepoint "ICBufferFull", Time since last: 914687334 ns, Reaching safepoint: 380417 ns, At safepoint: 22500 ns, Total: 402917 ns
[2022-04-28T08:35:43.282+0000][8][safepoint   ] Safepoint "ICBufferFull", Time since last: 137205333 ns, Reaching safepoint: 270500 ns, At safepoint: 85667 ns, Total: 356167 ns
[2022-04-28T08:35:44.158+0000][8][safepoint   ] Safepoint "ICBufferFull", Time since last: 876339917 ns, Reaching safepoint: 198291 ns, At safepoint: 11167 ns, Total: 209458 ns
[2022-04-28T08:35:44.639+0000][8][safepoint   ] Safepoint "ICBufferFull", Time since last: 480593375 ns, Reaching safepoint: 247625 ns, At safepoint: 4417 ns, Total: 252042 ns
[2022-04-28T08:35:45.036+0000][8][safepoint   ] Safepoint "ICBufferFull", Time since last: 396411167 ns, Reaching safepoint: 168167 ns, At safepoint: 2791 ns, Total: 170958 ns
[2022-04-28T08:35:45.111+0000][8][safepoint   ] Safepoint "ICBufferFull", Time since last: 74745125 ns, Reaching safepoint: 179709 ns, At safepoint: 4125 ns, Total: 183834 ns
[2022-04-28T08:35:45.421+0000][8][safepoint   ] Safepoint "ICBufferFull", Time since last: 309724208 ns, Reaching safepoint: 280792 ns, At safepoint: 3041 ns, Total: 283833 ns
[2022-04-28T08:35:46.424+0000][8][safepoint   ] Safepoint "Cleanup", Time since last: 1003126084 ns, Reaching safepoint: 452375 ns, At safepoint: 16084 ns, Total: 468459 ns
[2022-04-28T08:35:47.433+0000][8][safepoint   ] Safepoint "Cleanup", Time since last: 1006908958 ns, Reaching safepoint: 1550959 ns, At safepoint: 21708 ns, Total: 1572667 ns
[2022-04-28T08:35:47.959+0000][8][safepoint   ] Safepoint "ICBufferFull", Time since last: 526132625 ns, Reaching safepoint: 229917 ns, At safepoint: 15542 ns, Total: 245459 ns
[2022-04-28T08:35:48.960+0000][8][safepoint   ] Safepoint "Cleanup", Time since last: 1000650542 ns, Reaching safepoint: 239583 ns, At safepoint: 5875 ns, Total: 245458 ns
[2022-04-28T08:35:50.963+0000][8][safepoint   ] Safepoint "Cleanup", Time since last: 2002975834 ns, Reaching safepoint: 289542 ns, At safepoint: 8125 ns, Total: 297667 ns
[2022-04-28T08:35:51.975+0000][8][safepoint   ] Safepoint "Cleanup", Time since last: 1011108959 ns, Reaching safepoint: 473208 ns, At safepoint: 11042 ns, Total: 484250 ns
[2022-04-28T08:35:52.987+0000][8][safepoint   ] Safepoint "Cleanup", Time since last: 1012245709 ns, Reaching safepoint: 132583 ns, At safepoint: 9583 ns, Total: 142166 ns
[2022-04-28T08:35:53.991+0000][8][safepoint   ] Safepoint "Cleanup", Time since last: 1003477168 ns, Reaching safepoint: 483416 ns, At safepoint: 7875 ns, Total: 491291 ns
[2022-04-28T08:35:56.004+0000][8][safepoint   ] Safepoint "Cleanup", Time since last: 2011831751 ns, Reaching safepoint: 969750 ns, At safepoint: 12292 ns, Total: 982042 ns
[2022-04-28T08:35:57.010+0000][8][safepoint   ] Safepoint "Cleanup", Time since last: 1005391459 ns, Reaching safepoint: 826541 ns, At safepoint: 14792 ns, Total: 841333 ns
[2022-04-28T08:35:58.468+0000][8][safepoint   ] Safepoint "ICBufferFull", Time since last: 1457027126 ns, Reaching safepoint: 145125 ns, At safepoint: 4333 ns, Total: 149458 ns
[2022-04-28T08:35:58.608+0000][8][safepoint   ] Safepoint "ICBufferFull", Time since last: 140261333 ns, Reaching safepoint: 196167 ns, At safepoint: 81792 ns, Total: 277959 ns
[2022-04-28T08:35:59.610+0000][8][safepoint   ] Safepoint "Cleanup", Time since last: 1001747334 ns, Reaching safepoint: 533500 ns, At safepoint: 57333 ns, Total: 590833 ns
[2022-04-28T08:36:00.615+0000][8][safepoint   ] Safepoint "Cleanup", Time since last: 1003477875 ns, Reaching safepoint: 1004792 ns, At safepoint: 9792 ns, Total: 1014584 ns
[2022-04-28T08:36:01.573+0000][8][gc,start    ] GC(17) Pause Young (Normal) (G1 Evacuation Pause)
[2022-04-28T08:36:01.575+0000][8][gc,task     ] GC(17) Using 5 workers of 5 for evacuation
[2022-04-28T08:36:01.576+0000][8][gc,age      ] GC(17) Desired survivor size 20971520 bytes, new threshold 3 (max threshold 15)
[2022-04-28T08:36:01.591+0000][8][gc,age      ] GC(17) Age table with threshold 3 (max threshold 15)
[2022-04-28T08:36:01.592+0000][8][gc,age      ] GC(17) - age   1:    5204184 bytes,    5204184 total
[2022-04-28T08:36:01.593+0000][8][gc,age      ] GC(17) - age   2:    8687880 bytes,   13892064 total
[2022-04-28T08:36:01.595+0000][8][gc,age      ] GC(17) - age   3:     582864 bytes,   14474928 total
[2022-04-28T08:36:01.596+0000][8][gc,phases   ] GC(17)   Pre Evacuate Collection Set: 0.5ms
[2022-04-28T08:36:01.597+0000][8][gc,phases   ] GC(17)   Merge Heap Roots: 0.3ms
[2022-04-28T08:36:01.598+0000][8][gc,phases   ] GC(17)   Evacuate Collection Set: 11.6ms
[2022-04-28T08:36:01.599+0000][8][gc,phases   ] GC(17)   Post Evacuate Collection Set: 1.5ms
[2022-04-28T08:36:01.600+0000][8][gc,phases   ] GC(17)   Other: 8.9ms
[2022-04-28T08:36:01.601+0000][8][gc,heap     ] GC(17) Eden regions: 68->0(71)
[2022-04-28T08:36:01.602+0000][8][gc,heap     ] GC(17) Survivor regions: 8->5(10)
[2022-04-28T08:36:01.603+0000][8][gc,heap     ] GC(17) Old regions: 11->16
[2022-04-28T08:36:01.604+0000][8][gc,heap     ] GC(17) Archive regions: 2->2
[2022-04-28T08:36:01.606+0000][8][gc,heap     ] GC(17) Humongous regions: 6->6
[2022-04-28T08:36:01.626+0000][8][gc,metaspace] GC(17) Metaspace: 105573K(107392K)->105573K(107392K) NonClass: 90769K(91840K)->90769K(91840K) Class: 14803K(15552K)->14803K(15552K)
[2022-04-28T08:36:01.628+0000][8][gc          ] GC(17) Pause Young (Normal) (G1 Evacuation Pause) 375M->106M(512M) 54.311ms
[2022-04-28T08:36:01.629+0000][8][gc,cpu      ] GC(17) User=0.06s Sys=0.01s Real=0.06s
[2022-04-28T08:36:01.630+0000][8][safepoint   ] Safepoint "G1CollectForAllocation", Time since last: 958309625 ns, Reaching safepoint: 148625 ns, At safepoint: 56466750 ns, Total: 56615375 ns
[2022-04-28T08:36:01.805+0000][8][safepoint   ] Safepoint "ICBufferFull", Time since last: 175041459 ns, Reaching safepoint: 245625 ns, At safepoint: 3750 ns, Total: 249375 ns
[2022-04-28T08:36:02.290+0000][8][safepoint   ] Safepoint "ICBufferFull", Time since last: 484592083 ns, Reaching safepoint: 425333 ns, At safepoint: 19584 ns, Total: 444917 ns
[2022-04-28T08:36:03.292+0000][8][safepoint   ] Safepoint "Cleanup", Time since last: 1001603209 ns, Reaching safepoint: 264250 ns, At safepoint: 21625 ns, Total: 285875 ns
[2022-04-28T08:36:05.301+0000][8][safepoint   ] Safepoint "Cleanup", Time since last: 2006731583 ns, Reaching safepoint: 146042 ns, At safepoint: 8208 ns, Total: 154250 ns
[2022-04-28T08:36:06.305+0000][8][safepoint   ] Safepoint "Cleanup", Time since last: 1003501542 ns, Reaching safepoint: 382250 ns, At safepoint: 14250 ns, Total: 396500 ns
[2022-04-28T08:36:08.329+0000][8][safepoint   ] Safepoint "Cleanup", Time since last: 2023080168 ns, Reaching safepoint: 428875 ns, At safepoint: 10083 ns, Total: 438958 ns
[2022-04-28T08:36:09.334+0000][8][safepoint   ] Safepoint "Cleanup", Time since last: 1004647959 ns, Reaching safepoint: 336709 ns, At safepoint: 12166 ns, Total: 348875 ns
[2022-04-28T08:36:10.336+0000][8][safepoint   ] Safepoint "Cleanup", Time since last: 1001822792 ns, Reaching safepoint: 305167 ns, At safepoint: 10292 ns, Total: 315459 ns
[2022-04-28T08:36:11.338+0000][8][safepoint   ] Safepoint "Cleanup", Time since last: 1002017708 ns, Reaching safepoint: 123459 ns, At safepoint: 5625 ns, Total: 129084 ns
[2022-04-28T08:36:12.346+0000][8][safepoint   ] Safepoint "Cleanup", Time since last: 1007267209 ns, Reaching safepoint: 485541 ns, At safepoint: 11584 ns, Total: 497125 ns
[2022-04-28T08:36:13.355+0000][8][safepoint   ] Safepoint "Cleanup", Time since last: 1009146917 ns, Reaching safepoint: 247250 ns, At safepoint: 4750 ns, Total: 252000 ns
[2022-04-28T08:36:15.362+0000][8][safepoint   ] Safepoint "Cleanup", Time since last: 2006878084 ns, Reaching safepoint: 219250 ns, At safepoint: 13833 ns, Total: 233083 ns
[2022-04-28T08:36:16.364+0000][8][safepoint   ] Safepoint "Cleanup", Time since last: 1001079626 ns, Reaching safepoint: 223625 ns, At safepoint: 6500 ns, Total: 230125 ns
[2022-04-28T08:36:18.365+0000][8][safepoint   ] Safepoint "Cleanup", Time since last: 2001131376 ns, Reaching safepoint: 427500 ns, At safepoint: 43833 ns, Total: 471333 ns
[2022-04-28T08:36:18.539+0000][8][safepoint   ] Safepoint "ICBufferFull", Time since last: 173718209 ns, Reaching safepoint: 281000 ns, At safepoint: 7708 ns, Total: 288708 ns
[2022-04-28T08:36:18.788+0000][8][safepoint   ] Safepoint "ICBufferFull", Time since last: 248517917 ns, Reaching safepoint: 233583 ns, At safepoint: 19708 ns, Total: 253291 ns
[2022-04-28T08:36:18.993+0000][8][safepoint   ] Safepoint "ICBufferFull", Time since last: 205196125 ns, Reaching safepoint: 269125 ns, At safepoint: 86875 ns, Total: 356000 ns
[2022-04-28T08:36:19.467+0000][8][safepoint   ] Safepoint "ICBufferFull", Time since last: 473427042 ns, Reaching safepoint: 194250 ns, At safepoint: 12584 ns, Total: 206834 ns
[2022-04-28T08:36:19.784+0000][8][safepoint   ] Safepoint "ICBufferFull", Time since last: 316254750 ns, Reaching safepoint: 493125 ns, At safepoint: 4750 ns, Total: 497875 ns
[2022-04-28T08:36:20.214+0000][8][safepoint   ] Safepoint "ICBufferFull", Time since last: 430197333 ns, Reaching safepoint: 235334 ns, At safepoint: 18291 ns, Total: 253625 ns
[2022-04-28T08:36:20.556+0000][8][safepoint   ] Safepoint "ICBufferFull", Time since last: 341180542 ns, Reaching safepoint: 235125 ns, At safepoint: 3959 ns, Total: 239084 ns
[2022-04-28T08:36:20.706+0000][8][safepoint   ] Safepoint "ICBufferFull", Time since last: 149993250 ns, Reaching safepoint: 247041 ns, At safepoint: 10292 ns, Total: 257333 ns
[2022-04-28T08:36:21.281+0000][8][safepoint   ] Safepoint "ICBufferFull", Time since last: 574206584 ns, Reaching safepoint: 445041 ns, At safepoint: 11542 ns, Total: 456583 ns
[2022-04-28T08:36:21.769+0000][8][safepoint   ] Safepoint "ICBufferFull", Time since last: 488303958 ns, Reaching safepoint: 178459 ns, At safepoint: 3500 ns, Total: 181959 ns
[2022-04-28T08:36:22.196+0000][8][safepoint   ] Safepoint "ICBufferFull", Time since last: 426914125 ns, Reaching safepoint: 192083 ns, At safepoint: 4500 ns, Total: 196583 ns
[2022-04-28T08:36:22.437+0000][8][gc,start    ] GC(18) Pause Young (Normal) (G1 Evacuation Pause)
[2022-04-28T08:36:22.438+0000][8][gc,task     ] GC(18) Using 5 workers of 5 for evacuation
[2022-04-28T08:36:22.438+0000][8][gc,age      ] GC(18) Desired survivor size 20971520 bytes, new threshold 15 (max threshold 15)
[2022-04-28T08:36:22.447+0000][8][gc,age      ] GC(18) Age table with threshold 15 (max threshold 15)
[2022-04-28T08:36:22.448+0000][8][gc,age      ] GC(18) - age   1:    2646768 bytes,    2646768 total
[2022-04-28T08:36:22.449+0000][8][gc,age      ] GC(18) - age   2:    3264440 bytes,    5911208 total
[2022-04-28T08:36:22.450+0000][8][gc,age      ] GC(18) - age   3:    8341472 bytes,   14252680 total
[2022-04-28T08:36:22.451+0000][8][gc,age      ] GC(18) - age   4:     582576 bytes,   14835256 total
[2022-04-28T08:36:22.452+0000][8][gc,phases   ] GC(18)   Pre Evacuate Collection Set: 0.1ms
[2022-04-28T08:36:22.453+0000][8][gc,phases   ] GC(18)   Merge Heap Roots: 0.1ms
[2022-04-28T08:36:22.454+0000][8][gc,phases   ] GC(18)   Evacuate Collection Set: 6.1ms
[2022-04-28T08:36:22.455+0000][8][gc,phases   ] GC(18)   Post Evacuate Collection Set: 1.3ms
[2022-04-28T08:36:22.456+0000][8][gc,phases   ] GC(18)   Other: 7.6ms
[2022-04-28T08:36:22.457+0000][8][gc,heap     ] GC(18) Eden regions: 71->0(72)
[2022-04-28T08:36:22.458+0000][8][gc,heap     ] GC(18) Survivor regions: 5->4(10)
[2022-04-28T08:36:22.458+0000][8][gc,heap     ] GC(18) Old regions: 16->16
[2022-04-28T08:36:22.459+0000][8][gc,heap     ] GC(18) Archive regions: 2->2
[2022-04-28T08:36:22.461+0000][8][gc,heap     ] GC(18) Humongous regions: 6->6
[2022-04-28T08:36:22.462+0000][8][gc,metaspace] GC(18) Metaspace: 108127K(109888K)->108127K(109888K) NonClass: 93255K(94272K)->93255K(94272K) Class: 14871K(15616K)->14871K(15616K)
[2022-04-28T08:36:22.463+0000][8][gc          ] GC(18) Pause Young (Normal) (G1 Evacuation Pause) 390M->105M(512M) 25.965ms
[2022-04-28T08:36:22.464+0000][8][gc,cpu      ] GC(18) User=0.02s Sys=0.00s Real=0.03s
[2022-04-28T08:36:22.465+0000][8][safepoint   ] Safepoint "G1CollectForAllocation", Time since last: 240392875 ns, Reaching safepoint: 183792 ns, At safepoint: 27866792 ns, Total: 28050584 ns
[2022-04-28T08:36:23.067+0000][8][safepoint   ] Safepoint "ICBufferFull", Time since last: 601539417 ns, Reaching safepoint: 407291 ns, At safepoint: 4334 ns, Total: 411625 ns
[2022-04-28T08:36:23.712+0000][8][safepoint   ] Safepoint "ICBufferFull", Time since last: 645425958 ns, Reaching safepoint: 230709 ns, At safepoint: 4583 ns, Total: 235292 ns
[2022-04-28T08:36:24.689+0000][8][safepoint   ] Safepoint "ICBufferFull", Time since last: 975948709 ns, Reaching safepoint: 595125 ns, At safepoint: 142417 ns, Total: 737542 ns
[2022-04-28T08:36:25.690+0000][8][safepoint   ] Safepoint "Cleanup", Time since last: 1001096792 ns, Reaching safepoint: 220208 ns, At safepoint: 14375 ns, Total: 234583 ns
[2022-04-28T08:36:26.382+0000][8][safepoint   ] Safepoint "ICBufferFull", Time since last: 691845209 ns, Reaching safepoint: 165333 ns, At safepoint: 58000 ns, Total: 223333 ns
[2022-04-28T08:36:26.990+0000][8][safepoint   ] Safepoint "ICBufferFull", Time since last: 607445000 ns, Reaching safepoint: 308042 ns, At safepoint: 7667 ns, Total: 315709 ns
[2022-04-28T08:36:27.991+0000][8][safepoint   ] Safepoint "Cleanup", Time since last: 1001057583 ns, Reaching safepoint: 227042 ns, At safepoint: 15375 ns, Total: 242417 ns
[2022-04-28T08:36:28.940+0000][8][safepoint   ] Safepoint "ICBufferFull", Time since last: 948149959 ns, Reaching safepoint: 126500 ns, At safepoint: 2583 ns, Total: 129083 ns
[2022-04-28T08:36:29.607+0000][8][safepoint   ] Safepoint "ICBufferFull", Time since last: 667200584 ns, Reaching safepoint: 216375 ns, At safepoint: 37625 ns, Total: 254000 ns
[2022-04-28T08:36:30.609+0000][8][safepoint   ] Safepoint "Cleanup", Time since last: 1001270750 ns, Reaching safepoint: 146500 ns, At safepoint: 12292 ns, Total: 158792 ns
[2022-04-28T08:36:31.613+0000][8][safepoint   ] Safepoint "Cleanup", Time since last: 1004394750 ns, Reaching safepoint: 121334 ns, At safepoint: 36458 ns, Total: 157792 ns
[2022-04-28T08:36:32.099+0000][8][safepoint   ] Safepoint "ICBufferFull", Time since last: 485203000 ns, Reaching safepoint: 204959 ns, At safepoint: 18750 ns, Total: 223709 ns
[2022-04-28T08:36:32.144+0000][8][gc,start    ] GC(19) Pause Young (Normal) (G1 Evacuation Pause)
[2022-04-28T08:36:32.145+0000][8][gc,task     ] GC(19) Using 5 workers of 5 for evacuation
[2022-04-28T08:36:32.146+0000][8][gc,age      ] GC(19) Desired survivor size 20971520 bytes, new threshold 15 (max threshold 15)
[2022-04-28T08:36:32.155+0000][8][gc,age      ] GC(19) Age table with threshold 15 (max threshold 15)
[2022-04-28T08:36:32.157+0000][8][gc,age      ] GC(19) - age   1:    1793496 bytes,    1793496 total
[2022-04-28T08:36:32.158+0000][8][gc,age      ] GC(19) - age   2:    1796744 bytes,    3590240 total
[2022-04-28T08:36:32.159+0000][8][gc,age      ] GC(19) - age   3:    3263912 bytes,    6854152 total
[2022-04-28T08:36:32.159+0000][8][gc,age      ] GC(19) - age   4:    8341440 bytes,   15195592 total
[2022-04-28T08:36:32.160+0000][8][gc,age      ] GC(19) - age   5:     582576 bytes,   15778168 total
[2022-04-28T08:36:32.160+0000][8][gc,phases   ] GC(19)   Pre Evacuate Collection Set: 0.1ms
[2022-04-28T08:36:32.161+0000][8][gc,phases   ] GC(19)   Merge Heap Roots: 0.1ms
[2022-04-28T08:36:32.162+0000][8][gc,phases   ] GC(19)   Evacuate Collection Set: 6.3ms
[2022-04-28T08:36:32.162+0000][8][gc,phases   ] GC(19)   Post Evacuate Collection Set: 1.0ms
[2022-04-28T08:36:32.163+0000][8][gc,phases   ] GC(19)   Other: 9.0ms
[2022-04-28T08:36:32.163+0000][8][gc,heap     ] GC(19) Eden regions: 72->0(72)
[2022-04-28T08:36:32.164+0000][8][gc,heap     ] GC(19) Survivor regions: 4->4(10)
[2022-04-28T08:36:32.165+0000][8][gc,heap     ] GC(19) Old regions: 16->16
[2022-04-28T08:36:32.165+0000][8][gc,heap     ] GC(19) Archive regions: 2->2
[2022-04-28T08:36:32.166+0000][8][gc,heap     ] GC(19) Humongous regions: 6->6
[2022-04-28T08:36:32.166+0000][8][gc,metaspace] GC(19) Metaspace: 108844K(110592K)->108844K(110592K) NonClass: 93966K(94976K)->93966K(94976K) Class: 14877K(15616K)->14877K(15616K)
[2022-04-28T08:36:32.167+0000][8][gc          ] GC(19) Pause Young (Normal) (G1 Evacuation Pause) 393M->105M(512M) 23.122ms
[2022-04-28T08:36:32.168+0000][8][gc,cpu      ] GC(19) User=0.02s Sys=0.00s Real=0.02s
[2022-04-28T08:36:32.169+0000][8][safepoint   ] Safepoint "G1CollectForAllocation", Time since last: 45165333 ns, Reaching safepoint: 201542 ns, At safepoint: 24654958 ns, Total: 24856500 ns
[2022-04-28T08:36:33.170+0000][8][safepoint   ] Safepoint "Cleanup", Time since last: 1001287001 ns, Reaching safepoint: 187791 ns, At safepoint: 74042 ns, Total: 261833 ns
[2022-04-28T08:36:34.169+0000][8][safepoint   ] Safepoint "Cleanup", Time since last: 1000969416 ns, Reaching safepoint: 255334 ns, At safepoint: 22250 ns, Total: 277584 ns
[2022-04-28T08:36:35.170+0000][8][safepoint   ] Safepoint "Cleanup", Time since last: 1001280709 ns, Reaching safepoint: 127750 ns, At safepoint: 10958 ns, Total: 138708 ns
[2022-04-28T08:36:36.172+0000][8][safepoint   ] Safepoint "Cleanup", Time since last: 1001211625 ns, Reaching safepoint: 169584 ns, At safepoint: 4833 ns, Total: 174417 ns
[2022-04-28T08:36:37.173+0000][8][safepoint   ] Safepoint "Cleanup", Time since last: 1001349250 ns, Reaching safepoint: 163584 ns, At safepoint: 9375 ns, Total: 172959 ns
[2022-04-28T08:36:38.176+0000][8][safepoint   ] Safepoint "Cleanup", Time since last: 1002195709 ns, Reaching safepoint: 267916 ns, At safepoint: 5709 ns, Total: 273625 ns
[2022-04-28T08:36:39.177+0000][8][safepoint   ] Safepoint "Cleanup", Time since last: 1000857875 ns, Reaching safepoint: 122375 ns, At safepoint: 34625 ns, Total: 157000 ns
[2022-04-28T08:36:40.441+0000][8][safepoint   ] Safepoint "Cleanup", Time since last: 1264201667 ns, Reaching safepoint: 294875 ns, At safepoint: 11125 ns, Total: 306000 ns
[2022-04-28T08:36:41.442+0000][8][safepoint   ] Safepoint "Cleanup", Time since last: 1001056418 ns, Reaching safepoint: 94041 ns, At safepoint: 4292 ns, Total: 98333 ns
[2022-04-28T08:36:42.443+0000][8][safepoint   ] Safepoint "Cleanup", Time since last: 1001090417 ns, Reaching safepoint: 106083 ns, At safepoint: 4500 ns, Total: 110583 ns
[2022-04-28T08:36:43.420+0000][8][gc,start    ] GC(20) Pause Young (Normal) (G1 Evacuation Pause)
[2022-04-28T08:36:43.421+0000][8][gc,task     ] GC(20) Using 5 workers of 5 for evacuation
[2022-04-28T08:36:43.421+0000][8][gc,age      ] GC(20) Desired survivor size 20971520 bytes, new threshold 15 (max threshold 15)
[2022-04-28T08:36:43.432+0000][8][gc,age      ] GC(20) Age table with threshold 15 (max threshold 15)
[2022-04-28T08:36:43.434+0000][8][gc,age      ] GC(20) - age   1:    3797960 bytes,    3797960 total
[2022-04-28T08:36:43.435+0000][8][gc,age      ] GC(20) - age   2:    1610816 bytes,    5408776 total
[2022-04-28T08:36:43.437+0000][8][gc,age      ] GC(20) - age   3:    1770640 bytes,    7179416 total
[2022-04-28T08:36:43.437+0000][8][gc,age      ] GC(20) - age   4:    3263896 bytes,   10443312 total
[2022-04-28T08:36:43.438+0000][8][gc,age      ] GC(20) - age   5:    8341344 bytes,   18784656 total
[2022-04-28T08:36:43.438+0000][8][gc,age      ] GC(20) - age   6:     582576 bytes,   19367232 total
[2022-04-28T08:36:43.439+0000][8][gc,phases   ] GC(20)   Pre Evacuate Collection Set: 0.2ms
[2022-04-28T08:36:43.440+0000][8][gc,phases   ] GC(20)   Merge Heap Roots: 0.1ms
[2022-04-28T08:36:43.440+0000][8][gc,phases   ] GC(20)   Evacuate Collection Set: 8.4ms
[2022-04-28T08:36:43.441+0000][8][gc,phases   ] GC(20)   Post Evacuate Collection Set: 1.0ms
[2022-04-28T08:36:43.442+0000][8][gc,phases   ] GC(20)   Other: 9.6ms
[2022-04-28T08:36:43.442+0000][8][gc,heap     ] GC(20) Eden regions: 72->0(71)
[2022-04-28T08:36:43.443+0000][8][gc,heap     ] GC(20) Survivor regions: 4->5(10)
[2022-04-28T08:36:43.444+0000][8][gc,heap     ] GC(20) Old regions: 16->16
[2022-04-28T08:36:43.444+0000][8][gc,heap     ] GC(20) Archive regions: 2->2
[2022-04-28T08:36:43.445+0000][8][gc,heap     ] GC(20) Humongous regions: 6->6
[2022-04-28T08:36:43.446+0000][8][gc,metaspace] GC(20) Metaspace: 108975K(110784K)->108975K(110784K) NonClass: 94096K(95168K)->94096K(95168K) Class: 14878K(15616K)->14878K(15616K)
[2022-04-28T08:36:43.446+0000][8][gc          ] GC(20) Pause Young (Normal) (G1 Evacuation Pause) 393M->109M(512M) 26.815ms
[2022-04-28T08:36:43.447+0000][8][gc,cpu      ] GC(20) User=0.03s Sys=0.00s Real=0.03s
[2022-04-28T08:36:43.448+0000][8][safepoint   ] Safepoint "G1CollectForAllocation", Time since last: 976039751 ns, Reaching safepoint: 85166 ns, At safepoint: 28212542 ns, Total: 28297708 ns
[2022-04-28T08:36:44.449+0000][8][safepoint   ] Safepoint "Cleanup", Time since last: 1000758751 ns, Reaching safepoint: 282791 ns, At safepoint: 12625 ns, Total: 295416 ns
[2022-04-28T08:36:45.450+0000][8][safepoint   ] Safepoint "Cleanup", Time since last: 1001262709 ns, Reaching safepoint: 178458 ns, At safepoint: 7334 ns, Total: 185792 ns
[2022-04-28T08:36:46.452+0000][8][safepoint   ] Safepoint "Cleanup", Time since last: 1001811917 ns, Reaching safepoint: 382625 ns, At safepoint: 15792 ns, Total: 398417 ns
[2022-04-28T08:36:47.454+0000][8][safepoint   ] Safepoint "Cleanup", Time since last: 1001665750 ns, Reaching safepoint: 258292 ns, At safepoint: 9708 ns, Total: 268000 ns
[2022-04-28T08:36:47.935+0000][8][safepoint   ] Safepoint "ICBufferFull", Time since last: 480461000 ns, Reaching safepoint: 344834 ns, At safepoint: 12083 ns, Total: 356917 ns
[2022-04-28T08:36:47.981+0000][8][safepoint   ] Safepoint "ICBufferFull", Time since last: 44822542 ns, Reaching safepoint: 413541 ns, At safepoint: 82375 ns, Total: 495916 ns
[2022-04-28T08:36:48.982+0000][8][safepoint   ] Safepoint "Cleanup", Time since last: 1001674292 ns, Reaching safepoint: 179209 ns, At safepoint: 76416 ns, Total: 255625 ns
[2022-04-28T08:36:49.984+0000][8][safepoint   ] Safepoint "Cleanup", Time since last: 1000904918 ns, Reaching safepoint: 111833 ns, At safepoint: 11000 ns, Total: 122833 ns
[2022-04-28T08:36:50.985+0000][8][safepoint   ] Safepoint "Cleanup", Time since last: 1001599459 ns, Reaching safepoint: 129083 ns, At safepoint: 21292 ns, Total: 150375 ns
[2022-04-28T08:36:52.263+0000][8][safepoint   ] Safepoint "Cleanup", Time since last: 1277502334 ns, Reaching safepoint: 212458 ns, At safepoint: 11750 ns, Total: 224208 ns
[2022-04-28T08:36:53.264+0000][8][safepoint   ] Safepoint "Cleanup", Time since last: 1001209209 ns, Reaching safepoint: 186000 ns, At safepoint: 10541 ns, Total: 196541 ns
[2022-04-28T08:36:53.340+0000][8][gc,start    ] GC(21) Pause Young (Normal) (G1 Evacuation Pause)
[2022-04-28T08:36:53.341+0000][8][gc,task     ] GC(21) Using 5 workers of 5 for evacuation
[2022-04-28T08:36:53.342+0000][8][gc,age      ] GC(21) Desired survivor size 20971520 bytes, new threshold 15 (max threshold 15)
[2022-04-28T08:36:53.350+0000][8][gc,age      ] GC(21) Age table with threshold 15 (max threshold 15)
[2022-04-28T08:36:53.351+0000][8][gc,age      ] GC(21) - age   1:    4323552 bytes,    4323552 total
[2022-04-28T08:36:53.352+0000][8][gc,age      ] GC(21) - age   2:    2552312 bytes,    6875864 total
[2022-04-28T08:36:53.353+0000][8][gc,age      ] GC(21) - age   3:    1592840 bytes,    8468704 total
[2022-04-28T08:36:53.353+0000][8][gc,age      ] GC(21) - age   4:    1768776 bytes,   10237480 total
[2022-04-28T08:36:53.354+0000][8][gc,age      ] GC(21) - age   5:    2650576 bytes,   12888056 total
[2022-04-28T08:36:53.355+0000][8][gc,age      ] GC(21) - age   6:    8341328 bytes,   21229384 total
[2022-04-28T08:36:53.355+0000][8][gc,age      ] GC(21) - age   7:     582576 bytes,   21811960 total
[2022-04-28T08:36:53.356+0000][8][gc,phases   ] GC(21)   Pre Evacuate Collection Set: 0.2ms
[2022-04-28T08:36:53.357+0000][8][gc,phases   ] GC(21)   Merge Heap Roots: 0.2ms
[2022-04-28T08:36:53.358+0000][8][gc,phases   ] GC(21)   Evacuate Collection Set: 6.1ms
[2022-04-28T08:36:53.359+0000][8][gc,phases   ] GC(21)   Post Evacuate Collection Set: 1.0ms
[2022-04-28T08:36:53.360+0000][8][gc,phases   ] GC(21)   Other: 8.7ms
[2022-04-28T08:36:53.360+0000][8][gc,heap     ] GC(21) Eden regions: 71->0(70)
[2022-04-28T08:36:53.361+0000][8][gc,heap     ] GC(21) Survivor regions: 5->6(10)
[2022-04-28T08:36:53.361+0000][8][gc,heap     ] GC(21) Old regions: 16->16
[2022-04-28T08:36:53.362+0000][8][gc,heap     ] GC(21) Archive regions: 2->2
[2022-04-28T08:36:53.362+0000][8][gc,heap     ] GC(21) Humongous regions: 6->6
[2022-04-28T08:36:53.363+0000][8][gc,metaspace] GC(21) Metaspace: 109156K(110912K)->109156K(110912K) NonClass: 94277K(95296K)->94277K(95296K) Class: 14879K(15616K)->14879K(15616K)
[2022-04-28T08:36:53.364+0000][8][gc          ] GC(21) Pause Young (Normal) (G1 Evacuation Pause) 393M->112M(512M) 24.159ms
[2022-04-28T08:36:53.365+0000][8][gc,cpu      ] GC(21) User=0.03s Sys=0.00s Real=0.02s
[2022-04-28T08:36:53.365+0000][8][safepoint   ] Safepoint "G1CollectForAllocation", Time since last: 75281959 ns, Reaching safepoint: 98625 ns, At safepoint: 25435083 ns, Total: 25533708 ns
[2022-04-28T08:36:54.366+0000][8][safepoint   ] Safepoint "Cleanup", Time since last: 1001027459 ns, Reaching safepoint: 191625 ns, At safepoint: 20667 ns, Total: 212292 ns
[2022-04-28T08:36:55.368+0000][8][safepoint   ] Safepoint "Cleanup", Time since last: 1001326500 ns, Reaching safepoint: 60583 ns, At safepoint: 2792 ns, Total: 63375 ns
[2022-04-28T08:36:56.370+0000][8][safepoint   ] Safepoint "Cleanup", Time since last: 1001751209 ns, Reaching safepoint: 186333 ns, At safepoint: 5000 ns, Total: 191333 ns
[2022-04-28T08:36:57.371+0000][8][safepoint   ] Safepoint "Cleanup", Time since last: 1001125792 ns, Reaching safepoint: 98875 ns, At safepoint: 10209 ns, Total: 109084 ns
[2022-04-28T08:36:58.372+0000][8][safepoint   ] Safepoint "Cleanup", Time since last: 1000790042 ns, Reaching safepoint: 163167 ns, At safepoint: 4416 ns, Total: 167583 ns
[2022-04-28T08:36:59.374+0000][8][safepoint   ] Safepoint "Cleanup", Time since last: 1001405126 ns, Reaching safepoint: 131750 ns, At safepoint: 6583 ns, Total: 138333 ns
[2022-04-28T08:37:00.375+0000][8][safepoint   ] Safepoint "Cleanup", Time since last: 1000933251 ns, Reaching safepoint: 100458 ns, At safepoint: 5083 ns, Total: 105541 ns
[2022-04-28T08:37:01.376+0000][8][safepoint   ] Safepoint "Cleanup", Time since last: 1001584209 ns, Reaching safepoint: 188875 ns, At safepoint: 11958 ns, Total: 200833 ns
[2022-04-28T08:37:02.378+0000][8][safepoint   ] Safepoint "Cleanup", Time since last: 1001220876 ns, Reaching safepoint: 304917 ns, At safepoint: 29000 ns, Total: 333917 ns
[2022-04-28T08:37:03.382+0000][8][safepoint   ] Safepoint "Cleanup", Time since last: 1004195792 ns, Reaching safepoint: 124541 ns, At safepoint: 10834 ns, Total: 135375 ns
[2022-04-28T08:37:04.212+0000][8][gc,start    ] GC(22) Pause Young (Normal) (G1 Evacuation Pause)
[2022-04-28T08:37:04.213+0000][8][gc,task     ] GC(22) Using 5 workers of 5 for evacuation
[2022-04-28T08:37:04.214+0000][8][gc,age      ] GC(22) Desired survivor size 20971520 bytes, new threshold 6 (max threshold 15)
[2022-04-28T08:37:04.225+0000][8][gc,age      ] GC(22) Age table with threshold 6 (max threshold 15)
[2022-04-28T08:37:04.226+0000][8][gc,age      ] GC(22) - age   1:    4755032 bytes,    4755032 total
[2022-04-28T08:37:04.227+0000][8][gc,age      ] GC(22) - age   2:    2592240 bytes,    7347272 total
[2022-04-28T08:37:04.228+0000][8][gc,age      ] GC(22) - age   3:    2239384 bytes,    9586656 total
[2022-04-28T08:37:04.229+0000][8][gc,age      ] GC(22) - age   4:    1578088 bytes,   11164744 total
[2022-04-28T08:37:04.229+0000][8][gc,age      ] GC(22) - age   5:    1767696 bytes,   12932440 total
[2022-04-28T08:37:04.231+0000][8][gc,age      ] GC(22) - age   6:    2650576 bytes,   15583016 total
[2022-04-28T08:37:04.231+0000][8][gc,phases   ] GC(22)   Pre Evacuate Collection Set: 0.3ms
[2022-04-28T08:37:04.232+0000][8][gc,phases   ] GC(22)   Merge Heap Roots: 0.1ms
[2022-04-28T08:37:04.234+0000][8][gc,phases   ] GC(22)   Evacuate Collection Set: 9.0ms
[2022-04-28T08:37:04.236+0000][8][gc,phases   ] GC(22)   Post Evacuate Collection Set: 1.0ms
[2022-04-28T08:37:04.236+0000][8][gc,phases   ] GC(22)   Other: 9.1ms
[2022-04-28T08:37:04.237+0000][8][gc,heap     ] GC(22) Eden regions: 70->0(71)
[2022-04-28T08:37:04.238+0000][8][gc,heap     ] GC(22) Survivor regions: 6->5(10)
[2022-04-28T08:37:04.239+0000][8][gc,heap     ] GC(22) Old regions: 16->18
[2022-04-28T08:37:04.240+0000][8][gc,heap     ] GC(22) Archive regions: 2->2
[2022-04-28T08:37:04.241+0000][8][gc,heap     ] GC(22) Humongous regions: 6->6
[2022-04-28T08:37:04.241+0000][8][gc,metaspace] GC(22) Metaspace: 109199K(110912K)->109199K(110912K) NonClass: 94319K(95296K)->94319K(95296K) Class: 14880K(15616K)->14880K(15616K)
[2022-04-28T08:37:04.242+0000][8][gc          ] GC(22) Pause Young (Normal) (G1 Evacuation Pause) 392M->115M(512M) 30.712ms
[2022-04-28T08:37:04.243+0000][8][gc,cpu      ] GC(22) User=0.02s Sys=0.00s Real=0.03s
[2022-04-28T08:37:04.244+0000][8][safepoint   ] Safepoint "G1CollectForAllocation", Time since last: 830094916 ns, Reaching safepoint: 72417 ns, At safepoint: 32545458 ns, Total: 32617875 ns
[2022-04-28T08:37:05.245+0000][8][safepoint   ] Safepoint "Cleanup", Time since last: 1000695334 ns, Reaching safepoint: 179084 ns, At safepoint: 36291 ns, Total: 215375 ns
[2022-04-28T08:37:06.246+0000][8][safepoint   ] Safepoint "Cleanup", Time since last: 1000877334 ns, Reaching safepoint: 96167 ns, At safepoint: 5875 ns, Total: 102042 ns
[2022-04-28T08:37:07.247+0000][8][safepoint   ] Safepoint "Cleanup", Time since last: 1000818542 ns, Reaching safepoint: 135875 ns, At safepoint: 4375 ns, Total: 140250 ns
[2022-04-28T08:37:08.249+0000][8][safepoint   ] Safepoint "Cleanup", Time since last: 1001589209 ns, Reaching safepoint: 91416 ns, At safepoint: 12917 ns, Total: 104333 ns
[2022-04-28T08:37:09.249+0000][8][safepoint   ] Safepoint "Cleanup", Time since last: 1000143667 ns, Reaching safepoint: 272875 ns, At safepoint: 74917 ns, Total: 347792 ns
[2022-04-28T08:37:10.251+0000][8][safepoint   ] Safepoint "Cleanup", Time since last: 1001448959 ns, Reaching safepoint: 526250 ns, At safepoint: 7666 ns, Total: 533916 ns
[2022-04-28T08:37:11.253+0000][8][safepoint   ] Safepoint "Cleanup", Time since last: 1001552876 ns, Reaching safepoint: 92083 ns, At safepoint: 2792 ns, Total: 94875 ns
[2022-04-28T08:37:12.255+0000][8][safepoint   ] Safepoint "Cleanup", Time since last: 1002027209 ns, Reaching safepoint: 246791 ns, At safepoint: 10875 ns, Total: 257666 ns
[2022-04-28T08:37:13.256+0000][8][safepoint   ] Safepoint "Cleanup", Time since last: 1000952292 ns, Reaching safepoint: 163042 ns, At safepoint: 6458 ns, Total: 169500 ns
[2022-04-28T08:37:14.258+0000][8][safepoint   ] Safepoint "Cleanup", Time since last: 1001421293 ns, Reaching safepoint: 68166 ns, At safepoint: 2667 ns, Total: 70833 ns
[2022-04-28T08:37:15.259+0000][8][safepoint   ] Safepoint "Cleanup", Time since last: 1001490167 ns, Reaching safepoint: 55000 ns, At safepoint: 2625 ns, Total: 57625 ns
[2022-04-28T08:37:15.309+0000][8][gc,start    ] GC(23) Pause Young (Normal) (G1 Evacuation Pause)
[2022-04-28T08:37:15.310+0000][8][gc,task     ] GC(23) Using 5 workers of 5 for evacuation
[2022-04-28T08:37:15.310+0000][8][gc,age      ] GC(23) Desired survivor size 20971520 bytes, new threshold 15 (max threshold 15)
[2022-04-28T08:37:15.317+0000][8][gc,age      ] GC(23) Age table with threshold 15 (max threshold 15)
[2022-04-28T08:37:15.318+0000][8][gc,age      ] GC(23) - age   1:    5551584 bytes,    5551584 total
[2022-04-28T08:37:15.319+0000][8][gc,age      ] GC(23) - age   2:    2423632 bytes,    7975216 total
[2022-04-28T08:37:15.320+0000][8][gc,age      ] GC(23) - age   3:    2297216 bytes,   10272432 total
[2022-04-28T08:37:15.321+0000][8][gc,age      ] GC(23) - age   4:    2231520 bytes,   12503952 total
[2022-04-28T08:37:15.322+0000][8][gc,age      ] GC(23) - age   5:    1574280 bytes,   14078232 total
[2022-04-28T08:37:15.322+0000][8][gc,age      ] GC(23) - age   6:    1766752 bytes,   15844984 total
[2022-04-28T08:37:15.323+0000][8][gc,age      ] GC(23) - age   7:    2650376 bytes,   18495360 total
[2022-04-28T08:37:15.323+0000][8][gc,phases   ] GC(23)   Pre Evacuate Collection Set: 0.1ms
[2022-04-28T08:37:15.324+0000][8][gc,phases   ] GC(23)   Merge Heap Roots: 0.1ms
[2022-04-28T08:37:15.325+0000][8][gc,phases   ] GC(23)   Evacuate Collection Set: 4.7ms
[2022-04-28T08:37:15.326+0000][8][gc,phases   ] GC(23)   Post Evacuate Collection Set: 0.9ms
[2022-04-28T08:37:15.326+0000][8][gc,phases   ] GC(23)   Other: 8.6ms
[2022-04-28T08:37:15.327+0000][8][gc,heap     ] GC(23) Eden regions: 71->0(71)
[2022-04-28T08:37:15.327+0000][8][gc,heap     ] GC(23) Survivor regions: 5->5(10)
[2022-04-28T08:37:15.328+0000][8][gc,heap     ] GC(23) Old regions: 18->18
[2022-04-28T08:37:15.329+0000][8][gc,heap     ] GC(23) Archive regions: 2->2
[2022-04-28T08:37:15.329+0000][8][gc,heap     ] GC(23) Humongous regions: 6->6
[2022-04-28T08:37:15.330+0000][8][gc,metaspace] GC(23) Metaspace: 109225K(110976K)->109225K(110976K) NonClass: 94341K(95360K)->94341K(95360K) Class: 14884K(15616K)->14884K(15616K)
[2022-04-28T08:37:15.331+0000][8][gc          ] GC(23) Pause Young (Normal) (G1 Evacuation Pause) 399M->116M(512M) 21.412ms
[2022-04-28T08:37:15.331+0000][8][gc,cpu      ] GC(23) User=0.04s Sys=0.00s Real=0.02s
[2022-04-28T08:37:15.332+0000][8][safepoint   ] Safepoint "G1CollectForAllocation", Time since last: 49591500 ns, Reaching safepoint: 32042 ns, At safepoint: 23278250 ns, Total: 23310292 ns
[2022-04-28T08:37:16.333+0000][8][safepoint   ] Safepoint "Cleanup", Time since last: 1001101375 ns, Reaching safepoint: 71709 ns, At safepoint: 4375 ns, Total: 76084 ns
[2022-04-28T08:37:17.335+0000][8][safepoint   ] Safepoint "Cleanup", Time since last: 1001006500 ns, Reaching safepoint: 230750 ns, At safepoint: 15458 ns, Total: 246208 ns
[2022-04-28T08:37:18.336+0000][8][safepoint   ] Safepoint "Cleanup", Time since last: 1001333001 ns, Reaching safepoint: 137750 ns, At safepoint: 5333 ns, Total: 143083 ns
[2022-04-28T08:37:19.337+0000][8][safepoint   ] Safepoint "Cleanup", Time since last: 1000858917 ns, Reaching safepoint: 119667 ns, At safepoint: 4583 ns, Total: 124250 ns
[2022-04-28T08:37:21.120+0000][8][safepoint   ] Safepoint "Cleanup", Time since last: 1782301709 ns, Reaching safepoint: 180334 ns, At safepoint: 4291 ns, Total: 184625 ns
[2022-04-28T08:37:22.121+0000][8][safepoint   ] Safepoint "Cleanup", Time since last: 1000796584 ns, Reaching safepoint: 112167 ns, At safepoint: 4375 ns, Total: 116542 ns
[2022-04-28T08:37:24.122+0000][8][safepoint   ] Safepoint "Cleanup", Time since last: 2000969459 ns, Reaching safepoint: 155625 ns, At safepoint: 47417 ns, Total: 203042 ns
[2022-04-28T08:37:25.123+0000][8][safepoint   ] Safepoint "Cleanup", Time since last: 1001410917 ns, Reaching safepoint: 189625 ns, At safepoint: 5583 ns, Total: 195208 ns
[2022-04-28T08:37:26.125+0000][8][safepoint   ] Safepoint "Cleanup", Time since last: 1001406501 ns, Reaching safepoint: 465875 ns, At safepoint: 4375 ns, Total: 470250 ns
[2022-04-28T08:37:26.330+0000][8][gc,start    ] GC(24) Pause Young (Normal) (G1 Evacuation Pause)
[2022-04-28T08:37:26.331+0000][8][gc,task     ] GC(24) Using 5 workers of 5 for evacuation
[2022-04-28T08:37:26.332+0000][8][gc,age      ] GC(24) Desired survivor size 20971520 bytes, new threshold 15 (max threshold 15)
[2022-04-28T08:37:26.340+0000][8][gc,age      ] GC(24) Age table with threshold 15 (max threshold 15)
[2022-04-28T08:37:26.342+0000][8][gc,age      ] GC(24) - age   1:    8655032 bytes,    8655032 total
[2022-04-28T08:37:26.343+0000][8][gc,age      ] GC(24) - age   2:    2614032 bytes,   11269064 total
[2022-04-28T08:37:26.344+0000][8][gc,age      ] GC(24) - age   3:    1857144 bytes,   13126208 total
[2022-04-28T08:37:26.345+0000][8][gc,age      ] GC(24) - age   4:    2271584 bytes,   15397792 total
[2022-04-28T08:37:26.346+0000][8][gc,age      ] GC(24) - age   5:    2193976 bytes,   17591768 total
[2022-04-28T08:37:26.346+0000][8][gc,age      ] GC(24) - age   6:    1484408 bytes,   19076176 total
[2022-04-28T08:37:26.348+0000][8][gc,age      ] GC(24) - age   7:    1766752 bytes,   20842928 total
[2022-04-28T08:37:26.349+0000][8][gc,age      ] GC(24) - age   8:    2650312 bytes,   23493240 total
[2022-04-28T08:37:26.350+0000][8][gc,phases   ] GC(24)   Pre Evacuate Collection Set: 0.4ms
[2022-04-28T08:37:26.350+0000][8][gc,phases   ] GC(24)   Merge Heap Roots: 0.3ms
[2022-04-28T08:37:26.351+0000][8][gc,phases   ] GC(24)   Evacuate Collection Set: 5.3ms
[2022-04-28T08:37:26.352+0000][8][gc,phases   ] GC(24)   Post Evacuate Collection Set: 1.2ms
[2022-04-28T08:37:26.353+0000][8][gc,phases   ] GC(24)   Other: 12.2ms
[2022-04-28T08:37:26.354+0000][8][gc,heap     ] GC(24) Eden regions: 71->0(68)
[2022-04-28T08:37:26.355+0000][8][gc,heap     ] GC(24) Survivor regions: 5->7(10)
[2022-04-28T08:37:26.356+0000][8][gc,heap     ] GC(24) Old regions: 18->18
[2022-04-28T08:37:26.356+0000][8][gc,heap     ] GC(24) Archive regions: 2->2
[2022-04-28T08:37:26.357+0000][8][gc,heap     ] GC(24) Humongous regions: 6->6
[2022-04-28T08:37:26.358+0000][8][gc,metaspace] GC(24) Metaspace: 109259K(110976K)->109259K(110976K) NonClass: 94372K(95360K)->94372K(95360K) Class: 14886K(15616K)->14886K(15616K)
[2022-04-28T08:37:26.359+0000][8][gc          ] GC(24) Pause Young (Normal) (G1 Evacuation Pause) 400M->123M(512M) 29.052ms
[2022-04-28T08:37:26.361+0000][8][gc,cpu      ] GC(24) User=0.02s Sys=0.00s Real=0.03s
[2022-04-28T08:37:26.362+0000][8][safepoint   ] Safepoint "G1CollectForAllocation", Time since last: 204839417 ns, Reaching safepoint: 244958 ns, At safepoint: 31195667 ns, Total: 31440625 ns
[2022-04-28T08:37:27.364+0000][8][safepoint   ] Safepoint "Cleanup", Time since last: 1001982458 ns, Reaching safepoint: 197459 ns, At safepoint: 12125 ns, Total: 209584 ns
[2022-04-28T08:37:28.365+0000][8][safepoint   ] Safepoint "Cleanup", Time since last: 1001195459 ns, Reaching safepoint: 308458 ns, At safepoint: 4375 ns, Total: 312833 ns
[2022-04-28T08:37:29.366+0000][8][safepoint   ] Safepoint "Cleanup", Time since last: 1000831292 ns, Reaching safepoint: 171625 ns, At safepoint: 10208 ns, Total: 181833 ns
[2022-04-28T08:37:30.368+0000][8][safepoint   ] Safepoint "Cleanup", Time since last: 1001320168 ns, Reaching safepoint: 192875 ns, At safepoint: 4416 ns, Total: 197291 ns
[2022-04-28T08:37:31.370+0000][8][safepoint   ] Safepoint "Cleanup", Time since last: 1001488542 ns, Reaching safepoint: 268375 ns, At safepoint: 24250 ns, Total: 292625 ns
[2022-04-28T08:37:32.371+0000][8][safepoint   ] Safepoint "Cleanup", Time since last: 1001272668 ns, Reaching safepoint: 128041 ns, At safepoint: 4459 ns, Total: 132500 ns
[2022-04-28T08:37:33.384+0000][8][safepoint   ] Safepoint "Cleanup", Time since last: 1012665583 ns, Reaching safepoint: 105167 ns, At safepoint: 2667 ns, Total: 107834 ns
[2022-04-28T08:37:34.385+0000][8][safepoint   ] Safepoint "Cleanup", Time since last: 1001201707 ns, Reaching safepoint: 63959 ns, At safepoint: 3708 ns, Total: 67667 ns
[2022-04-28T08:37:35.387+0000][8][safepoint   ] Safepoint "Cleanup", Time since last: 1001975709 ns, Reaching safepoint: 55208 ns, At safepoint: 9792 ns, Total: 65000 ns
[2022-04-28T08:37:36.388+0000][8][safepoint   ] Safepoint "Cleanup", Time since last: 1000822334 ns, Reaching safepoint: 90416 ns, At safepoint: 2625 ns, Total: 93041 ns
[2022-04-28T08:37:36.554+0000][8][gc,start    ] GC(25) Pause Young (Normal) (G1 Evacuation Pause)
[2022-04-28T08:37:36.555+0000][8][gc,task     ] GC(25) Using 5 workers of 5 for evacuation
[2022-04-28T08:37:36.557+0000][8][gc,age      ] GC(25) Desired survivor size 20971520 bytes, new threshold 8 (max threshold 15)
[2022-04-28T08:37:36.565+0000][8][gc,age      ] GC(25) Age table with threshold 8 (max threshold 15)
[2022-04-28T08:37:36.566+0000][8][gc,age      ] GC(25) - age   1:    9344960 bytes,    9344960 total
[2022-04-28T08:37:36.567+0000][8][gc,age      ] GC(25) - age   2:    3602032 bytes,   12946992 total
[2022-04-28T08:37:36.568+0000][8][gc,age      ] GC(25) - age   3:    2608944 bytes,   15555936 total
[2022-04-28T08:37:36.569+0000][8][gc,age      ] GC(25) - age   4:    1812480 bytes,   17368416 total
[2022-04-28T08:37:36.570+0000][8][gc,age      ] GC(25) - age   5:    2181272 bytes,   19549688 total
[2022-04-28T08:37:36.571+0000][8][gc,age      ] GC(25) - age   6:    2187304 bytes,   21736992 total
[2022-04-28T08:37:36.572+0000][8][gc,age      ] GC(25) - age   7:    1409704 bytes,   23146696 total
[2022-04-28T08:37:36.573+0000][8][gc,age      ] GC(25) - age   8:    1668632 bytes,   24815328 total
[2022-04-28T08:37:36.574+0000][8][gc,phases   ] GC(25)   Pre Evacuate Collection Set: 0.3ms
[2022-04-28T08:37:36.575+0000][8][gc,phases   ] GC(25)   Merge Heap Roots: 0.1ms
[2022-04-28T08:37:36.575+0000][8][gc,phases   ] GC(25)   Evacuate Collection Set: 5.3ms
[2022-04-28T08:37:36.576+0000][8][gc,phases   ] GC(25)   Post Evacuate Collection Set: 1.2ms
[2022-04-28T08:37:36.577+0000][8][gc,phases   ] GC(25)   Other: 13.4ms
[2022-04-28T08:37:36.577+0000][8][gc,heap     ] GC(25) Eden regions: 68->0(67)
[2022-04-28T08:37:36.578+0000][8][gc,heap     ] GC(25) Survivor regions: 7->7(10)
[2022-04-28T08:37:36.579+0000][8][gc,heap     ] GC(25) Old regions: 18->19
[2022-04-28T08:37:36.579+0000][8][gc,heap     ] GC(25) Archive regions: 2->2
[2022-04-28T08:37:36.580+0000][8][gc,heap     ] GC(25) Humongous regions: 6->6
[2022-04-28T08:37:36.580+0000][8][gc,metaspace] GC(25) Metaspace: 109364K(111104K)->109364K(111104K) NonClass: 94475K(95488K)->94475K(95488K) Class: 14889K(15616K)->14889K(15616K)
[2022-04-28T08:37:36.581+0000][8][gc          ] GC(25) Pause Young (Normal) (G1 Evacuation Pause) 394M->127M(512M) 27.294ms
[2022-04-28T08:37:36.582+0000][8][gc,cpu      ] GC(25) User=0.02s Sys=0.01s Real=0.03s
[2022-04-28T08:37:36.583+0000][8][safepoint   ] Safepoint "G1CollectForAllocation", Time since last: 165319876 ns, Reaching safepoint: 61125 ns, At safepoint: 29186041 ns, Total: 29247166 ns
[2022-04-28T08:37:37.585+0000][8][safepoint   ] Safepoint "Cleanup", Time since last: 1001239959 ns, Reaching safepoint: 442833 ns, At safepoint: 10917 ns, Total: 453750 ns
[2022-04-28T08:37:38.586+0000][8][safepoint   ] Safepoint "Cleanup", Time since last: 1001562542 ns, Reaching safepoint: 60083 ns, At safepoint: 4875 ns, Total: 64958 ns
[2022-04-28T08:37:39.600+0000][8][safepoint   ] Safepoint "Cleanup", Time since last: 1014065126 ns, Reaching safepoint: 55417 ns, At safepoint: 2666 ns, Total: 58083 ns
[2022-04-28T08:37:40.602+0000][8][safepoint   ] Safepoint "Cleanup", Time since last: 1001626917 ns, Reaching safepoint: 173667 ns, At safepoint: 14167 ns, Total: 187834 ns
[2022-04-28T08:37:41.604+0000][8][safepoint   ] Safepoint "Cleanup", Time since last: 1001626375 ns, Reaching safepoint: 49084 ns, At safepoint: 1916 ns, Total: 51000 ns
[2022-04-28T08:37:42.605+0000][8][safepoint   ] Safepoint "Cleanup", Time since last: 1001022876 ns, Reaching safepoint: 163708 ns, At safepoint: 4500 ns, Total: 168208 ns
[2022-04-28T08:37:43.607+0000][8][safepoint   ] Safepoint "Cleanup", Time since last: 1001035751 ns, Reaching safepoint: 517541 ns, At safepoint: 5542 ns, Total: 523083 ns
[2022-04-28T08:37:44.610+0000][8][safepoint   ] Safepoint "Cleanup", Time since last: 1003267000 ns, Reaching safepoint: 266209 ns, At safepoint: 20708 ns, Total: 286917 ns
[2022-04-28T08:37:45.611+0000][8][safepoint   ] Safepoint "Cleanup", Time since last: 1000959417 ns, Reaching safepoint: 87167 ns, At safepoint: 3000 ns, Total: 90167 ns
[2022-04-28T08:37:46.612+0000][8][safepoint   ] Safepoint "Cleanup", Time since last: 1001117542 ns, Reaching safepoint: 219542 ns, At safepoint: 4125 ns, Total: 223667 ns
[2022-04-28T08:37:46.880+0000][8][gc,start    ] GC(26) Pause Young (Normal) (G1 Evacuation Pause)
[2022-04-28T08:37:46.882+0000][8][gc,task     ] GC(26) Using 5 workers of 5 for evacuation
[2022-04-28T08:37:46.883+0000][8][gc,age      ] GC(26) Desired survivor size 20971520 bytes, new threshold 6 (max threshold 15)
[2022-04-28T08:37:46.892+0000][8][gc,age      ] GC(26) Age table with threshold 6 (max threshold 15)
[2022-04-28T08:37:46.894+0000][8][gc,age      ] GC(26) - age   1:    9363632 bytes,    9363632 total
[2022-04-28T08:37:46.895+0000][8][gc,age      ] GC(26) - age   2:    3981848 bytes,   13345480 total
[2022-04-28T08:37:46.896+0000][8][gc,age      ] GC(26) - age   3:    3600928 bytes,   16946408 total
[2022-04-28T08:37:46.897+0000][8][gc,age      ] GC(26) - age   4:    2075800 bytes,   19022208 total
[2022-04-28T08:37:46.899+0000][8][gc,age      ] GC(26) - age   5:    1774040 bytes,   20796248 total
[2022-04-28T08:37:46.900+0000][8][gc,age      ] GC(26) - age   6:    2181184 bytes,   22977432 total
[2022-04-28T08:37:46.901+0000][8][gc,phases   ] GC(26)   Pre Evacuate Collection Set: 0.2ms
[2022-04-28T08:37:46.902+0000][8][gc,phases   ] GC(26)   Merge Heap Roots: 0.2ms
[2022-04-28T08:37:46.903+0000][8][gc,phases   ] GC(26)   Evacuate Collection Set: 6.2ms
[2022-04-28T08:37:46.904+0000][8][gc,phases   ] GC(26)   Post Evacuate Collection Set: 1.4ms
[2022-04-28T08:37:46.905+0000][8][gc,phases   ] GC(26)   Other: 12.7ms
[2022-04-28T08:37:46.906+0000][8][gc,heap     ] GC(26) Eden regions: 67->0(67)
[2022-04-28T08:37:46.907+0000][8][gc,heap     ] GC(26) Survivor regions: 7->6(10)
[2022-04-28T08:37:46.908+0000][8][gc,heap     ] GC(26) Old regions: 19->20
[2022-04-28T08:37:46.909+0000][8][gc,heap     ] GC(26) Archive regions: 2->2
[2022-04-28T08:37:46.910+0000][8][gc,heap     ] GC(26) Humongous regions: 6->6
[2022-04-28T08:37:46.910+0000][8][gc,metaspace] GC(26) Metaspace: 109448K(111168K)->109448K(111168K) NonClass: 94559K(95552K)->94559K(95552K) Class: 14889K(15616K)->14889K(15616K)
[2022-04-28T08:37:46.911+0000][8][gc          ] GC(26) Pause Young (Normal) (G1 Evacuation Pause) 395M->130M(512M) 31.034ms
[2022-04-28T08:37:46.912+0000][8][gc,cpu      ] GC(26) User=0.02s Sys=0.00s Real=0.03s
[2022-04-28T08:37:46.913+0000][8][safepoint   ] Safepoint "G1CollectForAllocation", Time since last: 267442583 ns, Reaching safepoint: 152667 ns, At safepoint: 32733791 ns, Total: 32886458 ns
[2022-04-28T08:37:47.914+0000][8][safepoint   ] Safepoint "Cleanup", Time since last: 1000936793 ns, Reaching safepoint: 99416 ns, At safepoint: 2875 ns, Total: 102291 ns
[2022-04-28T08:37:48.917+0000][8][safepoint   ] Safepoint "Cleanup", Time since last: 1003076917 ns, Reaching safepoint: 300917 ns, At safepoint: 17125 ns, Total: 318042 ns
[2022-04-28T08:37:49.920+0000][8][safepoint   ] Safepoint "Cleanup", Time since last: 1002352959 ns, Reaching safepoint: 497292 ns, At safepoint: 15041 ns, Total: 512333 ns
[2022-04-28T08:37:51.162+0000][8][safepoint   ] Safepoint "Cleanup", Time since last: 1241965417 ns, Reaching safepoint: 260459 ns, At safepoint: 17375 ns, Total: 277834 ns
[2022-04-28T08:37:52.164+0000][8][safepoint   ] Safepoint "Cleanup", Time since last: 1001284334 ns, Reaching safepoint: 120958 ns, At safepoint: 4667 ns, Total: 125625 ns
[2022-04-28T08:37:53.759+0000][8][gc,start    ] GC(27) Pause Young (Normal) (G1 Evacuation Pause)
[2022-04-28T08:37:53.759+0000][8][gc,task     ] GC(27) Using 5 workers of 5 for evacuation
[2022-04-28T08:37:53.761+0000][8][gc,age      ] GC(27) Desired survivor size 20971520 bytes, new threshold 6 (max threshold 15)
[2022-04-28T08:37:53.766+0000][8][gc,age      ] GC(27) Age table with threshold 6 (max threshold 15)
[2022-04-28T08:37:53.767+0000][8][gc,age      ] GC(27) - age   1:    6877928 bytes,    6877928 total
[2022-04-28T08:37:53.767+0000][8][gc,age      ] GC(27) - age   2:    4137304 bytes,   11015232 total
[2022-04-28T08:37:53.768+0000][8][gc,age      ] GC(27) - age   3:    3562232 bytes,   14577464 total
[2022-04-28T08:37:53.768+0000][8][gc,age      ] GC(27) - age   4:    3600928 bytes,   18178392 total
[2022-04-28T08:37:53.769+0000][8][gc,age      ] GC(27) - age   5:    2075800 bytes,   20254192 total
[2022-04-28T08:37:53.770+0000][8][gc,age      ] GC(27) - age   6:    1773912 bytes,   22028104 total
[2022-04-28T08:37:53.770+0000][8][gc,phases   ] GC(27)   Pre Evacuate Collection Set: 0.2ms
[2022-04-28T08:37:53.771+0000][8][gc,phases   ] GC(27)   Merge Heap Roots: 0.1ms
[2022-04-28T08:37:53.772+0000][8][gc,phases   ] GC(27)   Evacuate Collection Set: 3.0ms
[2022-04-28T08:37:53.772+0000][8][gc,phases   ] GC(27)   Post Evacuate Collection Set: 0.7ms
[2022-04-28T08:37:53.773+0000][8][gc,phases   ] GC(27)   Other: 7.5ms
[2022-04-28T08:37:53.774+0000][8][gc,heap     ] GC(27) Eden regions: 67->0(66)
[2022-04-28T08:37:53.775+0000][8][gc,heap     ] GC(27) Survivor regions: 6->6(10)
[2022-04-28T08:37:53.776+0000][8][gc,heap     ] GC(27) Old regions: 20->21
[2022-04-28T08:37:53.776+0000][8][gc,heap     ] GC(27) Archive regions: 2->2
[2022-04-28T08:37:53.777+0000][8][gc,heap     ] GC(27) Humongous regions: 6->6
[2022-04-28T08:37:53.777+0000][8][gc,metaspace] GC(27) Metaspace: 109732K(111488K)->109732K(111488K) NonClass: 94818K(95808K)->94818K(95808K) Class: 14914K(15680K)->14914K(15680K)
[2022-04-28T08:37:53.778+0000][8][gc          ] GC(27) Pause Young (Normal) (G1 Evacuation Pause) 398M->131M(512M) 19.406ms
[2022-04-28T08:37:53.779+0000][8][gc,cpu      ] GC(27) User=0.02s Sys=0.00s Real=0.02s
[2022-04-28T08:37:53.779+0000][8][safepoint   ] Safepoint "G1CollectForAllocation", Time since last: 1594626292 ns, Reaching safepoint: 303083 ns, At safepoint: 20735917 ns, Total: 21039000 ns
[2022-04-28T08:37:54.780+0000][8][safepoint   ] Safepoint "Cleanup", Time since last: 1000871001 ns, Reaching safepoint: 152416 ns, At safepoint: 5125 ns, Total: 157541 ns
[2022-04-28T08:37:55.479+0000][8][safepoint   ] Safepoint "ICBufferFull", Time since last: 696791917 ns, Reaching safepoint: 1327959 ns, At safepoint: 64125 ns, Total: 1392084 ns
[2022-04-28T08:37:55.528+0000][8][safepoint   ] Safepoint "ICBufferFull", Time since last: 46973666 ns, Reaching safepoint: 2197042 ns, At safepoint: 128292 ns, Total: 2325334 ns
[2022-04-28T08:37:55.732+0000][8][safepoint   ] Safepoint "ICBufferFull", Time since last: 203853541 ns, Reaching safepoint: 201000 ns, At safepoint: 9584 ns, Total: 210584 ns
[2022-04-28T08:37:56.739+0000][8][safepoint   ] Safepoint "Cleanup", Time since last: 1006070250 ns, Reaching safepoint: 744125 ns, At safepoint: 12833 ns, Total: 756958 ns
[2022-04-28T08:37:57.749+0000][8][safepoint   ] Safepoint "Cleanup", Time since last: 1010178168 ns, Reaching safepoint: 243208 ns, At safepoint: 10125 ns, Total: 253333 ns
[2022-04-28T08:37:58.761+0000][8][safepoint   ] Safepoint "Cleanup", Time since last: 1010936875 ns, Reaching safepoint: 491375 ns, At safepoint: 17417 ns, Total: 508792 ns
[2022-04-28T08:37:59.767+0000][8][safepoint   ] Safepoint "Cleanup", Time since last: 1006393251 ns, Reaching safepoint: 291625 ns, At safepoint: 5041 ns, Total: 296666 ns
[2022-04-28T08:38:00.774+0000][8][safepoint   ] Safepoint "Cleanup", Time since last: 1006472959 ns, Reaching safepoint: 354250 ns, At safepoint: 4917 ns, Total: 359167 ns
[2022-04-28T08:38:01.779+0000][8][safepoint   ] Safepoint "Cleanup", Time since last: 1004270459 ns, Reaching safepoint: 788541 ns, At safepoint: 19667 ns, Total: 808208 ns
[2022-04-28T08:38:02.873+0000][8][safepoint   ] Safepoint "Cleanup", Time since last: 1093624167 ns, Reaching safepoint: 331208 ns, At safepoint: 8625 ns, Total: 339833 ns
[2022-04-28T08:38:03.880+0000][8][safepoint   ] Safepoint "Cleanup", Time since last: 1007695167 ns, Reaching safepoint: 361167 ns, At safepoint: 12000 ns, Total: 373167 ns
[2022-04-28T08:38:05.884+0000][8][safepoint   ] Safepoint "Cleanup", Time since last: 2003627834 ns, Reaching safepoint: 125125 ns, At safepoint: 10917 ns, Total: 136042 ns
[2022-04-28T08:38:06.885+0000][8][safepoint   ] Safepoint "Cleanup", Time since last: 1001587583 ns, Reaching safepoint: 79792 ns, At safepoint: 5750 ns, Total: 85542 ns
[2022-04-28T08:38:07.907+0000][8][safepoint   ] Safepoint "Cleanup", Time since last: 1020973084 ns, Reaching safepoint: 216292 ns, At safepoint: 4791 ns, Total: 221083 ns
[2022-04-28T08:38:08.911+0000][8][safepoint   ] Safepoint "Cleanup", Time since last: 1003179501 ns, Reaching safepoint: 1101666 ns, At safepoint: 33459 ns, Total: 1135125 ns
[2022-04-28T08:38:09.925+0000][8][safepoint   ] Safepoint "Cleanup", Time since last: 1014456708 ns, Reaching safepoint: 96125 ns, At safepoint: 3125 ns, Total: 99250 ns
[2022-04-28T08:38:10.930+0000][8][safepoint   ] Safepoint "Cleanup", Time since last: 1004748834 ns, Reaching safepoint: 162834 ns, At safepoint: 6291 ns, Total: 169125 ns
[2022-04-28T08:38:11.961+0000][8][safepoint   ] Safepoint "Cleanup", Time since last: 1030228167 ns, Reaching safepoint: 254375 ns, At safepoint: 5959 ns, Total: 260334 ns
[2022-04-28T08:38:12.963+0000][8][safepoint   ] Safepoint "Cleanup", Time since last: 1001721584 ns, Reaching safepoint: 293458 ns, At safepoint: 14208 ns, Total: 307666 ns
[2022-04-28T08:38:13.983+0000][8][safepoint   ] Safepoint "Cleanup", Time since last: 1018751209 ns, Reaching safepoint: 1189125 ns, At safepoint: 18208 ns, Total: 1207333 ns
[2022-04-28T08:38:14.999+0000][8][safepoint   ] Safepoint "Cleanup", Time since last: 1016292084 ns, Reaching safepoint: 190084 ns, At safepoint: 6000 ns, Total: 196084 ns
[2022-04-28T08:38:16.023+0000][8][safepoint   ] Safepoint "Cleanup", Time since last: 1022594167 ns, Reaching safepoint: 528666 ns, At safepoint: 12417 ns, Total: 541083 ns
[2022-04-28T08:38:18.029+0000][8][safepoint   ] Safepoint "Cleanup", Time since last: 2005916001 ns, Reaching safepoint: 247292 ns, At safepoint: 5500 ns, Total: 252792 ns
[2022-04-28T08:38:19.031+0000][8][safepoint   ] Safepoint "Cleanup", Time since last: 1001791167 ns, Reaching safepoint: 112791 ns, At safepoint: 5167 ns, Total: 117958 ns
[2022-04-28T08:38:21.039+0000][8][safepoint   ] Safepoint "Cleanup", Time since last: 2007854668 ns, Reaching safepoint: 743666 ns, At safepoint: 11000 ns, Total: 754666 ns
[2022-04-28T08:38:24.050+0000][8][safepoint   ] Safepoint "Cleanup", Time since last: 3010157585 ns, Reaching safepoint: 150042 ns, At safepoint: 11542 ns, Total: 161584 ns
[2022-04-28T08:38:25.051+0000][8][safepoint   ] Safepoint "Cleanup", Time since last: 1001555917 ns, Reaching safepoint: 106625 ns, At safepoint: 3250 ns, Total: 109875 ns
[2022-04-28T08:38:26.054+0000][8][safepoint   ] Safepoint "Cleanup", Time since last: 1002607542 ns, Reaching safepoint: 177500 ns, At safepoint: 5583 ns, Total: 183083 ns
[2022-04-28T08:38:27.059+0000][8][safepoint   ] Safepoint "Cleanup", Time since last: 1004551417 ns, Reaching safepoint: 407459 ns, At safepoint: 15291 ns, Total: 422750 ns
[2022-04-28T08:38:28.072+0000][8][safepoint   ] Safepoint "Cleanup", Time since last: 1011476876 ns, Reaching safepoint: 1061500 ns, At safepoint: 21916 ns, Total: 1083416 ns
[2022-04-28T08:38:29.097+0000][8][safepoint   ] Safepoint "Cleanup", Time since last: 1025397584 ns, Reaching safepoint: 255834 ns, At safepoint: 17750 ns, Total: 273584 ns
[2022-04-28T08:38:30.100+0000][8][safepoint   ] Safepoint "Cleanup", Time since last: 1002366417 ns, Reaching safepoint: 198166 ns, At safepoint: 16292 ns, Total: 214458 ns
[2022-04-28T08:38:31.101+0000][8][safepoint   ] Safepoint "Cleanup", Time since last: 1001201167 ns, Reaching safepoint: 426667 ns, At safepoint: 13750 ns, Total: 440417 ns
[2022-04-28T08:38:32.109+0000][8][safepoint   ] Safepoint "Cleanup", Time since last: 1006730292 ns, Reaching safepoint: 520250 ns, At safepoint: 12833 ns, Total: 533083 ns
[2022-04-28T08:38:33.117+0000][8][safepoint   ] Safepoint "Cleanup", Time since last: 1008028043 ns, Reaching safepoint: 284583 ns, At safepoint: 13042 ns, Total: 297625 ns
[2022-04-28T08:38:34.129+0000][8][safepoint   ] Safepoint "Cleanup", Time since last: 1009581250 ns, Reaching safepoint: 174458 ns, At safepoint: 6208 ns, Total: 180666 ns
[2022-04-28T08:38:35.132+0000][8][safepoint   ] Safepoint "Cleanup", Time since last: 1003304043 ns, Reaching safepoint: 295791 ns, At safepoint: 9625 ns, Total: 305416 ns
[2022-04-28T08:38:36.150+0000][8][safepoint   ] Safepoint "Cleanup", Time since last: 1017380917 ns, Reaching safepoint: 240375 ns, At safepoint: 6375 ns, Total: 246750 ns
[2022-04-28T08:38:37.618+0000][8][safepoint   ] Safepoint "ICBufferFull", Time since last: 1467350251 ns, Reaching safepoint: 318042 ns, At safepoint: 25625 ns, Total: 343667 ns
[2022-04-28T08:38:37.637+0000][8][safepoint   ] Safepoint "ICBufferFull", Time since last: 19080083 ns, Reaching safepoint: 483417 ns, At safepoint: 63875 ns, Total: 547292 ns
[2022-04-28T08:38:37.708+0000][8][safepoint   ] Safepoint "ICBufferFull", Time since last: 70370500 ns, Reaching safepoint: 227791 ns, At safepoint: 19750 ns, Total: 247541 ns
[2022-04-28T08:38:37.709+0000][8][safepoint   ] Safepoint "ICBufferFull", Time since last: 1617167 ns, Reaching safepoint: 29833 ns, At safepoint: 1250 ns, Total: 31083 ns
[2022-04-28T08:38:38.300+0000][8][safepoint   ] Safepoint "ICBufferFull", Time since last: 590050792 ns, Reaching safepoint: 456417 ns, At safepoint: 68792 ns, Total: 525209 ns
[2022-04-28T08:38:39.308+0000][8][safepoint   ] Safepoint "Cleanup", Time since last: 1007567417 ns, Reaching safepoint: 247291 ns, At safepoint: 7250 ns, Total: 254541 ns
[2022-04-28T08:38:40.311+0000][8][safepoint   ] Safepoint "Cleanup", Time since last: 1002361501 ns, Reaching safepoint: 566042 ns, At safepoint: 19583 ns, Total: 585625 ns
[2022-04-28T08:38:41.360+0000][8][safepoint   ] Safepoint "Cleanup", Time since last: 1048599375 ns, Reaching safepoint: 277959 ns, At safepoint: 5666 ns, Total: 283625 ns
[2022-04-28T08:38:41.746+0000][8][gc,start    ] GC(28) Pause Young (Normal) (G1 Evacuation Pause)
[2022-04-28T08:38:41.747+0000][8][gc,task     ] GC(28) Using 5 workers of 5 for evacuation
[2022-04-28T08:38:41.748+0000][8][gc,age      ] GC(28) Desired survivor size 18874368 bytes, new threshold 5 (max threshold 15)
[2022-04-28T08:38:41.754+0000][8][gc,age      ] GC(28) Age table with threshold 5 (max threshold 15)
[2022-04-28T08:38:41.755+0000][8][gc,age      ] GC(28) - age   1:    3801208 bytes,    3801208 total
[2022-04-28T08:38:41.755+0000][8][gc,age      ] GC(28) - age   2:    5800128 bytes,    9601336 total
[2022-04-28T08:38:41.756+0000][8][gc,age      ] GC(28) - age   3:    4127144 bytes,   13728480 total
[2022-04-28T08:38:41.757+0000][8][gc,age      ] GC(28) - age   4:    3559600 bytes,   17288080 total
[2022-04-28T08:38:41.757+0000][8][gc,age      ] GC(28) - age   5:    3600928 bytes,   20889008 total
[2022-04-28T08:38:41.758+0000][8][gc,phases   ] GC(28)   Pre Evacuate Collection Set: 0.1ms
[2022-04-28T08:38:41.759+0000][8][gc,phases   ] GC(28)   Merge Heap Roots: 0.0ms
[2022-04-28T08:38:41.759+0000][8][gc,phases   ] GC(28)   Evacuate Collection Set: 4.0ms
[2022-04-28T08:38:41.760+0000][8][gc,phases   ] GC(28)   Post Evacuate Collection Set: 1.2ms
[2022-04-28T08:38:41.760+0000][8][gc,phases   ] GC(28)   Other: 6.5ms
[2022-04-28T08:38:41.761+0000][8][gc,heap     ] GC(28) Eden regions: 66->0(66)
[2022-04-28T08:38:41.762+0000][8][gc,heap     ] GC(28) Survivor regions: 6->6(9)
[2022-04-28T08:38:41.762+0000][8][gc,heap     ] GC(28) Old regions: 21->21
[2022-04-28T08:38:41.763+0000][8][gc,heap     ] GC(28) Archive regions: 2->2
[2022-04-28T08:38:41.763+0000][8][gc,heap     ] GC(28) Humongous regions: 6->6
[2022-04-28T08:38:41.764+0000][8][gc,metaspace] GC(28) Metaspace: 113204K(115008K)->113204K(115008K) NonClass: 97770K(98816K)->97770K(98816K) Class: 15433K(16192K)->15433K(16192K)
[2022-04-28T08:38:41.765+0000][8][gc          ] GC(28) Pause Young (Normal) (G1 Evacuation Pause) 395M->133M(512M) 19.175ms
[2022-04-28T08:38:41.766+0000][8][gc,cpu      ] GC(28) User=0.02s Sys=0.00s Real=0.02s
[2022-04-28T08:38:41.766+0000][8][safepoint   ] Safepoint "G1CollectForAllocation", Time since last: 386196292 ns, Reaching safepoint: 114334 ns, At safepoint: 20310958 ns, Total: 20425292 ns
[2022-04-28T08:38:42.768+0000][8][safepoint   ] Safepoint "Cleanup", Time since last: 1001196834 ns, Reaching safepoint: 581958 ns, At safepoint: 7792 ns, Total: 589750 ns
[2022-04-28T08:38:43.775+0000][8][safepoint   ] Safepoint "Cleanup", Time since last: 1006232750 ns, Reaching safepoint: 301750 ns, At safepoint: 12167 ns, Total: 313917 ns
[2022-04-28T08:38:44.779+0000][8][safepoint   ] Safepoint "Cleanup", Time since last: 1004070542 ns, Reaching safepoint: 471250 ns, At safepoint: 8500 ns, Total: 479750 ns
[2022-04-28T08:38:46.791+0000][8][safepoint   ] Safepoint "Cleanup", Time since last: 2011110501 ns, Reaching safepoint: 314708 ns, At safepoint: 18625 ns, Total: 333333 ns
[2022-04-28T08:38:47.812+0000][8][safepoint   ] Safepoint "Cleanup", Time since last: 1020880709 ns, Reaching safepoint: 77250 ns, At safepoint: 3292 ns, Total: 80542 ns
[2022-04-28T08:38:48.814+0000][8][safepoint   ] Safepoint "Cleanup", Time since last: 1001665334 ns, Reaching safepoint: 321833 ns, At safepoint: 15750 ns, Total: 337583 ns
[2022-04-28T08:38:50.824+0000][8][safepoint   ] Safepoint "Cleanup", Time since last: 2010128751 ns, Reaching safepoint: 246875 ns, At safepoint: 5875 ns, Total: 252750 ns
[2022-04-28T08:38:51.827+0000][8][safepoint   ] Safepoint "Cleanup", Time since last: 1002307209 ns, Reaching safepoint: 310375 ns, At safepoint: 12041 ns, Total: 322416 ns
[2022-04-28T08:38:53.835+0000][8][safepoint   ] Safepoint "Cleanup", Time since last: 2008425168 ns, Reaching safepoint: 148917 ns, At safepoint: 4916 ns, Total: 153833 ns
[2022-04-28T08:38:54.839+0000][8][safepoint   ] Safepoint "Cleanup", Time since last: 1003187043 ns, Reaching safepoint: 401791 ns, At safepoint: 11334 ns, Total: 413125 ns
[2022-04-28T08:38:55.844+0000][8][safepoint   ] Safepoint "Cleanup", Time since last: 1005061542 ns, Reaching safepoint: 325250 ns, At safepoint: 5791 ns, Total: 331041 ns
[2022-04-28T08:38:56.847+0000][8][safepoint   ] Safepoint "Cleanup", Time since last: 1002302918 ns, Reaching safepoint: 199875 ns, At safepoint: 16666 ns, Total: 216541 ns
[2022-04-28T08:38:57.848+0000][8][safepoint   ] Safepoint "Cleanup", Time since last: 1001548542 ns, Reaching safepoint: 141334 ns, At safepoint: 4416 ns, Total: 145750 ns
[2022-04-28T08:38:58.851+0000][8][safepoint   ] Safepoint "Cleanup", Time since last: 1002630792 ns, Reaching safepoint: 267292 ns, At safepoint: 8958 ns, Total: 276250 ns
[2022-04-28T08:38:59.857+0000][8][safepoint   ] Safepoint "Cleanup", Time since last: 1005074084 ns, Reaching safepoint: 90334 ns, At safepoint: 5541 ns, Total: 95875 ns
[2022-04-28T08:39:00.859+0000][8][safepoint   ] Safepoint "Cleanup", Time since last: 1002003167 ns, Reaching safepoint: 261625 ns, At safepoint: 8000 ns, Total: 269625 ns
[2022-04-28T08:39:02.875+0000][8][safepoint   ] Safepoint "Cleanup", Time since last: 2015294335 ns, Reaching safepoint: 486250 ns, At safepoint: 19125 ns, Total: 505375 ns
[2022-04-28T08:39:03.876+0000][8][safepoint   ] Safepoint "Cleanup", Time since last: 1002553083 ns, Reaching safepoint: 72666 ns, At safepoint: 2584 ns, Total: 75250 ns
[2022-04-28T08:39:04.880+0000][8][safepoint   ] Safepoint "Cleanup", Time since last: 1003705625 ns, Reaching safepoint: 263083 ns, At safepoint: 7375 ns, Total: 270458 ns
[2022-04-28T08:39:05.882+0000][8][safepoint   ] Safepoint "Cleanup", Time since last: 1001553834 ns, Reaching safepoint: 91167 ns, At safepoint: 2458 ns, Total: 93625 ns
[2022-04-28T08:39:06.887+0000][8][safepoint   ] Safepoint "Cleanup", Time since last: 1004870626 ns, Reaching safepoint: 359166 ns, At safepoint: 31542 ns, Total: 390708 ns
[2022-04-28T08:39:07.890+0000][8][safepoint   ] Safepoint "Cleanup", Time since last: 1002486709 ns, Reaching safepoint: 110583 ns, At safepoint: 3833 ns, Total: 114416 ns
[2022-04-28T08:39:08.905+0000][8][safepoint   ] Safepoint "Cleanup", Time since last: 1015576126 ns, Reaching safepoint: 254042 ns, At safepoint: 5416 ns, Total: 259458 ns
[2022-04-28T08:39:09.913+0000][8][safepoint   ] Safepoint "Cleanup", Time since last: 1007208001 ns, Reaching safepoint: 62083 ns, At safepoint: 2250 ns, Total: 64333 ns
[2022-04-28T08:39:10.915+0000][8][safepoint   ] Safepoint "Cleanup", Time since last: 1001596501 ns, Reaching safepoint: 420083 ns, At safepoint: 12250 ns, Total: 432333 ns
[2022-04-28T08:39:11.918+0000][8][safepoint   ] Safepoint "Cleanup", Time since last: 1002938667 ns, Reaching safepoint: 149542 ns, At safepoint: 3916 ns, Total: 153458 ns
[2022-04-28T08:39:12.922+0000][8][safepoint   ] Safepoint "Cleanup", Time since last: 1003600126 ns, Reaching safepoint: 115333 ns, At safepoint: 3667 ns, Total: 119000 ns
[2022-04-28T08:39:13.926+0000][8][safepoint   ] Safepoint "Cleanup", Time since last: 1004492917 ns, Reaching safepoint: 181958 ns, At safepoint: 7042 ns, Total: 189000 ns
[2022-04-28T08:39:14.932+0000][8][safepoint   ] Safepoint "Cleanup", Time since last: 1005828167 ns, Reaching safepoint: 195542 ns, At safepoint: 5500 ns, Total: 201042 ns
[2022-04-28T08:39:15.937+0000][8][safepoint   ] Safepoint "Cleanup", Time since last: 1004260000 ns, Reaching safepoint: 380459 ns, At safepoint: 10000 ns, Total: 390459 ns
[2022-04-28T08:39:16.945+0000][8][safepoint   ] Safepoint "Cleanup", Time since last: 1008126458 ns, Reaching safepoint: 183209 ns, At safepoint: 6583 ns, Total: 189792 ns
[2022-04-28T08:39:17.951+0000][8][safepoint   ] Safepoint "Cleanup", Time since last: 1005681292 ns, Reaching safepoint: 67750 ns, At safepoint: 3125 ns, Total: 70875 ns
[2022-04-28T08:39:18.953+0000][8][safepoint   ] Safepoint "Cleanup", Time since last: 1001551126 ns, Reaching safepoint: 147333 ns, At safepoint: 16625 ns, Total: 163958 ns
[2022-04-28T08:39:20.243+0000][8][safepoint   ] Safepoint "Cleanup", Time since last: 1289448542 ns, Reaching safepoint: 1140417 ns, At safepoint: 22500 ns, Total: 1162917 ns
[2022-04-28T08:39:21.246+0000][8][safepoint   ] Safepoint "Cleanup", Time since last: 1002155459 ns, Reaching safepoint: 258375 ns, At safepoint: 11667 ns, Total: 270042 ns
[2022-04-28T08:39:24.253+0000][8][safepoint   ] Safepoint "Cleanup", Time since last: 3007140001 ns, Reaching safepoint: 216333 ns, At safepoint: 5292 ns, Total: 221625 ns
[2022-04-28T08:39:25.255+0000][8][safepoint   ] Safepoint "Cleanup", Time since last: 1001510209 ns, Reaching safepoint: 232083 ns, At safepoint: 36333 ns, Total: 268416 ns
[2022-04-28T08:39:26.260+0000][8][safepoint   ] Safepoint "Cleanup", Time since last: 1002444959 ns, Reaching safepoint: 2298334 ns, At safepoint: 45541 ns, Total: 2343875 ns
[2022-04-28T08:39:27.262+0000][8][safepoint   ] Safepoint "Cleanup", Time since last: 1002507667 ns, Reaching safepoint: 292292 ns, At safepoint: 10167 ns, Total: 302459 ns
[2022-04-28T08:39:28.273+0000][8][safepoint   ] Safepoint "Cleanup", Time since last: 1010251084 ns, Reaching safepoint: 324500 ns, At safepoint: 12958 ns, Total: 337458 ns
[2022-04-28T08:39:29.276+0000][8][safepoint   ] Safepoint "Cleanup", Time since last: 1002542542 ns, Reaching safepoint: 231542 ns, At safepoint: 35291 ns, Total: 266833 ns
[2022-04-28T08:39:30.280+0000][8][safepoint   ] Safepoint "Cleanup", Time since last: 1004039959 ns, Reaching safepoint: 291417 ns, At safepoint: 7416 ns, Total: 298833 ns
[2022-04-28T08:39:31.285+0000][8][safepoint   ] Safepoint "Cleanup", Time since last: 1005037418 ns, Reaching safepoint: 214666 ns, At safepoint: 12875 ns, Total: 227541 ns
[2022-04-28T08:39:33.301+0000][8][safepoint   ] Safepoint "Cleanup", Time since last: 2014177126 ns, Reaching safepoint: 943542 ns, At safepoint: 13583 ns, Total: 957125 ns
[2022-04-28T08:39:34.307+0000][8][safepoint   ] Safepoint "Cleanup", Time since last: 1005738000 ns, Reaching safepoint: 796167 ns, At safepoint: 9041 ns, Total: 805208 ns
[2022-04-28T08:39:36.008+0000][8][safepoint   ] Safepoint "Cleanup", Time since last: 1700667210 ns, Reaching safepoint: 272208 ns, At safepoint: 29417 ns, Total: 301625 ns
[2022-04-28T08:39:37.010+0000][8][safepoint   ] Safepoint "Cleanup", Time since last: 1001776375 ns, Reaching safepoint: 166667 ns, At safepoint: 5166 ns, Total: 171833 ns
[2022-04-28T08:39:38.011+0000][8][safepoint   ] Safepoint "Cleanup", Time since last: 1001473459 ns, Reaching safepoint: 165292 ns, At safepoint: 3875 ns, Total: 169167 ns
[2022-04-28T08:39:39.016+0000][8][safepoint   ] Safepoint "Cleanup", Time since last: 1004783625 ns, Reaching safepoint: 320000 ns, At safepoint: 10834 ns, Total: 330834 ns
[2022-04-28T08:39:40.024+0000][8][safepoint   ] Safepoint "Cleanup", Time since last: 1007401917 ns, Reaching safepoint: 210250 ns, At safepoint: 9166 ns, Total: 219416 ns
[2022-04-28T08:39:41.032+0000][8][safepoint   ] Safepoint "Cleanup", Time since last: 1003530876 ns, Reaching safepoint: 4407792 ns, At safepoint: 19083 ns, Total: 4426875 ns
[2022-04-28T08:39:42.038+0000][8][safepoint   ] Safepoint "Cleanup", Time since last: 1005595000 ns, Reaching safepoint: 119250 ns, At safepoint: 13334 ns, Total: 132584 ns
[2022-04-28T08:39:43.040+0000][8][safepoint   ] Safepoint "Cleanup", Time since last: 1002437792 ns, Reaching safepoint: 204250 ns, At safepoint: 7583 ns, Total: 211833 ns
[2022-04-28T08:39:44.046+0000][8][safepoint   ] Safepoint "Cleanup", Time since last: 1005456501 ns, Reaching safepoint: 103375 ns, At safepoint: 4208 ns, Total: 107583 ns
[2022-04-28T08:39:45.048+0000][8][safepoint   ] Safepoint "Cleanup", Time since last: 1002106542 ns, Reaching safepoint: 253625 ns, At safepoint: 8459 ns, Total: 262084 ns
[2022-04-28T08:39:46.070+0000][8][safepoint   ] Safepoint "Cleanup", Time since last: 1021169125 ns, Reaching safepoint: 129333 ns, At safepoint: 5500 ns, Total: 134833 ns
[2022-04-28T08:39:47.968+0000][8][gc,start    ] GC(29) Pause Young (Normal) (G1 Evacuation Pause)
[2022-04-28T08:39:47.968+0000][8][gc,task     ] GC(29) Using 5 workers of 5 for evacuation
[2022-04-28T08:39:47.969+0000][8][gc,age      ] GC(29) Desired survivor size 18874368 bytes, new threshold 5 (max threshold 15)
[2022-04-28T08:39:47.974+0000][8][gc,age      ] GC(29) Age table with threshold 5 (max threshold 15)
[2022-04-28T08:39:47.975+0000][8][gc,age      ] GC(29) - age   1:    2089048 bytes,    2089048 total
[2022-04-28T08:39:47.976+0000][8][gc,age      ] GC(29) - age   2:    2379136 bytes,    4468184 total
[2022-04-28T08:39:47.977+0000][8][gc,age      ] GC(29) - age   3:    5682504 bytes,   10150688 total
[2022-04-28T08:39:47.978+0000][8][gc,age      ] GC(29) - age   4:    4126832 bytes,   14277520 total
[2022-04-28T08:39:47.978+0000][8][gc,age      ] GC(29) - age   5:    3559600 bytes,   17837120 total
[2022-04-28T08:39:47.979+0000][8][gc,phases   ] GC(29)   Pre Evacuate Collection Set: 0.1ms
[2022-04-28T08:39:47.979+0000][8][gc,phases   ] GC(29)   Merge Heap Roots: 0.1ms
[2022-04-28T08:39:47.980+0000][8][gc,phases   ] GC(29)   Evacuate Collection Set: 4.0ms
[2022-04-28T08:39:47.981+0000][8][gc,phases   ] GC(29)   Post Evacuate Collection Set: 0.6ms
[2022-04-28T08:39:47.981+0000][8][gc,phases   ] GC(29)   Other: 6.2ms
[2022-04-28T08:39:47.982+0000][8][gc,heap     ] GC(29) Eden regions: 66->0(67)
[2022-04-28T08:39:47.983+0000][8][gc,heap     ] GC(29) Survivor regions: 6->5(9)
[2022-04-28T08:39:47.983+0000][8][gc,heap     ] GC(29) Old regions: 21->22
[2022-04-28T08:39:47.985+0000][8][gc,heap     ] GC(29) Archive regions: 2->2
[2022-04-28T08:39:47.986+0000][8][gc,heap     ] GC(29) Humongous regions: 6->6
[2022-04-28T08:39:47.986+0000][8][gc,metaspace] GC(29) Metaspace: 113629K(115456K)->113629K(115456K) NonClass: 98192K(99264K)->98192K(99264K) Class: 15436K(16192K)->15436K(16192K)
[2022-04-28T08:39:47.987+0000][8][gc          ] GC(29) Pause Young (Normal) (G1 Evacuation Pause) 397M->133M(512M) 19.111ms
[2022-04-28T08:39:47.987+0000][8][gc,cpu      ] GC(29) User=0.02s Sys=0.01s Real=0.02s
[2022-04-28T08:39:47.988+0000][8][safepoint   ] Safepoint "G1CollectForAllocation", Time since last: 1898167001 ns, Reaching safepoint: 90917 ns, At safepoint: 20206750 ns, Total: 20297667 ns
[2022-04-28T08:39:48.993+0000][8][safepoint   ] Safepoint "Cleanup", Time since last: 1005062292 ns, Reaching safepoint: 211125 ns, At safepoint: 6708 ns, Total: 217833 ns
[2022-04-28T08:39:50.997+0000][8][safepoint   ] Safepoint "Cleanup", Time since last: 2003643126 ns, Reaching safepoint: 391917 ns, At safepoint: 7667 ns, Total: 399584 ns
[2022-04-28T08:39:54.005+0000][8][safepoint   ] Safepoint "Cleanup", Time since last: 3007651834 ns, Reaching safepoint: 67292 ns, At safepoint: 3125 ns, Total: 70417 ns
[2022-04-28T08:39:56.024+0000][8][safepoint   ] Safepoint "Cleanup", Time since last: 2002496251 ns, Reaching safepoint: 16228708 ns, At safepoint: 29167 ns, Total: 16257875 ns
[2022-04-28T08:39:57.026+0000][8][safepoint   ] Safepoint "Cleanup", Time since last: 1002106084 ns, Reaching safepoint: 160542 ns, At safepoint: 4583 ns, Total: 165125 ns
[2022-04-28T08:39:58.029+0000][8][safepoint   ] Safepoint "Cleanup", Time since last: 1002606250 ns, Reaching safepoint: 96209 ns, At safepoint: 2791 ns, Total: 99000 ns
[2022-04-28T08:39:59.031+0000][8][safepoint   ] Safepoint "Cleanup", Time since last: 1001933543 ns, Reaching safepoint: 133541 ns, At safepoint: 6000 ns, Total: 139541 ns
[2022-04-28T08:40:00.039+0000][8][safepoint   ] Safepoint "Cleanup", Time since last: 1007831376 ns, Reaching safepoint: 90583 ns, At safepoint: 2250 ns, Total: 92833 ns
[2022-04-28T08:40:01.045+0000][8][safepoint   ] Safepoint "Cleanup", Time since last: 1006171459 ns, Reaching safepoint: 168042 ns, At safepoint: 6083 ns, Total: 174125 ns
[2022-04-28T08:40:02.048+0000][8][safepoint   ] Safepoint "Cleanup", Time since last: 1002931209 ns, Reaching safepoint: 392000 ns, At safepoint: 24291 ns, Total: 416291 ns
[2022-04-28T08:40:03.054+0000][8][safepoint   ] Safepoint "Cleanup", Time since last: 1005704292 ns, Reaching safepoint: 144167 ns, At safepoint: 7417 ns, Total: 151584 ns
[2022-04-28T08:40:04.064+0000][8][safepoint   ] Safepoint "Cleanup", Time since last: 1009335125 ns, Reaching safepoint: 93042 ns, At safepoint: 3291 ns, Total: 96333 ns
[2022-04-28T08:40:06.070+0000][8][safepoint   ] Safepoint "Cleanup", Time since last: 2005726251 ns, Reaching safepoint: 119542 ns, At safepoint: 3708 ns, Total: 123250 ns
[2022-04-28T08:40:08.075+0000][8][safepoint   ] Safepoint "Cleanup", Time since last: 2005468543 ns, Reaching safepoint: 263542 ns, At safepoint: 6000 ns, Total: 269542 ns
[2022-04-28T08:40:09.085+0000][8][safepoint   ] Safepoint "Cleanup", Time since last: 1009492750 ns, Reaching safepoint: 316292 ns, At safepoint: 8708 ns, Total: 325000 ns
[2022-04-28T08:40:10.089+0000][8][safepoint   ] Safepoint "Cleanup", Time since last: 1003364292 ns, Reaching safepoint: 109792 ns, At safepoint: 3083 ns, Total: 112875 ns
[2022-04-28T08:40:11.093+0000][8][safepoint   ] Safepoint "Cleanup", Time since last: 1004206834 ns, Reaching safepoint: 259083 ns, At safepoint: 30334 ns, Total: 289417 ns
[2022-04-28T08:40:12.096+0000][8][safepoint   ] Safepoint "Cleanup", Time since last: 1003082458 ns, Reaching safepoint: 165542 ns, At safepoint: 3875 ns, Total: 169417 ns
[2022-04-28T08:40:13.099+0000][8][safepoint   ] Safepoint "Cleanup", Time since last: 1002764542 ns, Reaching safepoint: 181375 ns, At safepoint: 5750 ns, Total: 187125 ns
[2022-04-28T08:40:14.102+0000][8][safepoint   ] Safepoint "Cleanup", Time since last: 1002632001 ns, Reaching safepoint: 164875 ns, At safepoint: 8083 ns, Total: 172958 ns
[2022-04-28T08:40:15.105+0000][8][safepoint   ] Safepoint "Cleanup", Time since last: 1002996709 ns, Reaching safepoint: 173250 ns, At safepoint: 7208 ns, Total: 180458 ns
[2022-04-28T08:40:16.116+0000][8][safepoint   ] Safepoint "Cleanup", Time since last: 1009677542 ns, Reaching safepoint: 1016084 ns, At safepoint: 8125 ns, Total: 1024209 ns
[2022-04-28T08:40:18.125+0000][8][safepoint   ] Safepoint "Cleanup", Time since last: 2008380167 ns, Reaching safepoint: 301375 ns, At safepoint: 6709 ns, Total: 308084 ns
[2022-04-28T08:40:19.129+0000][8][safepoint   ] Safepoint "Cleanup", Time since last: 1004163750 ns, Reaching safepoint: 139500 ns, At safepoint: 5750 ns, Total: 145250 ns
[2022-04-28T08:40:21.139+0000][8][safepoint   ] Safepoint "Cleanup", Time since last: 2009862376 ns, Reaching safepoint: 163750 ns, At safepoint: 5292 ns, Total: 169042 ns
[2022-04-28T08:40:24.152+0000][8][safepoint   ] Safepoint "Cleanup", Time since last: 3013205710 ns, Reaching safepoint: 155750 ns, At safepoint: 12250 ns, Total: 168000 ns
[2022-04-28T08:40:25.154+0000][8][safepoint   ] Safepoint "Cleanup", Time since last: 1001832958 ns, Reaching safepoint: 270000 ns, At safepoint: 5375 ns, Total: 275375 ns
[2022-04-28T08:40:26.159+0000][8][safepoint   ] Safepoint "Cleanup", Time since last: 1004538834 ns, Reaching safepoint: 212125 ns, At safepoint: 6959 ns, Total: 219084 ns
[2022-04-28T08:40:27.163+0000][8][safepoint   ] Safepoint "Cleanup", Time since last: 1003627792 ns, Reaching safepoint: 151166 ns, At safepoint: 6042 ns, Total: 157208 ns
[2022-04-28T08:40:28.174+0000][8][safepoint   ] Safepoint "Cleanup", Time since last: 1010223667 ns, Reaching safepoint: 343958 ns, At safepoint: 5292 ns, Total: 349250 ns
[2022-04-28T08:40:29.178+0000][8][safepoint   ] Safepoint "Cleanup", Time since last: 1003639167 ns, Reaching safepoint: 733250 ns, At safepoint: 40792 ns, Total: 774042 ns
[2022-04-28T08:40:30.184+0000][8][safepoint   ] Safepoint "Cleanup", Time since last: 1005767000 ns, Reaching safepoint: 172250 ns, At safepoint: 6542 ns, Total: 178792 ns
[2022-04-28T08:40:31.186+0000][8][safepoint   ] Safepoint "Cleanup", Time since last: 1001748001 ns, Reaching safepoint: 245208 ns, At safepoint: 13333 ns, Total: 258541 ns
[2022-04-28T08:40:33.192+0000][8][safepoint   ] Safepoint "Cleanup", Time since last: 2005254001 ns, Reaching safepoint: 311125 ns, At safepoint: 9875 ns, Total: 321000 ns
[2022-04-28T08:40:34.197+0000][8][safepoint   ] Safepoint "Cleanup", Time since last: 1005736167 ns, Reaching safepoint: 598916 ns, At safepoint: 12334 ns, Total: 611250 ns
[2022-04-28T08:40:36.205+0000][8][safepoint   ] Safepoint "Cleanup", Time since last: 2007803251 ns, Reaching safepoint: 210208 ns, At safepoint: 5250 ns, Total: 215458 ns
[2022-04-28T08:40:37.218+0000][8][safepoint   ] Safepoint "Cleanup", Time since last: 1009392125 ns, Reaching safepoint: 3408292 ns, At safepoint: 7708 ns, Total: 3416000 ns
[2022-04-28T08:40:38.224+0000][8][safepoint   ] Safepoint "Cleanup", Time since last: 1005588126 ns, Reaching safepoint: 273833 ns, At safepoint: 8917 ns, Total: 282750 ns
[2022-04-28T08:40:39.230+0000][8][safepoint   ] Safepoint "Cleanup", Time since last: 1005271667 ns, Reaching safepoint: 786000 ns, At safepoint: 18917 ns, Total: 804917 ns
[2022-04-28T08:40:40.237+0000][8][safepoint   ] Safepoint "Cleanup", Time since last: 1007015125 ns, Reaching safepoint: 524709 ns, At safepoint: 10041 ns, Total: 534750 ns
[2022-04-28T08:40:41.251+0000][8][safepoint   ] Safepoint "Cleanup", Time since last: 1012969959 ns, Reaching safepoint: 453083 ns, At safepoint: 20042 ns, Total: 473125 ns
[2022-04-28T08:40:42.257+0000][8][safepoint   ] Safepoint "Cleanup", Time since last: 1006235751 ns, Reaching safepoint: 367583 ns, At safepoint: 7667 ns, Total: 375250 ns
[2022-04-28T08:40:43.260+0000][8][safepoint   ] Safepoint "Cleanup", Time since last: 1002264292 ns, Reaching safepoint: 112250 ns, At safepoint: 4583 ns, Total: 116833 ns
[2022-04-28T08:40:44.267+0000][8][safepoint   ] Safepoint "Cleanup", Time since last: 1006785126 ns, Reaching safepoint: 252041 ns, At safepoint: 12417 ns, Total: 264458 ns
[2022-04-28T08:40:45.275+0000][8][safepoint   ] Safepoint "Cleanup", Time since last: 1007148792 ns, Reaching safepoint: 1267833 ns, At safepoint: 19167 ns, Total: 1287000 ns
[2022-04-28T08:40:46.295+0000][8][safepoint   ] Safepoint "Cleanup", Time since last: 1019178042 ns, Reaching safepoint: 399583 ns, At safepoint: 14167 ns, Total: 413750 ns
[2022-04-28T08:40:48.300+0000][8][safepoint   ] Safepoint "Cleanup", Time since last: 2004864751 ns, Reaching safepoint: 143875 ns, At safepoint: 15792 ns, Total: 159667 ns
[2022-04-28T08:40:49.305+0000][8][safepoint   ] Safepoint "Cleanup", Time since last: 1005265459 ns, Reaching safepoint: 198916 ns, At safepoint: 7250 ns, Total: 206166 ns
[2022-04-28T08:40:51.314+0000][8][safepoint   ] Safepoint "Cleanup", Time since last: 2008154210 ns, Reaching safepoint: 462583 ns, At safepoint: 14833 ns, Total: 477416 ns
[2022-04-28T08:40:54.332+0000][8][safepoint   ] Safepoint "Cleanup", Time since last: 3017965293 ns, Reaching safepoint: 128709 ns, At safepoint: 3875 ns, Total: 132584 ns
[2022-04-28T08:40:55.337+0000][8][safepoint   ] Safepoint "Cleanup", Time since last: 1004861583 ns, Reaching safepoint: 238000 ns, At safepoint: 17667 ns, Total: 255667 ns
[2022-04-28T08:40:56.344+0000][8][safepoint   ] Safepoint "Cleanup", Time since last: 1006410334 ns, Reaching safepoint: 403625 ns, At safepoint: 7750 ns, Total: 411375 ns
[2022-04-28T08:40:57.347+0000][8][safepoint   ] Safepoint "Cleanup", Time since last: 1002610792 ns, Reaching safepoint: 329625 ns, At safepoint: 14708 ns, Total: 344333 ns
[2022-04-28T08:40:59.359+0000][8][safepoint   ] Safepoint "Cleanup", Time since last: 2011380210 ns, Reaching safepoint: 627958 ns, At safepoint: 11667 ns, Total: 639625 ns
[2022-04-28T08:41:00.373+0000][8][safepoint   ] Safepoint "Cleanup", Time since last: 1013443750 ns, Reaching safepoint: 368125 ns, At safepoint: 5667 ns, Total: 373792 ns
[2022-04-28T08:41:01.167+0000][8][safepoint   ] Safepoint "ICBufferFull", Time since last: 794027084 ns, Reaching safepoint: 237833 ns, At safepoint: 50042 ns, Total: 287875 ns
[2022-04-28T08:41:01.174+0000][8][safepoint   ] Safepoint "ICBufferFull", Time since last: 6628625 ns, Reaching safepoint: 317666 ns, At safepoint: 8750 ns, Total: 326416 ns
[2022-04-28T08:41:02.176+0000][8][safepoint   ] Safepoint "Cleanup", Time since last: 1001454501 ns, Reaching safepoint: 979750 ns, At safepoint: 13916 ns, Total: 993666 ns
[2022-04-28T08:41:02.684+0000][8][gc,start    ] GC(30) Pause Young (Normal) (G1 Evacuation Pause)
[2022-04-28T08:41:02.684+0000][8][gc,task     ] GC(30) Using 5 workers of 5 for evacuation
[2022-04-28T08:41:02.685+0000][8][gc,age      ] GC(30) Desired survivor size 18874368 bytes, new threshold 15 (max threshold 15)
[2022-04-28T08:41:02.689+0000][8][gc,age      ] GC(30) Age table with threshold 15 (max threshold 15)
[2022-04-28T08:41:02.690+0000][8][gc,age      ] GC(30) - age   1:     640560 bytes,     640560 total
[2022-04-28T08:41:02.692+0000][8][gc,age      ] GC(30) - age   2:     409760 bytes,    1050320 total
[2022-04-28T08:41:02.692+0000][8][gc,age      ] GC(30) - age   3:    2377880 bytes,    3428200 total
[2022-04-28T08:41:02.693+0000][8][gc,age      ] GC(30) - age   4:    5682408 bytes,    9110608 total
[2022-04-28T08:41:02.695+0000][8][gc,age      ] GC(30) - age   5:    4126832 bytes,   13237440 total
[2022-04-28T08:41:02.695+0000][8][gc,age      ] GC(30) - age   6:    3559600 bytes,   16797040 total
[2022-04-28T08:41:02.696+0000][8][gc,phases   ] GC(30)   Pre Evacuate Collection Set: 0.1ms
[2022-04-28T08:41:02.697+0000][8][gc,phases   ] GC(30)   Merge Heap Roots: 0.1ms
[2022-04-28T08:41:02.697+0000][8][gc,phases   ] GC(30)   Evacuate Collection Set: 2.4ms
[2022-04-28T08:41:02.698+0000][8][gc,phases   ] GC(30)   Post Evacuate Collection Set: 1.0ms
[2022-04-28T08:41:02.699+0000][8][gc,phases   ] GC(30)   Other: 8.7ms
[2022-04-28T08:41:02.699+0000][8][gc,heap     ] GC(30) Eden regions: 67->0(68)
[2022-04-28T08:41:02.700+0000][8][gc,heap     ] GC(30) Survivor regions: 5->5(9)
[2022-04-28T08:41:02.701+0000][8][gc,heap     ] GC(30) Old regions: 22->22
[2022-04-28T08:41:02.701+0000][8][gc,heap     ] GC(30) Archive regions: 2->2
[2022-04-28T08:41:02.702+0000][8][gc,heap     ] GC(30) Humongous regions: 6->6
[2022-04-28T08:41:02.703+0000][8][gc,metaspace] GC(30) Metaspace: 114042K(115840K)->114042K(115840K) NonClass: 98605K(99648K)->98605K(99648K) Class: 15437K(16192K)->15437K(16192K)
[2022-04-28T08:41:02.704+0000][8][gc          ] GC(30) Pause Young (Normal) (G1 Evacuation Pause) 401M->133M(512M) 20.212ms
[2022-04-28T08:41:02.705+0000][8][gc,cpu      ] GC(30) User=0.01s Sys=0.00s Real=0.03s
[2022-04-28T08:41:02.707+0000][8][safepoint   ] Safepoint "G1CollectForAllocation", Time since last: 506954792 ns, Reaching safepoint: 111292 ns, At safepoint: 23290583 ns, Total: 23401875 ns
[2022-04-28T08:41:03.709+0000][8][safepoint   ] Safepoint "Cleanup", Time since last: 1001895542 ns, Reaching safepoint: 131250 ns, At safepoint: 2584 ns, Total: 133834 ns
[2022-04-28T08:41:05.714+0000][8][safepoint   ] Safepoint "Cleanup", Time since last: 2004306375 ns, Reaching safepoint: 301125 ns, At safepoint: 9125 ns, Total: 310250 ns
[2022-04-28T08:41:05.964+0000][8][safepoint   ] Safepoint "ICBufferFull", Time since last: 250555083 ns, Reaching safepoint: 278500 ns, At safepoint: 5209 ns, Total: 283709 ns
[2022-04-28T08:41:06.966+0000][8][safepoint   ] Safepoint "Cleanup", Time since last: 1001677750 ns, Reaching safepoint: 262792 ns, At safepoint: 6333 ns, Total: 269125 ns
[2022-04-28T08:41:08.973+0000][8][safepoint   ] Safepoint "Cleanup", Time since last: 2006633543 ns, Reaching safepoint: 320916 ns, At safepoint: 21167 ns, Total: 342083 ns
[2022-04-28T08:41:09.982+0000][8][safepoint   ] Safepoint "Cleanup", Time since last: 1008868000 ns, Reaching safepoint: 224417 ns, At safepoint: 6167 ns, Total: 230584 ns
[2022-04-28T08:41:10.985+0000][8][safepoint   ] Safepoint "Cleanup", Time since last: 1002400167 ns, Reaching safepoint: 296458 ns, At safepoint: 8500 ns, Total: 304958 ns
[2022-04-28T08:41:11.988+0000][8][safepoint   ] Safepoint "Cleanup", Time since last: 1002545626 ns, Reaching safepoint: 175916 ns, At safepoint: 12125 ns, Total: 188041 ns
[2022-04-28T08:41:12.989+0000][8][safepoint   ] Safepoint "Cleanup", Time since last: 1001209959 ns, Reaching safepoint: 83417 ns, At safepoint: 2833 ns, Total: 86250 ns
[2022-04-28T08:41:13.991+0000][8][safepoint   ] Safepoint "Cleanup", Time since last: 1001950584 ns, Reaching safepoint: 336042 ns, At safepoint: 12333 ns, Total: 348375 ns
[2022-04-28T08:41:15.003+0000][8][safepoint   ] Safepoint "Cleanup", Time since last: 1011062209 ns, Reaching safepoint: 259083 ns, At safepoint: 5542 ns, Total: 264625 ns
[2022-04-28T08:41:16.005+0000][8][safepoint   ] Safepoint "Cleanup", Time since last: 1002147584 ns, Reaching safepoint: 168791 ns, At safepoint: 4625 ns, Total: 173416 ns
[2022-04-28T08:41:18.011+0000][8][safepoint   ] Safepoint "Cleanup", Time since last: 2005528001 ns, Reaching safepoint: 198000 ns, At safepoint: 13917 ns, Total: 211917 ns
[2022-04-28T08:41:19.013+0000][8][safepoint   ] Safepoint "Cleanup", Time since last: 1001897167 ns, Reaching safepoint: 385958 ns, At safepoint: 14917 ns, Total: 400875 ns
[2022-04-28T08:41:21.026+0000][8][safepoint   ] Safepoint "Cleanup", Time since last: 2012665209 ns, Reaching safepoint: 298875 ns, At safepoint: 15459 ns, Total: 314334 ns
[2022-04-28T08:41:24.056+0000][8][safepoint   ] Safepoint "Cleanup", Time since last: 3030051376 ns, Reaching safepoint: 184917 ns, At safepoint: 4208 ns, Total: 189125 ns
[2022-04-28T08:41:25.061+0000][8][safepoint   ] Safepoint "Cleanup", Time since last: 1003962001 ns, Reaching safepoint: 301666 ns, At safepoint: 23500 ns, Total: 325166 ns
[2022-04-28T08:41:26.068+0000][8][safepoint   ] Safepoint "Cleanup", Time since last: 1007034292 ns, Reaching safepoint: 170834 ns, At safepoint: 5625 ns, Total: 176459 ns
[2022-04-28T08:41:27.081+0000][8][safepoint   ] Safepoint "Cleanup", Time since last: 1012729417 ns, Reaching safepoint: 409583 ns, At safepoint: 14084 ns, Total: 423667 ns
[2022-04-28T08:41:29.096+0000][8][safepoint   ] Safepoint "Cleanup", Time since last: 2015095417 ns, Reaching safepoint: 296000 ns, At safepoint: 9959 ns, Total: 305959 ns
[2022-04-28T08:41:30.120+0000][8][safepoint   ] Safepoint "Cleanup", Time since last: 1023170292 ns, Reaching safepoint: 195291 ns, At safepoint: 12167 ns, Total: 207458 ns
[2022-04-28T08:41:31.121+0000][8][safepoint   ] Safepoint "Cleanup", Time since last: 1001136251 ns, Reaching safepoint: 139000 ns, At safepoint: 11000 ns, Total: 150000 ns
[2022-04-28T08:41:33.130+0000][8][safepoint   ] Safepoint "Cleanup", Time since last: 2008146125 ns, Reaching safepoint: 360125 ns, At safepoint: 14209 ns, Total: 374334 ns
[2022-04-28T08:41:34.144+0000][8][safepoint   ] Safepoint "Cleanup", Time since last: 1013583624 ns, Reaching safepoint: 456417 ns, At safepoint: 15250 ns, Total: 471667 ns
[2022-04-28T08:41:36.153+0000][8][safepoint   ] Safepoint "Cleanup", Time since last: 2009080376 ns, Reaching safepoint: 73625 ns, At safepoint: 3792 ns, Total: 77417 ns
[2022-04-28T08:41:37.156+0000][8][safepoint   ] Safepoint "Cleanup", Time since last: 1002423458 ns, Reaching safepoint: 189209 ns, At safepoint: 6375 ns, Total: 195584 ns
[2022-04-28T08:41:38.168+0000][8][safepoint   ] Safepoint "Cleanup", Time since last: 1011397750 ns, Reaching safepoint: 578459 ns, At safepoint: 32125 ns, Total: 610584 ns
[2022-04-28T08:41:39.176+0000][8][safepoint   ] Safepoint "Cleanup", Time since last: 1007594042 ns, Reaching safepoint: 260500 ns, At safepoint: 9625 ns, Total: 270125 ns
[2022-04-28T08:41:40.179+0000][8][safepoint   ] Safepoint "Cleanup", Time since last: 1003144625 ns, Reaching safepoint: 165375 ns, At safepoint: 5542 ns, Total: 170917 ns
[2022-04-28T08:41:41.188+0000][8][safepoint   ] Safepoint "Cleanup", Time since last: 1008953792 ns, Reaching safepoint: 335708 ns, At safepoint: 17500 ns, Total: 353208 ns
[2022-04-28T08:41:42.200+0000][8][safepoint   ] Safepoint "Cleanup", Time since last: 1011396834 ns, Reaching safepoint: 320917 ns, At safepoint: 24958 ns, Total: 345875 ns
[2022-04-28T08:41:43.203+0000][8][safepoint   ] Safepoint "Cleanup", Time since last: 1002331376 ns, Reaching safepoint: 344125 ns, At safepoint: 44791 ns, Total: 388916 ns
[2022-04-28T08:41:44.232+0000][8][safepoint   ] Safepoint "Cleanup", Time since last: 1028980417 ns, Reaching safepoint: 367584 ns, At safepoint: 12291 ns, Total: 379875 ns
[2022-04-28T08:41:45.241+0000][8][safepoint   ] Safepoint "Cleanup", Time since last: 1008873459 ns, Reaching safepoint: 124000 ns, At safepoint: 4334 ns, Total: 128334 ns
[2022-04-28T08:41:46.245+0000][8][safepoint   ] Safepoint "Cleanup", Time since last: 1004132792 ns, Reaching safepoint: 208208 ns, At safepoint: 8792 ns, Total: 217000 ns
[2022-04-28T08:41:48.252+0000][8][safepoint   ] Safepoint "Cleanup", Time since last: 2006151542 ns, Reaching safepoint: 164542 ns, At safepoint: 7208 ns, Total: 171750 ns
[2022-04-28T08:41:49.258+0000][8][safepoint   ] Safepoint "Cleanup", Time since last: 1006414001 ns, Reaching safepoint: 150042 ns, At safepoint: 5291 ns, Total: 155333 ns
[2022-04-28T08:41:51.268+0000][8][safepoint   ] Safepoint "Cleanup", Time since last: 2008850335 ns, Reaching safepoint: 530375 ns, At safepoint: 17958 ns, Total: 548333 ns
[2022-04-28T08:41:54.280+0000][8][safepoint   ] Safepoint "Cleanup", Time since last: 3012022460 ns, Reaching safepoint: 236583 ns, At safepoint: 4542 ns, Total: 241125 ns
[2022-04-28T08:41:56.286+0000][8][safepoint   ] Safepoint "Cleanup", Time since last: 2005816209 ns, Reaching safepoint: 421875 ns, At safepoint: 14000 ns, Total: 435875 ns
[2022-04-28T08:41:57.314+0000][8][safepoint   ] Safepoint "Cleanup", Time since last: 1021791000 ns, Reaching safepoint: 5723250 ns, At safepoint: 17167 ns, Total: 5740417 ns
[2022-04-28T08:41:59.335+0000][8][safepoint   ] Safepoint "Cleanup", Time since last: 2020551668 ns, Reaching safepoint: 130375 ns, At safepoint: 5583 ns, Total: 135958 ns
[2022-04-28T08:42:00.341+0000][8][safepoint   ] Safepoint "Cleanup", Time since last: 1006243000 ns, Reaching safepoint: 240292 ns, At safepoint: 6167 ns, Total: 246459 ns
[2022-04-28T08:42:01.348+0000][8][safepoint   ] Safepoint "Cleanup", Time since last: 1006768875 ns, Reaching safepoint: 186917 ns, At safepoint: 5792 ns, Total: 192709 ns
[2022-04-28T08:42:03.359+0000][8][safepoint   ] Safepoint "Cleanup", Time since last: 2011159959 ns, Reaching safepoint: 184958 ns, At safepoint: 5750 ns, Total: 190708 ns
[2022-04-28T08:42:04.365+0000][8][safepoint   ] Safepoint "Cleanup", Time since last: 1005533375 ns, Reaching safepoint: 462834 ns, At safepoint: 9833 ns, Total: 472667 ns
[2022-04-28T08:42:06.380+0000][8][safepoint   ] Safepoint "Cleanup", Time since last: 2014617251 ns, Reaching safepoint: 390625 ns, At safepoint: 31375 ns, Total: 422000 ns
[2022-04-28T08:42:07.385+0000][8][safepoint   ] Safepoint "Cleanup", Time since last: 1004807251 ns, Reaching safepoint: 204083 ns, At safepoint: 20708 ns, Total: 224791 ns
[2022-04-28T08:42:08.388+0000][8][safepoint   ] Safepoint "Cleanup", Time since last: 1002846459 ns, Reaching safepoint: 128042 ns, At safepoint: 5750 ns, Total: 133792 ns
[2022-04-28T08:42:09.392+0000][8][safepoint   ] Safepoint "Cleanup", Time since last: 1004231834 ns, Reaching safepoint: 170333 ns, At safepoint: 5875 ns, Total: 176208 ns
[2022-04-28T08:42:10.399+0000][8][safepoint   ] Safepoint "Cleanup", Time since last: 1006602625 ns, Reaching safepoint: 188500 ns, At safepoint: 6334 ns, Total: 194834 ns
[2022-04-28T08:42:11.407+0000][8][safepoint   ] Safepoint "Cleanup", Time since last: 1007735125 ns, Reaching safepoint: 230875 ns, At safepoint: 8125 ns, Total: 239000 ns
[2022-04-28T08:42:12.414+0000][8][safepoint   ] Safepoint "Cleanup", Time since last: 1006962584 ns, Reaching safepoint: 179333 ns, At safepoint: 18500 ns, Total: 197833 ns
[2022-04-28T08:42:13.416+0000][8][safepoint   ] Safepoint "Cleanup", Time since last: 1002355084 ns, Reaching safepoint: 135417 ns, At safepoint: 5416 ns, Total: 140833 ns
[2022-04-28T08:42:15.424+0000][8][safepoint   ] Safepoint "Cleanup", Time since last: 2007726210 ns, Reaching safepoint: 193500 ns, At safepoint: 7208 ns, Total: 200708 ns
[2022-04-28T08:42:16.432+0000][8][safepoint   ] Safepoint "Cleanup", Time since last: 1007707001 ns, Reaching safepoint: 160083 ns, At safepoint: 5583 ns, Total: 165666 ns
[2022-04-28T08:42:17.742+0000][8][gc,start    ] GC(31) Pause Young (Normal) (G1 Evacuation Pause)
[2022-04-28T08:42:17.744+0000][8][gc,task     ] GC(31) Using 5 workers of 5 for evacuation
[2022-04-28T08:42:17.746+0000][8][gc,age      ] GC(31) Desired survivor size 20971520 bytes, new threshold 15 (max threshold 15)
[2022-04-28T08:42:17.754+0000][8][gc,age      ] GC(31) Age table with threshold 15 (max threshold 15)
[2022-04-28T08:42:17.756+0000][8][gc,age      ] GC(31) - age   1:     460408 bytes,     460408 total
[2022-04-28T08:42:17.757+0000][8][gc,age      ] GC(31) - age   2:     206976 bytes,     667384 total
[2022-04-28T08:42:17.759+0000][8][gc,age      ] GC(31) - age   3:     407448 bytes,    1074832 total
[2022-04-28T08:42:17.760+0000][8][gc,age      ] GC(31) - age   4:    2377760 bytes,    3452592 total
[2022-04-28T08:42:17.761+0000][8][gc,age      ] GC(31) - age   5:    5682408 bytes,    9135000 total
[2022-04-28T08:42:17.762+0000][8][gc,age      ] GC(31) - age   6:    4126832 bytes,   13261832 total
[2022-04-28T08:42:17.762+0000][8][gc,age      ] GC(31) - age   7:    3559600 bytes,   16821432 total
[2022-04-28T08:42:17.764+0000][8][gc,phases   ] GC(31)   Pre Evacuate Collection Set: 0.1ms
[2022-04-28T08:42:17.765+0000][8][gc,phases   ] GC(31)   Merge Heap Roots: 0.1ms
[2022-04-28T08:42:17.765+0000][8][gc,phases   ] GC(31)   Evacuate Collection Set: 5.9ms
[2022-04-28T08:42:17.767+0000][8][gc,phases   ] GC(31)   Post Evacuate Collection Set: 1.1ms
[2022-04-28T08:42:17.768+0000][8][gc,phases   ] GC(31)   Other: 14.6ms
[2022-04-28T08:42:17.769+0000][8][gc,heap     ] GC(31) Eden regions: 68->0(68)
[2022-04-28T08:42:17.770+0000][8][gc,heap     ] GC(31) Survivor regions: 5->5(10)
[2022-04-28T08:42:17.771+0000][8][gc,heap     ] GC(31) Old regions: 22->22
[2022-04-28T08:42:17.772+0000][8][gc,heap     ] GC(31) Archive regions: 2->2
[2022-04-28T08:42:17.773+0000][8][gc,heap     ] GC(31) Humongous regions: 6->6
[2022-04-28T08:42:17.774+0000][8][gc,metaspace] GC(31) Metaspace: 114343K(116096K)->114343K(116096K) NonClass: 98904K(99904K)->98904K(99904K) Class: 15438K(16192K)->15438K(16192K)
[2022-04-28T08:42:17.775+0000][8][gc          ] GC(31) Pause Young (Normal) (G1 Evacuation Pause) 405M->132M(512M) 33.100ms
[2022-04-28T08:42:17.776+0000][8][gc,cpu      ] GC(31) User=0.03s Sys=0.00s Real=0.04s
[2022-04-28T08:42:17.777+0000][8][safepoint   ] Safepoint "G1CollectForAllocation", Time since last: 1309498792 ns, Reaching safepoint: 124209 ns, At safepoint: 34923417 ns, Total: 35047626 ns
[2022-04-28T08:42:18.779+0000][8][safepoint   ] Safepoint "Cleanup", Time since last: 1001535042 ns, Reaching safepoint: 306750 ns, At safepoint: 4916 ns, Total: 311666 ns
[2022-04-28T08:42:20.782+0000][8][safepoint   ] Safepoint "Cleanup", Time since last: 2002836668 ns, Reaching safepoint: 405708 ns, At safepoint: 13750 ns, Total: 419458 ns
[2022-04-28T08:42:21.790+0000][8][safepoint   ] Safepoint "Cleanup", Time since last: 1008148626 ns, Reaching safepoint: 394958 ns, At safepoint: 7583 ns, Total: 402541 ns
[2022-04-28T08:42:23.794+0000][8][safepoint   ] Safepoint "Cleanup", Time since last: 2003276418 ns, Reaching safepoint: 147958 ns, At safepoint: 4209 ns, Total: 152167 ns
[2022-04-28T08:42:24.799+0000][8][safepoint   ] Safepoint "Cleanup", Time since last: 1004867500 ns, Reaching safepoint: 232584 ns, At safepoint: 9000 ns, Total: 241584 ns
[2022-04-28T08:42:26.804+0000][8][safepoint   ] Safepoint "Cleanup", Time since last: 2004006209 ns, Reaching safepoint: 600291 ns, At safepoint: 13375 ns, Total: 613666 ns
[2022-04-28T08:42:28.813+0000][8][safepoint   ] Safepoint "Cleanup", Time since last: 2009567376 ns, Reaching safepoint: 245667 ns, At safepoint: 8375 ns, Total: 254042 ns
[2022-04-28T08:42:29.816+0000][8][safepoint   ] Safepoint "Cleanup", Time since last: 1002354209 ns, Reaching safepoint: 87125 ns, At safepoint: 3667 ns, Total: 90792 ns
[2022-04-28T08:42:30.821+0000][8][safepoint   ] Safepoint "Cleanup", Time since last: 1004463792 ns, Reaching safepoint: 529500 ns, At safepoint: 19750 ns, Total: 549250 ns
[2022-04-28T08:42:31.830+0000][8][safepoint   ] Safepoint "Cleanup", Time since last: 1008599625 ns, Reaching safepoint: 107917 ns, At safepoint: 3042 ns, Total: 110959 ns
[2022-04-28T08:42:32.832+0000][8][safepoint   ] Safepoint "Cleanup", Time since last: 1002211917 ns, Reaching safepoint: 95875 ns, At safepoint: 2875 ns, Total: 98750 ns
[2022-04-28T08:42:33.838+0000][8][safepoint   ] Safepoint "Cleanup", Time since last: 1005911208 ns, Reaching safepoint: 141583 ns, At safepoint: 5250 ns, Total: 146833 ns
[2022-04-28T08:42:35.846+0000][8][safepoint   ] Safepoint "Cleanup", Time since last: 2008280792 ns, Reaching safepoint: 68292 ns, At safepoint: 3917 ns, Total: 72209 ns
[2022-04-28T08:42:36.847+0000][8][safepoint   ] Safepoint "Cleanup", Time since last: 1000775000 ns, Reaching safepoint: 119000 ns, At safepoint: 2917 ns, Total: 121917 ns
[2022-04-28T08:42:37.849+0000][8][safepoint   ] Safepoint "Cleanup", Time since last: 1000879292 ns, Reaching safepoint: 866208 ns, At safepoint: 10209 ns, Total: 876417 ns
[2022-04-28T08:42:38.866+0000][8][safepoint   ] Safepoint "Cleanup", Time since last: 1015883375 ns, Reaching safepoint: 469709 ns, At safepoint: 10916 ns, Total: 480625 ns
[2022-04-28T08:42:39.872+0000][8][safepoint   ] Safepoint "Cleanup", Time since last: 1006405917 ns, Reaching safepoint: 451750 ns, At safepoint: 12000 ns, Total: 463750 ns
[2022-04-28T08:42:41.880+0000][8][safepoint   ] Safepoint "Cleanup", Time since last: 2007103710 ns, Reaching safepoint: 185125 ns, At safepoint: 4833 ns, Total: 189958 ns
[2022-04-28T08:42:43.882+0000][8][safepoint   ] Safepoint "Cleanup", Time since last: 2001644418 ns, Reaching safepoint: 230666 ns, At safepoint: 5709 ns, Total: 236375 ns
[2022-04-28T08:42:44.884+0000][8][safepoint   ] Safepoint "Cleanup", Time since last: 1002478333 ns, Reaching safepoint: 240834 ns, At safepoint: 30666 ns, Total: 271500 ns
[2022-04-28T08:42:46.889+0000][8][safepoint   ] Safepoint "Cleanup", Time since last: 2004303626 ns, Reaching safepoint: 419042 ns, At safepoint: 14417 ns, Total: 433459 ns
[2022-04-28T08:42:47.907+0000][8][safepoint   ] Safepoint "Cleanup", Time since last: 1017716375 ns, Reaching safepoint: 67500 ns, At safepoint: 2750 ns, Total: 70250 ns
[2022-04-28T08:42:48.914+0000][8][safepoint   ] Safepoint "Cleanup", Time since last: 1005962792 ns, Reaching safepoint: 863084 ns, At safepoint: 11458 ns, Total: 874542 ns
[2022-04-28T08:42:50.942+0000][8][safepoint   ] Safepoint "Cleanup", Time since last: 2027259751 ns, Reaching safepoint: 631208 ns, At safepoint: 11625 ns, Total: 642833 ns
[2022-04-28T08:42:51.950+0000][8][safepoint   ] Safepoint "Cleanup", Time since last: 1008447792 ns, Reaching safepoint: 109917 ns, At safepoint: 5167 ns, Total: 115084 ns
[2022-04-28T08:42:53.960+0000][8][safepoint   ] Safepoint "Cleanup", Time since last: 2009643167 ns, Reaching safepoint: 56375 ns, At safepoint: 2375 ns, Total: 58750 ns
[2022-04-28T08:42:54.961+0000][8][safepoint   ] Safepoint "Cleanup", Time since last: 1000949834 ns, Reaching safepoint: 259250 ns, At safepoint: 11375 ns, Total: 270625 ns
[2022-04-28T08:42:55.963+0000][8][safepoint   ] Safepoint "Cleanup", Time since last: 1001355042 ns, Reaching safepoint: 168375 ns, At safepoint: 6667 ns, Total: 175042 ns
[2022-04-28T08:42:56.971+0000][8][safepoint   ] Safepoint "Cleanup", Time since last: 1008198126 ns, Reaching safepoint: 184125 ns, At safepoint: 5458 ns, Total: 189583 ns
[2022-04-28T08:42:58.981+0000][8][safepoint   ] Safepoint "Cleanup", Time since last: 2009423251 ns, Reaching safepoint: 133000 ns, At safepoint: 5917 ns, Total: 138917 ns
[2022-04-28T08:42:59.995+0000][8][safepoint   ] Safepoint "Cleanup", Time since last: 1014088833 ns, Reaching safepoint: 272959 ns, At safepoint: 6166 ns, Total: 279125 ns
[2022-04-28T08:43:00.997+0000][8][safepoint   ] Safepoint "Cleanup", Time since last: 1001536626 ns, Reaching safepoint: 298416 ns, At safepoint: 8667 ns, Total: 307083 ns
[2022-04-28T08:43:02.006+0000][8][safepoint   ] Safepoint "Cleanup", Time since last: 1009210292 ns, Reaching safepoint: 386334 ns, At safepoint: 31875 ns, Total: 418209 ns
[2022-04-28T08:43:03.010+0000][8][safepoint   ] Safepoint "Cleanup", Time since last: 1000951625 ns, Reaching safepoint: 2735667 ns, At safepoint: 11375 ns, Total: 2747042 ns
[2022-04-28T08:43:04.020+0000][8][safepoint   ] Safepoint "Cleanup", Time since last: 1009596292 ns, Reaching safepoint: 306708 ns, At safepoint: 13292 ns, Total: 320000 ns
[2022-04-28T08:43:06.031+0000][8][safepoint   ] Safepoint "Cleanup", Time since last: 2011661376 ns, Reaching safepoint: 191416 ns, At safepoint: 4334 ns, Total: 195750 ns
[2022-04-28T08:43:07.037+0000][8][safepoint   ] Safepoint "Cleanup", Time since last: 1004891417 ns, Reaching safepoint: 251625 ns, At safepoint: 10000 ns, Total: 261625 ns
[2022-04-28T08:43:09.041+0000][8][safepoint   ] Safepoint "Cleanup", Time since last: 2004614167 ns, Reaching safepoint: 87417 ns, At safepoint: 2917 ns, Total: 90334 ns
[2022-04-28T08:43:10.043+0000][8][safepoint   ] Safepoint "Cleanup", Time since last: 1001438125 ns, Reaching safepoint: 49250 ns, At safepoint: 2167 ns, Total: 51417 ns
[2022-04-28T08:43:11.046+0000][8][safepoint   ] Safepoint "Cleanup", Time since last: 1003166834 ns, Reaching safepoint: 287458 ns, At safepoint: 12750 ns, Total: 300208 ns
[2022-04-28T08:43:12.052+0000][8][safepoint   ] Safepoint "Cleanup", Time since last: 1005761000 ns, Reaching safepoint: 85542 ns, At safepoint: 3292 ns, Total: 88834 ns
[2022-04-28T08:43:14.055+0000][8][safepoint   ] Safepoint "Cleanup", Time since last: 2002428542 ns, Reaching safepoint: 164792 ns, At safepoint: 37667 ns, Total: 202459 ns
[2022-04-28T08:43:15.059+0000][8][safepoint   ] Safepoint "Cleanup", Time since last: 1003766542 ns, Reaching safepoint: 368667 ns, At safepoint: 50666 ns, Total: 419333 ns
[2022-04-28T08:43:16.067+0000][8][safepoint   ] Safepoint "Cleanup", Time since last: 1007578834 ns, Reaching safepoint: 568375 ns, At safepoint: 11708 ns, Total: 580083 ns
[2022-04-28T08:43:18.079+0000][8][safepoint   ] Safepoint "Cleanup", Time since last: 2011879376 ns, Reaching safepoint: 172834 ns, At safepoint: 8833 ns, Total: 181667 ns
[2022-04-28T08:43:19.083+0000][8][safepoint   ] Safepoint "Cleanup", Time since last: 1003591375 ns, Reaching safepoint: 388042 ns, At safepoint: 7333 ns, Total: 395375 ns
[2022-04-28T08:43:21.099+0000][8][safepoint   ] Safepoint "Cleanup", Time since last: 2015625668 ns, Reaching safepoint: 210708 ns, At safepoint: 5542 ns, Total: 216250 ns
[2022-04-28T08:43:24.107+0000][8][safepoint   ] Safepoint "Cleanup", Time since last: 3007871793 ns, Reaching safepoint: 99792 ns, At safepoint: 2500 ns, Total: 102292 ns
[2022-04-28T08:43:25.108+0000][8][safepoint   ] Safepoint "Cleanup", Time since last: 1001136750 ns, Reaching safepoint: 160084 ns, At safepoint: 58375 ns, Total: 218459 ns
[2022-04-28T08:43:26.110+0000][8][safepoint   ] Safepoint "Cleanup", Time since last: 1001472000 ns, Reaching safepoint: 302125 ns, At safepoint: 29083 ns, Total: 331208 ns
[2022-04-28T08:43:27.113+0000][8][safepoint   ] Safepoint "Cleanup", Time since last: 1002497501 ns, Reaching safepoint: 587083 ns, At safepoint: 12167 ns, Total: 599250 ns
[2022-04-28T08:43:29.118+0000][8][safepoint   ] Safepoint "Cleanup", Time since last: 2004911959 ns, Reaching safepoint: 369500 ns, At safepoint: 12750 ns, Total: 382250 ns
[2022-04-28T08:43:30.047+0000][8][gc,start    ] GC(32) Pause Young (Normal) (G1 Evacuation Pause)
[2022-04-28T08:43:30.048+0000][8][gc,task     ] GC(32) Using 5 workers of 5 for evacuation
[2022-04-28T08:43:30.048+0000][8][gc,age      ] GC(32) Desired survivor size 20971520 bytes, new threshold 15 (max threshold 15)
[2022-04-28T08:43:30.054+0000][8][gc,age      ] GC(32) Age table with threshold 15 (max threshold 15)
[2022-04-28T08:43:30.055+0000][8][gc,age      ] GC(32) - age   1:     743776 bytes,     743776 total
[2022-04-28T08:43:30.056+0000][8][gc,age      ] GC(32) - age   2:      30456 bytes,     774232 total
[2022-04-28T08:43:30.057+0000][8][gc,age      ] GC(32) - age   3:     176832 bytes,     951064 total
[2022-04-28T08:43:30.058+0000][8][gc,age      ] GC(32) - age   4:     290680 bytes,    1241744 total
[2022-04-28T08:43:30.058+0000][8][gc,age      ] GC(32) - age   5:    2071264 bytes,    3313008 total
[2022-04-28T08:43:30.059+0000][8][gc,age      ] GC(32) - age   6:    5682384 bytes,    8995392 total
[2022-04-28T08:43:30.059+0000][8][gc,age      ] GC(32) - age   7:    4126832 bytes,   13122224 total
[2022-04-28T08:43:30.060+0000][8][gc,age      ] GC(32) - age   8:    3559600 bytes,   16681824 total
[2022-04-28T08:43:30.061+0000][8][gc,phases   ] GC(32)   Pre Evacuate Collection Set: 0.1ms
[2022-04-28T08:43:30.061+0000][8][gc,phases   ] GC(32)   Merge Heap Roots: 0.1ms
[2022-04-28T08:43:30.062+0000][8][gc,phases   ] GC(32)   Evacuate Collection Set: 3.0ms
[2022-04-28T08:43:30.064+0000][8][gc,phases   ] GC(32)   Post Evacuate Collection Set: 1.1ms
[2022-04-28T08:43:30.065+0000][8][gc,phases   ] GC(32)   Other: 9.5ms
[2022-04-28T08:43:30.065+0000][8][gc,heap     ] GC(32) Eden regions: 68->0(68)
[2022-04-28T08:43:30.066+0000][8][gc,heap     ] GC(32) Survivor regions: 5->5(10)
[2022-04-28T08:43:30.067+0000][8][gc,heap     ] GC(32) Old regions: 22->22
[2022-04-28T08:43:30.067+0000][8][gc,heap     ] GC(32) Archive regions: 2->2
[2022-04-28T08:43:30.068+0000][8][gc,heap     ] GC(32) Humongous regions: 6->6
[2022-04-28T08:43:30.068+0000][8][gc,metaspace] GC(32) Metaspace: 114632K(116352K)->114632K(116352K) NonClass: 99188K(100160K)->99188K(100160K) Class: 15443K(16192K)->15443K(16192K)
[2022-04-28T08:43:30.069+0000][8][gc          ] GC(32) Pause Young (Normal) (G1 Evacuation Pause) 404M->133M(512M) 22.325ms
[2022-04-28T08:43:30.070+0000][8][gc,cpu      ] GC(32) User=0.01s Sys=0.00s Real=0.02s
[2022-04-28T08:43:30.071+0000][8][safepoint   ] Safepoint "G1CollectForAllocation", Time since last: 928205084 ns, Reaching safepoint: 58833 ns, At safepoint: 24391709 ns, Total: 24450542 ns
[2022-04-28T08:43:31.074+0000][8][safepoint   ] Safepoint "Cleanup", Time since last: 1002019250 ns, Reaching safepoint: 382084 ns, At safepoint: 17250 ns, Total: 399334 ns
[2022-04-28T08:43:33.094+0000][8][safepoint   ] Safepoint "Cleanup", Time since last: 2019587375 ns, Reaching safepoint: 450209 ns, At safepoint: 25333 ns, Total: 475542 ns
[2022-04-28T08:43:34.112+0000][8][safepoint   ] Safepoint "Cleanup", Time since last: 1018772708 ns, Reaching safepoint: 553125 ns, At safepoint: 10042 ns, Total: 563167 ns
[2022-04-28T08:43:36.117+0000][8][safepoint   ] Safepoint "Cleanup", Time since last: 2005048376 ns, Reaching safepoint: 55583 ns, At safepoint: 1959 ns, Total: 57542 ns
[2022-04-28T08:43:38.121+0000][8][safepoint   ] Safepoint "Cleanup", Time since last: 2004059417 ns, Reaching safepoint: 323125 ns, At safepoint: 10917 ns, Total: 334042 ns
[2022-04-28T08:43:39.125+0000][8][safepoint   ] Safepoint "Cleanup", Time since last: 1003245375 ns, Reaching safepoint: 297750 ns, At safepoint: 6959 ns, Total: 304709 ns
[2022-04-28T08:43:40.131+0000][8][safepoint   ] Safepoint "Cleanup", Time since last: 1005654709 ns, Reaching safepoint: 263583 ns, At safepoint: 10042 ns, Total: 273625 ns
[2022-04-28T08:43:41.136+0000][8][safepoint   ] Safepoint "Cleanup", Time since last: 1004710708 ns, Reaching safepoint: 303417 ns, At safepoint: 15000 ns, Total: 318417 ns
[2022-04-28T08:43:42.143+0000][8][safepoint   ] Safepoint "Cleanup", Time since last: 1006464625 ns, Reaching safepoint: 78459 ns, At safepoint: 2333 ns, Total: 80792 ns
[2022-04-28T08:43:43.147+0000][8][safepoint   ] Safepoint "Cleanup", Time since last: 1004017959 ns, Reaching safepoint: 209667 ns, At safepoint: 7666 ns, Total: 217333 ns
[2022-04-28T08:43:44.152+0000][8][safepoint   ] Safepoint "Cleanup", Time since last: 1003235459 ns, Reaching safepoint: 1634708 ns, At safepoint: 17917 ns, Total: 1652625 ns
[2022-04-28T08:43:45.158+0000][8][safepoint   ] Safepoint "Cleanup", Time since last: 1006314959 ns, Reaching safepoint: 58875 ns, At safepoint: 2542 ns, Total: 61417 ns
[2022-04-28T08:43:46.164+0000][8][safepoint   ] Safepoint "Cleanup", Time since last: 1006070917 ns, Reaching safepoint: 213291 ns, At safepoint: 6125 ns, Total: 219416 ns
[2022-04-28T08:43:47.172+0000][8][safepoint   ] Safepoint "Cleanup", Time since last: 1007428043 ns, Reaching safepoint: 282916 ns, At safepoint: 5542 ns, Total: 288458 ns
[2022-04-28T08:43:48.174+0000][8][safepoint   ] Safepoint "Cleanup", Time since last: 1001946167 ns, Reaching safepoint: 66208 ns, At safepoint: 2167 ns, Total: 68375 ns
[2022-04-28T08:43:49.180+0000][8][safepoint   ] Safepoint "Cleanup", Time since last: 1006155209 ns, Reaching safepoint: 52542 ns, At safepoint: 2291 ns, Total: 54833 ns
[2022-04-28T08:43:51.184+0000][8][safepoint   ] Safepoint "Cleanup", Time since last: 2003304626 ns, Reaching safepoint: 85500 ns, At safepoint: 2625 ns, Total: 88125 ns
[2022-04-28T08:43:54.187+0000][8][safepoint   ] Safepoint "Cleanup", Time since last: 3003205502 ns, Reaching safepoint: 294500 ns, At safepoint: 10916 ns, Total: 305416 ns
[2022-04-28T08:43:56.195+0000][8][safepoint   ] Safepoint "Cleanup", Time since last: 2007842710 ns, Reaching safepoint: 175250 ns, At safepoint: 5541 ns, Total: 180791 ns
[2022-04-28T08:43:57.201+0000][8][safepoint   ] Safepoint "Cleanup", Time since last: 1005075584 ns, Reaching safepoint: 292125 ns, At safepoint: 12375 ns, Total: 304500 ns
[2022-04-28T08:43:58.214+0000][8][safepoint   ] Safepoint "Cleanup", Time since last: 1012959125 ns, Reaching safepoint: 381125 ns, At safepoint: 9750 ns, Total: 390875 ns
[2022-04-28T08:43:59.221+0000][8][safepoint   ] Safepoint "Cleanup", Time since last: 1006511043 ns, Reaching safepoint: 294458 ns, At safepoint: 13250 ns, Total: 307708 ns
[2022-04-28T08:44:00.238+0000][8][safepoint   ] Safepoint "Cleanup", Time since last: 1017349209 ns, Reaching safepoint: 100875 ns, At safepoint: 2791 ns, Total: 103666 ns
[2022-04-28T08:44:01.241+0000][8][safepoint   ] Safepoint "Cleanup", Time since last: 1002513793 ns, Reaching safepoint: 374833 ns, At safepoint: 13458 ns, Total: 388291 ns
[2022-04-28T08:44:02.762+0000][8][safepoint   ] Safepoint "Cleanup", Time since last: 1520744876 ns, Reaching safepoint: 349792 ns, At safepoint: 25375 ns, Total: 375167 ns
[2022-04-28T08:44:03.769+0000][8][safepoint   ] Safepoint "Cleanup", Time since last: 1006921583 ns, Reaching safepoint: 248834 ns, At safepoint: 7416 ns, Total: 256250 ns
[2022-04-28T08:44:05.777+0000][8][safepoint   ] Safepoint "Cleanup", Time since last: 2006028834 ns, Reaching safepoint: 193166 ns, At safepoint: 5459 ns, Total: 198625 ns
[2022-04-28T08:44:06.785+0000][8][safepoint   ] Safepoint "Cleanup", Time since last: 1007418500 ns, Reaching safepoint: 208375 ns, At safepoint: 6459 ns, Total: 214834 ns
[2022-04-28T08:44:07.805+0000][8][safepoint   ] Safepoint "Cleanup", Time since last: 1019368333 ns, Reaching safepoint: 259834 ns, At safepoint: 193291 ns, Total: 453125 ns
[2022-04-28T08:44:08.810+0000][8][safepoint   ] Safepoint "Cleanup", Time since last: 1005411918 ns, Reaching safepoint: 197083 ns, At safepoint: 10750 ns, Total: 207833 ns
[2022-04-28T08:44:09.813+0000][8][safepoint   ] Safepoint "Cleanup", Time since last: 1002167125 ns, Reaching safepoint: 145459 ns, At safepoint: 4583 ns, Total: 150042 ns
[2022-04-28T08:44:10.817+0000][8][safepoint   ] Safepoint "Cleanup", Time since last: 1004167667 ns, Reaching safepoint: 121542 ns, At safepoint: 4000 ns, Total: 125542 ns
[2022-04-28T08:44:11.818+0000][8][safepoint   ] Safepoint "Cleanup", Time since last: 1001363042 ns, Reaching safepoint: 140625 ns, At safepoint: 8458 ns, Total: 149083 ns
[2022-04-28T08:44:12.820+0000][8][safepoint   ] Safepoint "Cleanup", Time since last: 1001161376 ns, Reaching safepoint: 139250 ns, At safepoint: 60000 ns, Total: 199250 ns
[2022-04-28T08:44:13.825+0000][8][safepoint   ] Safepoint "Cleanup", Time since last: 1004862625 ns, Reaching safepoint: 308834 ns, At safepoint: 12250 ns, Total: 321084 ns
[2022-04-28T08:44:14.836+0000][8][safepoint   ] Safepoint "Cleanup", Time since last: 1011133667 ns, Reaching safepoint: 326333 ns, At safepoint: 16542 ns, Total: 342875 ns
[2022-04-28T08:44:16.856+0000][8][safepoint   ] Safepoint "Cleanup", Time since last: 2019307167 ns, Reaching safepoint: 601250 ns, At safepoint: 57000 ns, Total: 658250 ns
[2022-04-28T08:44:17.862+0000][8][safepoint   ] Safepoint "Cleanup", Time since last: 1005481668 ns, Reaching safepoint: 139291 ns, At safepoint: 9709 ns, Total: 149000 ns
[2022-04-28T08:44:18.867+0000][8][safepoint   ] Safepoint "Cleanup", Time since last: 1003929792 ns, Reaching safepoint: 1155416 ns, At safepoint: 12375 ns, Total: 1167791 ns
[2022-04-28T08:44:19.883+0000][8][safepoint   ] Safepoint "Cleanup", Time since last: 1015325334 ns, Reaching safepoint: 153708 ns, At safepoint: 5459 ns, Total: 159167 ns
[2022-04-28T08:44:20.887+0000][8][safepoint   ] Safepoint "Cleanup", Time since last: 1003788667 ns, Reaching safepoint: 447750 ns, At safepoint: 11500 ns, Total: 459250 ns
[2022-04-28T08:44:21.890+0000][8][safepoint   ] Safepoint "Cleanup", Time since last: 1002905375 ns, Reaching safepoint: 243459 ns, At safepoint: 9750 ns, Total: 253209 ns
[2022-04-28T08:44:23.893+0000][8][safepoint   ] Safepoint "Cleanup", Time since last: 2003349959 ns, Reaching safepoint: 82708 ns, At safepoint: 3667 ns, Total: 86375 ns
[2022-04-28T08:44:26.899+0000][8][safepoint   ] Safepoint "Cleanup", Time since last: 3005781210 ns, Reaching safepoint: 302917 ns, At safepoint: 11291 ns, Total: 314208 ns
[2022-04-28T08:44:28.905+0000][8][safepoint   ] Safepoint "Cleanup", Time since last: 2004741793 ns, Reaching safepoint: 365583 ns, At safepoint: 12542 ns, Total: 378125 ns
[2022-04-28T08:44:29.909+0000][8][safepoint   ] Safepoint "Cleanup", Time since last: 1004783292 ns, Reaching safepoint: 113208 ns, At safepoint: 3500 ns, Total: 116708 ns
[2022-04-28T08:44:30.916+0000][8][safepoint   ] Safepoint "Cleanup", Time since last: 1006058334 ns, Reaching safepoint: 141958 ns, At safepoint: 4209 ns, Total: 146167 ns
[2022-04-28T08:44:31.922+0000][8][safepoint   ] Safepoint "Cleanup", Time since last: 1005820792 ns, Reaching safepoint: 397667 ns, At safepoint: 16625 ns, Total: 414292 ns
[2022-04-28T08:44:32.934+0000][8][safepoint   ] Safepoint "Cleanup", Time since last: 1011631125 ns, Reaching safepoint: 138333 ns, At safepoint: 17125 ns, Total: 155458 ns
[2022-04-28T08:44:33.933+0000][8][safepoint   ] Safepoint "Cleanup", Time since last: 1001553709 ns, Reaching safepoint: 422708 ns, At safepoint: 8625 ns, Total: 431333 ns
[2022-04-28T08:44:35.939+0000][8][safepoint   ] Safepoint "Cleanup", Time since last: 2006172501 ns, Reaching safepoint: 150000 ns, At safepoint: 5500 ns, Total: 155500 ns
[2022-04-28T08:44:36.943+0000][8][safepoint   ] Safepoint "Cleanup", Time since last: 1001659334 ns, Reaching safepoint: 2318042 ns, At safepoint: 28833 ns, Total: 2346875 ns
[2022-04-28T08:44:37.947+0000][8][safepoint   ] Safepoint "Cleanup", Time since last: 1003651250 ns, Reaching safepoint: 316792 ns, At safepoint: 25167 ns, Total: 341959 ns
[2022-04-28T08:44:38.770+0000][8][gc,start    ] GC(33) Pause Young (Normal) (G1 Evacuation Pause)
[2022-04-28T08:44:38.774+0000][8][gc,task     ] GC(33) Using 5 workers of 5 for evacuation
[2022-04-28T08:44:38.777+0000][8][gc,age      ] GC(33) Desired survivor size 20971520 bytes, new threshold 15 (max threshold 15)
[2022-04-28T08:44:38.789+0000][8][gc,age      ] GC(33) Age table with threshold 15 (max threshold 15)
[2022-04-28T08:44:38.791+0000][8][gc,age      ] GC(33) - age   1:     889320 bytes,     889320 total
[2022-04-28T08:44:38.793+0000][8][gc,age      ] GC(33) - age   2:     130072 bytes,    1019392 total
[2022-04-28T08:44:38.795+0000][8][gc,age      ] GC(33) - age   3:      29048 bytes,    1048440 total
[2022-04-28T08:44:38.796+0000][8][gc,age      ] GC(33) - age   4:     163840 bytes,    1212280 total
[2022-04-28T08:44:38.798+0000][8][gc,age      ] GC(33) - age   5:     260496 bytes,    1472776 total
[2022-04-28T08:44:38.799+0000][8][gc,age      ] GC(33) - age   6:    2070616 bytes,    3543392 total
[2022-04-28T08:44:38.801+0000][8][gc,age      ] GC(33) - age   7:    5682384 bytes,    9225776 total
[2022-04-28T08:44:38.802+0000][8][gc,age      ] GC(33) - age   8:    4126832 bytes,   13352608 total
[2022-04-28T08:44:38.804+0000][8][gc,age      ] GC(33) - age   9:    3559600 bytes,   16912208 total
[2022-04-28T08:44:38.805+0000][8][gc,phases   ] GC(33)   Pre Evacuate Collection Set: 0.8ms
[2022-04-28T08:44:38.806+0000][8][gc,phases   ] GC(33)   Merge Heap Roots: 0.1ms
[2022-04-28T08:44:38.807+0000][8][gc,phases   ] GC(33)   Evacuate Collection Set: 6.9ms
[2022-04-28T08:44:38.808+0000][8][gc,phases   ] GC(33)   Post Evacuate Collection Set: 1.7ms
[2022-04-28T08:44:38.809+0000][8][gc,phases   ] GC(33)   Other: 25.6ms
[2022-04-28T08:44:38.810+0000][8][gc,heap     ] GC(33) Eden regions: 68->0(68)
[2022-04-28T08:44:38.811+0000][8][gc,heap     ] GC(33) Survivor regions: 5->5(10)
[2022-04-28T08:44:38.812+0000][8][gc,heap     ] GC(33) Old regions: 22->22
[2022-04-28T08:44:38.814+0000][8][gc,heap     ] GC(33) Archive regions: 2->2
[2022-04-28T08:44:38.814+0000][8][gc,heap     ] GC(33) Humongous regions: 6->6
[2022-04-28T08:44:38.816+0000][8][gc,metaspace] GC(33) Metaspace: 114882K(116608K)->114882K(116608K) NonClass: 99439K(100416K)->99439K(100416K) Class: 15443K(16192K)->15443K(16192K)
[2022-04-28T08:44:38.817+0000][8][gc          ] GC(33) Pause Young (Normal) (G1 Evacuation Pause) 405M->132M(512M) 46.675ms
[2022-04-28T08:44:38.818+0000][8][gc,cpu      ] GC(33) User=0.03s Sys=0.01s Real=0.05s
[2022-04-28T08:44:38.819+0000][8][safepoint   ] Safepoint "G1CollectForAllocation", Time since last: 822328917 ns, Reaching safepoint: 337250 ns, At safepoint: 49472583 ns, Total: 49809833 ns
[2022-04-28T08:44:40.828+0000][8][safepoint   ] Safepoint "Cleanup", Time since last: 2008293710 ns, Reaching safepoint: 245000 ns, At safepoint: 7583 ns, Total: 252583 ns
[2022-04-28T08:44:41.832+0000][8][safepoint   ] Safepoint "Cleanup", Time since last: 1004162667 ns, Reaching safepoint: 210875 ns, At safepoint: 5083 ns, Total: 215958 ns
[2022-04-28T08:44:42.837+0000][8][safepoint   ] Safepoint "Cleanup", Time since last: 1004170751 ns, Reaching safepoint: 467416 ns, At safepoint: 15167 ns, Total: 482583 ns
[2022-04-28T08:44:43.844+0000][8][safepoint   ] Safepoint "Cleanup", Time since last: 1006654417 ns, Reaching safepoint: 242125 ns, At safepoint: 6584 ns, Total: 248709 ns
[2022-04-28T08:44:44.857+0000][8][safepoint   ] Safepoint "Cleanup", Time since last: 1012306125 ns, Reaching safepoint: 552708 ns, At safepoint: 39042 ns, Total: 591750 ns
[2022-04-28T08:44:46.866+0000][8][safepoint   ] Safepoint "Cleanup", Time since last: 2008397168 ns, Reaching safepoint: 952083 ns, At safepoint: 40208 ns, Total: 992291 ns
[2022-04-28T08:44:47.890+0000][8][safepoint   ] Safepoint "Cleanup", Time since last: 1023405209 ns, Reaching safepoint: 213417 ns, At safepoint: 4958 ns, Total: 218375 ns
[2022-04-28T08:44:48.892+0000][8][safepoint   ] Safepoint "Cleanup", Time since last: 1002220459 ns, Reaching safepoint: 202500 ns, At safepoint: 11000 ns, Total: 213500 ns
[2022-04-28T08:44:50.895+0000][8][safepoint   ] Safepoint "Cleanup", Time since last: 2002965543 ns, Reaching safepoint: 90458 ns, At safepoint: 4375 ns, Total: 94833 ns
[2022-04-28T08:44:51.898+0000][8][safepoint   ] Safepoint "Cleanup", Time since last: 1002543834 ns, Reaching safepoint: 377583 ns, At safepoint: 13792 ns, Total: 391375 ns
[2022-04-28T08:44:53.904+0000][8][safepoint   ] Safepoint "Cleanup", Time since last: 2005762209 ns, Reaching safepoint: 90708 ns, At safepoint: 3625 ns, Total: 94333 ns
[2022-04-28T08:44:54.905+0000][8][safepoint   ] Safepoint "Cleanup", Time since last: 1000961834 ns, Reaching safepoint: 198709 ns, At safepoint: 9916 ns, Total: 208625 ns
[2022-04-28T08:44:55.907+0000][8][safepoint   ] Safepoint "Cleanup", Time since last: 1002120584 ns, Reaching safepoint: 128542 ns, At safepoint: 6875 ns, Total: 135417 ns
[2022-04-28T08:44:56.921+0000][8][safepoint   ] Safepoint "Cleanup", Time since last: 1013080917 ns, Reaching safepoint: 335125 ns, At safepoint: 11167 ns, Total: 346292 ns
[2022-04-28T08:44:58.933+0000][8][safepoint   ] Safepoint "Cleanup", Time since last: 2008592542 ns, Reaching safepoint: 3380667 ns, At safepoint: 19125 ns, Total: 3399792 ns
[2022-04-28T08:44:59.953+0000][8][safepoint   ] Safepoint "Cleanup", Time since last: 1019887167 ns, Reaching safepoint: 161208 ns, At safepoint: 11459 ns, Total: 172667 ns
[2022-04-28T08:45:00.957+0000][8][safepoint   ] Safepoint "Cleanup", Time since last: 1004298333 ns, Reaching safepoint: 177625 ns, At safepoint: 8417 ns, Total: 186042 ns
[2022-04-28T08:45:01.967+0000][8][safepoint   ] Safepoint "Cleanup", Time since last: 1008961542 ns, Reaching safepoint: 622250 ns, At safepoint: 15334 ns, Total: 637584 ns
[2022-04-28T08:45:02.972+0000][8][safepoint   ] Safepoint "Cleanup", Time since last: 1004883000 ns, Reaching safepoint: 186583 ns, At safepoint: 9167 ns, Total: 195750 ns
[2022-04-28T08:45:03.978+0000][8][safepoint   ] Safepoint "Cleanup", Time since last: 1013209167 ns, Reaching safepoint: 619625 ns, At safepoint: 12875 ns, Total: 632500 ns
[2022-04-28T08:45:05.992+0000][8][safepoint   ] Safepoint "Cleanup", Time since last: 2013393667 ns, Reaching safepoint: 97000 ns, At safepoint: 3792 ns, Total: 100792 ns
[2022-04-28T08:45:06.997+0000][8][safepoint   ] Safepoint "Cleanup", Time since last: 1004512584 ns, Reaching safepoint: 172833 ns, At safepoint: 5083 ns, Total: 177916 ns
[2022-04-28T08:45:09.018+0000][8][safepoint   ] Safepoint "Cleanup", Time since last: 2004331168 ns, Reaching safepoint: 17497167 ns, At safepoint: 20333 ns, Total: 17517500 ns
[2022-04-28T08:45:10.025+0000][8][safepoint   ] Safepoint "Cleanup", Time since last: 1006094292 ns, Reaching safepoint: 220458 ns, At safepoint: 12709 ns, Total: 233167 ns
[2022-04-28T08:45:11.028+0000][8][safepoint   ] Safepoint "Cleanup", Time since last: 1002870625 ns, Reaching safepoint: 82125 ns, At safepoint: 22792 ns, Total: 104917 ns
[2022-04-28T08:45:12.030+0000][8][safepoint   ] Safepoint "Cleanup", Time since last: 1001879500 ns, Reaching safepoint: 69334 ns, At safepoint: 2166 ns, Total: 71500 ns
[2022-04-28T08:45:13.031+0000][8][safepoint   ] Safepoint "Cleanup", Time since last: 1001098543 ns, Reaching safepoint: 129916 ns, At safepoint: 4625 ns, Total: 134541 ns
[2022-04-28T08:45:14.037+0000][8][safepoint   ] Safepoint "Cleanup", Time since last: 1005440167 ns, Reaching safepoint: 545500 ns, At safepoint: 18209 ns, Total: 563709 ns
[2022-04-28T08:45:15.053+0000][8][safepoint   ] Safepoint "Cleanup", Time since last: 1015835709 ns, Reaching safepoint: 173833 ns, At safepoint: 14417 ns, Total: 188250 ns
[2022-04-28T08:45:16.059+0000][8][safepoint   ] Safepoint "Cleanup", Time since last: 1005325917 ns, Reaching safepoint: 554833 ns, At safepoint: 9000 ns, Total: 563833 ns
[2022-04-28T08:45:17.066+0000][8][safepoint   ] Safepoint "Cleanup", Time since last: 1006769250 ns, Reaching safepoint: 214000 ns, At safepoint: 5792 ns, Total: 219792 ns
[2022-04-28T08:45:18.072+0000][8][safepoint   ] Safepoint "Cleanup", Time since last: 1006394209 ns, Reaching safepoint: 169750 ns, At safepoint: 6000 ns, Total: 175750 ns
[2022-04-28T08:45:19.076+0000][8][safepoint   ] Safepoint "Cleanup", Time since last: 1002879792 ns, Reaching safepoint: 373208 ns, At safepoint: 18084 ns, Total: 391292 ns
[2022-04-28T08:45:21.084+0000][8][safepoint   ] Safepoint "Cleanup", Time since last: 2007668667 ns, Reaching safepoint: 888834 ns, At safepoint: 18166 ns, Total: 907000 ns
[2022-04-28T08:45:24.096+0000][8][safepoint   ] Safepoint "Cleanup", Time since last: 3012115043 ns, Reaching safepoint: 57542 ns, At safepoint: 1917 ns, Total: 59459 ns
[2022-04-28T08:45:25.098+0000][8][safepoint   ] Safepoint "Cleanup", Time since last: 1001743750 ns, Reaching safepoint: 200500 ns, At safepoint: 4709 ns, Total: 205209 ns
[2022-04-28T08:45:26.100+0000][8][safepoint   ] Safepoint "Cleanup", Time since last: 1001626792 ns, Reaching safepoint: 353750 ns, At safepoint: 6958 ns, Total: 360708 ns
[2022-04-28T08:45:27.108+0000][8][safepoint   ] Safepoint "Cleanup", Time since last: 1007143459 ns, Reaching safepoint: 278292 ns, At safepoint: 15125 ns, Total: 293417 ns
[2022-04-28T08:45:29.121+0000][8][safepoint   ] Safepoint "Cleanup", Time since last: 2012431126 ns, Reaching safepoint: 367208 ns, At safepoint: 13583 ns, Total: 380791 ns
[2022-04-28T08:45:30.131+0000][8][safepoint   ] Safepoint "Cleanup", Time since last: 1009735792 ns, Reaching safepoint: 253292 ns, At safepoint: 39458 ns, Total: 292750 ns
[2022-04-28T08:45:31.138+0000][8][safepoint   ] Safepoint "Cleanup", Time since last: 1006811084 ns, Reaching safepoint: 160167 ns, At safepoint: 5583 ns, Total: 165750 ns
[2022-04-28T08:45:33.149+0000][8][safepoint   ] Safepoint "Cleanup", Time since last: 2011499918 ns, Reaching safepoint: 208958 ns, At safepoint: 7958 ns, Total: 216916 ns
[2022-04-28T08:45:34.170+0000][8][safepoint   ] Safepoint "Cleanup", Time since last: 1020374000 ns, Reaching safepoint: 425542 ns, At safepoint: 14958 ns, Total: 440500 ns
[2022-04-28T08:45:36.180+0000][8][safepoint   ] Safepoint "Cleanup", Time since last: 2010207626 ns, Reaching safepoint: 109292 ns, At safepoint: 1792 ns, Total: 111084 ns
[2022-04-28T08:45:37.183+0000][8][safepoint   ] Safepoint "Cleanup", Time since last: 1002749542 ns, Reaching safepoint: 210833 ns, At safepoint: 5667 ns, Total: 216500 ns
[2022-04-28T08:45:38.188+0000][8][safepoint   ] Safepoint "Cleanup", Time since last: 1004930709 ns, Reaching safepoint: 197666 ns, At safepoint: 7625 ns, Total: 205291 ns
[2022-04-28T08:45:39.191+0000][8][safepoint   ] Safepoint "Cleanup", Time since last: 1002295001 ns, Reaching safepoint: 131958 ns, At safepoint: 5292 ns, Total: 137250 ns
[2022-04-28T08:45:40.196+0000][8][safepoint   ] Safepoint "Cleanup", Time since last: 1005173292 ns, Reaching safepoint: 368333 ns, At safepoint: 9459 ns, Total: 377792 ns
[2022-04-28T08:45:41.202+0000][8][safepoint   ] Safepoint "Cleanup", Time since last: 1005435458 ns, Reaching safepoint: 168417 ns, At safepoint: 5750 ns, Total: 174167 ns
[2022-04-28T08:45:42.207+0000][8][safepoint   ] Safepoint "Cleanup", Time since last: 1004400250 ns, Reaching safepoint: 220917 ns, At safepoint: 13000 ns, Total: 233917 ns
[2022-04-28T08:45:44.209+0000][8][safepoint   ] Safepoint "Cleanup", Time since last: 2002040668 ns, Reaching safepoint: 314166 ns, At safepoint: 11875 ns, Total: 326041 ns
[2022-04-28T08:45:45.228+0000][8][safepoint   ] Safepoint "Cleanup", Time since last: 1018732168 ns, Reaching safepoint: 343750 ns, At safepoint: 10666 ns, Total: 354416 ns
[2022-04-28T08:45:46.234+0000][8][safepoint   ] Safepoint "Cleanup", Time since last: 1005336501 ns, Reaching safepoint: 874875 ns, At safepoint: 14958 ns, Total: 889833 ns
[2022-04-28T08:45:48.246+0000][8][safepoint   ] Safepoint "Cleanup", Time since last: 2011547043 ns, Reaching safepoint: 173500 ns, At safepoint: 5583 ns, Total: 179083 ns
[2022-04-28T08:45:49.249+0000][8][safepoint   ] Safepoint "Cleanup", Time since last: 1002195501 ns, Reaching safepoint: 263125 ns, At safepoint: 116833 ns, Total: 379958 ns
[2022-04-28T08:45:51.261+0000][8][safepoint   ] Safepoint "Cleanup", Time since last: 2012434167 ns, Reaching safepoint: 321792 ns, At safepoint: 10875 ns, Total: 332667 ns
[2022-04-28T08:45:54.040+0000][8][gc,start    ] GC(34) Pause Young (Normal) (G1 Evacuation Pause)
[2022-04-28T08:45:54.041+0000][8][gc,task     ] GC(34) Using 5 workers of 5 for evacuation
[2022-04-28T08:45:54.041+0000][8][gc,age      ] GC(34) Desired survivor size 20971520 bytes, new threshold 15 (max threshold 15)
[2022-04-28T08:45:54.047+0000][8][gc,age      ] GC(34) Age table with threshold 15 (max threshold 15)
[2022-04-28T08:45:54.047+0000][8][gc,age      ] GC(34) - age   1:    1059488 bytes,    1059488 total
[2022-04-28T08:45:54.048+0000][8][gc,age      ] GC(34) - age   2:      61456 bytes,    1120944 total
[2022-04-28T08:45:54.049+0000][8][gc,age      ] GC(34) - age   3:     128760 bytes,    1249704 total
[2022-04-28T08:45:54.050+0000][8][gc,age      ] GC(34) - age   4:      28856 bytes,    1278560 total
[2022-04-28T08:45:54.051+0000][8][gc,age      ] GC(34) - age   5:     163480 bytes,    1442040 total
[2022-04-28T08:45:54.051+0000][8][gc,age      ] GC(34) - age   6:     260088 bytes,    1702128 total
[2022-04-28T08:45:54.052+0000][8][gc,age      ] GC(34) - age   7:    1950832 bytes,    3652960 total
[2022-04-28T08:45:54.053+0000][8][gc,age      ] GC(34) - age   8:    5676336 bytes,    9329296 total
[2022-04-28T08:45:54.054+0000][8][gc,age      ] GC(34) - age   9:    4126832 bytes,   13456128 total
[2022-04-28T08:45:54.054+0000][8][gc,age      ] GC(34) - age  10:    3559600 bytes,   17015728 total
[2022-04-28T08:45:54.055+0000][8][gc,phases   ] GC(34)   Pre Evacuate Collection Set: 0.1ms
[2022-04-28T08:45:54.055+0000][8][gc,phases   ] GC(34)   Merge Heap Roots: 0.1ms
[2022-04-28T08:45:54.056+0000][8][gc,phases   ] GC(34)   Evacuate Collection Set: 3.1ms
[2022-04-28T08:45:54.057+0000][8][gc,phases   ] GC(34)   Post Evacuate Collection Set: 1.2ms
[2022-04-28T08:45:54.057+0000][8][gc,phases   ] GC(34)   Other: 10.4ms
[2022-04-28T08:45:54.058+0000][8][gc,heap     ] GC(34) Eden regions: 68->0(68)
[2022-04-28T08:45:54.059+0000][8][gc,heap     ] GC(34) Survivor regions: 5->5(10)
[2022-04-28T08:45:54.059+0000][8][gc,heap     ] GC(34) Old regions: 22->22
[2022-04-28T08:45:54.060+0000][8][gc,heap     ] GC(34) Archive regions: 2->2
[2022-04-28T08:45:54.060+0000][8][gc,heap     ] GC(34) Humongous regions: 6->6
[2022-04-28T08:45:54.061+0000][8][gc,metaspace] GC(34) Metaspace: 115272K(117120K)->115272K(117120K) NonClass: 99803K(100864K)->99803K(100864K) Class: 15468K(16256K)->15468K(16256K)
[2022-04-28T08:45:54.062+0000][8][gc          ] GC(34) Pause Young (Normal) (G1 Evacuation Pause) 404M->132M(512M) 21.591ms
[2022-04-28T08:45:54.062+0000][8][gc,cpu      ] GC(34) User=0.01s Sys=0.00s Real=0.02s
[2022-04-28T08:45:54.063+0000][8][safepoint   ] Safepoint "G1CollectForAllocation", Time since last: 2778556918 ns, Reaching safepoint: 76000 ns, At safepoint: 22994000 ns, Total: 23070000 ns
[2022-04-28T08:45:55.064+0000][8][safepoint   ] Safepoint "Cleanup", Time since last: 1001337167 ns, Reaching safepoint: 86000 ns, At safepoint: 5542 ns, Total: 91542 ns
[2022-04-28T08:45:56.067+0000][8][safepoint   ] Safepoint "Cleanup", Time since last: 1002627250 ns, Reaching safepoint: 285417 ns, At safepoint: 8917 ns, Total: 294334 ns
[2022-04-28T08:45:57.071+0000][8][safepoint   ] Safepoint "Cleanup", Time since last: 1003184917 ns, Reaching safepoint: 152125 ns, At safepoint: 5708 ns, Total: 157833 ns
[2022-04-28T08:45:59.090+0000][8][safepoint   ] Safepoint "Cleanup", Time since last: 2018922335 ns, Reaching safepoint: 473666 ns, At safepoint: 13292 ns, Total: 486958 ns
[2022-04-28T08:46:00.093+0000][8][safepoint   ] Safepoint "Cleanup", Time since last: 1002583167 ns, Reaching safepoint: 285375 ns, At safepoint: 22125 ns, Total: 307500 ns
[2022-04-28T08:46:01.096+0000][8][safepoint   ] Safepoint "Cleanup", Time since last: 1002273625 ns, Reaching safepoint: 224042 ns, At safepoint: 5042 ns, Total: 229084 ns
[2022-04-28T08:46:02.098+0000][8][safepoint   ] Safepoint "Cleanup", Time since last: 1002291667 ns, Reaching safepoint: 326625 ns, At safepoint: 10583 ns, Total: 337208 ns
[2022-04-28T08:46:03.106+0000][8][safepoint   ] Safepoint "Cleanup", Time since last: 1007919959 ns, Reaching safepoint: 248167 ns, At safepoint: 9541 ns, Total: 257708 ns
[2022-04-28T08:46:04.116+0000][8][safepoint   ] Safepoint "Cleanup", Time since last: 1005072542 ns, Reaching safepoint: 295500 ns, At safepoint: 13917 ns, Total: 309417 ns
[2022-04-28T08:46:06.128+0000][8][safepoint   ] Safepoint "Cleanup", Time since last: 2011197418 ns, Reaching safepoint: 231208 ns, At safepoint: 2625 ns, Total: 233833 ns
[2022-04-28T08:46:07.133+0000][8][safepoint   ] Safepoint "Cleanup", Time since last: 1003019792 ns, Reaching safepoint: 1924333 ns, At safepoint: 15375 ns, Total: 1939708 ns
[2022-04-28T08:46:08.144+0000][8][safepoint   ] Safepoint "Cleanup", Time since last: 1011159293 ns, Reaching safepoint: 64875 ns, At safepoint: 1833 ns, Total: 66708 ns
[2022-04-28T08:46:09.178+0000][8][safepoint   ] Safepoint "Cleanup", Time since last: 1033555625 ns, Reaching safepoint: 427792 ns, At safepoint: 10625 ns, Total: 438417 ns
[2022-04-28T08:46:10.192+0000][8][safepoint   ] Safepoint "Cleanup", Time since last: 1014212334 ns, Reaching safepoint: 170042 ns, At safepoint: 10916 ns, Total: 180958 ns
[2022-04-28T08:46:11.196+0000][8][safepoint   ] Safepoint "Cleanup", Time since last: 1003397584 ns, Reaching safepoint: 339458 ns, At safepoint: 11500 ns, Total: 350958 ns
[2022-04-28T08:46:12.205+0000][8][safepoint   ] Safepoint "Cleanup", Time since last: 1009010126 ns, Reaching safepoint: 110750 ns, At safepoint: 5666 ns, Total: 116416 ns
[2022-04-28T08:46:14.209+0000][8][safepoint   ] Safepoint "Cleanup", Time since last: 2003624960 ns, Reaching safepoint: 368541 ns, At safepoint: 8917 ns, Total: 377458 ns
[2022-04-28T08:46:15.220+0000][8][safepoint   ] Safepoint "Cleanup", Time since last: 1010461126 ns, Reaching safepoint: 331458 ns, At safepoint: 11917 ns, Total: 343375 ns
[2022-04-28T08:46:16.223+0000][8][safepoint   ] Safepoint "Cleanup", Time since last: 1002352083 ns, Reaching safepoint: 360875 ns, At safepoint: 8209 ns, Total: 369084 ns
[2022-04-28T08:46:18.232+0000][8][safepoint   ] Safepoint "Cleanup", Time since last: 2009164126 ns, Reaching safepoint: 50375 ns, At safepoint: 2083 ns, Total: 52458 ns
[2022-04-28T08:46:19.234+0000][8][safepoint   ] Safepoint "Cleanup", Time since last: 1001731584 ns, Reaching safepoint: 147541 ns, At safepoint: 5750 ns, Total: 153291 ns
[2022-04-28T08:46:21.246+0000][8][safepoint   ] Safepoint "Cleanup", Time since last: 2011775585 ns, Reaching safepoint: 606625 ns, At safepoint: 19208 ns, Total: 625833 ns
[2022-04-28T08:46:24.257+0000][8][safepoint   ] Safepoint "Cleanup", Time since last: 3010509168 ns, Reaching safepoint: 116750 ns, At safepoint: 12292 ns, Total: 129042 ns
[2022-04-28T08:46:26.261+0000][8][safepoint   ] Safepoint "Cleanup", Time since last: 2002871584 ns, Reaching safepoint: 999625 ns, At safepoint: 10250 ns, Total: 1009875 ns
[2022-04-28T08:46:27.278+0000][8][safepoint   ] Safepoint "Cleanup", Time since last: 1003309626 ns, Reaching safepoint: 13833708 ns, At safepoint: 23958 ns, Total: 13857666 ns
[2022-04-28T08:46:29.288+0000][8][safepoint   ] Safepoint "Cleanup", Time since last: 2009989418 ns, Reaching safepoint: 230500 ns, At safepoint: 5292 ns, Total: 235792 ns
[2022-04-28T08:46:30.292+0000][8][safepoint   ] Safepoint "Cleanup", Time since last: 1003304458 ns, Reaching safepoint: 231959 ns, At safepoint: 9875 ns, Total: 241834 ns
[2022-04-28T08:46:31.306+0000][8][safepoint   ] Safepoint "Cleanup", Time since last: 1013941834 ns, Reaching safepoint: 86416 ns, At safepoint: 2709 ns, Total: 89125 ns
[2022-04-28T08:46:33.309+0000][8][safepoint   ] Safepoint "Cleanup", Time since last: 2002612626 ns, Reaching safepoint: 469375 ns, At safepoint: 33375 ns, Total: 502750 ns
[2022-04-28T08:46:34.310+0000][8][safepoint   ] Safepoint "Cleanup", Time since last: 1009395583 ns, Reaching safepoint: 528333 ns, At safepoint: 17042 ns, Total: 545375 ns
[2022-04-28T08:46:36.322+0000][8][safepoint   ] Safepoint "Cleanup", Time since last: 2010969792 ns, Reaching safepoint: 349500 ns, At safepoint: 15292 ns, Total: 364792 ns
[2022-04-28T08:46:38.328+0000][8][safepoint   ] Safepoint "Cleanup", Time since last: 2005754501 ns, Reaching safepoint: 328500 ns, At safepoint: 12542 ns, Total: 341042 ns
[2022-04-28T08:46:39.336+0000][8][safepoint   ] Safepoint "Cleanup", Time since last: 1007222917 ns, Reaching safepoint: 552666 ns, At safepoint: 14667 ns, Total: 567333 ns
[2022-04-28T08:46:40.339+0000][8][safepoint   ] Safepoint "Cleanup", Time since last: 1002579751 ns, Reaching safepoint: 402125 ns, At safepoint: 12708 ns, Total: 414833 ns
[2022-04-28T08:46:41.345+0000][8][safepoint   ] Safepoint "Cleanup", Time since last: 1006200042 ns, Reaching safepoint: 254417 ns, At safepoint: 12583 ns, Total: 267000 ns
[2022-04-28T08:46:42.354+0000][8][safepoint   ] Safepoint "Cleanup", Time since last: 1008652709 ns, Reaching safepoint: 220875 ns, At safepoint: 24792 ns, Total: 245667 ns
[2022-04-28T08:46:44.357+0000][8][safepoint   ] Safepoint "Cleanup", Time since last: 2002816292 ns, Reaching safepoint: 197167 ns, At safepoint: 8917 ns, Total: 206084 ns
[2022-04-28T08:46:45.365+0000][8][safepoint   ] Safepoint "Cleanup", Time since last: 1008333833 ns, Reaching safepoint: 138084 ns, At safepoint: 5625 ns, Total: 143709 ns
[2022-04-28T08:46:46.374+0000][8][safepoint   ] Safepoint "Cleanup", Time since last: 1007595750 ns, Reaching safepoint: 752250 ns, At safepoint: 25083 ns, Total: 777333 ns
[2022-04-28T08:46:48.385+0000][8][safepoint   ] Safepoint "Cleanup", Time since last: 2011015793 ns, Reaching safepoint: 208292 ns, At safepoint: 9291 ns, Total: 217583 ns
[2022-04-28T08:46:49.386+0000][8][safepoint   ] Safepoint "Cleanup", Time since last: 1000746751 ns, Reaching safepoint: 150708 ns, At safepoint: 5750 ns, Total: 156458 ns
[2022-04-28T08:46:51.392+0000][8][safepoint   ] Safepoint "Cleanup", Time since last: 2005497418 ns, Reaching safepoint: 290958 ns, At safepoint: 10375 ns, Total: 301333 ns
[2022-04-28T08:46:54.410+0000][8][safepoint   ] Safepoint "Cleanup", Time since last: 3018253918 ns, Reaching safepoint: 86750 ns, At safepoint: 2625 ns, Total: 89375 ns
[2022-04-28T08:46:55.412+0000][8][safepoint   ] Safepoint "Cleanup", Time since last: 1001572376 ns, Reaching safepoint: 210708 ns, At safepoint: 9958 ns, Total: 220666 ns
[2022-04-28T08:46:56.420+0000][8][safepoint   ] Safepoint "Cleanup", Time since last: 1007665043 ns, Reaching safepoint: 200125 ns, At safepoint: 8291 ns, Total: 208416 ns
[2022-04-28T08:46:57.423+0000][8][safepoint   ] Safepoint "Cleanup", Time since last: 1003522292 ns, Reaching safepoint: 183084 ns, At safepoint: 7041 ns, Total: 190125 ns
[2022-04-28T08:46:58.445+0000][8][safepoint   ] Safepoint "Cleanup", Time since last: 1021124584 ns, Reaching safepoint: 407250 ns, At safepoint: 16917 ns, Total: 424167 ns
[2022-04-28T08:46:59.463+0000][8][safepoint   ] Safepoint "Cleanup", Time since last: 1017757250 ns, Reaching safepoint: 251042 ns, At safepoint: 8417 ns, Total: 259459 ns
[2022-04-28T08:47:00.468+0000][8][safepoint   ] Safepoint "Cleanup", Time since last: 1004206375 ns, Reaching safepoint: 443042 ns, At safepoint: 14250 ns, Total: 457292 ns
[2022-04-28T08:47:01.475+0000][8][safepoint   ] Safepoint "Cleanup", Time since last: 1006877750 ns, Reaching safepoint: 327042 ns, At safepoint: 11833 ns, Total: 338875 ns
[2022-04-28T08:47:03.483+0000][8][safepoint   ] Safepoint "Cleanup", Time since last: 2008396501 ns, Reaching safepoint: 122750 ns, At safepoint: 5834 ns, Total: 128584 ns
[2022-04-28T08:47:04.498+0000][8][safepoint   ] Safepoint "Cleanup", Time since last: 1010263041 ns, Reaching safepoint: 341708 ns, At safepoint: 15959 ns, Total: 357667 ns
[2022-04-28T08:47:06.294+0000][8][gc,start    ] GC(35) Pause Young (Normal) (G1 Evacuation Pause)
[2022-04-28T08:47:06.294+0000][8][gc,task     ] GC(35) Using 5 workers of 5 for evacuation
[2022-04-28T08:47:06.295+0000][8][gc,age      ] GC(35) Desired survivor size 20971520 bytes, new threshold 15 (max threshold 15)
[2022-04-28T08:47:06.300+0000][8][gc,age      ] GC(35) Age table with threshold 15 (max threshold 15)
[2022-04-28T08:47:06.302+0000][8][gc,age      ] GC(35) - age   1:    1833736 bytes,    1833736 total
[2022-04-28T08:47:06.302+0000][8][gc,age      ] GC(35) - age   2:      63048 bytes,    1896784 total
[2022-04-28T08:47:06.303+0000][8][gc,age      ] GC(35) - age   3:      59888 bytes,    1956672 total
[2022-04-28T08:47:06.304+0000][8][gc,age      ] GC(35) - age   4:     128576 bytes,    2085248 total
[2022-04-28T08:47:06.305+0000][8][gc,age      ] GC(35) - age   5:      28352 bytes,    2113600 total
[2022-04-28T08:47:06.306+0000][8][gc,age      ] GC(35) - age   6:     163480 bytes,    2277080 total
[2022-04-28T08:47:06.306+0000][8][gc,age      ] GC(35) - age   7:     259912 bytes,    2536992 total
[2022-04-28T08:47:06.307+0000][8][gc,age      ] GC(35) - age   8:    1950688 bytes,    4487680 total
[2022-04-28T08:47:06.308+0000][8][gc,age      ] GC(35) - age   9:    5676336 bytes,   10164016 total
[2022-04-28T08:47:06.309+0000][8][gc,age      ] GC(35) - age  10:    4126832 bytes,   14290848 total
[2022-04-28T08:47:06.309+0000][8][gc,age      ] GC(35) - age  11:    3559600 bytes,   17850448 total
[2022-04-28T08:47:06.310+0000][8][gc,phases   ] GC(35)   Pre Evacuate Collection Set: 0.1ms
[2022-04-28T08:47:06.311+0000][8][gc,phases   ] GC(35)   Merge Heap Roots: 0.1ms
[2022-04-28T08:47:06.311+0000][8][gc,phases   ] GC(35)   Evacuate Collection Set: 3.2ms
[2022-04-28T08:47:06.312+0000][8][gc,phases   ] GC(35)   Post Evacuate Collection Set: 1.2ms
[2022-04-28T08:47:06.313+0000][8][gc,phases   ] GC(35)   Other: 11.7ms
[2022-04-28T08:47:06.314+0000][8][gc,heap     ] GC(35) Eden regions: 68->0(68)
[2022-04-28T08:47:06.315+0000][8][gc,heap     ] GC(35) Survivor regions: 5->5(10)
[2022-04-28T08:47:06.315+0000][8][gc,heap     ] GC(35) Old regions: 22->22
[2022-04-28T08:47:06.316+0000][8][gc,heap     ] GC(35) Archive regions: 2->2
[2022-04-28T08:47:06.317+0000][8][gc,heap     ] GC(35) Humongous regions: 6->6
[2022-04-28T08:47:06.317+0000][8][gc,metaspace] GC(35) Metaspace: 115501K(117312K)->115501K(117312K) NonClass: 100033K(101056K)->100033K(101056K) Class: 15468K(16256K)->15468K(16256K)
[2022-04-28T08:47:06.318+0000][8][gc          ] GC(35) Pause Young (Normal) (G1 Evacuation Pause) 404M->133M(512M) 24.248ms
[2022-04-28T08:47:06.319+0000][8][gc,cpu      ] GC(35) User=0.02s Sys=0.01s Real=0.03s
[2022-04-28T08:47:06.319+0000][8][safepoint   ] Safepoint "G1CollectForAllocation", Time since last: 1795170376 ns, Reaching safepoint: 109083 ns, At safepoint: 25756708 ns, Total: 25865791 ns
[2022-04-28T08:47:08.324+0000][8][safepoint   ] Safepoint "Cleanup", Time since last: 2004214543 ns, Reaching safepoint: 335417 ns, At safepoint: 7958 ns, Total: 343375 ns
[2022-04-28T08:47:09.328+0000][8][safepoint   ] Safepoint "Cleanup", Time since last: 1002112292 ns, Reaching safepoint: 2388792 ns, At safepoint: 17500 ns, Total: 2406292 ns
[2022-04-28T08:47:10.340+0000][8][safepoint   ] Safepoint "Cleanup", Time since last: 1011607875 ns, Reaching safepoint: 250084 ns, At safepoint: 9708 ns, Total: 259792 ns
[2022-04-28T08:47:11.349+0000][8][safepoint   ] Safepoint "Cleanup", Time since last: 1007668750 ns, Reaching safepoint: 682542 ns, At safepoint: 14708 ns, Total: 697250 ns
[2022-04-28T08:47:12.361+0000][8][safepoint   ] Safepoint "Cleanup", Time since last: 1012279209 ns, Reaching safepoint: 261250 ns, At safepoint: 5584 ns, Total: 266834 ns
[2022-04-28T08:47:13.364+0000][8][safepoint   ] Safepoint "Cleanup", Time since last: 1002551583 ns, Reaching safepoint: 402750 ns, At safepoint: 10000 ns, Total: 412750 ns
[2022-04-28T08:47:14.367+0000][8][safepoint   ] Safepoint "Cleanup", Time since last: 1002954292 ns, Reaching safepoint: 113792 ns, At safepoint: 5875 ns, Total: 119667 ns
[2022-04-28T08:47:15.373+0000][8][safepoint   ] Safepoint "Cleanup", Time since last: 1005553417 ns, Reaching safepoint: 366084 ns, At safepoint: 7083 ns, Total: 373167 ns
[2022-04-28T08:47:16.380+0000][8][safepoint   ] Safepoint "Cleanup", Time since last: 1005990709 ns, Reaching safepoint: 315208 ns, At safepoint: 8917 ns, Total: 324125 ns
[2022-04-28T08:47:18.384+0000][8][safepoint   ] Safepoint "Cleanup", Time since last: 2004220292 ns, Reaching safepoint: 199959 ns, At safepoint: 7500 ns, Total: 207459 ns
[2022-04-28T08:47:19.386+0000][8][safepoint   ] Safepoint "Cleanup", Time since last: 1001770750 ns, Reaching safepoint: 90834 ns, At safepoint: 3666 ns, Total: 94500 ns
[2022-04-28T08:47:21.389+0000][8][safepoint   ] Safepoint "Cleanup", Time since last: 2003100210 ns, Reaching safepoint: 56166 ns, At safepoint: 2750 ns, Total: 58916 ns
[2022-04-28T08:47:24.395+0000][8][safepoint   ] Safepoint "Cleanup", Time since last: 3005306168 ns, Reaching safepoint: 105417 ns, At safepoint: 118250 ns, Total: 223667 ns
[2022-04-28T08:47:26.399+0000][8][safepoint   ] Safepoint "Cleanup", Time since last: 2003669959 ns, Reaching safepoint: 543459 ns, At safepoint: 10166 ns, Total: 553625 ns
[2022-04-28T08:47:27.412+0000][8][safepoint   ] Safepoint "Cleanup", Time since last: 1013237542 ns, Reaching safepoint: 238500 ns, At safepoint: 7709 ns, Total: 246209 ns
[2022-04-28T08:47:29.425+0000][8][safepoint   ] Safepoint "Cleanup", Time since last: 2012493376 ns, Reaching safepoint: 422875 ns, At safepoint: 7916 ns, Total: 430791 ns
[2022-04-28T08:47:30.430+0000][8][safepoint   ] Safepoint "Cleanup", Time since last: 1004808334 ns, Reaching safepoint: 252708 ns, At safepoint: 8792 ns, Total: 261500 ns
[2022-04-28T08:47:31.433+0000][8][safepoint   ] Safepoint "Cleanup", Time since last: 1002535459 ns, Reaching safepoint: 142542 ns, At safepoint: 4000 ns, Total: 146542 ns
[2022-04-28T08:47:32.434+0000][8][safepoint   ] Safepoint "Cleanup", Time since last: 1000933958 ns, Reaching safepoint: 84542 ns, At safepoint: 2750 ns, Total: 87292 ns
[2022-04-28T08:47:33.440+0000][8][safepoint   ] Safepoint "Cleanup", Time since last: 1005659042 ns, Reaching safepoint: 246834 ns, At safepoint: 7916 ns, Total: 254750 ns
[2022-04-28T08:47:34.446+0000][8][safepoint   ] Safepoint "Cleanup", Time since last: 1009193167 ns, Reaching safepoint: 868500 ns, At safepoint: 21125 ns, Total: 889625 ns
[2022-04-28T08:47:36.460+0000][8][safepoint   ] Safepoint "Cleanup", Time since last: 2013278084 ns, Reaching safepoint: 267375 ns, At safepoint: 8792 ns, Total: 276167 ns
[2022-04-28T08:47:38.468+0000][8][safepoint   ] Safepoint "Cleanup", Time since last: 2007825084 ns, Reaching safepoint: 490209 ns, At safepoint: 14000 ns, Total: 504209 ns
[2022-04-28T08:47:39.496+0000][8][safepoint   ] Safepoint "Cleanup", Time since last: 1028328084 ns, Reaching safepoint: 200000 ns, At safepoint: 11916 ns, Total: 211916 ns
[2022-04-28T08:47:40.501+0000][8][safepoint   ] Safepoint "Cleanup", Time since last: 1003851251 ns, Reaching safepoint: 252875 ns, At safepoint: 8458 ns, Total: 261333 ns
[2022-04-28T08:47:41.505+0000][8][safepoint   ] Safepoint "Cleanup", Time since last: 1003881000 ns, Reaching safepoint: 295750 ns, At safepoint: 8584 ns, Total: 304334 ns
[2022-04-28T08:47:42.511+0000][8][safepoint   ] Safepoint "Cleanup", Time since last: 1005856959 ns, Reaching safepoint: 268916 ns, At safepoint: 6625 ns, Total: 275541 ns
[2022-04-28T08:47:44.522+0000][8][safepoint   ] Safepoint "Cleanup", Time since last: 2007756960 ns, Reaching safepoint: 2937333 ns, At safepoint: 24750 ns, Total: 2962083 ns
[2022-04-28T08:47:45.527+0000][8][safepoint   ] Safepoint "Cleanup", Time since last: 1004536459 ns, Reaching safepoint: 445958 ns, At safepoint: 144083 ns, Total: 590041 ns
[2022-04-28T08:47:46.536+0000][8][safepoint   ] Safepoint "Cleanup", Time since last: 1009497293 ns, Reaching safepoint: 217166 ns, At safepoint: 6667 ns, Total: 223833 ns
[2022-04-28T08:47:48.081+0000][8][safepoint   ] Safepoint "Cleanup", Time since last: 1543982501 ns, Reaching safepoint: 112791 ns, At safepoint: 43250 ns, Total: 156041 ns
[2022-04-28T08:47:49.082+0000][8][safepoint   ] Safepoint "Cleanup", Time since last: 1001577834 ns, Reaching safepoint: 99250 ns, At safepoint: 4958 ns, Total: 104208 ns
[2022-04-28T08:47:51.084+0000][8][safepoint   ] Safepoint "Cleanup", Time since last: 2000877710 ns, Reaching safepoint: 415000 ns, At safepoint: 15708 ns, Total: 430708 ns
[2022-04-28T08:47:54.090+0000][8][safepoint   ] Safepoint "Cleanup", Time since last: 3006499876 ns, Reaching safepoint: 117250 ns, At safepoint: 3792 ns, Total: 121042 ns
[2022-04-28T08:47:55.093+0000][8][safepoint   ] Safepoint "Cleanup", Time since last: 1002741292 ns, Reaching safepoint: 173709 ns, At safepoint: 9416 ns, Total: 183125 ns
[2022-04-28T08:47:56.100+0000][8][safepoint   ] Safepoint "Cleanup", Time since last: 1007225042 ns, Reaching safepoint: 89334 ns, At safepoint: 5041 ns, Total: 94375 ns
[2022-04-28T08:47:57.102+0000][8][safepoint   ] Safepoint "Cleanup", Time since last: 1001475668 ns, Reaching safepoint: 208791 ns, At safepoint: 7417 ns, Total: 216208 ns
[2022-04-28T08:47:59.110+0000][8][safepoint   ] Safepoint "Cleanup", Time since last: 2007461834 ns, Reaching safepoint: 550125 ns, At safepoint: 12334 ns, Total: 562459 ns
[2022-04-28T08:48:00.124+0000][8][safepoint   ] Safepoint "Cleanup", Time since last: 1013840000 ns, Reaching safepoint: 96208 ns, At safepoint: 3417 ns, Total: 99625 ns
[2022-04-28T08:48:01.126+0000][8][safepoint   ] Safepoint "Cleanup", Time since last: 1001673500 ns, Reaching safepoint: 162250 ns, At safepoint: 4292 ns, Total: 166542 ns
[2022-04-28T08:48:02.130+0000][8][safepoint   ] Safepoint "Cleanup", Time since last: 1003508751 ns, Reaching safepoint: 489000 ns, At safepoint: 8208 ns, Total: 497208 ns
[2022-04-28T08:48:03.136+0000][8][safepoint   ] Safepoint "Cleanup", Time since last: 1006194917 ns, Reaching safepoint: 217708 ns, At safepoint: 8792 ns, Total: 226500 ns
[2022-04-28T08:48:04.143+0000][8][safepoint   ] Safepoint "Cleanup", Time since last: 1004748167 ns, Reaching safepoint: 1091458 ns, At safepoint: 13667 ns, Total: 1105125 ns
[2022-04-28T08:48:06.154+0000][8][safepoint   ] Safepoint "Cleanup", Time since last: 2011082542 ns, Reaching safepoint: 125750 ns, At safepoint: 4709 ns, Total: 130459 ns
[2022-04-28T08:48:07.162+0000][8][safepoint   ] Safepoint "Cleanup", Time since last: 1007337500 ns, Reaching safepoint: 997667 ns, At safepoint: 15083 ns, Total: 1012750 ns
[2022-04-28T08:48:09.175+0000][8][safepoint   ] Safepoint "Cleanup", Time since last: 2012373876 ns, Reaching safepoint: 237542 ns, At safepoint: 9750 ns, Total: 247292 ns
[2022-04-28T08:48:10.181+0000][8][safepoint   ] Safepoint "Cleanup", Time since last: 1006150917 ns, Reaching safepoint: 79708 ns, At safepoint: 3750 ns, Total: 83458 ns
[2022-04-28T08:48:11.186+0000][8][safepoint   ] Safepoint "Cleanup", Time since last: 1004660667 ns, Reaching safepoint: 318000 ns, At safepoint: 10917 ns, Total: 328917 ns
[2022-04-28T08:48:12.197+0000][8][safepoint   ] Safepoint "Cleanup", Time since last: 1011372125 ns, Reaching safepoint: 131459 ns, At safepoint: 3916 ns, Total: 135375 ns
[2022-04-28T08:48:14.200+0000][8][safepoint   ] Safepoint "Cleanup", Time since last: 2002365501 ns, Reaching safepoint: 350959 ns, At safepoint: 12500 ns, Total: 363459 ns
[2022-04-28T08:48:15.215+0000][8][safepoint   ] Safepoint "Cleanup", Time since last: 1014352959 ns, Reaching safepoint: 244833 ns, At safepoint: 11708 ns, Total: 256541 ns
[2022-04-28T08:48:16.219+0000][8][safepoint   ] Safepoint "Cleanup", Time since last: 1003677042 ns, Reaching safepoint: 290167 ns, At safepoint: 11000 ns, Total: 301167 ns
[2022-04-28T08:48:18.223+0000][8][safepoint   ] Safepoint "Cleanup", Time since last: 2003885209 ns, Reaching safepoint: 72917 ns, At safepoint: 2667 ns, Total: 75584 ns
[2022-04-28T08:48:19.224+0000][8][safepoint   ] Safepoint "Cleanup", Time since last: 1001318625 ns, Reaching safepoint: 199292 ns, At safepoint: 5208 ns, Total: 204500 ns
[2022-04-28T08:48:19.295+0000][8][gc,start    ] GC(36) Pause Young (Normal) (G1 Evacuation Pause)
[2022-04-28T08:48:19.296+0000][8][gc,task     ] GC(36) Using 5 workers of 5 for evacuation
[2022-04-28T08:48:19.297+0000][8][gc,age      ] GC(36) Desired survivor size 20971520 bytes, new threshold 15 (max threshold 15)
[2022-04-28T08:48:19.302+0000][8][gc,age      ] GC(36) Age table with threshold 15 (max threshold 15)
[2022-04-28T08:48:19.303+0000][8][gc,age      ] GC(36) - age   1:    1278816 bytes,    1278816 total
[2022-04-28T08:48:19.304+0000][8][gc,age      ] GC(36) - age   2:     227552 bytes,    1506368 total
[2022-04-28T08:48:19.305+0000][8][gc,age      ] GC(36) - age   3:      61080 bytes,    1567448 total
[2022-04-28T08:48:19.305+0000][8][gc,age      ] GC(36) - age   4:      59584 bytes,    1627032 total
[2022-04-28T08:48:19.306+0000][8][gc,age      ] GC(36) - age   5:     115112 bytes,    1742144 total
[2022-04-28T08:48:19.307+0000][8][gc,age      ] GC(36) - age   6:      28352 bytes,    1770496 total
[2022-04-28T08:48:19.307+0000][8][gc,age      ] GC(36) - age   7:     161960 bytes,    1932456 total
[2022-04-28T08:48:19.308+0000][8][gc,age      ] GC(36) - age   8:     259912 bytes,    2192368 total
[2022-04-28T08:48:19.309+0000][8][gc,age      ] GC(36) - age   9:    1950688 bytes,    4143056 total
[2022-04-28T08:48:19.310+0000][8][gc,age      ] GC(36) - age  10:    5676336 bytes,    9819392 total
[2022-04-28T08:48:19.310+0000][8][gc,age      ] GC(36) - age  11:    4126832 bytes,   13946224 total
[2022-04-28T08:48:19.311+0000][8][gc,age      ] GC(36) - age  12:    3559600 bytes,   17505824 total
[2022-04-28T08:48:19.312+0000][8][gc,phases   ] GC(36)   Pre Evacuate Collection Set: 0.1ms
[2022-04-28T08:48:19.313+0000][8][gc,phases   ] GC(36)   Merge Heap Roots: 0.3ms
[2022-04-28T08:48:19.313+0000][8][gc,phases   ] GC(36)   Evacuate Collection Set: 3.0ms
[2022-04-28T08:48:19.314+0000][8][gc,phases   ] GC(36)   Post Evacuate Collection Set: 1.1ms
[2022-04-28T08:48:19.315+0000][8][gc,phases   ] GC(36)   Other: 12.9ms
[2022-04-28T08:48:19.316+0000][8][gc,heap     ] GC(36) Eden regions: 68->0(68)
[2022-04-28T08:48:19.316+0000][8][gc,heap     ] GC(36) Survivor regions: 5->5(10)
[2022-04-28T08:48:19.317+0000][8][gc,heap     ] GC(36) Old regions: 22->22
[2022-04-28T08:48:19.318+0000][8][gc,heap     ] GC(36) Archive regions: 2->2
[2022-04-28T08:48:19.318+0000][8][gc,heap     ] GC(36) Humongous regions: 6->6
[2022-04-28T08:48:19.319+0000][8][gc,metaspace] GC(36) Metaspace: 115594K(117376K)->115594K(117376K) NonClass: 100125K(101120K)->100125K(101120K) Class: 15468K(16256K)->15468K(16256K)
[2022-04-28T08:48:19.319+0000][8][gc          ] GC(36) Pause Young (Normal) (G1 Evacuation Pause) 405M->133M(512M) 24.869ms
[2022-04-28T08:48:19.321+0000][8][gc,cpu      ] GC(36) User=0.02s Sys=0.01s Real=0.03s
[2022-04-28T08:48:19.322+0000][8][safepoint   ] Safepoint "G1CollectForAllocation", Time since last: 70201625 ns, Reaching safepoint: 48625 ns, At safepoint: 27532000 ns, Total: 27580625 ns
[2022-04-28T08:48:20.327+0000][8][safepoint   ] Safepoint "Cleanup", Time since last: 1002933292 ns, Reaching safepoint: 2047042 ns, At safepoint: 41792 ns, Total: 2088834 ns
[2022-04-28T08:48:21.335+0000][8][safepoint   ] Safepoint "Cleanup", Time since last: 1008121792 ns, Reaching safepoint: 152583 ns, At safepoint: 5000 ns, Total: 157583 ns
[2022-04-28T08:48:24.340+0000][8][safepoint   ] Safepoint "Cleanup", Time since last: 3004472543 ns, Reaching safepoint: 280375 ns, At safepoint: 5375 ns, Total: 285750 ns
[2022-04-28T08:48:26.349+0000][8][safepoint   ] Safepoint "Cleanup", Time since last: 2008945751 ns, Reaching safepoint: 291500 ns, At safepoint: 14875 ns, Total: 306375 ns
[2022-04-28T08:48:27.364+0000][8][safepoint   ] Safepoint "Cleanup", Time since last: 1014079084 ns, Reaching safepoint: 903833 ns, At safepoint: 15792 ns, Total: 919625 ns
[2022-04-28T08:48:29.380+0000][8][safepoint   ] Safepoint "Cleanup", Time since last: 2013868376 ns, Reaching safepoint: 1737583 ns, At safepoint: 20000 ns, Total: 1757583 ns
[2022-04-28T08:48:30.406+0000][8][safepoint   ] Safepoint "Cleanup", Time since last: 1025691084 ns, Reaching safepoint: 283417 ns, At safepoint: 7583 ns, Total: 291000 ns
[2022-04-28T08:48:31.409+0000][8][safepoint   ] Safepoint "Cleanup", Time since last: 1003290709 ns, Reaching safepoint: 81750 ns, At safepoint: 3792 ns, Total: 85542 ns
[2022-04-28T08:48:32.414+0000][8][safepoint   ] Safepoint "Cleanup", Time since last: 1004118875 ns, Reaching safepoint: 531625 ns, At safepoint: 17500 ns, Total: 549125 ns
[2022-04-28T08:48:33.430+0000][8][safepoint   ] Safepoint "Cleanup", Time since last: 1015626417 ns, Reaching safepoint: 340375 ns, At safepoint: 8959 ns, Total: 349334 ns
[2022-04-28T08:48:34.456+0000][8][safepoint   ] Safepoint "Cleanup", Time since last: 1025575541 ns, Reaching safepoint: 257584 ns, At safepoint: 12416 ns, Total: 270000 ns
[2022-04-28T08:48:36.460+0000][8][safepoint   ] Safepoint "Cleanup", Time since last: 2004704293 ns, Reaching safepoint: 156583 ns, At safepoint: 5917 ns, Total: 162500 ns
[2022-04-28T08:48:38.472+0000][8][safepoint   ] Safepoint "Cleanup", Time since last: 2011266751 ns, Reaching safepoint: 555083 ns, At safepoint: 10375 ns, Total: 565458 ns
[2022-04-28T08:48:39.481+0000][8][safepoint   ] Safepoint "Cleanup", Time since last: 1008445334 ns, Reaching safepoint: 507875 ns, At safepoint: 19500 ns, Total: 527375 ns
[2022-04-28T08:48:40.490+0000][8][safepoint   ] Safepoint "Cleanup", Time since last: 1008439709 ns, Reaching safepoint: 140583 ns, At safepoint: 3959 ns, Total: 144542 ns
[2022-04-28T08:48:41.493+0000][8][safepoint   ] Safepoint "Cleanup", Time since last: 1002681917 ns, Reaching safepoint: 520083 ns, At safepoint: 6125 ns, Total: 526208 ns
[2022-04-28T08:48:42.495+0000][8][safepoint   ] Safepoint "Cleanup", Time since last: 1001876417 ns, Reaching safepoint: 229292 ns, At safepoint: 11250 ns, Total: 240542 ns
[2022-04-28T08:48:43.505+0000][8][safepoint   ] Safepoint "Cleanup", Time since last: 1009561250 ns, Reaching safepoint: 121250 ns, At safepoint: 5542 ns, Total: 126792 ns
[2022-04-28T08:48:44.508+0000][8][safepoint   ] Safepoint "Cleanup", Time since last: 1003474751 ns, Reaching safepoint: 243458 ns, At safepoint: 4875 ns, Total: 248333 ns
[2022-04-28T08:48:45.513+0000][8][safepoint   ] Safepoint "Cleanup", Time since last: 1004251000 ns, Reaching safepoint: 237584 ns, At safepoint: 13541 ns, Total: 251125 ns
[2022-04-28T08:48:46.527+0000][8][safepoint   ] Safepoint "Cleanup", Time since last: 1013489459 ns, Reaching safepoint: 481459 ns, At safepoint: 12916 ns, Total: 494375 ns
[2022-04-28T08:48:48.535+0000][8][safepoint   ] Safepoint "Cleanup", Time since last: 2008174709 ns, Reaching safepoint: 251709 ns, At safepoint: 19208 ns, Total: 270917 ns
[2022-04-28T08:48:49.538+0000][8][safepoint   ] Safepoint "Cleanup", Time since last: 1002586876 ns, Reaching safepoint: 81833 ns, At safepoint: 2958 ns, Total: 84791 ns
[2022-04-28T08:48:51.544+0000][8][safepoint   ] Safepoint "Cleanup", Time since last: 2005750960 ns, Reaching safepoint: 176041 ns, At safepoint: 5042 ns, Total: 181083 ns
[2022-04-28T08:48:54.554+0000][8][safepoint   ] Safepoint "Cleanup", Time since last: 3009363126 ns, Reaching safepoint: 672875 ns, At safepoint: 9292 ns, Total: 682167 ns
[2022-04-28T08:48:56.561+0000][8][safepoint   ] Safepoint "Cleanup", Time since last: 2005507084 ns, Reaching safepoint: 1521084 ns, At safepoint: 18000 ns, Total: 1539084 ns
[2022-04-28T08:48:57.574+0000][8][safepoint   ] Safepoint "Cleanup", Time since last: 1012472458 ns, Reaching safepoint: 126834 ns, At safepoint: 5291 ns, Total: 132125 ns
[2022-04-28T08:48:58.579+0000][8][safepoint   ] Safepoint "Cleanup", Time since last: 1005402543 ns, Reaching safepoint: 276083 ns, At safepoint: 11125 ns, Total: 287208 ns
[2022-04-28T08:49:00.598+0000][8][safepoint   ] Safepoint "Cleanup", Time since last: 2018270293 ns, Reaching safepoint: 347458 ns, At safepoint: 8417 ns, Total: 355875 ns
[2022-04-28T08:49:01.604+0000][8][safepoint   ] Safepoint "Cleanup", Time since last: 1005650083 ns, Reaching safepoint: 286125 ns, At safepoint: 9584 ns, Total: 295709 ns
[2022-04-28T08:49:02.613+0000][8][safepoint   ] Safepoint "Cleanup", Time since last: 1008778667 ns, Reaching safepoint: 139083 ns, At safepoint: 6042 ns, Total: 145125 ns
[2022-04-28T08:49:03.626+0000][8][safepoint   ] Safepoint "Cleanup", Time since last: 1013158834 ns, Reaching safepoint: 170333 ns, At safepoint: 6458 ns, Total: 176791 ns
[2022-04-28T08:49:06.647+0000][8][safepoint   ] Safepoint "Cleanup", Time since last: 3021177626 ns, Reaching safepoint: 207291 ns, At safepoint: 5084 ns, Total: 212375 ns
[2022-04-28T08:49:07.648+0000][8][safepoint   ] Safepoint "Cleanup", Time since last: 1001277834 ns, Reaching safepoint: 98666 ns, At safepoint: 4084 ns, Total: 102750 ns
[2022-04-28T08:49:08.651+0000][8][safepoint   ] Safepoint "Cleanup", Time since last: 1002255042 ns, Reaching safepoint: 299833 ns, At safepoint: 12083 ns, Total: 311916 ns
[2022-04-28T08:49:09.657+0000][8][safepoint   ] Safepoint "Cleanup", Time since last: 1005443251 ns, Reaching safepoint: 384125 ns, At safepoint: 15000 ns, Total: 399125 ns
[2022-04-28T08:49:10.662+0000][8][safepoint   ] Safepoint "Cleanup", Time since last: 1003953667 ns, Reaching safepoint: 1297875 ns, At safepoint: 14583 ns, Total: 1312458 ns
[2022-04-28T08:49:11.673+0000][8][safepoint   ] Safepoint "Cleanup", Time since last: 1010665918 ns, Reaching safepoint: 242041 ns, At safepoint: 11042 ns, Total: 253083 ns
[2022-04-28T08:49:12.678+0000][8][safepoint   ] Safepoint "Cleanup", Time since last: 1004403084 ns, Reaching safepoint: 227458 ns, At safepoint: 14625 ns, Total: 242083 ns
[2022-04-28T08:49:13.680+0000][8][safepoint   ] Safepoint "Cleanup", Time since last: 1002030959 ns, Reaching safepoint: 430125 ns, At safepoint: 11708 ns, Total: 441833 ns
[2022-04-28T08:49:15.690+0000][8][safepoint   ] Safepoint "Cleanup", Time since last: 2009727168 ns, Reaching safepoint: 229375 ns, At safepoint: 6291 ns, Total: 235666 ns
[2022-04-28T08:49:16.695+0000][8][safepoint   ] Safepoint "Cleanup", Time since last: 1004082793 ns, Reaching safepoint: 563583 ns, At safepoint: 14250 ns, Total: 577833 ns
[2022-04-28T08:49:18.705+0000][8][safepoint   ] Safepoint "Cleanup", Time since last: 2009791501 ns, Reaching safepoint: 165250 ns, At safepoint: 9042 ns, Total: 174292 ns
[2022-04-28T08:49:21.719+0000][8][safepoint   ] Safepoint "Cleanup", Time since last: 3013596918 ns, Reaching safepoint: 329458 ns, At safepoint: 12292 ns, Total: 341750 ns
[2022-04-28T08:49:24.727+0000][8][safepoint   ] Safepoint "Cleanup", Time since last: 3007571668 ns, Reaching safepoint: 982458 ns, At safepoint: 7792 ns, Total: 990250 ns
[2022-04-28T08:49:25.734+0000][8][safepoint   ] Safepoint "Cleanup", Time since last: 1005993250 ns, Reaching safepoint: 1073125 ns, At safepoint: 8334 ns, Total: 1081459 ns
[2022-04-28T08:49:26.746+0000][8][safepoint   ] Safepoint "Cleanup", Time since last: 1011163458 ns, Reaching safepoint: 162250 ns, At safepoint: 8459 ns, Total: 170709 ns
[2022-04-28T08:49:27.753+0000][8][safepoint   ] Safepoint "Cleanup", Time since last: 1005257125 ns, Reaching safepoint: 1961125 ns, At safepoint: 18334 ns, Total: 1979459 ns
[2022-04-28T08:49:28.756+0000][8][safepoint   ] Safepoint "Cleanup", Time since last: 1003435375 ns, Reaching safepoint: 56750 ns, At safepoint: 2167 ns, Total: 58917 ns
[2022-04-28T08:49:28.824+0000][8][gc,start    ] GC(37) Pause Young (Normal) (G1 Evacuation Pause)
[2022-04-28T08:49:28.825+0000][8][gc,task     ] GC(37) Using 5 workers of 5 for evacuation
[2022-04-28T08:49:28.827+0000][8][gc,age      ] GC(37) Desired survivor size 20971520 bytes, new threshold 15 (max threshold 15)
[2022-04-28T08:49:28.836+0000][8][gc,age      ] GC(37) Age table with threshold 15 (max threshold 15)
[2022-04-28T08:49:28.837+0000][8][gc,age      ] GC(37) - age   1:    2137080 bytes,    2137080 total
[2022-04-28T08:49:28.838+0000][8][gc,age      ] GC(37) - age   2:       8032 bytes,    2145112 total
[2022-04-28T08:49:28.839+0000][8][gc,age      ] GC(37) - age   3:      84928 bytes,    2230040 total
[2022-04-28T08:49:28.841+0000][8][gc,age      ] GC(37) - age   4:      47704 bytes,    2277744 total
[2022-04-28T08:49:28.842+0000][8][gc,age      ] GC(37) - age   5:      29352 bytes,    2307096 total
[2022-04-28T08:49:28.843+0000][8][gc,age      ] GC(37) - age   6:     114904 bytes,    2422000 total
[2022-04-28T08:49:28.844+0000][8][gc,age      ] GC(37) - age   7:      28352 bytes,    2450352 total
[2022-04-28T08:49:28.845+0000][8][gc,age      ] GC(37) - age   8:     161960 bytes,    2612312 total
[2022-04-28T08:49:28.846+0000][8][gc,age      ] GC(37) - age   9:     258152 bytes,    2870464 total
[2022-04-28T08:49:28.846+0000][8][gc,age      ] GC(37) - age  10:    1950320 bytes,    4820784 total
[2022-04-28T08:49:28.847+0000][8][gc,age      ] GC(37) - age  11:    5676336 bytes,   10497120 total
[2022-04-28T08:49:28.848+0000][8][gc,age      ] GC(37) - age  12:    4126832 bytes,   14623952 total
[2022-04-28T08:49:28.848+0000][8][gc,age      ] GC(37) - age  13:    3559600 bytes,   18183552 total
[2022-04-28T08:49:28.849+0000][8][gc,phases   ] GC(37)   Pre Evacuate Collection Set: 0.4ms
[2022-04-28T08:49:28.850+0000][8][gc,phases   ] GC(37)   Merge Heap Roots: 0.4ms
[2022-04-28T08:49:28.851+0000][8][gc,phases   ] GC(37)   Evacuate Collection Set: 5.4ms
[2022-04-28T08:49:28.851+0000][8][gc,phases   ] GC(37)   Post Evacuate Collection Set: 1.5ms
[2022-04-28T08:49:28.852+0000][8][gc,phases   ] GC(37)   Other: 17.8ms
[2022-04-28T08:49:28.853+0000][8][gc,heap     ] GC(37) Eden regions: 68->0(68)
[2022-04-28T08:49:28.853+0000][8][gc,heap     ] GC(37) Survivor regions: 5->5(10)
[2022-04-28T08:49:28.854+0000][8][gc,heap     ] GC(37) Old regions: 22->22
[2022-04-28T08:49:28.854+0000][8][gc,heap     ] GC(37) Archive regions: 2->2
[2022-04-28T08:49:28.855+0000][8][gc,heap     ] GC(37) Humongous regions: 6->6
[2022-04-28T08:49:28.855+0000][8][gc,metaspace] GC(37) Metaspace: 115696K(117504K)->115696K(117504K) NonClass: 100227K(101248K)->100227K(101248K) Class: 15469K(16256K)->15469K(16256K)
[2022-04-28T08:49:28.856+0000][8][gc          ] GC(37) Pause Young (Normal) (G1 Evacuation Pause) 405M->134M(512M) 32.541ms
[2022-04-28T08:49:28.857+0000][8][gc,cpu      ] GC(37) User=0.01s Sys=0.01s Real=0.03s
[2022-04-28T08:49:28.858+0000][8][safepoint   ] Safepoint "G1CollectForAllocation", Time since last: 67138833 ns, Reaching safepoint: 50125 ns, At safepoint: 34022542 ns, Total: 34072667 ns
[2022-04-28T08:49:29.861+0000][8][safepoint   ] Safepoint "Cleanup", Time since last: 1000963917 ns, Reaching safepoint: 2197583 ns, At safepoint: 45459 ns, Total: 2243042 ns
[2022-04-28T08:49:30.868+0000][8][safepoint   ] Safepoint "Cleanup", Time since last: 1006563833 ns, Reaching safepoint: 170292 ns, At safepoint: 7417 ns, Total: 177709 ns
[2022-04-28T08:49:31.890+0000][8][safepoint   ] Safepoint "Cleanup", Time since last: 1021682250 ns, Reaching safepoint: 972208 ns, At safepoint: 11750 ns, Total: 983958 ns
[2022-04-28T08:49:32.895+0000][8][safepoint   ] Safepoint "Cleanup", Time since last: 1004705251 ns, Reaching safepoint: 321500 ns, At safepoint: 10083 ns, Total: 331583 ns
[2022-04-28T08:49:33.903+0000][8][safepoint   ] Safepoint "Cleanup", Time since last: 1007286167 ns, Reaching safepoint: 220709 ns, At safepoint: 10708 ns, Total: 231417 ns
[2022-04-28T08:49:35.919+0000][8][safepoint   ] Safepoint "Cleanup", Time since last: 2011792501 ns, Reaching safepoint: 150416 ns, At safepoint: 7709 ns, Total: 158125 ns
[2022-04-28T08:49:36.924+0000][8][safepoint   ] Safepoint "Cleanup", Time since last: 1004921625 ns, Reaching safepoint: 190959 ns, At safepoint: 7166 ns, Total: 198125 ns
[2022-04-28T08:49:38.939+0000][8][safepoint   ] Safepoint "Cleanup", Time since last: 2013825251 ns, Reaching safepoint: 656709 ns, At safepoint: 11416 ns, Total: 668125 ns
[2022-04-28T08:49:40.949+0000][8][safepoint   ] Safepoint "Cleanup", Time since last: 2006142918 ns, Reaching safepoint: 3733833 ns, At safepoint: 76792 ns, Total: 3810625 ns
[2022-04-28T08:49:41.955+0000][8][safepoint   ] Safepoint "Cleanup", Time since last: 1005999417 ns, Reaching safepoint: 186375 ns, At safepoint: 9375 ns, Total: 195750 ns
[2022-04-28T08:49:43.958+0000][8][safepoint   ] Safepoint "Cleanup", Time since last: 2002613001 ns, Reaching safepoint: 180542 ns, At safepoint: 5875 ns, Total: 186417 ns
[2022-04-28T08:49:44.997+0000][8][safepoint   ] Safepoint "Cleanup", Time since last: 1038976708 ns, Reaching safepoint: 222334 ns, At safepoint: 7666 ns, Total: 230000 ns
[2022-04-28T08:49:47.002+0000][8][safepoint   ] Safepoint "Cleanup", Time since last: 2004141001 ns, Reaching safepoint: 502209 ns, At safepoint: 12375 ns, Total: 514584 ns
[2022-04-28T08:49:48.009+0000][8][safepoint   ] Safepoint "Cleanup", Time since last: 1006918209 ns, Reaching safepoint: 111333 ns, At safepoint: 4083 ns, Total: 115416 ns
[2022-04-28T08:49:49.010+0000][8][safepoint   ] Safepoint "Cleanup", Time since last: 1000827376 ns, Reaching safepoint: 93125 ns, At safepoint: 5333 ns, Total: 98458 ns
[2022-04-28T08:49:51.018+0000][8][safepoint   ] Safepoint "Cleanup", Time since last: 2007821709 ns, Reaching safepoint: 284875 ns, At safepoint: 8959 ns, Total: 293834 ns
[2022-04-28T08:49:52.030+0000][8][safepoint   ] Safepoint "Cleanup", Time since last: 1003977500 ns, Reaching safepoint: 8223250 ns, At safepoint: 23167 ns, Total: 8246417 ns
[2022-04-28T08:49:54.040+0000][8][safepoint   ] Safepoint "Cleanup", Time since last: 2009901084 ns, Reaching safepoint: 77167 ns, At safepoint: 2500 ns, Total: 79667 ns
[2022-04-28T08:49:57.047+0000][8][safepoint   ] Safepoint "Cleanup", Time since last: 3007011793 ns, Reaching safepoint: 132375 ns, At safepoint: 6833 ns, Total: 139208 ns
[2022-04-28T08:49:59.058+0000][8][safepoint   ] Safepoint "Cleanup", Time since last: 2010879293 ns, Reaching safepoint: 433375 ns, At safepoint: 17791 ns, Total: 451166 ns
[2022-04-28T08:50:00.073+0000][8][safepoint   ] Safepoint "Cleanup", Time since last: 1013949376 ns, Reaching safepoint: 441250 ns, At safepoint: 5375 ns, Total: 446625 ns
[2022-04-28T08:50:02.076+0000][8][safepoint   ] Safepoint "Cleanup", Time since last: 2002497876 ns, Reaching safepoint: 586667 ns, At safepoint: 10583 ns, Total: 597250 ns
[2022-04-28T08:50:03.080+0000][8][safepoint   ] Safepoint "Cleanup", Time since last: 1004100084 ns, Reaching safepoint: 302208 ns, At safepoint: 17958 ns, Total: 320166 ns
[2022-04-28T08:50:04.093+0000][8][safepoint   ] Safepoint "Cleanup", Time since last: 1016614376 ns, Reaching safepoint: 300666 ns, At safepoint: 6959 ns, Total: 307625 ns
[2022-04-28T08:50:06.100+0000][8][safepoint   ] Safepoint "Cleanup", Time since last: 2007797417 ns, Reaching safepoint: 171542 ns, At safepoint: 4792 ns, Total: 176334 ns
[2022-04-28T08:50:07.104+0000][8][safepoint   ] Safepoint "Cleanup", Time since last: 1003313000 ns, Reaching safepoint: 201833 ns, At safepoint: 7584 ns, Total: 209417 ns
[2022-04-28T08:50:09.109+0000][8][safepoint   ] Safepoint "Cleanup", Time since last: 2004694084 ns, Reaching safepoint: 317250 ns, At safepoint: 14667 ns, Total: 331917 ns
[2022-04-28T08:50:11.120+0000][8][safepoint   ] Safepoint "Cleanup", Time since last: 2010424626 ns, Reaching safepoint: 459083 ns, At safepoint: 33292 ns, Total: 492375 ns
[2022-04-28T08:50:12.125+0000][8][safepoint   ] Safepoint "Cleanup", Time since last: 1004639625 ns, Reaching safepoint: 84833 ns, At safepoint: 3959 ns, Total: 88792 ns
[2022-04-28T08:50:14.129+0000][8][safepoint   ] Safepoint "Cleanup", Time since last: 2003467584 ns, Reaching safepoint: 764125 ns, At safepoint: 160042 ns, Total: 924167 ns
[2022-04-28T08:50:15.134+0000][8][safepoint   ] Safepoint "Cleanup", Time since last: 1004876625 ns, Reaching safepoint: 411042 ns, At safepoint: 39833 ns, Total: 450875 ns
[2022-04-28T08:50:16.139+0000][8][safepoint   ] Safepoint "Cleanup", Time since last: 1004755584 ns, Reaching safepoint: 197083 ns, At safepoint: 12375 ns, Total: 209458 ns
[2022-04-28T08:50:18.148+0000][8][safepoint   ] Safepoint "Cleanup", Time since last: 2008833668 ns, Reaching safepoint: 47417 ns, At safepoint: 2166 ns, Total: 49583 ns
[2022-04-28T08:50:19.150+0000][8][safepoint   ] Safepoint "Cleanup", Time since last: 1001388334 ns, Reaching safepoint: 96083 ns, At safepoint: 4000 ns, Total: 100083 ns
[2022-04-28T08:50:21.154+0000][8][safepoint   ] Safepoint "Cleanup", Time since last: 2003430793 ns, Reaching safepoint: 385042 ns, At safepoint: 44958 ns, Total: 430000 ns
[2022-04-28T08:50:24.165+0000][8][safepoint   ] Safepoint "Cleanup", Time since last: 3011160210 ns, Reaching safepoint: 129916 ns, At safepoint: 2584 ns, Total: 132500 ns
[2022-04-28T08:50:26.169+0000][8][safepoint   ] Safepoint "Cleanup", Time since last: 2004137084 ns, Reaching safepoint: 239125 ns, At safepoint: 8958 ns, Total: 248083 ns
[2022-04-28T08:50:27.917+0000][8][safepoint   ] Safepoint "Cleanup", Time since last: 1747353210 ns, Reaching safepoint: 603916 ns, At safepoint: 13750 ns, Total: 617666 ns
[2022-04-28T08:50:28.923+0000][8][safepoint   ] Safepoint "Cleanup", Time since last: 1005746751 ns, Reaching safepoint: 383250 ns, At safepoint: 8041 ns, Total: 391291 ns
[2022-04-28T08:50:29.929+0000][8][safepoint   ] Safepoint "Cleanup", Time since last: 1005701876 ns, Reaching safepoint: 127958 ns, At safepoint: 4500 ns, Total: 132458 ns
[2022-04-28T08:50:30.937+0000][8][safepoint   ] Safepoint "Cleanup", Time since last: 1007586167 ns, Reaching safepoint: 166459 ns, At safepoint: 4083 ns, Total: 170542 ns
[2022-04-28T08:50:31.939+0000][8][safepoint   ] Safepoint "Cleanup", Time since last: 1001892709 ns, Reaching safepoint: 269667 ns, At safepoint: 13458 ns, Total: 283125 ns
[2022-04-28T08:50:32.953+0000][8][safepoint   ] Safepoint "Cleanup", Time since last: 1013544875 ns, Reaching safepoint: 234292 ns, At safepoint: 10667 ns, Total: 244959 ns
[2022-04-28T08:50:33.956+0000][8][safepoint   ] Safepoint "Cleanup", Time since last: 1002551833 ns, Reaching safepoint: 181417 ns, At safepoint: 10958 ns, Total: 192375 ns
[2022-04-28T08:50:35.964+0000][8][safepoint   ] Safepoint "Cleanup", Time since last: 2008776751 ns, Reaching safepoint: 216458 ns, At safepoint: 16083 ns, Total: 232541 ns
[2022-04-28T08:50:36.965+0000][8][safepoint   ] Safepoint "Cleanup", Time since last: 1001204251 ns, Reaching safepoint: 105792 ns, At safepoint: 3708 ns, Total: 109500 ns
[2022-04-28T08:50:37.542+0000][8][gc,start    ] GC(38) Pause Young (Normal) (G1 Evacuation Pause)
[2022-04-28T08:50:37.544+0000][8][gc,task     ] GC(38) Using 5 workers of 5 for evacuation
[2022-04-28T08:50:37.546+0000][8][gc,age      ] GC(38) Desired survivor size 20971520 bytes, new threshold 15 (max threshold 15)
[2022-04-28T08:50:37.555+0000][8][gc,age      ] GC(38) Age table with threshold 15 (max threshold 15)
[2022-04-28T08:50:37.557+0000][8][gc,age      ] GC(38) - age   1:    1366624 bytes,    1366624 total
[2022-04-28T08:50:37.558+0000][8][gc,age      ] GC(38) - age   2:     323640 bytes,    1690264 total
[2022-04-28T08:50:37.560+0000][8][gc,age      ] GC(38) - age   3:       6304 bytes,    1696568 total
[2022-04-28T08:50:37.563+0000][8][gc,age      ] GC(38) - age   4:      84264 bytes,    1780832 total
[2022-04-28T08:50:37.565+0000][8][gc,age      ] GC(38) - age   5:      47640 bytes,    1828472 total
[2022-04-28T08:50:37.566+0000][8][gc,age      ] GC(38) - age   6:      29192 bytes,    1857664 total
[2022-04-28T08:50:37.567+0000][8][gc,age      ] GC(38) - age   7:     114904 bytes,    1972568 total
[2022-04-28T08:50:37.568+0000][8][gc,age      ] GC(38) - age   8:      28288 bytes,    2000856 total
[2022-04-28T08:50:37.569+0000][8][gc,age      ] GC(38) - age   9:     161960 bytes,    2162816 total
[2022-04-28T08:50:37.570+0000][8][gc,age      ] GC(38) - age  10:     258152 bytes,    2420968 total
[2022-04-28T08:50:37.571+0000][8][gc,age      ] GC(38) - age  11:    1950064 bytes,    4371032 total
[2022-04-28T08:50:37.573+0000][8][gc,age      ] GC(38) - age  12:    5676336 bytes,   10047368 total
[2022-04-28T08:50:37.574+0000][8][gc,age      ] GC(38) - age  13:    4126832 bytes,   14174200 total
[2022-04-28T08:50:37.575+0000][8][gc,age      ] GC(38) - age  14:    3559600 bytes,   17733800 total
[2022-04-28T08:50:37.576+0000][8][gc,phases   ] GC(38)   Pre Evacuate Collection Set: 0.2ms
[2022-04-28T08:50:37.576+0000][8][gc,phases   ] GC(38)   Merge Heap Roots: 0.2ms
[2022-04-28T08:50:37.577+0000][8][gc,phases   ] GC(38)   Evacuate Collection Set: 6.0ms
[2022-04-28T08:50:37.578+0000][8][gc,phases   ] GC(38)   Post Evacuate Collection Set: 1.9ms
[2022-04-28T08:50:37.578+0000][8][gc,phases   ] GC(38)   Other: 25.4ms
[2022-04-28T08:50:37.579+0000][8][gc,heap     ] GC(38) Eden regions: 68->0(68)
[2022-04-28T08:50:37.580+0000][8][gc,heap     ] GC(38) Survivor regions: 5->5(10)
[2022-04-28T08:50:37.580+0000][8][gc,heap     ] GC(38) Old regions: 22->22
[2022-04-28T08:50:37.581+0000][8][gc,heap     ] GC(38) Archive regions: 2->2
[2022-04-28T08:50:37.581+0000][8][gc,heap     ] GC(38) Humongous regions: 6->6
[2022-04-28T08:50:37.582+0000][8][gc,metaspace] GC(38) Metaspace: 115758K(117568K)->115758K(117568K) NonClass: 100289K(101312K)->100289K(101312K) Class: 15469K(16256K)->15469K(16256K)
[2022-04-28T08:50:37.583+0000][8][gc          ] GC(38) Pause Young (Normal) (G1 Evacuation Pause) 406M->134M(512M) 41.400ms
[2022-04-28T08:50:37.584+0000][8][gc,cpu      ] GC(38) User=0.03s Sys=0.00s Real=0.04s
[2022-04-28T08:50:37.585+0000][8][safepoint   ] Safepoint "G1CollectForAllocation", Time since last: 576223167 ns, Reaching safepoint: 145375 ns, At safepoint: 43654875 ns, Total: 43800250 ns
[2022-04-28T08:50:39.591+0000][8][safepoint   ] Safepoint "Cleanup", Time since last: 2005612501 ns, Reaching safepoint: 276042 ns, At safepoint: 4791 ns, Total: 280833 ns
[2022-04-28T08:50:40.594+0000][8][safepoint   ] Safepoint "Cleanup", Time since last: 1002705167 ns, Reaching safepoint: 357209 ns, At safepoint: 5000 ns, Total: 362209 ns
[2022-04-28T08:50:41.596+0000][8][safepoint   ] Safepoint "Cleanup", Time since last: 1001702083 ns, Reaching safepoint: 163125 ns, At safepoint: 3792 ns, Total: 166917 ns
[2022-04-28T08:50:42.601+0000][8][safepoint   ] Safepoint "Cleanup", Time since last: 1004143501 ns, Reaching safepoint: 288041 ns, At safepoint: 10792 ns, Total: 298833 ns
[2022-04-28T08:50:43.602+0000][8][safepoint   ] Safepoint "Cleanup", Time since last: 1001608875 ns, Reaching safepoint: 123750 ns, At safepoint: 3375 ns, Total: 127125 ns
[2022-04-28T08:50:45.605+0000][8][safepoint   ] Safepoint "Cleanup", Time since last: 2002553543 ns, Reaching safepoint: 109250 ns, At safepoint: 6125 ns, Total: 115375 ns
[2022-04-28T08:50:46.612+0000][8][safepoint   ] Safepoint "Cleanup", Time since last: 1006850001 ns, Reaching safepoint: 363666 ns, At safepoint: 12375 ns, Total: 376041 ns
[2022-04-28T08:50:48.621+0000][8][safepoint   ] Safepoint "Cleanup", Time since last: 2008462751 ns, Reaching safepoint: 124542 ns, At safepoint: 8500 ns, Total: 133042 ns
[2022-04-28T08:50:51.633+0000][8][safepoint   ] Safepoint "Cleanup", Time since last: 3011857001 ns, Reaching safepoint: 505542 ns, At safepoint: 9000 ns, Total: 514542 ns
[2022-04-28T08:50:54.645+0000][8][safepoint   ] Safepoint "Cleanup", Time since last: 3011908210 ns, Reaching safepoint: 165583 ns, At safepoint: 7333 ns, Total: 172916 ns
[2022-04-28T08:50:56.653+0000][8][safepoint   ] Safepoint "Cleanup", Time since last: 2006817418 ns, Reaching safepoint: 437208 ns, At safepoint: 13292 ns, Total: 450500 ns
[2022-04-28T08:50:57.661+0000][8][safepoint   ] Safepoint "Cleanup", Time since last: 1007040542 ns, Reaching safepoint: 908750 ns, At safepoint: 13125 ns, Total: 921875 ns
[2022-04-28T08:50:58.679+0000][8][safepoint   ] Safepoint "Cleanup", Time since last: 1017779542 ns, Reaching safepoint: 600792 ns, At safepoint: 7750 ns, Total: 608542 ns
[2022-04-28T08:51:00.697+0000][8][safepoint   ] Safepoint "Cleanup", Time since last: 2017574168 ns, Reaching safepoint: 80500 ns, At safepoint: 5125 ns, Total: 85625 ns
[2022-04-28T08:51:01.698+0000][8][safepoint   ] Safepoint "Cleanup", Time since last: 1000823542 ns, Reaching safepoint: 105041 ns, At safepoint: 4375 ns, Total: 109416 ns
[2022-04-28T08:51:03.710+0000][8][safepoint   ] Safepoint "Cleanup", Time since last: 2011643043 ns, Reaching safepoint: 245083 ns, At safepoint: 11709 ns, Total: 256792 ns
[2022-04-28T08:51:06.729+0000][8][safepoint   ] Safepoint "Cleanup", Time since last: 3017064417 ns, Reaching safepoint: 274042 ns, At safepoint: 10541 ns, Total: 284583 ns
[2022-04-28T08:51:08.756+0000][8][safepoint   ] Safepoint "Cleanup", Time since last: 2026910043 ns, Reaching safepoint: 374333 ns, At safepoint: 12334 ns, Total: 386667 ns
[2022-04-28T08:51:09.777+0000][8][safepoint   ] Safepoint "Cleanup", Time since last: 1020133917 ns, Reaching safepoint: 339500 ns, At safepoint: 11375 ns, Total: 350875 ns
[2022-04-28T08:51:10.786+0000][8][safepoint   ] Safepoint "Cleanup", Time since last: 1008651125 ns, Reaching safepoint: 300667 ns, At safepoint: 91583 ns, Total: 392250 ns
[2022-04-28T08:51:11.790+0000][8][safepoint   ] Safepoint "Cleanup", Time since last: 1004503126 ns, Reaching safepoint: 286792 ns, At safepoint: 14333 ns, Total: 301125 ns
[2022-04-28T08:51:12.802+0000][8][safepoint   ] Safepoint "Cleanup", Time since last: 1010764292 ns, Reaching safepoint: 297583 ns, At safepoint: 13125 ns, Total: 310708 ns
[2022-04-28T08:51:13.812+0000][8][safepoint   ] Safepoint "Cleanup", Time since last: 1009115293 ns, Reaching safepoint: 1142708 ns, At safepoint: 11458 ns, Total: 1154166 ns
[2022-04-28T08:51:15.825+0000][8][safepoint   ] Safepoint "Cleanup", Time since last: 2012494543 ns, Reaching safepoint: 321833 ns, At safepoint: 9375 ns, Total: 331208 ns
[2022-04-28T08:51:16.837+0000][8][safepoint   ] Safepoint "Cleanup", Time since last: 1009956959 ns, Reaching safepoint: 2366958 ns, At safepoint: 21917 ns, Total: 2388875 ns
[2022-04-28T08:51:18.853+0000][8][safepoint   ] Safepoint "Cleanup", Time since last: 2015738209 ns, Reaching safepoint: 493875 ns, At safepoint: 18125 ns, Total: 512000 ns
[2022-04-28T08:51:21.860+0000][8][safepoint   ] Safepoint "Cleanup", Time since last: 3006272252 ns, Reaching safepoint: 332958 ns, At safepoint: 17500 ns, Total: 350458 ns
[2022-04-28T08:51:22.894+0000][8][safepoint   ] Safepoint "Cleanup", Time since last: 1033501084 ns, Reaching safepoint: 660917 ns, At safepoint: 13958 ns, Total: 674875 ns
[2022-04-28T08:51:24.901+0000][8][safepoint   ] Safepoint "Cleanup", Time since last: 2007120126 ns, Reaching safepoint: 138500 ns, At safepoint: 2708 ns, Total: 141208 ns
[2022-04-28T08:51:25.904+0000][8][safepoint   ] Safepoint "Cleanup", Time since last: 1002367876 ns, Reaching safepoint: 445041 ns, At safepoint: 306042 ns, Total: 751083 ns
[2022-04-28T08:51:26.915+0000][8][safepoint   ] Safepoint "Cleanup", Time since last: 1009998750 ns, Reaching safepoint: 206334 ns, At safepoint: 50666 ns, Total: 257000 ns
[2022-04-28T08:51:28.919+0000][8][safepoint   ] Safepoint "Cleanup", Time since last: 2003662418 ns, Reaching safepoint: 225167 ns, At safepoint: 9000 ns, Total: 234167 ns
[2022-04-28T08:51:30.931+0000][8][safepoint   ] Safepoint "Cleanup", Time since last: 2012167292 ns, Reaching safepoint: 279917 ns, At safepoint: 10833 ns, Total: 290750 ns
[2022-04-28T08:51:31.960+0000][8][safepoint   ] Safepoint "Cleanup", Time since last: 1014000543 ns, Reaching safepoint: 14787208 ns, At safepoint: 16667 ns, Total: 14803875 ns
[2022-04-28T08:51:32.962+0000][8][safepoint   ] Safepoint "Cleanup", Time since last: 1001501167 ns, Reaching safepoint: 422375 ns, At safepoint: 24833 ns, Total: 447208 ns
[2022-04-28T08:51:33.969+0000][8][safepoint   ] Safepoint "Cleanup", Time since last: 1007170750 ns, Reaching safepoint: 260250 ns, At safepoint: 11667 ns, Total: 271917 ns
[2022-04-28T08:51:34.990+0000][8][safepoint   ] Safepoint "Cleanup", Time since last: 1020804250 ns, Reaching safepoint: 2668917 ns, At safepoint: 8708 ns, Total: 2677625 ns
[2022-04-28T08:51:35.992+0000][8][safepoint   ] Safepoint "Cleanup", Time since last: 1001973126 ns, Reaching safepoint: 85375 ns, At safepoint: 4791 ns, Total: 90166 ns
[2022-04-28T08:51:36.993+0000][8][safepoint   ] Safepoint "Cleanup", Time since last: 1000912293 ns, Reaching safepoint: 81750 ns, At safepoint: 2583 ns, Total: 84333 ns
[2022-04-28T08:51:37.998+0000][8][safepoint   ] Safepoint "Cleanup", Time since last: 1004701292 ns, Reaching safepoint: 377583 ns, At safepoint: 8959 ns, Total: 386542 ns
[2022-04-28T08:51:39.009+0000][8][safepoint   ] Safepoint "Cleanup", Time since last: 1010653209 ns, Reaching safepoint: 459791 ns, At safepoint: 19250 ns, Total: 479041 ns
[2022-04-28T08:51:41.030+0000][8][safepoint   ] Safepoint "Cleanup", Time since last: 2020234460 ns, Reaching safepoint: 330000 ns, At safepoint: 14958 ns, Total: 344958 ns
[2022-04-28T08:51:42.035+0000][8][safepoint   ] Safepoint "Cleanup", Time since last: 1005284667 ns, Reaching safepoint: 253458 ns, At safepoint: 4417 ns, Total: 257875 ns
[2022-04-28T08:51:43.036+0000][8][safepoint   ] Safepoint "Cleanup", Time since last: 1000747834 ns, Reaching safepoint: 77416 ns, At safepoint: 2542 ns, Total: 79958 ns
[2022-04-28T08:51:44.040+0000][8][safepoint   ] Safepoint "Cleanup", Time since last: 1003432042 ns, Reaching safepoint: 328917 ns, At safepoint: 19542 ns, Total: 348459 ns
[2022-04-28T08:51:45.048+0000][8][safepoint   ] Safepoint "Cleanup", Time since last: 1006777208 ns, Reaching safepoint: 662584 ns, At safepoint: 14583 ns, Total: 677167 ns
[2022-04-28T08:51:47.062+0000][8][safepoint   ] Safepoint "Cleanup", Time since last: 2014419751 ns, Reaching safepoint: 147208 ns, At safepoint: 5834 ns, Total: 153042 ns
[2022-04-28T08:51:48.066+0000][8][safepoint   ] Safepoint "Cleanup", Time since last: 1003630709 ns, Reaching safepoint: 71666 ns, At safepoint: 5209 ns, Total: 76875 ns
[2022-04-28T08:51:49.068+0000][8][safepoint   ] Safepoint "Cleanup", Time since last: 1001886167 ns, Reaching safepoint: 292291 ns, At safepoint: 12625 ns, Total: 304916 ns
[2022-04-28T08:51:50.078+0000][8][safepoint   ] Safepoint "Cleanup", Time since last: 1009346376 ns, Reaching safepoint: 333917 ns, At safepoint: 6875 ns, Total: 340792 ns
[2022-04-28T08:51:51.090+0000][8][safepoint   ] Safepoint "Cleanup", Time since last: 1009410208 ns, Reaching safepoint: 2781542 ns, At safepoint: 25333 ns, Total: 2806875 ns
[2022-04-28T08:51:52.102+0000][8][safepoint   ] Safepoint "Cleanup", Time since last: 1011709167 ns, Reaching safepoint: 557084 ns, At safepoint: 19583 ns, Total: 576667 ns
[2022-04-28T08:51:54.055+0000][8][gc,start    ] GC(39) Pause Young (Normal) (G1 Evacuation Pause)
[2022-04-28T08:51:54.056+0000][8][gc,task     ] GC(39) Using 5 workers of 5 for evacuation
[2022-04-28T08:51:54.056+0000][8][gc,age      ] GC(39) Desired survivor size 20971520 bytes, new threshold 15 (max threshold 15)
[2022-04-28T08:51:54.061+0000][8][gc,age      ] GC(39) Age table with threshold 15 (max threshold 15)
[2022-04-28T08:51:54.062+0000][8][gc,age      ] GC(39) - age   1:     890632 bytes,     890632 total
[2022-04-28T08:51:54.063+0000][8][gc,age      ] GC(39) - age   2:      21200 bytes,     911832 total
[2022-04-28T08:51:54.064+0000][8][gc,age      ] GC(39) - age   3:     202104 bytes,    1113936 total
[2022-04-28T08:51:54.065+0000][8][gc,age      ] GC(39) - age   4:       5976 bytes,    1119912 total
[2022-04-28T08:51:54.066+0000][8][gc,age      ] GC(39) - age   5:      84200 bytes,    1204112 total
[2022-04-28T08:51:54.067+0000][8][gc,age      ] GC(39) - age   6:      46632 bytes,    1250744 total
[2022-04-28T08:51:54.067+0000][8][gc,age      ] GC(39) - age   7:      29128 bytes,    1279872 total
[2022-04-28T08:51:54.068+0000][8][gc,age      ] GC(39) - age   8:     114904 bytes,    1394776 total
[2022-04-28T08:51:54.068+0000][8][gc,age      ] GC(39) - age   9:      28288 bytes,    1423064 total
[2022-04-28T08:51:54.069+0000][8][gc,age      ] GC(39) - age  10:     161960 bytes,    1585024 total
[2022-04-28T08:51:54.069+0000][8][gc,age      ] GC(39) - age  11:     258152 bytes,    1843176 total
[2022-04-28T08:51:54.070+0000][8][gc,age      ] GC(39) - age  12:    1950064 bytes,    3793240 total
[2022-04-28T08:51:54.071+0000][8][gc,age      ] GC(39) - age  13:    5676336 bytes,    9469576 total
[2022-04-28T08:51:54.071+0000][8][gc,age      ] GC(39) - age  14:    4126832 bytes,   13596408 total
[2022-04-28T08:51:54.072+0000][8][gc,age      ] GC(39) - age  15:    3559328 bytes,   17155736 total
[2022-04-28T08:51:54.072+0000][8][gc,phases   ] GC(39)   Pre Evacuate Collection Set: 0.1ms
[2022-04-28T08:51:54.073+0000][8][gc,phases   ] GC(39)   Merge Heap Roots: 0.2ms
[2022-04-28T08:51:54.074+0000][8][gc,phases   ] GC(39)   Evacuate Collection Set: 2.9ms
[2022-04-28T08:51:54.074+0000][8][gc,phases   ] GC(39)   Post Evacuate Collection Set: 1.1ms
[2022-04-28T08:51:54.075+0000][8][gc,phases   ] GC(39)   Other: 12.7ms
[2022-04-28T08:51:54.076+0000][8][gc,heap     ] GC(39) Eden regions: 68->0(68)
[2022-04-28T08:51:54.076+0000][8][gc,heap     ] GC(39) Survivor regions: 5->5(10)
[2022-04-28T08:51:54.077+0000][8][gc,heap     ] GC(39) Old regions: 22->22
[2022-04-28T08:51:54.078+0000][8][gc,heap     ] GC(39) Archive regions: 2->2
[2022-04-28T08:51:54.078+0000][8][gc,heap     ] GC(39) Humongous regions: 6->6
[2022-04-28T08:51:54.079+0000][8][gc,metaspace] GC(39) Metaspace: 115871K(117696K)->115871K(117696K) NonClass: 100397K(101440K)->100397K(101440K) Class: 15473K(16256K)->15473K(16256K)
[2022-04-28T08:51:54.080+0000][8][gc          ] GC(39) Pause Young (Normal) (G1 Evacuation Pause) 406M->133M(512M) 24.513ms
[2022-04-28T08:51:54.080+0000][8][gc,cpu      ] GC(39) User=0.01s Sys=0.00s Real=0.03s
[2022-04-28T08:51:54.081+0000][8][safepoint   ] Safepoint "G1CollectForAllocation", Time since last: 1952824709 ns, Reaching safepoint: 113167 ns, At safepoint: 25875292 ns, Total: 25988459 ns
[2022-04-28T08:51:57.088+0000][8][safepoint   ] Safepoint "Cleanup", Time since last: 3006193210 ns, Reaching safepoint: 498750 ns, At safepoint: 8125 ns, Total: 506875 ns
[2022-04-28T08:51:59.093+0000][8][safepoint   ] Safepoint "Cleanup", Time since last: 2004960334 ns, Reaching safepoint: 288166 ns, At safepoint: 8500 ns, Total: 296666 ns
[2022-04-28T08:52:00.095+0000][8][safepoint   ] Safepoint "Cleanup", Time since last: 1002008376 ns, Reaching safepoint: 133250 ns, At safepoint: 18875 ns, Total: 152125 ns
[2022-04-28T08:52:02.101+0000][8][safepoint   ] Safepoint "Cleanup", Time since last: 2005667543 ns, Reaching safepoint: 305375 ns, At safepoint: 8041 ns, Total: 313416 ns
[2022-04-28T08:52:03.105+0000][8][safepoint   ] Safepoint "Cleanup", Time since last: 1003258959 ns, Reaching safepoint: 1025750 ns, At safepoint: 8583 ns, Total: 1034333 ns
[2022-04-28T08:52:04.132+0000][8][safepoint   ] Safepoint "Cleanup", Time since last: 1018195500 ns, Reaching safepoint: 213417 ns, At safepoint: 6750 ns, Total: 220167 ns
[2022-04-28T08:52:06.137+0000][8][safepoint   ] Safepoint "Cleanup", Time since last: 2005092543 ns, Reaching safepoint: 150791 ns, At safepoint: 4625 ns, Total: 155416 ns
[2022-04-28T08:52:07.138+0000][8][safepoint   ] Safepoint "Cleanup", Time since last: 1000704834 ns, Reaching safepoint: 420167 ns, At safepoint: 11375 ns, Total: 431542 ns
[2022-04-28T08:52:09.145+0000][8][safepoint   ] Safepoint "Cleanup", Time since last: 2006420209 ns, Reaching safepoint: 112333 ns, At safepoint: 5917 ns, Total: 118250 ns
[2022-04-28T08:52:10.146+0000][8][safepoint   ] Safepoint "Cleanup", Time since last: 1001376375 ns, Reaching safepoint: 284834 ns, At safepoint: 9416 ns, Total: 294250 ns
[2022-04-28T08:52:11.159+0000][8][safepoint   ] Safepoint "Cleanup", Time since last: 1005006209 ns, Reaching safepoint: 7601417 ns, At safepoint: 35792 ns, Total: 7637209 ns
[2022-04-28T08:52:12.170+0000][8][safepoint   ] Safepoint "Cleanup", Time since last: 1011029625 ns, Reaching safepoint: 52500 ns, At safepoint: 2208 ns, Total: 54708 ns
[2022-04-28T08:52:13.171+0000][8][safepoint   ] Safepoint "Cleanup", Time since last: 1001138168 ns, Reaching safepoint: 75333 ns, At safepoint: 4083 ns, Total: 79416 ns
[2022-04-28T08:52:14.178+0000][8][safepoint   ] Safepoint "Cleanup", Time since last: 1006513292 ns, Reaching safepoint: 113375 ns, At safepoint: 4334 ns, Total: 117709 ns
[2022-04-28T08:52:15.185+0000][8][safepoint   ] Safepoint "Cleanup", Time since last: 1006326958 ns, Reaching safepoint: 647084 ns, At safepoint: 31625 ns, Total: 678709 ns
[2022-04-28T08:52:16.199+0000][8][safepoint   ] Safepoint "Cleanup", Time since last: 1013263917 ns, Reaching safepoint: 366250 ns, At safepoint: 12000 ns, Total: 378250 ns
[2022-04-28T08:52:18.215+0000][8][safepoint   ] Safepoint "Cleanup", Time since last: 2016513126 ns, Reaching safepoint: 220500 ns, At safepoint: 207208 ns, Total: 427708 ns
[2022-04-28T08:52:19.218+0000][8][safepoint   ] Safepoint "Cleanup", Time since last: 1002834959 ns, Reaching safepoint: 177125 ns, At safepoint: 11500 ns, Total: 188625 ns
[2022-04-28T08:52:21.223+0000][8][safepoint   ] Safepoint "Cleanup", Time since last: 2004554376 ns, Reaching safepoint: 290042 ns, At safepoint: 25708 ns, Total: 315750 ns
[2022-04-28T08:52:24.250+0000][8][safepoint   ] Safepoint "Cleanup", Time since last: 3026663418 ns, Reaching safepoint: 60917 ns, At safepoint: 2000 ns, Total: 62917 ns
[2022-04-28T08:52:26.256+0000][8][safepoint   ] Safepoint "Cleanup", Time since last: 2005833667 ns, Reaching safepoint: 494959 ns, At safepoint: 7916 ns, Total: 502875 ns
[2022-04-28T08:52:27.265+0000][8][safepoint   ] Safepoint "Cleanup", Time since last: 1008539543 ns, Reaching safepoint: 127666 ns, At safepoint: 5417 ns, Total: 133083 ns
[2022-04-28T08:52:29.271+0000][8][safepoint   ] Safepoint "Cleanup", Time since last: 2005087709 ns, Reaching safepoint: 771167 ns, At safepoint: 14625 ns, Total: 785792 ns
[2022-04-28T08:52:30.278+0000][8][safepoint   ] Safepoint "Cleanup", Time since last: 1006945750 ns, Reaching safepoint: 57084 ns, At safepoint: 1791 ns, Total: 58875 ns
[2022-04-28T08:52:31.283+0000][8][safepoint   ] Safepoint "Cleanup", Time since last: 1004948459 ns, Reaching safepoint: 136792 ns, At safepoint: 5583 ns, Total: 142375 ns
[2022-04-28T08:52:33.290+0000][8][safepoint   ] Safepoint "Cleanup", Time since last: 2006428251 ns, Reaching safepoint: 249708 ns, At safepoint: 48042 ns, Total: 297750 ns
[2022-04-28T08:52:34.283+0000][8][safepoint   ] Safepoint "Cleanup", Time since last: 1001944041 ns, Reaching safepoint: 153375 ns, At safepoint: 12334 ns, Total: 165709 ns
[2022-04-28T08:52:36.290+0000][8][safepoint   ] Safepoint "Cleanup", Time since last: 2006753334 ns, Reaching safepoint: 163917 ns, At safepoint: 4416 ns, Total: 168333 ns
[2022-04-28T08:52:37.292+0000][8][safepoint   ] Safepoint "Cleanup", Time since last: 1001272376 ns, Reaching safepoint: 98916 ns, At safepoint: 5000 ns, Total: 103916 ns
[2022-04-28T08:52:38.297+0000][8][safepoint   ] Safepoint "Cleanup", Time since last: 1003343418 ns, Reaching safepoint: 1785250 ns, At safepoint: 17500 ns, Total: 1802750 ns
[2022-04-28T08:52:39.302+0000][8][safepoint   ] Safepoint "Cleanup", Time since last: 1005081208 ns, Reaching safepoint: 67667 ns, At safepoint: 2125 ns, Total: 69792 ns
[2022-04-28T08:52:41.309+0000][8][safepoint   ] Safepoint "Cleanup", Time since last: 2006660209 ns, Reaching safepoint: 593500 ns, At safepoint: 9500 ns, Total: 603000 ns
[2022-04-28T08:52:42.313+0000][8][safepoint   ] Safepoint "Cleanup", Time since last: 1003785751 ns, Reaching safepoint: 267416 ns, At safepoint: 5334 ns, Total: 272750 ns
[2022-04-28T08:52:44.317+0000][8][safepoint   ] Safepoint "Cleanup", Time since last: 2003143876 ns, Reaching safepoint: 368541 ns, At safepoint: 8084 ns, Total: 376625 ns
[2022-04-28T08:52:45.327+0000][8][safepoint   ] Safepoint "Cleanup", Time since last: 1009714917 ns, Reaching safepoint: 689833 ns, At safepoint: 42125 ns, Total: 731958 ns
[2022-04-28T08:52:46.335+0000][8][safepoint   ] Safepoint "Cleanup", Time since last: 1007235251 ns, Reaching safepoint: 228791 ns, At safepoint: 8625 ns, Total: 237416 ns
[2022-04-28T08:52:48.345+0000][8][safepoint   ] Safepoint "Cleanup", Time since last: 2010619418 ns, Reaching safepoint: 57125 ns, At safepoint: 2042 ns, Total: 59167 ns
[2022-04-28T08:52:49.349+0000][8][safepoint   ] Safepoint "Cleanup", Time since last: 1003676958 ns, Reaching safepoint: 128584 ns, At safepoint: 4833 ns, Total: 133417 ns
[2022-04-28T08:52:51.359+0000][8][safepoint   ] Safepoint "Cleanup", Time since last: 2009163834 ns, Reaching safepoint: 640084 ns, At safepoint: 12166 ns, Total: 652250 ns
[2022-04-28T08:52:54.364+0000][8][safepoint   ] Safepoint "Cleanup", Time since last: 3004506169 ns, Reaching safepoint: 53458 ns, At safepoint: 1833 ns, Total: 55291 ns
[2022-04-28T08:52:56.366+0000][8][safepoint   ] Safepoint "Cleanup", Time since last: 2002626251 ns, Reaching safepoint: 257792 ns, At safepoint: 16375 ns, Total: 274167 ns
[2022-04-28T08:52:57.392+0000][8][safepoint   ] Safepoint "Cleanup", Time since last: 1024178625 ns, Reaching safepoint: 1856875 ns, At safepoint: 20542 ns, Total: 1877417 ns
[2022-04-28T08:52:59.409+0000][8][safepoint   ] Safepoint "Cleanup", Time since last: 2016372001 ns, Reaching safepoint: 373458 ns, At safepoint: 8334 ns, Total: 381792 ns
[2022-04-28T08:53:00.414+0000][8][safepoint   ] Safepoint "Cleanup", Time since last: 1004429958 ns, Reaching safepoint: 79667 ns, At safepoint: 163792 ns, Total: 243459 ns
[2022-04-28T08:53:01.422+0000][8][safepoint   ] Safepoint "Cleanup", Time since last: 1005802542 ns, Reaching safepoint: 2375792 ns, At safepoint: 94958 ns, Total: 2470750 ns
[2022-04-28T08:53:03.429+0000][8][safepoint   ] Safepoint "Cleanup", Time since last: 2006830793 ns, Reaching safepoint: 237666 ns, At safepoint: 13584 ns, Total: 251250 ns
[2022-04-28T08:53:04.444+0000][8][safepoint   ] Safepoint "Cleanup", Time since last: 1015107332 ns, Reaching safepoint: 290625 ns, At safepoint: 14334 ns, Total: 304959 ns
[2022-04-28T08:53:06.459+0000][8][safepoint   ] Safepoint "Cleanup", Time since last: 2014307334 ns, Reaching safepoint: 232958 ns, At safepoint: 5125 ns, Total: 238083 ns
[2022-04-28T08:53:08.957+0000][8][gc,start    ] GC(40) Pause Young (Normal) (G1 Evacuation Pause)
[2022-04-28T08:53:08.964+0000][8][gc,task     ] GC(40) Using 5 workers of 5 for evacuation
[2022-04-28T08:53:08.974+0000][8][gc,age      ] GC(40) Desired survivor size 20971520 bytes, new threshold 15 (max threshold 15)
[2022-04-28T08:53:08.989+0000][8][gc,age      ] GC(40) Age table with threshold 15 (max threshold 15)
[2022-04-28T08:53:08.991+0000][8][gc,age      ] GC(40) - age   1:     814840 bytes,     814840 total
[2022-04-28T08:53:08.993+0000][8][gc,age      ] GC(40) - age   2:      15408 bytes,     830248 total
[2022-04-28T08:53:08.995+0000][8][gc,age      ] GC(40) - age   3:      18856 bytes,     849104 total
[2022-04-28T08:53:08.997+0000][8][gc,age      ] GC(40) - age   4:     201248 bytes,    1050352 total
[2022-04-28T08:53:08.999+0000][8][gc,age      ] GC(40) - age   5:       5784 bytes,    1056136 total
[2022-04-28T08:53:09.000+0000][8][gc,age      ] GC(40) - age   6:      84136 bytes,    1140272 total
[2022-04-28T08:53:09.002+0000][8][gc,age      ] GC(40) - age   7:      40680 bytes,    1180952 total
[2022-04-28T08:53:09.003+0000][8][gc,age      ] GC(40) - age   8:      29128 bytes,    1210080 total
[2022-04-28T08:53:09.005+0000][8][gc,age      ] GC(40) - age   9:     114904 bytes,    1324984 total
[2022-04-28T08:53:09.006+0000][8][gc,age      ] GC(40) - age  10:      28224 bytes,    1353208 total
[2022-04-28T08:53:09.007+0000][8][gc,age      ] GC(40) - age  11:     161960 bytes,    1515168 total
[2022-04-28T08:53:09.009+0000][8][gc,age      ] GC(40) - age  12:     258152 bytes,    1773320 total
[2022-04-28T08:53:09.010+0000][8][gc,age      ] GC(40) - age  13:    1950064 bytes,    3723384 total
[2022-04-28T08:53:09.011+0000][8][gc,age      ] GC(40) - age  14:    5676336 bytes,    9399720 total
[2022-04-28T08:53:09.012+0000][8][gc,age      ] GC(40) - age  15:    4126832 bytes,   13526552 total
[2022-04-28T08:53:09.013+0000][8][gc,phases   ] GC(40)   Pre Evacuate Collection Set: 0.3ms
[2022-04-28T08:53:09.014+0000][8][gc,phases   ] GC(40)   Merge Heap Roots: 0.7ms
[2022-04-28T08:53:09.015+0000][8][gc,phases   ] GC(40)   Evacuate Collection Set: 9.6ms
[2022-04-28T08:53:09.016+0000][8][gc,phases   ] GC(40)   Post Evacuate Collection Set: 2.1ms
[2022-04-28T08:53:09.017+0000][8][gc,phases   ] GC(40)   Other: 43.9ms
[2022-04-28T08:53:09.019+0000][8][gc,heap     ] GC(40) Eden regions: 68->0(69)
[2022-04-28T08:53:09.020+0000][8][gc,heap     ] GC(40) Survivor regions: 5->4(10)
[2022-04-28T08:53:09.020+0000][8][gc,heap     ] GC(40) Old regions: 22->23
[2022-04-28T08:53:09.021+0000][8][gc,heap     ] GC(40) Archive regions: 2->2
[2022-04-28T08:53:09.022+0000][8][gc,heap     ] GC(40) Humongous regions: 6->6
[2022-04-28T08:53:09.023+0000][8][gc,metaspace] GC(40) Metaspace: 115962K(117824K)->115962K(117824K) NonClass: 100488K(101568K)->100488K(101568K) Class: 15473K(16256K)->15473K(16256K)
[2022-04-28T08:53:09.025+0000][8][gc          ] GC(40) Pause Young (Normal) (G1 Evacuation Pause) 405M->133M(512M) 68.042ms
[2022-04-28T08:53:09.026+0000][8][gc,cpu      ] GC(40) User=0.05s Sys=0.00s Real=0.07s
[2022-04-28T08:53:09.027+0000][8][safepoint   ] Safepoint "G1CollectForAllocation", Time since last: 2497523543 ns, Reaching safepoint: 453417 ns, At safepoint: 69989750 ns, Total: 70443167 ns
[2022-04-28T08:53:11.030+0000][8][safepoint   ] Safepoint "Cleanup", Time since last: 2003249543 ns, Reaching safepoint: 305750 ns, At safepoint: 15666 ns, Total: 321416 ns
[2022-04-28T08:53:12.043+0000][8][safepoint   ] Safepoint "Cleanup", Time since last: 1012665751 ns, Reaching safepoint: 111583 ns, At safepoint: 4542 ns, Total: 116125 ns
[2022-04-28T08:53:14.047+0000][8][safepoint   ] Safepoint "Cleanup", Time since last: 2003923376 ns, Reaching safepoint: 161916 ns, At safepoint: 7959 ns, Total: 169875 ns
[2022-04-28T08:53:15.055+0000][8][safepoint   ] Safepoint "Cleanup", Time since last: 1007543417 ns, Reaching safepoint: 252291 ns, At safepoint: 12209 ns, Total: 264500 ns
[2022-04-28T08:53:17.064+0000][8][safepoint   ] Safepoint "Cleanup", Time since last: 2008461959 ns, Reaching safepoint: 241625 ns, At safepoint: 15042 ns, Total: 256667 ns
[2022-04-28T08:53:18.067+0000][8][safepoint   ] Safepoint "Cleanup", Time since last: 1002784292 ns, Reaching safepoint: 137417 ns, At safepoint: 12333 ns, Total: 149750 ns
[2022-04-28T08:53:19.068+0000][8][safepoint   ] Safepoint "Cleanup", Time since last: 1000883709 ns, Reaching safepoint: 80916 ns, At safepoint: 3334 ns, Total: 84250 ns
[2022-04-28T08:53:21.070+0000][8][safepoint   ] Safepoint "Cleanup", Time since last: 2002682292 ns, Reaching safepoint: 185292 ns, At safepoint: 6458 ns, Total: 191750 ns
[2022-04-28T08:53:22.077+0000][8][safepoint   ] Safepoint "Cleanup", Time since last: 1005958459 ns, Reaching safepoint: 410667 ns, At safepoint: 22208 ns, Total: 432875 ns
[2022-04-28T08:53:24.090+0000][8][safepoint   ] Safepoint "Cleanup", Time since last: 2012770584 ns, Reaching safepoint: 226084 ns, At safepoint: 4666 ns, Total: 230750 ns
[2022-04-28T08:53:25.091+0000][8][safepoint   ] Safepoint "Cleanup", Time since last: 1000920918 ns, Reaching safepoint: 67791 ns, At safepoint: 2209 ns, Total: 70000 ns
[2022-04-28T08:53:26.101+0000][8][safepoint   ] Safepoint "Cleanup", Time since last: 1001554625 ns, Reaching safepoint: 8704917 ns, At safepoint: 29375 ns, Total: 8734292 ns
[2022-04-28T08:53:27.108+0000][8][safepoint   ] Safepoint "Cleanup", Time since last: 1006147542 ns, Reaching safepoint: 711917 ns, At safepoint: 22375 ns, Total: 734292 ns
[2022-04-28T08:53:29.114+0000][8][safepoint   ] Safepoint "Cleanup", Time since last: 2005523084 ns, Reaching safepoint: 413125 ns, At safepoint: 8250 ns, Total: 421375 ns
[2022-04-28T08:53:30.125+0000][8][safepoint   ] Safepoint "Cleanup", Time since last: 1011284917 ns, Reaching safepoint: 101875 ns, At safepoint: 5125 ns, Total: 107000 ns
[2022-04-28T08:53:31.132+0000][8][safepoint   ] Safepoint "Cleanup", Time since last: 1006097959 ns, Reaching safepoint: 177958 ns, At safepoint: 9083 ns, Total: 187041 ns
[2022-04-28T08:53:32.137+0000][8][safepoint   ] Safepoint "Cleanup", Time since last: 1005699251 ns, Reaching safepoint: 149917 ns, At safepoint: 4875 ns, Total: 154792 ns
[2022-04-28T08:53:33.144+0000][8][safepoint   ] Safepoint "Cleanup", Time since last: 1006560083 ns, Reaching safepoint: 195792 ns, At safepoint: 7208 ns, Total: 203000 ns
[2022-04-28T08:53:34.153+0000][8][safepoint   ] Safepoint "Cleanup", Time since last: 1007516917 ns, Reaching safepoint: 197917 ns, At safepoint: 8791 ns, Total: 206708 ns
[2022-04-28T08:53:36.191+0000][8][safepoint   ] Safepoint "Cleanup", Time since last: 2037902918 ns, Reaching safepoint: 118750 ns, At safepoint: 3833 ns, Total: 122583 ns
[2022-04-28T08:53:37.193+0000][8][safepoint   ] Safepoint "Cleanup", Time since last: 1001148626 ns, Reaching safepoint: 1589708 ns, At safepoint: 9167 ns, Total: 1598875 ns
[2022-04-28T08:53:38.208+0000][8][safepoint   ] Safepoint "Cleanup", Time since last: 1014345375 ns, Reaching safepoint: 189167 ns, At safepoint: 6458 ns, Total: 195625 ns
[2022-04-28T08:53:39.211+0000][8][safepoint   ] Safepoint "Cleanup", Time since last: 1003271792 ns, Reaching safepoint: 187084 ns, At safepoint: 4375 ns, Total: 191459 ns
[2022-04-28T08:53:41.217+0000][8][safepoint   ] Safepoint "Cleanup", Time since last: 2005346876 ns, Reaching safepoint: 577000 ns, At safepoint: 16583 ns, Total: 593583 ns
[2022-04-28T08:53:42.227+0000][8][safepoint   ] Safepoint "Cleanup", Time since last: 1009661792 ns, Reaching safepoint: 175667 ns, At safepoint: 4875 ns, Total: 180542 ns
[2022-04-28T08:53:44.235+0000][8][safepoint   ] Safepoint "Cleanup", Time since last: 2005972584 ns, Reaching safepoint: 1772333 ns, At safepoint: 12459 ns, Total: 1784792 ns
[2022-04-28T08:53:45.241+0000][8][safepoint   ] Safepoint "Cleanup", Time since last: 1005497209 ns, Reaching safepoint: 450791 ns, At safepoint: 10667 ns, Total: 461458 ns
[2022-04-28T08:53:46.247+0000][8][safepoint   ] Safepoint "Cleanup", Time since last: 1005866750 ns, Reaching safepoint: 573667 ns, At safepoint: 18667 ns, Total: 592334 ns
[2022-04-28T08:53:48.262+0000][8][safepoint   ] Safepoint "Cleanup", Time since last: 2014205459 ns, Reaching safepoint: 115583 ns, At safepoint: 34667 ns, Total: 150250 ns
[2022-04-28T08:53:49.265+0000][8][safepoint   ] Safepoint "Cleanup", Time since last: 1003388959 ns, Reaching safepoint: 159583 ns, At safepoint: 6042 ns, Total: 165625 ns
[2022-04-28T08:53:51.275+0000][8][safepoint   ] Safepoint "Cleanup", Time since last: 2009299709 ns, Reaching safepoint: 123625 ns, At safepoint: 4667 ns, Total: 128292 ns
[2022-04-28T08:53:52.281+0000][8][safepoint   ] Safepoint "Cleanup", Time since last: 1005657917 ns, Reaching safepoint: 325000 ns, At safepoint: 16417 ns, Total: 341417 ns
[2022-04-28T08:53:54.284+0000][8][safepoint   ] Safepoint "Cleanup", Time since last: 2002901000 ns, Reaching safepoint: 79375 ns, At safepoint: 3375 ns, Total: 82750 ns
[2022-04-28T08:53:56.286+0000][8][safepoint   ] Safepoint "Cleanup", Time since last: 2002595460 ns, Reaching safepoint: 221875 ns, At safepoint: 7125 ns, Total: 229000 ns
[2022-04-28T08:53:57.295+0000][8][safepoint   ] Safepoint "Cleanup", Time since last: 1008055292 ns, Reaching safepoint: 721042 ns, At safepoint: 9083 ns, Total: 730125 ns
[2022-04-28T08:53:59.307+0000][8][safepoint   ] Safepoint "Cleanup", Time since last: 2012053043 ns, Reaching safepoint: 165333 ns, At safepoint: 6708 ns, Total: 172041 ns
[2022-04-28T08:54:00.309+0000][8][safepoint   ] Safepoint "Cleanup", Time since last: 1001781876 ns, Reaching safepoint: 71541 ns, At safepoint: 2667 ns, Total: 74208 ns
[2022-04-28T08:54:01.312+0000][8][safepoint   ] Safepoint "Cleanup", Time since last: 1002750459 ns, Reaching safepoint: 191458 ns, At safepoint: 8084 ns, Total: 199542 ns
[2022-04-28T08:54:03.323+0000][8][safepoint   ] Safepoint "Cleanup", Time since last: 2010729875 ns, Reaching safepoint: 272459 ns, At safepoint: 13666 ns, Total: 286125 ns
[2022-04-28T08:54:04.334+0000][8][safepoint   ] Safepoint "Cleanup", Time since last: 1011085167 ns, Reaching safepoint: 279459 ns, At safepoint: 7708 ns, Total: 287167 ns
[2022-04-28T08:54:05.361+0000][8][safepoint   ] Safepoint "Cleanup", Time since last: 1026932459 ns, Reaching safepoint: 381291 ns, At safepoint: 9000 ns, Total: 390291 ns
[2022-04-28T08:54:06.369+0000][8][safepoint   ] Safepoint "Cleanup", Time since last: 1007791126 ns, Reaching safepoint: 90208 ns, At safepoint: 2167 ns, Total: 92375 ns
[2022-04-28T08:54:08.375+0000][8][safepoint   ] Safepoint "Cleanup", Time since last: 2005625793 ns, Reaching safepoint: 380875 ns, At safepoint: 7750 ns, Total: 388625 ns
[2022-04-28T08:54:09.382+0000][8][safepoint   ] Safepoint "Cleanup", Time since last: 1006537125 ns, Reaching safepoint: 246958 ns, At safepoint: 12375 ns, Total: 259333 ns
[2022-04-28T08:54:11.394+0000][8][safepoint   ] Safepoint "Cleanup", Time since last: 2011313710 ns, Reaching safepoint: 744291 ns, At safepoint: 17875 ns, Total: 762166 ns
[2022-04-28T08:54:12.413+0000][8][safepoint   ] Safepoint "Cleanup", Time since last: 1018965792 ns, Reaching safepoint: 284917 ns, At safepoint: 6625 ns, Total: 291542 ns
[2022-04-28T08:54:14.424+0000][8][safepoint   ] Safepoint "Cleanup", Time since last: 2010452959 ns, Reaching safepoint: 242584 ns, At safepoint: 10208 ns, Total: 252792 ns
[2022-04-28T08:54:15.430+0000][8][safepoint   ] Safepoint "Cleanup", Time since last: 1005977917 ns, Reaching safepoint: 424834 ns, At safepoint: 12875 ns, Total: 437709 ns
[2022-04-28T08:54:16.439+0000][8][safepoint   ] Safepoint "Cleanup", Time since last: 1008737417 ns, Reaching safepoint: 218000 ns, At safepoint: 5541 ns, Total: 223541 ns
[2022-04-28T08:54:18.444+0000][8][safepoint   ] Safepoint "Cleanup", Time since last: 2005205710 ns, Reaching safepoint: 162541 ns, At safepoint: 3125 ns, Total: 165666 ns
[2022-04-28T08:54:18.641+0000][8][gc,start    ] GC(41) Pause Young (Normal) (G1 Evacuation Pause)
[2022-04-28T08:54:18.642+0000][8][gc,task     ] GC(41) Using 5 workers of 5 for evacuation
[2022-04-28T08:54:18.643+0000][8][gc,age      ] GC(41) Desired survivor size 20971520 bytes, new threshold 15 (max threshold 15)
[2022-04-28T08:54:18.648+0000][8][gc,age      ] GC(41) Age table with threshold 15 (max threshold 15)
[2022-04-28T08:54:18.649+0000][8][gc,age      ] GC(41) - age   1:    1372960 bytes,    1372960 total
[2022-04-28T08:54:18.650+0000][8][gc,age      ] GC(41) - age   2:       4416 bytes,    1377376 total
[2022-04-28T08:54:18.651+0000][8][gc,age      ] GC(41) - age   3:      14192 bytes,    1391568 total
[2022-04-28T08:54:18.652+0000][8][gc,age      ] GC(41) - age   4:      18128 bytes,    1409696 total
[2022-04-28T08:54:18.653+0000][8][gc,age      ] GC(41) - age   5:     120792 bytes,    1530488 total
[2022-04-28T08:54:18.654+0000][8][gc,age      ] GC(41) - age   6:       5784 bytes,    1536272 total
[2022-04-28T08:54:18.654+0000][8][gc,age      ] GC(41) - age   7:      84136 bytes,    1620408 total
[2022-04-28T08:54:18.655+0000][8][gc,age      ] GC(41) - age   8:      40680 bytes,    1661088 total
[2022-04-28T08:54:18.656+0000][8][gc,age      ] GC(41) - age   9:      15720 bytes,    1676808 total
[2022-04-28T08:54:18.656+0000][8][gc,age      ] GC(41) - age  10:     114872 bytes,    1791680 total
[2022-04-28T08:54:18.657+0000][8][gc,age      ] GC(41) - age  11:      28224 bytes,    1819904 total
[2022-04-28T08:54:18.658+0000][8][gc,age      ] GC(41) - age  12:     161960 bytes,    1981864 total
[2022-04-28T08:54:18.658+0000][8][gc,age      ] GC(41) - age  13:     258152 bytes,    2240016 total
[2022-04-28T08:54:18.659+0000][8][gc,age      ] GC(41) - age  14:    1950064 bytes,    4190080 total
[2022-04-28T08:54:18.659+0000][8][gc,age      ] GC(41) - age  15:    5676336 bytes,    9866416 total
[2022-04-28T08:54:18.660+0000][8][gc,phases   ] GC(41)   Pre Evacuate Collection Set: 0.1ms
[2022-04-28T08:54:18.661+0000][8][gc,phases   ] GC(41)   Merge Heap Roots: 0.1ms
[2022-04-28T08:54:18.661+0000][8][gc,phases   ] GC(41)   Evacuate Collection Set: 3.2ms
[2022-04-28T08:54:18.662+0000][8][gc,phases   ] GC(41)   Post Evacuate Collection Set: 1.2ms
[2022-04-28T08:54:18.662+0000][8][gc,phases   ] GC(41)   Other: 13.9ms
[2022-04-28T08:54:18.663+0000][8][gc,heap     ] GC(41) Eden regions: 69->0(70)
[2022-04-28T08:54:18.664+0000][8][gc,heap     ] GC(41) Survivor regions: 4->3(10)
[2022-04-28T08:54:18.664+0000][8][gc,heap     ] GC(41) Old regions: 23->24
[2022-04-28T08:54:18.665+0000][8][gc,heap     ] GC(41) Archive regions: 2->2
[2022-04-28T08:54:18.665+0000][8][gc,heap     ] GC(41) Humongous regions: 6->6
[2022-04-28T08:54:18.666+0000][8][gc,metaspace] GC(41) Metaspace: 115993K(117824K)->115993K(117824K) NonClass: 100520K(101568K)->100520K(101568K) Class: 15473K(16256K)->15473K(16256K)
[2022-04-28T08:54:18.666+0000][8][gc          ] GC(41) Pause Young (Normal) (G1 Evacuation Pause) 409M->133M(512M) 24.943ms
[2022-04-28T08:54:18.667+0000][8][gc,cpu      ] GC(41) User=0.02s Sys=0.00s Real=0.03s
[2022-04-28T08:54:18.668+0000][8][safepoint   ] Safepoint "G1CollectForAllocation", Time since last: 196922000 ns, Reaching safepoint: 120542 ns, At safepoint: 26580458 ns, Total: 26701000 ns
[2022-04-28T08:54:19.671+0000][8][safepoint   ] Safepoint "Cleanup", Time since last: 1002677084 ns, Reaching safepoint: 205334 ns, At safepoint: 5875 ns, Total: 211209 ns
[2022-04-28T08:54:21.675+0000][8][safepoint   ] Safepoint "Cleanup", Time since last: 2003360834 ns, Reaching safepoint: 262167 ns, At safepoint: 13000 ns, Total: 275167 ns
[2022-04-28T08:54:24.689+0000][8][safepoint   ] Safepoint "Cleanup", Time since last: 3014523334 ns, Reaching safepoint: 399250 ns, At safepoint: 10167 ns, Total: 409417 ns
[2022-04-28T08:54:26.721+0000][8][safepoint   ] Safepoint "Cleanup", Time since last: 2031048459 ns, Reaching safepoint: 659959 ns, At safepoint: 13541 ns, Total: 673500 ns
[2022-04-28T08:54:27.730+0000][8][safepoint   ] Safepoint "Cleanup", Time since last: 1008429126 ns, Reaching safepoint: 278666 ns, At safepoint: 25584 ns, Total: 304250 ns
[2022-04-28T08:54:28.736+0000][8][safepoint   ] Safepoint "Cleanup", Time since last: 1005882167 ns, Reaching safepoint: 196000 ns, At safepoint: 6042 ns, Total: 202042 ns
[2022-04-28T08:54:30.742+0000][8][safepoint   ] Safepoint "Cleanup", Time since last: 2005693584 ns, Reaching safepoint: 300583 ns, At safepoint: 11334 ns, Total: 311917 ns
[2022-04-28T08:54:31.746+0000][8][safepoint   ] Safepoint "Cleanup", Time since last: 1003656375 ns, Reaching safepoint: 191750 ns, At safepoint: 4458 ns, Total: 196208 ns
[2022-04-28T08:54:33.753+0000][8][safepoint   ] Safepoint "Cleanup", Time since last: 2007261585 ns, Reaching safepoint: 292625 ns, At safepoint: 8291 ns, Total: 300916 ns
[2022-04-28T08:54:36.761+0000][8][safepoint   ] Safepoint "Cleanup", Time since last: 3008035335 ns, Reaching safepoint: 84125 ns, At safepoint: 4500 ns, Total: 88625 ns
[2022-04-28T08:54:37.764+0000][8][safepoint   ] Safepoint "Cleanup", Time since last: 1002531584 ns, Reaching safepoint: 519083 ns, At safepoint: 13208 ns, Total: 532291 ns
[2022-04-28T08:54:38.784+0000][8][safepoint   ] Safepoint "Cleanup", Time since last: 1018998626 ns, Reaching safepoint: 404000 ns, At safepoint: 15333 ns, Total: 419333 ns
[2022-04-28T08:54:39.795+0000][8][safepoint   ] Safepoint "Cleanup", Time since last: 1011424459 ns, Reaching safepoint: 213125 ns, At safepoint: 7750 ns, Total: 220875 ns
[2022-04-28T08:54:41.815+0000][8][safepoint   ] Safepoint "Cleanup", Time since last: 2019830543 ns, Reaching safepoint: 169458 ns, At safepoint: 6875 ns, Total: 176333 ns
[2022-04-28T08:54:42.821+0000][8][safepoint   ] Safepoint "Cleanup", Time since last: 1005220875 ns, Reaching safepoint: 433000 ns, At safepoint: 13709 ns, Total: 446709 ns
[2022-04-28T08:54:43.839+0000][8][safepoint   ] Safepoint "Cleanup", Time since last: 1017890542 ns, Reaching safepoint: 204875 ns, At safepoint: 6583 ns, Total: 211458 ns
[2022-04-28T08:54:45.848+0000][8][safepoint   ] Safepoint "Cleanup", Time since last: 2008559959 ns, Reaching safepoint: 224167 ns, At safepoint: 8125 ns, Total: 232292 ns
[2022-04-28T08:54:46.854+0000][8][safepoint   ] Safepoint "Cleanup", Time since last: 1006312959 ns, Reaching safepoint: 124042 ns, At safepoint: 3166 ns, Total: 127208 ns
[2022-04-28T08:54:48.862+0000][8][safepoint   ] Safepoint "Cleanup", Time since last: 2007057251 ns, Reaching safepoint: 260417 ns, At safepoint: 38042 ns, Total: 298459 ns
[2022-04-28T08:54:51.874+0000][8][safepoint   ] Safepoint "Cleanup", Time since last: 3011858834 ns, Reaching safepoint: 869292 ns, At safepoint: 20792 ns, Total: 890084 ns
[2022-04-28T08:54:54.894+0000][8][safepoint   ] Safepoint "Cleanup", Time since last: 3018947543 ns, Reaching safepoint: 836791 ns, At safepoint: 9542 ns, Total: 846333 ns
[2022-04-28T08:54:56.900+0000][8][safepoint   ] Safepoint "Cleanup", Time since last: 2005901959 ns, Reaching safepoint: 283125 ns, At safepoint: 15834 ns, Total: 298959 ns
[2022-04-28T08:54:57.908+0000][8][safepoint   ] Safepoint "Cleanup", Time since last: 1007712959 ns, Reaching safepoint: 251458 ns, At safepoint: 8792 ns, Total: 260250 ns
[2022-04-28T08:54:58.917+0000][8][safepoint   ] Safepoint "Cleanup", Time since last: 1006887625 ns, Reaching safepoint: 1587417 ns, At safepoint: 17875 ns, Total: 1605292 ns
[2022-04-28T08:55:00.929+0000][8][safepoint   ] Safepoint "Cleanup", Time since last: 2011952042 ns, Reaching safepoint: 259875 ns, At safepoint: 12542 ns, Total: 272417 ns
[2022-04-28T08:55:01.939+0000][8][safepoint   ] Safepoint "Cleanup", Time since last: 1009661792 ns, Reaching safepoint: 199000 ns, At safepoint: 6792 ns, Total: 205792 ns
[2022-04-28T08:55:03.945+0000][8][safepoint   ] Safepoint "Cleanup", Time since last: 2006226376 ns, Reaching safepoint: 376708 ns, At safepoint: 14250 ns, Total: 390958 ns
[2022-04-28T08:55:06.978+0000][8][safepoint   ] Safepoint "Cleanup", Time since last: 3031918709 ns, Reaching safepoint: 275542 ns, At safepoint: 8750 ns, Total: 284292 ns
[2022-04-28T08:55:08.990+0000][8][safepoint   ] Safepoint "Cleanup", Time since last: 2011505043 ns, Reaching safepoint: 479458 ns, At safepoint: 11792 ns, Total: 491250 ns
[2022-04-28T08:55:09.993+0000][8][safepoint   ] Safepoint "Cleanup", Time since last: 1002868000 ns, Reaching safepoint: 163750 ns, At safepoint: 14125 ns, Total: 177875 ns
[2022-04-28T08:55:10.995+0000][8][safepoint   ] Safepoint "Cleanup", Time since last: 1001688917 ns, Reaching safepoint: 152667 ns, At safepoint: 5958 ns, Total: 158625 ns
[2022-04-28T08:55:11.998+0000][8][safepoint   ] Safepoint "Cleanup", Time since last: 1002582834 ns, Reaching safepoint: 732333 ns, At safepoint: 50750 ns, Total: 783083 ns
[2022-04-28T08:55:13.025+0000][8][safepoint   ] Safepoint "Cleanup", Time since last: 1026962001 ns, Reaching safepoint: 173625 ns, At safepoint: 7208 ns, Total: 180833 ns
[2022-04-28T08:55:14.034+0000][8][safepoint   ] Safepoint "Cleanup", Time since last: 1008157751 ns, Reaching safepoint: 336041 ns, At safepoint: 7750 ns, Total: 343791 ns
[2022-04-28T08:55:15.045+0000][8][safepoint   ] Safepoint "Cleanup", Time since last: 1011075084 ns, Reaching safepoint: 266083 ns, At safepoint: 10625 ns, Total: 276708 ns
[2022-04-28T08:55:17.051+0000][8][safepoint   ] Safepoint "Cleanup", Time since last: 2005316335 ns, Reaching safepoint: 275583 ns, At safepoint: 9250 ns, Total: 284833 ns
[2022-04-28T08:55:18.058+0000][8][safepoint   ] Safepoint "Cleanup", Time since last: 1007250167 ns, Reaching safepoint: 138459 ns, At safepoint: 8875 ns, Total: 147334 ns
[2022-04-28T08:55:19.060+0000][8][safepoint   ] Safepoint "Cleanup", Time since last: 1001553375 ns, Reaching safepoint: 699125 ns, At safepoint: 9458 ns, Total: 708583 ns
[2022-04-28T08:55:21.065+0000][8][safepoint   ] Safepoint "Cleanup", Time since last: 2004060043 ns, Reaching safepoint: 420583 ns, At safepoint: 6459 ns, Total: 427042 ns
[2022-04-28T08:55:22.071+0000][8][safepoint   ] Safepoint "Cleanup", Time since last: 1006081208 ns, Reaching safepoint: 189750 ns, At safepoint: 6084 ns, Total: 195834 ns
[2022-04-28T08:55:24.085+0000][8][safepoint   ] Safepoint "Cleanup", Time since last: 2013639251 ns, Reaching safepoint: 98958 ns, At safepoint: 4875 ns, Total: 103833 ns
[2022-04-28T08:55:25.088+0000][8][safepoint   ] Safepoint "Cleanup", Time since last: 1002167792 ns, Reaching safepoint: 624709 ns, At safepoint: 14083 ns, Total: 638792 ns
[2022-04-28T08:55:27.096+0000][8][safepoint   ] Safepoint "Cleanup", Time since last: 2008149376 ns, Reaching safepoint: 307541 ns, At safepoint: 11500 ns, Total: 319041 ns
[2022-04-28T08:55:29.107+0000][8][safepoint   ] Safepoint "Cleanup", Time since last: 2010566501 ns, Reaching safepoint: 324959 ns, At safepoint: 14875 ns, Total: 339834 ns
[2022-04-28T08:55:30.114+0000][8][safepoint   ] Safepoint "Cleanup", Time since last: 1007323750 ns, Reaching safepoint: 203167 ns, At safepoint: 5125 ns, Total: 208292 ns
[2022-04-28T08:55:31.117+0000][8][safepoint   ] Safepoint "Cleanup", Time since last: 1002064625 ns, Reaching safepoint: 229334 ns, At safepoint: 11208 ns, Total: 240542 ns
[2022-04-28T08:55:32.123+0000][8][safepoint   ] Safepoint "Cleanup", Time since last: 1005933251 ns, Reaching safepoint: 295791 ns, At safepoint: 13334 ns, Total: 309125 ns
[2022-04-28T08:55:33.132+0000][8][safepoint   ] Safepoint "Cleanup", Time since last: 1008596708 ns, Reaching safepoint: 385834 ns, At safepoint: 12541 ns, Total: 398375 ns
[2022-04-28T08:55:34.139+0000][8][safepoint   ] Safepoint "Cleanup", Time since last: 1007273042 ns, Reaching safepoint: 225625 ns, At safepoint: 20166 ns, Total: 245791 ns
[2022-04-28T08:55:36.151+0000][8][safepoint   ] Safepoint "Cleanup", Time since last: 2011714001 ns, Reaching safepoint: 104000 ns, At safepoint: 4333 ns, Total: 108333 ns
[2022-04-28T08:55:37.152+0000][8][safepoint   ] Safepoint "Cleanup", Time since last: 1000935084 ns, Reaching safepoint: 76417 ns, At safepoint: 2833 ns, Total: 79250 ns
[2022-04-28T08:55:38.154+0000][8][safepoint   ] Safepoint "Cleanup", Time since last: 1002394251 ns, Reaching safepoint: 144416 ns, At safepoint: 5584 ns, Total: 150000 ns
[2022-04-28T08:55:38.720+0000][8][gc,start    ] GC(42) Pause Young (Normal) (G1 Evacuation Pause)
[2022-04-28T08:55:38.723+0000][8][gc,task     ] GC(42) Using 5 workers of 5 for evacuation
[2022-04-28T08:55:38.738+0000][8][gc,age      ] GC(42) Desired survivor size 20971520 bytes, new threshold 15 (max threshold 15)
[2022-04-28T08:55:38.748+0000][8][gc,age      ] GC(42) Age table with threshold 15 (max threshold 15)
[2022-04-28T08:55:38.749+0000][8][gc,age      ] GC(42) - age   1:    1114680 bytes,    1114680 total
[2022-04-28T08:55:38.750+0000][8][gc,age      ] GC(42) - age   2:      89672 bytes,    1204352 total
[2022-04-28T08:55:38.752+0000][8][gc,age      ] GC(42) - age   3:       3488 bytes,    1207840 total
[2022-04-28T08:55:38.753+0000][8][gc,age      ] GC(42) - age   4:      13432 bytes,    1221272 total
[2022-04-28T08:55:38.755+0000][8][gc,age      ] GC(42) - age   5:      18128 bytes,    1239400 total
[2022-04-28T08:55:38.756+0000][8][gc,age      ] GC(42) - age   6:     120664 bytes,    1360064 total
[2022-04-28T08:55:38.758+0000][8][gc,age      ] GC(42) - age   7:       5784 bytes,    1365848 total
[2022-04-28T08:55:38.759+0000][8][gc,age      ] GC(42) - age   8:      84136 bytes,    1449984 total
[2022-04-28T08:55:38.760+0000][8][gc,age      ] GC(42) - age   9:      40680 bytes,    1490664 total
[2022-04-28T08:55:38.761+0000][8][gc,age      ] GC(42) - age  10:      15720 bytes,    1506384 total
[2022-04-28T08:55:38.762+0000][8][gc,age      ] GC(42) - age  11:     114872 bytes,    1621256 total
[2022-04-28T08:55:38.764+0000][8][gc,age      ] GC(42) - age  12:      28224 bytes,    1649480 total
[2022-04-28T08:55:38.765+0000][8][gc,age      ] GC(42) - age  13:     161960 bytes,    1811440 total
[2022-04-28T08:55:38.766+0000][8][gc,age      ] GC(42) - age  14:     258152 bytes,    2069592 total
[2022-04-28T08:55:38.768+0000][8][gc,age      ] GC(42) - age  15:    1950064 bytes,    4019656 total
[2022-04-28T08:55:38.769+0000][8][gc,phases   ] GC(42)   Pre Evacuate Collection Set: 0.4ms
[2022-04-28T08:55:38.770+0000][8][gc,phases   ] GC(42)   Merge Heap Roots: 0.3ms
[2022-04-28T08:55:38.771+0000][8][gc,phases   ] GC(42)   Evacuate Collection Set: 5.9ms
[2022-04-28T08:55:38.772+0000][8][gc,phases   ] GC(42)   Post Evacuate Collection Set: 1.4ms
[2022-04-28T08:55:38.773+0000][8][gc,phases   ] GC(42)   Other: 41.2ms
[2022-04-28T08:55:38.773+0000][8][gc,heap     ] GC(42) Eden regions: 70->0(70)
[2022-04-28T08:55:38.774+0000][8][gc,heap     ] GC(42) Survivor regions: 3->2(10)
[2022-04-28T08:55:38.775+0000][8][gc,heap     ] GC(42) Old regions: 24->26
[2022-04-28T08:55:38.775+0000][8][gc,heap     ] GC(42) Archive regions: 2->2
[2022-04-28T08:55:38.776+0000][8][gc,heap     ] GC(42) Humongous regions: 6->6
[2022-04-28T08:55:38.776+0000][8][gc,metaspace] GC(42) Metaspace: 116077K(117888K)->116077K(117888K) NonClass: 100604K(101632K)->100604K(101632K) Class: 15473K(16256K)->15473K(16256K)
[2022-04-28T08:55:38.777+0000][8][gc          ] GC(42) Pause Young (Normal) (G1 Evacuation Pause) 413M->133M(512M) 57.227ms
[2022-04-28T08:55:38.778+0000][8][gc,cpu      ] GC(42) User=0.02s Sys=0.01s Real=0.06s
[2022-04-28T08:55:38.779+0000][8][safepoint   ] Safepoint "G1CollectForAllocation", Time since last: 565241958 ns, Reaching safepoint: 163459 ns, At safepoint: 59646625 ns, Total: 59810084 ns
[2022-04-28T08:55:39.781+0000][8][safepoint   ] Safepoint "Cleanup", Time since last: 1001229959 ns, Reaching safepoint: 736375 ns, At safepoint: 37083 ns, Total: 773458 ns
[2022-04-28T08:55:40.799+0000][8][safepoint   ] Safepoint "Cleanup", Time since last: 1016847375 ns, Reaching safepoint: 283292 ns, At safepoint: 12708 ns, Total: 296000 ns
[2022-04-28T08:55:41.816+0000][8][safepoint   ] Safepoint "Cleanup", Time since last: 1016722334 ns, Reaching safepoint: 342000 ns, At safepoint: 11000 ns, Total: 353000 ns
[2022-04-28T08:55:42.822+0000][8][safepoint   ] Safepoint "Cleanup", Time since last: 1006482501 ns, Reaching safepoint: 257458 ns, At safepoint: 8250 ns, Total: 265708 ns
[2022-04-28T08:55:43.830+0000][8][safepoint   ] Safepoint "Cleanup", Time since last: 1007207334 ns, Reaching safepoint: 114750 ns, At safepoint: 5958 ns, Total: 120708 ns
[2022-04-28T08:55:45.832+0000][8][safepoint   ] Safepoint "Cleanup", Time since last: 2002430626 ns, Reaching safepoint: 135583 ns, At safepoint: 12375 ns, Total: 147958 ns
[2022-04-28T08:55:46.835+0000][8][safepoint   ] Safepoint "Cleanup", Time since last: 1002341543 ns, Reaching safepoint: 174083 ns, At safepoint: 7292 ns, Total: 181375 ns
[2022-04-28T08:55:48.855+0000][8][safepoint   ] Safepoint "Cleanup", Time since last: 2020237834 ns, Reaching safepoint: 287917 ns, At safepoint: 11041 ns, Total: 298958 ns
[2022-04-28T08:55:51.863+0000][8][safepoint   ] Safepoint "Cleanup", Time since last: 3006571668 ns, Reaching safepoint: 457625 ns, At safepoint: 47750 ns, Total: 505375 ns
[2022-04-28T08:55:54.876+0000][8][safepoint   ] Safepoint "Cleanup", Time since last: 3012968043 ns, Reaching safepoint: 130584 ns, At safepoint: 5583 ns, Total: 136167 ns
[2022-04-28T08:55:56.886+0000][8][safepoint   ] Safepoint "Cleanup", Time since last: 2010132626 ns, Reaching safepoint: 406083 ns, At safepoint: 16000 ns, Total: 422083 ns
[2022-04-28T08:55:57.893+0000][8][safepoint   ] Safepoint "Cleanup", Time since last: 1006217001 ns, Reaching safepoint: 596833 ns, At safepoint: 17250 ns, Total: 614083 ns
[2022-04-28T08:55:58.901+0000][8][safepoint   ] Safepoint "Cleanup", Time since last: 1007343084 ns, Reaching safepoint: 368625 ns, At safepoint: 22458 ns, Total: 391083 ns
[2022-04-28T08:56:00.917+0000][8][safepoint   ] Safepoint "Cleanup", Time since last: 2015894960 ns, Reaching safepoint: 129583 ns, At safepoint: 5542 ns, Total: 135125 ns
[2022-04-28T08:56:01.927+0000][8][safepoint   ] Safepoint "Cleanup", Time since last: 1009720250 ns, Reaching safepoint: 168625 ns, At safepoint: 4167 ns, Total: 172792 ns
[2022-04-28T08:56:03.934+0000][8][safepoint   ] Safepoint "Cleanup", Time since last: 2007042792 ns, Reaching safepoint: 747875 ns, At safepoint: 8917 ns, Total: 756792 ns
[2022-04-28T08:56:06.945+0000][8][safepoint   ] Safepoint "Cleanup", Time since last: 3011099376 ns, Reaching safepoint: 90250 ns, At safepoint: 3792 ns, Total: 94042 ns
[2022-04-28T08:56:08.953+0000][8][safepoint   ] Safepoint "Cleanup", Time since last: 2007113251 ns, Reaching safepoint: 535208 ns, At safepoint: 18625 ns, Total: 553833 ns
[2022-04-28T08:56:09.961+0000][8][safepoint   ] Safepoint "Cleanup", Time since last: 1007818126 ns, Reaching safepoint: 99375 ns, At safepoint: 5541 ns, Total: 104916 ns
[2022-04-28T08:56:11.974+0000][8][safepoint   ] Safepoint "Cleanup", Time since last: 2012032626 ns, Reaching safepoint: 647917 ns, At safepoint: 188167 ns, Total: 836084 ns
[2022-04-28T08:56:12.989+0000][8][safepoint   ] Safepoint "Cleanup", Time since last: 1015103042 ns, Reaching safepoint: 262791 ns, At safepoint: 7250 ns, Total: 270041 ns
[2022-04-28T08:56:14.018+0000][8][safepoint   ] Safepoint "Cleanup", Time since last: 1028495001 ns, Reaching safepoint: 285000 ns, At safepoint: 7708 ns, Total: 292708 ns
[2022-04-28T08:56:15.023+0000][8][safepoint   ] Safepoint "Cleanup", Time since last: 1002400876 ns, Reaching safepoint: 2697375 ns, At safepoint: 32583 ns, Total: 2729958 ns
[2022-04-28T08:56:17.039+0000][8][safepoint   ] Safepoint "Cleanup", Time since last: 2015822584 ns, Reaching safepoint: 168875 ns, At safepoint: 9917 ns, Total: 178792 ns
[2022-04-28T08:56:18.045+0000][8][safepoint   ] Safepoint "Cleanup", Time since last: 1006230125 ns, Reaching safepoint: 64709 ns, At safepoint: 3875 ns, Total: 68584 ns
[2022-04-28T08:56:19.048+0000][8][safepoint   ] Safepoint "Cleanup", Time since last: 1002840709 ns, Reaching safepoint: 218666 ns, At safepoint: 6000 ns, Total: 224666 ns
[2022-04-28T08:56:21.054+0000][8][safepoint   ] Safepoint "Cleanup", Time since last: 2005668376 ns, Reaching safepoint: 525000 ns, At safepoint: 9000 ns, Total: 534000 ns
[2022-04-28T08:56:22.062+0000][8][safepoint   ] Safepoint "Cleanup", Time since last: 1006910709 ns, Reaching safepoint: 266250 ns, At safepoint: 9833 ns, Total: 276083 ns
[2022-04-28T08:56:24.068+0000][8][safepoint   ] Safepoint "Cleanup", Time since last: 2005901793 ns, Reaching safepoint: 126500 ns, At safepoint: 67042 ns, Total: 193542 ns
[2022-04-28T08:56:27.075+0000][8][safepoint   ] Safepoint "Cleanup", Time since last: 3006988876 ns, Reaching safepoint: 143500 ns, At safepoint: 3917 ns, Total: 147417 ns
[2022-04-28T08:56:29.079+0000][8][safepoint   ] Safepoint "Cleanup", Time since last: 2003940709 ns, Reaching safepoint: 342458 ns, At safepoint: 16375 ns, Total: 358833 ns
[2022-04-28T08:56:30.096+0000][8][safepoint   ] Safepoint "Cleanup", Time since last: 1016491543 ns, Reaching safepoint: 226625 ns, At safepoint: 6750 ns, Total: 233375 ns
[2022-04-28T08:56:31.097+0000][8][safepoint   ] Safepoint "Cleanup", Time since last: 1001080667 ns, Reaching safepoint: 200333 ns, At safepoint: 7042 ns, Total: 207375 ns
[2022-04-28T08:56:32.106+0000][8][safepoint   ] Safepoint "Cleanup", Time since last: 1008760375 ns, Reaching safepoint: 147042 ns, At safepoint: 6083 ns, Total: 153125 ns
[2022-04-28T08:56:33.112+0000][8][safepoint   ] Safepoint "Cleanup", Time since last: 1005649792 ns, Reaching safepoint: 174334 ns, At safepoint: 5708 ns, Total: 180042 ns
[2022-04-28T08:56:34.115+0000][8][safepoint   ] Safepoint "Cleanup", Time since last: 1003433333 ns, Reaching safepoint: 255708 ns, At safepoint: 36667 ns, Total: 292375 ns
[2022-04-28T08:56:36.120+0000][8][safepoint   ] Safepoint "Cleanup", Time since last: 2004983834 ns, Reaching safepoint: 61708 ns, At safepoint: 3625 ns, Total: 65333 ns
[2022-04-28T08:56:37.122+0000][8][safepoint   ] Safepoint "Cleanup", Time since last: 1001140001 ns, Reaching safepoint: 305417 ns, At safepoint: 8291 ns, Total: 313708 ns
[2022-04-28T08:56:38.127+0000][8][safepoint   ] Safepoint "Cleanup", Time since last: 1004400334 ns, Reaching safepoint: 1184542 ns, At safepoint: 20000 ns, Total: 1204542 ns
[2022-04-28T08:56:39.139+0000][8][safepoint   ] Safepoint "Cleanup", Time since last: 1011923084 ns, Reaching safepoint: 86250 ns, At safepoint: 5208 ns, Total: 91458 ns
[2022-04-28T08:56:41.143+0000][8][safepoint   ] Safepoint "Cleanup", Time since last: 2003181876 ns, Reaching safepoint: 232167 ns, At safepoint: 4958 ns, Total: 237125 ns
[2022-04-28T08:56:42.145+0000][8][safepoint   ] Safepoint "Cleanup", Time since last: 1001693459 ns, Reaching safepoint: 112666 ns, At safepoint: 3792 ns, Total: 116458 ns
[2022-04-28T08:56:44.153+0000][8][safepoint   ] Safepoint "Cleanup", Time since last: 2007158543 ns, Reaching safepoint: 1569583 ns, At safepoint: 17625 ns, Total: 1587208 ns
[2022-04-28T08:56:45.158+0000][8][safepoint   ] Safepoint "Cleanup", Time since last: 1004492334 ns, Reaching safepoint: 179250 ns, At safepoint: 7750 ns, Total: 187000 ns
[2022-04-28T08:56:47.167+0000][8][safepoint   ] Safepoint "Cleanup", Time since last: 2008342959 ns, Reaching safepoint: 214667 ns, At safepoint: 7208 ns, Total: 221875 ns
[2022-04-28T08:56:48.171+0000][8][safepoint   ] Safepoint "Cleanup", Time since last: 1004385834 ns, Reaching safepoint: 411625 ns, At safepoint: 4083 ns, Total: 415708 ns
[2022-04-28T08:56:49.173+0000][8][safepoint   ] Safepoint "Cleanup", Time since last: 1001093542 ns, Reaching safepoint: 277292 ns, At safepoint: 10208 ns, Total: 287500 ns
[2022-04-28T08:56:51.033+0000][8][gc,start    ] GC(43) Pause Young (Normal) (G1 Evacuation Pause)
[2022-04-28T08:56:51.039+0000][8][gc,task     ] GC(43) Using 5 workers of 5 for evacuation
[2022-04-28T08:56:51.042+0000][8][gc,age      ] GC(43) Desired survivor size 18874368 bytes, new threshold 15 (max threshold 15)
[2022-04-28T08:56:51.062+0000][8][gc,age      ] GC(43) Age table with threshold 15 (max threshold 15)
[2022-04-28T08:56:51.064+0000][8][gc,age      ] GC(43) - age   1:    1488048 bytes,    1488048 total
[2022-04-28T08:56:51.065+0000][8][gc,age      ] GC(43) - age   2:       5448 bytes,    1493496 total
[2022-04-28T08:56:51.067+0000][8][gc,age      ] GC(43) - age   3:      87672 bytes,    1581168 total
[2022-04-28T08:56:51.068+0000][8][gc,age      ] GC(43) - age   4:       2880 bytes,    1584048 total
[2022-04-28T08:56:51.070+0000][8][gc,age      ] GC(43) - age   5:      13048 bytes,    1597096 total
[2022-04-28T08:56:51.071+0000][8][gc,age      ] GC(43) - age   6:      17968 bytes,    1615064 total
[2022-04-28T08:56:51.073+0000][8][gc,age      ] GC(43) - age   7:     120600 bytes,    1735664 total
[2022-04-28T08:56:51.074+0000][8][gc,age      ] GC(43) - age   8:       5784 bytes,    1741448 total
[2022-04-28T08:56:51.075+0000][8][gc,age      ] GC(43) - age   9:      83944 bytes,    1825392 total
[2022-04-28T08:56:51.077+0000][8][gc,age      ] GC(43) - age  10:      38712 bytes,    1864104 total
[2022-04-28T08:56:51.078+0000][8][gc,age      ] GC(43) - age  11:      15720 bytes,    1879824 total
[2022-04-28T08:56:51.080+0000][8][gc,age      ] GC(43) - age  12:     114872 bytes,    1994696 total
[2022-04-28T08:56:51.081+0000][8][gc,age      ] GC(43) - age  13:      28224 bytes,    2022920 total
[2022-04-28T08:56:51.082+0000][8][gc,age      ] GC(43) - age  14:     161960 bytes,    2184880 total
[2022-04-28T08:56:51.083+0000][8][gc,age      ] GC(43) - age  15:     258152 bytes,    2443032 total
[2022-04-28T08:56:51.085+0000][8][gc,phases   ] GC(43)   Pre Evacuate Collection Set: 0.4ms
[2022-04-28T08:56:51.086+0000][8][gc,phases   ] GC(43)   Merge Heap Roots: 0.1ms
[2022-04-28T08:56:51.087+0000][8][gc,phases   ] GC(43)   Evacuate Collection Set: 9.3ms
[2022-04-28T08:56:51.088+0000][8][gc,phases   ] GC(43)   Post Evacuate Collection Set: 2.2ms
[2022-04-28T08:56:51.090+0000][8][gc,phases   ] GC(43)   Other: 39.5ms
[2022-04-28T08:56:51.091+0000][8][gc,heap     ] GC(43) Eden regions: 70->0(71)
[2022-04-28T08:56:51.092+0000][8][gc,heap     ] GC(43) Survivor regions: 2->1(9)
[2022-04-28T08:56:51.093+0000][8][gc,heap     ] GC(43) Old regions: 26->26
[2022-04-28T08:56:51.094+0000][8][gc,heap     ] GC(43) Archive regions: 2->2
[2022-04-28T08:56:51.095+0000][8][gc,heap     ] GC(43) Humongous regions: 6->6
[2022-04-28T08:56:51.096+0000][8][gc,metaspace] GC(43) Metaspace: 116111K(117888K)->116111K(117888K) NonClass: 100637K(101632K)->100637K(101632K) Class: 15473K(16256K)->15473K(16256K)
[2022-04-28T08:56:51.097+0000][8][gc          ] GC(43) Pause Young (Normal) (G1 Evacuation Pause) 413M->133M(512M) 63.397ms
[2022-04-28T08:56:51.097+0000][8][gc,cpu      ] GC(43) User=0.03s Sys=0.01s Real=0.07s
[2022-04-28T08:56:51.098+0000][8][safepoint   ] Safepoint "G1CollectForAllocation", Time since last: 1860255085 ns, Reaching safepoint: 118375 ns, At safepoint: 65215250 ns, Total: 65333625 ns
[2022-04-28T08:56:52.104+0000][8][safepoint   ] Safepoint "Cleanup", Time since last: 1005122083 ns, Reaching safepoint: 280584 ns, At safepoint: 12375 ns, Total: 292959 ns
[2022-04-28T08:56:54.121+0000][8][safepoint   ] Safepoint "Cleanup", Time since last: 2016995334 ns, Reaching safepoint: 46583 ns, At safepoint: 2375 ns, Total: 48958 ns
[2022-04-28T08:56:55.122+0000][8][safepoint   ] Safepoint "Cleanup", Time since last: 1001151668 ns, Reaching safepoint: 282416 ns, At safepoint: 14584 ns, Total: 297000 ns
[2022-04-28T08:56:57.130+0000][8][safepoint   ] Safepoint "Cleanup", Time since last: 2007681417 ns, Reaching safepoint: 583125 ns, At safepoint: 12958 ns, Total: 596083 ns
[2022-04-28T08:56:59.140+0000][8][safepoint   ] Safepoint "Cleanup", Time since last: 2009174335 ns, Reaching safepoint: 262375 ns, At safepoint: 9375 ns, Total: 271750 ns
[2022-04-28T08:57:00.144+0000][8][safepoint   ] Safepoint "Cleanup", Time since last: 1003924250 ns, Reaching safepoint: 245917 ns, At safepoint: 9750 ns, Total: 255667 ns
[2022-04-28T08:57:01.148+0000][8][safepoint   ] Safepoint "Cleanup", Time since last: 1003225917 ns, Reaching safepoint: 158125 ns, At safepoint: 6375 ns, Total: 164500 ns
[2022-04-28T08:57:02.160+0000][8][safepoint   ] Safepoint "Cleanup", Time since last: 1012084876 ns, Reaching safepoint: 514458 ns, At safepoint: 14542 ns, Total: 529000 ns
[2022-04-28T08:57:03.178+0000][8][safepoint   ] Safepoint "Cleanup", Time since last: 1017372917 ns, Reaching safepoint: 774583 ns, At safepoint: 53333 ns, Total: 827916 ns
[2022-04-28T08:57:04.184+0000][8][safepoint   ] Safepoint "Cleanup", Time since last: 1008179458 ns, Reaching safepoint: 243375 ns, At safepoint: 11125 ns, Total: 254500 ns
[2022-04-28T08:57:05.191+0000][8][safepoint   ] Safepoint "Cleanup", Time since last: 1006918834 ns, Reaching safepoint: 263750 ns, At safepoint: 101917 ns, Total: 365667 ns
[2022-04-28T08:57:06.199+0000][8][safepoint   ] Safepoint "Cleanup", Time since last: 1007059792 ns, Reaching safepoint: 262750 ns, At safepoint: 11625 ns, Total: 274375 ns
[2022-04-28T08:57:07.201+0000][8][safepoint   ] Safepoint "Cleanup", Time since last: 1001858709 ns, Reaching safepoint: 135500 ns, At safepoint: 5291 ns, Total: 140791 ns
[2022-04-28T08:57:09.206+0000][8][safepoint   ] Safepoint "Cleanup", Time since last: 2004379793 ns, Reaching safepoint: 347250 ns, At safepoint: 11000 ns, Total: 358250 ns
[2022-04-28T08:57:11.218+0000][8][safepoint   ] Safepoint "Cleanup", Time since last: 2011656584 ns, Reaching safepoint: 417167 ns, At safepoint: 6750 ns, Total: 423917 ns
[2022-04-28T08:57:12.219+0000][8][safepoint   ] Safepoint "Cleanup", Time since last: 1001394584 ns, Reaching safepoint: 436250 ns, At safepoint: 11125 ns, Total: 447375 ns
[2022-04-28T08:57:14.223+0000][8][safepoint   ] Safepoint "Cleanup", Time since last: 2002384417 ns, Reaching safepoint: 813959 ns, At safepoint: 13833 ns, Total: 827792 ns
[2022-04-28T08:57:15.234+0000][8][safepoint   ] Safepoint "Cleanup", Time since last: 1010899459 ns, Reaching safepoint: 175833 ns, At safepoint: 8958 ns, Total: 184791 ns
[2022-04-28T08:57:17.245+0000][8][safepoint   ] Safepoint "Cleanup", Time since last: 2010500418 ns, Reaching safepoint: 392500 ns, At safepoint: 7083 ns, Total: 399583 ns
[2022-04-28T08:57:18.248+0000][8][safepoint   ] Safepoint "Cleanup", Time since last: 1003511418 ns, Reaching safepoint: 71250 ns, At safepoint: 2333 ns, Total: 73583 ns
[2022-04-28T08:57:19.250+0000][8][safepoint   ] Safepoint "Cleanup", Time since last: 1001686792 ns, Reaching safepoint: 183792 ns, At safepoint: 12791 ns, Total: 196583 ns
[2022-04-28T08:57:21.257+0000][8][safepoint   ] Safepoint "Cleanup", Time since last: 2006566043 ns, Reaching safepoint: 277208 ns, At safepoint: 7084 ns, Total: 284292 ns
[2022-04-28T08:57:22.266+0000][8][safepoint   ] Safepoint "Cleanup", Time since last: 1009000250 ns, Reaching safepoint: 228125 ns, At safepoint: 40917 ns, Total: 269042 ns
[2022-04-28T08:57:24.268+0000][8][safepoint   ] Safepoint "Cleanup", Time since last: 2001775959 ns, Reaching safepoint: 69042 ns, At safepoint: 3083 ns, Total: 72125 ns
[2022-04-28T08:57:26.277+0000][8][safepoint   ] Safepoint "Cleanup", Time since last: 2008802293 ns, Reaching safepoint: 399708 ns, At safepoint: 9708 ns, Total: 409416 ns
[2022-04-28T08:57:27.283+0000][8][safepoint   ] Safepoint "Cleanup", Time since last: 1005389751 ns, Reaching safepoint: 247042 ns, At safepoint: 11833 ns, Total: 258875 ns
[2022-04-28T08:57:29.293+0000][8][safepoint   ] Safepoint "Cleanup", Time since last: 2009747043 ns, Reaching safepoint: 293583 ns, At safepoint: 6667 ns, Total: 300250 ns
[2022-04-28T08:57:30.297+0000][8][safepoint   ] Safepoint "Cleanup", Time since last: 1003971750 ns, Reaching safepoint: 71000 ns, At safepoint: 3500 ns, Total: 74500 ns
[2022-04-28T08:57:31.303+0000][8][safepoint   ] Safepoint "Cleanup", Time since last: 1005302000 ns, Reaching safepoint: 270542 ns, At safepoint: 5875 ns, Total: 276417 ns
[2022-04-28T08:57:33.306+0000][8][safepoint   ] Safepoint "Cleanup", Time since last: 2003485751 ns, Reaching safepoint: 203583 ns, At safepoint: 6667 ns, Total: 210250 ns
[2022-04-28T08:57:34.311+0000][8][safepoint   ] Safepoint "Cleanup", Time since last: 1002256958 ns, Reaching safepoint: 497333 ns, At safepoint: 13209 ns, Total: 510542 ns
[2022-04-28T08:57:36.319+0000][8][safepoint   ] Safepoint "Cleanup", Time since last: 2007740292 ns, Reaching safepoint: 54375 ns, At safepoint: 2417 ns, Total: 56792 ns
[2022-04-28T08:57:37.320+0000][8][safepoint   ] Safepoint "Cleanup", Time since last: 1000839459 ns, Reaching safepoint: 117125 ns, At safepoint: 5125 ns, Total: 122250 ns
[2022-04-28T08:57:38.328+0000][8][safepoint   ] Safepoint "Cleanup", Time since last: 1007215250 ns, Reaching safepoint: 187250 ns, At safepoint: 8125 ns, Total: 195375 ns
[2022-04-28T08:57:39.330+0000][8][safepoint   ] Safepoint "Cleanup", Time since last: 1002254209 ns, Reaching safepoint: 381125 ns, At safepoint: 12250 ns, Total: 393375 ns
[2022-04-28T08:57:41.352+0000][8][safepoint   ] Safepoint "Cleanup", Time since last: 2021465418 ns, Reaching safepoint: 204083 ns, At safepoint: 4167 ns, Total: 208250 ns
[2022-04-28T08:57:42.355+0000][8][safepoint   ] Safepoint "Cleanup", Time since last: 1003148167 ns, Reaching safepoint: 108791 ns, At safepoint: 3792 ns, Total: 112583 ns
[2022-04-28T08:57:43.357+0000][8][safepoint   ] Safepoint "Cleanup", Time since last: 1001841709 ns, Reaching safepoint: 352625 ns, At safepoint: 11583 ns, Total: 364208 ns
[2022-04-28T08:57:44.362+0000][8][safepoint   ] Safepoint "Cleanup", Time since last: 1003863084 ns, Reaching safepoint: 375458 ns, At safepoint: 7959 ns, Total: 383417 ns
[2022-04-28T08:57:45.379+0000][8][safepoint   ] Safepoint "Cleanup", Time since last: 1016522167 ns, Reaching safepoint: 943167 ns, At safepoint: 8375 ns, Total: 951542 ns
[2022-04-28T08:57:46.382+0000][8][safepoint   ] Safepoint "Cleanup", Time since last: 1001892208 ns, Reaching safepoint: 556000 ns, At safepoint: 14042 ns, Total: 570042 ns
[2022-04-28T08:57:48.395+0000][8][safepoint   ] Safepoint "Cleanup", Time since last: 2013442793 ns, Reaching safepoint: 147916 ns, At safepoint: 4000 ns, Total: 151916 ns
[2022-04-28T08:57:49.402+0000][8][safepoint   ] Safepoint "Cleanup", Time since last: 1006707001 ns, Reaching safepoint: 218000 ns, At safepoint: 6166 ns, Total: 224166 ns
[2022-04-28T08:57:51.405+0000][8][safepoint   ] Safepoint "Cleanup", Time since last: 2003071918 ns, Reaching safepoint: 217292 ns, At safepoint: 5208 ns, Total: 222500 ns
[2022-04-28T08:57:54.412+0000][8][safepoint   ] Safepoint "Cleanup", Time since last: 3006805627 ns, Reaching safepoint: 240875 ns, At safepoint: 9333 ns, Total: 250208 ns
[2022-04-28T08:57:55.417+0000][8][safepoint   ] Safepoint "Cleanup", Time since last: 1003650459 ns, Reaching safepoint: 1000875 ns, At safepoint: 14875 ns, Total: 1015750 ns
[2022-04-28T08:57:56.423+0000][8][safepoint   ] Safepoint "Cleanup", Time since last: 1005449875 ns, Reaching safepoint: 128750 ns, At safepoint: 7208 ns, Total: 135958 ns
[2022-04-28T08:57:57.426+0000][8][safepoint   ] Safepoint "Cleanup", Time since last: 1003404376 ns, Reaching safepoint: 238625 ns, At safepoint: 9542 ns, Total: 248167 ns
[2022-04-28T08:57:58.438+0000][8][safepoint   ] Safepoint "Cleanup", Time since last: 1011635542 ns, Reaching safepoint: 289333 ns, At safepoint: 13250 ns, Total: 302583 ns
[2022-04-28T08:57:59.447+0000][8][safepoint   ] Safepoint "Cleanup", Time since last: 1008179292 ns, Reaching safepoint: 600917 ns, At safepoint: 22833 ns, Total: 623750 ns
[2022-04-28T08:58:00.457+0000][8][safepoint   ] Safepoint "Cleanup", Time since last: 1009822667 ns, Reaching safepoint: 276417 ns, At safepoint: 37875 ns, Total: 314292 ns
[2022-04-28T08:58:01.460+0000][8][safepoint   ] Safepoint "Cleanup", Time since last: 1002995792 ns, Reaching safepoint: 98500 ns, At safepoint: 3167 ns, Total: 101667 ns
[2022-04-28T08:58:03.098+0000][8][safepoint   ] Safepoint "Cleanup", Time since last: 1637224501 ns, Reaching safepoint: 118916 ns, At safepoint: 4334 ns, Total: 123250 ns
[2022-04-28T08:58:04.104+0000][8][safepoint   ] Safepoint "Cleanup", Time since last: 1005549000 ns, Reaching safepoint: 333875 ns, At safepoint: 12167 ns, Total: 346042 ns
[2022-04-28T08:58:06.111+0000][8][safepoint   ] Safepoint "Cleanup", Time since last: 2006739834 ns, Reaching safepoint: 156583 ns, At safepoint: 10375 ns, Total: 166958 ns
[2022-04-28T08:58:06.424+0000][8][gc,start    ] GC(44) Pause Young (Normal) (G1 Evacuation Pause)
[2022-04-28T08:58:06.425+0000][8][gc,task     ] GC(44) Using 5 workers of 5 for evacuation
[2022-04-28T08:58:06.426+0000][8][gc,age      ] GC(44) Desired survivor size 18874368 bytes, new threshold 15 (max threshold 15)
[2022-04-28T08:58:06.430+0000][8][gc,age      ] GC(44) Age table with threshold 15 (max threshold 15)
[2022-04-28T08:58:06.432+0000][8][gc,age      ] GC(44) - age   1:    1999288 bytes,    1999288 total
[2022-04-28T08:58:06.432+0000][8][gc,age      ] GC(44) - age   2:      22032 bytes,    2021320 total
[2022-04-28T08:58:06.433+0000][8][gc,age      ] GC(44) - age   3:       3320 bytes,    2024640 total
[2022-04-28T08:58:06.434+0000][8][gc,age      ] GC(44) - age   4:      87512 bytes,    2112152 total
[2022-04-28T08:58:06.434+0000][8][gc,age      ] GC(44) - age   5:       2568 bytes,    2114720 total
[2022-04-28T08:58:06.435+0000][8][gc,age      ] GC(44) - age   6:      13048 bytes,    2127768 total
[2022-04-28T08:58:06.435+0000][8][gc,age      ] GC(44) - age   7:      17768 bytes,    2145536 total
[2022-04-28T08:58:06.436+0000][8][gc,age      ] GC(44) - age   8:     120536 bytes,    2266072 total
[2022-04-28T08:58:06.437+0000][8][gc,age      ] GC(44) - age   9:       5784 bytes,    2271856 total
[2022-04-28T08:58:06.438+0000][8][gc,age      ] GC(44) - age  10:      83944 bytes,    2355800 total
[2022-04-28T08:58:06.438+0000][8][gc,age      ] GC(44) - age  11:      38712 bytes,    2394512 total
[2022-04-28T08:58:06.439+0000][8][gc,age      ] GC(44) - age  12:      15720 bytes,    2410232 total
[2022-04-28T08:58:06.440+0000][8][gc,age      ] GC(44) - age  13:     114872 bytes,    2525104 total
[2022-04-28T08:58:06.440+0000][8][gc,age      ] GC(44) - age  14:      28224 bytes,    2553328 total
[2022-04-28T08:58:06.441+0000][8][gc,age      ] GC(44) - age  15:     161960 bytes,    2715288 total
[2022-04-28T08:58:06.441+0000][8][gc,phases   ] GC(44)   Pre Evacuate Collection Set: 0.1ms
[2022-04-28T08:58:06.442+0000][8][gc,phases   ] GC(44)   Merge Heap Roots: 0.2ms
[2022-04-28T08:58:06.443+0000][8][gc,phases   ] GC(44)   Evacuate Collection Set: 2.5ms
[2022-04-28T08:58:06.443+0000][8][gc,phases   ] GC(44)   Post Evacuate Collection Set: 1.0ms
[2022-04-28T08:58:06.443+0000][8][gc,phases   ] GC(44)   Other: 13.0ms
[2022-04-28T08:58:06.444+0000][8][gc,heap     ] GC(44) Eden regions: 71->0(71)
[2022-04-28T08:58:06.445+0000][8][gc,heap     ] GC(44) Survivor regions: 1->1(9)
[2022-04-28T08:58:06.445+0000][8][gc,heap     ] GC(44) Old regions: 26->26
[2022-04-28T08:58:06.446+0000][8][gc,heap     ] GC(44) Archive regions: 2->2
[2022-04-28T08:58:06.447+0000][8][gc,heap     ] GC(44) Humongous regions: 6->6
[2022-04-28T08:58:06.448+0000][8][gc,metaspace] GC(44) Metaspace: 116155K(117952K)->116155K(117952K) NonClass: 100681K(101696K)->100681K(101696K) Class: 15473K(16256K)->15473K(16256K)
[2022-04-28T08:58:06.448+0000][8][gc          ] GC(44) Pause Young (Normal) (G1 Evacuation Pause) 417M->134M(512M) 23.925ms
[2022-04-28T08:58:06.449+0000][8][gc,cpu      ] GC(44) User=0.02s Sys=0.01s Real=0.03s
[2022-04-28T08:58:06.449+0000][8][safepoint   ] Safepoint "G1CollectForAllocation", Time since last: 312922875 ns, Reaching safepoint: 54875 ns, At safepoint: 25156000 ns, Total: 25210875 ns
[2022-04-28T08:58:07.451+0000][8][safepoint   ] Safepoint "Cleanup", Time since last: 1001276751 ns, Reaching safepoint: 674166 ns, At safepoint: 19459 ns, Total: 693625 ns
[2022-04-28T08:58:09.457+0000][8][safepoint   ] Safepoint "Cleanup", Time since last: 2003777834 ns, Reaching safepoint: 1815917 ns, At safepoint: 29583 ns, Total: 1845500 ns
[2022-04-28T08:58:10.460+0000][8][safepoint   ] Safepoint "Cleanup", Time since last: 1003115542 ns, Reaching safepoint: 253834 ns, At safepoint: 6791 ns, Total: 260625 ns
[2022-04-28T08:58:11.466+0000][8][safepoint   ] Safepoint "Cleanup", Time since last: 1005710834 ns, Reaching safepoint: 87833 ns, At safepoint: 3875 ns, Total: 91708 ns
[2022-04-28T08:58:12.472+0000][8][safepoint   ] Safepoint "Cleanup", Time since last: 1005458167 ns, Reaching safepoint: 69084 ns, At safepoint: 2000 ns, Total: 71084 ns
[2022-04-28T08:58:14.475+0000][8][safepoint   ] Safepoint "Cleanup", Time since last: 2002143792 ns, Reaching safepoint: 1079250 ns, At safepoint: 14625 ns, Total: 1093875 ns
[2022-04-28T08:58:15.488+0000][8][safepoint   ] Safepoint "Cleanup", Time since last: 1012435251 ns, Reaching safepoint: 282667 ns, At safepoint: 13750 ns, Total: 296417 ns
[2022-04-28T08:58:16.499+0000][8][safepoint   ] Safepoint "Cleanup", Time since last: 1011302292 ns, Reaching safepoint: 164541 ns, At safepoint: 5542 ns, Total: 170083 ns
[2022-04-28T08:58:18.513+0000][8][safepoint   ] Safepoint "Cleanup", Time since last: 2014094293 ns, Reaching safepoint: 128291 ns, At safepoint: 4250 ns, Total: 132541 ns
[2022-04-28T08:58:19.519+0000][8][safepoint   ] Safepoint "Cleanup", Time since last: 1004742168 ns, Reaching safepoint: 376750 ns, At safepoint: 13791 ns, Total: 390541 ns
[2022-04-28T08:58:21.536+0000][8][safepoint   ] Safepoint "Cleanup", Time since last: 2015248334 ns, Reaching safepoint: 1682292 ns, At safepoint: 16917 ns, Total: 1699209 ns
[2022-04-28T08:58:24.553+0000][8][safepoint   ] Safepoint "Cleanup", Time since last: 3017269085 ns, Reaching safepoint: 99875 ns, At safepoint: 51625 ns, Total: 151500 ns
[2022-04-28T08:58:26.556+0000][8][safepoint   ] Safepoint "Cleanup", Time since last: 2003259501 ns, Reaching safepoint: 279708 ns, At safepoint: 13000 ns, Total: 292708 ns
[2022-04-28T08:58:27.573+0000][8][safepoint   ] Safepoint "Cleanup", Time since last: 1015958417 ns, Reaching safepoint: 418125 ns, At safepoint: 25917 ns, Total: 444042 ns
[2022-04-28T08:58:29.583+0000][8][safepoint   ] Safepoint "Cleanup", Time since last: 2009434959 ns, Reaching safepoint: 601292 ns, At safepoint: 12208 ns, Total: 613500 ns
[2022-04-28T08:58:30.588+0000][8][safepoint   ] Safepoint "Cleanup", Time since last: 1004713959 ns, Reaching safepoint: 167208 ns, At safepoint: 17833 ns, Total: 185041 ns
[2022-04-28T08:58:31.590+0000][8][safepoint   ] Safepoint "Cleanup", Time since last: 1002038126 ns, Reaching safepoint: 334167 ns, At safepoint: 17875 ns, Total: 352042 ns
[2022-04-28T08:58:33.598+0000][8][safepoint   ] Safepoint "Cleanup", Time since last: 2007476084 ns, Reaching safepoint: 315708 ns, At safepoint: 10542 ns, Total: 326250 ns
[2022-04-28T08:58:34.604+0000][8][safepoint   ] Safepoint "Cleanup", Time since last: 1007902750 ns, Reaching safepoint: 218458 ns, At safepoint: 13833 ns, Total: 232291 ns
[2022-04-28T08:58:36.610+0000][8][safepoint   ] Safepoint "Cleanup", Time since last: 2006689251 ns, Reaching safepoint: 199542 ns, At safepoint: 9083 ns, Total: 208625 ns
[2022-04-28T08:58:37.614+0000][8][safepoint   ] Safepoint "Cleanup", Time since last: 1003679584 ns, Reaching safepoint: 91708 ns, At safepoint: 2250 ns, Total: 93958 ns
[2022-04-28T08:58:38.617+0000][8][safepoint   ] Safepoint "Cleanup", Time since last: 1002659418 ns, Reaching safepoint: 278958 ns, At safepoint: 15500 ns, Total: 294458 ns
[2022-04-28T08:58:39.622+0000][8][safepoint   ] Safepoint "Cleanup", Time since last: 1004518250 ns, Reaching safepoint: 714334 ns, At safepoint: 19666 ns, Total: 734000 ns
[2022-04-28T08:58:41.635+0000][8][safepoint   ] Safepoint "Cleanup", Time since last: 2011980751 ns, Reaching safepoint: 216167 ns, At safepoint: 8125 ns, Total: 224292 ns
[2022-04-28T08:58:42.638+0000][8][safepoint   ] Safepoint "Cleanup", Time since last: 1002852667 ns, Reaching safepoint: 119959 ns, At safepoint: 4541 ns, Total: 124500 ns
[2022-04-28T08:58:44.645+0000][8][safepoint   ] Safepoint "Cleanup", Time since last: 2006822460 ns, Reaching safepoint: 320458 ns, At safepoint: 18375 ns, Total: 338833 ns
[2022-04-28T08:58:45.654+0000][8][safepoint   ] Safepoint "Cleanup", Time since last: 1008571375 ns, Reaching safepoint: 325417 ns, At safepoint: 10458 ns, Total: 335875 ns
[2022-04-28T08:58:46.662+0000][8][safepoint   ] Safepoint "Cleanup", Time since last: 1007598417 ns, Reaching safepoint: 311750 ns, At safepoint: 10500 ns, Total: 322250 ns
[2022-04-28T08:58:48.668+0000][8][safepoint   ] Safepoint "Cleanup", Time since last: 2005847543 ns, Reaching safepoint: 128625 ns, At safepoint: 4917 ns, Total: 133542 ns
[2022-04-28T08:58:49.671+0000][8][safepoint   ] Safepoint "Cleanup", Time since last: 1002930042 ns, Reaching safepoint: 294625 ns, At safepoint: 13667 ns, Total: 308292 ns
[2022-04-28T08:58:51.687+0000][8][safepoint   ] Safepoint "Cleanup", Time since last: 2016285292 ns, Reaching safepoint: 193834 ns, At safepoint: 13791 ns, Total: 207625 ns
[2022-04-28T08:58:52.708+0000][8][safepoint   ] Safepoint "Cleanup", Time since last: 1004454167 ns, Reaching safepoint: 16521792 ns, At safepoint: 67542 ns, Total: 16589334 ns
[2022-04-28T08:58:54.718+0000][8][safepoint   ] Safepoint "Cleanup", Time since last: 2009948042 ns, Reaching safepoint: 103792 ns, At safepoint: 5375 ns, Total: 109167 ns
[2022-04-28T08:58:56.726+0000][8][safepoint   ] Safepoint "Cleanup", Time since last: 2007607668 ns, Reaching safepoint: 82916 ns, At safepoint: 2542 ns, Total: 85458 ns
[2022-04-28T08:58:57.729+0000][8][safepoint   ] Safepoint "Cleanup", Time since last: 1002062375 ns, Reaching safepoint: 287417 ns, At safepoint: 10083 ns, Total: 297500 ns
[2022-04-28T08:58:59.737+0000][8][safepoint   ] Safepoint "Cleanup", Time since last: 2008133376 ns, Reaching safepoint: 267334 ns, At safepoint: 12875 ns, Total: 280209 ns
[2022-04-28T08:59:00.744+0000][8][safepoint   ] Safepoint "Cleanup", Time since last: 1006761167 ns, Reaching safepoint: 59000 ns, At safepoint: 4542 ns, Total: 63542 ns
[2022-04-28T08:59:01.747+0000][8][safepoint   ] Safepoint "Cleanup", Time since last: 1003381875 ns, Reaching safepoint: 222958 ns, At safepoint: 7834 ns, Total: 230792 ns
[2022-04-28T08:59:03.761+0000][8][safepoint   ] Safepoint "Cleanup", Time since last: 2013350292 ns, Reaching safepoint: 149959 ns, At safepoint: 5541 ns, Total: 155500 ns
[2022-04-28T08:59:04.776+0000][8][safepoint   ] Safepoint "Cleanup", Time since last: 1011962583 ns, Reaching safepoint: 1719875 ns, At safepoint: 20417 ns, Total: 1740292 ns
[2022-04-28T08:59:06.786+0000][8][safepoint   ] Safepoint "Cleanup", Time since last: 2009322542 ns, Reaching safepoint: 426125 ns, At safepoint: 10209 ns, Total: 436334 ns
[2022-04-28T08:59:24.385+0000][8][gc,start    ] GC(45) Pause Young (Normal) (G1 Evacuation Pause)
[2022-04-28T08:59:24.386+0000][8][gc,task     ] GC(45) Using 5 workers of 5 for evacuation
[2022-04-28T08:59:24.386+0000][8][gc,age      ] GC(45) Desired survivor size 18874368 bytes, new threshold 15 (max threshold 15)
[2022-04-28T08:59:24.391+0000][8][gc,age      ] GC(45) Age table with threshold 15 (max threshold 15)
[2022-04-28T08:59:24.391+0000][8][gc,age      ] GC(45) - age   1:     812216 bytes,     812216 total
[2022-04-28T08:59:24.392+0000][8][gc,age      ] GC(45) - age   2:      89208 bytes,     901424 total
[2022-04-28T08:59:24.393+0000][8][gc,age      ] GC(45) - age   3:       4704 bytes,     906128 total
[2022-04-28T08:59:24.393+0000][8][gc,age      ] GC(45) - age   4:       2952 bytes,     909080 total
[2022-04-28T08:59:24.394+0000][8][gc,age      ] GC(45) - age   5:      20992 bytes,     930072 total
[2022-04-28T08:59:24.394+0000][8][gc,age      ] GC(45) - age   6:       2568 bytes,     932640 total
[2022-04-28T08:59:24.395+0000][8][gc,age      ] GC(45) - age   7:      12376 bytes,     945016 total
[2022-04-28T08:59:24.395+0000][8][gc,age      ] GC(45) - age   8:      17768 bytes,     962784 total
[2022-04-28T08:59:24.397+0000][8][gc,age      ] GC(45) - age   9:      45432 bytes,    1008216 total
[2022-04-28T08:59:24.397+0000][8][gc,age      ] GC(45) - age  10:       4696 bytes,    1012912 total
[2022-04-28T08:59:24.398+0000][8][gc,age      ] GC(45) - age  11:      83752 bytes,    1096664 total
[2022-04-28T08:59:24.399+0000][8][gc,age      ] GC(45) - age  12:      38712 bytes,    1135376 total
[2022-04-28T08:59:24.399+0000][8][gc,age      ] GC(45) - age  13:      15720 bytes,    1151096 total
[2022-04-28T08:59:24.400+0000][8][gc,age      ] GC(45) - age  14:     114872 bytes,    1265968 total
[2022-04-28T08:59:24.401+0000][8][gc,age      ] GC(45) - age  15:      28224 bytes,    1294192 total
[2022-04-28T08:59:24.401+0000][8][gc,phases   ] GC(45)   Pre Evacuate Collection Set: 0.1ms
[2022-04-28T08:59:24.402+0000][8][gc,phases   ] GC(45)   Merge Heap Roots: 0.1ms
[2022-04-28T08:59:24.403+0000][8][gc,phases   ] GC(45)   Evacuate Collection Set: 2.1ms
[2022-04-28T08:59:24.404+0000][8][gc,phases   ] GC(45)   Post Evacuate Collection Set: 1.0ms
[2022-04-28T08:59:24.404+0000][8][gc,phases   ] GC(45)   Other: 13.2ms
[2022-04-28T08:59:24.405+0000][8][gc,heap     ] GC(45) Eden regions: 71->0(71)
[2022-04-28T08:59:24.405+0000][8][gc,heap     ] GC(45) Survivor regions: 1->1(9)
[2022-04-28T08:59:24.406+0000][8][gc,heap     ] GC(45) Old regions: 26->26
[2022-04-28T08:59:24.407+0000][8][gc,heap     ] GC(45) Archive regions: 2->2
[2022-04-28T08:59:24.407+0000][8][gc,heap     ] GC(45) Humongous regions: 6->6
[2022-04-28T08:59:24.408+0000][8][gc,metaspace] GC(45) Metaspace: 116176K(117952K)->116176K(117952K) NonClass: 100703K(101696K)->100703K(101696K) Class: 15473K(16256K)->15473K(16256K)
[2022-04-28T08:59:24.409+0000][8][gc          ] GC(45) Pause Young (Normal) (G1 Evacuation Pause) 418M->132M(512M) 23.773ms
[2022-04-28T08:59:24.409+0000][8][gc,cpu      ] GC(45) User=0.01s Sys=0.00s Real=0.02s
[2022-04-28T08:59:24.410+0000][8][safepoint   ] Safepoint "G1CollectForAllocation", Time since last: 17598719050 ns, Reaching safepoint: 98791 ns, At safepoint: 25117001 ns, Total: 25215792 ns
[2022-04-28T08:59:30.420+0000][8][safepoint   ] Safepoint "Cleanup", Time since last: 6009521502 ns, Reaching safepoint: 70709 ns, At safepoint: 21125 ns, Total: 91834 ns
[2022-04-28T08:59:38.443+0000][8][safepoint   ] Safepoint "Cleanup", Time since last: 8022938919 ns, Reaching safepoint: 330500 ns, At safepoint: 13917 ns, Total: 344417 ns
[2022-04-28T08:59:43.454+0000][8][safepoint   ] Safepoint "Cleanup", Time since last: 5010924502 ns, Reaching safepoint: 61042 ns, At safepoint: 2542 ns, Total: 63584 ns
[2022-04-28T09:00:00.487+0000][8][safepoint   ] Safepoint "Cleanup", Time since last: 17032407508 ns, Reaching safepoint: 1185375 ns, At safepoint: 4458 ns, Total: 1189833 ns
[2022-04-28T09:00:01.491+0000][8][safepoint   ] Safepoint "Cleanup", Time since last: 1003699959 ns, Reaching safepoint: 142750 ns, At safepoint: 5167 ns, Total: 147917 ns
[2022-04-28T09:00:06.500+0000][8][safepoint   ] Safepoint "Cleanup", Time since last: 5009691002 ns, Reaching safepoint: 347791 ns, At safepoint: 3084 ns, Total: 350875 ns
[2022-04-28T09:00:15.524+0000][8][safepoint   ] Safepoint "Cleanup", Time since last: 9020085546 ns, Reaching safepoint: 3785416 ns, At safepoint: 15750 ns, Total: 3801166 ns
[2022-04-28T09:00:18.530+0000][8][safepoint   ] Safepoint "Cleanup", Time since last: 3006304085 ns, Reaching safepoint: 236708 ns, At safepoint: 12500 ns, Total: 249208 ns
[2022-04-28T09:00:19.534+0000][8][safepoint   ] Safepoint "Cleanup", Time since last: 1004086751 ns, Reaching safepoint: 214583 ns, At safepoint: 6209 ns, Total: 220792 ns
[2022-04-28T09:00:24.550+0000][8][safepoint   ] Safepoint "Cleanup", Time since last: 5015671002 ns, Reaching safepoint: 67042 ns, At safepoint: 2750 ns, Total: 69792 ns
[2022-04-28T09:00:27.561+0000][8][safepoint   ] Safepoint "Cleanup", Time since last: 3010146334 ns, Reaching safepoint: 429292 ns, At safepoint: 22958 ns, Total: 452250 ns
[2022-04-28T09:00:30.572+0000][8][safepoint   ] Safepoint "Cleanup", Time since last: 3011300793 ns, Reaching safepoint: 61334 ns, At safepoint: 2583 ns, Total: 63917 ns
[2022-04-28T09:00:32.577+0000][8][safepoint   ] Safepoint "Cleanup", Time since last: 2005152043 ns, Reaching safepoint: 160750 ns, At safepoint: 12041 ns, Total: 172791 ns
[2022-04-28T09:00:36.600+0000][8][safepoint   ] Safepoint "Cleanup", Time since last: 4017063585 ns, Reaching safepoint: 173250 ns, At safepoint: 6667 ns, Total: 179917 ns
[2022-04-28T09:00:37.603+0000][8][safepoint   ] Safepoint "Cleanup", Time since last: 1003121750 ns, Reaching safepoint: 204333 ns, At safepoint: 8459 ns, Total: 212792 ns
[2022-04-28T09:00:42.619+0000][8][safepoint   ] Safepoint "Cleanup", Time since last: 5016049127 ns, Reaching safepoint: 89084 ns, At safepoint: 2458 ns, Total: 91542 ns
[2022-04-28T09:00:43.054+0000][8][gc,start    ] GC(46) Pause Young (Normal) (G1 Evacuation Pause)
[2022-04-28T09:00:43.055+0000][8][gc,task     ] GC(46) Using 5 workers of 5 for evacuation
[2022-04-28T09:00:43.056+0000][8][gc,age      ] GC(46) Desired survivor size 18874368 bytes, new threshold 15 (max threshold 15)
[2022-04-28T09:00:43.060+0000][8][gc,age      ] GC(46) Age table with threshold 15 (max threshold 15)
[2022-04-28T09:00:43.061+0000][8][gc,age      ] GC(46) - age   1:    1274200 bytes,    1274200 total
[2022-04-28T09:00:43.062+0000][8][gc,age      ] GC(46) - age   2:     166616 bytes,    1440816 total
[2022-04-28T09:00:43.064+0000][8][gc,age      ] GC(46) - age   3:      86912 bytes,    1527728 total
[2022-04-28T09:00:43.065+0000][8][gc,age      ] GC(46) - age   4:       4200 bytes,    1531928 total
[2022-04-28T09:00:43.066+0000][8][gc,age      ] GC(46) - age   5:       2560 bytes,    1534488 total
[2022-04-28T09:00:43.067+0000][8][gc,age      ] GC(46) - age   6:      20328 bytes,    1554816 total
[2022-04-28T09:00:43.067+0000][8][gc,age      ] GC(46) - age   7:       2568 bytes,    1557384 total
[2022-04-28T09:00:43.068+0000][8][gc,age      ] GC(46) - age   8:      12376 bytes,    1569760 total
[2022-04-28T09:00:43.069+0000][8][gc,age      ] GC(46) - age   9:      17768 bytes,    1587528 total
[2022-04-28T09:00:43.073+0000][8][gc,age      ] GC(46) - age  10:      45368 bytes,    1632896 total
[2022-04-28T09:00:43.074+0000][8][gc,age      ] GC(46) - age  11:       4568 bytes,    1637464 total
[2022-04-28T09:00:43.075+0000][8][gc,age      ] GC(46) - age  12:      83752 bytes,    1721216 total
[2022-04-28T09:00:43.076+0000][8][gc,age      ] GC(46) - age  13:      38712 bytes,    1759928 total
[2022-04-28T09:00:43.077+0000][8][gc,age      ] GC(46) - age  14:      15720 bytes,    1775648 total
[2022-04-28T09:00:43.078+0000][8][gc,age      ] GC(46) - age  15:     114872 bytes,    1890520 total
[2022-04-28T09:00:43.079+0000][8][gc,phases   ] GC(46)   Pre Evacuate Collection Set: 0.1ms
[2022-04-28T09:00:43.079+0000][8][gc,phases   ] GC(46)   Merge Heap Roots: 0.2ms
[2022-04-28T09:00:43.080+0000][8][gc,phases   ] GC(46)   Evacuate Collection Set: 1.9ms
[2022-04-28T09:00:43.081+0000][8][gc,phases   ] GC(46)   Post Evacuate Collection Set: 0.7ms
[2022-04-28T09:00:43.082+0000][8][gc,phases   ] GC(46)   Other: 22.0ms
[2022-04-28T09:00:43.084+0000][8][gc,heap     ] GC(46) Eden regions: 71->0(71)
[2022-04-28T09:00:43.085+0000][8][gc,heap     ] GC(46) Survivor regions: 1->1(9)
[2022-04-28T09:00:43.086+0000][8][gc,heap     ] GC(46) Old regions: 26->26
[2022-04-28T09:00:43.087+0000][8][gc,heap     ] GC(46) Archive regions: 2->2
[2022-04-28T09:00:43.087+0000][8][gc,heap     ] GC(46) Humongous regions: 6->6
[2022-04-28T09:00:43.088+0000][8][gc,metaspace] GC(46) Metaspace: 116220K(118016K)->116220K(118016K) NonClass: 100746K(101760K)->100746K(101760K) Class: 15473K(16256K)->15473K(16256K)
[2022-04-28T09:00:43.090+0000][8][gc          ] GC(46) Pause Young (Normal) (G1 Evacuation Pause) 416M->133M(512M) 35.878ms
[2022-04-28T09:00:43.091+0000][8][gc,cpu      ] GC(46) User=0.02s Sys=0.00s Real=0.04s
[2022-04-28T09:00:43.092+0000][8][safepoint   ] Safepoint "G1CollectForAllocation", Time since last: 434459792 ns, Reaching safepoint: 58708 ns, At safepoint: 37642708 ns, Total: 37701416 ns
[2022-04-28T09:00:58.130+0000][8][safepoint   ] Safepoint "Cleanup", Time since last: 15037892966 ns, Reaching safepoint: 513167 ns, At safepoint: 6750 ns, Total: 519917 ns
[2022-04-28T09:01:08.153+0000][8][safepoint   ] Safepoint "Cleanup", Time since last: 10026287670 ns, Reaching safepoint: 397042 ns, At safepoint: 13250 ns, Total: 410292 ns
[2022-04-28T09:01:19.181+0000][8][safepoint   ] Safepoint "Cleanup", Time since last: 11026794672 ns, Reaching safepoint: 1859042 ns, At safepoint: 45833 ns, Total: 1904875 ns
[2022-04-28T09:01:20.189+0000][8][safepoint   ] Safepoint "Cleanup", Time since last: 1007015417 ns, Reaching safepoint: 271250 ns, At safepoint: 13208 ns, Total: 284458 ns
[2022-04-28T09:01:28.218+0000][8][safepoint   ] Safepoint "Cleanup", Time since last: 8029514546 ns, Reaching safepoint: 303083 ns, At safepoint: 15625 ns, Total: 318708 ns
[2022-04-28T09:01:38.237+0000][8][safepoint   ] Safepoint "Cleanup", Time since last: 10017948296 ns, Reaching safepoint: 160417 ns, At safepoint: 18417 ns, Total: 178834 ns
[2022-04-28T09:01:42.246+0000][8][safepoint   ] Safepoint "Cleanup", Time since last: 4009375335 ns, Reaching safepoint: 141958 ns, At safepoint: 6042 ns, Total: 148000 ns
[2022-04-28T09:01:44.248+0000][8][safepoint   ] Safepoint "Cleanup", Time since last: 2001820084 ns, Reaching safepoint: 55459 ns, At safepoint: 2416 ns, Total: 57875 ns
[2022-04-28T09:01:45.250+0000][8][safepoint   ] Safepoint "Cleanup", Time since last: 1001583167 ns, Reaching safepoint: 218042 ns, At safepoint: 5125 ns, Total: 223167 ns
[2022-04-28T09:01:49.256+0000][8][safepoint   ] Safepoint "Cleanup", Time since last: 4005813085 ns, Reaching safepoint: 61500 ns, At safepoint: 2750 ns, Total: 64250 ns
[2022-04-28T09:01:51.260+0000][8][safepoint   ] Safepoint "Cleanup", Time since last: 2003155876 ns, Reaching safepoint: 369500 ns, At safepoint: 15459 ns, Total: 384959 ns
[2022-04-28T09:01:55.273+0000][8][safepoint   ] Safepoint "Cleanup", Time since last: 4013165002 ns, Reaching safepoint: 274291 ns, At safepoint: 8584 ns, Total: 282875 ns
[2022-04-28T09:01:57.288+0000][8][safepoint   ] Safepoint "Cleanup", Time since last: 2014425292 ns, Reaching safepoint: 331750 ns, At safepoint: 10042 ns, Total: 341792 ns
[2022-04-28T09:02:01.047+0000][8][gc,start    ] GC(47) Pause Young (Normal) (G1 Evacuation Pause)
[2022-04-28T09:02:01.048+0000][8][gc,task     ] GC(47) Using 5 workers of 5 for evacuation
[2022-04-28T09:02:01.049+0000][8][gc,age      ] GC(47) Desired survivor size 18874368 bytes, new threshold 15 (max threshold 15)
[2022-04-28T09:02:01.055+0000][8][gc,age      ] GC(47) Age table with threshold 15 (max threshold 15)
[2022-04-28T09:02:01.056+0000][8][gc,age      ] GC(47) - age   1:    1439744 bytes,    1439744 total
[2022-04-28T09:02:01.057+0000][8][gc,age      ] GC(47) - age   2:      87864 bytes,    1527608 total
[2022-04-28T09:02:01.058+0000][8][gc,age      ] GC(47) - age   3:     165472 bytes,    1693080 total
[2022-04-28T09:02:01.059+0000][8][gc,age      ] GC(47) - age   4:      86600 bytes,    1779680 total
[2022-04-28T09:02:01.061+0000][8][gc,age      ] GC(47) - age   5:       4200 bytes,    1783880 total
[2022-04-28T09:02:01.062+0000][8][gc,age      ] GC(47) - age   6:       2560 bytes,    1786440 total
[2022-04-28T09:02:01.062+0000][8][gc,age      ] GC(47) - age   7:      20328 bytes,    1806768 total
[2022-04-28T09:02:01.064+0000][8][gc,age      ] GC(47) - age   8:       2568 bytes,    1809336 total
[2022-04-28T09:02:01.064+0000][8][gc,age      ] GC(47) - age   9:      12376 bytes,    1821712 total
[2022-04-28T09:02:01.065+0000][8][gc,age      ] GC(47) - age  10:      17768 bytes,    1839480 total
[2022-04-28T09:02:01.066+0000][8][gc,age      ] GC(47) - age  11:      45272 bytes,    1884752 total
[2022-04-28T09:02:01.067+0000][8][gc,age      ] GC(47) - age  12:       4568 bytes,    1889320 total
[2022-04-28T09:02:01.068+0000][8][gc,age      ] GC(47) - age  13:      83752 bytes,    1973072 total
[2022-04-28T09:02:01.069+0000][8][gc,age      ] GC(47) - age  14:      38712 bytes,    2011784 total
[2022-04-28T09:02:01.070+0000][8][gc,age      ] GC(47) - age  15:      15720 bytes,    2027504 total
[2022-04-28T09:02:01.071+0000][8][gc,phases   ] GC(47)   Pre Evacuate Collection Set: 0.3ms
[2022-04-28T09:02:01.072+0000][8][gc,phases   ] GC(47)   Merge Heap Roots: 0.4ms
[2022-04-28T09:02:01.073+0000][8][gc,phases   ] GC(47)   Evacuate Collection Set: 2.5ms
[2022-04-28T09:02:01.073+0000][8][gc,phases   ] GC(47)   Post Evacuate Collection Set: 1.1ms
[2022-04-28T09:02:01.074+0000][8][gc,phases   ] GC(47)   Other: 20.2ms
[2022-04-28T09:02:01.075+0000][8][gc,heap     ] GC(47) Eden regions: 71->0(71)
[2022-04-28T09:02:01.076+0000][8][gc,heap     ] GC(47) Survivor regions: 1->1(9)
[2022-04-28T09:02:01.076+0000][8][gc,heap     ] GC(47) Old regions: 26->26
[2022-04-28T09:02:01.077+0000][8][gc,heap     ] GC(47) Archive regions: 2->2
[2022-04-28T09:02:01.078+0000][8][gc,heap     ] GC(47) Humongous regions: 6->6
[2022-04-28T09:02:01.079+0000][8][gc,metaspace] GC(47) Metaspace: 116266K(118016K)->116266K(118016K) NonClass: 100792K(101760K)->100792K(101760K) Class: 15474K(16256K)->15474K(16256K)
[2022-04-28T09:02:01.080+0000][8][gc          ] GC(47) Pause Young (Normal) (G1 Evacuation Pause) 417M->133M(512M) 33.310ms
[2022-04-28T09:02:01.081+0000][8][gc,cpu      ] GC(47) User=0.01s Sys=0.00s Real=0.03s
[2022-04-28T09:02:01.081+0000][8][safepoint   ] Safepoint "G1CollectForAllocation", Time since last: 3758674752 ns, Reaching safepoint: 195250 ns, At safepoint: 34565208 ns, Total: 34760458 ns
[2022-04-28T09:02:04.086+0000][8][safepoint   ] Safepoint "Cleanup", Time since last: 3004616126 ns, Reaching safepoint: 155792 ns, At safepoint: 4750 ns, Total: 160542 ns
[2022-04-28T09:02:05.091+0000][8][safepoint   ] Safepoint "Cleanup", Time since last: 1002021167 ns, Reaching safepoint: 310833 ns, At safepoint: 6042 ns, Total: 316875 ns
[2022-04-28T09:02:07.099+0000][8][safepoint   ] Safepoint "Cleanup", Time since last: 2007931084 ns, Reaching safepoint: 134792 ns, At safepoint: 2958 ns, Total: 137750 ns
[2022-04-28T09:02:08.104+0000][8][safepoint   ] Safepoint "Cleanup", Time since last: 1004799334 ns, Reaching safepoint: 155541 ns, At safepoint: 6792 ns, Total: 162333 ns
[2022-04-28T09:02:12.126+0000][8][safepoint   ] Safepoint "Cleanup", Time since last: 4021862710 ns, Reaching safepoint: 335625 ns, At safepoint: 116959 ns, Total: 452584 ns
[2022-04-28T09:02:19.140+0000][8][safepoint   ] Safepoint "Cleanup", Time since last: 7013260961 ns, Reaching safepoint: 680042 ns, At safepoint: 9375 ns, Total: 689417 ns
[2022-04-28T09:02:25.157+0000][8][safepoint   ] Safepoint "Cleanup", Time since last: 6016294378 ns, Reaching safepoint: 266291 ns, At safepoint: 10375 ns, Total: 276666 ns
[2022-04-28T09:02:38.168+0000][8][safepoint   ] Safepoint "Cleanup", Time since last: 13017127839 ns, Reaching safepoint: 92292 ns, At safepoint: 2958 ns, Total: 95250 ns
[2022-04-28T09:02:39.170+0000][8][safepoint   ] Safepoint "Cleanup", Time since last: 1001351209 ns, Reaching safepoint: 172584 ns, At safepoint: 13041 ns, Total: 185625 ns
[2022-04-28T09:02:43.173+0000][8][safepoint   ] Safepoint "Cleanup", Time since last: 4002751627 ns, Reaching safepoint: 454500 ns, At safepoint: 7958 ns, Total: 462458 ns
[2022-04-28T09:02:55.199+0000][8][safepoint   ] Safepoint "Cleanup", Time since last: 12025679173 ns, Reaching safepoint: 229375 ns, At safepoint: 8875 ns, Total: 238250 ns
[2022-04-28T09:02:58.218+0000][8][safepoint   ] Safepoint "Cleanup", Time since last: 3018719085 ns, Reaching safepoint: 289958 ns, At safepoint: 8042 ns, Total: 298000 ns
[2022-04-28T09:03:08.230+0000][8][safepoint   ] Safepoint "Cleanup", Time since last: 10012429629 ns, Reaching safepoint: 549167 ns, At safepoint: 12791 ns, Total: 561958 ns
[2022-04-28T09:03:09.233+0000][8][safepoint   ] Safepoint "Cleanup", Time since last: 1001660209 ns, Reaching safepoint: 517500 ns, At safepoint: 9000 ns, Total: 526500 ns
[2022-04-28T09:03:12.738+0000][8][gc,start    ] GC(48) Pause Young (Normal) (G1 Evacuation Pause)
[2022-04-28T09:03:12.738+0000][8][gc,task     ] GC(48) Using 5 workers of 5 for evacuation
[2022-04-28T09:03:12.740+0000][8][gc,age      ] GC(48) Desired survivor size 18874368 bytes, new threshold 15 (max threshold 15)
[2022-04-28T09:03:12.744+0000][8][gc,age      ] GC(48) Age table with threshold 15 (max threshold 15)
[2022-04-28T09:03:12.745+0000][8][gc,age      ] GC(48) - age   1:    1805424 bytes,    1805424 total
[2022-04-28T09:03:12.746+0000][8][gc,age      ] GC(48) - age   2:       5496 bytes,    1810920 total
[2022-04-28T09:03:12.747+0000][8][gc,age      ] GC(48) - age   3:      84720 bytes,    1895640 total
[2022-04-28T09:03:12.748+0000][8][gc,age      ] GC(48) - age   4:     164000 bytes,    2059640 total
[2022-04-28T09:03:12.748+0000][8][gc,age      ] GC(48) - age   5:      86472 bytes,    2146112 total
[2022-04-28T09:03:12.749+0000][8][gc,age      ] GC(48) - age   6:       4200 bytes,    2150312 total
[2022-04-28T09:03:12.750+0000][8][gc,age      ] GC(48) - age   7:       2560 bytes,    2152872 total
[2022-04-28T09:03:12.750+0000][8][gc,age      ] GC(48) - age   8:       3064 bytes,    2155936 total
[2022-04-28T09:03:12.751+0000][8][gc,age      ] GC(48) - age   9:       2568 bytes,    2158504 total
[2022-04-28T09:03:12.752+0000][8][gc,age      ] GC(48) - age  10:      12376 bytes,    2170880 total
[2022-04-28T09:03:12.753+0000][8][gc,age      ] GC(48) - age  11:      17768 bytes,    2188648 total
[2022-04-28T09:03:12.753+0000][8][gc,age      ] GC(48) - age  12:      43688 bytes,    2232336 total
[2022-04-28T09:03:12.754+0000][8][gc,age      ] GC(48) - age  13:       4568 bytes,    2236904 total
[2022-04-28T09:03:12.755+0000][8][gc,age      ] GC(48) - age  14:      83752 bytes,    2320656 total
[2022-04-28T09:03:12.756+0000][8][gc,age      ] GC(48) - age  15:      38712 bytes,    2359368 total
[2022-04-28T09:03:12.756+0000][8][gc,phases   ] GC(48)   Pre Evacuate Collection Set: 0.2ms
[2022-04-28T09:03:12.757+0000][8][gc,phases   ] GC(48)   Merge Heap Roots: 0.1ms
[2022-04-28T09:03:12.758+0000][8][gc,phases   ] GC(48)   Evacuate Collection Set: 2.2ms
[2022-04-28T09:03:12.758+0000][8][gc,phases   ] GC(48)   Post Evacuate Collection Set: 1.0ms
[2022-04-28T09:03:12.759+0000][8][gc,phases   ] GC(48)   Other: 15.4ms
[2022-04-28T09:03:12.760+0000][8][gc,heap     ] GC(48) Eden regions: 71->0(71)
[2022-04-28T09:03:12.760+0000][8][gc,heap     ] GC(48) Survivor regions: 1->1(9)
[2022-04-28T09:03:12.761+0000][8][gc,heap     ] GC(48) Old regions: 26->26
[2022-04-28T09:03:12.761+0000][8][gc,heap     ] GC(48) Archive regions: 2->2
[2022-04-28T09:03:12.762+0000][8][gc,heap     ] GC(48) Humongous regions: 6->6
[2022-04-28T09:03:12.763+0000][8][gc,metaspace] GC(48) Metaspace: 116282K(118144K)->116282K(118144K) NonClass: 100808K(101888K)->100808K(101888K) Class: 15474K(16256K)->15474K(16256K)
[2022-04-28T09:03:12.764+0000][8][gc          ] GC(48) Pause Young (Normal) (G1 Evacuation Pause) 417M->133M(512M) 26.091ms
[2022-04-28T09:03:12.765+0000][8][gc,cpu      ] GC(48) User=0.01s Sys=0.01s Real=0.03s
[2022-04-28T09:03:12.766+0000][8][safepoint   ] Safepoint "G1CollectForAllocation", Time since last: 3504725960 ns, Reaching safepoint: 223917 ns, At safepoint: 28083250 ns, Total: 28307167 ns
[2022-04-28T09:03:28.806+0000][8][safepoint   ] Safepoint "Cleanup", Time since last: 16039059674 ns, Reaching safepoint: 1332750 ns, At safepoint: 19667 ns, Total: 1352417 ns
[2022-04-28T09:03:37.830+0000][8][safepoint   ] Safepoint "Cleanup", Time since last: 9023393170 ns, Reaching safepoint: 110334 ns, At safepoint: 5125 ns, Total: 115459 ns
[2022-04-28T09:03:42.842+0000][8][safepoint   ] Safepoint "Cleanup", Time since last: 5011268252 ns, Reaching safepoint: 314917 ns, At safepoint: 9208 ns, Total: 324125 ns
[2022-04-28T09:04:00.877+0000][8][safepoint   ] Safepoint "Cleanup", Time since last: 18034890550 ns, Reaching safepoint: 368500 ns, At safepoint: 18917 ns, Total: 387417 ns
[2022-04-28T09:04:01.879+0000][8][safepoint   ] Safepoint "Cleanup", Time since last: 1001506875 ns, Reaching safepoint: 189542 ns, At safepoint: 20167 ns, Total: 209709 ns
[2022-04-28T09:04:07.897+0000][8][safepoint   ] Safepoint "Cleanup", Time since last: 6018325210 ns, Reaching safepoint: 410208 ns, At safepoint: 11000 ns, Total: 421208 ns
[2022-04-28T09:04:09.911+0000][8][safepoint   ] Safepoint "Cleanup", Time since last: 2014538085 ns, Reaching safepoint: 86958 ns, At safepoint: 3042 ns, Total: 90000 ns
[2022-04-28T09:04:12.917+0000][8][safepoint   ] Safepoint "Cleanup", Time since last: 3005825668 ns, Reaching safepoint: 161375 ns, At safepoint: 4125 ns, Total: 165500 ns
[2022-04-28T09:04:25.400+0000][8][gc,start    ] GC(49) Pause Young (Normal) (G1 Evacuation Pause)
[2022-04-28T09:04:25.401+0000][8][gc,task     ] GC(49) Using 5 workers of 5 for evacuation
[2022-04-28T09:04:25.402+0000][8][gc,age      ] GC(49) Desired survivor size 18874368 bytes, new threshold 15 (max threshold 15)
[2022-04-28T09:04:25.407+0000][8][gc,age      ] GC(49) Age table with threshold 15 (max threshold 15)
[2022-04-28T09:04:25.408+0000][8][gc,age      ] GC(49) - age   1:     788704 bytes,     788704 total
[2022-04-28T09:04:25.409+0000][8][gc,age      ] GC(49) - age   2:      61120 bytes,     849824 total
[2022-04-28T09:04:25.410+0000][8][gc,age      ] GC(49) - age   3:       3480 bytes,     853304 total
[2022-04-28T09:04:25.411+0000][8][gc,age      ] GC(49) - age   4:      83800 bytes,     937104 total
[2022-04-28T09:04:25.412+0000][8][gc,age      ] GC(49) - age   5:      84808 bytes,    1021912 total
[2022-04-28T09:04:25.413+0000][8][gc,age      ] GC(49) - age   6:      70320 bytes,    1092232 total
[2022-04-28T09:04:25.414+0000][8][gc,age      ] GC(49) - age   7:       4200 bytes,    1096432 total
[2022-04-28T09:04:25.415+0000][8][gc,age      ] GC(49) - age   8:       2560 bytes,    1098992 total
[2022-04-28T09:04:25.415+0000][8][gc,age      ] GC(49) - age   9:       2824 bytes,    1101816 total
[2022-04-28T09:04:25.416+0000][8][gc,age      ] GC(49) - age  10:       2568 bytes,    1104384 total
[2022-04-28T09:04:25.417+0000][8][gc,age      ] GC(49) - age  11:      12376 bytes,    1116760 total
[2022-04-28T09:04:25.418+0000][8][gc,age      ] GC(49) - age  12:      17768 bytes,    1134528 total
[2022-04-28T09:04:25.419+0000][8][gc,age      ] GC(49) - age  13:      43688 bytes,    1178216 total
[2022-04-28T09:04:25.420+0000][8][gc,age      ] GC(49) - age  14:       4568 bytes,    1182784 total
[2022-04-28T09:04:25.421+0000][8][gc,age      ] GC(49) - age  15:      83752 bytes,    1266536 total
[2022-04-28T09:04:25.422+0000][8][gc,phases   ] GC(49)   Pre Evacuate Collection Set: 0.3ms
[2022-04-28T09:04:25.424+0000][8][gc,phases   ] GC(49)   Merge Heap Roots: 0.0ms
[2022-04-28T09:04:25.424+0000][8][gc,phases   ] GC(49)   Evacuate Collection Set: 1.8ms
[2022-04-28T09:04:25.426+0000][8][gc,phases   ] GC(49)   Post Evacuate Collection Set: 1.6ms
[2022-04-28T09:04:25.427+0000][8][gc,phases   ] GC(49)   Other: 17.9ms
[2022-04-28T09:04:25.428+0000][8][gc,heap     ] GC(49) Eden regions: 71->0(71)
[2022-04-28T09:04:25.429+0000][8][gc,heap     ] GC(49) Survivor regions: 1->1(9)
[2022-04-28T09:04:25.430+0000][8][gc,heap     ] GC(49) Old regions: 26->26
[2022-04-28T09:04:25.431+0000][8][gc,heap     ] GC(49) Archive regions: 2->2
[2022-04-28T09:04:25.432+0000][8][gc,heap     ] GC(49) Humongous regions: 6->6
[2022-04-28T09:04:25.433+0000][8][gc,metaspace] GC(49) Metaspace: 116294K(118144K)->116294K(118144K) NonClass: 100820K(101888K)->100820K(101888K) Class: 15474K(16256K)->15474K(16256K)
[2022-04-28T09:04:25.433+0000][8][gc          ] GC(49) Pause Young (Normal) (G1 Evacuation Pause) 417M->132M(512M) 32.950ms
[2022-04-28T09:04:25.434+0000][8][gc,cpu      ] GC(49) User=0.01s Sys=0.01s Real=0.04s
[2022-04-28T09:04:25.435+0000][8][safepoint   ] Safepoint "G1CollectForAllocation", Time since last: 12482938089 ns, Reaching safepoint: 79708 ns, At safepoint: 34870417 ns, Total: 34950125 ns
[2022-04-28T09:04:30.440+0000][8][safepoint   ] Safepoint "Cleanup", Time since last: 5005073711 ns, Reaching safepoint: 86083 ns, At safepoint: 2083 ns, Total: 88166 ns
[2022-04-28T09:04:31.442+0000][8][safepoint   ] Safepoint "Cleanup", Time since last: 1001676542 ns, Reaching safepoint: 312709 ns, At safepoint: 8833 ns, Total: 321542 ns
[2022-04-28T09:04:38.455+0000][8][safepoint   ] Safepoint "Cleanup", Time since last: 7013030837 ns, Reaching safepoint: 239791 ns, At safepoint: 6750 ns, Total: 246541 ns
[2022-04-28T09:04:45.489+0000][8][safepoint   ] Safepoint "Cleanup", Time since last: 7034048337 ns, Reaching safepoint: 355250 ns, At safepoint: 6417 ns, Total: 361667 ns
[2022-04-28T09:04:49.500+0000][8][safepoint   ] Safepoint "Cleanup", Time since last: 4010417085 ns, Reaching safepoint: 218291 ns, At safepoint: 5250 ns, Total: 223541 ns
[2022-04-28T09:05:07.520+0000][8][safepoint   ] Safepoint "Cleanup", Time since last: 18018485383 ns, Reaching safepoint: 414333 ns, At safepoint: 9917 ns, Total: 424250 ns
[2022-04-28T09:05:08.524+0000][8][safepoint   ] Safepoint "Cleanup", Time since last: 1004471042 ns, Reaching safepoint: 117000 ns, At safepoint: 3542 ns, Total: 120542 ns
[2022-04-28T09:05:10.526+0000][8][safepoint   ] Safepoint "Cleanup", Time since last: 2001863459 ns, Reaching safepoint: 133833 ns, At safepoint: 15292 ns, Total: 149125 ns
[2022-04-28T09:05:12.527+0000][8][safepoint   ] Safepoint "Cleanup", Time since last: 2001225126 ns, Reaching safepoint: 75167 ns, At safepoint: 4041 ns, Total: 79208 ns
[2022-04-28T09:05:14.540+0000][8][safepoint   ] Safepoint "Cleanup", Time since last: 2011812793 ns, Reaching safepoint: 326792 ns, At safepoint: 7375 ns, Total: 334167 ns
[2022-04-28T09:05:30.573+0000][8][safepoint   ] Safepoint "Cleanup", Time since last: 16033306174 ns, Reaching safepoint: 49042 ns, At safepoint: 2333 ns, Total: 51375 ns
[2022-04-28T09:05:31.576+0000][8][safepoint   ] Safepoint "Cleanup", Time since last: 1003010126 ns, Reaching safepoint: 256708 ns, At safepoint: 11167 ns, Total: 267875 ns
[2022-04-28T09:05:32.579+0000][8][safepoint   ] Safepoint "Cleanup", Time since last: 1003035542 ns, Reaching safepoint: 187125 ns, At safepoint: 7166 ns, Total: 194291 ns
[2022-04-28T09:05:37.593+0000][8][safepoint   ] Safepoint "Cleanup", Time since last: 5013238169 ns, Reaching safepoint: 116458 ns, At safepoint: 5209 ns, Total: 121667 ns
[2022-04-28T09:05:39.598+0000][8][safepoint   ] Safepoint "Cleanup", Time since last: 2005188667 ns, Reaching safepoint: 232375 ns, At safepoint: 8209 ns, Total: 240584 ns
[2022-04-28T09:05:42.612+0000][8][gc,start    ] GC(50) Pause Young (Normal) (G1 Evacuation Pause)
[2022-04-28T09:05:42.613+0000][8][gc,task     ] GC(50) Using 5 workers of 5 for evacuation
[2022-04-28T09:05:42.614+0000][8][gc,age      ] GC(50) Desired survivor size 18874368 bytes, new threshold 15 (max threshold 15)
[2022-04-28T09:05:42.617+0000][8][gc,age      ] GC(50) Age table with threshold 15 (max threshold 15)
[2022-04-28T09:05:42.618+0000][8][gc,age      ] GC(50) - age   1:     968408 bytes,     968408 total
[2022-04-28T09:05:42.619+0000][8][gc,age      ] GC(50) - age   2:      34864 bytes,    1003272 total
[2022-04-28T09:05:42.619+0000][8][gc,age      ] GC(50) - age   3:      58768 bytes,    1062040 total
[2022-04-28T09:05:42.620+0000][8][gc,age      ] GC(50) - age   4:       2552 bytes,    1064592 total
[2022-04-28T09:05:42.620+0000][8][gc,age      ] GC(50) - age   5:      83640 bytes,    1148232 total
[2022-04-28T09:05:42.621+0000][8][gc,age      ] GC(50) - age   6:      84680 bytes,    1232912 total
[2022-04-28T09:05:42.622+0000][8][gc,age      ] GC(50) - age   7:      70320 bytes,    1303232 total
[2022-04-28T09:05:42.622+0000][8][gc,age      ] GC(50) - age   8:       2640 bytes,    1305872 total
[2022-04-28T09:05:42.623+0000][8][gc,age      ] GC(50) - age   9:       2560 bytes,    1308432 total
[2022-04-28T09:05:42.624+0000][8][gc,age      ] GC(50) - age  10:       2824 bytes,    1311256 total
[2022-04-28T09:05:42.624+0000][8][gc,age      ] GC(50) - age  11:       2568 bytes,    1313824 total
[2022-04-28T09:05:42.625+0000][8][gc,age      ] GC(50) - age  12:      12168 bytes,    1325992 total
[2022-04-28T09:05:42.626+0000][8][gc,age      ] GC(50) - age  13:      17584 bytes,    1343576 total
[2022-04-28T09:05:42.626+0000][8][gc,age      ] GC(50) - age  14:      43688 bytes,    1387264 total
[2022-04-28T09:05:42.628+0000][8][gc,age      ] GC(50) - age  15:       4568 bytes,    1391832 total
[2022-04-28T09:05:42.628+0000][8][gc,phases   ] GC(50)   Pre Evacuate Collection Set: 0.1ms
[2022-04-28T09:05:42.629+0000][8][gc,phases   ] GC(50)   Merge Heap Roots: 0.3ms
[2022-04-28T09:05:42.630+0000][8][gc,phases   ] GC(50)   Evacuate Collection Set: 1.4ms
[2022-04-28T09:05:42.630+0000][8][gc,phases   ] GC(50)   Post Evacuate Collection Set: 0.8ms
[2022-04-28T09:05:42.631+0000][8][gc,phases   ] GC(50)   Other: 13.8ms
[2022-04-28T09:05:42.631+0000][8][gc,heap     ] GC(50) Eden regions: 71->0(72)
[2022-04-28T09:05:42.632+0000][8][gc,heap     ] GC(50) Survivor regions: 1->1(9)
[2022-04-28T09:05:42.633+0000][8][gc,heap     ] GC(50) Old regions: 26->26
[2022-04-28T09:05:42.633+0000][8][gc,heap     ] GC(50) Archive regions: 2->2
[2022-04-28T09:05:42.634+0000][8][gc,heap     ] GC(50) Humongous regions: 6->6
[2022-04-28T09:05:42.635+0000][8][gc,metaspace] GC(50) Metaspace: 116312K(118144K)->116312K(118144K) NonClass: 100837K(101888K)->100837K(101888K) Class: 15474K(16256K)->15474K(16256K)
[2022-04-28T09:05:42.635+0000][8][gc          ] GC(50) Pause Young (Normal) (G1 Evacuation Pause) 416M->133M(512M) 23.372ms
[2022-04-28T09:05:42.636+0000][8][gc,cpu      ] GC(50) User=0.01s Sys=0.01s Real=0.02s
[2022-04-28T09:05:42.637+0000][8][safepoint   ] Safepoint "G1CollectForAllocation", Time since last: 3013365668 ns, Reaching safepoint: 214541 ns, At safepoint: 24741375 ns, Total: 24955916 ns
[2022-04-28T09:05:48.654+0000][8][safepoint   ] Safepoint "Cleanup", Time since last: 6017647962 ns, Reaching safepoint: 169958 ns, At safepoint: 4167 ns, Total: 174125 ns
[2022-04-28T09:05:54.667+0000][8][safepoint   ] Safepoint "Cleanup", Time since last: 6012504169 ns, Reaching safepoint: 90917 ns, At safepoint: 3750 ns, Total: 94667 ns
[2022-04-28T09:05:55.675+0000][8][safepoint   ] Safepoint "Cleanup", Time since last: 1007368875 ns, Reaching safepoint: 361917 ns, At safepoint: 9292 ns, Total: 371209 ns
[2022-04-28T09:06:01.687+0000][8][safepoint   ] Safepoint "Cleanup", Time since last: 6009820961 ns, Reaching safepoint: 2296292 ns, At safepoint: 13375 ns, Total: 2309667 ns
[2022-04-28T09:06:06.699+0000][8][safepoint   ] Safepoint "Cleanup", Time since last: 5012223293 ns, Reaching safepoint: 187458 ns, At safepoint: 5625 ns, Total: 193083 ns
[2022-04-28T09:06:07.703+0000][8][safepoint   ] Safepoint "Cleanup", Time since last: 1001886584 ns, Reaching safepoint: 1634000 ns, At safepoint: 12583 ns, Total: 1646583 ns
[2022-04-28T09:06:08.707+0000][8][safepoint   ] Safepoint "Cleanup", Time since last: 1003812626 ns, Reaching safepoint: 201417 ns, At safepoint: 4500 ns, Total: 205917 ns
[2022-04-28T09:06:12.716+0000][8][safepoint   ] Safepoint "Cleanup", Time since last: 4008694502 ns, Reaching safepoint: 236958 ns, At safepoint: 6208 ns, Total: 243166 ns
[2022-04-28T09:06:13.721+0000][8][safepoint   ] Safepoint "Cleanup", Time since last: 1004741709 ns, Reaching safepoint: 267625 ns, At safepoint: 5792 ns, Total: 273417 ns
[2022-04-28T09:06:15.723+0000][8][safepoint   ] Safepoint "Cleanup", Time since last: 2002875334 ns, Reaching safepoint: 76958 ns, At safepoint: 5167 ns, Total: 82125 ns
[2022-04-28T09:06:18.730+0000][8][safepoint   ] Safepoint "Cleanup", Time since last: 3006202960 ns, Reaching safepoint: 90041 ns, At safepoint: 3334 ns, Total: 93375 ns
[2022-04-28T09:06:37.763+0000][8][safepoint   ] Safepoint "Cleanup", Time since last: 19033798008 ns, Reaching safepoint: 1290083 ns, At safepoint: 11500 ns, Total: 1301583 ns
[2022-04-28T09:07:01.615+0000][8][gc,start    ] GC(51) Pause Young (Normal) (G1 Evacuation Pause)
[2022-04-28T09:07:01.616+0000][8][gc,task     ] GC(51) Using 5 workers of 5 for evacuation
[2022-04-28T09:07:01.617+0000][8][gc,age      ] GC(51) Desired survivor size 20971520 bytes, new threshold 15 (max threshold 15)
[2022-04-28T09:07:01.619+0000][8][gc,age      ] GC(51) Age table with threshold 15 (max threshold 15)
[2022-04-28T09:07:01.620+0000][8][gc,age      ] GC(51) - age   1:    1661344 bytes,    1661344 total
[2022-04-28T09:07:01.622+0000][8][gc,age      ] GC(51) - age   2:      22544 bytes,    1683888 total
[2022-04-28T09:07:01.623+0000][8][gc,age      ] GC(51) - age   3:      33904 bytes,    1717792 total
[2022-04-28T09:07:01.624+0000][8][gc,age      ] GC(51) - age   4:      58448 bytes,    1776240 total
[2022-04-28T09:07:01.625+0000][8][gc,age      ] GC(51) - age   5:       2240 bytes,    1778480 total
[2022-04-28T09:07:01.625+0000][8][gc,age      ] GC(51) - age   6:      83640 bytes,    1862120 total
[2022-04-28T09:07:01.626+0000][8][gc,age      ] GC(51) - age   7:      84616 bytes,    1946736 total
[2022-04-28T09:07:01.627+0000][8][gc,age      ] GC(51) - age   8:      70320 bytes,    2017056 total
[2022-04-28T09:07:01.628+0000][8][gc,age      ] GC(51) - age   9:       2064 bytes,    2019120 total
[2022-04-28T09:07:01.628+0000][8][gc,age      ] GC(51) - age  10:       2560 bytes,    2021680 total
[2022-04-28T09:07:01.629+0000][8][gc,age      ] GC(51) - age  11:       2824 bytes,    2024504 total
[2022-04-28T09:07:01.629+0000][8][gc,age      ] GC(51) - age  12:       2568 bytes,    2027072 total
[2022-04-28T09:07:01.630+0000][8][gc,age      ] GC(51) - age  13:      12168 bytes,    2039240 total
[2022-04-28T09:07:01.630+0000][8][gc,age      ] GC(51) - age  14:      17584 bytes,    2056824 total
[2022-04-28T09:07:01.632+0000][8][gc,age      ] GC(51) - age  15:      43688 bytes,    2100512 total
[2022-04-28T09:07:01.633+0000][8][gc,phases   ] GC(51)   Pre Evacuate Collection Set: 0.1ms
[2022-04-28T09:07:01.634+0000][8][gc,phases   ] GC(51)   Merge Heap Roots: 0.0ms
[2022-04-28T09:07:01.635+0000][8][gc,phases   ] GC(51)   Evacuate Collection Set: 1.4ms
[2022-04-28T09:07:01.635+0000][8][gc,phases   ] GC(51)   Post Evacuate Collection Set: 0.7ms
[2022-04-28T09:07:01.636+0000][8][gc,phases   ] GC(51)   Other: 15.4ms
[2022-04-28T09:07:01.637+0000][8][gc,heap     ] GC(51) Eden regions: 72->0(71)
[2022-04-28T09:07:01.638+0000][8][gc,heap     ] GC(51) Survivor regions: 1->1(10)
[2022-04-28T09:07:01.639+0000][8][gc,heap     ] GC(51) Old regions: 26->26
[2022-04-28T09:07:01.640+0000][8][gc,heap     ] GC(51) Archive regions: 2->2
[2022-04-28T09:07:01.641+0000][8][gc,heap     ] GC(51) Humongous regions: 6->6
[2022-04-28T09:07:01.642+0000][8][gc,metaspace] GC(51) Metaspace: 116336K(118144K)->116336K(118144K) NonClass: 100862K(101888K)->100862K(101888K) Class: 15474K(16256K)->15474K(16256K)
[2022-04-28T09:07:01.643+0000][8][gc          ] GC(51) Pause Young (Normal) (G1 Evacuation Pause) 421M->133M(512M) 27.528ms
[2022-04-28T09:07:01.644+0000][8][gc,cpu      ] GC(51) User=0.01s Sys=0.00s Real=0.03s
[2022-04-28T09:07:01.646+0000][8][safepoint   ] Safepoint "G1CollectForAllocation", Time since last: 23851925012 ns, Reaching safepoint: 56250 ns, At safepoint: 30359666 ns, Total: 30415916 ns
[2022-04-28T09:07:06.658+0000][8][safepoint   ] Safepoint "Cleanup", Time since last: 5012622919 ns, Reaching safepoint: 228750 ns, At safepoint: 5666 ns, Total: 234416 ns
[2022-04-28T09:07:07.660+0000][8][safepoint   ] Safepoint "Cleanup", Time since last: 1002571501 ns, Reaching safepoint: 148375 ns, At safepoint: 4291 ns, Total: 152666 ns
[2022-04-28T09:07:12.671+0000][8][safepoint   ] Safepoint "Cleanup", Time since last: 5010965086 ns, Reaching safepoint: 63417 ns, At safepoint: 2375 ns, Total: 65792 ns
[2022-04-28T09:07:13.676+0000][8][safepoint   ] Safepoint "Cleanup", Time since last: 1003961667 ns, Reaching safepoint: 288375 ns, At safepoint: 7417 ns, Total: 295792 ns
[2022-04-28T09:07:25.716+0000][8][safepoint   ] Safepoint "Cleanup", Time since last: 12040251464 ns, Reaching safepoint: 185000 ns, At safepoint: 5000 ns, Total: 190000 ns
[2022-04-28T09:07:30.740+0000][8][safepoint   ] Safepoint "Cleanup", Time since last: 5023552794 ns, Reaching safepoint: 517833 ns, At safepoint: 5208 ns, Total: 523041 ns
[2022-04-28T09:07:33.747+0000][8][safepoint   ] Safepoint "Cleanup", Time since last: 3004166210 ns, Reaching safepoint: 2205334 ns, At safepoint: 13791 ns, Total: 2219125 ns
[2022-04-28T09:07:38.344+0000][8][safepoint   ] Safepoint "Cleanup", Time since last: 4597546085 ns, Reaching safepoint: 457875 ns, At safepoint: 22542 ns, Total: 480417 ns
[2022-04-28T09:07:43.361+0000][8][safepoint   ] Safepoint "Cleanup", Time since last: 5016818419 ns, Reaching safepoint: 128333 ns, At safepoint: 2292 ns, Total: 130625 ns
[2022-04-28T09:07:45.369+0000][8][safepoint   ] Safepoint "Cleanup", Time since last: 2007244376 ns, Reaching safepoint: 338458 ns, At safepoint: 13584 ns, Total: 352042 ns
[2022-04-28T09:07:48.380+0000][8][safepoint   ] Safepoint "Cleanup", Time since last: 3011079001 ns, Reaching safepoint: 143417 ns, At safepoint: 8583 ns, Total: 152000 ns
[2022-04-28T09:07:49.384+0000][8][safepoint   ] Safepoint "Cleanup", Time since last: 1003292459 ns, Reaching safepoint: 154708 ns, At safepoint: 6875 ns, Total: 161583 ns
[2022-04-28T09:08:12.429+0000][8][safepoint   ] Safepoint "Cleanup", Time since last: 23042207803 ns, Reaching safepoint: 115125 ns, At safepoint: 6000 ns, Total: 121125 ns
[2022-04-28T09:08:18.713+0000][8][gc,start    ] GC(52) Pause Young (Normal) (G1 Evacuation Pause)
[2022-04-28T09:08:18.715+0000][8][gc,task     ] GC(52) Using 5 workers of 5 for evacuation
[2022-04-28T09:08:18.715+0000][8][gc,age      ] GC(52) Desired survivor size 18874368 bytes, new threshold 15 (max threshold 15)
[2022-04-28T09:08:18.719+0000][8][gc,age      ] GC(52) Age table with threshold 15 (max threshold 15)
[2022-04-28T09:08:18.720+0000][8][gc,age      ] GC(52) - age   1:    1929688 bytes,    1929688 total
[2022-04-28T09:08:18.720+0000][8][gc,age      ] GC(52) - age   2:       6104 bytes,    1935792 total
[2022-04-28T09:08:18.721+0000][8][gc,age      ] GC(52) - age   3:      20912 bytes,    1956704 total
[2022-04-28T09:08:18.722+0000][8][gc,age      ] GC(52) - age   4:      33616 bytes,    1990320 total
[2022-04-28T09:08:18.723+0000][8][gc,age      ] GC(52) - age   5:      58448 bytes,    2048768 total
[2022-04-28T09:08:18.723+0000][8][gc,age      ] GC(52) - age   6:       2208 bytes,    2050976 total
[2022-04-28T09:08:18.724+0000][8][gc,age      ] GC(52) - age   7:      67488 bytes,    2118464 total
[2022-04-28T09:08:18.724+0000][8][gc,age      ] GC(52) - age   8:      84304 bytes,    2202768 total
[2022-04-28T09:08:18.725+0000][8][gc,age      ] GC(52) - age   9:      70184 bytes,    2272952 total
[2022-04-28T09:08:18.725+0000][8][gc,age      ] GC(52) - age  10:       2064 bytes,    2275016 total
[2022-04-28T09:08:18.726+0000][8][gc,age      ] GC(52) - age  11:       2560 bytes,    2277576 total
[2022-04-28T09:08:18.727+0000][8][gc,age      ] GC(52) - age  12:       2824 bytes,    2280400 total
[2022-04-28T09:08:18.727+0000][8][gc,age      ] GC(52) - age  13:       2568 bytes,    2282968 total
[2022-04-28T09:08:18.728+0000][8][gc,age      ] GC(52) - age  14:      12168 bytes,    2295136 total
[2022-04-28T09:08:18.729+0000][8][gc,age      ] GC(52) - age  15:      17584 bytes,    2312720 total
[2022-04-28T09:08:18.729+0000][8][gc,phases   ] GC(52)   Pre Evacuate Collection Set: 0.2ms
[2022-04-28T09:08:18.730+0000][8][gc,phases   ] GC(52)   Merge Heap Roots: 0.1ms
[2022-04-28T09:08:18.731+0000][8][gc,phases   ] GC(52)   Evacuate Collection Set: 1.4ms
[2022-04-28T09:08:18.732+0000][8][gc,phases   ] GC(52)   Post Evacuate Collection Set: 1.2ms
[2022-04-28T09:08:18.732+0000][8][gc,phases   ] GC(52)   Other: 13.0ms
[2022-04-28T09:08:18.733+0000][8][gc,heap     ] GC(52) Eden regions: 71->0(71)
[2022-04-28T09:08:18.734+0000][8][gc,heap     ] GC(52) Survivor regions: 1->1(9)
[2022-04-28T09:08:18.734+0000][8][gc,heap     ] GC(52) Old regions: 26->26
[2022-04-28T09:08:18.735+0000][8][gc,heap     ] GC(52) Archive regions: 2->2
[2022-04-28T09:08:18.737+0000][8][gc,heap     ] GC(52) Humongous regions: 6->6
[2022-04-28T09:08:18.738+0000][8][gc,metaspace] GC(52) Metaspace: 116364K(118144K)->116364K(118144K) NonClass: 100889K(101888K)->100889K(101888K) Class: 15474K(16256K)->15474K(16256K)
[2022-04-28T09:08:18.739+0000][8][gc          ] GC(52) Pause Young (Normal) (G1 Evacuation Pause) 417M->134M(512M) 25.573ms
[2022-04-28T09:08:18.740+0000][8][gc,cpu      ] GC(52) User=0.01s Sys=0.00s Real=0.02s
[2022-04-28T09:08:18.741+0000][8][safepoint   ] Safepoint "G1CollectForAllocation", Time since last: 6284558086 ns, Reaching safepoint: 63917 ns, At safepoint: 27552000 ns, Total: 27615917 ns
[2022-04-28T09:08:28.754+0000][8][safepoint   ] Safepoint "Cleanup", Time since last: 10012914629 ns, Reaching safepoint: 387750 ns, At safepoint: 5834 ns, Total: 393584 ns
[2022-04-28T09:08:36.772+0000][8][safepoint   ] Safepoint "Cleanup", Time since last: 8021609337 ns, Reaching safepoint: 118458 ns, At safepoint: 5208 ns, Total: 123666 ns
[2022-04-28T09:08:37.774+0000][8][safepoint   ] Safepoint "Cleanup", Time since last: 1001254334 ns, Reaching safepoint: 93333 ns, At safepoint: 2625 ns, Total: 95958 ns
[2022-04-28T09:08:38.776+0000][8][safepoint   ] Safepoint "Cleanup", Time since last: 1002300001 ns, Reaching safepoint: 137000 ns, At safepoint: 6250 ns, Total: 143250 ns
[2022-04-28T09:08:42.803+0000][8][safepoint   ] Safepoint "Cleanup", Time since last: 4026849877 ns, Reaching safepoint: 185167 ns, At safepoint: 5833 ns, Total: 191000 ns
[2022-04-28T09:09:00.840+0000][8][safepoint   ] Safepoint "Cleanup", Time since last: 18036994883 ns, Reaching safepoint: 193875 ns, At safepoint: 4417 ns, Total: 198292 ns
[2022-04-28T09:09:07.862+0000][8][safepoint   ] Safepoint "Cleanup", Time since last: 7020822253 ns, Reaching safepoint: 256000 ns, At safepoint: 18291 ns, Total: 274291 ns
[2022-04-28T09:09:12.869+0000][8][safepoint   ] Safepoint "Cleanup", Time since last: 5006925378 ns, Reaching safepoint: 266791 ns, At safepoint: 6042 ns, Total: 272833 ns
[2022-04-28T09:09:21.896+0000][8][safepoint   ] Safepoint "Cleanup", Time since last: 9026213754 ns, Reaching safepoint: 847417 ns, At safepoint: 10000 ns, Total: 857417 ns
[2022-04-28T09:09:24.907+0000][8][safepoint   ] Safepoint "Cleanup", Time since last: 3010689043 ns, Reaching safepoint: 109708 ns, At safepoint: 3917 ns, Total: 113625 ns
[2022-04-28T09:09:30.474+0000][8][gc,start    ] GC(53) Pause Young (Normal) (G1 Evacuation Pause)
[2022-04-28T09:09:30.475+0000][8][gc,task     ] GC(53) Using 5 workers of 5 for evacuation
[2022-04-28T09:09:30.476+0000][8][gc,age      ] GC(53) Desired survivor size 18874368 bytes, new threshold 15 (max threshold 15)
[2022-04-28T09:09:30.479+0000][8][gc,age      ] GC(53) Age table with threshold 15 (max threshold 15)
[2022-04-28T09:09:30.480+0000][8][gc,age      ] GC(53) - age   1:     983208 bytes,     983208 total
[2022-04-28T09:09:30.481+0000][8][gc,age      ] GC(53) - age   2:       7752 bytes,     990960 total
[2022-04-28T09:09:30.481+0000][8][gc,age      ] GC(53) - age   3:       4000 bytes,     994960 total
[2022-04-28T09:09:30.482+0000][8][gc,age      ] GC(53) - age   4:      19944 bytes,    1014904 total
[2022-04-28T09:09:30.482+0000][8][gc,age      ] GC(53) - age   5:      31696 bytes,    1046600 total
[2022-04-28T09:09:30.483+0000][8][gc,age      ] GC(53) - age   6:      58448 bytes,    1105048 total
[2022-04-28T09:09:30.483+0000][8][gc,age      ] GC(53) - age   7:       2144 bytes,    1107192 total
[2022-04-28T09:09:30.484+0000][8][gc,age      ] GC(53) - age   8:      67488 bytes,    1174680 total
[2022-04-28T09:09:30.485+0000][8][gc,age      ] GC(53) - age   9:      84304 bytes,    1258984 total
[2022-04-28T09:09:30.485+0000][8][gc,age      ] GC(53) - age  10:      70184 bytes,    1329168 total
[2022-04-28T09:09:30.486+0000][8][gc,age      ] GC(53) - age  11:       2064 bytes,    1331232 total
[2022-04-28T09:09:30.487+0000][8][gc,age      ] GC(53) - age  12:       2560 bytes,    1333792 total
[2022-04-28T09:09:30.488+0000][8][gc,age      ] GC(53) - age  13:       2824 bytes,    1336616 total
[2022-04-28T09:09:30.488+0000][8][gc,age      ] GC(53) - age  14:       2568 bytes,    1339184 total
[2022-04-28T09:09:30.489+0000][8][gc,age      ] GC(53) - age  15:      12048 bytes,    1351232 total
[2022-04-28T09:09:30.489+0000][8][gc,phases   ] GC(53)   Pre Evacuate Collection Set: 0.1ms
[2022-04-28T09:09:30.490+0000][8][gc,phases   ] GC(53)   Merge Heap Roots: 0.1ms
[2022-04-28T09:09:30.490+0000][8][gc,phases   ] GC(53)   Evacuate Collection Set: 1.3ms
[2022-04-28T09:09:30.492+0000][8][gc,phases   ] GC(53)   Post Evacuate Collection Set: 1.0ms
[2022-04-28T09:09:30.492+0000][8][gc,phases   ] GC(53)   Other: 12.1ms
[2022-04-28T09:09:30.493+0000][8][gc,heap     ] GC(53) Eden regions: 71->0(71)
[2022-04-28T09:09:30.493+0000][8][gc,heap     ] GC(53) Survivor regions: 1->1(9)
[2022-04-28T09:09:30.494+0000][8][gc,heap     ] GC(53) Old regions: 26->26
[2022-04-28T09:09:30.494+0000][8][gc,heap     ] GC(53) Archive regions: 2->2
[2022-04-28T09:09:30.496+0000][8][gc,heap     ] GC(53) Humongous regions: 6->6
[2022-04-28T09:09:30.497+0000][8][gc,metaspace] GC(53) Metaspace: 116382K(118208K)->116382K(118208K) NonClass: 100907K(101952K)->100907K(101952K) Class: 15475K(16256K)->15475K(16256K)
[2022-04-28T09:09:30.497+0000][8][gc          ] GC(53) Pause Young (Normal) (G1 Evacuation Pause) 418M->133M(512M) 22.719ms
[2022-04-28T09:09:30.498+0000][8][gc,cpu      ] GC(53) User=0.02s Sys=0.00s Real=0.03s
[2022-04-28T09:09:30.499+0000][8][safepoint   ] Safepoint "G1CollectForAllocation", Time since last: 5567316044 ns, Reaching safepoint: 131875 ns, At safepoint: 24877875 ns, Total: 25009750 ns
[2022-04-28T09:09:32.504+0000][8][safepoint   ] Safepoint "Cleanup", Time since last: 2004126335 ns, Reaching safepoint: 293041 ns, At safepoint: 8042 ns, Total: 301083 ns
[2022-04-28T09:09:37.518+0000][8][safepoint   ] Safepoint "Cleanup", Time since last: 5011370544 ns, Reaching safepoint: 3013166 ns, At safepoint: 43459 ns, Total: 3056625 ns
[2022-04-28T09:09:38.531+0000][8][safepoint   ] Safepoint "Cleanup", Time since last: 1012395583 ns, Reaching safepoint: 688250 ns, At safepoint: 10167 ns, Total: 698417 ns
[2022-04-28T09:09:43.548+0000][8][safepoint   ] Safepoint "Cleanup", Time since last: 5016331086 ns, Reaching safepoint: 224708 ns, At safepoint: 8959 ns, Total: 233667 ns
[2022-04-28T09:09:49.561+0000][8][safepoint   ] Safepoint "Cleanup", Time since last: 6012690794 ns, Reaching safepoint: 268583 ns, At safepoint: 4834 ns, Total: 273417 ns
[2022-04-28T09:09:51.564+0000][8][safepoint   ] Safepoint "Cleanup", Time since last: 2002717709 ns, Reaching safepoint: 206875 ns, At safepoint: 6375 ns, Total: 213250 ns
[2022-04-28T09:09:56.605+0000][8][safepoint   ] Safepoint "Cleanup", Time since last: 5040611502 ns, Reaching safepoint: 225000 ns, At safepoint: 9209 ns, Total: 234209 ns
[2022-04-28T09:10:13.656+0000][8][safepoint   ] Safepoint "Cleanup", Time since last: 17052345299 ns, Reaching safepoint: 187041 ns, At safepoint: 6042 ns, Total: 193083 ns
[2022-04-28T09:10:36.702+0000][8][safepoint   ] Safepoint "Cleanup", Time since last: 23045541969 ns, Reaching safepoint: 320250 ns, At safepoint: 10458 ns, Total: 330708 ns
[2022-04-28T09:10:37.703+0000][8][safepoint   ] Safepoint "Cleanup", Time since last: 1000794001 ns, Reaching safepoint: 305791 ns, At safepoint: 5375 ns, Total: 311166 ns
[2022-04-28T09:10:48.634+0000][8][gc,start    ] GC(54) Pause Young (Normal) (G1 Evacuation Pause)
[2022-04-28T09:10:48.635+0000][8][gc,task     ] GC(54) Using 5 workers of 5 for evacuation
[2022-04-28T09:10:48.636+0000][8][gc,age      ] GC(54) Desired survivor size 18874368 bytes, new threshold 15 (max threshold 15)
[2022-04-28T09:10:48.640+0000][8][gc,age      ] GC(54) Age table with threshold 15 (max threshold 15)
[2022-04-28T09:10:48.641+0000][8][gc,age      ] GC(54) - age   1:    1020456 bytes,    1020456 total
[2022-04-28T09:10:48.642+0000][8][gc,age      ] GC(54) - age   2:       5896 bytes,    1026352 total
[2022-04-28T09:10:48.643+0000][8][gc,age      ] GC(54) - age   3:       4472 bytes,    1030824 total
[2022-04-28T09:10:48.644+0000][8][gc,age      ] GC(54) - age   4:       3616 bytes,    1034440 total
[2022-04-28T09:10:48.645+0000][8][gc,age      ] GC(54) - age   5:      19944 bytes,    1054384 total
[2022-04-28T09:10:48.646+0000][8][gc,age      ] GC(54) - age   6:      31696 bytes,    1086080 total
[2022-04-28T09:10:48.647+0000][8][gc,age      ] GC(54) - age   7:      58448 bytes,    1144528 total
[2022-04-28T09:10:48.647+0000][8][gc,age      ] GC(54) - age   8:       2144 bytes,    1146672 total
[2022-04-28T09:10:48.649+0000][8][gc,age      ] GC(54) - age   9:      67488 bytes,    1214160 total
[2022-04-28T09:10:48.650+0000][8][gc,age      ] GC(54) - age  10:      84304 bytes,    1298464 total
[2022-04-28T09:10:48.650+0000][8][gc,age      ] GC(54) - age  11:      70184 bytes,    1368648 total
[2022-04-28T09:10:48.651+0000][8][gc,age      ] GC(54) - age  12:       2064 bytes,    1370712 total
[2022-04-28T09:10:48.653+0000][8][gc,age      ] GC(54) - age  13:       2560 bytes,    1373272 total
[2022-04-28T09:10:48.653+0000][8][gc,age      ] GC(54) - age  14:       2824 bytes,    1376096 total
[2022-04-28T09:10:48.654+0000][8][gc,age      ] GC(54) - age  15:       2568 bytes,    1378664 total
[2022-04-28T09:10:48.656+0000][8][gc,phases   ] GC(54)   Pre Evacuate Collection Set: 0.1ms
[2022-04-28T09:10:48.657+0000][8][gc,phases   ] GC(54)   Merge Heap Roots: 0.1ms
[2022-04-28T09:10:48.658+0000][8][gc,phases   ] GC(54)   Evacuate Collection Set: 1.9ms
[2022-04-28T09:10:48.659+0000][8][gc,phases   ] GC(54)   Post Evacuate Collection Set: 0.8ms
[2022-04-28T09:10:48.659+0000][8][gc,phases   ] GC(54)   Other: 18.4ms
[2022-04-28T09:10:48.660+0000][8][gc,heap     ] GC(54) Eden regions: 71->0(71)
[2022-04-28T09:10:48.660+0000][8][gc,heap     ] GC(54) Survivor regions: 1->1(9)
[2022-04-28T09:10:48.661+0000][8][gc,heap     ] GC(54) Old regions: 26->26
[2022-04-28T09:10:48.663+0000][8][gc,heap     ] GC(54) Archive regions: 2->2
[2022-04-28T09:10:48.663+0000][8][gc,heap     ] GC(54) Humongous regions: 6->6
[2022-04-28T09:10:48.664+0000][8][gc,metaspace] GC(54) Metaspace: 116393K(118208K)->116393K(118208K) NonClass: 100918K(101952K)->100918K(101952K) Class: 15475K(16256K)->15475K(16256K)
[2022-04-28T09:10:48.665+0000][8][gc          ] GC(54) Pause Young (Normal) (G1 Evacuation Pause) 417M->133M(512M) 30.270ms
[2022-04-28T09:10:48.665+0000][8][gc,cpu      ] GC(54) User=0.01s Sys=0.01s Real=0.03s
[2022-04-28T09:10:48.666+0000][8][safepoint   ] Safepoint "G1CollectForAllocation", Time since last: 10931266297 ns, Reaching safepoint: 195834 ns, At safepoint: 31938791 ns, Total: 32134625 ns
[2022-04-28T09:11:13.724+0000][8][safepoint   ] Safepoint "Cleanup", Time since last: 25049920804 ns, Reaching safepoint: 116083 ns, At safepoint: 5000 ns, Total: 121083 ns
[2022-04-28T09:11:18.738+0000][8][safepoint   ] Safepoint "Cleanup", Time since last: 5014557002 ns, Reaching safepoint: 163209 ns, At safepoint: 5833 ns, Total: 169042 ns
[2022-04-28T09:11:30.757+0000][8][safepoint   ] Safepoint "Cleanup", Time since last: 12018958381 ns, Reaching safepoint: 52375 ns, At safepoint: 1958 ns, Total: 54333 ns
[2022-04-28T09:11:37.766+0000][8][safepoint   ] Safepoint "Cleanup", Time since last: 7015270669 ns, Reaching safepoint: 570500 ns, At safepoint: 15375 ns, Total: 585875 ns
[2022-04-28T09:11:38.774+0000][8][safepoint   ] Safepoint "Cleanup", Time since last: 1007657043 ns, Reaching safepoint: 825250 ns, At safepoint: 9916 ns, Total: 835166 ns
[2022-04-28T09:11:42.788+0000][8][safepoint   ] Safepoint "Cleanup", Time since last: 4014140127 ns, Reaching safepoint: 113334 ns, At safepoint: 4750 ns, Total: 118084 ns
[2022-04-28T09:11:45.796+0000][8][safepoint   ] Safepoint "Cleanup", Time since last: 3006913043 ns, Reaching safepoint: 271791 ns, At safepoint: 10000 ns, Total: 281791 ns
[2022-04-28T09:11:54.808+0000][8][safepoint   ] Safepoint "Cleanup", Time since last: 9012205046 ns, Reaching safepoint: 328042 ns, At safepoint: 17333 ns, Total: 345375 ns
[2022-04-28T09:11:56.812+0000][8][safepoint   ] Safepoint "Cleanup", Time since last: 2003322001 ns, Reaching safepoint: 327084 ns, At safepoint: 15000 ns, Total: 342084 ns
[2022-04-28T09:11:57.818+0000][8][safepoint   ] Safepoint "Cleanup", Time since last: 1005243542 ns, Reaching safepoint: 528541 ns, At safepoint: 22959 ns, Total: 551500 ns
[2022-04-28T09:12:00.832+0000][8][safepoint   ] Safepoint "Cleanup", Time since last: 3014049209 ns, Reaching safepoint: 125959 ns, At safepoint: 3875 ns, Total: 129834 ns
[2022-04-28T09:12:06.456+0000][8][safepoint   ] Safepoint "Cleanup", Time since last: 5621008502 ns, Reaching safepoint: 357875 ns, At safepoint: 13000 ns, Total: 370875 ns
[2022-04-28T09:12:07.459+0000][8][safepoint   ] Safepoint "Cleanup", Time since last: 1001770000 ns, Reaching safepoint: 663250 ns, At safepoint: 9875 ns, Total: 673125 ns
[2022-04-28T09:12:07.574+0000][8][gc,start    ] GC(55) Pause Young (Normal) (G1 Evacuation Pause)
[2022-04-28T09:12:07.575+0000][8][gc,task     ] GC(55) Using 5 workers of 5 for evacuation
[2022-04-28T09:12:07.576+0000][8][gc,age      ] GC(55) Desired survivor size 18874368 bytes, new threshold 15 (max threshold 15)
[2022-04-28T09:12:07.579+0000][8][gc,age      ] GC(55) Age table with threshold 15 (max threshold 15)
[2022-04-28T09:12:07.580+0000][8][gc,age      ] GC(55) - age   1:    1373264 bytes,    1373264 total
[2022-04-28T09:12:07.581+0000][8][gc,age      ] GC(55) - age   2:       5512 bytes,    1378776 total
[2022-04-28T09:12:07.582+0000][8][gc,age      ] GC(55) - age   3:       4568 bytes,    1383344 total
[2022-04-28T09:12:07.583+0000][8][gc,age      ] GC(55) - age   4:       4056 bytes,    1387400 total
[2022-04-28T09:12:07.584+0000][8][gc,age      ] GC(55) - age   5:       3304 bytes,    1390704 total
[2022-04-28T09:12:07.584+0000][8][gc,age      ] GC(55) - age   6:      19856 bytes,    1410560 total
[2022-04-28T09:12:07.585+0000][8][gc,age      ] GC(55) - age   7:      31696 bytes,    1442256 total
[2022-04-28T09:12:07.585+0000][8][gc,age      ] GC(55) - age   8:      58448 bytes,    1500704 total
[2022-04-28T09:12:07.586+0000][8][gc,age      ] GC(55) - age   9:       2144 bytes,    1502848 total
[2022-04-28T09:12:07.587+0000][8][gc,age      ] GC(55) - age  10:      67328 bytes,    1570176 total
[2022-04-28T09:12:07.588+0000][8][gc,age      ] GC(55) - age  11:      84304 bytes,    1654480 total
[2022-04-28T09:12:07.588+0000][8][gc,age      ] GC(55) - age  12:      70144 bytes,    1724624 total
[2022-04-28T09:12:07.589+0000][8][gc,age      ] GC(55) - age  13:       2064 bytes,    1726688 total
[2022-04-28T09:12:07.591+0000][8][gc,age      ] GC(55) - age  14:       2560 bytes,    1729248 total
[2022-04-28T09:12:07.591+0000][8][gc,age      ] GC(55) - age  15:       2824 bytes,    1732072 total
[2022-04-28T09:12:07.592+0000][8][gc,phases   ] GC(55)   Pre Evacuate Collection Set: 0.3ms
[2022-04-28T09:12:07.593+0000][8][gc,phases   ] GC(55)   Merge Heap Roots: 0.0ms
[2022-04-28T09:12:07.593+0000][8][gc,phases   ] GC(55)   Evacuate Collection Set: 1.3ms
[2022-04-28T09:12:07.594+0000][8][gc,phases   ] GC(55)   Post Evacuate Collection Set: 0.8ms
[2022-04-28T09:12:07.595+0000][8][gc,phases   ] GC(55)   Other: 15.9ms
[2022-04-28T09:12:07.596+0000][8][gc,heap     ] GC(55) Eden regions: 71->0(71)
[2022-04-28T09:12:07.596+0000][8][gc,heap     ] GC(55) Survivor regions: 1->1(9)
[2022-04-28T09:12:07.597+0000][8][gc,heap     ] GC(55) Old regions: 26->26
[2022-04-28T09:12:07.598+0000][8][gc,heap     ] GC(55) Archive regions: 2->2
[2022-04-28T09:12:07.598+0000][8][gc,heap     ] GC(55) Humongous regions: 6->6
[2022-04-28T09:12:07.599+0000][8][gc,metaspace] GC(55) Metaspace: 116413K(118208K)->116413K(118208K) NonClass: 100937K(101952K)->100937K(101952K) Class: 15475K(16256K)->15475K(16256K)
[2022-04-28T09:12:07.599+0000][8][gc          ] GC(55) Pause Young (Normal) (G1 Evacuation Pause) 417M->133M(512M) 25.492ms
[2022-04-28T09:12:07.600+0000][8][gc,cpu      ] GC(55) User=0.00s Sys=0.01s Real=0.03s
[2022-04-28T09:12:07.601+0000][8][safepoint   ] Safepoint "G1CollectForAllocation", Time since last: 115021625 ns, Reaching safepoint: 89125 ns, At safepoint: 26879375 ns, Total: 26968500 ns
[2022-04-28T09:12:10.605+0000][8][safepoint   ] Safepoint "Cleanup", Time since last: 3003734585 ns, Reaching safepoint: 284708 ns, At safepoint: 7500 ns, Total: 292208 ns
[2022-04-28T09:12:13.613+0000][8][safepoint   ] Safepoint "Cleanup", Time since last: 3007390294 ns, Reaching safepoint: 624291 ns, At safepoint: 20250 ns, Total: 644541 ns
[2022-04-28T09:12:31.646+0000][8][safepoint   ] Safepoint "Cleanup", Time since last: 18032817675 ns, Reaching safepoint: 207625 ns, At safepoint: 10000 ns, Total: 217625 ns
[2022-04-28T09:12:33.656+0000][8][safepoint   ] Safepoint "Cleanup", Time since last: 2010200085 ns, Reaching safepoint: 128333 ns, At safepoint: 3792 ns, Total: 132125 ns
[2022-04-28T09:12:36.656+0000][8][safepoint   ] Safepoint "Cleanup", Time since last: 3003323168 ns, Reaching safepoint: 727833 ns, At safepoint: 61083 ns, Total: 788916 ns
[2022-04-28T09:12:37.658+0000][8][safepoint   ] Safepoint "Cleanup", Time since last: 1001400792 ns, Reaching safepoint: 177084 ns, At safepoint: 6500 ns, Total: 183584 ns
[2022-04-28T09:12:42.665+0000][8][safepoint   ] Safepoint "Cleanup", Time since last: 5006566252 ns, Reaching safepoint: 165708 ns, At safepoint: 4792 ns, Total: 170500 ns
[2022-04-28T09:12:43.671+0000][8][safepoint   ] Safepoint "Cleanup", Time since last: 1005959417 ns, Reaching safepoint: 216292 ns, At safepoint: 16625 ns, Total: 232917 ns
[2022-04-28T09:12:48.683+0000][8][safepoint   ] Safepoint "Cleanup", Time since last: 5011447169 ns, Reaching safepoint: 230458 ns, At safepoint: 10667 ns, Total: 241125 ns
[2022-04-28T09:13:07.715+0000][8][safepoint   ] Safepoint "Cleanup", Time since last: 19032841925 ns, Reaching safepoint: 192125 ns, At safepoint: 5417 ns, Total: 197542 ns
[2022-04-28T09:13:12.722+0000][8][safepoint   ] Safepoint "Cleanup", Time since last: 5006572669 ns, Reaching safepoint: 70791 ns, At safepoint: 3417 ns, Total: 74208 ns
[2022-04-28T09:13:27.416+0000][8][gc,start    ] GC(56) Pause Young (Normal) (G1 Evacuation Pause)
[2022-04-28T09:13:27.417+0000][8][gc,task     ] GC(56) Using 5 workers of 5 for evacuation
[2022-04-28T09:13:27.419+0000][8][gc,age      ] GC(56) Desired survivor size 18874368 bytes, new threshold 15 (max threshold 15)
[2022-04-28T09:13:27.425+0000][8][gc,age      ] GC(56) Age table with threshold 15 (max threshold 15)
[2022-04-28T09:13:27.426+0000][8][gc,age      ] GC(56) - age   1:    1440344 bytes,    1440344 total
[2022-04-28T09:13:27.428+0000][8][gc,age      ] GC(56) - age   2:     151744 bytes,    1592088 total
[2022-04-28T09:13:27.429+0000][8][gc,age      ] GC(56) - age   3:       2752 bytes,    1594840 total
[2022-04-28T09:13:27.430+0000][8][gc,age      ] GC(56) - age   4:       4280 bytes,    1599120 total
[2022-04-28T09:13:27.431+0000][8][gc,age      ] GC(56) - age   5:       3528 bytes,    1602648 total
[2022-04-28T09:13:27.432+0000][8][gc,age      ] GC(56) - age   6:       3304 bytes,    1605952 total
[2022-04-28T09:13:27.433+0000][8][gc,age      ] GC(56) - age   7:      19856 bytes,    1625808 total
[2022-04-28T09:13:27.434+0000][8][gc,age      ] GC(56) - age   8:      31696 bytes,    1657504 total
[2022-04-28T09:13:27.435+0000][8][gc,age      ] GC(56) - age   9:      58448 bytes,    1715952 total
[2022-04-28T09:13:27.436+0000][8][gc,age      ] GC(56) - age  10:       2144 bytes,    1718096 total
[2022-04-28T09:13:27.437+0000][8][gc,age      ] GC(56) - age  11:      67328 bytes,    1785424 total
[2022-04-28T09:13:27.438+0000][8][gc,age      ] GC(56) - age  12:      84304 bytes,    1869728 total
[2022-04-28T09:13:27.439+0000][8][gc,age      ] GC(56) - age  13:      70144 bytes,    1939872 total
[2022-04-28T09:13:27.440+0000][8][gc,age      ] GC(56) - age  14:       2064 bytes,    1941936 total
[2022-04-28T09:13:27.441+0000][8][gc,age      ] GC(56) - age  15:       2560 bytes,    1944496 total
[2022-04-28T09:13:27.442+0000][8][gc,phases   ] GC(56)   Pre Evacuate Collection Set: 1.1ms
[2022-04-28T09:13:27.443+0000][8][gc,phases   ] GC(56)   Merge Heap Roots: 0.1ms
[2022-04-28T09:13:27.444+0000][8][gc,phases   ] GC(56)   Evacuate Collection Set: 2.0ms
[2022-04-28T09:13:27.445+0000][8][gc,phases   ] GC(56)   Post Evacuate Collection Set: 1.3ms
[2022-04-28T09:13:27.445+0000][8][gc,phases   ] GC(56)   Other: 22.0ms
[2022-04-28T09:13:27.446+0000][8][gc,heap     ] GC(56) Eden regions: 71->0(71)
[2022-04-28T09:13:27.446+0000][8][gc,heap     ] GC(56) Survivor regions: 1->1(9)
[2022-04-28T09:13:27.447+0000][8][gc,heap     ] GC(56) Old regions: 26->26
[2022-04-28T09:13:27.448+0000][8][gc,heap     ] GC(56) Archive regions: 2->2
[2022-04-28T09:13:27.449+0000][8][gc,heap     ] GC(56) Humongous regions: 6->6
[2022-04-28T09:13:27.450+0000][8][gc,metaspace] GC(56) Metaspace: 116441K(118272K)->116441K(118272K) NonClass: 100965K(102016K)->100965K(102016K) Class: 15476K(16256K)->15476K(16256K)
[2022-04-28T09:13:27.450+0000][8][gc          ] GC(56) Pause Young (Normal) (G1 Evacuation Pause) 417M->133M(512M) 34.827ms
[2022-04-28T09:13:27.451+0000][8][gc,cpu      ] GC(56) User=0.01s Sys=0.01s Real=0.03s
[2022-04-28T09:13:27.452+0000][8][safepoint   ] Safepoint "G1CollectForAllocation", Time since last: 14693403799 ns, Reaching safepoint: 292416 ns, At safepoint: 36489459 ns, Total: 36781875 ns
[2022-04-28T09:13:31.460+0000][8][safepoint   ] Safepoint "Cleanup", Time since last: 4007546293 ns, Reaching safepoint: 289667 ns, At safepoint: 7333 ns, Total: 297000 ns
[2022-04-28T09:14:07.514+0000][8][safepoint   ] Safepoint "Cleanup", Time since last: 36055061642 ns, Reaching safepoint: 165291 ns, At safepoint: 6500 ns, Total: 171791 ns
[2022-04-28T09:14:08.518+0000][8][safepoint   ] Safepoint "Cleanup", Time since last: 1004060334 ns, Reaching safepoint: 248958 ns, At safepoint: 12584 ns, Total: 261542 ns
[2022-04-28T09:14:12.523+0000][8][safepoint   ] Safepoint "Cleanup", Time since last: 4004885793 ns, Reaching safepoint: 90084 ns, At safepoint: 5000 ns, Total: 95084 ns
[2022-04-28T09:14:13.524+0000][8][safepoint   ] Safepoint "Cleanup", Time since last: 1000831042 ns, Reaching safepoint: 56792 ns, At safepoint: 15291 ns, Total: 72083 ns
[2022-04-28T09:14:30.553+0000][8][safepoint   ] Safepoint "Cleanup", Time since last: 17028828342 ns, Reaching safepoint: 227166 ns, At safepoint: 6209 ns, Total: 233375 ns
[2022-04-28T09:14:31.554+0000][8][safepoint   ] Safepoint "Cleanup", Time since last: 1000798000 ns, Reaching safepoint: 176208 ns, At safepoint: 4917 ns, Total: 181125 ns
[2022-04-28T09:14:37.567+0000][8][safepoint   ] Safepoint "Cleanup", Time since last: 6013607794 ns, Reaching safepoint: 273833 ns, At safepoint: 22417 ns, Total: 296250 ns
[2022-04-28T09:14:37.921+0000][8][gc,start    ] GC(57) Pause Young (Normal) (G1 Evacuation Pause)
[2022-04-28T09:14:37.921+0000][8][gc,task     ] GC(57) Using 5 workers of 5 for evacuation
[2022-04-28T09:14:37.922+0000][8][gc,age      ] GC(57) Desired survivor size 18874368 bytes, new threshold 15 (max threshold 15)
[2022-04-28T09:14:37.925+0000][8][gc,age      ] GC(57) Age table with threshold 15 (max threshold 15)
[2022-04-28T09:14:37.926+0000][8][gc,age      ] GC(57) - age   1:    1826616 bytes,    1826616 total
[2022-04-28T09:14:37.927+0000][8][gc,age      ] GC(57) - age   2:       7360 bytes,    1833976 total
[2022-04-28T09:14:37.927+0000][8][gc,age      ] GC(57) - age   3:     149384 bytes,    1983360 total
[2022-04-28T09:14:37.928+0000][8][gc,age      ] GC(57) - age   4:       2048 bytes,    1985408 total
[2022-04-28T09:14:37.928+0000][8][gc,age      ] GC(57) - age   5:       4168 bytes,    1989576 total
[2022-04-28T09:14:37.929+0000][8][gc,age      ] GC(57) - age   6:       3528 bytes,    1993104 total
[2022-04-28T09:14:37.930+0000][8][gc,age      ] GC(57) - age   7:       3304 bytes,    1996408 total
[2022-04-28T09:14:37.931+0000][8][gc,age      ] GC(57) - age   8:      19856 bytes,    2016264 total
[2022-04-28T09:14:37.931+0000][8][gc,age      ] GC(57) - age   9:      31696 bytes,    2047960 total
[2022-04-28T09:14:37.932+0000][8][gc,age      ] GC(57) - age  10:      58448 bytes,    2106408 total
[2022-04-28T09:14:37.932+0000][8][gc,age      ] GC(57) - age  11:       2144 bytes,    2108552 total
[2022-04-28T09:14:37.933+0000][8][gc,age      ] GC(57) - age  12:      67328 bytes,    2175880 total
[2022-04-28T09:14:37.934+0000][8][gc,age      ] GC(57) - age  13:      84304 bytes,    2260184 total
[2022-04-28T09:14:37.934+0000][8][gc,age      ] GC(57) - age  14:      69904 bytes,    2330088 total
[2022-04-28T09:14:37.935+0000][8][gc,age      ] GC(57) - age  15:       2064 bytes,    2332152 total
[2022-04-28T09:14:37.936+0000][8][gc,phases   ] GC(57)   Pre Evacuate Collection Set: 0.2ms
[2022-04-28T09:14:37.937+0000][8][gc,phases   ] GC(57)   Merge Heap Roots: 0.0ms
[2022-04-28T09:14:37.938+0000][8][gc,phases   ] GC(57)   Evacuate Collection Set: 1.5ms
[2022-04-28T09:14:37.939+0000][8][gc,phases   ] GC(57)   Post Evacuate Collection Set: 0.7ms
[2022-04-28T09:14:37.940+0000][8][gc,phases   ] GC(57)   Other: 12.9ms
[2022-04-28T09:14:37.940+0000][8][gc,heap     ] GC(57) Eden regions: 71->0(71)
[2022-04-28T09:14:37.941+0000][8][gc,heap     ] GC(57) Survivor regions: 1->1(9)
[2022-04-28T09:14:37.941+0000][8][gc,heap     ] GC(57) Old regions: 26->26
[2022-04-28T09:14:37.942+0000][8][gc,heap     ] GC(57) Archive regions: 2->2
[2022-04-28T09:14:37.942+0000][8][gc,heap     ] GC(57) Humongous regions: 6->6
[2022-04-28T09:14:37.943+0000][8][gc,metaspace] GC(57) Metaspace: 116455K(118272K)->116455K(118272K) NonClass: 100979K(102016K)->100979K(102016K) Class: 15476K(16256K)->15476K(16256K)
[2022-04-28T09:14:37.944+0000][8][gc          ] GC(57) Pause Young (Normal) (G1 Evacuation Pause) 417M->134M(512M) 22.762ms
[2022-04-28T09:14:37.944+0000][8][gc,cpu      ] GC(57) User=0.00s Sys=0.01s Real=0.03s
[2022-04-28T09:14:37.945+0000][8][safepoint   ] Safepoint "G1CollectForAllocation", Time since last: 353325166 ns, Reaching safepoint: 229834 ns, At safepoint: 24280833 ns, Total: 24510667 ns
[2022-04-28T09:14:38.947+0000][8][safepoint   ] Safepoint "Cleanup", Time since last: 1000915876 ns, Reaching safepoint: 991375 ns, At safepoint: 199208 ns, Total: 1190583 ns
[2022-04-28T09:15:07.018+0000][8][safepoint   ] Safepoint "Cleanup", Time since last: 28069629637 ns, Reaching safepoint: 244250 ns, At safepoint: 6542 ns, Total: 250792 ns
[2022-04-28T09:15:09.026+0000][8][safepoint   ] Safepoint "Cleanup", Time since last: 2004242459 ns, Reaching safepoint: 3557334 ns, At safepoint: 14291 ns, Total: 3571625 ns
[2022-04-28T09:15:13.041+0000][8][safepoint   ] Safepoint "Cleanup", Time since last: 4013389044 ns, Reaching safepoint: 2247375 ns, At safepoint: 4500 ns, Total: 2251875 ns
[2022-04-28T09:15:19.054+0000][8][safepoint   ] Safepoint "Cleanup", Time since last: 6012469919 ns, Reaching safepoint: 160292 ns, At safepoint: 5167 ns, Total: 165459 ns
[2022-04-28T09:15:25.074+0000][8][safepoint   ] Safepoint "Cleanup", Time since last: 6019530253 ns, Reaching safepoint: 248083 ns, At safepoint: 7125 ns, Total: 255208 ns
[2022-04-28T09:15:26.076+0000][8][safepoint   ] Safepoint "Cleanup", Time since last: 1002064584 ns, Reaching safepoint: 262833 ns, At safepoint: 7750 ns, Total: 270583 ns
[2022-04-28T09:15:40.102+0000][8][safepoint   ] Safepoint "Cleanup", Time since last: 14025663381 ns, Reaching safepoint: 72042 ns, At safepoint: 2291 ns, Total: 74333 ns
[2022-04-28T09:15:44.110+0000][8][safepoint   ] Safepoint "Cleanup", Time since last: 4007514085 ns, Reaching safepoint: 276709 ns, At safepoint: 16250 ns, Total: 292959 ns
[2022-04-28T09:15:49.122+0000][8][safepoint   ] Safepoint "Cleanup", Time since last: 5012295127 ns, Reaching safepoint: 100167 ns, At safepoint: 4041 ns, Total: 104208 ns
[2022-04-28T09:15:49.392+0000][8][gc,start    ] GC(58) Pause Young (Normal) (G1 Evacuation Pause)
[2022-04-28T09:15:49.393+0000][8][gc,task     ] GC(58) Using 5 workers of 5 for evacuation
[2022-04-28T09:15:49.394+0000][8][gc,age      ] GC(58) Desired survivor size 18874368 bytes, new threshold 15 (max threshold 15)
[2022-04-28T09:15:49.396+0000][8][gc,age      ] GC(58) Age table with threshold 15 (max threshold 15)
[2022-04-28T09:15:49.398+0000][8][gc,age      ] GC(58) - age   1:     512608 bytes,     512608 total
[2022-04-28T09:15:49.399+0000][8][gc,age      ] GC(58) - age   2:      29112 bytes,     541720 total
[2022-04-28T09:15:49.400+0000][8][gc,age      ] GC(58) - age   3:       4400 bytes,     546120 total
[2022-04-28T09:15:49.400+0000][8][gc,age      ] GC(58) - age   4:     148600 bytes,     694720 total
[2022-04-28T09:15:49.401+0000][8][gc,age      ] GC(58) - age   5:       2048 bytes,     696768 total
[2022-04-28T09:15:49.402+0000][8][gc,age      ] GC(58) - age   6:       4168 bytes,     700936 total
[2022-04-28T09:15:49.402+0000][8][gc,age      ] GC(58) - age   7:       3528 bytes,     704464 total
[2022-04-28T09:15:49.404+0000][8][gc,age      ] GC(58) - age   8:       2544 bytes,     707008 total
[2022-04-28T09:15:49.404+0000][8][gc,age      ] GC(58) - age   9:      18272 bytes,     725280 total
[2022-04-28T09:15:49.405+0000][8][gc,age      ] GC(58) - age  10:      31696 bytes,     756976 total
[2022-04-28T09:15:49.406+0000][8][gc,age      ] GC(58) - age  11:      58448 bytes,     815424 total
[2022-04-28T09:15:49.407+0000][8][gc,age      ] GC(58) - age  12:       2144 bytes,     817568 total
[2022-04-28T09:15:49.407+0000][8][gc,age      ] GC(58) - age  13:      67328 bytes,     884896 total
[2022-04-28T09:15:49.407+0000][8][gc,age      ] GC(58) - age  14:      84304 bytes,     969200 total
[2022-04-28T09:15:49.408+0000][8][gc,age      ] GC(58) - age  15:      69904 bytes,    1039104 total
[2022-04-28T09:15:49.409+0000][8][gc,phases   ] GC(58)   Pre Evacuate Collection Set: 0.2ms
[2022-04-28T09:15:49.410+0000][8][gc,phases   ] GC(58)   Merge Heap Roots: 0.1ms
[2022-04-28T09:15:49.410+0000][8][gc,phases   ] GC(58)   Evacuate Collection Set: 1.2ms
[2022-04-28T09:15:49.411+0000][8][gc,phases   ] GC(58)   Post Evacuate Collection Set: 0.7ms
[2022-04-28T09:15:49.412+0000][8][gc,phases   ] GC(58)   Other: 14.6ms
[2022-04-28T09:15:49.413+0000][8][gc,heap     ] GC(58) Eden regions: 71->0(72)
[2022-04-28T09:15:49.414+0000][8][gc,heap     ] GC(58) Survivor regions: 1->1(9)
[2022-04-28T09:15:49.414+0000][8][gc,heap     ] GC(58) Old regions: 26->26
[2022-04-28T09:15:49.415+0000][8][gc,heap     ] GC(58) Archive regions: 2->2
[2022-04-28T09:15:49.416+0000][8][gc,heap     ] GC(58) Humongous regions: 6->6
[2022-04-28T09:15:49.417+0000][8][gc,metaspace] GC(58) Metaspace: 116487K(118272K)->116487K(118272K) NonClass: 101011K(102016K)->101011K(102016K) Class: 15476K(16256K)->15476K(16256K)
[2022-04-28T09:15:49.417+0000][8][gc          ] GC(58) Pause Young (Normal) (G1 Evacuation Pause) 418M->132M(512M) 25.008ms
[2022-04-28T09:15:49.418+0000][8][gc,cpu      ] GC(58) User=0.01s Sys=0.00s Real=0.03s
[2022-04-28T09:15:49.418+0000][8][safepoint   ] Safepoint "G1CollectForAllocation", Time since last: 269884501 ns, Reaching safepoint: 66958 ns, At safepoint: 26378958 ns, Total: 26445916 ns
[2022-04-28T09:15:55.437+0000][8][safepoint   ] Safepoint "Cleanup", Time since last: 6017476878 ns, Reaching safepoint: 1042334 ns, At safepoint: 9333 ns, Total: 1051667 ns
[2022-04-28T09:16:02.458+0000][8][safepoint   ] Safepoint "Cleanup", Time since last: 7021209087 ns, Reaching safepoint: 135583 ns, At safepoint: 5667 ns, Total: 141250 ns
[2022-04-28T09:16:08.469+0000][8][safepoint   ] Safepoint "Cleanup", Time since last: 6011209501 ns, Reaching safepoint: 313250 ns, At safepoint: 26625 ns, Total: 339875 ns
[2022-04-28T09:16:37.527+0000][8][safepoint   ] Safepoint "Cleanup", Time since last: 29060546847 ns, Reaching safepoint: 150417 ns, At safepoint: 16875 ns, Total: 167292 ns
[2022-04-28T09:17:01.566+0000][8][safepoint   ] Safepoint "Cleanup", Time since last: 24038486053 ns, Reaching safepoint: 198416 ns, At safepoint: 5042 ns, Total: 203458 ns
[2022-04-28T09:17:03.568+0000][8][safepoint   ] Safepoint "Cleanup", Time since last: 2001593334 ns, Reaching safepoint: 233542 ns, At safepoint: 10250 ns, Total: 243792 ns
[2022-04-28T09:17:09.580+0000][8][safepoint   ] Safepoint "Cleanup", Time since last: 6010037878 ns, Reaching safepoint: 105500 ns, At safepoint: 6958 ns, Total: 112458 ns
[2022-04-28T09:17:12.589+0000][8][safepoint   ] Safepoint "Cleanup", Time since last: 3008600626 ns, Reaching safepoint: 158875 ns, At safepoint: 5084 ns, Total: 163959 ns
[2022-04-28T09:17:12.659+0000][8][gc,start    ] GC(59) Pause Young (Normal) (G1 Evacuation Pause)
[2022-04-28T09:17:12.660+0000][8][gc,task     ] GC(59) Using 5 workers of 5 for evacuation
[2022-04-28T09:17:12.660+0000][8][gc,age      ] GC(59) Desired survivor size 20971520 bytes, new threshold 15 (max threshold 15)
[2022-04-28T09:17:12.663+0000][8][gc,age      ] GC(59) Age table with threshold 15 (max threshold 15)
[2022-04-28T09:17:12.664+0000][8][gc,age      ] GC(59) - age   1:    1087472 bytes,    1087472 total
[2022-04-28T09:17:12.666+0000][8][gc,age      ] GC(59) - age   2:       6352 bytes,    1093824 total
[2022-04-28T09:17:12.666+0000][8][gc,age      ] GC(59) - age   3:      25176 bytes,    1119000 total
[2022-04-28T09:17:12.667+0000][8][gc,age      ] GC(59) - age   4:       3832 bytes,    1122832 total
[2022-04-28T09:17:12.668+0000][8][gc,age      ] GC(59) - age   5:     148504 bytes,    1271336 total
[2022-04-28T09:17:12.669+0000][8][gc,age      ] GC(59) - age   6:       2048 bytes,    1273384 total
[2022-04-28T09:17:12.670+0000][8][gc,age      ] GC(59) - age   7:       4168 bytes,    1277552 total
[2022-04-28T09:17:12.671+0000][8][gc,age      ] GC(59) - age   8:       3528 bytes,    1281080 total
[2022-04-28T09:17:12.672+0000][8][gc,age      ] GC(59) - age   9:       2352 bytes,    1283432 total
[2022-04-28T09:17:12.673+0000][8][gc,age      ] GC(59) - age  10:      18272 bytes,    1301704 total
[2022-04-28T09:17:12.673+0000][8][gc,age      ] GC(59) - age  11:      31696 bytes,    1333400 total
[2022-04-28T09:17:12.674+0000][8][gc,age      ] GC(59) - age  12:      58448 bytes,    1391848 total
[2022-04-28T09:17:12.674+0000][8][gc,age      ] GC(59) - age  13:       2144 bytes,    1393992 total
[2022-04-28T09:17:12.675+0000][8][gc,age      ] GC(59) - age  14:      67328 bytes,    1461320 total
[2022-04-28T09:17:12.675+0000][8][gc,age      ] GC(59) - age  15:      84304 bytes,    1545624 total
[2022-04-28T09:17:12.676+0000][8][gc,phases   ] GC(59)   Pre Evacuate Collection Set: 0.2ms
[2022-04-28T09:17:12.677+0000][8][gc,phases   ] GC(59)   Merge Heap Roots: 0.3ms
[2022-04-28T09:17:12.677+0000][8][gc,phases   ] GC(59)   Evacuate Collection Set: 1.3ms
[2022-04-28T09:17:12.678+0000][8][gc,phases   ] GC(59)   Post Evacuate Collection Set: 0.7ms
[2022-04-28T09:17:12.678+0000][8][gc,phases   ] GC(59)   Other: 14.6ms
[2022-04-28T09:17:12.679+0000][8][gc,heap     ] GC(59) Eden regions: 72->0(72)
[2022-04-28T09:17:12.679+0000][8][gc,heap     ] GC(59) Survivor regions: 1->1(10)
[2022-04-28T09:17:12.680+0000][8][gc,heap     ] GC(59) Old regions: 26->26
[2022-04-28T09:17:12.681+0000][8][gc,heap     ] GC(59) Archive regions: 2->2
[2022-04-28T09:17:12.682+0000][8][gc,heap     ] GC(59) Humongous regions: 6->6
[2022-04-28T09:17:12.683+0000][8][gc,metaspace] GC(59) Metaspace: 116510K(118336K)->116510K(118336K) NonClass: 101032K(102080K)->101032K(102080K) Class: 15477K(16256K)->15477K(16256K)
[2022-04-28T09:17:12.684+0000][8][gc          ] GC(59) Pause Young (Normal) (G1 Evacuation Pause) 420M->133M(512M) 24.643ms
[2022-04-28T09:17:12.685+0000][8][gc,cpu      ] GC(59) User=0.01s Sys=0.00s Real=0.03s
[2022-04-28T09:17:12.685+0000][8][safepoint   ] Safepoint "G1CollectForAllocation", Time since last: 70133250 ns, Reaching safepoint: 109083 ns, At safepoint: 26272417 ns, Total: 26381500 ns
[2022-04-28T09:17:37.746+0000][8][safepoint   ] Safepoint "Cleanup", Time since last: 25061226261 ns, Reaching safepoint: 322750 ns, At safepoint: 14916 ns, Total: 337666 ns
[2022-04-28T09:17:40.764+0000][8][safepoint   ] Safepoint "Cleanup", Time since last: 3017975752 ns, Reaching safepoint: 68125 ns, At safepoint: 2166 ns, Total: 70291 ns
[2022-04-28T09:17:42.770+0000][8][safepoint   ] Safepoint "Cleanup", Time since last: 2005233210 ns, Reaching safepoint: 161000 ns, At safepoint: 4666 ns, Total: 165666 ns
[2022-04-28T09:17:43.774+0000][8][safepoint   ] Safepoint "Cleanup", Time since last: 1003621126 ns, Reaching safepoint: 235208 ns, At safepoint: 6375 ns, Total: 241583 ns
[2022-04-28T09:17:49.780+0000][8][safepoint   ] Safepoint "Cleanup", Time since last: 6005889420 ns, Reaching safepoint: 797125 ns, At safepoint: 14208 ns, Total: 811333 ns
[2022-04-28T09:18:00.816+0000][8][safepoint   ] Safepoint "Cleanup", Time since last: 11035253089 ns, Reaching safepoint: 150916 ns, At safepoint: 3667 ns, Total: 154583 ns
[2022-04-28T09:18:15.853+0000][8][safepoint   ] Safepoint "Cleanup", Time since last: 15037068631 ns, Reaching safepoint: 243084 ns, At safepoint: 6166 ns, Total: 249250 ns
[2022-04-28T09:18:18.864+0000][8][safepoint   ] Safepoint "Cleanup", Time since last: 3010377627 ns, Reaching safepoint: 155125 ns, At safepoint: 10500 ns, Total: 165625 ns
[2022-04-28T09:18:19.866+0000][8][safepoint   ] Safepoint "Cleanup", Time since last: 1001834417 ns, Reaching safepoint: 61291 ns, At safepoint: 2209 ns, Total: 63500 ns
[2022-04-28T09:18:21.869+0000][8][safepoint   ] Safepoint "Cleanup", Time since last: 2003154459 ns, Reaching safepoint: 277125 ns, At safepoint: 8708 ns, Total: 285833 ns
[2022-04-28T09:18:31.388+0000][8][gc,start    ] GC(60) Pause Young (Normal) (G1 Evacuation Pause)
[2022-04-28T09:18:31.389+0000][8][gc,task     ] GC(60) Using 5 workers of 5 for evacuation
[2022-04-28T09:18:31.391+0000][8][gc,age      ] GC(60) Desired survivor size 20971520 bytes, new threshold 15 (max threshold 15)
[2022-04-28T09:18:31.395+0000][8][gc,age      ] GC(60) Age table with threshold 15 (max threshold 15)
[2022-04-28T09:18:31.396+0000][8][gc,age      ] GC(60) - age   1:    1028720 bytes,    1028720 total
[2022-04-28T09:18:31.397+0000][8][gc,age      ] GC(60) - age   2:       7152 bytes,    1035872 total
[2022-04-28T09:18:31.399+0000][8][gc,age      ] GC(60) - age   3:       4536 bytes,    1040408 total
[2022-04-28T09:18:31.400+0000][8][gc,age      ] GC(60) - age   4:      24920 bytes,    1065328 total
[2022-04-28T09:18:31.402+0000][8][gc,age      ] GC(60) - age   5:       3832 bytes,    1069160 total
[2022-04-28T09:18:31.403+0000][8][gc,age      ] GC(60) - age   6:     116200 bytes,    1185360 total
[2022-04-28T09:18:31.404+0000][8][gc,age      ] GC(60) - age   7:       2048 bytes,    1187408 total
[2022-04-28T09:18:31.405+0000][8][gc,age      ] GC(60) - age   8:       4168 bytes,    1191576 total
[2022-04-28T09:18:31.406+0000][8][gc,age      ] GC(60) - age   9:       3528 bytes,    1195104 total
[2022-04-28T09:18:31.408+0000][8][gc,age      ] GC(60) - age  10:       2352 bytes,    1197456 total
[2022-04-28T09:18:31.410+0000][8][gc,age      ] GC(60) - age  11:      18272 bytes,    1215728 total
[2022-04-28T09:18:31.412+0000][8][gc,age      ] GC(60) - age  12:      31696 bytes,    1247424 total
[2022-04-28T09:18:31.413+0000][8][gc,age      ] GC(60) - age  13:      58448 bytes,    1305872 total
[2022-04-28T09:18:31.413+0000][8][gc,age      ] GC(60) - age  14:       2144 bytes,    1308016 total
[2022-04-28T09:18:31.415+0000][8][gc,age      ] GC(60) - age  15:      67328 bytes,    1375344 total
[2022-04-28T09:18:31.416+0000][8][gc,phases   ] GC(60)   Pre Evacuate Collection Set: 0.3ms
[2022-04-28T09:18:31.416+0000][8][gc,phases   ] GC(60)   Merge Heap Roots: 0.2ms
[2022-04-28T09:18:31.418+0000][8][gc,phases   ] GC(60)   Evacuate Collection Set: 1.2ms
[2022-04-28T09:18:31.419+0000][8][gc,phases   ] GC(60)   Post Evacuate Collection Set: 1.1ms
[2022-04-28T09:18:31.420+0000][8][gc,phases   ] GC(60)   Other: 25.1ms
[2022-04-28T09:18:31.421+0000][8][gc,heap     ] GC(60) Eden regions: 72->0(71)
[2022-04-28T09:18:31.422+0000][8][gc,heap     ] GC(60) Survivor regions: 1->1(10)
[2022-04-28T09:18:31.423+0000][8][gc,heap     ] GC(60) Old regions: 26->27
[2022-04-28T09:18:31.424+0000][8][gc,heap     ] GC(60) Archive regions: 2->2
[2022-04-28T09:18:31.425+0000][8][gc,heap     ] GC(60) Humongous regions: 6->6
[2022-04-28T09:18:31.426+0000][8][gc,metaspace] GC(60) Metaspace: 116545K(118336K)->116545K(118336K) NonClass: 101067K(102080K)->101067K(102080K) Class: 15477K(16256K)->15477K(16256K)
[2022-04-28T09:18:31.427+0000][8][gc          ] GC(60) Pause Young (Normal) (G1 Evacuation Pause) 421M->133M(512M) 38.687ms
[2022-04-28T09:18:31.427+0000][8][gc,cpu      ] GC(60) User=0.01s Sys=0.01s Real=0.04s
[2022-04-28T09:18:31.428+0000][8][safepoint   ] Safepoint "G1CollectForAllocation", Time since last: 9518721338 ns, Reaching safepoint: 111167 ns, At safepoint: 40324333 ns, Total: 40435500 ns
[2022-04-28T09:18:43.459+0000][8][safepoint   ] Safepoint "Cleanup", Time since last: 12030890547 ns, Reaching safepoint: 318000 ns, At safepoint: 10666 ns, Total: 328666 ns
[2022-04-28T09:19:08.531+0000][8][safepoint   ] Safepoint "Cleanup", Time since last: 25073772970 ns, Reaching safepoint: 156334 ns, At safepoint: 23125 ns, Total: 179459 ns
[2022-04-28T09:19:13.545+0000][8][safepoint   ] Safepoint "Cleanup", Time since last: 5014307210 ns, Reaching safepoint: 170375 ns, At safepoint: 7167 ns, Total: 177542 ns
[2022-04-28T09:19:19.563+0000][8][safepoint   ] Safepoint "Cleanup", Time since last: 6017617878 ns, Reaching safepoint: 279458 ns, At safepoint: 10750 ns, Total: 290208 ns
[2022-04-28T09:19:31.597+0000][8][safepoint   ] Safepoint "Cleanup", Time since last: 12033813673 ns, Reaching safepoint: 441833 ns, At safepoint: 14708 ns, Total: 456541 ns
[2022-04-28T09:19:49.129+0000][8][gc,start    ] GC(61) Pause Young (Normal) (G1 Evacuation Pause)
[2022-04-28T09:19:49.130+0000][8][gc,task     ] GC(61) Using 5 workers of 5 for evacuation
[2022-04-28T09:19:49.131+0000][8][gc,age      ] GC(61) Desired survivor size 18874368 bytes, new threshold 15 (max threshold 15)
[2022-04-28T09:19:49.134+0000][8][gc,age      ] GC(61) Age table with threshold 15 (max threshold 15)
[2022-04-28T09:19:49.136+0000][8][gc,age      ] GC(61) - age   1:    1601296 bytes,    1601296 total
[2022-04-28T09:19:49.137+0000][8][gc,age      ] GC(61) - age   2:       6864 bytes,    1608160 total
[2022-04-28T09:19:49.138+0000][8][gc,age      ] GC(61) - age   3:       4768 bytes,    1612928 total
[2022-04-28T09:19:49.138+0000][8][gc,age      ] GC(61) - age   4:       3600 bytes,    1616528 total
[2022-04-28T09:19:49.139+0000][8][gc,age      ] GC(61) - age   5:      24368 bytes,    1640896 total
[2022-04-28T09:19:49.140+0000][8][gc,age      ] GC(61) - age   6:       3800 bytes,    1644696 total
[2022-04-28T09:19:49.140+0000][8][gc,age      ] GC(61) - age   7:     116200 bytes,    1760896 total
[2022-04-28T09:19:49.141+0000][8][gc,age      ] GC(61) - age   8:       2048 bytes,    1762944 total
[2022-04-28T09:19:49.142+0000][8][gc,age      ] GC(61) - age   9:       4168 bytes,    1767112 total
[2022-04-28T09:19:49.143+0000][8][gc,age      ] GC(61) - age  10:       3528 bytes,    1770640 total
[2022-04-28T09:19:49.144+0000][8][gc,age      ] GC(61) - age  11:       2352 bytes,    1772992 total
[2022-04-28T09:19:49.145+0000][8][gc,age      ] GC(61) - age  12:      18272 bytes,    1791264 total
[2022-04-28T09:19:49.146+0000][8][gc,age      ] GC(61) - age  13:      30880 bytes,    1822144 total
[2022-04-28T09:19:49.146+0000][8][gc,age      ] GC(61) - age  14:      58448 bytes,    1880592 total
[2022-04-28T09:19:49.147+0000][8][gc,age      ] GC(61) - age  15:       2144 bytes,    1882736 total
[2022-04-28T09:19:49.148+0000][8][gc,phases   ] GC(61)   Pre Evacuate Collection Set: 0.1ms
[2022-04-28T09:19:49.149+0000][8][gc,phases   ] GC(61)   Merge Heap Roots: 0.1ms
[2022-04-28T09:19:49.150+0000][8][gc,phases   ] GC(61)   Evacuate Collection Set: 1.2ms
[2022-04-28T09:19:49.150+0000][8][gc,phases   ] GC(61)   Post Evacuate Collection Set: 0.9ms
[2022-04-28T09:19:49.151+0000][8][gc,phases   ] GC(61)   Other: 17.3ms
[2022-04-28T09:19:49.151+0000][8][gc,heap     ] GC(61) Eden regions: 71->0(70)
[2022-04-28T09:19:49.152+0000][8][gc,heap     ] GC(61) Survivor regions: 1->1(9)
[2022-04-28T09:19:49.153+0000][8][gc,heap     ] GC(61) Old regions: 27->27
[2022-04-28T09:19:49.155+0000][8][gc,heap     ] GC(61) Archive regions: 2->2
[2022-04-28T09:19:49.156+0000][8][gc,heap     ] GC(61) Humongous regions: 6->6
[2022-04-28T09:19:49.156+0000][8][gc,metaspace] GC(61) Metaspace: 116555K(118400K)->116555K(118400K) NonClass: 101078K(102144K)->101078K(102144K) Class: 15477K(16256K)->15477K(16256K)
[2022-04-28T09:19:49.157+0000][8][gc          ] GC(61) Pause Young (Normal) (G1 Evacuation Pause) 417M->133M(512M) 28.425ms
[2022-04-28T09:19:49.158+0000][8][gc,cpu      ] GC(61) User=0.01s Sys=0.01s Real=0.03s
[2022-04-28T09:19:49.158+0000][8][safepoint   ] Safepoint "G1CollectForAllocation", Time since last: 17472902216 ns, Reaching safepoint: 53125 ns, At safepoint: 29499625 ns, Total: 29552750 ns
[2022-04-28T09:19:52.164+0000][8][safepoint   ] Safepoint "Cleanup", Time since last: 3006087460 ns, Reaching safepoint: 66583 ns, At safepoint: 4792 ns, Total: 71375 ns
[2022-04-28T09:19:53.167+0000][8][safepoint   ] Safepoint "Cleanup", Time since last: 1002638334 ns, Reaching safepoint: 204000 ns, At safepoint: 7250 ns, Total: 211250 ns
[2022-04-28T09:20:28.258+0000][8][safepoint   ] Safepoint "Cleanup", Time since last: 35087860349 ns, Reaching safepoint: 172791 ns, At safepoint: 4125 ns, Total: 176916 ns
[2022-04-28T09:20:29.264+0000][8][safepoint   ] Safepoint "Cleanup", Time since last: 1006183959 ns, Reaching safepoint: 296042 ns, At safepoint: 14000 ns, Total: 310042 ns
[2022-04-28T09:20:37.291+0000][8][safepoint   ] Safepoint "Cleanup", Time since last: 8020072295 ns, Reaching safepoint: 238250 ns, At safepoint: 10125 ns, Total: 248375 ns
[2022-04-28T09:20:38.298+0000][8][safepoint   ] Safepoint "Cleanup", Time since last: 1004359209 ns, Reaching safepoint: 3392333 ns, At safepoint: 21500 ns, Total: 3413833 ns
[2022-04-28T09:20:43.319+0000][8][safepoint   ] Safepoint "Cleanup", Time since last: 5020557794 ns, Reaching safepoint: 49959 ns, At safepoint: 1916 ns, Total: 51875 ns
[2022-04-28T09:20:53.098+0000][8][safepoint   ] Safepoint "Cleanup", Time since last: 9778449547 ns, Reaching safepoint: 420041 ns, At safepoint: 12334 ns, Total: 432375 ns
[2022-04-28T09:20:56.117+0000][8][safepoint   ] Safepoint "Cleanup", Time since last: 3018200168 ns, Reaching safepoint: 360125 ns, At safepoint: 6833 ns, Total: 366958 ns
[2022-04-28T09:21:01.340+0000][8][gc,start    ] GC(62) Pause Young (Normal) (G1 Evacuation Pause)
[2022-04-28T09:21:01.341+0000][8][gc,task     ] GC(62) Using 5 workers of 5 for evacuation
[2022-04-28T09:21:01.342+0000][8][gc,age      ] GC(62) Desired survivor size 18874368 bytes, new threshold 15 (max threshold 15)
[2022-04-28T09:21:01.345+0000][8][gc,age      ] GC(62) Age table with threshold 15 (max threshold 15)
[2022-04-28T09:21:01.346+0000][8][gc,age      ] GC(62) - age   1:    1639872 bytes,    1639872 total
[2022-04-28T09:21:01.346+0000][8][gc,age      ] GC(62) - age   2:      12048 bytes,    1651920 total
[2022-04-28T09:21:01.347+0000][8][gc,age      ] GC(62) - age   3:       4440 bytes,    1656360 total
[2022-04-28T09:21:01.349+0000][8][gc,age      ] GC(62) - age   4:       4136 bytes,    1660496 total
[2022-04-28T09:21:01.350+0000][8][gc,age      ] GC(62) - age   5:       3472 bytes,    1663968 total
[2022-04-28T09:21:01.351+0000][8][gc,age      ] GC(62) - age   6:       8216 bytes,    1672184 total
[2022-04-28T09:21:01.352+0000][8][gc,age      ] GC(62) - age   7:       3800 bytes,    1675984 total
[2022-04-28T09:21:01.353+0000][8][gc,age      ] GC(62) - age   8:     116064 bytes,    1792048 total
[2022-04-28T09:21:01.354+0000][8][gc,age      ] GC(62) - age   9:       2048 bytes,    1794096 total
[2022-04-28T09:21:01.354+0000][8][gc,age      ] GC(62) - age  10:       4168 bytes,    1798264 total
[2022-04-28T09:21:01.355+0000][8][gc,age      ] GC(62) - age  11:       3528 bytes,    1801792 total
[2022-04-28T09:21:01.355+0000][8][gc,age      ] GC(62) - age  12:       2352 bytes,    1804144 total
[2022-04-28T09:21:01.356+0000][8][gc,age      ] GC(62) - age  13:      17880 bytes,    1822024 total
[2022-04-28T09:21:01.357+0000][8][gc,age      ] GC(62) - age  14:      30880 bytes,    1852904 total
[2022-04-28T09:21:01.358+0000][8][gc,age      ] GC(62) - age  15:      58448 bytes,    1911352 total
[2022-04-28T09:21:01.359+0000][8][gc,phases   ] GC(62)   Pre Evacuate Collection Set: 0.1ms
[2022-04-28T09:21:01.360+0000][8][gc,phases   ] GC(62)   Merge Heap Roots: 0.1ms
[2022-04-28T09:21:01.360+0000][8][gc,phases   ] GC(62)   Evacuate Collection Set: 1.3ms
[2022-04-28T09:21:01.361+0000][8][gc,phases   ] GC(62)   Post Evacuate Collection Set: 0.9ms
[2022-04-28T09:21:01.361+0000][8][gc,phases   ] GC(62)   Other: 16.7ms
[2022-04-28T09:21:01.362+0000][8][gc,heap     ] GC(62) Eden regions: 70->0(70)
[2022-04-28T09:21:01.362+0000][8][gc,heap     ] GC(62) Survivor regions: 1->1(9)
[2022-04-28T09:21:01.363+0000][8][gc,heap     ] GC(62) Old regions: 27->27
[2022-04-28T09:21:01.363+0000][8][gc,heap     ] GC(62) Archive regions: 2->2
[2022-04-28T09:21:01.364+0000][8][gc,heap     ] GC(62) Humongous regions: 6->6
[2022-04-28T09:21:01.365+0000][8][gc,metaspace] GC(62) Metaspace: 116563K(118400K)->116563K(118400K) NonClass: 101085K(102144K)->101085K(102144K) Class: 15477K(16256K)->15477K(16256K)
[2022-04-28T09:21:01.365+0000][8][gc          ] GC(62) Pause Young (Normal) (G1 Evacuation Pause) 413M->133M(512M) 25.192ms
[2022-04-28T09:21:01.367+0000][8][gc,cpu      ] GC(62) User=0.00s Sys=0.01s Real=0.03s
[2022-04-28T09:21:01.368+0000][8][safepoint   ] Safepoint "G1CollectForAllocation", Time since last: 5223455378 ns, Reaching safepoint: 102291 ns, At safepoint: 27641167 ns, Total: 27743458 ns
[2022-04-28T09:21:07.384+0000][8][safepoint   ] Safepoint "Cleanup", Time since last: 6021413710 ns, Reaching safepoint: 270708 ns, At safepoint: 8250 ns, Total: 278958 ns
[2022-04-28T09:21:31.441+0000][8][safepoint   ] Safepoint "Cleanup", Time since last: 24054813637 ns, Reaching safepoint: 2165833 ns, At safepoint: 16334 ns, Total: 2182167 ns
[2022-04-28T09:21:33.459+0000][8][safepoint   ] Safepoint "Cleanup", Time since last: 2018393042 ns, Reaching safepoint: 256000 ns, At safepoint: 11917 ns, Total: 267917 ns
[2022-04-28T09:21:38.476+0000][8][safepoint   ] Safepoint "Cleanup", Time since last: 5015502335 ns, Reaching safepoint: 706500 ns, At safepoint: 7834 ns, Total: 714334 ns
[2022-04-28T09:21:50.501+0000][8][safepoint   ] Safepoint "Cleanup", Time since last: 12024666089 ns, Reaching safepoint: 498958 ns, At safepoint: 7875 ns, Total: 506833 ns
[2022-04-28T09:21:56.519+0000][8][safepoint   ] Safepoint "Cleanup", Time since last: 6018091461 ns, Reaching safepoint: 108250 ns, At safepoint: 4167 ns, Total: 112417 ns
[2022-04-28T09:22:19.109+0000][8][gc,start    ] GC(63) Pause Young (Normal) (G1 Evacuation Pause)
[2022-04-28T09:22:19.110+0000][8][gc,task     ] GC(63) Using 5 workers of 5 for evacuation
[2022-04-28T09:22:19.111+0000][8][gc,age      ] GC(63) Desired survivor size 18874368 bytes, new threshold 15 (max threshold 15)
[2022-04-28T09:22:19.114+0000][8][gc,age      ] GC(63) Age table with threshold 15 (max threshold 15)
[2022-04-28T09:22:19.115+0000][8][gc,age      ] GC(63) - age   1:    2002048 bytes,    2002048 total
[2022-04-28T09:22:19.115+0000][8][gc,age      ] GC(63) - age   2:       6728 bytes,    2008776 total
[2022-04-28T09:22:19.116+0000][8][gc,age      ] GC(63) - age   3:       9768 bytes,    2018544 total
[2022-04-28T09:22:19.117+0000][8][gc,age      ] GC(63) - age   4:       4128 bytes,    2022672 total
[2022-04-28T09:22:19.117+0000][8][gc,age      ] GC(63) - age   5:       3760 bytes,    2026432 total
[2022-04-28T09:22:19.118+0000][8][gc,age      ] GC(63) - age   6:       3472 bytes,    2029904 total
[2022-04-28T09:22:19.119+0000][8][gc,age      ] GC(63) - age   7:       8216 bytes,    2038120 total
[2022-04-28T09:22:19.119+0000][8][gc,age      ] GC(63) - age   8:       3800 bytes,    2041920 total
[2022-04-28T09:22:19.120+0000][8][gc,age      ] GC(63) - age   9:     116064 bytes,    2157984 total
[2022-04-28T09:22:19.120+0000][8][gc,age      ] GC(63) - age  10:       2048 bytes,    2160032 total
[2022-04-28T09:22:19.121+0000][8][gc,age      ] GC(63) - age  11:       4168 bytes,    2164200 total
[2022-04-28T09:22:19.122+0000][8][gc,age      ] GC(63) - age  12:       3528 bytes,    2167728 total
[2022-04-28T09:22:19.123+0000][8][gc,age      ] GC(63) - age  13:       2352 bytes,    2170080 total
[2022-04-28T09:22:19.123+0000][8][gc,age      ] GC(63) - age  14:      17880 bytes,    2187960 total
[2022-04-28T09:22:19.124+0000][8][gc,age      ] GC(63) - age  15:      30880 bytes,    2218840 total
[2022-04-28T09:22:19.125+0000][8][gc,phases   ] GC(63)   Pre Evacuate Collection Set: 0.2ms
[2022-04-28T09:22:19.125+0000][8][gc,phases   ] GC(63)   Merge Heap Roots: 0.1ms
[2022-04-28T09:22:19.126+0000][8][gc,phases   ] GC(63)   Evacuate Collection Set: 1.2ms
[2022-04-28T09:22:19.126+0000][8][gc,phases   ] GC(63)   Post Evacuate Collection Set: 0.7ms
[2022-04-28T09:22:19.127+0000][8][gc,phases   ] GC(63)   Other: 13.2ms
[2022-04-28T09:22:19.128+0000][8][gc,heap     ] GC(63) Eden regions: 70->0(70)
[2022-04-28T09:22:19.129+0000][8][gc,heap     ] GC(63) Survivor regions: 1->1(9)
[2022-04-28T09:22:19.130+0000][8][gc,heap     ] GC(63) Old regions: 27->27
[2022-04-28T09:22:19.130+0000][8][gc,heap     ] GC(63) Archive regions: 2->2
[2022-04-28T09:22:19.131+0000][8][gc,heap     ] GC(63) Humongous regions: 6->6
[2022-04-28T09:22:19.131+0000][8][gc,metaspace] GC(63) Metaspace: 116579K(118400K)->116579K(118400K) NonClass: 101102K(102144K)->101102K(102144K) Class: 15477K(16256K)->15477K(16256K)
[2022-04-28T09:22:19.132+0000][8][gc          ] GC(63) Pause Young (Normal) (G1 Evacuation Pause) 413M->134M(512M) 22.496ms
[2022-04-28T09:22:19.132+0000][8][gc,cpu      ] GC(63) User=0.01s Sys=0.00s Real=0.03s
[2022-04-28T09:22:19.133+0000][8][safepoint   ] Safepoint "G1CollectForAllocation", Time since last: 22589416177 ns, Reaching safepoint: 37250 ns, At safepoint: 23616958 ns, Total: 23654208 ns
[2022-04-28T09:22:38.162+0000][8][safepoint   ] Safepoint "Cleanup", Time since last: 19027207050 ns, Reaching safepoint: 505375 ns, At safepoint: 9875 ns, Total: 515250 ns
[2022-04-28T09:22:44.189+0000][8][safepoint   ] Safepoint "Cleanup", Time since last: 6027005253 ns, Reaching safepoint: 99375 ns, At safepoint: 3583 ns, Total: 102958 ns
[2022-04-28T09:22:49.198+0000][8][safepoint   ] Safepoint "Cleanup", Time since last: 5009202586 ns, Reaching safepoint: 167750 ns, At safepoint: 9125 ns, Total: 176875 ns
[2022-04-28T09:23:09.253+0000][8][safepoint   ] Safepoint "Cleanup", Time since last: 20055072884 ns, Reaching safepoint: 511583 ns, At safepoint: 9458 ns, Total: 521041 ns
[2022-04-28T09:23:13.262+0000][8][safepoint   ] Safepoint "Cleanup", Time since last: 4009007586 ns, Reaching safepoint: 63541 ns, At safepoint: 2000 ns, Total: 65541 ns
[2022-04-28T09:23:31.300+0000][8][safepoint   ] Safepoint "Cleanup", Time since last: 18037648592 ns, Reaching safepoint: 106750 ns, At safepoint: 33334 ns, Total: 140084 ns
[2022-04-28T09:23:36.842+0000][8][gc,start    ] GC(64) Pause Young (Normal) (G1 Evacuation Pause)
[2022-04-28T09:23:36.843+0000][8][gc,task     ] GC(64) Using 5 workers of 5 for evacuation
[2022-04-28T09:23:36.844+0000][8][gc,age      ] GC(64) Desired survivor size 18874368 bytes, new threshold 15 (max threshold 15)
[2022-04-28T09:23:36.847+0000][8][gc,age      ] GC(64) Age table with threshold 15 (max threshold 15)
[2022-04-28T09:23:36.848+0000][8][gc,age      ] GC(64) - age   1:     570024 bytes,     570024 total
[2022-04-28T09:23:36.849+0000][8][gc,age      ] GC(64) - age   2:       7904 bytes,     577928 total
[2022-04-28T09:23:36.850+0000][8][gc,age      ] GC(64) - age   3:       4400 bytes,     582328 total
[2022-04-28T09:23:36.851+0000][8][gc,age      ] GC(64) - age   4:       8464 bytes,     590792 total
[2022-04-28T09:23:36.852+0000][8][gc,age      ] GC(64) - age   5:       3872 bytes,     594664 total
[2022-04-28T09:23:36.853+0000][8][gc,age      ] GC(64) - age   6:       3760 bytes,     598424 total
[2022-04-28T09:23:36.854+0000][8][gc,age      ] GC(64) - age   7:       3472 bytes,     601896 total
[2022-04-28T09:23:36.854+0000][8][gc,age      ] GC(64) - age   8:       8216 bytes,     610112 total
[2022-04-28T09:23:36.855+0000][8][gc,age      ] GC(64) - age   9:       3800 bytes,     613912 total
[2022-04-28T09:23:36.856+0000][8][gc,age      ] GC(64) - age  10:     116064 bytes,     729976 total
[2022-04-28T09:23:36.856+0000][8][gc,age      ] GC(64) - age  11:       2048 bytes,     732024 total
[2022-04-28T09:23:36.857+0000][8][gc,age      ] GC(64) - age  12:       4168 bytes,     736192 total
[2022-04-28T09:23:36.857+0000][8][gc,age      ] GC(64) - age  13:       3528 bytes,     739720 total
[2022-04-28T09:23:36.858+0000][8][gc,age      ] GC(64) - age  14:       2352 bytes,     742072 total
[2022-04-28T09:23:36.859+0000][8][gc,age      ] GC(64) - age  15:      17880 bytes,     759952 total
[2022-04-28T09:23:36.860+0000][8][gc,phases   ] GC(64)   Pre Evacuate Collection Set: 0.1ms
[2022-04-28T09:23:36.860+0000][8][gc,phases   ] GC(64)   Merge Heap Roots: 0.1ms
[2022-04-28T09:23:36.861+0000][8][gc,phases   ] GC(64)   Evacuate Collection Set: 1.4ms
[2022-04-28T09:23:36.862+0000][8][gc,phases   ] GC(64)   Post Evacuate Collection Set: 0.7ms
[2022-04-28T09:23:36.863+0000][8][gc,phases   ] GC(64)   Other: 15.7ms
[2022-04-28T09:23:36.863+0000][8][gc,heap     ] GC(64) Eden regions: 70->0(70)
[2022-04-28T09:23:36.864+0000][8][gc,heap     ] GC(64) Survivor regions: 1->1(9)
[2022-04-28T09:23:36.864+0000][8][gc,heap     ] GC(64) Old regions: 27->27
[2022-04-28T09:23:36.865+0000][8][gc,heap     ] GC(64) Archive regions: 2->2
[2022-04-28T09:23:36.865+0000][8][gc,heap     ] GC(64) Humongous regions: 6->6
[2022-04-28T09:23:36.866+0000][8][gc,metaspace] GC(64) Metaspace: 116591K(118400K)->116591K(118400K) NonClass: 101113K(102144K)->101113K(102144K) Class: 15477K(16256K)->15477K(16256K)
[2022-04-28T09:23:36.867+0000][8][gc          ] GC(64) Pause Young (Normal) (G1 Evacuation Pause) 414M->133M(512M) 24.956ms
[2022-04-28T09:23:36.868+0000][8][gc,cpu      ] GC(64) User=0.00s Sys=0.01s Real=0.03s
[2022-04-28T09:23:36.868+0000][8][safepoint   ] Safepoint "G1CollectForAllocation", Time since last: 5538123335 ns, Reaching safepoint: 355917 ns, At safepoint: 26290583 ns, Total: 26646500 ns
[2022-04-28T09:23:37.870+0000][8][safepoint   ] Safepoint "Cleanup", Time since last: 1001478001 ns, Reaching safepoint: 313666 ns, At safepoint: 8125 ns, Total: 321791 ns
[2022-04-28T09:23:43.885+0000][8][safepoint   ] Safepoint "Cleanup", Time since last: 6014782545 ns, Reaching safepoint: 177042 ns, At safepoint: 5375 ns, Total: 182417 ns
[2022-04-28T09:24:10.931+0000][8][safepoint   ] Safepoint "Cleanup", Time since last: 27050206179 ns, Reaching safepoint: 293958 ns, At safepoint: 13292 ns, Total: 307250 ns
[2022-04-28T09:24:13.933+0000][8][safepoint   ] Safepoint "Cleanup", Time since last: 3001959460 ns, Reaching safepoint: 115416 ns, At safepoint: 7125 ns, Total: 122541 ns
[2022-04-28T09:24:39.683+0000][8][gc,start    ] GC(65) Pause Young (Normal) (G1 Evacuation Pause)
[2022-04-28T09:24:39.684+0000][8][gc,task     ] GC(65) Using 5 workers of 5 for evacuation
[2022-04-28T09:24:39.685+0000][8][gc,age      ] GC(65) Desired survivor size 18874368 bytes, new threshold 15 (max threshold 15)
[2022-04-28T09:24:39.688+0000][8][gc,age      ] GC(65) Age table with threshold 15 (max threshold 15)
[2022-04-28T09:24:39.689+0000][8][gc,age      ] GC(65) - age   1:     281840 bytes,     281840 total
[2022-04-28T09:24:39.689+0000][8][gc,age      ] GC(65) - age   2:       3856 bytes,     285696 total
[2022-04-28T09:24:39.690+0000][8][gc,age      ] GC(65) - age   3:       5008 bytes,     290704 total
[2022-04-28T09:24:39.690+0000][8][gc,age      ] GC(65) - age   4:       3592 bytes,     294296 total
[2022-04-28T09:24:39.691+0000][8][gc,age      ] GC(65) - age   5:       8288 bytes,     302584 total
[2022-04-28T09:24:39.692+0000][8][gc,age      ] GC(65) - age   6:       3672 bytes,     306256 total
[2022-04-28T09:24:39.692+0000][8][gc,age      ] GC(65) - age   7:       3568 bytes,     309824 total
[2022-04-28T09:24:39.693+0000][8][gc,age      ] GC(65) - age   8:       1680 bytes,     311504 total
[2022-04-28T09:24:39.693+0000][8][gc,age      ] GC(65) - age   9:       8024 bytes,     319528 total
[2022-04-28T09:24:39.694+0000][8][gc,age      ] GC(65) - age  10:       3800 bytes,     323328 total
[2022-04-28T09:24:39.694+0000][8][gc,age      ] GC(65) - age  11:     102072 bytes,     425400 total
[2022-04-28T09:24:39.695+0000][8][gc,age      ] GC(65) - age  12:       2048 bytes,     427448 total
[2022-04-28T09:24:39.696+0000][8][gc,age      ] GC(65) - age  13:       4080 bytes,     431528 total
[2022-04-28T09:24:39.696+0000][8][gc,age      ] GC(65) - age  14:       3528 bytes,     435056 total
[2022-04-28T09:24:39.697+0000][8][gc,age      ] GC(65) - age  15:       2352 bytes,     437408 total
[2022-04-28T09:24:39.698+0000][8][gc,phases   ] GC(65)   Pre Evacuate Collection Set: 0.1ms
[2022-04-28T09:24:39.698+0000][8][gc,phases   ] GC(65)   Merge Heap Roots: 0.1ms
[2022-04-28T09:24:39.699+0000][8][gc,phases   ] GC(65)   Evacuate Collection Set: 1.7ms
[2022-04-28T09:24:39.701+0000][8][gc,phases   ] GC(65)   Post Evacuate Collection Set: 0.6ms
[2022-04-28T09:24:39.702+0000][8][gc,phases   ] GC(65)   Other: 12.9ms
[2022-04-28T09:24:39.703+0000][8][gc,heap     ] GC(65) Eden regions: 70->0(71)
[2022-04-28T09:24:39.703+0000][8][gc,heap     ] GC(65) Survivor regions: 1->1(9)
[2022-04-28T09:24:39.704+0000][8][gc,heap     ] GC(65) Old regions: 27->27
[2022-04-28T09:24:39.705+0000][8][gc,heap     ] GC(65) Archive regions: 2->2
[2022-04-28T09:24:39.706+0000][8][gc,heap     ] GC(65) Humongous regions: 6->6
[2022-04-28T09:24:39.707+0000][8][gc,metaspace] GC(65) Metaspace: 116749K(118592K)->116749K(118592K) NonClass: 101243K(102272K)->101243K(102272K) Class: 15506K(16320K)->15506K(16320K)
[2022-04-28T09:24:39.707+0000][8][gc          ] GC(65) Pause Young (Normal) (G1 Evacuation Pause) 413M->132M(512M) 24.839ms
[2022-04-28T09:24:39.709+0000][8][gc,cpu      ] GC(65) User=0.01s Sys=0.01s Real=0.03s
[2022-04-28T09:24:39.710+0000][8][safepoint   ] Safepoint "G1CollectForAllocation", Time since last: 25745157012 ns, Reaching safepoint: 939208 ns, At safepoint: 26968375 ns, Total: 27907583 ns
[2022-04-28T09:24:39.713+0000][8][gc,heap,exit] Heap
[2022-04-28T09:24:39.714+0000][8][gc,heap,exit]  garbage-first heap   total 524288K, used 137043K [0x00000000e0000000, 0x0000000100000000)
[2022-04-28T09:24:39.715+0000][8][gc,heap,exit]   region size 4096K, 2 young (8192K), 1 survivors (4096K)
[2022-04-28T09:24:39.716+0000][8][gc,heap,exit]  Metaspace       used 116753K, committed 118592K, reserved 1155072K
[2022-04-28T09:24:39.717+0000][8][gc,heap,exit]   class space    used 15506K, committed 16320K, reserved 1048576K
