[2022-05-11T06:14:43.339+0000][330][gc] Using G1
[2022-05-11T06:14:43.344+0000][330][gc,init] Version: 17.0.2+8 (release)
[2022-05-11T06:14:43.344+0000][330][gc,init] CPUs: 12 total, 12 available
[2022-05-11T06:14:43.344+0000][330][gc,init] Memory: 25532M
[2022-05-11T06:14:43.345+0000][330][gc,init] Large Page Support: Disabled
[2022-05-11T06:14:43.345+0000][330][gc,init] NUMA Support: Disabled
[2022-05-11T06:14:43.345+0000][330][gc,init] Compressed Oops: Enabled (32-bit)
[2022-05-11T06:14:43.346+0000][330][gc,init] Heap Region Size: 1M
[2022-05-11T06:14:43.346+0000][330][gc,init] Heap Min Capacity: 512M
[2022-05-11T06:14:43.346+0000][330][gc,init] Heap Initial Capacity: 512M
[2022-05-11T06:14:43.348+0000][330][gc,init] Heap Max Capacity: 512M
[2022-05-11T06:14:43.348+0000][330][gc,init] Pre-touch: Disabled
[2022-05-11T06:14:43.348+0000][330][gc,init] Parallel Workers: 10
[2022-05-11T06:14:43.349+0000][330][gc,init] Concurrent Workers: 3
[2022-05-11T06:14:43.349+0000][330][gc,init] Concurrent Refinement Workers: 10
[2022-05-11T06:14:43.349+0000][330][gc,init] Periodic GC: Disabled
[2022-05-11T06:14:43.350+0000][330][gc,metaspace] CDS archive(s) not mapped
[2022-05-11T06:14:43.350+0000][330][gc,metaspace] Compressed class space mapped at: 0x0000000100000000-0x0000000140000000, reserved size: 1073741824
[2022-05-11T06:14:43.350+0000][330][gc,metaspace] Narrow klass base: 0x0000000000000000, Narrow klass shift: 3, Narrow klass range: 0x140000000
[2022-05-11T06:14:43.433+0000][330][gc,heap,exit] Heap
[2022-05-11T06:14:43.433+0000][330][gc,heap,exit]  garbage-first heap   total 524288K, used 2048K [0x00000000e0000000, 0x0000000100000000)
[2022-05-11T06:14:43.434+0000][330][gc,heap,exit]   region size 1024K, 2 young (2048K), 0 survivors (0K)
[2022-05-11T06:14:43.434+0000][330][gc,heap,exit]  Metaspace       used 3482K, committed 3584K, reserved 1056768K
[2022-05-11T06:14:43.434+0000][330][gc,heap,exit]   class space    used 278K, committed 320K, reserved 1048576K
