[2022-04-29T06:04:09.548+0000][160][gc] Using G1
[2022-04-29T06:04:09.587+0000][160][gc,init] Version: 17.0.2+8 (release)
[2022-04-29T06:04:09.588+0000][160][gc,init] CPUs: 5 total, 5 available
[2022-04-29T06:04:09.589+0000][160][gc,init] Memory: 7851M
[2022-04-29T06:04:09.590+0000][160][gc,init] Large Page Support: Disabled
[2022-04-29T06:04:09.591+0000][160][gc,init] NUMA Support: Disabled
[2022-04-29T06:04:09.592+0000][160][gc,init] Compressed Oops: Enabled (32-bit)
[2022-04-29T06:04:09.593+0000][160][gc,init] Heap Region Size: 4M
[2022-04-29T06:04:09.594+0000][160][gc,init] Heap Min Capacity: 512M
[2022-04-29T06:04:09.594+0000][160][gc,init] Heap Initial Capacity: 512M
[2022-04-29T06:04:09.595+0000][160][gc,init] Heap Max Capacity: 512M
[2022-04-29T06:04:09.596+0000][160][gc,init] Pre-touch: Enabled
[2022-04-29T06:04:09.596+0000][160][gc,init] Parallel Workers: 5
[2022-04-29T06:04:09.597+0000][160][gc,init] Concurrent Workers: 1
[2022-04-29T06:04:09.597+0000][160][gc,init] Concurrent Refinement Workers: 5
[2022-04-29T06:04:09.598+0000][160][gc,init] Periodic GC: Disabled
[2022-04-29T06:04:09.599+0000][160][gc,metaspace] CDS archive(s) mapped at: [0x0000000800000000-0x0000000800bd2000-0x0000000800bd2000), size 12394496, SharedBaseAddress: 0x0000000800000000, ArchiveRelocationMode: 0.
[2022-04-29T06:04:09.599+0000][160][gc,metaspace] Compressed class space mapped at: 0x0000000800c00000-0x0000000840c00000, reserved size: 1073741824
[2022-04-29T06:04:09.600+0000][160][gc,metaspace] Narrow klass base: 0x0000000800000000, Narrow klass shift: 0, Narrow klass range: 0x100000000
[2022-04-29T06:04:09.716+0000][160][safepoint   ] Safepoint "ICBufferFull", Time since last: 113048083 ns, Reaching safepoint: 130125 ns, At safepoint: 9459 ns, Total: 139584 ns
[2022-04-29T06:04:09.765+0000][160][safepoint   ] Safepoint "ICBufferFull", Time since last: 48443875 ns, Reaching safepoint: 91208 ns, At safepoint: 3042 ns, Total: 94250 ns
[2022-04-29T06:04:09.835+0000][160][safepoint   ] Safepoint "ICBufferFull", Time since last: 70189958 ns, Reaching safepoint: 93542 ns, At safepoint: 12375 ns, Total: 105917 ns
[2022-04-29T06:04:09.905+0000][160][gc,start    ] GC(0) Pause Young (Normal) (G1 Evacuation Pause)
[2022-04-29T06:04:09.906+0000][160][gc,task     ] GC(0) Using 5 workers of 5 for evacuation
[2022-04-29T06:04:09.907+0000][160][gc,age      ] GC(0) Desired survivor size 2097152 bytes, new threshold 15 (max threshold 15)
[2022-04-29T06:04:09.911+0000][160][gc,age      ] GC(0) Age table with threshold 15 (max threshold 15)
[2022-04-29T06:04:09.912+0000][160][gc,age      ] GC(0) - age   1:    4186488 bytes,    4186488 total
[2022-04-29T06:04:09.913+0000][160][gc,phases   ] GC(0)   Pre Evacuate Collection Set: 0.2ms
[2022-04-29T06:04:09.914+0000][160][gc,phases   ] GC(0)   Merge Heap Roots: 0.1ms
[2022-04-29T06:04:09.914+0000][160][gc,phases   ] GC(0)   Evacuate Collection Set: 2.0ms
[2022-04-29T06:04:09.915+0000][160][gc,phases   ] GC(0)   Post Evacuate Collection Set: 0.5ms
[2022-04-29T06:04:09.916+0000][160][gc,phases   ] GC(0)   Other: 4.7ms
[2022-04-29T06:04:09.916+0000][160][gc,heap     ] GC(0) Eden regions: 6->0(5)
[2022-04-29T06:04:09.917+0000][160][gc,heap     ] GC(0) Survivor regions: 0->1(1)
[2022-04-29T06:04:09.917+0000][160][gc,heap     ] GC(0) Old regions: 0->1
[2022-04-29T06:04:09.919+0000][160][gc,heap     ] GC(0) Archive regions: 2->2
[2022-04-29T06:04:09.920+0000][160][gc,heap     ] GC(0) Humongous regions: 0->0
[2022-04-29T06:04:09.921+0000][160][gc,metaspace] GC(0) Metaspace: 8983K(9152K)->8983K(9152K) NonClass: 7914K(8000K)->7914K(8000K) Class: 1069K(1152K)->1069K(1152K)
[2022-04-29T06:04:09.922+0000][160][gc          ] GC(0) Pause Young (Normal) (G1 Evacuation Pause) 27M->8M(512M) 16.197ms
[2022-04-29T06:04:09.922+0000][160][gc,cpu      ] GC(0) User=0.00s Sys=0.00s Real=0.02s
[2022-04-29T06:04:09.923+0000][160][safepoint   ] Safepoint "G1CollectForAllocation", Time since last: 69879458 ns, Reaching safepoint: 113709 ns, At safepoint: 17410958 ns, Total: 17524667 ns
[2022-04-29T06:04:10.027+0000][160][safepoint   ] Safepoint "ICBufferFull", Time since last: 103842083 ns, Reaching safepoint: 173917 ns, At safepoint: 19500 ns, Total: 193417 ns
[2022-04-29T06:04:10.168+0000][160][gc,start    ] GC(1) Pause Young (Normal) (G1 Evacuation Pause)
[2022-04-29T06:04:10.169+0000][160][gc,task     ] GC(1) Using 5 workers of 5 for evacuation
[2022-04-29T06:04:10.170+0000][160][gc,age      ] GC(1) Desired survivor size 2097152 bytes, new threshold 1 (max threshold 15)
[2022-04-29T06:04:10.174+0000][160][gc,age      ] GC(1) Age table with threshold 1 (max threshold 15)
[2022-04-29T06:04:10.175+0000][160][gc,age      ] GC(1) - age   1:    1963096 bytes,    1963096 total
[2022-04-29T06:04:10.176+0000][160][gc,phases   ] GC(1)   Pre Evacuate Collection Set: 0.0ms
[2022-04-29T06:04:10.177+0000][160][gc,phases   ] GC(1)   Merge Heap Roots: 0.0ms
[2022-04-29T06:04:10.178+0000][160][gc,phases   ] GC(1)   Evacuate Collection Set: 2.7ms
[2022-04-29T06:04:10.178+0000][160][gc,phases   ] GC(1)   Post Evacuate Collection Set: 0.5ms
[2022-04-29T06:04:10.179+0000][160][gc,phases   ] GC(1)   Other: 4.5ms
[2022-04-29T06:04:10.179+0000][160][gc,heap     ] GC(1) Eden regions: 5->0(7)
[2022-04-29T06:04:10.180+0000][160][gc,heap     ] GC(1) Survivor regions: 1->1(1)
[2022-04-29T06:04:10.181+0000][160][gc,heap     ] GC(1) Old regions: 1->2
[2022-04-29T06:04:10.181+0000][160][gc,heap     ] GC(1) Archive regions: 2->2
[2022-04-29T06:04:10.182+0000][160][gc,heap     ] GC(1) Humongous regions: 0->0
[2022-04-29T06:04:10.183+0000][160][gc,metaspace] GC(1) Metaspace: 12461K(12736K)->12461K(12736K) NonClass: 10937K(11072K)->10937K(11072K) Class: 1523K(1664K)->1523K(1664K)
[2022-04-29T06:04:10.183+0000][160][gc          ] GC(1) Pause Young (Normal) (G1 Evacuation Pause) 28M->10M(512M) 15.293ms
[2022-04-29T06:04:10.184+0000][160][gc,cpu      ] GC(1) User=0.01s Sys=0.01s Real=0.01s
[2022-04-29T06:04:10.185+0000][160][safepoint   ] Safepoint "G1CollectForAllocation", Time since last: 141308333 ns, Reaching safepoint: 101084 ns, At safepoint: 16600125 ns, Total: 16701209 ns
[2022-04-29T06:04:10.282+0000][160][safepoint   ] Safepoint "ICBufferFull", Time since last: 96802250 ns, Reaching safepoint: 159416 ns, At safepoint: 3334 ns, Total: 162750 ns
[2022-04-29T06:04:10.345+0000][160][gc,start    ] GC(2) Pause Young (Normal) (G1 Evacuation Pause)
[2022-04-29T06:04:10.346+0000][160][gc,task     ] GC(2) Using 5 workers of 5 for evacuation
[2022-04-29T06:04:10.347+0000][160][gc,age      ] GC(2) Desired survivor size 2097152 bytes, new threshold 15 (max threshold 15)
[2022-04-29T06:04:10.351+0000][160][gc,age      ] GC(2) Age table with threshold 15 (max threshold 15)
[2022-04-29T06:04:10.352+0000][160][gc,age      ] GC(2) - age   1:     944168 bytes,     944168 total
[2022-04-29T06:04:10.353+0000][160][gc,age      ] GC(2) - age   2:    1945712 bytes,    2889880 total
[2022-04-29T06:04:10.354+0000][160][gc,phases   ] GC(2)   Pre Evacuate Collection Set: 0.0ms
[2022-04-29T06:04:10.355+0000][160][gc,phases   ] GC(2)   Merge Heap Roots: 0.1ms
[2022-04-29T06:04:10.355+0000][160][gc,phases   ] GC(2)   Evacuate Collection Set: 1.7ms
[2022-04-29T06:04:10.356+0000][160][gc,phases   ] GC(2)   Post Evacuate Collection Set: 0.6ms
[2022-04-29T06:04:10.357+0000][160][gc,phases   ] GC(2)   Other: 6.4ms
[2022-04-29T06:04:10.358+0000][160][gc,heap     ] GC(2) Eden regions: 7->0(32)
[2022-04-29T06:04:10.358+0000][160][gc,heap     ] GC(2) Survivor regions: 1->1(1)
[2022-04-29T06:04:10.359+0000][160][gc,heap     ] GC(2) Old regions: 2->2
[2022-04-29T06:04:10.359+0000][160][gc,heap     ] GC(2) Archive regions: 2->2
[2022-04-29T06:04:10.360+0000][160][gc,heap     ] GC(2) Humongous regions: 0->0
[2022-04-29T06:04:10.361+0000][160][gc,metaspace] GC(2) Metaspace: 14719K(14976K)->14719K(14976K) NonClass: 12967K(13056K)->12967K(13056K) Class: 1751K(1920K)->1751K(1920K)
[2022-04-29T06:04:10.361+0000][160][gc          ] GC(2) Pause Young (Normal) (G1 Evacuation Pause) 38M->10M(512M) 16.237ms
[2022-04-29T06:04:10.362+0000][160][gc,cpu      ] GC(2) User=0.01s Sys=0.01s Real=0.02s
[2022-04-29T06:04:10.363+0000][160][safepoint   ] Safepoint "G1CollectForAllocation", Time since last: 63356041 ns, Reaching safepoint: 104375 ns, At safepoint: 17385250 ns, Total: 17489625 ns
[2022-04-29T06:04:10.536+0000][160][safepoint   ] Safepoint "ICBufferFull", Time since last: 173425167 ns, Reaching safepoint: 129667 ns, At safepoint: 22041 ns, Total: 151708 ns
[2022-04-29T06:04:10.561+0000][160][safepoint   ] Safepoint "ICBufferFull", Time since last: 25066084 ns, Reaching safepoint: 235375 ns, At safepoint: 10708 ns, Total: 246083 ns
[2022-04-29T06:04:10.567+0000][160][safepoint   ] Safepoint "ICBufferFull", Time since last: 5853084 ns, Reaching safepoint: 155750 ns, At safepoint: 9458 ns, Total: 165208 ns
[2022-04-29T06:04:10.569+0000][160][safepoint   ] Safepoint "ICBufferFull", Time since last: 1381375 ns, Reaching safepoint: 99792 ns, At safepoint: 13416 ns, Total: 113208 ns
[2022-04-29T06:04:10.570+0000][160][safepoint   ] Safepoint "ICBufferFull", Time since last: 1142042 ns, Reaching safepoint: 60083 ns, At safepoint: 2417 ns, Total: 62500 ns
[2022-04-29T06:04:10.572+0000][160][safepoint   ] Safepoint "ICBufferFull", Time since last: 1598833 ns, Reaching safepoint: 93000 ns, At safepoint: 8167 ns, Total: 101167 ns
[2022-04-29T06:04:10.573+0000][160][safepoint   ] Safepoint "ICBufferFull", Time since last: 1169250 ns, Reaching safepoint: 94042 ns, At safepoint: 3125 ns, Total: 97167 ns
[2022-04-29T06:04:10.575+0000][160][safepoint   ] Safepoint "ICBufferFull", Time since last: 1225000 ns, Reaching safepoint: 161125 ns, At safepoint: 2250 ns, Total: 163375 ns
[2022-04-29T06:04:10.576+0000][160][safepoint   ] Safepoint "ICBufferFull", Time since last: 1298000 ns, Reaching safepoint: 21708 ns, At safepoint: 1000 ns, Total: 22708 ns
[2022-04-29T06:04:10.577+0000][160][safepoint   ] Safepoint "ICBufferFull", Time since last: 1110292 ns, Reaching safepoint: 97833 ns, At safepoint: 1542 ns, Total: 99375 ns
[2022-04-29T06:04:10.578+0000][160][safepoint   ] Safepoint "ICBufferFull", Time since last: 849125 ns, Reaching safepoint: 57166 ns, At safepoint: 2292 ns, Total: 59458 ns
[2022-04-29T06:04:10.579+0000][160][safepoint   ] Safepoint "ICBufferFull", Time since last: 875583 ns, Reaching safepoint: 102209 ns, At safepoint: 1958 ns, Total: 104167 ns
[2022-04-29T06:04:10.623+0000][160][gc,start    ] GC(3) Pause Young (Normal) (G1 Evacuation Pause)
[2022-04-29T06:04:10.624+0000][160][gc,task     ] GC(3) Using 5 workers of 5 for evacuation
[2022-04-29T06:04:10.625+0000][160][gc,age      ] GC(3) Desired survivor size 10485760 bytes, new threshold 15 (max threshold 15)
[2022-04-29T06:04:10.630+0000][160][gc,age      ] GC(3) Age table with threshold 15 (max threshold 15)
[2022-04-29T06:04:10.631+0000][160][gc,age      ] GC(3) - age   1:    3904032 bytes,    3904032 total
[2022-04-29T06:04:10.632+0000][160][gc,age      ] GC(3) - age   2:     856792 bytes,    4760824 total
[2022-04-29T06:04:10.632+0000][160][gc,age      ] GC(3) - age   3:    1944208 bytes,    6705032 total
[2022-04-29T06:04:10.633+0000][160][gc,phases   ] GC(3)   Pre Evacuate Collection Set: 0.3ms
[2022-04-29T06:04:10.633+0000][160][gc,phases   ] GC(3)   Merge Heap Roots: 0.3ms
[2022-04-29T06:04:10.634+0000][160][gc,phases   ] GC(3)   Evacuate Collection Set: 2.3ms
[2022-04-29T06:04:10.635+0000][160][gc,phases   ] GC(3)   Post Evacuate Collection Set: 0.6ms
[2022-04-29T06:04:10.636+0000][160][gc,phases   ] GC(3)   Other: 6.2ms
[2022-04-29T06:04:10.637+0000][160][gc,heap     ] GC(3) Eden regions: 32->0(74)
[2022-04-29T06:04:10.637+0000][160][gc,heap     ] GC(3) Survivor regions: 1->2(5)
[2022-04-29T06:04:10.638+0000][160][gc,heap     ] GC(3) Old regions: 2->2
[2022-04-29T06:04:10.638+0000][160][gc,heap     ] GC(3) Archive regions: 2->2
[2022-04-29T06:04:10.639+0000][160][gc,heap     ] GC(3) Humongous regions: 0->0
[2022-04-29T06:04:10.639+0000][160][gc,metaspace] GC(3) Metaspace: 17319K(17600K)->17319K(17600K) NonClass: 15274K(15424K)->15274K(15424K) Class: 2044K(2176K)->2044K(2176K)
[2022-04-29T06:04:10.640+0000][160][gc          ] GC(3) Pause Young (Normal) (G1 Evacuation Pause) 138M->14M(512M) 16.846ms
[2022-04-29T06:04:10.642+0000][160][gc,cpu      ] GC(3) User=0.02s Sys=0.00s Real=0.02s
[2022-04-29T06:04:10.642+0000][160][safepoint   ] Safepoint "G1CollectForAllocation", Time since last: 44121792 ns, Reaching safepoint: 129458 ns, At safepoint: 18967917 ns, Total: 19097375 ns
[2022-04-29T06:04:10.781+0000][160][safepoint   ] Safepoint "ICBufferFull", Time since last: 138797625 ns, Reaching safepoint: 140166 ns, At safepoint: 10000 ns, Total: 150166 ns
[2022-04-29T06:04:10.924+0000][160][gc,start    ] GC(4) Pause Young (Normal) (G1 Evacuation Pause)
[2022-04-29T06:04:10.925+0000][160][gc,task     ] GC(4) Using 5 workers of 5 for evacuation
[2022-04-29T06:04:10.926+0000][160][gc,age      ] GC(4) Desired survivor size 20971520 bytes, new threshold 15 (max threshold 15)
[2022-04-29T06:04:10.931+0000][160][gc,age      ] GC(4) Age table with threshold 15 (max threshold 15)
[2022-04-29T06:04:10.932+0000][160][gc,age      ] GC(4) - age   1:    6523840 bytes,    6523840 total
[2022-04-29T06:04:10.933+0000][160][gc,age      ] GC(4) - age   2:    2265136 bytes,    8788976 total
[2022-04-29T06:04:10.934+0000][160][gc,age      ] GC(4) - age   3:     856464 bytes,    9645440 total
[2022-04-29T06:04:10.935+0000][160][gc,age      ] GC(4) - age   4:    1943424 bytes,   11588864 total
[2022-04-29T06:04:10.935+0000][160][gc,phases   ] GC(4)   Pre Evacuate Collection Set: 0.3ms
[2022-04-29T06:04:10.936+0000][160][gc,phases   ] GC(4)   Merge Heap Roots: 0.3ms
[2022-04-29T06:04:10.936+0000][160][gc,phases   ] GC(4)   Evacuate Collection Set: 2.5ms
[2022-04-29T06:04:10.937+0000][160][gc,phases   ] GC(4)   Post Evacuate Collection Set: 0.9ms
[2022-04-29T06:04:10.937+0000][160][gc,phases   ] GC(4)   Other: 7.0ms
[2022-04-29T06:04:10.938+0000][160][gc,heap     ] GC(4) Eden regions: 74->0(73)
[2022-04-29T06:04:10.939+0000][160][gc,heap     ] GC(4) Survivor regions: 2->3(10)
[2022-04-29T06:04:10.940+0000][160][gc,heap     ] GC(4) Old regions: 2->2
[2022-04-29T06:04:10.940+0000][160][gc,heap     ] GC(4) Archive regions: 2->2
[2022-04-29T06:04:10.941+0000][160][gc,heap     ] GC(4) Humongous regions: 0->0
[2022-04-29T06:04:10.942+0000][160][gc,metaspace] GC(4) Metaspace: 18796K(19200K)->18796K(19200K) NonClass: 16510K(16768K)->16510K(16768K) Class: 2286K(2432K)->2286K(2432K)
[2022-04-29T06:04:10.942+0000][160][gc          ] GC(4) Pause Young (Normal) (G1 Evacuation Pause) 310M->19M(512M) 17.973ms
[2022-04-29T06:04:10.944+0000][160][gc,cpu      ] GC(4) User=0.02s Sys=0.00s Real=0.02s
[2022-04-29T06:04:10.945+0000][160][safepoint   ] Safepoint "G1CollectForAllocation", Time since last: 143127292 ns, Reaching safepoint: 82042 ns, At safepoint: 20603791 ns, Total: 20685833 ns
[2022-04-29T06:04:11.127+0000][160][safepoint   ] Safepoint "ICBufferFull", Time since last: 181444250 ns, Reaching safepoint: 294875 ns, At safepoint: 2959 ns, Total: 297834 ns
[2022-04-29T06:04:11.166+0000][160][gc,start    ] GC(5) Pause Young (Normal) (G1 Evacuation Pause)
[2022-04-29T06:04:11.167+0000][160][gc,task     ] GC(5) Using 5 workers of 5 for evacuation
[2022-04-29T06:04:11.168+0000][160][gc,age      ] GC(5) Desired survivor size 20971520 bytes, new threshold 15 (max threshold 15)
[2022-04-29T06:04:11.173+0000][160][gc,age      ] GC(5) Age table with threshold 15 (max threshold 15)
[2022-04-29T06:04:11.175+0000][160][gc,age      ] GC(5) - age   1:    1274400 bytes,    1274400 total
[2022-04-29T06:04:11.176+0000][160][gc,age      ] GC(5) - age   2:    5702504 bytes,    6976904 total
[2022-04-29T06:04:11.177+0000][160][gc,age      ] GC(5) - age   3:    2264672 bytes,    9241576 total
[2022-04-29T06:04:11.177+0000][160][gc,age      ] GC(5) - age   4:     856192 bytes,   10097768 total
[2022-04-29T06:04:11.178+0000][160][gc,age      ] GC(5) - age   5:    1943360 bytes,   12041128 total
[2022-04-29T06:04:11.178+0000][160][gc,phases   ] GC(5)   Pre Evacuate Collection Set: 0.4ms
[2022-04-29T06:04:11.179+0000][160][gc,phases   ] GC(5)   Merge Heap Roots: 0.1ms
[2022-04-29T06:04:11.180+0000][160][gc,phases   ] GC(5)   Evacuate Collection Set: 3.2ms
[2022-04-29T06:04:11.180+0000][160][gc,phases   ] GC(5)   Post Evacuate Collection Set: 0.8ms
[2022-04-29T06:04:11.182+0000][160][gc,phases   ] GC(5)   Other: 8.4ms
[2022-04-29T06:04:11.183+0000][160][gc,heap     ] GC(5) Eden regions: 73->0(73)
[2022-04-29T06:04:11.183+0000][160][gc,heap     ] GC(5) Survivor regions: 3->3(10)
[2022-04-29T06:04:11.184+0000][160][gc,heap     ] GC(5) Old regions: 2->2
[2022-04-29T06:04:11.185+0000][160][gc,heap     ] GC(5) Archive regions: 2->2
[2022-04-29T06:04:11.186+0000][160][gc,heap     ] GC(5) Humongous regions: 0->0
[2022-04-29T06:04:11.186+0000][160][gc,metaspace] GC(5) Metaspace: 19743K(20224K)->19743K(20224K) NonClass: 17319K(17600K)->17319K(17600K) Class: 2423K(2624K)->2423K(2624K)
[2022-04-29T06:04:11.187+0000][160][gc          ] GC(5) Pause Young (Normal) (G1 Evacuation Pause) 311M->20M(512M) 21.800ms
[2022-04-29T06:04:11.188+0000][160][gc,cpu      ] GC(5) User=0.01s Sys=0.00s Real=0.03s
[2022-04-29T06:04:11.189+0000][160][safepoint   ] Safepoint "G1CollectForAllocation", Time since last: 38661083 ns, Reaching safepoint: 197292 ns, At safepoint: 23176583 ns, Total: 23373875 ns
[2022-04-29T06:04:11.388+0000][160][safepoint   ] Safepoint "ICBufferFull", Time since last: 198756625 ns, Reaching safepoint: 387042 ns, At safepoint: 27542 ns, Total: 414584 ns
[2022-04-29T06:04:11.410+0000][160][gc,start    ] GC(6) Pause Young (Normal) (G1 Evacuation Pause)
[2022-04-29T06:04:11.411+0000][160][gc,task     ] GC(6) Using 5 workers of 5 for evacuation
[2022-04-29T06:04:11.412+0000][160][gc,age      ] GC(6) Desired survivor size 20971520 bytes, new threshold 15 (max threshold 15)
[2022-04-29T06:04:11.417+0000][160][gc,age      ] GC(6) Age table with threshold 15 (max threshold 15)
[2022-04-29T06:04:11.418+0000][160][gc,age      ] GC(6) - age   1:    3135984 bytes,    3135984 total
[2022-04-29T06:04:11.419+0000][160][gc,age      ] GC(6) - age   2:     709680 bytes,    3845664 total
[2022-04-29T06:04:11.419+0000][160][gc,age      ] GC(6) - age   3:    5697472 bytes,    9543136 total
[2022-04-29T06:04:11.420+0000][160][gc,age      ] GC(6) - age   4:    2263184 bytes,   11806320 total
[2022-04-29T06:04:11.421+0000][160][gc,age      ] GC(6) - age   5:     855512 bytes,   12661832 total
[2022-04-29T06:04:11.422+0000][160][gc,age      ] GC(6) - age   6:    1943056 bytes,   14604888 total
[2022-04-29T06:04:11.422+0000][160][gc,phases   ] GC(6)   Pre Evacuate Collection Set: 0.1ms
[2022-04-29T06:04:11.423+0000][160][gc,phases   ] GC(6)   Merge Heap Roots: 0.1ms
[2022-04-29T06:04:11.424+0000][160][gc,phases   ] GC(6)   Evacuate Collection Set: 3.5ms
[2022-04-29T06:04:11.424+0000][160][gc,phases   ] GC(6)   Post Evacuate Collection Set: 0.7ms
[2022-04-29T06:04:11.425+0000][160][gc,phases   ] GC(6)   Other: 8.2ms
[2022-04-29T06:04:11.425+0000][160][gc,heap     ] GC(6) Eden regions: 73->0(72)
[2022-04-29T06:04:11.426+0000][160][gc,heap     ] GC(6) Survivor regions: 3->4(10)
[2022-04-29T06:04:11.427+0000][160][gc,heap     ] GC(6) Old regions: 2->2
[2022-04-29T06:04:11.427+0000][160][gc,heap     ] GC(6) Archive regions: 2->2
[2022-04-29T06:04:11.428+0000][160][gc,heap     ] GC(6) Humongous regions: 0->0
[2022-04-29T06:04:11.428+0000][160][gc,metaspace] GC(6) Metaspace: 20943K(21504K)->20943K(21504K) NonClass: 18355K(18688K)->18355K(18688K) Class: 2587K(2816K)->2587K(2816K)
[2022-04-29T06:04:11.430+0000][160][gc          ] GC(6) Pause Young (Normal) (G1 Evacuation Pause) 312M->22M(512M) 19.947ms
[2022-04-29T06:04:11.430+0000][160][gc,cpu      ] GC(6) User=0.01s Sys=0.00s Real=0.02s
[2022-04-29T06:04:11.431+0000][160][safepoint   ] Safepoint "G1CollectForAllocation", Time since last: 21783000 ns, Reaching safepoint: 157416 ns, At safepoint: 21344917 ns, Total: 21502333 ns
[2022-04-29T06:04:11.510+0000][160][gc,start    ] GC(7) Pause Young (Concurrent Start) (Metadata GC Threshold)
[2022-04-29T06:04:11.511+0000][160][gc,task     ] GC(7) Using 5 workers of 5 for evacuation
[2022-04-29T06:04:11.512+0000][160][gc,age      ] GC(7) Desired survivor size 20971520 bytes, new threshold 15 (max threshold 15)
[2022-04-29T06:04:11.517+0000][160][gc,age      ] GC(7) Age table with threshold 15 (max threshold 15)
[2022-04-29T06:04:11.519+0000][160][gc,age      ] GC(7) - age   1:     232896 bytes,     232896 total
[2022-04-29T06:04:11.520+0000][160][gc,age      ] GC(7) - age   2:    2315136 bytes,    2548032 total
[2022-04-29T06:04:11.521+0000][160][gc,age      ] GC(7) - age   3:     709464 bytes,    3257496 total
[2022-04-29T06:04:11.522+0000][160][gc,age      ] GC(7) - age   4:    5697232 bytes,    8954728 total
[2022-04-29T06:04:11.523+0000][160][gc,age      ] GC(7) - age   5:    2263184 bytes,   11217912 total
[2022-04-29T06:04:11.524+0000][160][gc,age      ] GC(7) - age   6:     855512 bytes,   12073424 total
[2022-04-29T06:04:11.524+0000][160][gc,age      ] GC(7) - age   7:    1943056 bytes,   14016480 total
[2022-04-29T06:04:11.525+0000][160][gc,phases   ] GC(7)   Pre Evacuate Collection Set: 0.1ms
[2022-04-29T06:04:11.525+0000][160][gc,phases   ] GC(7)   Merge Heap Roots: 0.2ms
[2022-04-29T06:04:11.526+0000][160][gc,phases   ] GC(7)   Evacuate Collection Set: 3.2ms
[2022-04-29T06:04:11.527+0000][160][gc,phases   ] GC(7)   Post Evacuate Collection Set: 0.8ms
[2022-04-29T06:04:11.527+0000][160][gc,phases   ] GC(7)   Other: 10.6ms
[2022-04-29T06:04:11.528+0000][160][gc,heap     ] GC(7) Eden regions: 34->0(72)
[2022-04-29T06:04:11.528+0000][160][gc,heap     ] GC(7) Survivor regions: 4->4(10)
[2022-04-29T06:04:11.529+0000][160][gc,heap     ] GC(7) Old regions: 2->2
[2022-04-29T06:04:11.529+0000][160][gc,heap     ] GC(7) Archive regions: 2->2
[2022-04-29T06:04:11.530+0000][160][gc,heap     ] GC(7) Humongous regions: 0->0
[2022-04-29T06:04:11.530+0000][160][gc,metaspace] GC(7) Metaspace: 20989K(21504K)->20989K(21504K) NonClass: 18392K(18688K)->18392K(18688K) Class: 2596K(2816K)->2596K(2816K)
[2022-04-29T06:04:11.531+0000][160][gc          ] GC(7) Pause Young (Concurrent Start) (Metadata GC Threshold) 158M->22M(512M) 20.992ms
[2022-04-29T06:04:11.532+0000][160][gc,cpu      ] GC(7) User=0.01s Sys=0.01s Real=0.02s
[2022-04-29T06:04:11.533+0000][160][safepoint   ] Safepoint "CollectForMetadataAllocation", Time since last: 78671500 ns, Reaching safepoint: 150917 ns, At safepoint: 22554041 ns, Total: 22704958 ns
[2022-04-29T06:04:11.533+0000][160][gc          ] GC(8) Concurrent Mark Cycle
[2022-04-29T06:04:11.534+0000][160][gc,marking  ] GC(8) Concurrent Clear Claimed Marks
[2022-04-29T06:04:11.535+0000][160][gc,marking  ] GC(8) Concurrent Clear Claimed Marks 0.522ms
[2022-04-29T06:04:11.535+0000][160][gc,marking  ] GC(8) Concurrent Scan Root Regions
[2022-04-29T06:04:11.539+0000][160][gc,marking  ] GC(8) Concurrent Scan Root Regions 3.980ms
[2022-04-29T06:04:11.540+0000][160][gc,marking  ] GC(8) Concurrent Mark
[2022-04-29T06:04:11.541+0000][160][gc,marking  ] GC(8) Concurrent Mark From Roots
[2022-04-29T06:04:11.541+0000][160][gc,task     ] GC(8) Using 1 workers of 1 for marking
[2022-04-29T06:04:11.545+0000][160][gc,marking  ] GC(8) Concurrent Mark From Roots 3.885ms
[2022-04-29T06:04:11.546+0000][160][gc,marking  ] GC(8) Concurrent Preclean
[2022-04-29T06:04:11.546+0000][160][gc,marking  ] GC(8) Concurrent Preclean 0.513ms
[2022-04-29T06:04:11.547+0000][160][gc,start    ] GC(8) Pause Remark
[2022-04-29T06:04:11.550+0000][160][gc          ] GC(8) Pause Remark 36M->36M(512M) 2.425ms
[2022-04-29T06:04:11.550+0000][160][gc,cpu      ] GC(8) User=0.00s Sys=0.00s Real=0.00s
[2022-04-29T06:04:11.551+0000][160][safepoint   ] Safepoint "G1Concurrent", Time since last: 14422625 ns, Reaching safepoint: 164750 ns, At safepoint: 3854459 ns, Total: 4019209 ns
[2022-04-29T06:04:11.552+0000][160][gc,marking  ] GC(8) Concurrent Mark 11.927ms
[2022-04-29T06:04:11.553+0000][160][gc,marking  ] GC(8) Concurrent Rebuild Remembered Sets
[2022-04-29T06:04:11.555+0000][160][gc,marking  ] GC(8) Concurrent Rebuild Remembered Sets 2.141ms
[2022-04-29T06:04:11.556+0000][160][gc,start    ] GC(8) Pause Cleanup
[2022-04-29T06:04:11.557+0000][160][gc          ] GC(8) Pause Cleanup 36M->36M(512M) 0.703ms
[2022-04-29T06:04:11.558+0000][160][gc,cpu      ] GC(8) User=0.00s Sys=0.00s Real=0.01s
[2022-04-29T06:04:11.559+0000][160][safepoint   ] Safepoint "G1Concurrent", Time since last: 4937500 ns, Reaching safepoint: 212541 ns, At safepoint: 2724875 ns, Total: 2937416 ns
[2022-04-29T06:04:11.560+0000][160][gc,marking  ] GC(8) Concurrent Cleanup for Next Mark
[2022-04-29T06:04:11.561+0000][160][gc,marking  ] GC(8) Concurrent Cleanup for Next Mark 1.009ms
[2022-04-29T06:04:11.561+0000][160][gc          ] GC(8) Concurrent Mark Cycle 28.608ms
[2022-04-29T06:04:12.002+0000][160][safepoint   ] Safepoint "ICBufferFull", Time since last: 442539042 ns, Reaching safepoint: 252084 ns, At safepoint: 2625 ns, Total: 254709 ns
[2022-04-29T06:04:12.165+0000][160][safepoint   ] Safepoint "ICBufferFull", Time since last: 162797500 ns, Reaching safepoint: 134583 ns, At safepoint: 2917 ns, Total: 137500 ns
[2022-04-29T06:04:12.166+0000][160][safepoint   ] Safepoint "ICBufferFull", Time since last: 1484666 ns, Reaching safepoint: 200792 ns, At safepoint: 2625 ns, Total: 203417 ns
[2022-04-29T06:04:12.168+0000][160][safepoint   ] Safepoint "ICBufferFull", Time since last: 1057917 ns, Reaching safepoint: 249458 ns, At safepoint: 84875 ns, Total: 334333 ns
[2022-04-29T06:04:12.169+0000][160][safepoint   ] Safepoint "ICBufferFull", Time since last: 864292 ns, Reaching safepoint: 230125 ns, At safepoint: 3125 ns, Total: 233250 ns
[2022-04-29T06:04:12.170+0000][160][safepoint   ] Safepoint "ICBufferFull", Time since last: 723083 ns, Reaching safepoint: 96250 ns, At safepoint: 2167 ns, Total: 98417 ns
[2022-04-29T06:04:12.171+0000][160][safepoint   ] Safepoint "ICBufferFull", Time since last: 1367541 ns, Reaching safepoint: 53334 ns, At safepoint: 1375 ns, Total: 54709 ns
[2022-04-29T06:04:12.172+0000][160][safepoint   ] Safepoint "ICBufferFull", Time since last: 833041 ns, Reaching safepoint: 58917 ns, At safepoint: 1417 ns, Total: 60334 ns
[2022-04-29T06:04:12.173+0000][160][safepoint   ] Safepoint "ICBufferFull", Time since last: 949666 ns, Reaching safepoint: 36084 ns, At safepoint: 1708 ns, Total: 37792 ns
[2022-04-29T06:04:12.183+0000][160][safepoint   ] Safepoint "ICBufferFull", Time since last: 9602083 ns, Reaching safepoint: 171209 ns, At safepoint: 2416 ns, Total: 173625 ns
[2022-04-29T06:04:12.184+0000][160][safepoint   ] Safepoint "ICBufferFull", Time since last: 1547834 ns, Reaching safepoint: 46916 ns, At safepoint: 2000 ns, Total: 48916 ns
[2022-04-29T06:04:12.185+0000][160][safepoint   ] Safepoint "ICBufferFull", Time since last: 937167 ns, Reaching safepoint: 91708 ns, At safepoint: 2042 ns, Total: 93750 ns
[2022-04-29T06:04:12.197+0000][160][safepoint   ] Safepoint "ICBufferFull", Time since last: 11256875 ns, Reaching safepoint: 116667 ns, At safepoint: 2333 ns, Total: 119000 ns
[2022-04-29T06:04:12.205+0000][160][safepoint   ] Safepoint "ICBufferFull", Time since last: 8665667 ns, Reaching safepoint: 102833 ns, At safepoint: 2542 ns, Total: 105375 ns
[2022-04-29T06:04:12.210+0000][160][safepoint   ] Safepoint "ICBufferFull", Time since last: 4790791 ns, Reaching safepoint: 73167 ns, At safepoint: 5167 ns, Total: 78334 ns
[2022-04-29T06:04:12.211+0000][160][safepoint   ] Safepoint "ICBufferFull", Time since last: 919916 ns, Reaching safepoint: 69542 ns, At safepoint: 1250 ns, Total: 70792 ns
[2022-04-29T06:04:12.215+0000][160][safepoint   ] Safepoint "ICBufferFull", Time since last: 3449875 ns, Reaching safepoint: 114833 ns, At safepoint: 17792 ns, Total: 132625 ns
[2022-04-29T06:04:12.227+0000][160][safepoint   ] Safepoint "ICBufferFull", Time since last: 12171208 ns, Reaching safepoint: 115042 ns, At safepoint: 2667 ns, Total: 117709 ns
[2022-04-29T06:04:12.447+0000][160][safepoint   ] Safepoint "ICBufferFull", Time since last: 219820666 ns, Reaching safepoint: 228042 ns, At safepoint: 3125 ns, Total: 231167 ns
[2022-04-29T06:04:12.703+0000][160][safepoint   ] Safepoint "ICBufferFull", Time since last: 255166917 ns, Reaching safepoint: 158125 ns, At safepoint: 8583 ns, Total: 166708 ns
[2022-04-29T06:04:12.843+0000][160][gc,start    ] GC(9) Pause Young (Normal) (G1 Evacuation Pause)
[2022-04-29T06:04:12.844+0000][160][gc,task     ] GC(9) Using 5 workers of 5 for evacuation
[2022-04-29T06:04:12.846+0000][160][gc,age      ] GC(9) Desired survivor size 20971520 bytes, new threshold 15 (max threshold 15)
[2022-04-29T06:04:12.860+0000][160][gc,age      ] GC(9) Age table with threshold 15 (max threshold 15)
[2022-04-29T06:04:12.861+0000][160][gc,age      ] GC(9) - age   1:   20839800 bytes,   20839800 total
[2022-04-29T06:04:12.862+0000][160][gc,age      ] GC(9) - age   2:     212848 bytes,   21052648 total
[2022-04-29T06:04:12.863+0000][160][gc,age      ] GC(9) - age   3:    2281096 bytes,   23333744 total
[2022-04-29T06:04:12.864+0000][160][gc,age      ] GC(9) - age   4:     693784 bytes,   24027528 total
[2022-04-29T06:04:12.865+0000][160][gc,age      ] GC(9) - age   5:    5661824 bytes,   29689352 total
[2022-04-29T06:04:12.865+0000][160][gc,age      ] GC(9) - age   6:    2184512 bytes,   31873864 total
[2022-04-29T06:04:12.866+0000][160][gc,age      ] GC(9) - age   7:     823328 bytes,   32697192 total
[2022-04-29T06:04:12.874+0000][160][gc,age      ] GC(9) - age   8:    1935752 bytes,   34632944 total
[2022-04-29T06:04:12.875+0000][160][gc,phases   ] GC(9)   Pre Evacuate Collection Set: 0.2ms
[2022-04-29T06:04:12.876+0000][160][gc,phases   ] GC(9)   Merge Heap Roots: 0.2ms
[2022-04-29T06:04:12.876+0000][160][gc,phases   ] GC(9)   Evacuate Collection Set: 11.3ms
[2022-04-29T06:04:12.877+0000][160][gc,phases   ] GC(9)   Post Evacuate Collection Set: 1.2ms
[2022-04-29T06:04:12.878+0000][160][gc,phases   ] GC(9)   Other: 18.9ms
[2022-04-29T06:04:12.879+0000][160][gc,heap     ] GC(9) Eden regions: 72->0(67)
[2022-04-29T06:04:12.879+0000][160][gc,heap     ] GC(9) Survivor regions: 4->9(10)
[2022-04-29T06:04:12.880+0000][160][gc,heap     ] GC(9) Old regions: 2->2
[2022-04-29T06:04:12.881+0000][160][gc,heap     ] GC(9) Archive regions: 2->2
[2022-04-29T06:04:12.882+0000][160][gc,heap     ] GC(9) Humongous regions: 0->0
[2022-04-29T06:04:12.882+0000][160][gc,metaspace] GC(9) Metaspace: 30547K(31488K)->30547K(31488K) NonClass: 26636K(27200K)->26636K(27200K) Class: 3910K(4288K)->3910K(4288K)
[2022-04-29T06:04:12.883+0000][160][gc          ] GC(9) Pause Young (Normal) (G1 Evacuation Pause) 310M->42M(512M) 39.798ms
[2022-04-29T06:04:12.883+0000][160][gc,cpu      ] GC(9) User=0.07s Sys=0.01s Real=0.04s
[2022-04-29T06:04:12.884+0000][160][safepoint   ] Safepoint "G1CollectForAllocation", Time since last: 140475709 ns, Reaching safepoint: 115333 ns, At safepoint: 40734792 ns, Total: 40850125 ns
[2022-04-29T06:04:13.130+0000][160][safepoint   ] Safepoint "ICBufferFull", Time since last: 246355416 ns, Reaching safepoint: 204375 ns, At safepoint: 6250 ns, Total: 210625 ns
[2022-04-29T06:04:13.193+0000][160][gc,start    ] GC(10) Pause Young (Concurrent Start) (Metadata GC Threshold)
[2022-04-29T06:04:13.194+0000][160][gc,task     ] GC(10) Using 5 workers of 5 for evacuation
[2022-04-29T06:04:13.195+0000][160][gc,age      ] GC(10) Desired survivor size 20971520 bytes, new threshold 2 (max threshold 15)
[2022-04-29T06:04:13.212+0000][160][gc,age      ] GC(10) Age table with threshold 2 (max threshold 15)
[2022-04-29T06:04:13.214+0000][160][gc,age      ] GC(10) - age   1:    7361192 bytes,    7361192 total
[2022-04-29T06:04:13.215+0000][160][gc,age      ] GC(10) - age   2:   20469896 bytes,   27831088 total
[2022-04-29T06:04:13.216+0000][160][gc,phases   ] GC(10)   Pre Evacuate Collection Set: 0.3ms
[2022-04-29T06:04:13.217+0000][160][gc,phases   ] GC(10)   Merge Heap Roots: 0.1ms
[2022-04-29T06:04:13.217+0000][160][gc,phases   ] GC(10)   Evacuate Collection Set: 13.4ms
[2022-04-29T06:04:13.218+0000][160][gc,phases   ] GC(10)   Post Evacuate Collection Set: 1.5ms
[2022-04-29T06:04:13.219+0000][160][gc,phases   ] GC(10)   Other: 7.7ms
[2022-04-29T06:04:13.219+0000][160][gc,heap     ] GC(10) Eden regions: 22->0(68)
[2022-04-29T06:04:13.220+0000][160][gc,heap     ] GC(10) Survivor regions: 9->8(10)
[2022-04-29T06:04:13.221+0000][160][gc,heap     ] GC(10) Old regions: 2->5
[2022-04-29T06:04:13.221+0000][160][gc,heap     ] GC(10) Archive regions: 2->2
[2022-04-29T06:04:13.222+0000][160][gc,heap     ] GC(10) Humongous regions: 0->0
[2022-04-29T06:04:13.223+0000][160][gc,metaspace] GC(10) Metaspace: 35021K(35968K)->35021K(35968K) NonClass: 30370K(30912K)->30370K(30912K) Class: 4650K(5056K)->4650K(5056K)
[2022-04-29T06:04:13.223+0000][160][gc          ] GC(10) Pause Young (Concurrent Start) (Metadata GC Threshold) 128M->50M(512M) 30.576ms
[2022-04-29T06:04:13.224+0000][160][gc,cpu      ] GC(10) User=0.06s Sys=0.00s Real=0.03s
[2022-04-29T06:04:13.225+0000][160][gc          ] GC(11) Concurrent Mark Cycle
[2022-04-29T06:04:13.225+0000][160][safepoint   ] Safepoint "CollectForMetadataAllocation", Time since last: 62279250 ns, Reaching safepoint: 131125 ns, At safepoint: 32192875 ns, Total: 32324000 ns
[2022-04-29T06:04:13.236+0000][160][gc,marking  ] GC(11) Concurrent Clear Claimed Marks
[2022-04-29T06:04:13.238+0000][160][gc,marking  ] GC(11) Concurrent Clear Claimed Marks 1.858ms
[2022-04-29T06:04:13.239+0000][160][gc,marking  ] GC(11) Concurrent Scan Root Regions
[2022-04-29T06:04:13.254+0000][160][safepoint   ] Safepoint "CollectForMetadataAllocation", Time since last: 28648959 ns, Reaching safepoint: 140416 ns, At safepoint: 53417 ns, Total: 193833 ns
[2022-04-29T06:04:13.254+0000][160][gc,marking  ] GC(11) Concurrent Scan Root Regions 15.223ms
[2022-04-29T06:04:13.256+0000][160][gc,marking  ] GC(11) Concurrent Mark
[2022-04-29T06:04:13.257+0000][160][gc,marking  ] GC(11) Concurrent Mark From Roots
[2022-04-29T06:04:13.258+0000][160][gc,task     ] GC(11) Using 1 workers of 1 for marking
[2022-04-29T06:04:13.262+0000][160][gc,marking  ] GC(11) Concurrent Mark From Roots 4.834ms
[2022-04-29T06:04:13.262+0000][160][gc,marking  ] GC(11) Concurrent Preclean
[2022-04-29T06:04:13.263+0000][160][gc,marking  ] GC(11) Concurrent Preclean 1.011ms
[2022-04-29T06:04:13.265+0000][160][gc,start    ] GC(11) Pause Remark
[2022-04-29T06:04:13.269+0000][160][gc          ] GC(11) Pause Remark 52M->52M(512M) 4.352ms
[2022-04-29T06:04:13.270+0000][160][gc,cpu      ] GC(11) User=0.01s Sys=0.00s Real=0.01s
[2022-04-29T06:04:13.271+0000][160][safepoint   ] Safepoint "G1Concurrent", Time since last: 10901208 ns, Reaching safepoint: 248125 ns, At safepoint: 6096917 ns, Total: 6345042 ns
[2022-04-29T06:04:13.272+0000][160][gc,marking  ] GC(11) Concurrent Mark 16.288ms
[2022-04-29T06:04:13.273+0000][160][gc,marking  ] GC(11) Concurrent Rebuild Remembered Sets
[2022-04-29T06:04:13.279+0000][160][gc,marking  ] GC(11) Concurrent Rebuild Remembered Sets 6.090ms
[2022-04-29T06:04:13.288+0000][160][gc,start    ] GC(11) Pause Cleanup
[2022-04-29T06:04:13.289+0000][160][gc          ] GC(11) Pause Cleanup 54M->54M(512M) 1.115ms
[2022-04-29T06:04:13.290+0000][160][gc,cpu      ] GC(11) User=0.00s Sys=0.00s Real=0.00s
[2022-04-29T06:04:13.291+0000][160][safepoint   ] Safepoint "G1Concurrent", Time since last: 16486667 ns, Reaching safepoint: 455750 ns, At safepoint: 2915416 ns, Total: 3371166 ns
[2022-04-29T06:04:13.292+0000][160][gc,marking  ] GC(11) Concurrent Cleanup for Next Mark
[2022-04-29T06:04:13.293+0000][160][gc,marking  ] GC(11) Concurrent Cleanup for Next Mark 1.052ms
[2022-04-29T06:04:13.294+0000][160][gc          ] GC(11) Concurrent Mark Cycle 69.093ms
[2022-04-29T06:04:13.432+0000][160][safepoint   ] Safepoint "ICBufferFull", Time since last: 141113917 ns, Reaching safepoint: 180709 ns, At safepoint: 11333 ns, Total: 192042 ns
[2022-04-29T06:04:13.795+0000][160][safepoint   ] Safepoint "ICBufferFull", Time since last: 362753292 ns, Reaching safepoint: 256291 ns, At safepoint: 23459 ns, Total: 279750 ns
[2022-04-29T06:04:14.023+0000][160][safepoint   ] Safepoint "ICBufferFull", Time since last: 227688333 ns, Reaching safepoint: 131625 ns, At safepoint: 2625 ns, Total: 134250 ns
[2022-04-29T06:04:14.098+0000][160][gc,start    ] GC(12) Pause Young (Concurrent Start) (G1 Evacuation Pause)
[2022-04-29T06:04:14.099+0000][160][gc,task     ] GC(12) Using 5 workers of 5 for evacuation
[2022-04-29T06:04:14.100+0000][160][gc,age      ] GC(12) Desired survivor size 20971520 bytes, new threshold 2 (max threshold 15)
[2022-04-29T06:04:14.114+0000][160][gc,age      ] GC(12) Age table with threshold 2 (max threshold 15)
[2022-04-29T06:04:14.116+0000][160][gc,age      ] GC(12) - age   1:    6116608 bytes,    6116608 total
[2022-04-29T06:04:14.116+0000][160][gc,age      ] GC(12) - age   2:    7209200 bytes,   13325808 total
[2022-04-29T06:04:14.117+0000][160][gc,phases   ] GC(12)   Pre Evacuate Collection Set: 0.2ms
[2022-04-29T06:04:14.118+0000][160][gc,phases   ] GC(12)   Merge Heap Roots: 0.3ms
[2022-04-29T06:04:14.119+0000][160][gc,phases   ] GC(12)   Evacuate Collection Set: 11.2ms
[2022-04-29T06:04:14.120+0000][160][gc,phases   ] GC(12)   Post Evacuate Collection Set: 1.1ms
[2022-04-29T06:04:14.121+0000][160][gc,phases   ] GC(12)   Other: 6.5ms
[2022-04-29T06:04:14.121+0000][160][gc,heap     ] GC(12) Eden regions: 68->0(72)
[2022-04-29T06:04:14.122+0000][160][gc,heap     ] GC(12) Survivor regions: 8->4(10)
[2022-04-29T06:04:14.123+0000][160][gc,heap     ] GC(12) Old regions: 5->10
[2022-04-29T06:04:14.124+0000][160][gc,heap     ] GC(12) Archive regions: 2->2
[2022-04-29T06:04:14.124+0000][160][gc,heap     ] GC(12) Humongous regions: 0->0
[2022-04-29T06:04:14.125+0000][160][gc,metaspace] GC(12) Metaspace: 52321K(53504K)->52321K(53504K) NonClass: 45225K(45952K)->45225K(45952K) Class: 7095K(7552K)->7095K(7552K)
[2022-04-29T06:04:14.126+0000][160][gc          ] GC(12) Pause Young (Concurrent Start) (G1 Evacuation Pause) 322M->57M(512M) 27.801ms
[2022-04-29T06:04:14.127+0000][160][gc,cpu      ] GC(12) User=0.06s Sys=0.00s Real=0.02s
[2022-04-29T06:04:14.127+0000][160][safepoint   ] Safepoint "G1CollectForAllocation", Time since last: 74796084 ns, Reaching safepoint: 149541 ns, At safepoint: 29115792 ns, Total: 29265333 ns
[2022-04-29T06:04:14.127+0000][160][gc          ] GC(13) Concurrent Mark Cycle
[2022-04-29T06:04:14.129+0000][160][gc,marking  ] GC(13) Concurrent Clear Claimed Marks
[2022-04-29T06:04:14.130+0000][160][gc,marking  ] GC(13) Concurrent Clear Claimed Marks 0.822ms
[2022-04-29T06:04:14.131+0000][160][gc,marking  ] GC(13) Concurrent Scan Root Regions
[2022-04-29T06:04:14.149+0000][160][gc,marking  ] GC(13) Concurrent Scan Root Regions 17.927ms
[2022-04-29T06:04:14.150+0000][160][gc,marking  ] GC(13) Concurrent Mark
[2022-04-29T06:04:14.150+0000][160][gc,marking  ] GC(13) Concurrent Mark From Roots
[2022-04-29T06:04:14.151+0000][160][gc,task     ] GC(13) Using 1 workers of 1 for marking
[2022-04-29T06:04:14.162+0000][160][gc,marking  ] GC(13) Concurrent Mark From Roots 11.637ms
[2022-04-29T06:04:14.163+0000][160][gc,marking  ] GC(13) Concurrent Preclean
[2022-04-29T06:04:14.164+0000][160][gc,marking  ] GC(13) Concurrent Preclean 0.969ms
[2022-04-29T06:04:14.165+0000][160][gc,start    ] GC(13) Pause Remark
[2022-04-29T06:04:14.169+0000][160][gc          ] GC(13) Pause Remark 79M->79M(512M) 3.795ms
[2022-04-29T06:04:14.170+0000][160][gc,cpu      ] GC(13) User=0.02s Sys=0.00s Real=0.01s
[2022-04-29T06:04:14.170+0000][160][safepoint   ] Safepoint "G1Concurrent", Time since last: 37614292 ns, Reaching safepoint: 186000 ns, At safepoint: 5362791 ns, Total: 5548791 ns
[2022-04-29T06:04:14.171+0000][160][gc,marking  ] GC(13) Concurrent Mark 21.303ms
[2022-04-29T06:04:14.172+0000][160][gc,marking  ] GC(13) Concurrent Rebuild Remembered Sets
[2022-04-29T06:04:14.189+0000][160][gc,marking  ] GC(13) Concurrent Rebuild Remembered Sets 17.620ms
[2022-04-29T06:04:14.191+0000][160][gc,start    ] GC(13) Pause Cleanup
[2022-04-29T06:04:14.192+0000][160][gc          ] GC(13) Pause Cleanup 91M->91M(512M) 0.904ms
[2022-04-29T06:04:14.192+0000][160][gc,cpu      ] GC(13) User=0.00s Sys=0.00s Real=0.00s
[2022-04-29T06:04:14.194+0000][160][safepoint   ] Safepoint "G1Concurrent", Time since last: 20070292 ns, Reaching safepoint: 353667 ns, At safepoint: 2778166 ns, Total: 3131833 ns
[2022-04-29T06:04:14.194+0000][160][gc,marking  ] GC(13) Concurrent Cleanup for Next Mark
[2022-04-29T06:04:14.195+0000][160][gc,marking  ] GC(13) Concurrent Cleanup for Next Mark 0.949ms
[2022-04-29T06:04:14.196+0000][160][gc          ] GC(13) Concurrent Mark Cycle 68.383ms
[2022-04-29T06:04:14.389+0000][160][safepoint   ] Safepoint "ICBufferFull", Time since last: 195613334 ns, Reaching safepoint: 275791 ns, At safepoint: 15334 ns, Total: 291125 ns
[2022-04-29T06:04:14.584+0000][160][safepoint   ] Safepoint "ICBufferFull", Time since last: 194318083 ns, Reaching safepoint: 500500 ns, At safepoint: 3667 ns, Total: 504167 ns
[2022-04-29T06:04:14.998+0000][160][safepoint   ] Safepoint "ICBufferFull", Time since last: 413933000 ns, Reaching safepoint: 222625 ns, At safepoint: 3042 ns, Total: 225667 ns
[2022-04-29T06:04:15.134+0000][160][safepoint   ] Safepoint "ICBufferFull", Time since last: 135080416 ns, Reaching safepoint: 227167 ns, At safepoint: 4417 ns, Total: 231584 ns
[2022-04-29T06:04:15.447+0000][160][safepoint   ] Safepoint "ICBufferFull", Time since last: 312667750 ns, Reaching safepoint: 645583 ns, At safepoint: 13625 ns, Total: 659208 ns
[2022-04-29T06:04:15.666+0000][160][safepoint   ] Safepoint "ICBufferFull", Time since last: 218310459 ns, Reaching safepoint: 305500 ns, At safepoint: 3000 ns, Total: 308500 ns
[2022-04-29T06:04:15.708+0000][160][gc,start    ] GC(14) Pause Young (Normal) (G1 Evacuation Pause)
[2022-04-29T06:04:15.709+0000][160][gc,task     ] GC(14) Using 5 workers of 5 for evacuation
[2022-04-29T06:04:15.710+0000][160][gc,age      ] GC(14) Desired survivor size 20971520 bytes, new threshold 15 (max threshold 15)
[2022-04-29T06:04:15.730+0000][160][gc,age      ] GC(14) Age table with threshold 15 (max threshold 15)
[2022-04-29T06:04:15.731+0000][160][gc,age      ] GC(14) - age   1:   13673464 bytes,   13673464 total
[2022-04-29T06:04:15.732+0000][160][gc,age      ] GC(14) - age   2:    5844848 bytes,   19518312 total
[2022-04-29T06:04:15.732+0000][160][gc,age      ] GC(14) - age   3:    7188920 bytes,   26707232 total
[2022-04-29T06:04:15.733+0000][160][gc,phases   ] GC(14)   Pre Evacuate Collection Set: 0.6ms
[2022-04-29T06:04:15.734+0000][160][gc,phases   ] GC(14)   Merge Heap Roots: 0.3ms
[2022-04-29T06:04:15.734+0000][160][gc,phases   ] GC(14)   Evacuate Collection Set: 14.8ms
[2022-04-29T06:04:15.735+0000][160][gc,phases   ] GC(14)   Post Evacuate Collection Set: 4.0ms
[2022-04-29T06:04:15.735+0000][160][gc,phases   ] GC(14)   Other: 5.1ms
[2022-04-29T06:04:15.736+0000][160][gc,heap     ] GC(14) Eden regions: 72->0(69)
[2022-04-29T06:04:15.737+0000][160][gc,heap     ] GC(14) Survivor regions: 4->7(10)
[2022-04-29T06:04:15.738+0000][160][gc,heap     ] GC(14) Old regions: 10->10
[2022-04-29T06:04:15.739+0000][160][gc,heap     ] GC(14) Archive regions: 2->2
[2022-04-29T06:04:15.741+0000][160][gc,heap     ] GC(14) Humongous regions: 0->0
[2022-04-29T06:04:15.741+0000][160][gc,metaspace] GC(14) Metaspace: 85473K(86912K)->85473K(86912K) NonClass: 73600K(74432K)->73600K(74432K) Class: 11873K(12480K)->11873K(12480K)
[2022-04-29T06:04:15.742+0000][160][gc          ] GC(14) Pause Young (Normal) (G1 Evacuation Pause) 345M->68M(512M) 33.617ms
[2022-04-29T06:04:15.742+0000][160][gc,cpu      ] GC(14) User=0.06s Sys=0.00s Real=0.03s
[2022-04-29T06:04:15.743+0000][160][safepoint   ] Safepoint "G1CollectForAllocation", Time since last: 42263541 ns, Reaching safepoint: 129750 ns, At safepoint: 34987250 ns, Total: 35117000 ns
[2022-04-29T06:04:15.780+0000][160][safepoint   ] Safepoint "ICBufferFull", Time since last: 36646667 ns, Reaching safepoint: 136375 ns, At safepoint: 2958 ns, Total: 139333 ns
[2022-04-29T06:04:15.805+0000][160][safepoint   ] Safepoint "ICBufferFull", Time since last: 25376125 ns, Reaching safepoint: 154375 ns, At safepoint: 2709 ns, Total: 157084 ns
[2022-04-29T06:04:15.859+0000][160][safepoint   ] Safepoint "ICBufferFull", Time since last: 53563708 ns, Reaching safepoint: 158958 ns, At safepoint: 11334 ns, Total: 170292 ns
[2022-04-29T06:04:16.184+0000][160][gc,start    ] GC(15) Pause Young (Concurrent Start) (Metadata GC Threshold)
[2022-04-29T06:04:16.185+0000][160][gc,task     ] GC(15) Using 5 workers of 5 for evacuation
[2022-04-29T06:04:16.186+0000][160][gc,age      ] GC(15) Desired survivor size 20971520 bytes, new threshold 3 (max threshold 15)
[2022-04-29T06:04:16.200+0000][160][gc,age      ] GC(15) Age table with threshold 3 (max threshold 15)
[2022-04-29T06:04:16.202+0000][160][gc,age      ] GC(15) - age   1:     749240 bytes,     749240 total
[2022-04-29T06:04:16.203+0000][160][gc,age      ] GC(15) - age   2:   13350576 bytes,   14099816 total
[2022-04-29T06:04:16.204+0000][160][gc,age      ] GC(15) - age   3:    5818744 bytes,   19918560 total
[2022-04-29T06:04:16.205+0000][160][gc,phases   ] GC(15)   Pre Evacuate Collection Set: 0.2ms
[2022-04-29T06:04:16.207+0000][160][gc,phases   ] GC(15)   Merge Heap Roots: 0.1ms
[2022-04-29T06:04:16.207+0000][160][gc,phases   ] GC(15)   Evacuate Collection Set: 11.7ms
[2022-04-29T06:04:16.208+0000][160][gc,phases   ] GC(15)   Post Evacuate Collection Set: 1.4ms
[2022-04-29T06:04:16.208+0000][160][gc,phases   ] GC(15)   Other: 8.1ms
[2022-04-29T06:04:16.209+0000][160][gc,heap     ] GC(15) Eden regions: 7->0(70)
[2022-04-29T06:04:16.209+0000][160][gc,heap     ] GC(15) Survivor regions: 7->6(10)
[2022-04-29T06:04:16.210+0000][160][gc,heap     ] GC(15) Old regions: 10->12
[2022-04-29T06:04:16.211+0000][160][gc,heap     ] GC(15) Archive regions: 2->2
[2022-04-29T06:04:16.212+0000][160][gc,heap     ] GC(15) Humongous regions: 0->0
[2022-04-29T06:04:16.212+0000][160][gc,metaspace] GC(15) Metaspace: 87747K(89216K)->87747K(89216K) NonClass: 75551K(76416K)->75551K(76416K) Class: 12196K(12800K)->12196K(12800K)
[2022-04-29T06:04:16.213+0000][160][gc          ] GC(15) Pause Young (Concurrent Start) (Metadata GC Threshold) 96M->69M(512M) 29.505ms
[2022-04-29T06:04:16.214+0000][160][gc,cpu      ] GC(15) User=0.06s Sys=0.00s Real=0.03s
[2022-04-29T06:04:16.214+0000][160][gc          ] GC(16) Concurrent Mark Cycle
[2022-04-29T06:04:16.215+0000][160][gc,marking  ] GC(16) Concurrent Clear Claimed Marks
[2022-04-29T06:04:16.216+0000][160][gc,marking  ] GC(16) Concurrent Clear Claimed Marks 1.436ms
[2022-04-29T06:04:16.224+0000][160][gc,marking  ] GC(16) Concurrent Scan Root Regions
[2022-04-29T06:04:16.214+0000][160][safepoint   ] Safepoint "CollectForMetadataAllocation", Time since last: 324135958 ns, Reaching safepoint: 151792 ns, At safepoint: 30624917 ns, Total: 30776709 ns
[2022-04-29T06:04:16.238+0000][160][gc,marking  ] GC(16) Concurrent Scan Root Regions 14.221ms
[2022-04-29T06:04:16.239+0000][160][gc,marking  ] GC(16) Concurrent Mark
[2022-04-29T06:04:16.240+0000][160][gc,marking  ] GC(16) Concurrent Mark From Roots
[2022-04-29T06:04:16.241+0000][160][gc,task     ] GC(16) Using 1 workers of 1 for marking
[2022-04-29T06:04:16.274+0000][160][gc,marking  ] GC(16) Concurrent Mark From Roots 34.004ms
[2022-04-29T06:04:16.274+0000][160][gc,marking  ] GC(16) Concurrent Preclean
[2022-04-29T06:04:16.276+0000][160][gc,marking  ] GC(16) Concurrent Preclean 1.042ms
[2022-04-29T06:04:16.277+0000][160][gc,start    ] GC(16) Pause Remark
[2022-04-29T06:04:16.293+0000][160][gc          ] GC(16) Pause Remark 71M->71M(512M) 16.209ms
[2022-04-29T06:04:16.294+0000][160][gc,cpu      ] GC(16) User=0.03s Sys=0.00s Real=0.02s
[2022-04-29T06:04:16.295+0000][160][safepoint   ] Safepoint "G1Concurrent", Time since last: 62283916 ns, Reaching safepoint: 192334 ns, At safepoint: 18716208 ns, Total: 18908542 ns
[2022-04-29T06:04:16.296+0000][160][gc,marking  ] GC(16) Concurrent Mark 57.218ms
[2022-04-29T06:04:16.297+0000][160][gc,marking  ] GC(16) Concurrent Rebuild Remembered Sets
[2022-04-29T06:04:16.323+0000][160][gc,marking  ] GC(16) Concurrent Rebuild Remembered Sets 26.010ms
[2022-04-29T06:04:16.324+0000][160][gc,start    ] GC(16) Pause Cleanup
[2022-04-29T06:04:16.325+0000][160][gc          ] GC(16) Pause Cleanup 72M->72M(512M) 0.681ms
[2022-04-29T06:04:16.325+0000][160][gc,cpu      ] GC(16) User=0.00s Sys=0.00s Real=0.00s
[2022-04-29T06:04:16.326+0000][160][safepoint   ] Safepoint "G1Concurrent", Time since last: 28249917 ns, Reaching safepoint: 350916 ns, At safepoint: 2150625 ns, Total: 2501541 ns
[2022-04-29T06:04:16.328+0000][160][gc,marking  ] GC(16) Concurrent Cleanup for Next Mark
[2022-04-29T06:04:16.329+0000][160][gc,marking  ] GC(16) Concurrent Cleanup for Next Mark 1.107ms
[2022-04-29T06:04:16.330+0000][160][gc          ] GC(16) Concurrent Mark Cycle 116.405ms
[2022-04-29T06:04:16.645+0000][160][safepoint   ] Safepoint "ICBufferFull", Time since last: 319050417 ns, Reaching safepoint: 167625 ns, At safepoint: 14875 ns, Total: 182500 ns
[2022-04-29T06:04:16.746+0000][160][safepoint   ] Safepoint "ICBufferFull", Time since last: 100941958 ns, Reaching safepoint: 242459 ns, At safepoint: 11958 ns, Total: 254417 ns
[2022-04-29T06:04:17.069+0000][160][safepoint   ] Safepoint "ICBufferFull", Time since last: 322519042 ns, Reaching safepoint: 148542 ns, At safepoint: 8958 ns, Total: 157500 ns
[2022-04-29T06:04:17.379+0000][160][safepoint   ] Safepoint "ICBufferFull", Time since last: 309843583 ns, Reaching safepoint: 389875 ns, At safepoint: 28334 ns, Total: 418209 ns
[2022-04-29T06:04:17.591+0000][160][safepoint   ] Safepoint "ICBufferFull", Time since last: 211320500 ns, Reaching safepoint: 276042 ns, At safepoint: 12833 ns, Total: 288875 ns
[2022-04-29T06:04:17.794+0000][160][safepoint   ] Safepoint "ICBufferFull", Time since last: 203007833 ns, Reaching safepoint: 116667 ns, At safepoint: 7708 ns, Total: 124375 ns
[2022-04-29T06:04:18.003+0000][160][safepoint   ] Safepoint "ICBufferFull", Time since last: 208771667 ns, Reaching safepoint: 319250 ns, At safepoint: 12750 ns, Total: 332000 ns
[2022-04-29T06:04:18.349+0000][160][safepoint   ] Safepoint "ICBufferFull", Time since last: 345093792 ns, Reaching safepoint: 625417 ns, At safepoint: 26083 ns, Total: 651500 ns
[2022-04-29T06:04:18.622+0000][160][safepoint   ] Safepoint "ICBufferFull", Time since last: 272431042 ns, Reaching safepoint: 799333 ns, At safepoint: 4583 ns, Total: 803916 ns
[2022-04-29T06:04:18.908+0000][160][safepoint   ] Safepoint "ICBufferFull", Time since last: 285318792 ns, Reaching safepoint: 385958 ns, At safepoint: 16500 ns, Total: 402458 ns
[2022-04-29T06:04:19.910+0000][160][safepoint   ] Safepoint "Cleanup", Time since last: 1002141626 ns, Reaching safepoint: 166500 ns, At safepoint: 19500 ns, Total: 186000 ns
[2022-04-29T06:04:20.184+0000][160][gc,start    ] GC(17) Pause Young (Prepare Mixed) (G1 Evacuation Pause)
[2022-04-29T06:04:20.186+0000][160][gc,task     ] GC(17) Using 5 workers of 5 for evacuation
[2022-04-29T06:04:20.187+0000][160][gc,age      ] GC(17) Desired survivor size 20971520 bytes, new threshold 15 (max threshold 15)
[2022-04-29T06:04:20.207+0000][160][gc,age      ] GC(17) Age table with threshold 15 (max threshold 15)
[2022-04-29T06:04:20.209+0000][160][gc,age      ] GC(17) - age   1:    9367152 bytes,    9367152 total
[2022-04-29T06:04:20.210+0000][160][gc,age      ] GC(17) - age   2:     592776 bytes,    9959928 total
[2022-04-29T06:04:20.210+0000][160][gc,age      ] GC(17) - age   3:   13202992 bytes,   23162920 total
[2022-04-29T06:04:20.211+0000][160][gc,age      ] GC(17) - age   4:    5638288 bytes,   28801208 total
[2022-04-29T06:04:20.212+0000][160][gc,phases   ] GC(17)   Pre Evacuate Collection Set: 0.2ms
[2022-04-29T06:04:20.213+0000][160][gc,phases   ] GC(17)   Merge Heap Roots: 0.3ms
[2022-04-29T06:04:20.215+0000][160][gc,phases   ] GC(17)   Evacuate Collection Set: 16.8ms
[2022-04-29T06:04:20.215+0000][160][gc,phases   ] GC(17)   Post Evacuate Collection Set: 2.4ms
[2022-04-29T06:04:20.216+0000][160][gc,phases   ] GC(17)   Other: 7.6ms
[2022-04-29T06:04:20.218+0000][160][gc,heap     ] GC(17) Eden regions: 70->0(1)
[2022-04-29T06:04:20.218+0000][160][gc,heap     ] GC(17) Survivor regions: 6->8(10)
[2022-04-29T06:04:20.219+0000][160][gc,heap     ] GC(17) Old regions: 12->12
[2022-04-29T06:04:20.220+0000][160][gc,heap     ] GC(17) Archive regions: 2->2
[2022-04-29T06:04:20.221+0000][160][gc,heap     ] GC(17) Humongous regions: 6->6
[2022-04-29T06:04:20.222+0000][160][gc,metaspace] GC(17) Metaspace: 101280K(102784K)->101280K(102784K) NonClass: 87097K(88000K)->87097K(88000K) Class: 14182K(14784K)->14182K(14784K)
[2022-04-29T06:04:20.224+0000][160][gc          ] GC(17) Pause Young (Prepare Mixed) (G1 Evacuation Pause) 373M->102M(512M) 39.588ms
[2022-04-29T06:04:20.226+0000][160][gc,cpu      ] GC(17) User=0.06s Sys=0.01s Real=0.04s
[2022-04-29T06:04:20.226+0000][160][safepoint   ] Safepoint "G1CollectForAllocation", Time since last: 273842917 ns, Reaching safepoint: 131708 ns, At safepoint: 42190000 ns, Total: 42321708 ns
[2022-04-29T06:04:20.238+0000][160][gc,start    ] GC(18) Pause Young (Mixed) (G1 Evacuation Pause)
[2022-04-29T06:04:20.240+0000][160][gc,task     ] GC(18) Using 5 workers of 5 for evacuation
[2022-04-29T06:04:20.242+0000][160][gc,age      ] GC(18) Desired survivor size 4194304 bytes, new threshold 1 (max threshold 15)
[2022-04-29T06:04:20.276+0000][160][gc,age      ] GC(18) Age table with threshold 1 (max threshold 15)
[2022-04-29T06:04:20.277+0000][160][gc,age      ] GC(18) - age   1:     266656 bytes,     266656 total
[2022-04-29T06:04:20.278+0000][160][gc,phases   ] GC(18)   Pre Evacuate Collection Set: 0.3ms
[2022-04-29T06:04:20.280+0000][160][gc,phases   ] GC(18)   Merge Heap Roots: 0.2ms
[2022-04-29T06:04:20.282+0000][160][gc,phases   ] GC(18)   Evacuate Collection Set: 12.6ms
[2022-04-29T06:04:20.283+0000][160][gc,phases   ] GC(18)   Post Evacuate Collection Set: 1.4ms
[2022-04-29T06:04:20.284+0000][160][gc,phases   ] GC(18)   Other: 26.0ms
[2022-04-29T06:04:20.285+0000][160][gc,heap     ] GC(18) Eden regions: 1->0(71)
[2022-04-29T06:04:20.286+0000][160][gc,heap     ] GC(18) Survivor regions: 8->1(2)
[2022-04-29T06:04:20.287+0000][160][gc,heap     ] GC(18) Old regions: 12->18
[2022-04-29T06:04:20.288+0000][160][gc,heap     ] GC(18) Archive regions: 2->2
[2022-04-29T06:04:20.289+0000][160][gc,heap     ] GC(18) Humongous regions: 6->6
[2022-04-29T06:04:20.290+0000][160][gc,metaspace] GC(18) Metaspace: 101337K(102784K)->101337K(102784K) NonClass: 87148K(88000K)->87148K(88000K) Class: 14189K(14784K)->14189K(14784K)
[2022-04-29T06:04:20.291+0000][160][gc          ] GC(18) Pause Young (Mixed) (G1 Evacuation Pause) 106M->103M(512M) 53.038ms
[2022-04-29T06:04:20.292+0000][160][gc,cpu      ] GC(18) User=0.05s Sys=0.00s Real=0.05s
[2022-04-29T06:04:20.293+0000][160][safepoint   ] Safepoint "G1CollectForAllocation", Time since last: 11298917 ns, Reaching safepoint: 132791 ns, At safepoint: 54704042 ns, Total: 54836833 ns
[2022-04-29T06:04:20.541+0000][160][safepoint   ] Safepoint "ICBufferFull", Time since last: 247453459 ns, Reaching safepoint: 448958 ns, At safepoint: 34667 ns, Total: 483625 ns
[2022-04-29T06:04:20.874+0000][160][safepoint   ] Safepoint "ICBufferFull", Time since last: 333488708 ns, Reaching safepoint: 314667 ns, At safepoint: 6416 ns, Total: 321083 ns
[2022-04-29T06:04:21.242+0000][160][safepoint   ] Safepoint "ICBufferFull", Time since last: 367449792 ns, Reaching safepoint: 248084 ns, At safepoint: 20041 ns, Total: 268125 ns
[2022-04-29T06:04:21.699+0000][160][safepoint   ] Safepoint "ICBufferFull", Time since last: 456871834 ns, Reaching safepoint: 464750 ns, At safepoint: 21500 ns, Total: 486250 ns
[2022-04-29T06:04:21.977+0000][160][safepoint   ] Safepoint "ICBufferFull", Time since last: 277623750 ns, Reaching safepoint: 225500 ns, At safepoint: 17792 ns, Total: 243292 ns
[2022-04-29T06:04:22.530+0000][160][safepoint   ] Safepoint "ICBufferFull", Time since last: 547495625 ns, Reaching safepoint: 5313667 ns, At safepoint: 25166 ns, Total: 5338833 ns
[2022-04-29T06:04:22.776+0000][160][safepoint   ] Safepoint "ICBufferFull", Time since last: 245751084 ns, Reaching safepoint: 199250 ns, At safepoint: 17458 ns, Total: 216708 ns
[2022-04-29T06:04:22.864+0000][160][safepoint   ] Safepoint "ICBufferFull", Time since last: 87406250 ns, Reaching safepoint: 614458 ns, At safepoint: 13209 ns, Total: 627667 ns
[2022-04-29T06:04:23.021+0000][160][safepoint   ] Safepoint "ICBufferFull", Time since last: 156872208 ns, Reaching safepoint: 482833 ns, At safepoint: 45625 ns, Total: 528458 ns
[2022-04-29T06:04:23.577+0000][160][safepoint   ] Safepoint "ICBufferFull", Time since last: 555278876 ns, Reaching safepoint: 301083 ns, At safepoint: 8708 ns, Total: 309791 ns
[2022-04-29T06:04:23.983+0000][160][safepoint   ] Safepoint "ICBufferFull", Time since last: 405152751 ns, Reaching safepoint: 274000 ns, At safepoint: 9083 ns, Total: 283083 ns
[2022-04-29T06:04:25.009+0000][160][safepoint   ] Safepoint "Cleanup", Time since last: 1026215209 ns, Reaching safepoint: 167458 ns, At safepoint: 3500 ns, Total: 170958 ns
[2022-04-29T06:04:26.010+0000][160][safepoint   ] Safepoint "Cleanup", Time since last: 1001216251 ns, Reaching safepoint: 132583 ns, At safepoint: 11208 ns, Total: 143791 ns
[2022-04-29T06:04:26.756+0000][160][gc,start    ] GC(19) Pause Young (Normal) (G1 Evacuation Pause)
[2022-04-29T06:04:26.757+0000][160][gc,task     ] GC(19) Using 5 workers of 5 for evacuation
[2022-04-29T06:04:26.758+0000][160][gc,age      ] GC(19) Desired survivor size 18874368 bytes, new threshold 15 (max threshold 15)
[2022-04-29T06:04:26.764+0000][160][gc,age      ] GC(19) Age table with threshold 15 (max threshold 15)
[2022-04-29T06:04:26.765+0000][160][gc,age      ] GC(19) - age   1:    8352608 bytes,    8352608 total
[2022-04-29T06:04:26.766+0000][160][gc,age      ] GC(19) - age   2:      89752 bytes,    8442360 total
[2022-04-29T06:04:26.767+0000][160][gc,phases   ] GC(19)   Pre Evacuate Collection Set: 0.1ms
[2022-04-29T06:04:26.767+0000][160][gc,phases   ] GC(19)   Merge Heap Roots: 0.3ms
[2022-04-29T06:04:26.768+0000][160][gc,phases   ] GC(19)   Evacuate Collection Set: 4.6ms
[2022-04-29T06:04:26.769+0000][160][gc,phases   ] GC(19)   Post Evacuate Collection Set: 0.9ms
[2022-04-29T06:04:26.770+0000][160][gc,phases   ] GC(19)   Other: 5.3ms
[2022-04-29T06:04:26.771+0000][160][gc,heap     ] GC(19) Eden regions: 71->0(70)
[2022-04-29T06:04:26.772+0000][160][gc,heap     ] GC(19) Survivor regions: 1->3(9)
[2022-04-29T06:04:26.773+0000][160][gc,heap     ] GC(19) Old regions: 18->18
[2022-04-29T06:04:26.773+0000][160][gc,heap     ] GC(19) Archive regions: 2->2
[2022-04-29T06:04:26.774+0000][160][gc,heap     ] GC(19) Humongous regions: 6->6
[2022-04-29T06:04:26.775+0000][160][gc,metaspace] GC(19) Metaspace: 104106K(105664K)->104106K(105664K) NonClass: 89648K(90560K)->89648K(90560K) Class: 14457K(15104K)->14457K(15104K)
[2022-04-29T06:04:26.776+0000][160][gc          ] GC(19) Pause Young (Normal) (G1 Evacuation Pause) 387M->108M(512M) 20.324ms
[2022-04-29T06:04:26.776+0000][160][gc,cpu      ] GC(19) User=0.01s Sys=0.00s Real=0.02s
[2022-04-29T06:04:26.780+0000][160][safepoint   ] Safepoint "G1CollectForAllocation", Time since last: 744650917 ns, Reaching safepoint: 581042 ns, At safepoint: 24898042 ns, Total: 25479084 ns
[2022-04-29T06:04:26.823+0000][160][safepoint   ] Safepoint "ICBufferFull", Time since last: 42652375 ns, Reaching safepoint: 402458 ns, At safepoint: 41875 ns, Total: 444333 ns
[2022-04-29T06:04:27.059+0000][160][safepoint   ] Safepoint "ICBufferFull", Time since last: 234966958 ns, Reaching safepoint: 546667 ns, At safepoint: 10417 ns, Total: 557084 ns
[2022-04-29T06:04:27.942+0000][160][safepoint   ] Safepoint "ICBufferFull", Time since last: 883209375 ns, Reaching safepoint: 205458 ns, At safepoint: 31000 ns, Total: 236458 ns
[2022-04-29T06:04:27.943+0000][160][safepoint   ] Safepoint "ICBufferFull", Time since last: 1011000 ns, Reaching safepoint: 30792 ns, At safepoint: 2292 ns, Total: 33084 ns
[2022-04-29T06:04:29.245+0000][160][safepoint   ] Safepoint "Cleanup", Time since last: 1300774709 ns, Reaching safepoint: 901500 ns, At safepoint: 24208 ns, Total: 925708 ns
[2022-04-29T06:04:29.819+0000][160][safepoint   ] Safepoint "ICBufferFull", Time since last: 573699084 ns, Reaching safepoint: 221791 ns, At safepoint: 10417 ns, Total: 232208 ns
[2022-04-29T06:04:30.146+0000][160][safepoint   ] Safepoint "ICBufferFull", Time since last: 326803792 ns, Reaching safepoint: 259917 ns, At safepoint: 38583 ns, Total: 298500 ns
[2022-04-29T06:04:31.150+0000][160][safepoint   ] Safepoint "Cleanup", Time since last: 1003589375 ns, Reaching safepoint: 371709 ns, At safepoint: 6208 ns, Total: 377917 ns
[2022-04-29T06:04:32.123+0000][160][safepoint   ] Safepoint "ICBufferFull", Time since last: 972964584 ns, Reaching safepoint: 161750 ns, At safepoint: 11583 ns, Total: 173333 ns
[2022-04-29T06:04:32.755+0000][160][safepoint   ] Safepoint "ICBufferFull", Time since last: 631672834 ns, Reaching safepoint: 277583 ns, At safepoint: 5500 ns, Total: 283083 ns
[2022-04-29T06:04:33.307+0000][160][safepoint   ] Safepoint "ICBufferFull", Time since last: 551059750 ns, Reaching safepoint: 688417 ns, At safepoint: 5125 ns, Total: 693542 ns
[2022-04-29T06:04:34.309+0000][160][safepoint   ] Safepoint "Cleanup", Time since last: 1001360292 ns, Reaching safepoint: 93625 ns, At safepoint: 10292 ns, Total: 103917 ns
[2022-04-29T06:04:35.312+0000][160][safepoint   ] Safepoint "Cleanup", Time since last: 1002749167 ns, Reaching safepoint: 786042 ns, At safepoint: 9083 ns, Total: 795125 ns
[2022-04-29T06:04:36.099+0000][160][safepoint   ] Safepoint "ICBufferFull", Time since last: 786977084 ns, Reaching safepoint: 232416 ns, At safepoint: 4292 ns, Total: 236708 ns
[2022-04-29T06:04:37.109+0000][160][safepoint   ] Safepoint "Cleanup", Time since last: 1004676500 ns, Reaching safepoint: 5493542 ns, At safepoint: 19208 ns, Total: 5512750 ns
[2022-04-29T06:04:39.122+0000][160][safepoint   ] Safepoint "Cleanup", Time since last: 2011048334 ns, Reaching safepoint: 396500 ns, At safepoint: 9125 ns, Total: 405625 ns
[2022-04-29T06:04:40.249+0000][160][safepoint   ] Safepoint "Cleanup", Time since last: 1127266209 ns, Reaching safepoint: 176625 ns, At safepoint: 4750 ns, Total: 181375 ns
[2022-04-29T06:04:42.267+0000][160][safepoint   ] Safepoint "Cleanup", Time since last: 2017425001 ns, Reaching safepoint: 245625 ns, At safepoint: 4000 ns, Total: 249625 ns
[2022-04-29T06:04:43.268+0000][160][safepoint   ] Safepoint "Cleanup", Time since last: 1000921042 ns, Reaching safepoint: 193208 ns, At safepoint: 3958 ns, Total: 197166 ns
[2022-04-29T06:04:44.269+0000][160][safepoint   ] Safepoint "Cleanup", Time since last: 1001108459 ns, Reaching safepoint: 122625 ns, At safepoint: 3792 ns, Total: 126417 ns
[2022-04-29T06:04:45.276+0000][160][safepoint   ] Safepoint "Cleanup", Time since last: 1006287125 ns, Reaching safepoint: 208417 ns, At safepoint: 11542 ns, Total: 219959 ns
[2022-04-29T06:04:46.280+0000][160][safepoint   ] Safepoint "Cleanup", Time since last: 1003719667 ns, Reaching safepoint: 264667 ns, At safepoint: 4375 ns, Total: 269042 ns
[2022-04-29T06:04:47.281+0000][160][safepoint   ] Safepoint "Cleanup", Time since last: 1001264167 ns, Reaching safepoint: 626833 ns, At safepoint: 10542 ns, Total: 637375 ns
[2022-04-29T06:04:48.283+0000][160][safepoint   ] Safepoint "Cleanup", Time since last: 1001925417 ns, Reaching safepoint: 116333 ns, At safepoint: 3917 ns, Total: 120250 ns
[2022-04-29T06:04:49.288+0000][160][safepoint   ] Safepoint "Cleanup", Time since last: 1003174084 ns, Reaching safepoint: 782750 ns, At safepoint: 113500 ns, Total: 896250 ns
[2022-04-29T06:04:50.305+0000][160][safepoint   ] Safepoint "Cleanup", Time since last: 1017238750 ns, Reaching safepoint: 96125 ns, At safepoint: 3292 ns, Total: 99417 ns
[2022-04-29T06:04:51.311+0000][160][safepoint   ] Safepoint "Cleanup", Time since last: 1005754750 ns, Reaching safepoint: 394459 ns, At safepoint: 10166 ns, Total: 404625 ns
[2022-04-29T06:04:52.323+0000][160][safepoint   ] Safepoint "Cleanup", Time since last: 1011291042 ns, Reaching safepoint: 271709 ns, At safepoint: 6708 ns, Total: 278417 ns
[2022-04-29T06:04:54.331+0000][160][safepoint   ] Safepoint "Cleanup", Time since last: 2007818001 ns, Reaching safepoint: 215250 ns, At safepoint: 36667 ns, Total: 251917 ns
[2022-04-29T06:04:55.341+0000][160][safepoint   ] Safepoint "Cleanup", Time since last: 1008715084 ns, Reaching safepoint: 1131625 ns, At safepoint: 17583 ns, Total: 1149208 ns
[2022-04-29T06:04:57.360+0000][160][safepoint   ] Safepoint "Cleanup", Time since last: 2019461251 ns, Reaching safepoint: 155375 ns, At safepoint: 11833 ns, Total: 167208 ns
[2022-04-29T06:04:58.363+0000][160][safepoint   ] Safepoint "Cleanup", Time since last: 1002730209 ns, Reaching safepoint: 286250 ns, At safepoint: 7667 ns, Total: 293917 ns
[2022-04-29T06:04:59.368+0000][160][safepoint   ] Safepoint "Cleanup", Time since last: 1004354083 ns, Reaching safepoint: 454459 ns, At safepoint: 11875 ns, Total: 466334 ns
[2022-04-29T06:05:00.378+0000][160][safepoint   ] Safepoint "Cleanup", Time since last: 1009653625 ns, Reaching safepoint: 207209 ns, At safepoint: 4083 ns, Total: 211292 ns
[2022-04-29T06:05:01.384+0000][160][safepoint   ] Safepoint "Cleanup", Time since last: 1005563417 ns, Reaching safepoint: 142333 ns, At safepoint: 5042 ns, Total: 147375 ns
[2022-04-29T06:05:02.393+0000][160][safepoint   ] Safepoint "Cleanup", Time since last: 1008565209 ns, Reaching safepoint: 422292 ns, At safepoint: 9000 ns, Total: 431292 ns
[2022-04-29T06:05:03.399+0000][160][safepoint   ] Safepoint "Cleanup", Time since last: 1006290708 ns, Reaching safepoint: 262250 ns, At safepoint: 7375 ns, Total: 269625 ns
[2022-04-29T06:05:04.405+0000][160][safepoint   ] Safepoint "Cleanup", Time since last: 1005693834 ns, Reaching safepoint: 307334 ns, At safepoint: 9000 ns, Total: 316334 ns
[2022-04-29T06:05:06.414+0000][160][safepoint   ] Safepoint "Cleanup", Time since last: 2008417625 ns, Reaching safepoint: 363584 ns, At safepoint: 10125 ns, Total: 373709 ns
[2022-04-29T06:05:07.419+0000][160][safepoint   ] Safepoint "Cleanup", Time since last: 1002225459 ns, Reaching safepoint: 2634750 ns, At safepoint: 14750 ns, Total: 2649500 ns
[2022-04-29T06:05:08.435+0000][160][safepoint   ] Safepoint "Cleanup", Time since last: 1015941541 ns, Reaching safepoint: 340625 ns, At safepoint: 11417 ns, Total: 352042 ns
[2022-04-29T06:05:09.121+0000][160][safepoint   ] Safepoint "ICBufferFull", Time since last: 685932417 ns, Reaching safepoint: 177833 ns, At safepoint: 53958 ns, Total: 231791 ns
[2022-04-29T06:05:10.123+0000][160][safepoint   ] Safepoint "Cleanup", Time since last: 1001139376 ns, Reaching safepoint: 113042 ns, At safepoint: 2166 ns, Total: 115208 ns
[2022-04-29T06:05:11.126+0000][160][safepoint   ] Safepoint "Cleanup", Time since last: 1002570001 ns, Reaching safepoint: 676541 ns, At safepoint: 7875 ns, Total: 684416 ns
[2022-04-29T06:05:11.883+0000][160][gc,start    ] GC(20) Pause Young (Normal) (G1 Evacuation Pause)
[2022-04-29T06:05:11.884+0000][160][gc,task     ] GC(20) Using 5 workers of 5 for evacuation
[2022-04-29T06:05:11.885+0000][160][gc,age      ] GC(20) Desired survivor size 20971520 bytes, new threshold 15 (max threshold 15)
[2022-04-29T06:05:11.893+0000][160][gc,age      ] GC(20) Age table with threshold 15 (max threshold 15)
[2022-04-29T06:05:11.894+0000][160][gc,age      ] GC(20) - age   1:    2956664 bytes,    2956664 total
[2022-04-29T06:05:11.895+0000][160][gc,age      ] GC(20) - age   2:    7743488 bytes,   10700152 total
[2022-04-29T06:05:11.895+0000][160][gc,age      ] GC(20) - age   3:      89152 bytes,   10789304 total
[2022-04-29T06:05:11.897+0000][160][gc,phases   ] GC(20)   Pre Evacuate Collection Set: 0.1ms
[2022-04-29T06:05:11.898+0000][160][gc,phases   ] GC(20)   Merge Heap Roots: 0.1ms
[2022-04-29T06:05:11.899+0000][160][gc,phases   ] GC(20)   Evacuate Collection Set: 5.6ms
[2022-04-29T06:05:11.900+0000][160][gc,phases   ] GC(20)   Post Evacuate Collection Set: 1.2ms
[2022-04-29T06:05:11.901+0000][160][gc,phases   ] GC(20)   Other: 6.5ms
[2022-04-29T06:05:11.901+0000][160][gc,heap     ] GC(20) Eden regions: 70->0(71)
[2022-04-29T06:05:11.902+0000][160][gc,heap     ] GC(20) Survivor regions: 3->3(10)
[2022-04-29T06:05:11.903+0000][160][gc,heap     ] GC(20) Old regions: 18->18
[2022-04-29T06:05:11.903+0000][160][gc,heap     ] GC(20) Archive regions: 2->2
[2022-04-29T06:05:11.904+0000][160][gc,heap     ] GC(20) Humongous regions: 6->6
[2022-04-29T06:05:11.905+0000][160][gc,metaspace] GC(20) Metaspace: 108535K(110144K)->108535K(110144K) NonClass: 93590K(94528K)->93590K(94528K) Class: 14945K(15616K)->14945K(15616K)
[2022-04-29T06:05:11.905+0000][160][gc          ] GC(20) Pause Young (Normal) (G1 Evacuation Pause) 388M->110M(512M) 22.263ms
[2022-04-29T06:05:11.906+0000][160][gc,cpu      ] GC(20) User=0.03s Sys=0.00s Real=0.02s
[2022-04-29T06:05:11.907+0000][160][safepoint   ] Safepoint "G1CollectForAllocation", Time since last: 757254667 ns, Reaching safepoint: 92209 ns, At safepoint: 24341500 ns, Total: 24433709 ns
[2022-04-29T06:05:12.914+0000][160][safepoint   ] Safepoint "Cleanup", Time since last: 1005896750 ns, Reaching safepoint: 973667 ns, At safepoint: 14083 ns, Total: 987750 ns
[2022-04-29T06:05:14.939+0000][160][safepoint   ] Safepoint "Cleanup", Time since last: 2024428501 ns, Reaching safepoint: 461167 ns, At safepoint: 13667 ns, Total: 474834 ns
[2022-04-29T06:05:15.947+0000][160][safepoint   ] Safepoint "Cleanup", Time since last: 1006941375 ns, Reaching safepoint: 310250 ns, At safepoint: 4833 ns, Total: 315083 ns
[2022-04-29T06:05:16.949+0000][160][safepoint   ] Safepoint "Cleanup", Time since last: 1002397084 ns, Reaching safepoint: 135500 ns, At safepoint: 4375 ns, Total: 139875 ns
[2022-04-29T06:05:17.951+0000][160][safepoint   ] Safepoint "Cleanup", Time since last: 1001984626 ns, Reaching safepoint: 240833 ns, At safepoint: 4667 ns, Total: 245500 ns
[2022-04-29T06:05:18.954+0000][160][safepoint   ] Safepoint "Cleanup", Time since last: 1002652000 ns, Reaching safepoint: 159125 ns, At safepoint: 6250 ns, Total: 165375 ns
[2022-04-29T06:05:19.959+0000][160][safepoint   ] Safepoint "Cleanup", Time since last: 1004298584 ns, Reaching safepoint: 158708 ns, At safepoint: 5625 ns, Total: 164333 ns
[2022-04-29T06:05:20.961+0000][160][safepoint   ] Safepoint "Cleanup", Time since last: 1002538792 ns, Reaching safepoint: 258375 ns, At safepoint: 16625 ns, Total: 275000 ns
[2022-04-29T06:05:21.963+0000][160][safepoint   ] Safepoint "Cleanup", Time since last: 1001070501 ns, Reaching safepoint: 143625 ns, At safepoint: 3500 ns, Total: 147125 ns
[2022-04-29T06:05:22.969+0000][160][safepoint   ] Safepoint "Cleanup", Time since last: 1005693750 ns, Reaching safepoint: 493667 ns, At safepoint: 7750 ns, Total: 501417 ns
[2022-04-29T06:05:23.981+0000][160][safepoint   ] Safepoint "Cleanup", Time since last: 1011814209 ns, Reaching safepoint: 283917 ns, At safepoint: 5500 ns, Total: 289417 ns
[2022-04-29T06:05:24.988+0000][160][safepoint   ] Safepoint "Cleanup", Time since last: 1007027000 ns, Reaching safepoint: 206000 ns, At safepoint: 8500 ns, Total: 214500 ns
[2022-04-29T06:05:25.994+0000][160][safepoint   ] Safepoint "Cleanup", Time since last: 1004780876 ns, Reaching safepoint: 1007833 ns, At safepoint: 17333 ns, Total: 1025166 ns
[2022-04-29T06:05:27.007+0000][160][safepoint   ] Safepoint "Cleanup", Time since last: 1012525126 ns, Reaching safepoint: 318458 ns, At safepoint: 9292 ns, Total: 327750 ns
[2022-04-29T06:05:28.020+0000][160][safepoint   ] Safepoint "Cleanup", Time since last: 1012572833 ns, Reaching safepoint: 204459 ns, At safepoint: 6916 ns, Total: 211375 ns
[2022-04-29T06:05:29.728+0000][160][safepoint   ] Safepoint "Cleanup", Time since last: 1708079543 ns, Reaching safepoint: 294417 ns, At safepoint: 50166 ns, Total: 344583 ns
[2022-04-29T06:05:29.750+0000][160][safepoint   ] Safepoint "ICBufferFull", Time since last: 21989042 ns, Reaching safepoint: 291042 ns, At safepoint: 38250 ns, Total: 329292 ns
[2022-04-29T06:05:30.753+0000][160][safepoint   ] Safepoint "Cleanup", Time since last: 1002142125 ns, Reaching safepoint: 236333 ns, At safepoint: 4167 ns, Total: 240500 ns
[2022-04-29T06:05:31.756+0000][160][safepoint   ] Safepoint "Cleanup", Time since last: 1002661292 ns, Reaching safepoint: 594875 ns, At safepoint: 28750 ns, Total: 623625 ns
[2022-04-29T06:05:32.775+0000][160][safepoint   ] Safepoint "Cleanup", Time since last: 1018818709 ns, Reaching safepoint: 397375 ns, At safepoint: 218542 ns, Total: 615917 ns
[2022-04-29T06:05:33.907+0000][160][safepoint   ] Safepoint "Cleanup", Time since last: 1130279000 ns, Reaching safepoint: 981667 ns, At safepoint: 9500 ns, Total: 991167 ns
[2022-04-29T06:05:34.909+0000][160][safepoint   ] Safepoint "Cleanup", Time since last: 1001230292 ns, Reaching safepoint: 844750 ns, At safepoint: 14208 ns, Total: 858958 ns
[2022-04-29T06:05:35.927+0000][160][safepoint   ] Safepoint "Cleanup", Time since last: 1018241251 ns, Reaching safepoint: 69375 ns, At safepoint: 1792 ns, Total: 71167 ns
[2022-04-29T06:05:36.931+0000][160][safepoint   ] Safepoint "Cleanup", Time since last: 1002821417 ns, Reaching safepoint: 668625 ns, At safepoint: 8375 ns, Total: 677000 ns
[2022-04-29T06:05:37.940+0000][160][safepoint   ] Safepoint "Cleanup", Time since last: 1005026208 ns, Reaching safepoint: 410375 ns, At safepoint: 5000 ns, Total: 415375 ns
[2022-04-29T06:05:38.945+0000][160][safepoint   ] Safepoint "Cleanup", Time since last: 1004260917 ns, Reaching safepoint: 518959 ns, At safepoint: 16458 ns, Total: 535417 ns
[2022-04-29T06:05:39.952+0000][160][safepoint   ] Safepoint "Cleanup", Time since last: 1007066376 ns, Reaching safepoint: 688375 ns, At safepoint: 7958 ns, Total: 696333 ns
[2022-04-29T06:05:41.961+0000][160][safepoint   ] Safepoint "Cleanup", Time since last: 2008316751 ns, Reaching safepoint: 73000 ns, At safepoint: 1791 ns, Total: 74791 ns
[2022-04-29T06:05:42.968+0000][160][safepoint   ] Safepoint "Cleanup", Time since last: 1006359209 ns, Reaching safepoint: 455542 ns, At safepoint: 18167 ns, Total: 473709 ns
[2022-04-29T06:05:44.977+0000][160][safepoint   ] Safepoint "Cleanup", Time since last: 2008659167 ns, Reaching safepoint: 463834 ns, At safepoint: 11541 ns, Total: 475375 ns
[2022-04-29T06:05:45.979+0000][160][safepoint   ] Safepoint "Cleanup", Time since last: 1001592042 ns, Reaching safepoint: 126875 ns, At safepoint: 41875 ns, Total: 168750 ns
[2022-04-29T06:05:46.984+0000][160][safepoint   ] Safepoint "Cleanup", Time since last: 1005680334 ns, Reaching safepoint: 154709 ns, At safepoint: 5583 ns, Total: 160292 ns
[2022-04-29T06:05:47.989+0000][160][safepoint   ] Safepoint "Cleanup", Time since last: 1003762709 ns, Reaching safepoint: 747791 ns, At safepoint: 13459 ns, Total: 761250 ns
[2022-04-29T06:05:48.995+0000][160][safepoint   ] Safepoint "Cleanup", Time since last: 1005755584 ns, Reaching safepoint: 147625 ns, At safepoint: 5625 ns, Total: 153250 ns
[2022-04-29T06:05:50.016+0000][160][safepoint   ] Safepoint "Cleanup", Time since last: 1020535417 ns, Reaching safepoint: 203583 ns, At safepoint: 5583 ns, Total: 209166 ns
[2022-04-29T06:05:51.027+0000][160][safepoint   ] Safepoint "Cleanup", Time since last: 1009865251 ns, Reaching safepoint: 1774625 ns, At safepoint: 14208 ns, Total: 1788833 ns
[2022-04-29T06:05:52.038+0000][160][safepoint   ] Safepoint "Cleanup", Time since last: 1009769876 ns, Reaching safepoint: 720583 ns, At safepoint: 14625 ns, Total: 735208 ns
[2022-04-29T06:05:54.049+0000][160][safepoint   ] Safepoint "Cleanup", Time since last: 2010817793 ns, Reaching safepoint: 116916 ns, At safepoint: 5209 ns, Total: 122125 ns
[2022-04-29T06:05:55.056+0000][160][safepoint   ] Safepoint "Cleanup", Time since last: 1006763125 ns, Reaching safepoint: 580417 ns, At safepoint: 11958 ns, Total: 592375 ns
[2022-04-29T06:05:56.061+0000][160][safepoint   ] Safepoint "Cleanup", Time since last: 1004629834 ns, Reaching safepoint: 277417 ns, At safepoint: 6625 ns, Total: 284042 ns
[2022-04-29T06:05:57.065+0000][160][safepoint   ] Safepoint "Cleanup", Time since last: 1003618042 ns, Reaching safepoint: 145583 ns, At safepoint: 5625 ns, Total: 151208 ns
[2022-04-29T06:05:58.068+0000][160][safepoint   ] Safepoint "Cleanup", Time since last: 1002971500 ns, Reaching safepoint: 593917 ns, At safepoint: 6875 ns, Total: 600792 ns
[2022-04-29T06:06:00.075+0000][160][safepoint   ] Safepoint "Cleanup", Time since last: 2007078084 ns, Reaching safepoint: 128959 ns, At safepoint: 4250 ns, Total: 133209 ns
[2022-04-29T06:06:00.143+0000][160][safepoint   ] Safepoint "ICBufferFull", Time since last: 67016333 ns, Reaching safepoint: 190292 ns, At safepoint: 6833 ns, Total: 197125 ns
[2022-04-29T06:06:01.144+0000][160][safepoint   ] Safepoint "Cleanup", Time since last: 1000822501 ns, Reaching safepoint: 60458 ns, At safepoint: 1875 ns, Total: 62333 ns
[2022-04-29T06:06:02.144+0000][160][safepoint   ] Safepoint "Cleanup", Time since last: 1000709042 ns, Reaching safepoint: 159542 ns, At safepoint: 3458 ns, Total: 163000 ns
[2022-04-29T06:06:03.151+0000][160][safepoint   ] Safepoint "Cleanup", Time since last: 1006378667 ns, Reaching safepoint: 314250 ns, At safepoint: 4167 ns, Total: 318417 ns
[2022-04-29T06:06:05.161+0000][160][safepoint   ] Safepoint "Cleanup", Time since last: 2009702334 ns, Reaching safepoint: 604542 ns, At safepoint: 15125 ns, Total: 619667 ns
[2022-04-29T06:06:05.999+0000][160][safepoint   ] Safepoint "ICBufferFull", Time since last: 837273750 ns, Reaching safepoint: 147167 ns, At safepoint: 2125 ns, Total: 149292 ns
[2022-04-29T06:06:07.001+0000][160][safepoint   ] Safepoint "Cleanup", Time since last: 1001992417 ns, Reaching safepoint: 285542 ns, At safepoint: 8500 ns, Total: 294042 ns
[2022-04-29T06:06:08.000+0000][160][safepoint   ] Safepoint "Cleanup", Time since last: 1002692499 ns, Reaching safepoint: 332834 ns, At safepoint: 9791 ns, Total: 342625 ns
[2022-04-29T06:06:09.005+0000][160][safepoint   ] Safepoint "Cleanup", Time since last: 1004759626 ns, Reaching safepoint: 217250 ns, At safepoint: 3416 ns, Total: 220666 ns
[2022-04-29T06:06:10.006+0000][160][safepoint   ] Safepoint "Cleanup", Time since last: 1000889334 ns, Reaching safepoint: 223459 ns, At safepoint: 6500 ns, Total: 229959 ns
[2022-04-29T06:06:12.010+0000][160][safepoint   ] Safepoint "Cleanup", Time since last: 2004532459 ns, Reaching safepoint: 154167 ns, At safepoint: 4875 ns, Total: 159042 ns
[2022-04-29T06:06:12.260+0000][160][safepoint   ] Safepoint "ICBufferFull", Time since last: 249796458 ns, Reaching safepoint: 170000 ns, At safepoint: 11125 ns, Total: 181125 ns
[2022-04-29T06:06:13.263+0000][160][safepoint   ] Safepoint "Cleanup", Time since last: 1002614042 ns, Reaching safepoint: 149708 ns, At safepoint: 22792 ns, Total: 172500 ns
[2022-04-29T06:06:15.273+0000][160][safepoint   ] Safepoint "Cleanup", Time since last: 2009171043 ns, Reaching safepoint: 1072083 ns, At safepoint: 11542 ns, Total: 1083625 ns
[2022-04-29T06:06:16.687+0000][160][gc,start    ] GC(21) Pause Young (Normal) (G1 Evacuation Pause)
[2022-04-29T06:06:16.689+0000][160][gc,task     ] GC(21) Using 5 workers of 5 for evacuation
[2022-04-29T06:06:16.691+0000][160][gc,age      ] GC(21) Desired survivor size 20971520 bytes, new threshold 15 (max threshold 15)
[2022-04-29T06:06:16.701+0000][160][gc,age      ] GC(21) Age table with threshold 15 (max threshold 15)
[2022-04-29T06:06:16.703+0000][160][gc,age      ] GC(21) - age   1:    1646392 bytes,    1646392 total
[2022-04-29T06:06:16.704+0000][160][gc,age      ] GC(21) - age   2:    2033768 bytes,    3680160 total
[2022-04-29T06:06:16.706+0000][160][gc,age      ] GC(21) - age   3:    7697656 bytes,   11377816 total
[2022-04-29T06:06:16.707+0000][160][gc,age      ] GC(21) - age   4:      89152 bytes,   11466968 total
[2022-04-29T06:06:16.708+0000][160][gc,phases   ] GC(21)   Pre Evacuate Collection Set: 0.4ms
[2022-04-29T06:06:16.709+0000][160][gc,phases   ] GC(21)   Merge Heap Roots: 0.4ms
[2022-04-29T06:06:16.710+0000][160][gc,phases   ] GC(21)   Evacuate Collection Set: 6.1ms
[2022-04-29T06:06:16.711+0000][160][gc,phases   ] GC(21)   Post Evacuate Collection Set: 1.7ms
[2022-04-29T06:06:16.712+0000][160][gc,phases   ] GC(21)   Other: 12.1ms
[2022-04-29T06:06:16.713+0000][160][gc,heap     ] GC(21) Eden regions: 71->0(72)
[2022-04-29T06:06:16.714+0000][160][gc,heap     ] GC(21) Survivor regions: 3->3(10)
[2022-04-29T06:06:16.715+0000][160][gc,heap     ] GC(21) Old regions: 18->18
[2022-04-29T06:06:16.716+0000][160][gc,heap     ] GC(21) Archive regions: 2->2
[2022-04-29T06:06:16.719+0000][160][gc,heap     ] GC(21) Humongous regions: 6->6
[2022-04-29T06:06:16.719+0000][160][gc,metaspace] GC(21) Metaspace: 109569K(111232K)->109569K(111232K) NonClass: 94559K(95552K)->94559K(95552K) Class: 15009K(15680K)->15009K(15680K)
[2022-04-29T06:06:16.720+0000][160][gc          ] GC(21) Pause Young (Normal) (G1 Evacuation Pause) 394M->111M(512M) 32.899ms
[2022-04-29T06:06:16.721+0000][160][gc,cpu      ] GC(21) User=0.03s Sys=0.01s Real=0.03s
[2022-04-29T06:06:16.722+0000][160][safepoint   ] Safepoint "G1CollectForAllocation", Time since last: 1413513042 ns, Reaching safepoint: 133417 ns, At safepoint: 34645000 ns, Total: 34778417 ns
[2022-04-29T06:06:17.731+0000][160][safepoint   ] Safepoint "Cleanup", Time since last: 1008288000 ns, Reaching safepoint: 585834 ns, At safepoint: 13458 ns, Total: 599292 ns
[2022-04-29T06:06:18.747+0000][160][safepoint   ] Safepoint "Cleanup", Time since last: 1016328667 ns, Reaching safepoint: 298458 ns, At safepoint: 8959 ns, Total: 307417 ns
[2022-04-29T06:06:19.754+0000][160][safepoint   ] Safepoint "Cleanup", Time since last: 1005924834 ns, Reaching safepoint: 841625 ns, At safepoint: 9916 ns, Total: 851541 ns
[2022-04-29T06:06:21.770+0000][160][safepoint   ] Safepoint "Cleanup", Time since last: 2015475834 ns, Reaching safepoint: 264000 ns, At safepoint: 11084 ns, Total: 275084 ns
[2022-04-29T06:06:22.773+0000][160][safepoint   ] Safepoint "Cleanup", Time since last: 1003039250 ns, Reaching safepoint: 145084 ns, At safepoint: 4791 ns, Total: 149875 ns
[2022-04-29T06:06:23.782+0000][160][safepoint   ] Safepoint "Cleanup", Time since last: 1008950376 ns, Reaching safepoint: 173916 ns, At safepoint: 5542 ns, Total: 179458 ns
[2022-04-29T06:06:24.803+0000][160][safepoint   ] Safepoint "Cleanup", Time since last: 1020591709 ns, Reaching safepoint: 154500 ns, At safepoint: 3792 ns, Total: 158292 ns
[2022-04-29T06:06:26.805+0000][160][safepoint   ] Safepoint "Cleanup", Time since last: 2001919376 ns, Reaching safepoint: 199416 ns, At safepoint: 4500 ns, Total: 203916 ns
[2022-04-29T06:06:27.809+0000][160][safepoint   ] Safepoint "Cleanup", Time since last: 1003887292 ns, Reaching safepoint: 213834 ns, At safepoint: 6541 ns, Total: 220375 ns
[2022-04-29T06:06:29.833+0000][160][safepoint   ] Safepoint "Cleanup", Time since last: 2023809960 ns, Reaching safepoint: 185875 ns, At safepoint: 11083 ns, Total: 196958 ns
[2022-04-29T06:06:30.838+0000][160][safepoint   ] Safepoint "Cleanup", Time since last: 1003685250 ns, Reaching safepoint: 1044167 ns, At safepoint: 8875 ns, Total: 1053042 ns
[2022-04-29T06:06:31.847+0000][160][safepoint   ] Safepoint "Cleanup", Time since last: 1008998334 ns, Reaching safepoint: 141542 ns, At safepoint: 42166 ns, Total: 183708 ns
[2022-04-29T06:06:32.860+0000][160][safepoint   ] Safepoint "Cleanup", Time since last: 1012943792 ns, Reaching safepoint: 490959 ns, At safepoint: 5250 ns, Total: 496209 ns
[2022-04-29T06:06:33.866+0000][160][safepoint   ] Safepoint "Cleanup", Time since last: 1005633000 ns, Reaching safepoint: 207375 ns, At safepoint: 19834 ns, Total: 227209 ns
[2022-04-29T06:06:34.869+0000][160][safepoint   ] Safepoint "Cleanup", Time since last: 1002110083 ns, Reaching safepoint: 324459 ns, At safepoint: 11166 ns, Total: 335625 ns
[2022-04-29T06:06:35.882+0000][160][safepoint   ] Safepoint "Cleanup", Time since last: 1012902959 ns, Reaching safepoint: 54417 ns, At safepoint: 1625 ns, Total: 56042 ns
[2022-04-29T06:06:36.883+0000][160][safepoint   ] Safepoint "Cleanup", Time since last: 1001303625 ns, Reaching safepoint: 84459 ns, At safepoint: 2333 ns, Total: 86792 ns
[2022-04-29T06:06:37.884+0000][160][safepoint   ] Safepoint "Cleanup", Time since last: 1000934292 ns, Reaching safepoint: 211291 ns, At safepoint: 4042 ns, Total: 215333 ns
[2022-04-29T06:06:38.885+0000][160][safepoint   ] Safepoint "Cleanup", Time since last: 1000795709 ns, Reaching safepoint: 101791 ns, At safepoint: 3334 ns, Total: 105125 ns
[2022-04-29T06:06:39.886+0000][160][safepoint   ] Safepoint "Cleanup", Time since last: 1000899208 ns, Reaching safepoint: 382917 ns, At safepoint: 11208 ns, Total: 394125 ns
[2022-04-29T06:06:40.897+0000][160][safepoint   ] Safepoint "Cleanup", Time since last: 1010233043 ns, Reaching safepoint: 339916 ns, At safepoint: 8125 ns, Total: 348041 ns
[2022-04-29T06:06:41.900+0000][160][safepoint   ] Safepoint "Cleanup", Time since last: 1003596667 ns, Reaching safepoint: 59375 ns, At safepoint: 1875 ns, Total: 61250 ns
[2022-04-29T06:06:42.906+0000][160][safepoint   ] Safepoint "Cleanup", Time since last: 1005261293 ns, Reaching safepoint: 371791 ns, At safepoint: 10334 ns, Total: 382125 ns
[2022-04-29T06:06:44.910+0000][160][safepoint   ] Safepoint "Cleanup", Time since last: 2004028459 ns, Reaching safepoint: 210375 ns, At safepoint: 7125 ns, Total: 217500 ns
[2022-04-29T06:06:45.916+0000][160][safepoint   ] Safepoint "Cleanup", Time since last: 1005042917 ns, Reaching safepoint: 107667 ns, At safepoint: 1875 ns, Total: 109542 ns
[2022-04-29T06:06:46.919+0000][160][safepoint   ] Safepoint "Cleanup", Time since last: 1003296459 ns, Reaching safepoint: 144041 ns, At safepoint: 9167 ns, Total: 153208 ns
[2022-04-29T06:06:47.923+0000][160][safepoint   ] Safepoint "Cleanup", Time since last: 1003955959 ns, Reaching safepoint: 92625 ns, At safepoint: 4000 ns, Total: 96625 ns
[2022-04-29T06:06:48.926+0000][160][safepoint   ] Safepoint "Cleanup", Time since last: 1002212417 ns, Reaching safepoint: 647541 ns, At safepoint: 7084 ns, Total: 654625 ns
[2022-04-29T06:06:49.939+0000][160][safepoint   ] Safepoint "Cleanup", Time since last: 1010621042 ns, Reaching safepoint: 2646958 ns, At safepoint: 11334 ns, Total: 2658292 ns
[2022-04-29T06:06:50.946+0000][160][safepoint   ] Safepoint "Cleanup", Time since last: 1006541042 ns, Reaching safepoint: 196375 ns, At safepoint: 5250 ns, Total: 201625 ns
[2022-04-29T06:06:51.953+0000][160][safepoint   ] Safepoint "Cleanup", Time since last: 1006582584 ns, Reaching safepoint: 111208 ns, At safepoint: 5250 ns, Total: 116458 ns
[2022-04-29T06:06:52.957+0000][160][safepoint   ] Safepoint "Cleanup", Time since last: 1003889084 ns, Reaching safepoint: 215333 ns, At safepoint: 6625 ns, Total: 221958 ns
[2022-04-29T06:06:53.966+0000][160][safepoint   ] Safepoint "Cleanup", Time since last: 1009258292 ns, Reaching safepoint: 56667 ns, At safepoint: 3208 ns, Total: 59875 ns
[2022-04-29T06:06:54.967+0000][160][safepoint   ] Safepoint "Cleanup", Time since last: 1000798751 ns, Reaching safepoint: 233208 ns, At safepoint: 5083 ns, Total: 238291 ns
[2022-04-29T06:06:56.970+0000][160][safepoint   ] Safepoint "Cleanup", Time since last: 2002407543 ns, Reaching safepoint: 113708 ns, At safepoint: 4000 ns, Total: 117708 ns
[2022-04-29T06:06:57.972+0000][160][safepoint   ] Safepoint "Cleanup", Time since last: 1002103001 ns, Reaching safepoint: 106166 ns, At safepoint: 113125 ns, Total: 219291 ns
[2022-04-29T06:06:58.975+0000][160][safepoint   ] Safepoint "Cleanup", Time since last: 1002960501 ns, Reaching safepoint: 183208 ns, At safepoint: 6292 ns, Total: 189500 ns
[2022-04-29T06:06:59.979+0000][160][safepoint   ] Safepoint "Cleanup", Time since last: 1003539042 ns, Reaching safepoint: 135875 ns, At safepoint: 3833 ns, Total: 139708 ns
[2022-04-29T06:07:00.982+0000][160][safepoint   ] Safepoint "Cleanup", Time since last: 1002385376 ns, Reaching safepoint: 466292 ns, At safepoint: 10708 ns, Total: 477000 ns
[2022-04-29T06:07:01.986+0000][160][safepoint   ] Safepoint "Cleanup", Time since last: 1003968792 ns, Reaching safepoint: 255833 ns, At safepoint: 12209 ns, Total: 268042 ns
[2022-04-29T06:07:03.854+0000][160][safepoint   ] Safepoint "Cleanup", Time since last: 1867930959 ns, Reaching safepoint: 456750 ns, At safepoint: 7000 ns, Total: 463750 ns
[2022-04-29T06:07:04.858+0000][160][safepoint   ] Safepoint "Cleanup", Time since last: 1003239000 ns, Reaching safepoint: 345584 ns, At safepoint: 8666 ns, Total: 354250 ns
[2022-04-29T06:07:05.877+0000][160][safepoint   ] Safepoint "Cleanup", Time since last: 1019379251 ns, Reaching safepoint: 203667 ns, At safepoint: 4375 ns, Total: 208042 ns
[2022-04-29T06:07:07.473+0000][160][safepoint   ] Safepoint "Cleanup", Time since last: 1595328125 ns, Reaching safepoint: 169084 ns, At safepoint: 5083 ns, Total: 174167 ns
[2022-04-29T06:07:09.489+0000][160][safepoint   ] Safepoint "Cleanup", Time since last: 2009509542 ns, Reaching safepoint: 5342959 ns, At safepoint: 18208 ns, Total: 5361167 ns
[2022-04-29T06:07:10.506+0000][160][safepoint   ] Safepoint "Cleanup", Time since last: 1015851959 ns, Reaching safepoint: 1377583 ns, At safepoint: 9875 ns, Total: 1387458 ns
[2022-04-29T06:07:12.524+0000][160][safepoint   ] Safepoint "Cleanup", Time since last: 2017148876 ns, Reaching safepoint: 635417 ns, At safepoint: 10625 ns, Total: 646042 ns
[2022-04-29T06:07:13.425+0000][160][gc,start    ] GC(22) Pause Young (Normal) (G1 Evacuation Pause)
[2022-04-29T06:07:13.425+0000][160][gc,task     ] GC(22) Using 5 workers of 5 for evacuation
[2022-04-29T06:07:13.426+0000][160][gc,age      ] GC(22) Desired survivor size 20971520 bytes, new threshold 15 (max threshold 15)
[2022-04-29T06:07:13.433+0000][160][gc,age      ] GC(22) Age table with threshold 15 (max threshold 15)
[2022-04-29T06:07:13.434+0000][160][gc,age      ] GC(22) - age   1:     464120 bytes,     464120 total
[2022-04-29T06:07:13.434+0000][160][gc,age      ] GC(22) - age   2:     689424 bytes,    1153544 total
[2022-04-29T06:07:13.435+0000][160][gc,age      ] GC(22) - age   3:    2032976 bytes,    3186520 total
[2022-04-29T06:07:13.436+0000][160][gc,age      ] GC(22) - age   4:    7697656 bytes,   10884176 total
[2022-04-29T06:07:13.437+0000][160][gc,age      ] GC(22) - age   5:      89152 bytes,   10973328 total
[2022-04-29T06:07:13.438+0000][160][gc,phases   ] GC(22)   Pre Evacuate Collection Set: 0.1ms
[2022-04-29T06:07:13.439+0000][160][gc,phases   ] GC(22)   Merge Heap Roots: 0.0ms
[2022-04-29T06:07:13.440+0000][160][gc,phases   ] GC(22)   Evacuate Collection Set: 4.0ms
[2022-04-29T06:07:13.440+0000][160][gc,phases   ] GC(22)   Post Evacuate Collection Set: 0.7ms
[2022-04-29T06:07:13.441+0000][160][gc,phases   ] GC(22)   Other: 8.5ms
[2022-04-29T06:07:13.442+0000][160][gc,heap     ] GC(22) Eden regions: 72->0(73)
[2022-04-29T06:07:13.442+0000][160][gc,heap     ] GC(22) Survivor regions: 3->3(10)
[2022-04-29T06:07:13.443+0000][160][gc,heap     ] GC(22) Old regions: 18->18
[2022-04-29T06:07:13.443+0000][160][gc,heap     ] GC(22) Archive regions: 2->2
[2022-04-29T06:07:13.444+0000][160][gc,heap     ] GC(22) Humongous regions: 6->6
[2022-04-29T06:07:13.444+0000][160][gc,metaspace] GC(22) Metaspace: 110287K(112000K)->110287K(112000K) NonClass: 95274K(96256K)->95274K(96256K) Class: 15013K(15744K)->15013K(15744K)
[2022-04-29T06:07:13.445+0000][160][gc          ] GC(22) Pause Young (Normal) (G1 Evacuation Pause) 399M->110M(512M) 20.315ms
[2022-04-29T06:07:13.446+0000][160][gc,cpu      ] GC(22) User=0.02s Sys=0.00s Real=0.02s
[2022-04-29T06:07:13.446+0000][160][safepoint   ] Safepoint "G1CollectForAllocation", Time since last: 900423292 ns, Reaching safepoint: 166541 ns, At safepoint: 21619417 ns, Total: 21785958 ns
[2022-04-29T06:07:14.450+0000][160][safepoint   ] Safepoint "Cleanup", Time since last: 1001858167 ns, Reaching safepoint: 1682834 ns, At safepoint: 17000 ns, Total: 1699834 ns
[2022-04-29T06:07:15.469+0000][160][safepoint   ] Safepoint "Cleanup", Time since last: 1018612625 ns, Reaching safepoint: 296333 ns, At safepoint: 10167 ns, Total: 306500 ns
[2022-04-29T06:07:16.478+0000][160][safepoint   ] Safepoint "Cleanup", Time since last: 1009202167 ns, Reaching safepoint: 191167 ns, At safepoint: 8333 ns, Total: 199500 ns
[2022-04-29T06:07:17.492+0000][160][safepoint   ] Safepoint "Cleanup", Time since last: 1013695042 ns, Reaching safepoint: 251209 ns, At safepoint: 6833 ns, Total: 258042 ns
[2022-04-29T06:07:18.494+0000][160][safepoint   ] Safepoint "Cleanup", Time since last: 1001984751 ns, Reaching safepoint: 92916 ns, At safepoint: 3084 ns, Total: 96000 ns
[2022-04-29T06:07:19.499+0000][160][safepoint   ] Safepoint "Cleanup", Time since last: 1004570750 ns, Reaching safepoint: 122833 ns, At safepoint: 4959 ns, Total: 127792 ns
[2022-04-29T06:07:20.504+0000][160][safepoint   ] Safepoint "Cleanup", Time since last: 1005014084 ns, Reaching safepoint: 224375 ns, At safepoint: 7625 ns, Total: 232000 ns
[2022-04-29T06:07:21.514+0000][160][safepoint   ] Safepoint "Cleanup", Time since last: 1009758667 ns, Reaching safepoint: 134875 ns, At safepoint: 3500 ns, Total: 138375 ns
[2022-04-29T06:07:22.521+0000][160][safepoint   ] Safepoint "Cleanup", Time since last: 1006740792 ns, Reaching safepoint: 655875 ns, At safepoint: 17667 ns, Total: 673542 ns
[2022-04-29T06:07:24.536+0000][160][safepoint   ] Safepoint "Cleanup", Time since last: 2014137875 ns, Reaching safepoint: 442584 ns, At safepoint: 11708 ns, Total: 454292 ns
[2022-04-29T06:07:25.556+0000][160][safepoint   ] Safepoint "Cleanup", Time since last: 1019683751 ns, Reaching safepoint: 196958 ns, At safepoint: 7000 ns, Total: 203958 ns
[2022-04-29T06:07:27.562+0000][160][safepoint   ] Safepoint "Cleanup", Time since last: 2006083918 ns, Reaching safepoint: 294000 ns, At safepoint: 6500 ns, Total: 300500 ns
[2022-04-29T06:07:29.569+0000][160][safepoint   ] Safepoint "Cleanup", Time since last: 2007080334 ns, Reaching safepoint: 137833 ns, At safepoint: 4667 ns, Total: 142500 ns
[2022-04-29T06:07:30.574+0000][160][safepoint   ] Safepoint "Cleanup", Time since last: 1004229459 ns, Reaching safepoint: 143916 ns, At safepoint: 11834 ns, Total: 155750 ns
[2022-04-29T06:07:31.575+0000][160][safepoint   ] Safepoint "Cleanup", Time since last: 1001284458 ns, Reaching safepoint: 201417 ns, At safepoint: 18583 ns, Total: 220000 ns
[2022-04-29T06:07:32.580+0000][160][safepoint   ] Safepoint "Cleanup", Time since last: 1002201376 ns, Reaching safepoint: 2571583 ns, At safepoint: 36917 ns, Total: 2608500 ns
[2022-04-29T06:07:33.587+0000][160][safepoint   ] Safepoint "Cleanup", Time since last: 1006243500 ns, Reaching safepoint: 529084 ns, At safepoint: 8625 ns, Total: 537709 ns
[2022-04-29T06:07:34.593+0000][160][safepoint   ] Safepoint "Cleanup", Time since last: 1005651834 ns, Reaching safepoint: 217166 ns, At safepoint: 6584 ns, Total: 223750 ns
[2022-04-29T06:07:36.602+0000][160][safepoint   ] Safepoint "Cleanup", Time since last: 2009012042 ns, Reaching safepoint: 390084 ns, At safepoint: 6458 ns, Total: 396542 ns
[2022-04-29T06:07:37.611+0000][160][safepoint   ] Safepoint "Cleanup", Time since last: 1008147792 ns, Reaching safepoint: 511208 ns, At safepoint: 11125 ns, Total: 522333 ns
[2022-04-29T06:07:39.616+0000][160][safepoint   ] Safepoint "Cleanup", Time since last: 2004598209 ns, Reaching safepoint: 300000 ns, At safepoint: 10667 ns, Total: 310667 ns
[2022-04-29T06:07:40.619+0000][160][safepoint   ] Safepoint "Cleanup", Time since last: 1003375750 ns, Reaching safepoint: 180500 ns, At safepoint: 6583 ns, Total: 187083 ns
[2022-04-29T06:07:42.623+0000][160][safepoint   ] Safepoint "Cleanup", Time since last: 2002985085 ns, Reaching safepoint: 728166 ns, At safepoint: 11125 ns, Total: 739291 ns
[2022-04-29T06:07:43.630+0000][160][safepoint   ] Safepoint "Cleanup", Time since last: 1006816501 ns, Reaching safepoint: 275875 ns, At safepoint: 9500 ns, Total: 285375 ns
[2022-04-29T06:07:44.637+0000][160][safepoint   ] Safepoint "Cleanup", Time since last: 1004131584 ns, Reaching safepoint: 2386291 ns, At safepoint: 16417 ns, Total: 2402708 ns
[2022-04-29T06:07:45.647+0000][160][safepoint   ] Safepoint "Cleanup", Time since last: 1010368042 ns, Reaching safepoint: 102000 ns, At safepoint: 2375 ns, Total: 104375 ns
[2022-04-29T06:07:47.652+0000][160][safepoint   ] Safepoint "Cleanup", Time since last: 2004147918 ns, Reaching safepoint: 506250 ns, At safepoint: 33458 ns, Total: 539708 ns
[2022-04-29T06:07:48.654+0000][160][safepoint   ] Safepoint "Cleanup", Time since last: 1001843501 ns, Reaching safepoint: 589916 ns, At safepoint: 12334 ns, Total: 602250 ns
[2022-04-29T06:07:49.659+0000][160][safepoint   ] Safepoint "Cleanup", Time since last: 1004629583 ns, Reaching safepoint: 212459 ns, At safepoint: 9750 ns, Total: 222209 ns
[2022-04-29T06:07:51.672+0000][160][safepoint   ] Safepoint "Cleanup", Time since last: 2011805876 ns, Reaching safepoint: 1275791 ns, At safepoint: 19500 ns, Total: 1295291 ns
[2022-04-29T06:07:52.681+0000][160][safepoint   ] Safepoint "Cleanup", Time since last: 1008081043 ns, Reaching safepoint: 526500 ns, At safepoint: 12250 ns, Total: 538750 ns
[2022-04-29T06:07:54.688+0000][160][safepoint   ] Safepoint "Cleanup", Time since last: 2006634042 ns, Reaching safepoint: 609250 ns, At safepoint: 9875 ns, Total: 619125 ns
[2022-04-29T06:07:55.692+0000][160][safepoint   ] Safepoint "Cleanup", Time since last: 1003984834 ns, Reaching safepoint: 472458 ns, At safepoint: 6417 ns, Total: 478875 ns
[2022-04-29T06:07:57.705+0000][160][safepoint   ] Safepoint "Cleanup", Time since last: 2011626334 ns, Reaching safepoint: 496292 ns, At safepoint: 11708 ns, Total: 508000 ns
[2022-04-29T06:07:58.715+0000][160][safepoint   ] Safepoint "Cleanup", Time since last: 1009709501 ns, Reaching safepoint: 258250 ns, At safepoint: 7208 ns, Total: 265458 ns
[2022-04-29T06:07:59.725+0000][160][safepoint   ] Safepoint "Cleanup", Time since last: 1010181209 ns, Reaching safepoint: 315500 ns, At safepoint: 7708 ns, Total: 323208 ns
[2022-04-29T06:08:00.728+0000][160][safepoint   ] Safepoint "Cleanup", Time since last: 1002799042 ns, Reaching safepoint: 107459 ns, At safepoint: 22500 ns, Total: 129959 ns
[2022-04-29T06:08:02.735+0000][160][safepoint   ] Safepoint "Cleanup", Time since last: 2005941834 ns, Reaching safepoint: 607542 ns, At safepoint: 14916 ns, Total: 622458 ns
[2022-04-29T06:08:03.755+0000][160][safepoint   ] Safepoint "Cleanup", Time since last: 1020036584 ns, Reaching safepoint: 66584 ns, At safepoint: 3166 ns, Total: 69750 ns
[2022-04-29T06:08:04.756+0000][160][safepoint   ] Safepoint "Cleanup", Time since last: 1001424459 ns, Reaching safepoint: 378458 ns, At safepoint: 23709 ns, Total: 402167 ns
[2022-04-29T06:08:06.765+0000][160][safepoint   ] Safepoint "Cleanup", Time since last: 2008086459 ns, Reaching safepoint: 331083 ns, At safepoint: 8584 ns, Total: 339667 ns
[2022-04-29T06:08:07.773+0000][160][safepoint   ] Safepoint "Cleanup", Time since last: 1007575083 ns, Reaching safepoint: 992250 ns, At safepoint: 13584 ns, Total: 1005834 ns
[2022-04-29T06:08:09.782+0000][160][safepoint   ] Safepoint "Cleanup", Time since last: 2008731292 ns, Reaching safepoint: 1079208 ns, At safepoint: 11209 ns, Total: 1090417 ns
[2022-04-29T06:08:10.790+0000][160][safepoint   ] Safepoint "Cleanup", Time since last: 1007240167 ns, Reaching safepoint: 161958 ns, At safepoint: 5792 ns, Total: 167750 ns
[2022-04-29T06:08:12.800+0000][160][safepoint   ] Safepoint "Cleanup", Time since last: 2009816293 ns, Reaching safepoint: 127541 ns, At safepoint: 88042 ns, Total: 215583 ns
[2022-04-29T06:08:14.802+0000][160][safepoint   ] Safepoint "Cleanup", Time since last: 2002096209 ns, Reaching safepoint: 262042 ns, At safepoint: 8791 ns, Total: 270833 ns
[2022-04-29T06:08:15.809+0000][160][safepoint   ] Safepoint "Cleanup", Time since last: 1006344334 ns, Reaching safepoint: 582709 ns, At safepoint: 8583 ns, Total: 591292 ns
[2022-04-29T06:08:17.814+0000][160][safepoint   ] Safepoint "Cleanup", Time since last: 2004977084 ns, Reaching safepoint: 169500 ns, At safepoint: 5584 ns, Total: 175084 ns
[2022-04-29T06:08:18.154+0000][160][gc,start    ] GC(23) Pause Young (Normal) (G1 Evacuation Pause)
[2022-04-29T06:08:18.154+0000][160][gc,task     ] GC(23) Using 5 workers of 5 for evacuation
[2022-04-29T06:08:18.155+0000][160][gc,age      ] GC(23) Desired survivor size 20971520 bytes, new threshold 15 (max threshold 15)
[2022-04-29T06:08:18.165+0000][160][gc,age      ] GC(23) Age table with threshold 15 (max threshold 15)
[2022-04-29T06:08:18.166+0000][160][gc,age      ] GC(23) - age   1:    1599816 bytes,    1599816 total
[2022-04-29T06:08:18.167+0000][160][gc,age      ] GC(23) - age   2:      33672 bytes,    1633488 total
[2022-04-29T06:08:18.168+0000][160][gc,age      ] GC(23) - age   3:     555080 bytes,    2188568 total
[2022-04-29T06:08:18.169+0000][160][gc,age      ] GC(23) - age   4:    1915928 bytes,    4104496 total
[2022-04-29T06:08:18.169+0000][160][gc,age      ] GC(23) - age   5:    7697456 bytes,   11801952 total
[2022-04-29T06:08:18.170+0000][160][gc,age      ] GC(23) - age   6:      89152 bytes,   11891104 total
[2022-04-29T06:08:18.171+0000][160][gc,phases   ] GC(23)   Pre Evacuate Collection Set: 0.2ms
[2022-04-29T06:08:18.172+0000][160][gc,phases   ] GC(23)   Merge Heap Roots: 0.1ms
[2022-04-29T06:08:18.173+0000][160][gc,phases   ] GC(23)   Evacuate Collection Set: 7.5ms
[2022-04-29T06:08:18.173+0000][160][gc,phases   ] GC(23)   Post Evacuate Collection Set: 1.4ms
[2022-04-29T06:08:18.174+0000][160][gc,phases   ] GC(23)   Other: 8.5ms
[2022-04-29T06:08:18.174+0000][160][gc,heap     ] GC(23) Eden regions: 73->0(73)
[2022-04-29T06:08:18.175+0000][160][gc,heap     ] GC(23) Survivor regions: 3->3(10)
[2022-04-29T06:08:18.176+0000][160][gc,heap     ] GC(23) Old regions: 18->18
[2022-04-29T06:08:18.177+0000][160][gc,heap     ] GC(23) Archive regions: 2->2
[2022-04-29T06:08:18.177+0000][160][gc,heap     ] GC(23) Humongous regions: 6->6
[2022-04-29T06:08:18.178+0000][160][gc,metaspace] GC(23) Metaspace: 110944K(112640K)->110944K(112640K) NonClass: 95906K(96896K)->95906K(96896K) Class: 15037K(15744K)->15037K(15744K)
[2022-04-29T06:08:18.178+0000][160][gc          ] GC(23) Pause Young (Normal) (G1 Evacuation Pause) 402M->111M(512M) 24.883ms
[2022-04-29T06:08:18.179+0000][160][gc,cpu      ] GC(23) User=0.03s Sys=0.01s Real=0.03s
[2022-04-29T06:08:18.180+0000][160][safepoint   ] Safepoint "G1CollectForAllocation", Time since last: 338953125 ns, Reaching safepoint: 173458 ns, At safepoint: 26273792 ns, Total: 26447250 ns
[2022-04-29T06:08:19.181+0000][160][safepoint   ] Safepoint "Cleanup", Time since last: 1000603042 ns, Reaching safepoint: 256042 ns, At safepoint: 11791 ns, Total: 267833 ns
[2022-04-29T06:08:20.182+0000][160][safepoint   ] Safepoint "Cleanup", Time since last: 1000870209 ns, Reaching safepoint: 243208 ns, At safepoint: 10375 ns, Total: 253583 ns
[2022-04-29T06:08:21.188+0000][160][safepoint   ] Safepoint "Cleanup", Time since last: 1006159126 ns, Reaching safepoint: 63542 ns, At safepoint: 1833 ns, Total: 65375 ns
[2022-04-29T06:08:22.191+0000][160][safepoint   ] Safepoint "Cleanup", Time since last: 1002663750 ns, Reaching safepoint: 425334 ns, At safepoint: 11833 ns, Total: 437167 ns
[2022-04-29T06:08:23.203+0000][160][safepoint   ] Safepoint "Cleanup", Time since last: 1011351667 ns, Reaching safepoint: 529500 ns, At safepoint: 7167 ns, Total: 536667 ns
[2022-04-29T06:08:24.211+0000][160][safepoint   ] Safepoint "Cleanup", Time since last: 1007471917 ns, Reaching safepoint: 70208 ns, At safepoint: 2209 ns, Total: 72417 ns
[2022-04-29T06:08:25.213+0000][160][safepoint   ] Safepoint "Cleanup", Time since last: 1002613292 ns, Reaching safepoint: 78833 ns, At safepoint: 2333 ns, Total: 81166 ns
[2022-04-29T06:08:27.224+0000][160][safepoint   ] Safepoint "Cleanup", Time since last: 2009242085 ns, Reaching safepoint: 1191041 ns, At safepoint: 13167 ns, Total: 1204208 ns
[2022-04-29T06:08:30.231+0000][160][safepoint   ] Safepoint "Cleanup", Time since last: 3007078668 ns, Reaching safepoint: 80000 ns, At safepoint: 1459 ns, Total: 81459 ns
[2022-04-29T06:08:32.233+0000][160][safepoint   ] Safepoint "Cleanup", Time since last: 2001626292 ns, Reaching safepoint: 277792 ns, At safepoint: 7125 ns, Total: 284917 ns
[2022-04-29T06:08:33.237+0000][160][safepoint   ] Safepoint "Cleanup", Time since last: 1003826500 ns, Reaching safepoint: 166917 ns, At safepoint: 4375 ns, Total: 171292 ns
[2022-04-29T06:08:34.242+0000][160][safepoint   ] Safepoint "Cleanup", Time since last: 1005506875 ns, Reaching safepoint: 245709 ns, At safepoint: 6041 ns, Total: 251750 ns
[2022-04-29T06:08:35.251+0000][160][safepoint   ] Safepoint "Cleanup", Time since last: 1007571126 ns, Reaching safepoint: 1113375 ns, At safepoint: 17667 ns, Total: 1131042 ns
[2022-04-29T06:08:36.261+0000][160][safepoint   ] Safepoint "Cleanup", Time since last: 1009622875 ns, Reaching safepoint: 110833 ns, At safepoint: 4500 ns, Total: 115333 ns
[2022-04-29T06:08:37.263+0000][160][safepoint   ] Safepoint "Cleanup", Time since last: 1001335918 ns, Reaching safepoint: 291375 ns, At safepoint: 5375 ns, Total: 296750 ns
[2022-04-29T06:08:38.265+0000][160][safepoint   ] Safepoint "Cleanup", Time since last: 1002481916 ns, Reaching safepoint: 964583 ns, At safepoint: 13792 ns, Total: 978375 ns
[2022-04-29T06:08:39.275+0000][160][safepoint   ] Safepoint "Cleanup", Time since last: 1009721167 ns, Reaching safepoint: 226375 ns, At safepoint: 8542 ns, Total: 234917 ns
[2022-04-29T06:08:40.281+0000][160][safepoint   ] Safepoint "Cleanup", Time since last: 1005129167 ns, Reaching safepoint: 731208 ns, At safepoint: 18125 ns, Total: 749333 ns
[2022-04-29T06:08:42.295+0000][160][safepoint   ] Safepoint "Cleanup", Time since last: 2013543460 ns, Reaching safepoint: 129458 ns, At safepoint: 3625 ns, Total: 133083 ns
[2022-04-29T06:08:44.296+0000][160][safepoint   ] Safepoint "Cleanup", Time since last: 2001043668 ns, Reaching safepoint: 405083 ns, At safepoint: 12250 ns, Total: 417333 ns
[2022-04-29T06:08:45.300+0000][160][safepoint   ] Safepoint "Cleanup", Time since last: 1003678250 ns, Reaching safepoint: 235709 ns, At safepoint: 5041 ns, Total: 240750 ns
[2022-04-29T06:08:46.308+0000][160][safepoint   ] Safepoint "Cleanup", Time since last: 1007443709 ns, Reaching safepoint: 325167 ns, At safepoint: 7542 ns, Total: 332709 ns
[2022-04-29T06:08:47.312+0000][160][safepoint   ] Safepoint "Cleanup", Time since last: 1004130625 ns, Reaching safepoint: 196833 ns, At safepoint: 5250 ns, Total: 202083 ns
[2022-04-29T06:08:48.331+0000][160][safepoint   ] Safepoint "Cleanup", Time since last: 1018126126 ns, Reaching safepoint: 208750 ns, At safepoint: 3958 ns, Total: 212708 ns
[2022-04-29T06:08:50.334+0000][160][safepoint   ] Safepoint "Cleanup", Time since last: 2002930001 ns, Reaching safepoint: 384875 ns, At safepoint: 10583 ns, Total: 395458 ns
[2022-04-29T06:08:51.341+0000][160][safepoint   ] Safepoint "Cleanup", Time since last: 1006385501 ns, Reaching safepoint: 356292 ns, At safepoint: 9500 ns, Total: 365792 ns
[2022-04-29T06:08:52.348+0000][160][safepoint   ] Safepoint "Cleanup", Time since last: 1006484458 ns, Reaching safepoint: 809792 ns, At safepoint: 14042 ns, Total: 823834 ns
[2022-04-29T06:08:54.366+0000][160][safepoint   ] Safepoint "Cleanup", Time since last: 2017723792 ns, Reaching safepoint: 93209 ns, At safepoint: 2791 ns, Total: 96000 ns
[2022-04-29T06:08:55.367+0000][160][safepoint   ] Safepoint "Cleanup", Time since last: 1001519668 ns, Reaching safepoint: 60708 ns, At safepoint: 3417 ns, Total: 64125 ns
[2022-04-29T06:08:57.371+0000][160][safepoint   ] Safepoint "Cleanup", Time since last: 2003385209 ns, Reaching safepoint: 210291 ns, At safepoint: 4875 ns, Total: 215166 ns
[2022-04-29T06:08:58.374+0000][160][safepoint   ] Safepoint "Cleanup", Time since last: 1002914334 ns, Reaching safepoint: 242959 ns, At safepoint: 5000 ns, Total: 247959 ns
[2022-04-29T06:08:59.380+0000][160][safepoint   ] Safepoint "Cleanup", Time since last: 1005818167 ns, Reaching safepoint: 137041 ns, At safepoint: 8542 ns, Total: 145583 ns
[2022-04-29T06:09:00.385+0000][160][safepoint   ] Safepoint "Cleanup", Time since last: 1005060792 ns, Reaching safepoint: 125917 ns, At safepoint: 3792 ns, Total: 129709 ns
[2022-04-29T06:09:02.393+0000][160][safepoint   ] Safepoint "Cleanup", Time since last: 2008094751 ns, Reaching safepoint: 141333 ns, At safepoint: 5083 ns, Total: 146416 ns
[2022-04-29T06:09:03.404+0000][160][safepoint   ] Safepoint "Cleanup", Time since last: 1010581542 ns, Reaching safepoint: 133209 ns, At safepoint: 4958 ns, Total: 138167 ns
[2022-04-29T06:09:04.409+0000][160][safepoint   ] Safepoint "Cleanup", Time since last: 1004246167 ns, Reaching safepoint: 269125 ns, At safepoint: 7458 ns, Total: 276583 ns
[2022-04-29T06:09:06.418+0000][160][safepoint   ] Safepoint "Cleanup", Time since last: 2008992460 ns, Reaching safepoint: 135875 ns, At safepoint: 2458 ns, Total: 138333 ns
[2022-04-29T06:09:07.420+0000][160][safepoint   ] Safepoint "Cleanup", Time since last: 1002485001 ns, Reaching safepoint: 51833 ns, At safepoint: 1708 ns, Total: 53541 ns
[2022-04-29T06:09:09.149+0000][160][safepoint   ] Safepoint "Cleanup", Time since last: 1726862042 ns, Reaching safepoint: 132167 ns, At safepoint: 4208 ns, Total: 136375 ns
[2022-04-29T06:09:10.155+0000][160][safepoint   ] Safepoint "Cleanup", Time since last: 1005744876 ns, Reaching safepoint: 300708 ns, At safepoint: 10250 ns, Total: 310958 ns
[2022-04-29T06:09:12.164+0000][160][safepoint   ] Safepoint "Cleanup", Time since last: 2008444751 ns, Reaching safepoint: 73750 ns, At safepoint: 4292 ns, Total: 78042 ns
[2022-04-29T06:09:13.166+0000][160][safepoint   ] Safepoint "Cleanup", Time since last: 1001423333 ns, Reaching safepoint: 339875 ns, At safepoint: 12084 ns, Total: 351959 ns
[2022-04-29T06:09:15.172+0000][160][safepoint   ] Safepoint "Cleanup", Time since last: 2005574584 ns, Reaching safepoint: 591542 ns, At safepoint: 8000 ns, Total: 599542 ns
[2022-04-29T06:09:17.181+0000][160][safepoint   ] Safepoint "Cleanup", Time since last: 2008602209 ns, Reaching safepoint: 384500 ns, At safepoint: 19000 ns, Total: 403500 ns
[2022-04-29T06:09:18.190+0000][160][safepoint   ] Safepoint "Cleanup", Time since last: 1008734709 ns, Reaching safepoint: 99583 ns, At safepoint: 2375 ns, Total: 101958 ns
[2022-04-29T06:09:19.191+0000][160][safepoint   ] Safepoint "Cleanup", Time since last: 1001279751 ns, Reaching safepoint: 446833 ns, At safepoint: 9875 ns, Total: 456708 ns
[2022-04-29T06:09:19.477+0000][160][gc,start    ] GC(24) Pause Young (Normal) (G1 Evacuation Pause)
[2022-04-29T06:09:19.477+0000][160][gc,task     ] GC(24) Using 5 workers of 5 for evacuation
[2022-04-29T06:09:19.478+0000][160][gc,age      ] GC(24) Desired survivor size 20971520 bytes, new threshold 15 (max threshold 15)
[2022-04-29T06:09:19.485+0000][160][gc,age      ] GC(24) Age table with threshold 15 (max threshold 15)
[2022-04-29T06:09:19.487+0000][160][gc,age      ] GC(24) - age   1:     965192 bytes,     965192 total
[2022-04-29T06:09:19.488+0000][160][gc,age      ] GC(24) - age   2:      71664 bytes,    1036856 total
[2022-04-29T06:09:19.490+0000][160][gc,age      ] GC(24) - age   3:      32904 bytes,    1069760 total
[2022-04-29T06:09:19.491+0000][160][gc,age      ] GC(24) - age   4:     554408 bytes,    1624168 total
[2022-04-29T06:09:19.492+0000][160][gc,age      ] GC(24) - age   5:    1914704 bytes,    3538872 total
[2022-04-29T06:09:19.493+0000][160][gc,age      ] GC(24) - age   6:    7697392 bytes,   11236264 total
[2022-04-29T06:09:19.494+0000][160][gc,age      ] GC(24) - age   7:      89152 bytes,   11325416 total
[2022-04-29T06:09:19.495+0000][160][gc,phases   ] GC(24)   Pre Evacuate Collection Set: 0.1ms
[2022-04-29T06:09:19.495+0000][160][gc,phases   ] GC(24)   Merge Heap Roots: 0.0ms
[2022-04-29T06:09:19.496+0000][160][gc,phases   ] GC(24)   Evacuate Collection Set: 5.1ms
[2022-04-29T06:09:19.497+0000][160][gc,phases   ] GC(24)   Post Evacuate Collection Set: 0.9ms
[2022-04-29T06:09:19.498+0000][160][gc,phases   ] GC(24)   Other: 11.8ms
[2022-04-29T06:09:19.498+0000][160][gc,heap     ] GC(24) Eden regions: 73->0(73)
[2022-04-29T06:09:19.499+0000][160][gc,heap     ] GC(24) Survivor regions: 3->3(10)
[2022-04-29T06:09:19.500+0000][160][gc,heap     ] GC(24) Old regions: 18->18
[2022-04-29T06:09:19.500+0000][160][gc,heap     ] GC(24) Archive regions: 2->2
[2022-04-29T06:09:19.501+0000][160][gc,heap     ] GC(24) Humongous regions: 6->6
[2022-04-29T06:09:19.502+0000][160][gc,metaspace] GC(24) Metaspace: 111394K(113024K)->111394K(113024K) NonClass: 96356K(97280K)->96356K(97280K) Class: 15037K(15744K)->15037K(15744K)
[2022-04-29T06:09:19.503+0000][160][gc          ] GC(24) Pause Young (Normal) (G1 Evacuation Pause) 403M->111M(512M) 26.210ms
[2022-04-29T06:09:19.504+0000][160][gc,cpu      ] GC(24) User=0.02s Sys=0.00s Real=0.03s
[2022-04-29T06:09:19.504+0000][160][safepoint   ] Safepoint "G1CollectForAllocation", Time since last: 285002083 ns, Reaching safepoint: 134584 ns, At safepoint: 27841791 ns, Total: 27976375 ns
[2022-04-29T06:09:20.511+0000][160][safepoint   ] Safepoint "Cleanup", Time since last: 1005966126 ns, Reaching safepoint: 393458 ns, At safepoint: 7584 ns, Total: 401042 ns
[2022-04-29T06:09:21.517+0000][160][safepoint   ] Safepoint "Cleanup", Time since last: 1006047833 ns, Reaching safepoint: 205792 ns, At safepoint: 10500 ns, Total: 216292 ns
[2022-04-29T06:09:22.522+0000][160][safepoint   ] Safepoint "Cleanup", Time since last: 1004965625 ns, Reaching safepoint: 242792 ns, At safepoint: 9208 ns, Total: 252000 ns
[2022-04-29T06:09:24.532+0000][160][safepoint   ] Safepoint "Cleanup", Time since last: 2009699918 ns, Reaching safepoint: 242000 ns, At safepoint: 4542 ns, Total: 246542 ns
[2022-04-29T06:09:26.544+0000][160][safepoint   ] Safepoint "Cleanup", Time since last: 2008964376 ns, Reaching safepoint: 2542166 ns, At safepoint: 14292 ns, Total: 2556458 ns
[2022-04-29T06:09:26.870+0000][160][safepoint   ] Safepoint "ICBufferFull", Time since last: 325707625 ns, Reaching safepoint: 686542 ns, At safepoint: 62875 ns, Total: 749417 ns
[2022-04-29T06:09:26.881+0000][160][safepoint   ] Safepoint "ICBufferFull", Time since last: 10666208 ns, Reaching safepoint: 280917 ns, At safepoint: 27333 ns, Total: 308250 ns
[2022-04-29T06:09:26.891+0000][160][safepoint   ] Safepoint "ICBufferFull", Time since last: 9844209 ns, Reaching safepoint: 317833 ns, At safepoint: 13958 ns, Total: 331791 ns
[2022-04-29T06:09:26.893+0000][160][safepoint   ] Safepoint "ICBufferFull", Time since last: 1683459 ns, Reaching safepoint: 182833 ns, At safepoint: 34875 ns, Total: 217708 ns
[2022-04-29T06:09:26.896+0000][160][safepoint   ] Safepoint "ICBufferFull", Time since last: 2471375 ns, Reaching safepoint: 270583 ns, At safepoint: 43792 ns, Total: 314375 ns
[2022-04-29T06:09:26.898+0000][160][safepoint   ] Safepoint "ICBufferFull", Time since last: 1485958 ns, Reaching safepoint: 479542 ns, At safepoint: 237542 ns, Total: 717084 ns
[2022-04-29T06:09:26.910+0000][160][safepoint   ] Safepoint "ICBufferFull", Time since last: 11772000 ns, Reaching safepoint: 250375 ns, At safepoint: 22875 ns, Total: 273250 ns
[2022-04-29T06:09:26.913+0000][160][safepoint   ] Safepoint "ICBufferFull", Time since last: 1153375 ns, Reaching safepoint: 1065625 ns, At safepoint: 18833 ns, Total: 1084458 ns
[2022-04-29T06:09:26.917+0000][160][safepoint   ] Safepoint "ICBufferFull", Time since last: 3320667 ns, Reaching safepoint: 847333 ns, At safepoint: 12750 ns, Total: 860083 ns
[2022-04-29T06:09:27.183+0000][160][safepoint   ] Safepoint "ICBufferFull", Time since last: 266444792 ns, Reaching safepoint: 175375 ns, At safepoint: 3625 ns, Total: 179000 ns
[2022-04-29T06:09:28.185+0000][160][safepoint   ] Safepoint "Cleanup", Time since last: 1001535292 ns, Reaching safepoint: 433542 ns, At safepoint: 9791 ns, Total: 443333 ns
[2022-04-29T06:09:29.192+0000][160][safepoint   ] Safepoint "Cleanup", Time since last: 1006744209 ns, Reaching safepoint: 287833 ns, At safepoint: 8250 ns, Total: 296083 ns
[2022-04-29T06:09:29.896+0000][160][safepoint   ] Safepoint "ICBufferFull", Time since last: 702993584 ns, Reaching safepoint: 318875 ns, At safepoint: 32875 ns, Total: 351750 ns
[2022-04-29T06:09:30.903+0000][160][safepoint   ] Safepoint "Cleanup", Time since last: 1007182959 ns, Reaching safepoint: 539583 ns, At safepoint: 20167 ns, Total: 559750 ns
[2022-04-29T06:09:31.907+0000][160][safepoint   ] Safepoint "Cleanup", Time since last: 1003001250 ns, Reaching safepoint: 290000 ns, At safepoint: 4875 ns, Total: 294875 ns
[2022-04-29T06:09:32.913+0000][160][safepoint   ] Safepoint "Cleanup", Time since last: 1002524417 ns, Reaching safepoint: 4156959 ns, At safepoint: 54708 ns, Total: 4211667 ns
[2022-04-29T06:09:33.917+0000][160][safepoint   ] Safepoint "Cleanup", Time since last: 1003424042 ns, Reaching safepoint: 72875 ns, At safepoint: 2125 ns, Total: 75000 ns
[2022-04-29T06:09:34.919+0000][160][safepoint   ] Safepoint "Cleanup", Time since last: 1001679542 ns, Reaching safepoint: 212750 ns, At safepoint: 8084 ns, Total: 220834 ns
[2022-04-29T06:09:35.926+0000][160][safepoint   ] Safepoint "Cleanup", Time since last: 1006383667 ns, Reaching safepoint: 692750 ns, At safepoint: 10458 ns, Total: 703208 ns
[2022-04-29T06:09:36.929+0000][160][safepoint   ] Safepoint "Cleanup", Time since last: 1002849376 ns, Reaching safepoint: 68041 ns, At safepoint: 2334 ns, Total: 70375 ns
[2022-04-29T06:09:37.928+0000][160][safepoint   ] Safepoint "Cleanup", Time since last: 1001140624 ns, Reaching safepoint: 422375 ns, At safepoint: 10292 ns, Total: 432667 ns
[2022-04-29T06:09:38.931+0000][160][safepoint   ] Safepoint "Cleanup", Time since last: 1002911375 ns, Reaching safepoint: 141917 ns, At safepoint: 4500 ns, Total: 146417 ns
[2022-04-29T06:09:39.934+0000][160][safepoint   ] Safepoint "Cleanup", Time since last: 1002688792 ns, Reaching safepoint: 283375 ns, At safepoint: 11583 ns, Total: 294958 ns
[2022-04-29T06:09:41.946+0000][160][safepoint   ] Safepoint "Cleanup", Time since last: 2011847168 ns, Reaching safepoint: 97417 ns, At safepoint: 3583 ns, Total: 101000 ns
[2022-04-29T06:09:42.950+0000][160][safepoint   ] Safepoint "Cleanup", Time since last: 1003879251 ns, Reaching safepoint: 302791 ns, At safepoint: 22959 ns, Total: 325750 ns
[2022-04-29T06:09:43.954+0000][160][safepoint   ] Safepoint "Cleanup", Time since last: 1003938083 ns, Reaching safepoint: 459667 ns, At safepoint: 7458 ns, Total: 467125 ns
[2022-04-29T06:09:44.959+0000][160][safepoint   ] Safepoint "Cleanup", Time since last: 1004021834 ns, Reaching safepoint: 131417 ns, At safepoint: 3958 ns, Total: 135375 ns
[2022-04-29T06:09:45.962+0000][160][safepoint   ] Safepoint "Cleanup", Time since last: 1003778876 ns, Reaching safepoint: 92666 ns, At safepoint: 2500 ns, Total: 95166 ns
[2022-04-29T06:09:46.966+0000][160][safepoint   ] Safepoint "Cleanup", Time since last: 1003398251 ns, Reaching safepoint: 249083 ns, At safepoint: 11167 ns, Total: 260250 ns
[2022-04-29T06:09:47.967+0000][160][safepoint   ] Safepoint "Cleanup", Time since last: 1001019667 ns, Reaching safepoint: 309833 ns, At safepoint: 4584 ns, Total: 314417 ns
[2022-04-29T06:09:48.969+0000][160][safepoint   ] Safepoint "Cleanup", Time since last: 1001270875 ns, Reaching safepoint: 181208 ns, At safepoint: 45375 ns, Total: 226583 ns
[2022-04-29T06:09:49.970+0000][160][safepoint   ] Safepoint "Cleanup", Time since last: 1001352334 ns, Reaching safepoint: 158667 ns, At safepoint: 8042 ns, Total: 166709 ns
[2022-04-29T06:09:50.977+0000][160][safepoint   ] Safepoint "Cleanup", Time since last: 1006956667 ns, Reaching safepoint: 76333 ns, At safepoint: 1917 ns, Total: 78250 ns
[2022-04-29T06:09:51.982+0000][160][safepoint   ] Safepoint "Cleanup", Time since last: 1003849750 ns, Reaching safepoint: 279667 ns, At safepoint: 12583 ns, Total: 292250 ns
[2022-04-29T06:09:52.988+0000][160][safepoint   ] Safepoint "Cleanup", Time since last: 1006348167 ns, Reaching safepoint: 134125 ns, At safepoint: 3875 ns, Total: 138000 ns
[2022-04-29T06:09:53.989+0000][160][safepoint   ] Safepoint "Cleanup", Time since last: 1001020709 ns, Reaching safepoint: 98792 ns, At safepoint: 13333 ns, Total: 112125 ns
[2022-04-29T06:09:54.992+0000][160][safepoint   ] Safepoint "Cleanup", Time since last: 1001602042 ns, Reaching safepoint: 1489375 ns, At safepoint: 10417 ns, Total: 1499792 ns
[2022-04-29T06:09:57.003+0000][160][safepoint   ] Safepoint "Cleanup", Time since last: 2010384001 ns, Reaching safepoint: 114083 ns, At safepoint: 3584 ns, Total: 117667 ns
[2022-04-29T06:09:58.004+0000][160][safepoint   ] Safepoint "Cleanup", Time since last: 1001090750 ns, Reaching safepoint: 179458 ns, At safepoint: 7125 ns, Total: 186583 ns
[2022-04-29T06:10:00.007+0000][160][safepoint   ] Safepoint "Cleanup", Time since last: 2002519793 ns, Reaching safepoint: 81250 ns, At safepoint: 2083 ns, Total: 83333 ns
[2022-04-29T06:10:01.008+0000][160][safepoint   ] Safepoint "Cleanup", Time since last: 1000813251 ns, Reaching safepoint: 121417 ns, At safepoint: 3458 ns, Total: 124875 ns
[2022-04-29T06:10:02.029+0000][160][safepoint   ] Safepoint "Cleanup", Time since last: 1005607417 ns, Reaching safepoint: 15669875 ns, At safepoint: 30417 ns, Total: 15700292 ns
[2022-04-29T06:10:03.034+0000][160][safepoint   ] Safepoint "Cleanup", Time since last: 1005134083 ns, Reaching safepoint: 53709 ns, At safepoint: 1833 ns, Total: 55542 ns
[2022-04-29T06:10:05.041+0000][160][safepoint   ] Safepoint "Cleanup", Time since last: 2006199043 ns, Reaching safepoint: 275875 ns, At safepoint: 12333 ns, Total: 288208 ns
[2022-04-29T06:10:06.048+0000][160][safepoint   ] Safepoint "Cleanup", Time since last: 1006786084 ns, Reaching safepoint: 111667 ns, At safepoint: 4500 ns, Total: 116167 ns
[2022-04-29T06:10:07.051+0000][160][safepoint   ] Safepoint "Cleanup", Time since last: 1002936208 ns, Reaching safepoint: 208417 ns, At safepoint: 4667 ns, Total: 213084 ns
[2022-04-29T06:10:08.055+0000][160][safepoint   ] Safepoint "Cleanup", Time since last: 1004968583 ns, Reaching safepoint: 160916 ns, At safepoint: 4500 ns, Total: 165416 ns
[2022-04-29T06:10:09.057+0000][160][safepoint   ] Safepoint "Cleanup", Time since last: 1001608251 ns, Reaching safepoint: 159583 ns, At safepoint: 3917 ns, Total: 163500 ns
[2022-04-29T06:10:10.058+0000][160][safepoint   ] Safepoint "Cleanup", Time since last: 1000854292 ns, Reaching safepoint: 230708 ns, At safepoint: 4334 ns, Total: 235042 ns
[2022-04-29T06:10:11.934+0000][160][gc,start    ] GC(25) Pause Young (Normal) (G1 Evacuation Pause)
[2022-04-29T06:10:11.936+0000][160][gc,task     ] GC(25) Using 5 workers of 5 for evacuation
[2022-04-29T06:10:11.939+0000][160][gc,age      ] GC(25) Desired survivor size 20971520 bytes, new threshold 15 (max threshold 15)
[2022-04-29T06:10:11.952+0000][160][gc,age      ] GC(25) Age table with threshold 15 (max threshold 15)
[2022-04-29T06:10:11.953+0000][160][gc,age      ] GC(25) - age   1:    2936288 bytes,    2936288 total
[2022-04-29T06:10:11.955+0000][160][gc,age      ] GC(25) - age   2:      21720 bytes,    2958008 total
[2022-04-29T06:10:11.956+0000][160][gc,age      ] GC(25) - age   3:      62232 bytes,    3020240 total
[2022-04-29T06:10:11.958+0000][160][gc,age      ] GC(25) - age   4:      31640 bytes,    3051880 total
[2022-04-29T06:10:11.959+0000][160][gc,age      ] GC(25) - age   5:     426288 bytes,    3478168 total
[2022-04-29T06:10:11.960+0000][160][gc,age      ] GC(25) - age   6:    1894704 bytes,    5372872 total
[2022-04-29T06:10:11.961+0000][160][gc,age      ] GC(25) - age   7:    7601232 bytes,   12974104 total
[2022-04-29T06:10:11.962+0000][160][gc,age      ] GC(25) - age   8:      89008 bytes,   13063112 total
[2022-04-29T06:10:11.963+0000][160][gc,phases   ] GC(25)   Pre Evacuate Collection Set: 0.3ms
[2022-04-29T06:10:11.964+0000][160][gc,phases   ] GC(25)   Merge Heap Roots: 0.1ms
[2022-04-29T06:10:11.965+0000][160][gc,phases   ] GC(25)   Evacuate Collection Set: 8.8ms
[2022-04-29T06:10:11.966+0000][160][gc,phases   ] GC(25)   Post Evacuate Collection Set: 1.8ms
[2022-04-29T06:10:11.968+0000][160][gc,phases   ] GC(25)   Other: 18.1ms
[2022-04-29T06:10:11.968+0000][160][gc,heap     ] GC(25) Eden regions: 73->0(72)
[2022-04-29T06:10:11.969+0000][160][gc,heap     ] GC(25) Survivor regions: 3->4(10)
[2022-04-29T06:10:11.970+0000][160][gc,heap     ] GC(25) Old regions: 18->18
[2022-04-29T06:10:11.970+0000][160][gc,heap     ] GC(25) Archive regions: 2->2
[2022-04-29T06:10:11.971+0000][160][gc,heap     ] GC(25) Humongous regions: 6->6
[2022-04-29T06:10:11.972+0000][160][gc,metaspace] GC(25) Metaspace: 113564K(115328K)->113564K(115328K) NonClass: 98200K(99264K)->98200K(99264K) Class: 15364K(16064K)->15364K(16064K)
[2022-04-29T06:10:11.972+0000][160][gc          ] GC(25) Pause Young (Normal) (G1 Evacuation Pause) 403M->113M(512M) 38.213ms
[2022-04-29T06:10:11.973+0000][160][gc,cpu      ] GC(25) User=0.04s Sys=0.01s Real=0.03s
[2022-04-29T06:10:11.974+0000][160][safepoint   ] Safepoint "G1CollectForAllocation", Time since last: 1875855834 ns, Reaching safepoint: 290333 ns, At safepoint: 40227167 ns, Total: 40517500 ns
[2022-04-29T06:10:12.976+0000][160][safepoint   ] Safepoint "Cleanup", Time since last: 1001980334 ns, Reaching safepoint: 145291 ns, At safepoint: 3792 ns, Total: 149083 ns
[2022-04-29T06:10:14.978+0000][160][safepoint   ] Safepoint "Cleanup", Time since last: 2000963168 ns, Reaching safepoint: 176875 ns, At safepoint: 15958 ns, Total: 192833 ns
[2022-04-29T06:10:15.981+0000][160][safepoint   ] Safepoint "Cleanup", Time since last: 1002724250 ns, Reaching safepoint: 412292 ns, At safepoint: 46833 ns, Total: 459125 ns
[2022-04-29T06:10:16.992+0000][160][safepoint   ] Safepoint "Cleanup", Time since last: 1011559209 ns, Reaching safepoint: 71709 ns, At safepoint: 2333 ns, Total: 74042 ns
[2022-04-29T06:10:17.994+0000][160][safepoint   ] Safepoint "Cleanup", Time since last: 1001828334 ns, Reaching safepoint: 65250 ns, At safepoint: 1958 ns, Total: 67208 ns
[2022-04-29T06:10:19.309+0000][160][safepoint   ] Safepoint "Cleanup", Time since last: 1314500876 ns, Reaching safepoint: 276708 ns, At safepoint: 7625 ns, Total: 284333 ns
[2022-04-29T06:10:20.315+0000][160][safepoint   ] Safepoint "Cleanup", Time since last: 1004752917 ns, Reaching safepoint: 615625 ns, At safepoint: 149458 ns, Total: 765083 ns
[2022-04-29T06:10:21.324+0000][160][safepoint   ] Safepoint "Cleanup", Time since last: 1009780501 ns, Reaching safepoint: 74417 ns, At safepoint: 1791 ns, Total: 76208 ns
[2022-04-29T06:10:22.326+0000][160][safepoint   ] Safepoint "Cleanup", Time since last: 1001293167 ns, Reaching safepoint: 71875 ns, At safepoint: 1834 ns, Total: 73709 ns
[2022-04-29T06:10:23.328+0000][160][safepoint   ] Safepoint "Cleanup", Time since last: 1002016584 ns, Reaching safepoint: 195833 ns, At safepoint: 5208 ns, Total: 201041 ns
[2022-04-29T06:10:24.331+0000][160][safepoint   ] Safepoint "Cleanup", Time since last: 1003252709 ns, Reaching safepoint: 98333 ns, At safepoint: 3959 ns, Total: 102292 ns
[2022-04-29T06:10:25.335+0000][160][safepoint   ] Safepoint "Cleanup", Time since last: 1003834208 ns, Reaching safepoint: 308667 ns, At safepoint: 7875 ns, Total: 316542 ns
[2022-04-29T06:10:27.350+0000][160][safepoint   ] Safepoint "Cleanup", Time since last: 2014030001 ns, Reaching safepoint: 231083 ns, At safepoint: 6084 ns, Total: 237167 ns
[2022-04-29T06:10:30.358+0000][160][safepoint   ] Safepoint "Cleanup", Time since last: 3007643001 ns, Reaching safepoint: 148334 ns, At safepoint: 3791 ns, Total: 152125 ns
[2022-04-29T06:10:32.363+0000][160][safepoint   ] Safepoint "Cleanup", Time since last: 2004779501 ns, Reaching safepoint: 538250 ns, At safepoint: 8500 ns, Total: 546750 ns
[2022-04-29T06:10:33.369+0000][160][safepoint   ] Safepoint "Cleanup", Time since last: 1006223667 ns, Reaching safepoint: 116250 ns, At safepoint: 24834 ns, Total: 141084 ns
[2022-04-29T06:10:35.375+0000][160][safepoint   ] Safepoint "Cleanup", Time since last: 2005075459 ns, Reaching safepoint: 320333 ns, At safepoint: 10125 ns, Total: 330458 ns
[2022-04-29T06:10:36.389+0000][160][safepoint   ] Safepoint "Cleanup", Time since last: 1014242042 ns, Reaching safepoint: 196667 ns, At safepoint: 5167 ns, Total: 201834 ns
[2022-04-29T06:10:37.398+0000][160][safepoint   ] Safepoint "Cleanup", Time since last: 1006773667 ns, Reaching safepoint: 2096292 ns, At safepoint: 13083 ns, Total: 2109375 ns
[2022-04-29T06:10:38.404+0000][160][safepoint   ] Safepoint "Cleanup", Time since last: 1005254541 ns, Reaching safepoint: 195708 ns, At safepoint: 8667 ns, Total: 204375 ns
[2022-04-29T06:10:39.417+0000][160][safepoint   ] Safepoint "Cleanup", Time since last: 1012810751 ns, Reaching safepoint: 492666 ns, At safepoint: 17250 ns, Total: 509916 ns
[2022-04-29T06:10:42.428+0000][160][safepoint   ] Safepoint "Cleanup", Time since last: 3010958627 ns, Reaching safepoint: 152125 ns, At safepoint: 3708 ns, Total: 155833 ns
[2022-04-29T06:10:43.431+0000][160][safepoint   ] Safepoint "Cleanup", Time since last: 1002446750 ns, Reaching safepoint: 444917 ns, At safepoint: 8708 ns, Total: 453625 ns
[2022-04-29T06:10:44.440+0000][160][safepoint   ] Safepoint "Cleanup", Time since last: 1008697251 ns, Reaching safepoint: 136792 ns, At safepoint: 6208 ns, Total: 143000 ns
[2022-04-29T06:10:45.444+0000][160][safepoint   ] Safepoint "Cleanup", Time since last: 1003668250 ns, Reaching safepoint: 132459 ns, At safepoint: 6333 ns, Total: 138792 ns
[2022-04-29T06:10:47.446+0000][160][safepoint   ] Safepoint "Cleanup", Time since last: 2002178501 ns, Reaching safepoint: 273083 ns, At safepoint: 5917 ns, Total: 279000 ns
[2022-04-29T06:10:48.448+0000][160][safepoint   ] Safepoint "Cleanup", Time since last: 1001541709 ns, Reaching safepoint: 50792 ns, At safepoint: 2958 ns, Total: 53750 ns
[2022-04-29T06:10:49.451+0000][160][safepoint   ] Safepoint "Cleanup", Time since last: 1002915834 ns, Reaching safepoint: 145041 ns, At safepoint: 5792 ns, Total: 150833 ns
[2022-04-29T06:10:50.465+0000][160][safepoint   ] Safepoint "Cleanup", Time since last: 1013452417 ns, Reaching safepoint: 503625 ns, At safepoint: 8375 ns, Total: 512000 ns
[2022-04-29T06:10:51.477+0000][160][safepoint   ] Safepoint "Cleanup", Time since last: 1012096167 ns, Reaching safepoint: 102959 ns, At safepoint: 3625 ns, Total: 106584 ns
[2022-04-29T06:10:52.479+0000][160][safepoint   ] Safepoint "Cleanup", Time since last: 1001840708 ns, Reaching safepoint: 150042 ns, At safepoint: 5250 ns, Total: 155292 ns
[2022-04-29T06:10:54.489+0000][160][safepoint   ] Safepoint "Cleanup", Time since last: 2009590126 ns, Reaching safepoint: 217167 ns, At safepoint: 6583 ns, Total: 223750 ns
[2022-04-29T06:10:55.494+0000][160][safepoint   ] Safepoint "Cleanup", Time since last: 1004765876 ns, Reaching safepoint: 102333 ns, At safepoint: 3292 ns, Total: 105625 ns
[2022-04-29T06:10:57.497+0000][160][safepoint   ] Safepoint "Cleanup", Time since last: 2003188251 ns, Reaching safepoint: 167625 ns, At safepoint: 4541 ns, Total: 172166 ns
[2022-04-29T06:10:58.499+0000][160][safepoint   ] Safepoint "Cleanup", Time since last: 1001142876 ns, Reaching safepoint: 483375 ns, At safepoint: 8291 ns, Total: 491666 ns
[2022-04-29T06:10:59.502+0000][160][safepoint   ] Safepoint "Cleanup", Time since last: 1002781917 ns, Reaching safepoint: 128375 ns, At safepoint: 3792 ns, Total: 132167 ns
[2022-04-29T06:11:00.504+0000][160][safepoint   ] Safepoint "Cleanup", Time since last: 1002044501 ns, Reaching safepoint: 83125 ns, At safepoint: 2333 ns, Total: 85458 ns
[2022-04-29T06:11:01.506+0000][160][safepoint   ] Safepoint "Cleanup", Time since last: 1002152417 ns, Reaching safepoint: 190958 ns, At safepoint: 5375 ns, Total: 196333 ns
[2022-04-29T06:11:02.511+0000][160][safepoint   ] Safepoint "Cleanup", Time since last: 1004919459 ns, Reaching safepoint: 339875 ns, At safepoint: 11125 ns, Total: 351000 ns
[2022-04-29T06:11:03.519+0000][160][safepoint   ] Safepoint "Cleanup", Time since last: 1006616542 ns, Reaching safepoint: 661625 ns, At safepoint: 10625 ns, Total: 672250 ns
[2022-04-29T06:11:04.529+0000][160][safepoint   ] Safepoint "Cleanup", Time since last: 1009595334 ns, Reaching safepoint: 559209 ns, At safepoint: 8958 ns, Total: 568167 ns
[2022-04-29T06:11:06.532+0000][160][safepoint   ] Safepoint "Cleanup", Time since last: 2002962542 ns, Reaching safepoint: 255792 ns, At safepoint: 9750 ns, Total: 265542 ns
[2022-04-29T06:11:07.535+0000][160][safepoint   ] Safepoint "Cleanup", Time since last: 1002754501 ns, Reaching safepoint: 532708 ns, At safepoint: 17125 ns, Total: 549833 ns
[2022-04-29T06:11:09.540+0000][160][safepoint   ] Safepoint "Cleanup", Time since last: 2004809417 ns, Reaching safepoint: 251792 ns, At safepoint: 5375 ns, Total: 257167 ns
[2022-04-29T06:11:12.076+0000][160][gc,start    ] GC(26) Pause Young (Normal) (G1 Evacuation Pause)
[2022-04-29T06:11:12.078+0000][160][gc,task     ] GC(26) Using 5 workers of 5 for evacuation
[2022-04-29T06:11:12.079+0000][160][gc,age      ] GC(26) Desired survivor size 20971520 bytes, new threshold 15 (max threshold 15)
[2022-04-29T06:11:12.085+0000][160][gc,age      ] GC(26) Age table with threshold 15 (max threshold 15)
[2022-04-29T06:11:12.086+0000][160][gc,age      ] GC(26) - age   1:    2112856 bytes,    2112856 total
[2022-04-29T06:11:12.087+0000][160][gc,age      ] GC(26) - age   2:    2099856 bytes,    4212712 total
[2022-04-29T06:11:12.087+0000][160][gc,age      ] GC(26) - age   3:      19176 bytes,    4231888 total
[2022-04-29T06:11:12.088+0000][160][gc,age      ] GC(26) - age   4:      62048 bytes,    4293936 total
[2022-04-29T06:11:12.089+0000][160][gc,age      ] GC(26) - age   5:      31640 bytes,    4325576 total
[2022-04-29T06:11:12.090+0000][160][gc,age      ] GC(26) - age   6:     426000 bytes,    4751576 total
[2022-04-29T06:11:12.090+0000][160][gc,age      ] GC(26) - age   7:    1894272 bytes,    6645848 total
[2022-04-29T06:11:12.091+0000][160][gc,age      ] GC(26) - age   8:    7600752 bytes,   14246600 total
[2022-04-29T06:11:12.092+0000][160][gc,age      ] GC(26) - age   9:      89008 bytes,   14335608 total
[2022-04-29T06:11:12.092+0000][160][gc,phases   ] GC(26)   Pre Evacuate Collection Set: 0.1ms
[2022-04-29T06:11:12.094+0000][160][gc,phases   ] GC(26)   Merge Heap Roots: 0.1ms
[2022-04-29T06:11:12.094+0000][160][gc,phases   ] GC(26)   Evacuate Collection Set: 4.7ms
[2022-04-29T06:11:12.095+0000][160][gc,phases   ] GC(26)   Post Evacuate Collection Set: 0.9ms
[2022-04-29T06:11:12.095+0000][160][gc,phases   ] GC(26)   Other: 10.1ms
[2022-04-29T06:11:12.096+0000][160][gc,heap     ] GC(26) Eden regions: 72->0(72)
[2022-04-29T06:11:12.097+0000][160][gc,heap     ] GC(26) Survivor regions: 4->4(10)
[2022-04-29T06:11:12.097+0000][160][gc,heap     ] GC(26) Old regions: 18->18
[2022-04-29T06:11:12.098+0000][160][gc,heap     ] GC(26) Archive regions: 2->2
[2022-04-29T06:11:12.099+0000][160][gc,heap     ] GC(26) Humongous regions: 6->6
[2022-04-29T06:11:12.099+0000][160][gc,metaspace] GC(26) Metaspace: 114630K(116288K)->114630K(116288K) NonClass: 99166K(100160K)->99166K(100160K) Class: 15463K(16128K)->15463K(16128K)
[2022-04-29T06:11:12.100+0000][160][gc          ] GC(26) Pause Young (Normal) (G1 Evacuation Pause) 401M->114M(512M) 23.252ms
[2022-04-29T06:11:12.100+0000][160][gc,cpu      ] GC(26) User=0.03s Sys=0.00s Real=0.02s
[2022-04-29T06:11:12.101+0000][160][safepoint   ] Safepoint "G1CollectForAllocation", Time since last: 2535792667 ns, Reaching safepoint: 154000 ns, At safepoint: 24325376 ns, Total: 24479376 ns
[2022-04-29T06:11:13.102+0000][160][safepoint   ] Safepoint "Cleanup", Time since last: 1000753208 ns, Reaching safepoint: 439625 ns, At safepoint: 23667 ns, Total: 463292 ns
[2022-04-29T06:11:15.107+0000][160][safepoint   ] Safepoint "Cleanup", Time since last: 2004325251 ns, Reaching safepoint: 224542 ns, At safepoint: 27083 ns, Total: 251625 ns
[2022-04-29T06:11:17.111+0000][160][safepoint   ] Safepoint "Cleanup", Time since last: 2004523501 ns, Reaching safepoint: 101167 ns, At safepoint: 4541 ns, Total: 105708 ns
[2022-04-29T06:11:18.114+0000][160][safepoint   ] Safepoint "Cleanup", Time since last: 1002085834 ns, Reaching safepoint: 414000 ns, At safepoint: 4708 ns, Total: 418708 ns
[2022-04-29T06:11:19.115+0000][160][safepoint   ] Safepoint "Cleanup", Time since last: 1000830168 ns, Reaching safepoint: 469291 ns, At safepoint: 8084 ns, Total: 477375 ns
[2022-04-29T06:11:20.119+0000][160][safepoint   ] Safepoint "Cleanup", Time since last: 1003302625 ns, Reaching safepoint: 231500 ns, At safepoint: 10250 ns, Total: 241750 ns
[2022-04-29T06:11:21.126+0000][160][safepoint   ] Safepoint "Cleanup", Time since last: 1007033750 ns, Reaching safepoint: 108750 ns, At safepoint: 2167 ns, Total: 110917 ns
[2022-04-29T06:11:22.138+0000][160][safepoint   ] Safepoint "Cleanup", Time since last: 1011715126 ns, Reaching safepoint: 260625 ns, At safepoint: 6916 ns, Total: 267541 ns
[2022-04-29T06:11:24.141+0000][160][safepoint   ] Safepoint "Cleanup", Time since last: 2003045085 ns, Reaching safepoint: 73541 ns, At safepoint: 9334 ns, Total: 82875 ns
[2022-04-29T06:11:25.142+0000][160][safepoint   ] Safepoint "Cleanup", Time since last: 1001088500 ns, Reaching safepoint: 94042 ns, At safepoint: 2333 ns, Total: 96375 ns
[2022-04-29T06:11:26.144+0000][160][safepoint   ] Safepoint "Cleanup", Time since last: 1002181626 ns, Reaching safepoint: 235291 ns, At safepoint: 7459 ns, Total: 242750 ns
[2022-04-29T06:11:27.152+0000][160][safepoint   ] Safepoint "Cleanup", Time since last: 1007634500 ns, Reaching safepoint: 270458 ns, At safepoint: 9875 ns, Total: 280333 ns
[2022-04-29T06:11:28.160+0000][160][safepoint   ] Safepoint "Cleanup", Time since last: 1007363709 ns, Reaching safepoint: 261083 ns, At safepoint: 9042 ns, Total: 270125 ns
[2022-04-29T06:11:30.166+0000][160][safepoint   ] Safepoint "Cleanup", Time since last: 2006337626 ns, Reaching safepoint: 74917 ns, At safepoint: 2125 ns, Total: 77042 ns
[2022-04-29T06:11:31.170+0000][160][safepoint   ] Safepoint "Cleanup", Time since last: 1003247875 ns, Reaching safepoint: 206625 ns, At safepoint: 5459 ns, Total: 212084 ns
[2022-04-29T06:11:32.175+0000][160][safepoint   ] Safepoint "Cleanup", Time since last: 1005115708 ns, Reaching safepoint: 178750 ns, At safepoint: 5167 ns, Total: 183917 ns
[2022-04-29T06:11:34.196+0000][160][safepoint   ] Safepoint "Cleanup", Time since last: 2020357709 ns, Reaching safepoint: 135375 ns, At safepoint: 4417 ns, Total: 139792 ns
[2022-04-29T06:11:39.200+0000][160][safepoint   ] Safepoint "Cleanup", Time since last: 5003847793 ns, Reaching safepoint: 172667 ns, At safepoint: 5125 ns, Total: 177792 ns
[2022-04-29T06:11:42.202+0000][160][safepoint   ] Safepoint "Cleanup", Time since last: 3001294876 ns, Reaching safepoint: 174209 ns, At safepoint: 4416 ns, Total: 178625 ns
[2022-04-29T06:11:44.205+0000][160][safepoint   ] Safepoint "Cleanup", Time since last: 2003405918 ns, Reaching safepoint: 313792 ns, At safepoint: 8416 ns, Total: 322208 ns
[2022-04-29T06:11:45.210+0000][160][safepoint   ] Safepoint "Cleanup", Time since last: 1004433126 ns, Reaching safepoint: 129875 ns, At safepoint: 4291 ns, Total: 134166 ns
[2022-04-29T06:11:46.211+0000][160][safepoint   ] Safepoint "Cleanup", Time since last: 1000816751 ns, Reaching safepoint: 89458 ns, At safepoint: 3667 ns, Total: 93125 ns
[2022-04-29T06:11:49.218+0000][160][safepoint   ] Safepoint "Cleanup", Time since last: 3007090293 ns, Reaching safepoint: 122417 ns, At safepoint: 11375 ns, Total: 133792 ns
[2022-04-29T06:11:51.221+0000][160][safepoint   ] Safepoint "Cleanup", Time since last: 2003147709 ns, Reaching safepoint: 122167 ns, At safepoint: 3583 ns, Total: 125750 ns
[2022-04-29T06:11:52.225+0000][160][safepoint   ] Safepoint "Cleanup", Time since last: 1003088167 ns, Reaching safepoint: 365542 ns, At safepoint: 12875 ns, Total: 378417 ns
[2022-04-29T06:11:54.228+0000][160][safepoint   ] Safepoint "Cleanup", Time since last: 2002558459 ns, Reaching safepoint: 134375 ns, At safepoint: 3500 ns, Total: 137875 ns
[2022-04-29T06:11:55.230+0000][160][safepoint   ] Safepoint "Cleanup", Time since last: 1002229584 ns, Reaching safepoint: 105333 ns, At safepoint: 2375 ns, Total: 107708 ns
[2022-04-29T06:11:58.236+0000][160][safepoint   ] Safepoint "Cleanup", Time since last: 3006442752 ns, Reaching safepoint: 66666 ns, At safepoint: 2000 ns, Total: 68666 ns
[2022-04-29T06:12:00.240+0000][160][safepoint   ] Safepoint "Cleanup", Time since last: 2002923626 ns, Reaching safepoint: 228750 ns, At safepoint: 9792 ns, Total: 238542 ns
[2022-04-29T06:12:01.241+0000][160][safepoint   ] Safepoint "Cleanup", Time since last: 1001144625 ns, Reaching safepoint: 664167 ns, At safepoint: 9083 ns, Total: 673250 ns
[2022-04-29T06:12:02.251+0000][160][safepoint   ] Safepoint "Cleanup", Time since last: 1009015501 ns, Reaching safepoint: 420666 ns, At safepoint: 11834 ns, Total: 432500 ns
[2022-04-29T06:12:03.264+0000][160][safepoint   ] Safepoint "Cleanup", Time since last: 1012522917 ns, Reaching safepoint: 645458 ns, At safepoint: 227667 ns, Total: 873125 ns
[2022-04-29T06:12:05.276+0000][160][safepoint   ] Safepoint "Cleanup", Time since last: 2011312459 ns, Reaching safepoint: 350542 ns, At safepoint: 11875 ns, Total: 362417 ns
[2022-04-29T06:12:06.280+0000][160][safepoint   ] Safepoint "Cleanup", Time since last: 1004226375 ns, Reaching safepoint: 62459 ns, At safepoint: 4833 ns, Total: 67292 ns
[2022-04-29T06:12:07.284+0000][160][safepoint   ] Safepoint "Cleanup", Time since last: 1003116751 ns, Reaching safepoint: 181916 ns, At safepoint: 8792 ns, Total: 190708 ns
[2022-04-29T06:12:09.291+0000][160][safepoint   ] Safepoint "Cleanup", Time since last: 2008425375 ns, Reaching safepoint: 243292 ns, At safepoint: 3833 ns, Total: 247125 ns
[2022-04-29T06:12:09.970+0000][160][gc,start    ] GC(27) Pause Young (Normal) (G1 Evacuation Pause)
[2022-04-29T06:12:09.971+0000][160][gc,task     ] GC(27) Using 5 workers of 5 for evacuation
[2022-04-29T06:12:09.971+0000][160][gc,age      ] GC(27) Desired survivor size 20971520 bytes, new threshold 15 (max threshold 15)
[2022-04-29T06:12:09.978+0000][160][gc,age      ] GC(27) Age table with threshold 15 (max threshold 15)
[2022-04-29T06:12:09.979+0000][160][gc,age      ] GC(27) - age   1:    1409240 bytes,    1409240 total
[2022-04-29T06:12:09.979+0000][160][gc,age      ] GC(27) - age   2:     230808 bytes,    1640048 total
[2022-04-29T06:12:09.981+0000][160][gc,age      ] GC(27) - age   3:    2088776 bytes,    3728824 total
[2022-04-29T06:12:09.981+0000][160][gc,age      ] GC(27) - age   4:      19048 bytes,    3747872 total
[2022-04-29T06:12:09.982+0000][160][gc,age      ] GC(27) - age   5:      62048 bytes,    3809920 total
[2022-04-29T06:12:09.983+0000][160][gc,age      ] GC(27) - age   6:      31640 bytes,    3841560 total
[2022-04-29T06:12:09.983+0000][160][gc,age      ] GC(27) - age   7:     425688 bytes,    4267248 total
[2022-04-29T06:12:09.984+0000][160][gc,age      ] GC(27) - age   8:    1745568 bytes,    6012816 total
[2022-04-29T06:12:09.985+0000][160][gc,age      ] GC(27) - age   9:    7535000 bytes,   13547816 total
[2022-04-29T06:12:09.986+0000][160][gc,age      ] GC(27) - age  10:      89008 bytes,   13636824 total
[2022-04-29T06:12:09.986+0000][160][gc,phases   ] GC(27)   Pre Evacuate Collection Set: 0.1ms
[2022-04-29T06:12:09.987+0000][160][gc,phases   ] GC(27)   Merge Heap Roots: 0.1ms
[2022-04-29T06:12:09.988+0000][160][gc,phases   ] GC(27)   Evacuate Collection Set: 4.4ms
[2022-04-29T06:12:09.989+0000][160][gc,phases   ] GC(27)   Post Evacuate Collection Set: 1.3ms
[2022-04-29T06:12:09.989+0000][160][gc,phases   ] GC(27)   Other: 10.2ms
[2022-04-29T06:12:09.990+0000][160][gc,heap     ] GC(27) Eden regions: 72->0(72)
[2022-04-29T06:12:09.990+0000][160][gc,heap     ] GC(27) Survivor regions: 4->4(10)
[2022-04-29T06:12:09.991+0000][160][gc,heap     ] GC(27) Old regions: 18->18
[2022-04-29T06:12:09.991+0000][160][gc,heap     ] GC(27) Archive regions: 2->2
[2022-04-29T06:12:09.992+0000][160][gc,heap     ] GC(27) Humongous regions: 6->6
[2022-04-29T06:12:09.993+0000][160][gc,metaspace] GC(27) Metaspace: 114871K(116608K)->114871K(116608K) NonClass: 99407K(100480K)->99407K(100480K) Class: 15463K(16128K)->15463K(16128K)
[2022-04-29T06:12:09.993+0000][160][gc          ] GC(27) Pause Young (Normal) (G1 Evacuation Pause) 402M->113M(512M) 23.016ms
[2022-04-29T06:12:09.994+0000][160][gc,cpu      ] GC(27) User=0.02s Sys=0.01s Real=0.03s
[2022-04-29T06:12:09.994+0000][160][safepoint   ] Safepoint "G1CollectForAllocation", Time since last: 679323084 ns, Reaching safepoint: 95958 ns, At safepoint: 24265750 ns, Total: 24361708 ns
[2022-04-29T06:12:12.996+0000][160][safepoint   ] Safepoint "Cleanup", Time since last: 3001007127 ns, Reaching safepoint: 746166 ns, At safepoint: 7334 ns, Total: 753500 ns
[2022-04-29T06:12:18.020+0000][160][safepoint   ] Safepoint "Cleanup", Time since last: 5022855877 ns, Reaching safepoint: 1262750 ns, At safepoint: 17792 ns, Total: 1280542 ns
[2022-04-29T06:12:19.025+0000][160][safepoint   ] Safepoint "Cleanup", Time since last: 1004494708 ns, Reaching safepoint: 203917 ns, At safepoint: 5292 ns, Total: 209209 ns
[2022-04-29T06:12:22.028+0000][160][safepoint   ] Safepoint "Cleanup", Time since last: 3002626793 ns, Reaching safepoint: 68250 ns, At safepoint: 1833 ns, Total: 70083 ns
[2022-04-29T06:12:24.034+0000][160][safepoint   ] Safepoint "Cleanup", Time since last: 2006009251 ns, Reaching safepoint: 255167 ns, At safepoint: 19167 ns, Total: 274334 ns
[2022-04-29T06:12:25.036+0000][160][safepoint   ] Safepoint "Cleanup", Time since last: 1001442375 ns, Reaching safepoint: 314208 ns, At safepoint: 11209 ns, Total: 325417 ns
[2022-04-29T06:12:27.042+0000][160][safepoint   ] Safepoint "Cleanup", Time since last: 2005517834 ns, Reaching safepoint: 192167 ns, At safepoint: 4625 ns, Total: 196792 ns
[2022-04-29T06:12:28.045+0000][160][safepoint   ] Safepoint "Cleanup", Time since last: 1002868542 ns, Reaching safepoint: 200416 ns, At safepoint: 11292 ns, Total: 211708 ns
[2022-04-29T06:12:33.061+0000][160][safepoint   ] Safepoint "Cleanup", Time since last: 5016590961 ns, Reaching safepoint: 255375 ns, At safepoint: 20333 ns, Total: 275708 ns
[2022-04-29T06:12:34.069+0000][160][safepoint   ] Safepoint "Cleanup", Time since last: 1007832126 ns, Reaching safepoint: 86583 ns, At safepoint: 2583 ns, Total: 89166 ns
[2022-04-29T06:12:37.073+0000][160][safepoint   ] Safepoint "Cleanup", Time since last: 3003349585 ns, Reaching safepoint: 237000 ns, At safepoint: 7125 ns, Total: 244125 ns
[2022-04-29T06:12:38.088+0000][160][safepoint   ] Safepoint "Cleanup", Time since last: 1014369000 ns, Reaching safepoint: 188834 ns, At safepoint: 5625 ns, Total: 194459 ns
[2022-04-29T06:12:39.092+0000][160][safepoint   ] Safepoint "Cleanup", Time since last: 1003686958 ns, Reaching safepoint: 189042 ns, At safepoint: 9125 ns, Total: 198167 ns
[2022-04-29T06:12:42.099+0000][160][safepoint   ] Safepoint "Cleanup", Time since last: 3006602543 ns, Reaching safepoint: 102917 ns, At safepoint: 3541 ns, Total: 106458 ns
[2022-04-29T06:12:45.104+0000][160][safepoint   ] Safepoint "Cleanup", Time since last: 3005222127 ns, Reaching safepoint: 231458 ns, At safepoint: 4084 ns, Total: 235542 ns
[2022-04-29T06:12:47.107+0000][160][safepoint   ] Safepoint "Cleanup", Time since last: 2002106751 ns, Reaching safepoint: 304333 ns, At safepoint: 6708 ns, Total: 311041 ns
[2022-04-29T06:12:48.109+0000][160][safepoint   ] Safepoint "Cleanup", Time since last: 1002099876 ns, Reaching safepoint: 159291 ns, At safepoint: 3834 ns, Total: 163125 ns
[2022-04-29T06:12:50.117+0000][160][safepoint   ] Safepoint "Cleanup", Time since last: 2008462751 ns, Reaching safepoint: 148500 ns, At safepoint: 5541 ns, Total: 154041 ns
[2022-04-29T06:12:55.148+0000][160][safepoint   ] Safepoint "Cleanup", Time since last: 5030633003 ns, Reaching safepoint: 320583 ns, At safepoint: 4375 ns, Total: 324958 ns
[2022-04-29T06:12:57.151+0000][160][safepoint   ] Safepoint "Cleanup", Time since last: 2002163251 ns, Reaching safepoint: 305167 ns, At safepoint: 11541 ns, Total: 316708 ns
[2022-04-29T06:12:58.152+0000][160][safepoint   ] Safepoint "Cleanup", Time since last: 1001470876 ns, Reaching safepoint: 86666 ns, At safepoint: 2042 ns, Total: 88708 ns
[2022-04-29T06:13:02.165+0000][160][safepoint   ] Safepoint "Cleanup", Time since last: 4011917419 ns, Reaching safepoint: 634041 ns, At safepoint: 12792 ns, Total: 646833 ns
[2022-04-29T06:13:03.172+0000][160][safepoint   ] Safepoint "Cleanup", Time since last: 1006219751 ns, Reaching safepoint: 746583 ns, At safepoint: 10125 ns, Total: 756708 ns
[2022-04-29T06:13:07.185+0000][160][safepoint   ] Safepoint "Cleanup", Time since last: 4012483668 ns, Reaching safepoint: 202584 ns, At safepoint: 6291 ns, Total: 208875 ns
[2022-04-29T06:13:09.193+0000][160][safepoint   ] Safepoint "Cleanup", Time since last: 2007874501 ns, Reaching safepoint: 294000 ns, At safepoint: 3875 ns, Total: 297875 ns
[2022-04-29T06:13:12.198+0000][160][safepoint   ] Safepoint "Cleanup", Time since last: 3004503043 ns, Reaching safepoint: 78709 ns, At safepoint: 2333 ns, Total: 81042 ns
[2022-04-29T06:13:12.465+0000][160][gc,start    ] GC(28) Pause Young (Normal) (G1 Evacuation Pause)
[2022-04-29T06:13:12.466+0000][160][gc,task     ] GC(28) Using 5 workers of 5 for evacuation
[2022-04-29T06:13:12.466+0000][160][gc,age      ] GC(28) Desired survivor size 20971520 bytes, new threshold 15 (max threshold 15)
[2022-04-29T06:13:12.476+0000][160][gc,age      ] GC(28) Age table with threshold 15 (max threshold 15)
[2022-04-29T06:13:12.476+0000][160][gc,age      ] GC(28) - age   1:    1908296 bytes,    1908296 total
[2022-04-29T06:13:12.477+0000][160][gc,age      ] GC(28) - age   2:     273928 bytes,    2182224 total
[2022-04-29T06:13:12.478+0000][160][gc,age      ] GC(28) - age   3:     228304 bytes,    2410528 total
[2022-04-29T06:13:12.479+0000][160][gc,age      ] GC(28) - age   4:    2088360 bytes,    4498888 total
[2022-04-29T06:13:12.480+0000][160][gc,age      ] GC(28) - age   5:      19048 bytes,    4517936 total
[2022-04-29T06:13:12.481+0000][160][gc,age      ] GC(28) - age   6:      62048 bytes,    4579984 total
[2022-04-29T06:13:12.482+0000][160][gc,age      ] GC(28) - age   7:      31608 bytes,    4611592 total
[2022-04-29T06:13:12.484+0000][160][gc,age      ] GC(28) - age   8:     405640 bytes,    5017232 total
[2022-04-29T06:13:12.485+0000][160][gc,age      ] GC(28) - age   9:    1741712 bytes,    6758944 total
[2022-04-29T06:13:12.486+0000][160][gc,age      ] GC(28) - age  10:    7535000 bytes,   14293944 total
[2022-04-29T06:13:12.487+0000][160][gc,age      ] GC(28) - age  11:      89008 bytes,   14382952 total
[2022-04-29T06:13:12.488+0000][160][gc,phases   ] GC(28)   Pre Evacuate Collection Set: 0.1ms
[2022-04-29T06:13:12.489+0000][160][gc,phases   ] GC(28)   Merge Heap Roots: 0.0ms
[2022-04-29T06:13:12.490+0000][160][gc,phases   ] GC(28)   Evacuate Collection Set: 6.2ms
[2022-04-29T06:13:12.490+0000][160][gc,phases   ] GC(28)   Post Evacuate Collection Set: 2.2ms
[2022-04-29T06:13:12.491+0000][160][gc,phases   ] GC(28)   Other: 14.1ms
[2022-04-29T06:13:12.492+0000][160][gc,heap     ] GC(28) Eden regions: 72->0(72)
[2022-04-29T06:13:12.492+0000][160][gc,heap     ] GC(28) Survivor regions: 4->4(10)
[2022-04-29T06:13:12.493+0000][160][gc,heap     ] GC(28) Old regions: 18->18
[2022-04-29T06:13:12.494+0000][160][gc,heap     ] GC(28) Archive regions: 2->2
[2022-04-29T06:13:12.495+0000][160][gc,heap     ] GC(28) Humongous regions: 6->6
[2022-04-29T06:13:12.495+0000][160][gc,metaspace] GC(28) Metaspace: 115037K(116736K)->115037K(116736K) NonClass: 99574K(100608K)->99574K(100608K) Class: 15463K(16128K)->15463K(16128K)
[2022-04-29T06:13:12.496+0000][160][gc          ] GC(28) Pause Young (Normal) (G1 Evacuation Pause) 401M->114M(512M) 30.843ms
[2022-04-29T06:13:12.497+0000][160][gc,cpu      ] GC(28) User=0.02s Sys=0.01s Real=0.03s
[2022-04-29T06:13:12.498+0000][160][safepoint   ] Safepoint "G1CollectForAllocation", Time since last: 266727292 ns, Reaching safepoint: 489416 ns, At safepoint: 32474459 ns, Total: 32963875 ns
[2022-04-29T06:13:17.512+0000][160][safepoint   ] Safepoint "Cleanup", Time since last: 5013757502 ns, Reaching safepoint: 180792 ns, At safepoint: 5125 ns, Total: 185917 ns
[2022-04-29T06:13:18.516+0000][160][safepoint   ] Safepoint "Cleanup", Time since last: 1004070875 ns, Reaching safepoint: 272417 ns, At safepoint: 15875 ns, Total: 288292 ns
[2022-04-29T06:13:19.518+0000][160][safepoint   ] Safepoint "Cleanup", Time since last: 1001688875 ns, Reaching safepoint: 380042 ns, At safepoint: 3917 ns, Total: 383959 ns
[2022-04-29T06:13:21.522+0000][160][safepoint   ] Safepoint "Cleanup", Time since last: 2003911917 ns, Reaching safepoint: 148959 ns, At safepoint: 4916 ns, Total: 153875 ns
[2022-04-29T06:13:22.524+0000][160][safepoint   ] Safepoint "Cleanup", Time since last: 1001981501 ns, Reaching safepoint: 241708 ns, At safepoint: 6125 ns, Total: 247833 ns
[2022-04-29T06:13:25.534+0000][160][safepoint   ] Safepoint "Cleanup", Time since last: 3009081752 ns, Reaching safepoint: 274666 ns, At safepoint: 6167 ns, Total: 280833 ns
[2022-04-29T06:13:27.538+0000][160][safepoint   ] Safepoint "Cleanup", Time since last: 2003953459 ns, Reaching safepoint: 336500 ns, At safepoint: 9750 ns, Total: 346250 ns
[2022-04-29T06:13:30.546+0000][160][safepoint   ] Safepoint "Cleanup", Time since last: 3008150543 ns, Reaching safepoint: 140459 ns, At safepoint: 14833 ns, Total: 155292 ns
[2022-04-29T06:13:32.549+0000][160][safepoint   ] Safepoint "Cleanup", Time since last: 2001900126 ns, Reaching safepoint: 209375 ns, At safepoint: 4958 ns, Total: 214333 ns
[2022-04-29T06:13:33.568+0000][160][safepoint   ] Safepoint "Cleanup", Time since last: 1019502084 ns, Reaching safepoint: 257042 ns, At safepoint: 3416 ns, Total: 260458 ns
[2022-04-29T06:13:36.579+0000][160][safepoint   ] Safepoint "Cleanup", Time since last: 3010047085 ns, Reaching safepoint: 173167 ns, At safepoint: 4500 ns, Total: 177667 ns
[2022-04-29T06:13:37.583+0000][160][safepoint   ] Safepoint "Cleanup", Time since last: 1004037334 ns, Reaching safepoint: 57708 ns, At safepoint: 2333 ns, Total: 60041 ns
[2022-04-29T06:13:42.597+0000][160][safepoint   ] Safepoint "Cleanup", Time since last: 5009350585 ns, Reaching safepoint: 519584 ns, At safepoint: 5791 ns, Total: 525375 ns
[2022-04-29T06:13:44.607+0000][160][safepoint   ] Safepoint "Cleanup", Time since last: 2009909918 ns, Reaching safepoint: 248792 ns, At safepoint: 6375 ns, Total: 255167 ns
[2022-04-29T06:13:46.142+0000][160][safepoint   ] Safepoint "Cleanup", Time since last: 1533831459 ns, Reaching safepoint: 360541 ns, At safepoint: 5584 ns, Total: 366125 ns
[2022-04-29T06:13:48.145+0000][160][safepoint   ] Safepoint "Cleanup", Time since last: 2003248834 ns, Reaching safepoint: 79250 ns, At safepoint: 12625 ns, Total: 91875 ns
[2022-04-29T06:13:49.146+0000][160][safepoint   ] Safepoint "Cleanup", Time since last: 1001297167 ns, Reaching safepoint: 153542 ns, At safepoint: 8500 ns, Total: 162042 ns
[2022-04-29T06:13:50.149+0000][160][safepoint   ] Safepoint "Cleanup", Time since last: 1002160709 ns, Reaching safepoint: 209708 ns, At safepoint: 3958 ns, Total: 213666 ns
[2022-04-29T06:13:55.159+0000][160][safepoint   ] Safepoint "Cleanup", Time since last: 5010042544 ns, Reaching safepoint: 195625 ns, At safepoint: 4000 ns, Total: 199625 ns
[2022-04-29T06:13:57.166+0000][160][safepoint   ] Safepoint "Cleanup", Time since last: 2007016210 ns, Reaching safepoint: 64166 ns, At safepoint: 2334 ns, Total: 66500 ns
[2022-04-29T06:13:58.167+0000][160][safepoint   ] Safepoint "Cleanup", Time since last: 1000889042 ns, Reaching safepoint: 238708 ns, At safepoint: 9000 ns, Total: 247708 ns
[2022-04-29T06:14:00.168+0000][160][safepoint   ] Safepoint "Cleanup", Time since last: 2000977126 ns, Reaching safepoint: 185208 ns, At safepoint: 21875 ns, Total: 207083 ns
[2022-04-29T06:14:01.171+0000][160][safepoint   ] Safepoint "Cleanup", Time since last: 1002349376 ns, Reaching safepoint: 121500 ns, At safepoint: 5833 ns, Total: 127333 ns
[2022-04-29T06:14:03.181+0000][160][safepoint   ] Safepoint "Cleanup", Time since last: 2009535126 ns, Reaching safepoint: 408917 ns, At safepoint: 12917 ns, Total: 421834 ns
[2022-04-29T06:14:06.191+0000][160][safepoint   ] Safepoint "Cleanup", Time since last: 3010569918 ns, Reaching safepoint: 107041 ns, At safepoint: 4209 ns, Total: 111250 ns
[2022-04-29T06:14:07.193+0000][160][safepoint   ] Safepoint "Cleanup", Time since last: 1001515917 ns, Reaching safepoint: 258000 ns, At safepoint: 12291 ns, Total: 270291 ns
[2022-04-29T06:14:17.196+0000][160][safepoint   ] Safepoint "Cleanup", Time since last: 10019210547 ns, Reaching safepoint: 447833 ns, At safepoint: 12833 ns, Total: 460666 ns
[2022-04-29T06:14:18.200+0000][160][safepoint   ] Safepoint "Cleanup", Time since last: 1004090209 ns, Reaching safepoint: 82833 ns, At safepoint: 2375 ns, Total: 85208 ns
[2022-04-29T06:14:18.355+0000][160][gc,start    ] GC(29) Pause Young (Normal) (G1 Evacuation Pause)
[2022-04-29T06:14:18.356+0000][160][gc,task     ] GC(29) Using 5 workers of 5 for evacuation
[2022-04-29T06:14:18.357+0000][160][gc,age      ] GC(29) Desired survivor size 20971520 bytes, new threshold 15 (max threshold 15)
[2022-04-29T06:14:18.366+0000][160][gc,age      ] GC(29) Age table with threshold 15 (max threshold 15)
[2022-04-29T06:14:18.367+0000][160][gc,age      ] GC(29) - age   1:    1319736 bytes,    1319736 total
[2022-04-29T06:14:18.369+0000][160][gc,age      ] GC(29) - age   2:      11328 bytes,    1331064 total
[2022-04-29T06:14:18.370+0000][160][gc,age      ] GC(29) - age   3:     127488 bytes,    1458552 total
[2022-04-29T06:14:18.371+0000][160][gc,age      ] GC(29) - age   4:     227104 bytes,    1685656 total
[2022-04-29T06:14:18.372+0000][160][gc,age      ] GC(29) - age   5:    2087824 bytes,    3773480 total
[2022-04-29T06:14:18.373+0000][160][gc,age      ] GC(29) - age   6:      19048 bytes,    3792528 total
[2022-04-29T06:14:18.374+0000][160][gc,age      ] GC(29) - age   7:      62048 bytes,    3854576 total
[2022-04-29T06:14:18.375+0000][160][gc,age      ] GC(29) - age   8:      31520 bytes,    3886096 total
[2022-04-29T06:14:18.376+0000][160][gc,age      ] GC(29) - age   9:     405640 bytes,    4291736 total
[2022-04-29T06:14:18.376+0000][160][gc,age      ] GC(29) - age  10:    1741544 bytes,    6033280 total
[2022-04-29T06:14:18.377+0000][160][gc,age      ] GC(29) - age  11:    7534960 bytes,   13568240 total
[2022-04-29T06:14:18.378+0000][160][gc,age      ] GC(29) - age  12:      89008 bytes,   13657248 total
[2022-04-29T06:14:18.379+0000][160][gc,phases   ] GC(29)   Pre Evacuate Collection Set: 0.1ms
[2022-04-29T06:14:18.381+0000][160][gc,phases   ] GC(29)   Merge Heap Roots: 0.3ms
[2022-04-29T06:14:18.382+0000][160][gc,phases   ] GC(29)   Evacuate Collection Set: 5.6ms
[2022-04-29T06:14:18.383+0000][160][gc,phases   ] GC(29)   Post Evacuate Collection Set: 1.9ms
[2022-04-29T06:14:18.384+0000][160][gc,phases   ] GC(29)   Other: 16.0ms
[2022-04-29T06:14:18.385+0000][160][gc,heap     ] GC(29) Eden regions: 72->0(72)
[2022-04-29T06:14:18.386+0000][160][gc,heap     ] GC(29) Survivor regions: 4->4(10)
[2022-04-29T06:14:18.387+0000][160][gc,heap     ] GC(29) Old regions: 18->18
[2022-04-29T06:14:18.388+0000][160][gc,heap     ] GC(29) Archive regions: 2->2
[2022-04-29T06:14:18.389+0000][160][gc,heap     ] GC(29) Humongous regions: 6->6
[2022-04-29T06:14:18.390+0000][160][gc,metaspace] GC(29) Metaspace: 115274K(116992K)->115274K(116992K) NonClass: 99774K(100800K)->99774K(100800K) Class: 15500K(16192K)->15500K(16192K)
[2022-04-29T06:14:18.391+0000][160][gc          ] GC(29) Pause Young (Normal) (G1 Evacuation Pause) 402M->113M(512M) 35.861ms
[2022-04-29T06:14:18.392+0000][160][gc,cpu      ] GC(29) User=0.03s Sys=0.01s Real=0.03s
[2022-04-29T06:14:18.393+0000][160][safepoint   ] Safepoint "G1CollectForAllocation", Time since last: 154560459 ns, Reaching safepoint: 154458 ns, At safepoint: 38179708 ns, Total: 38334166 ns
[2022-04-29T06:14:20.397+0000][160][safepoint   ] Safepoint "Cleanup", Time since last: 2003649251 ns, Reaching safepoint: 238084 ns, At safepoint: 5000 ns, Total: 243084 ns
[2022-04-29T06:14:21.399+0000][160][safepoint   ] Safepoint "Cleanup", Time since last: 1001546709 ns, Reaching safepoint: 55875 ns, At safepoint: 1750 ns, Total: 57625 ns
[2022-04-29T06:14:22.401+0000][160][safepoint   ] Safepoint "Cleanup", Time since last: 1001714042 ns, Reaching safepoint: 155208 ns, At safepoint: 3708 ns, Total: 158916 ns
[2022-04-29T06:14:27.411+0000][160][safepoint   ] Safepoint "Cleanup", Time since last: 5010448669 ns, Reaching safepoint: 411000 ns, At safepoint: 9292 ns, Total: 420292 ns
[2022-04-29T06:14:28.425+0000][160][safepoint   ] Safepoint "Cleanup", Time since last: 1012864542 ns, Reaching safepoint: 856292 ns, At safepoint: 9417 ns, Total: 865709 ns
[2022-04-29T06:14:30.432+0000][160][safepoint   ] Safepoint "Cleanup", Time since last: 2006563501 ns, Reaching safepoint: 187208 ns, At safepoint: 3542 ns, Total: 190750 ns
[2022-04-29T06:14:31.434+0000][160][safepoint   ] Safepoint "Cleanup", Time since last: 1001211250 ns, Reaching safepoint: 556750 ns, At safepoint: 67542 ns, Total: 624292 ns
[2022-04-29T06:14:32.443+0000][160][safepoint   ] Safepoint "Cleanup", Time since last: 1007706584 ns, Reaching safepoint: 1278666 ns, At safepoint: 14167 ns, Total: 1292833 ns
[2022-04-29T06:14:33.445+0000][160][safepoint   ] Safepoint "Cleanup", Time since last: 1002598917 ns, Reaching safepoint: 118042 ns, At safepoint: 4000 ns, Total: 122042 ns
[2022-04-29T06:14:34.447+0000][160][safepoint   ] Safepoint "Cleanup", Time since last: 1001314417 ns, Reaching safepoint: 231041 ns, At safepoint: 3709 ns, Total: 234750 ns
[2022-04-29T06:14:35.450+0000][160][safepoint   ] Safepoint "Cleanup", Time since last: 1002623625 ns, Reaching safepoint: 361667 ns, At safepoint: 7917 ns, Total: 369584 ns
[2022-04-29T06:14:36.451+0000][160][safepoint   ] Safepoint "Cleanup", Time since last: 1001173333 ns, Reaching safepoint: 69417 ns, At safepoint: 4125 ns, Total: 73542 ns
[2022-04-29T06:14:37.455+0000][160][safepoint   ] Safepoint "Cleanup", Time since last: 1004055626 ns, Reaching safepoint: 77083 ns, At safepoint: 2167 ns, Total: 79250 ns
[2022-04-29T06:14:39.458+0000][160][safepoint   ] Safepoint "Cleanup", Time since last: 2007724541 ns, Reaching safepoint: 301459 ns, At safepoint: 12291 ns, Total: 313750 ns
[2022-04-29T06:14:42.472+0000][160][safepoint   ] Safepoint "Cleanup", Time since last: 3013946835 ns, Reaching safepoint: 113792 ns, At safepoint: 4125 ns, Total: 117917 ns
[2022-04-29T06:14:43.473+0000][160][safepoint   ] Safepoint "Cleanup", Time since last: 1000965542 ns, Reaching safepoint: 400916 ns, At safepoint: 11084 ns, Total: 412000 ns
[2022-04-29T06:14:45.477+0000][160][safepoint   ] Safepoint "Cleanup", Time since last: 2003260667 ns, Reaching safepoint: 129292 ns, At safepoint: 6917 ns, Total: 136209 ns
[2022-04-29T06:14:47.478+0000][160][safepoint   ] Safepoint "Cleanup", Time since last: 2001214417 ns, Reaching safepoint: 76542 ns, At safepoint: 2542 ns, Total: 79084 ns
[2022-04-29T06:14:48.480+0000][160][safepoint   ] Safepoint "Cleanup", Time since last: 1001646375 ns, Reaching safepoint: 158000 ns, At safepoint: 4042 ns, Total: 162042 ns
[2022-04-29T06:14:50.482+0000][160][safepoint   ] Safepoint "Cleanup", Time since last: 2002091834 ns, Reaching safepoint: 295750 ns, At safepoint: 8333 ns, Total: 304083 ns
[2022-04-29T06:14:52.492+0000][160][safepoint   ] Safepoint "Cleanup", Time since last: 2009191293 ns, Reaching safepoint: 506083 ns, At safepoint: 10792 ns, Total: 516875 ns
[2022-04-29T06:14:57.513+0000][160][safepoint   ] Safepoint "Cleanup", Time since last: 5020417336 ns, Reaching safepoint: 152917 ns, At safepoint: 6833 ns, Total: 159750 ns
[2022-04-29T06:14:58.515+0000][160][safepoint   ] Safepoint "Cleanup", Time since last: 1001688917 ns, Reaching safepoint: 290958 ns, At safepoint: 8834 ns, Total: 299792 ns
[2022-04-29T06:15:00.535+0000][160][safepoint   ] Safepoint "Cleanup", Time since last: 2020082959 ns, Reaching safepoint: 171250 ns, At safepoint: 7250 ns, Total: 178500 ns
[2022-04-29T06:15:03.548+0000][160][safepoint   ] Safepoint "Cleanup", Time since last: 3012755793 ns, Reaching safepoint: 89708 ns, At safepoint: 2834 ns, Total: 92542 ns
[2022-04-29T06:15:06.555+0000][160][safepoint   ] Safepoint "Cleanup", Time since last: 3006751918 ns, Reaching safepoint: 351791 ns, At safepoint: 7084 ns, Total: 358875 ns
[2022-04-29T06:15:10.567+0000][160][safepoint   ] Safepoint "Cleanup", Time since last: 4013393376 ns, Reaching safepoint: 240500 ns, At safepoint: 16167 ns, Total: 256667 ns
[2022-04-29T06:15:12.352+0000][160][gc,start    ] GC(30) Pause Young (Normal) (G1 Evacuation Pause)
[2022-04-29T06:15:12.352+0000][160][gc,task     ] GC(30) Using 5 workers of 5 for evacuation
[2022-04-29T06:15:12.353+0000][160][gc,age      ] GC(30) Desired survivor size 20971520 bytes, new threshold 15 (max threshold 15)
[2022-04-29T06:15:12.361+0000][160][gc,age      ] GC(30) Age table with threshold 15 (max threshold 15)
[2022-04-29T06:15:12.362+0000][160][gc,age      ] GC(30) - age   1:    1916520 bytes,    1916520 total
[2022-04-29T06:15:12.363+0000][160][gc,age      ] GC(30) - age   2:      73296 bytes,    1989816 total
[2022-04-29T06:15:12.363+0000][160][gc,age      ] GC(30) - age   3:       9088 bytes,    1998904 total
[2022-04-29T06:15:12.364+0000][160][gc,age      ] GC(30) - age   4:     119864 bytes,    2118768 total
[2022-04-29T06:15:12.365+0000][160][gc,age      ] GC(30) - age   5:     215000 bytes,    2333768 total
[2022-04-29T06:15:12.365+0000][160][gc,age      ] GC(30) - age   6:    1596592 bytes,    3930360 total
[2022-04-29T06:15:12.366+0000][160][gc,age      ] GC(30) - age   7:      19048 bytes,    3949408 total
[2022-04-29T06:15:12.366+0000][160][gc,age      ] GC(30) - age   8:      55824 bytes,    4005232 total
[2022-04-29T06:15:12.367+0000][160][gc,age      ] GC(30) - age   9:      31520 bytes,    4036752 total
[2022-04-29T06:15:12.368+0000][160][gc,age      ] GC(30) - age  10:     405400 bytes,    4442152 total
[2022-04-29T06:15:12.369+0000][160][gc,age      ] GC(30) - age  11:    1741240 bytes,    6183392 total
[2022-04-29T06:15:12.369+0000][160][gc,age      ] GC(30) - age  12:    7150984 bytes,   13334376 total
[2022-04-29T06:15:12.370+0000][160][gc,age      ] GC(30) - age  13:      89008 bytes,   13423384 total
[2022-04-29T06:15:12.372+0000][160][gc,phases   ] GC(30)   Pre Evacuate Collection Set: 0.3ms
[2022-04-29T06:15:12.373+0000][160][gc,phases   ] GC(30)   Merge Heap Roots: 0.1ms
[2022-04-29T06:15:12.374+0000][160][gc,phases   ] GC(30)   Evacuate Collection Set: 5.6ms
[2022-04-29T06:15:12.375+0000][160][gc,phases   ] GC(30)   Post Evacuate Collection Set: 1.3ms
[2022-04-29T06:15:12.378+0000][160][gc,phases   ] GC(30)   Other: 13.3ms
[2022-04-29T06:15:12.379+0000][160][gc,heap     ] GC(30) Eden regions: 72->0(72)
[2022-04-29T06:15:12.380+0000][160][gc,heap     ] GC(30) Survivor regions: 4->4(10)
[2022-04-29T06:15:12.381+0000][160][gc,heap     ] GC(30) Old regions: 18->18
[2022-04-29T06:15:12.381+0000][160][gc,heap     ] GC(30) Archive regions: 2->2
[2022-04-29T06:15:12.382+0000][160][gc,heap     ] GC(30) Humongous regions: 6->6
[2022-04-29T06:15:12.383+0000][160][gc,metaspace] GC(30) Metaspace: 115427K(117184K)->115427K(117184K) NonClass: 99926K(100992K)->99926K(100992K) Class: 15500K(16192K)->15500K(16192K)
[2022-04-29T06:15:12.384+0000][160][gc          ] GC(30) Pause Young (Normal) (G1 Evacuation Pause) 401M->113M(512M) 32.026ms
[2022-04-29T06:15:12.385+0000][160][gc,cpu      ] GC(30) User=0.03s Sys=0.00s Real=0.03s
[2022-04-29T06:15:12.386+0000][160][safepoint   ] Safepoint "G1CollectForAllocation", Time since last: 1783522251 ns, Reaching safepoint: 683958 ns, At safepoint: 34885167 ns, Total: 35569125 ns
[2022-04-29T06:15:17.393+0000][160][safepoint   ] Safepoint "Cleanup", Time since last: 5005997460 ns, Reaching safepoint: 190334 ns, At safepoint: 4666 ns, Total: 195000 ns
[2022-04-29T06:15:18.394+0000][160][safepoint   ] Safepoint "Cleanup", Time since last: 1001169626 ns, Reaching safepoint: 81000 ns, At safepoint: 4333 ns, Total: 85333 ns
[2022-04-29T06:15:19.396+0000][160][safepoint   ] Safepoint "Cleanup", Time since last: 1000861042 ns, Reaching safepoint: 1073625 ns, At safepoint: 11792 ns, Total: 1085417 ns
[2022-04-29T06:15:21.403+0000][160][safepoint   ] Safepoint "Cleanup", Time since last: 2006576126 ns, Reaching safepoint: 233083 ns, At safepoint: 6000 ns, Total: 239083 ns
[2022-04-29T06:15:22.407+0000][160][safepoint   ] Safepoint "Cleanup", Time since last: 1004512334 ns, Reaching safepoint: 258042 ns, At safepoint: 8750 ns, Total: 266792 ns
[2022-04-29T06:15:24.417+0000][160][safepoint   ] Safepoint "Cleanup", Time since last: 2009377959 ns, Reaching safepoint: 72083 ns, At safepoint: 2125 ns, Total: 74208 ns
[2022-04-29T06:15:27.421+0000][160][safepoint   ] Safepoint "Cleanup", Time since last: 3003470460 ns, Reaching safepoint: 252542 ns, At safepoint: 5291 ns, Total: 257833 ns
[2022-04-29T06:15:30.435+0000][160][safepoint   ] Safepoint "Cleanup", Time since last: 3014591210 ns, Reaching safepoint: 212875 ns, At safepoint: 5375 ns, Total: 218250 ns
[2022-04-29T06:15:31.438+0000][160][safepoint   ] Safepoint "Cleanup", Time since last: 1002166042 ns, Reaching safepoint: 128667 ns, At safepoint: 3333 ns, Total: 132000 ns
[2022-04-29T06:15:33.442+0000][160][safepoint   ] Safepoint "Cleanup", Time since last: 2004089960 ns, Reaching safepoint: 99000 ns, At safepoint: 4416 ns, Total: 103416 ns
[2022-04-29T06:15:34.445+0000][160][safepoint   ] Safepoint "Cleanup", Time since last: 1002598001 ns, Reaching safepoint: 293333 ns, At safepoint: 11375 ns, Total: 304708 ns
[2022-04-29T06:15:36.463+0000][160][safepoint   ] Safepoint "Cleanup", Time since last: 2018504709 ns, Reaching safepoint: 55750 ns, At safepoint: 1875 ns, Total: 57625 ns
[2022-04-29T06:15:40.467+0000][160][safepoint   ] Safepoint "Cleanup", Time since last: 4004361335 ns, Reaching safepoint: 187833 ns, At safepoint: 6542 ns, Total: 194375 ns
[2022-04-29T06:15:42.488+0000][160][safepoint   ] Safepoint "Cleanup", Time since last: 2020334876 ns, Reaching safepoint: 114041 ns, At safepoint: 4084 ns, Total: 118125 ns
[2022-04-29T06:15:45.499+0000][160][safepoint   ] Safepoint "Cleanup", Time since last: 3011118376 ns, Reaching safepoint: 62917 ns, At safepoint: 1750 ns, Total: 64667 ns
[2022-04-29T06:15:46.505+0000][160][safepoint   ] Safepoint "Cleanup", Time since last: 1006114209 ns, Reaching safepoint: 287000 ns, At safepoint: 6833 ns, Total: 293833 ns
[2022-04-29T06:15:48.513+0000][160][safepoint   ] Safepoint "Cleanup", Time since last: 2007592459 ns, Reaching safepoint: 201250 ns, At safepoint: 5834 ns, Total: 207084 ns
[2022-04-29T06:15:57.538+0000][160][safepoint   ] Safepoint "Cleanup", Time since last: 9024525837 ns, Reaching safepoint: 210709 ns, At safepoint: 9291 ns, Total: 220000 ns
[2022-04-29T06:16:00.549+0000][160][safepoint   ] Safepoint "Cleanup", Time since last: 3011187627 ns, Reaching safepoint: 92041 ns, At safepoint: 3709 ns, Total: 95750 ns
[2022-04-29T06:16:03.555+0000][160][safepoint   ] Safepoint "Cleanup", Time since last: 3005613001 ns, Reaching safepoint: 79875 ns, At safepoint: 246292 ns, Total: 326167 ns
[2022-04-29T06:16:07.565+0000][160][safepoint   ] Safepoint "Cleanup", Time since last: 4008556252 ns, Reaching safepoint: 1150291 ns, At safepoint: 11542 ns, Total: 1161833 ns
[2022-04-29T06:16:09.574+0000][160][safepoint   ] Safepoint "Cleanup", Time since last: 2011317625 ns, Reaching safepoint: 207084 ns, At safepoint: 5000 ns, Total: 212084 ns
[2022-04-29T06:16:12.313+0000][160][gc,start    ] GC(31) Pause Young (Normal) (G1 Evacuation Pause)
[2022-04-29T06:16:12.314+0000][160][gc,task     ] GC(31) Using 5 workers of 5 for evacuation
[2022-04-29T06:16:12.315+0000][160][gc,age      ] GC(31) Desired survivor size 20971520 bytes, new threshold 15 (max threshold 15)
[2022-04-29T06:16:12.324+0000][160][gc,age      ] GC(31) Age table with threshold 15 (max threshold 15)
[2022-04-29T06:16:12.325+0000][160][gc,age      ] GC(31) - age   1:    1155640 bytes,    1155640 total
[2022-04-29T06:16:12.326+0000][160][gc,age      ] GC(31) - age   2:     227864 bytes,    1383504 total
[2022-04-29T06:16:12.327+0000][160][gc,age      ] GC(31) - age   3:      70328 bytes,    1453832 total
[2022-04-29T06:16:12.328+0000][160][gc,age      ] GC(31) - age   4:       8504 bytes,    1462336 total
[2022-04-29T06:16:12.330+0000][160][gc,age      ] GC(31) - age   5:     119488 bytes,    1581824 total
[2022-04-29T06:16:12.331+0000][160][gc,age      ] GC(31) - age   6:     215000 bytes,    1796824 total
[2022-04-29T06:16:12.332+0000][160][gc,age      ] GC(31) - age   7:    1596024 bytes,    3392848 total
[2022-04-29T06:16:12.333+0000][160][gc,age      ] GC(31) - age   8:      19048 bytes,    3411896 total
[2022-04-29T06:16:12.334+0000][160][gc,age      ] GC(31) - age   9:      55824 bytes,    3467720 total
[2022-04-29T06:16:12.335+0000][160][gc,age      ] GC(31) - age  10:      31520 bytes,    3499240 total
[2022-04-29T06:16:12.335+0000][160][gc,age      ] GC(31) - age  11:     405400 bytes,    3904640 total
[2022-04-29T06:16:12.337+0000][160][gc,age      ] GC(31) - age  12:    1741240 bytes,    5645880 total
[2022-04-29T06:16:12.337+0000][160][gc,age      ] GC(31) - age  13:    7150888 bytes,   12796768 total
[2022-04-29T06:16:12.338+0000][160][gc,age      ] GC(31) - age  14:      89008 bytes,   12885776 total
[2022-04-29T06:16:12.339+0000][160][gc,phases   ] GC(31)   Pre Evacuate Collection Set: 0.4ms
[2022-04-29T06:16:12.340+0000][160][gc,phases   ] GC(31)   Merge Heap Roots: 0.1ms
[2022-04-29T06:16:12.341+0000][160][gc,phases   ] GC(31)   Evacuate Collection Set: 5.8ms
[2022-04-29T06:16:12.342+0000][160][gc,phases   ] GC(31)   Post Evacuate Collection Set: 1.9ms
[2022-04-29T06:16:12.342+0000][160][gc,phases   ] GC(31)   Other: 17.5ms
[2022-04-29T06:16:12.343+0000][160][gc,heap     ] GC(31) Eden regions: 72->0(72)
[2022-04-29T06:16:12.344+0000][160][gc,heap     ] GC(31) Survivor regions: 4->4(10)
[2022-04-29T06:16:12.345+0000][160][gc,heap     ] GC(31) Old regions: 18->18
[2022-04-29T06:16:12.346+0000][160][gc,heap     ] GC(31) Archive regions: 2->2
[2022-04-29T06:16:12.347+0000][160][gc,heap     ] GC(31) Humongous regions: 6->6
[2022-04-29T06:16:12.347+0000][160][gc,metaspace] GC(31) Metaspace: 115512K(117248K)->115512K(117248K) NonClass: 100012K(101056K)->100012K(101056K) Class: 15500K(16192K)->15500K(16192K)
[2022-04-29T06:16:12.348+0000][160][gc          ] GC(31) Pause Young (Normal) (G1 Evacuation Pause) 401M->113M(512M) 34.935ms
[2022-04-29T06:16:12.349+0000][160][gc,cpu      ] GC(31) User=0.03s Sys=0.01s Real=0.04s
[2022-04-29T06:16:12.350+0000][160][safepoint   ] Safepoint "G1CollectForAllocation", Time since last: 2738668334 ns, Reaching safepoint: 121334 ns, At safepoint: 36527541 ns, Total: 36648875 ns
[2022-04-29T06:16:19.360+0000][160][safepoint   ] Safepoint "Cleanup", Time since last: 7010117087 ns, Reaching safepoint: 177333 ns, At safepoint: 3917 ns, Total: 181250 ns
[2022-04-29T06:16:21.366+0000][160][safepoint   ] Safepoint "Cleanup", Time since last: 2005714959 ns, Reaching safepoint: 105250 ns, At safepoint: 26542 ns, Total: 131792 ns
[2022-04-29T06:16:24.368+0000][160][safepoint   ] Safepoint "Cleanup", Time since last: 3002442460 ns, Reaching safepoint: 61541 ns, At safepoint: 10959 ns, Total: 72500 ns
[2022-04-29T06:16:25.371+0000][160][safepoint   ] Safepoint "Cleanup", Time since last: 1002241750 ns, Reaching safepoint: 450792 ns, At safepoint: 11250 ns, Total: 462042 ns
[2022-04-29T06:16:27.382+0000][160][safepoint   ] Safepoint "Cleanup", Time since last: 2011042501 ns, Reaching safepoint: 237541 ns, At safepoint: 9584 ns, Total: 247125 ns
[2022-04-29T06:16:31.398+0000][160][safepoint   ] Safepoint "Cleanup", Time since last: 4014961752 ns, Reaching safepoint: 251750 ns, At safepoint: 5458 ns, Total: 257208 ns
[2022-04-29T06:16:33.402+0000][160][safepoint   ] Safepoint "Cleanup", Time since last: 2004322834 ns, Reaching safepoint: 193584 ns, At safepoint: 3583 ns, Total: 197167 ns
[2022-04-29T06:16:34.403+0000][160][safepoint   ] Safepoint "Cleanup", Time since last: 1001239125 ns, Reaching safepoint: 73792 ns, At safepoint: 2333 ns, Total: 76125 ns
[2022-04-29T06:16:36.410+0000][160][safepoint   ] Safepoint "Cleanup", Time since last: 2006389960 ns, Reaching safepoint: 70000 ns, At safepoint: 2000 ns, Total: 72000 ns
[2022-04-29T06:16:37.413+0000][160][safepoint   ] Safepoint "Cleanup", Time since last: 1003250209 ns, Reaching safepoint: 177583 ns, At safepoint: 4417 ns, Total: 182000 ns
[2022-04-29T06:16:42.421+0000][160][safepoint   ] Safepoint "Cleanup", Time since last: 5006942752 ns, Reaching safepoint: 123416 ns, At safepoint: 4875 ns, Total: 128291 ns
[2022-04-29T06:16:43.423+0000][160][safepoint   ] Safepoint "Cleanup", Time since last: 1001878584 ns, Reaching safepoint: 99417 ns, At safepoint: 2791 ns, Total: 102208 ns
[2022-04-29T06:16:48.443+0000][160][safepoint   ] Safepoint "Cleanup", Time since last: 5019267336 ns, Reaching safepoint: 376625 ns, At safepoint: 5000 ns, Total: 381625 ns
[2022-04-29T06:16:49.447+0000][160][safepoint   ] Safepoint "Cleanup", Time since last: 1003787167 ns, Reaching safepoint: 78417 ns, At safepoint: 2000 ns, Total: 80417 ns
[2022-04-29T06:16:54.461+0000][160][safepoint   ] Safepoint "Cleanup", Time since last: 5014396711 ns, Reaching safepoint: 57041 ns, At safepoint: 2167 ns, Total: 59208 ns
[2022-04-29T06:16:55.463+0000][160][safepoint   ] Safepoint "Cleanup", Time since last: 1001147542 ns, Reaching safepoint: 107000 ns, At safepoint: 3625 ns, Total: 110625 ns
[2022-04-29T06:16:56.463+0000][160][safepoint   ] Safepoint "Cleanup", Time since last: 1000658084 ns, Reaching safepoint: 87833 ns, At safepoint: 6125 ns, Total: 93958 ns
[2022-04-29T06:17:00.473+0000][160][safepoint   ] Safepoint "Cleanup", Time since last: 4009389544 ns, Reaching safepoint: 94875 ns, At safepoint: 4625 ns, Total: 99500 ns
[2022-04-29T06:17:09.486+0000][160][safepoint   ] Safepoint "Cleanup", Time since last: 9012218628 ns, Reaching safepoint: 86834 ns, At safepoint: 3333 ns, Total: 90167 ns
[2022-04-29T06:17:11.493+0000][160][safepoint   ] Safepoint "Cleanup", Time since last: 2006304209 ns, Reaching safepoint: 308625 ns, At safepoint: 8584 ns, Total: 317209 ns
[2022-04-29T06:17:12.496+0000][160][safepoint   ] Safepoint "Cleanup", Time since last: 1003207958 ns, Reaching safepoint: 45042 ns, At safepoint: 2042 ns, Total: 47084 ns
[2022-04-29T06:17:13.016+0000][160][gc,start    ] GC(32) Pause Young (Normal) (G1 Evacuation Pause)
[2022-04-29T06:17:13.017+0000][160][gc,task     ] GC(32) Using 5 workers of 5 for evacuation
[2022-04-29T06:17:13.017+0000][160][gc,age      ] GC(32) Desired survivor size 20971520 bytes, new threshold 15 (max threshold 15)
[2022-04-29T06:17:13.025+0000][160][gc,age      ] GC(32) Age table with threshold 15 (max threshold 15)
[2022-04-29T06:17:13.027+0000][160][gc,age      ] GC(32) - age   1:    1678920 bytes,    1678920 total
[2022-04-29T06:17:13.027+0000][160][gc,age      ] GC(32) - age   2:       5944 bytes,    1684864 total
[2022-04-29T06:17:13.028+0000][160][gc,age      ] GC(32) - age   3:     225160 bytes,    1910024 total
[2022-04-29T06:17:13.029+0000][160][gc,age      ] GC(32) - age   4:      69808 bytes,    1979832 total
[2022-04-29T06:17:13.029+0000][160][gc,age      ] GC(32) - age   5:       8504 bytes,    1988336 total
[2022-04-29T06:17:13.030+0000][160][gc,age      ] GC(32) - age   6:     119488 bytes,    2107824 total
[2022-04-29T06:17:13.031+0000][160][gc,age      ] GC(32) - age   7:     214800 bytes,    2322624 total
[2022-04-29T06:17:13.031+0000][160][gc,age      ] GC(32) - age   8:    1550744 bytes,    3873368 total
[2022-04-29T06:17:13.032+0000][160][gc,age      ] GC(32) - age   9:      19048 bytes,    3892416 total
[2022-04-29T06:17:13.033+0000][160][gc,age      ] GC(32) - age  10:      55824 bytes,    3948240 total
[2022-04-29T06:17:13.033+0000][160][gc,age      ] GC(32) - age  11:      31520 bytes,    3979760 total
[2022-04-29T06:17:13.034+0000][160][gc,age      ] GC(32) - age  12:     397384 bytes,    4377144 total
[2022-04-29T06:17:13.034+0000][160][gc,age      ] GC(32) - age  13:    1722816 bytes,    6099960 total
[2022-04-29T06:17:13.035+0000][160][gc,age      ] GC(32) - age  14:    7150888 bytes,   13250848 total
[2022-04-29T06:17:13.035+0000][160][gc,age      ] GC(32) - age  15:      89008 bytes,   13339856 total
[2022-04-29T06:17:13.036+0000][160][gc,phases   ] GC(32)   Pre Evacuate Collection Set: 0.2ms
[2022-04-29T06:17:13.037+0000][160][gc,phases   ] GC(32)   Merge Heap Roots: 0.1ms
[2022-04-29T06:17:13.037+0000][160][gc,phases   ] GC(32)   Evacuate Collection Set: 5.3ms
[2022-04-29T06:17:13.038+0000][160][gc,phases   ] GC(32)   Post Evacuate Collection Set: 1.3ms
[2022-04-29T06:17:13.038+0000][160][gc,phases   ] GC(32)   Other: 12.8ms
[2022-04-29T06:17:13.039+0000][160][gc,heap     ] GC(32) Eden regions: 72->0(72)
[2022-04-29T06:17:13.040+0000][160][gc,heap     ] GC(32) Survivor regions: 4->4(10)
[2022-04-29T06:17:13.040+0000][160][gc,heap     ] GC(32) Old regions: 18->18
[2022-04-29T06:17:13.041+0000][160][gc,heap     ] GC(32) Archive regions: 2->2
[2022-04-29T06:17:13.042+0000][160][gc,heap     ] GC(32) Humongous regions: 6->6
[2022-04-29T06:17:13.042+0000][160][gc,metaspace] GC(32) Metaspace: 115572K(117312K)->115572K(117312K) NonClass: 100071K(101120K)->100071K(101120K) Class: 15500K(16192K)->15500K(16192K)
[2022-04-29T06:17:13.043+0000][160][gc          ] GC(32) Pause Young (Normal) (G1 Evacuation Pause) 401M->113M(512M) 26.615ms
[2022-04-29T06:17:13.044+0000][160][gc,cpu      ] GC(32) User=0.02s Sys=0.00s Real=0.02s
[2022-04-29T06:17:13.044+0000][160][safepoint   ] Safepoint "G1CollectForAllocation", Time since last: 519958792 ns, Reaching safepoint: 43375 ns, At safepoint: 27866083 ns, Total: 27909458 ns
[2022-04-29T06:17:16.048+0000][160][safepoint   ] Safepoint "Cleanup", Time since last: 3004053335 ns, Reaching safepoint: 74583 ns, At safepoint: 2125 ns, Total: 76708 ns
[2022-04-29T06:17:18.059+0000][160][safepoint   ] Safepoint "Cleanup", Time since last: 2010658376 ns, Reaching safepoint: 500083 ns, At safepoint: 9834 ns, Total: 509917 ns
[2022-04-29T06:17:19.069+0000][160][safepoint   ] Safepoint "Cleanup", Time since last: 1009418042 ns, Reaching safepoint: 249791 ns, At safepoint: 10542 ns, Total: 260333 ns
[2022-04-29T06:17:27.097+0000][160][safepoint   ] Safepoint "Cleanup", Time since last: 8026980046 ns, Reaching safepoint: 542708 ns, At safepoint: 10583 ns, Total: 553291 ns
[2022-04-29T06:17:31.116+0000][160][safepoint   ] Safepoint "Cleanup", Time since last: 4018796377 ns, Reaching safepoint: 155500 ns, At safepoint: 6042 ns, Total: 161542 ns
[2022-04-29T06:17:49.165+0000][160][safepoint   ] Safepoint "Cleanup", Time since last: 18048519883 ns, Reaching safepoint: 59666 ns, At safepoint: 2084 ns, Total: 61750 ns
[2022-04-29T06:17:55.177+0000][160][safepoint   ] Safepoint "Cleanup", Time since last: 6011554711 ns, Reaching safepoint: 418125 ns, At safepoint: 7625 ns, Total: 425750 ns
[2022-04-29T06:17:56.189+0000][160][safepoint   ] Safepoint "Cleanup", Time since last: 1011072167 ns, Reaching safepoint: 297375 ns, At safepoint: 10334 ns, Total: 307709 ns
[2022-04-29T06:18:00.202+0000][160][safepoint   ] Safepoint "Cleanup", Time since last: 4012870001 ns, Reaching safepoint: 107000 ns, At safepoint: 2709 ns, Total: 109709 ns
[2022-04-29T06:18:01.204+0000][160][safepoint   ] Safepoint "Cleanup", Time since last: 1002553250 ns, Reaching safepoint: 59917 ns, At safepoint: 24250 ns, Total: 84167 ns
[2022-04-29T06:18:07.222+0000][160][safepoint   ] Safepoint "Cleanup", Time since last: 6016696753 ns, Reaching safepoint: 622625 ns, At safepoint: 54833 ns, Total: 677458 ns
[2022-04-29T06:18:09.223+0000][160][safepoint   ] Safepoint "Cleanup", Time since last: 2003984292 ns, Reaching safepoint: 171458 ns, At safepoint: 4333 ns, Total: 175791 ns
[2022-04-29T06:18:10.224+0000][160][safepoint   ] Safepoint "Cleanup", Time since last: 1001606918 ns, Reaching safepoint: 173416 ns, At safepoint: 3667 ns, Total: 177083 ns
[2022-04-29T06:18:13.485+0000][160][safepoint   ] Safepoint "Cleanup", Time since last: 3260544543 ns, Reaching safepoint: 189125 ns, At safepoint: 12792 ns, Total: 201917 ns
[2022-04-29T06:18:17.489+0000][160][safepoint   ] Safepoint "Cleanup", Time since last: 4003351168 ns, Reaching safepoint: 333375 ns, At safepoint: 7334 ns, Total: 340709 ns
[2022-04-29T06:18:18.491+0000][160][safepoint   ] Safepoint "Cleanup", Time since last: 1001681125 ns, Reaching safepoint: 151209 ns, At safepoint: 4833 ns, Total: 156042 ns
[2022-04-29T06:18:18.529+0000][160][gc,start    ] GC(33) Pause Young (Normal) (G1 Evacuation Pause)
[2022-04-29T06:18:18.530+0000][160][gc,task     ] GC(33) Using 5 workers of 5 for evacuation
[2022-04-29T06:18:18.530+0000][160][gc,age      ] GC(33) Desired survivor size 20971520 bytes, new threshold 15 (max threshold 15)
[2022-04-29T06:18:18.539+0000][160][gc,age      ] GC(33) Age table with threshold 15 (max threshold 15)
[2022-04-29T06:18:18.540+0000][160][gc,age      ] GC(33) - age   1:    1471768 bytes,    1471768 total
[2022-04-29T06:18:18.541+0000][160][gc,age      ] GC(33) - age   2:       8976 bytes,    1480744 total
[2022-04-29T06:18:18.541+0000][160][gc,age      ] GC(33) - age   3:       2880 bytes,    1483624 total
[2022-04-29T06:18:18.542+0000][160][gc,age      ] GC(33) - age   4:     224504 bytes,    1708128 total
[2022-04-29T06:18:18.543+0000][160][gc,age      ] GC(33) - age   5:      69808 bytes,    1777936 total
[2022-04-29T06:18:18.543+0000][160][gc,age      ] GC(33) - age   6:       8504 bytes,    1786440 total
[2022-04-29T06:18:18.544+0000][160][gc,age      ] GC(33) - age   7:     119488 bytes,    1905928 total
[2022-04-29T06:18:18.545+0000][160][gc,age      ] GC(33) - age   8:     145688 bytes,    2051616 total
[2022-04-29T06:18:18.546+0000][160][gc,age      ] GC(33) - age   9:    1550744 bytes,    3602360 total
[2022-04-29T06:18:18.546+0000][160][gc,age      ] GC(33) - age  10:      19048 bytes,    3621408 total
[2022-04-29T06:18:18.547+0000][160][gc,age      ] GC(33) - age  11:      55824 bytes,    3677232 total
[2022-04-29T06:18:18.548+0000][160][gc,age      ] GC(33) - age  12:      31520 bytes,    3708752 total
[2022-04-29T06:18:18.549+0000][160][gc,age      ] GC(33) - age  13:     397384 bytes,    4106136 total
[2022-04-29T06:18:18.549+0000][160][gc,age      ] GC(33) - age  14:    1722544 bytes,    5828680 total
[2022-04-29T06:18:18.550+0000][160][gc,age      ] GC(33) - age  15:    7150264 bytes,   12978944 total
[2022-04-29T06:18:18.551+0000][160][gc,phases   ] GC(33)   Pre Evacuate Collection Set: 0.2ms
[2022-04-29T06:18:18.552+0000][160][gc,phases   ] GC(33)   Merge Heap Roots: 0.1ms
[2022-04-29T06:18:18.552+0000][160][gc,phases   ] GC(33)   Evacuate Collection Set: 6.6ms
[2022-04-29T06:18:18.553+0000][160][gc,phases   ] GC(33)   Post Evacuate Collection Set: 1.2ms
[2022-04-29T06:18:18.554+0000][160][gc,phases   ] GC(33)   Other: 14.2ms
[2022-04-29T06:18:18.555+0000][160][gc,heap     ] GC(33) Eden regions: 72->0(72)
[2022-04-29T06:18:18.556+0000][160][gc,heap     ] GC(33) Survivor regions: 4->4(10)
[2022-04-29T06:18:18.556+0000][160][gc,heap     ] GC(33) Old regions: 18->18
[2022-04-29T06:18:18.557+0000][160][gc,heap     ] GC(33) Archive regions: 2->2
[2022-04-29T06:18:18.557+0000][160][gc,heap     ] GC(33) Humongous regions: 6->6
[2022-04-29T06:18:18.558+0000][160][gc,metaspace] GC(33) Metaspace: 115664K(117376K)->115664K(117376K) NonClass: 100161K(101184K)->100161K(101184K) Class: 15502K(16192K)->15502K(16192K)
[2022-04-29T06:18:18.558+0000][160][gc          ] GC(33) Pause Young (Normal) (G1 Evacuation Pause) 401M->113M(512M) 29.272ms
[2022-04-29T06:18:18.559+0000][160][gc,cpu      ] GC(33) User=0.02s Sys=0.00s Real=0.03s
[2022-04-29T06:18:18.560+0000][160][safepoint   ] Safepoint "G1CollectForAllocation", Time since last: 38114875 ns, Reaching safepoint: 56042 ns, At safepoint: 30929750 ns, Total: 30985792 ns
[2022-04-29T06:18:21.567+0000][160][safepoint   ] Safepoint "Cleanup", Time since last: 3006880459 ns, Reaching safepoint: 229750 ns, At safepoint: 3250 ns, Total: 233000 ns
[2022-04-29T06:18:22.573+0000][160][safepoint   ] Safepoint "Cleanup", Time since last: 1006155751 ns, Reaching safepoint: 194000 ns, At safepoint: 13625 ns, Total: 207625 ns
[2022-04-29T06:18:24.575+0000][160][safepoint   ] Safepoint "Cleanup", Time since last: 2001188292 ns, Reaching safepoint: 144625 ns, At safepoint: 125250 ns, Total: 269875 ns
[2022-04-29T06:18:27.584+0000][160][safepoint   ] Safepoint "Cleanup", Time since last: 3008333710 ns, Reaching safepoint: 1117625 ns, At safepoint: 10834 ns, Total: 1128459 ns
[2022-04-29T06:18:30.598+0000][160][safepoint   ] Safepoint "Cleanup", Time since last: 3013867543 ns, Reaching safepoint: 221875 ns, At safepoint: 4875 ns, Total: 226750 ns
[2022-04-29T06:18:31.608+0000][160][safepoint   ] Safepoint "Cleanup", Time since last: 1008560708 ns, Reaching safepoint: 858875 ns, At safepoint: 86167 ns, Total: 945042 ns
[2022-04-29T06:18:34.323+0000][160][safepoint   ] Safepoint "Cleanup", Time since last: 2714157960 ns, Reaching safepoint: 732291 ns, At safepoint: 15417 ns, Total: 747708 ns
[2022-04-29T06:18:36.330+0000][160][safepoint   ] Safepoint "Cleanup", Time since last: 2006923668 ns, Reaching safepoint: 182333 ns, At safepoint: 7750 ns, Total: 190083 ns
[2022-04-29T06:18:37.540+0000][160][safepoint   ] Safepoint "Cleanup", Time since last: 1210370459 ns, Reaching safepoint: 72583 ns, At safepoint: 2459 ns, Total: 75042 ns
[2022-04-29T06:18:39.553+0000][160][safepoint   ] Safepoint "Cleanup", Time since last: 2012975833 ns, Reaching safepoint: 148000 ns, At safepoint: 9625 ns, Total: 157625 ns
[2022-04-29T06:18:42.571+0000][160][safepoint   ] Safepoint "Cleanup", Time since last: 3017098127 ns, Reaching safepoint: 272083 ns, At safepoint: 4250 ns, Total: 276333 ns
[2022-04-29T06:18:45.577+0000][160][safepoint   ] Safepoint "Cleanup", Time since last: 3006585043 ns, Reaching safepoint: 164542 ns, At safepoint: 3583 ns, Total: 168125 ns
[2022-04-29T06:18:47.582+0000][160][safepoint   ] Safepoint "Cleanup", Time since last: 2004219543 ns, Reaching safepoint: 154666 ns, At safepoint: 8667 ns, Total: 163333 ns
[2022-04-29T06:18:48.586+0000][160][safepoint   ] Safepoint "Cleanup", Time since last: 1004524751 ns, Reaching safepoint: 195875 ns, At safepoint: 4458 ns, Total: 200333 ns
[2022-04-29T06:18:52.597+0000][160][safepoint   ] Safepoint "Cleanup", Time since last: 4010306835 ns, Reaching safepoint: 290625 ns, At safepoint: 8250 ns, Total: 298875 ns
[2022-04-29T06:18:55.612+0000][160][safepoint   ] Safepoint "Cleanup", Time since last: 3015164210 ns, Reaching safepoint: 189250 ns, At safepoint: 4750 ns, Total: 194000 ns
[2022-04-29T06:18:57.622+0000][160][safepoint   ] Safepoint "Cleanup", Time since last: 2009744876 ns, Reaching safepoint: 282250 ns, At safepoint: 11583 ns, Total: 293833 ns
[2022-04-29T06:19:11.648+0000][160][safepoint   ] Safepoint "Cleanup", Time since last: 14023625423 ns, Reaching safepoint: 101917 ns, At safepoint: 2208 ns, Total: 104125 ns
[2022-04-29T06:19:12.652+0000][160][safepoint   ] Safepoint "Cleanup", Time since last: 1003603667 ns, Reaching safepoint: 53875 ns, At safepoint: 4792 ns, Total: 58667 ns
[2022-04-29T06:19:16.422+0000][160][gc,start    ] GC(34) Pause Young (Normal) (G1 Evacuation Pause)
[2022-04-29T06:19:16.423+0000][160][gc,task     ] GC(34) Using 5 workers of 5 for evacuation
[2022-04-29T06:19:16.424+0000][160][gc,age      ] GC(34) Desired survivor size 20971520 bytes, new threshold 15 (max threshold 15)
[2022-04-29T06:19:16.433+0000][160][gc,age      ] GC(34) Age table with threshold 15 (max threshold 15)
[2022-04-29T06:19:16.434+0000][160][gc,age      ] GC(34) - age   1:     794720 bytes,     794720 total
[2022-04-29T06:19:16.434+0000][160][gc,age      ] GC(34) - age   2:       9816 bytes,     804536 total
[2022-04-29T06:19:16.435+0000][160][gc,age      ] GC(34) - age   3:       6872 bytes,     811408 total
[2022-04-29T06:19:16.436+0000][160][gc,age      ] GC(34) - age   4:       2784 bytes,     814192 total
[2022-04-29T06:19:16.436+0000][160][gc,age      ] GC(34) - age   5:     224312 bytes,    1038504 total
[2022-04-29T06:19:16.437+0000][160][gc,age      ] GC(34) - age   6:      69808 bytes,    1108312 total
[2022-04-29T06:19:16.438+0000][160][gc,age      ] GC(34) - age   7:       8504 bytes,    1116816 total
[2022-04-29T06:19:16.439+0000][160][gc,age      ] GC(34) - age   8:     103336 bytes,    1220152 total
[2022-04-29T06:19:16.440+0000][160][gc,age      ] GC(34) - age   9:     145688 bytes,    1365840 total
[2022-04-29T06:19:16.440+0000][160][gc,age      ] GC(34) - age  10:    1550616 bytes,    2916456 total
[2022-04-29T06:19:16.441+0000][160][gc,age      ] GC(34) - age  11:      19048 bytes,    2935504 total
[2022-04-29T06:19:16.441+0000][160][gc,age      ] GC(34) - age  12:      55704 bytes,    2991208 total
[2022-04-29T06:19:16.442+0000][160][gc,age      ] GC(34) - age  13:      31520 bytes,    3022728 total
[2022-04-29T06:19:16.442+0000][160][gc,age      ] GC(34) - age  14:     397384 bytes,    3420112 total
[2022-04-29T06:19:16.443+0000][160][gc,age      ] GC(34) - age  15:    1722544 bytes,    5142656 total
[2022-04-29T06:19:16.444+0000][160][gc,phases   ] GC(34)   Pre Evacuate Collection Set: 0.2ms
[2022-04-29T06:19:16.445+0000][160][gc,phases   ] GC(34)   Merge Heap Roots: 0.1ms
[2022-04-29T06:19:16.446+0000][160][gc,phases   ] GC(34)   Evacuate Collection Set: 6.6ms
[2022-04-29T06:19:16.446+0000][160][gc,phases   ] GC(34)   Post Evacuate Collection Set: 1.4ms
[2022-04-29T06:19:16.447+0000][160][gc,phases   ] GC(34)   Other: 13.6ms
[2022-04-29T06:19:16.447+0000][160][gc,heap     ] GC(34) Eden regions: 72->0(74)
[2022-04-29T06:19:16.448+0000][160][gc,heap     ] GC(34) Survivor regions: 4->2(10)
[2022-04-29T06:19:16.449+0000][160][gc,heap     ] GC(34) Old regions: 18->20
[2022-04-29T06:19:16.450+0000][160][gc,heap     ] GC(34) Archive regions: 2->2
[2022-04-29T06:19:16.451+0000][160][gc,heap     ] GC(34) Humongous regions: 6->6
[2022-04-29T06:19:16.451+0000][160][gc,metaspace] GC(34) Metaspace: 115695K(117376K)->115695K(117376K) NonClass: 100192K(101184K)->100192K(101184K) Class: 15502K(16192K)->15502K(16192K)
[2022-04-29T06:19:16.452+0000][160][gc          ] GC(34) Pause Young (Normal) (G1 Evacuation Pause) 401M->112M(512M) 29.493ms
[2022-04-29T06:19:16.452+0000][160][gc,cpu      ] GC(34) User=0.03s Sys=0.01s Real=0.03s
[2022-04-29T06:19:16.453+0000][160][safepoint   ] Safepoint "G1CollectForAllocation", Time since last: 3770568168 ns, Reaching safepoint: 55875 ns, At safepoint: 30871334 ns, Total: 30927209 ns
[2022-04-29T06:19:17.457+0000][160][safepoint   ] Safepoint "Cleanup", Time since last: 1004086417 ns, Reaching safepoint: 165666 ns, At safepoint: 4584 ns, Total: 170250 ns
[2022-04-29T06:19:18.459+0000][160][safepoint   ] Safepoint "Cleanup", Time since last: 1001779292 ns, Reaching safepoint: 62083 ns, At safepoint: 2500 ns, Total: 64583 ns
[2022-04-29T06:19:19.466+0000][160][safepoint   ] Safepoint "Cleanup", Time since last: 1006342251 ns, Reaching safepoint: 166791 ns, At safepoint: 5000 ns, Total: 171791 ns
[2022-04-29T06:19:21.478+0000][160][safepoint   ] Safepoint "Cleanup", Time since last: 2011515793 ns, Reaching safepoint: 192792 ns, At safepoint: 4041 ns, Total: 196833 ns
[2022-04-29T06:19:22.481+0000][160][safepoint   ] Safepoint "Cleanup", Time since last: 1003369542 ns, Reaching safepoint: 297917 ns, At safepoint: 8083 ns, Total: 306000 ns
[2022-04-29T06:19:25.488+0000][160][safepoint   ] Safepoint "Cleanup", Time since last: 3006924085 ns, Reaching safepoint: 49667 ns, At safepoint: 2125 ns, Total: 51792 ns
[2022-04-29T06:19:27.494+0000][160][safepoint   ] Safepoint "Cleanup", Time since last: 2005468417 ns, Reaching safepoint: 197875 ns, At safepoint: 8542 ns, Total: 206417 ns
[2022-04-29T06:19:39.528+0000][160][safepoint   ] Safepoint "Cleanup", Time since last: 12036941380 ns, Reaching safepoint: 62959 ns, At safepoint: 1833 ns, Total: 64792 ns
[2022-04-29T06:19:40.534+0000][160][safepoint   ] Safepoint "Cleanup", Time since last: 1005968417 ns, Reaching safepoint: 283125 ns, At safepoint: 10167 ns, Total: 293292 ns
[2022-04-29T06:19:49.578+0000][160][safepoint   ] Safepoint "Cleanup", Time since last: 9043850837 ns, Reaching safepoint: 537709 ns, At safepoint: 20625 ns, Total: 558334 ns
[2022-04-29T06:19:54.595+0000][160][safepoint   ] Safepoint "Cleanup", Time since last: 5016761919 ns, Reaching safepoint: 312666 ns, At safepoint: 4459 ns, Total: 317125 ns
[2022-04-29T06:19:55.610+0000][160][safepoint   ] Safepoint "Cleanup", Time since last: 1014603750 ns, Reaching safepoint: 568375 ns, At safepoint: 8834 ns, Total: 577209 ns
[2022-04-29T06:19:57.617+0000][160][safepoint   ] Safepoint "Cleanup", Time since last: 2006491292 ns, Reaching safepoint: 99250 ns, At safepoint: 3125 ns, Total: 102375 ns
[2022-04-29T06:20:00.620+0000][160][safepoint   ] Safepoint "Cleanup", Time since last: 3002858085 ns, Reaching safepoint: 121542 ns, At safepoint: 11291 ns, Total: 132833 ns
[2022-04-29T06:20:03.630+0000][160][safepoint   ] Safepoint "Cleanup", Time since last: 3008825377 ns, Reaching safepoint: 884333 ns, At safepoint: 19625 ns, Total: 903958 ns
[2022-04-29T06:20:09.665+0000][160][safepoint   ] Safepoint "Cleanup", Time since last: 6019324294 ns, Reaching safepoint: 103250 ns, At safepoint: 2667 ns, Total: 105917 ns
[2022-04-29T06:20:11.670+0000][160][safepoint   ] Safepoint "Cleanup", Time since last: 2004987959 ns, Reaching safepoint: 121958 ns, At safepoint: 5375 ns, Total: 127333 ns
[2022-04-29T06:20:12.673+0000][160][safepoint   ] Safepoint "Cleanup", Time since last: 1002818459 ns, Reaching safepoint: 90000 ns, At safepoint: 2167 ns, Total: 92167 ns
[2022-04-29T06:20:12.976+0000][160][gc,start    ] GC(35) Pause Young (Normal) (G1 Evacuation Pause)
[2022-04-29T06:20:12.977+0000][160][gc,task     ] GC(35) Using 5 workers of 5 for evacuation
[2022-04-29T06:20:12.978+0000][160][gc,age      ] GC(35) Desired survivor size 20971520 bytes, new threshold 15 (max threshold 15)
[2022-04-29T06:20:12.985+0000][160][gc,age      ] GC(35) Age table with threshold 15 (max threshold 15)
[2022-04-29T06:20:12.986+0000][160][gc,age      ] GC(35) - age   1:    1052616 bytes,    1052616 total
[2022-04-29T06:20:12.987+0000][160][gc,age      ] GC(35) - age   2:       5792 bytes,    1058408 total
[2022-04-29T06:20:12.988+0000][160][gc,age      ] GC(35) - age   3:       7672 bytes,    1066080 total
[2022-04-29T06:20:12.989+0000][160][gc,age      ] GC(35) - age   4:       6360 bytes,    1072440 total
[2022-04-29T06:20:12.989+0000][160][gc,age      ] GC(35) - age   5:       2472 bytes,    1074912 total
[2022-04-29T06:20:12.990+0000][160][gc,age      ] GC(35) - age   6:     224160 bytes,    1299072 total
[2022-04-29T06:20:12.991+0000][160][gc,age      ] GC(35) - age   7:      68472 bytes,    1367544 total
[2022-04-29T06:20:12.992+0000][160][gc,age      ] GC(35) - age   8:       8504 bytes,    1376048 total
[2022-04-29T06:20:12.992+0000][160][gc,age      ] GC(35) - age   9:     103336 bytes,    1479384 total
[2022-04-29T06:20:12.992+0000][160][gc,age      ] GC(35) - age  10:     145688 bytes,    1625072 total
[2022-04-29T06:20:12.994+0000][160][gc,age      ] GC(35) - age  11:    1550616 bytes,    3175688 total
[2022-04-29T06:20:12.995+0000][160][gc,age      ] GC(35) - age  12:      19048 bytes,    3194736 total
[2022-04-29T06:20:12.996+0000][160][gc,age      ] GC(35) - age  13:      55704 bytes,    3250440 total
[2022-04-29T06:20:12.997+0000][160][gc,age      ] GC(35) - age  14:      31520 bytes,    3281960 total
[2022-04-29T06:20:12.998+0000][160][gc,age      ] GC(35) - age  15:     397384 bytes,    3679344 total
[2022-04-29T06:20:12.999+0000][160][gc,phases   ] GC(35)   Pre Evacuate Collection Set: 0.2ms
[2022-04-29T06:20:13.000+0000][160][gc,phases   ] GC(35)   Merge Heap Roots: 0.1ms
[2022-04-29T06:20:13.001+0000][160][gc,phases   ] GC(35)   Evacuate Collection Set: 4.8ms
[2022-04-29T06:20:13.002+0000][160][gc,phases   ] GC(35)   Post Evacuate Collection Set: 1.2ms
[2022-04-29T06:20:13.003+0000][160][gc,phases   ] GC(35)   Other: 16.1ms
[2022-04-29T06:20:13.004+0000][160][gc,heap     ] GC(35) Eden regions: 74->0(74)
[2022-04-29T06:20:13.005+0000][160][gc,heap     ] GC(35) Survivor regions: 2->2(10)
[2022-04-29T06:20:13.006+0000][160][gc,heap     ] GC(35) Old regions: 20->21
[2022-04-29T06:20:13.007+0000][160][gc,heap     ] GC(35) Archive regions: 2->2
[2022-04-29T06:20:13.008+0000][160][gc,heap     ] GC(35) Humongous regions: 6->6
[2022-04-29T06:20:13.009+0000][160][gc,metaspace] GC(35) Metaspace: 115760K(117440K)->115760K(117440K) NonClass: 100255K(101248K)->100255K(101248K) Class: 15504K(16192K)->15504K(16192K)
[2022-04-29T06:20:13.010+0000][160][gc          ] GC(35) Pause Young (Normal) (G1 Evacuation Pause) 408M->112M(512M) 33.525ms
[2022-04-29T06:20:13.011+0000][160][gc,cpu      ] GC(35) User=0.02s Sys=0.01s Real=0.04s
[2022-04-29T06:20:13.012+0000][160][safepoint   ] Safepoint "G1CollectForAllocation", Time since last: 303606583 ns, Reaching safepoint: 60375 ns, At safepoint: 36034542 ns, Total: 36094917 ns
[2022-04-29T06:20:16.028+0000][160][safepoint   ] Safepoint "Cleanup", Time since last: 3015020001 ns, Reaching safepoint: 351084 ns, At safepoint: 11750 ns, Total: 362834 ns
[2022-04-29T06:20:19.046+0000][160][safepoint   ] Safepoint "Cleanup", Time since last: 3018017834 ns, Reaching safepoint: 264084 ns, At safepoint: 9833 ns, Total: 273917 ns
[2022-04-29T06:20:20.048+0000][160][safepoint   ] Safepoint "Cleanup", Time since last: 1002298709 ns, Reaching safepoint: 53083 ns, At safepoint: 1875 ns, Total: 54958 ns
[2022-04-29T06:20:23.060+0000][160][safepoint   ] Safepoint "Cleanup", Time since last: 3011455085 ns, Reaching safepoint: 472250 ns, At safepoint: 7750 ns, Total: 480000 ns
[2022-04-29T06:20:24.069+0000][160][safepoint   ] Safepoint "Cleanup", Time since last: 1008436292 ns, Reaching safepoint: 151208 ns, At safepoint: 6292 ns, Total: 157500 ns
[2022-04-29T06:20:27.088+0000][160][safepoint   ] Safepoint "Cleanup", Time since last: 3018557710 ns, Reaching safepoint: 720417 ns, At safepoint: 11208 ns, Total: 731625 ns
[2022-04-29T06:20:28.097+0000][160][safepoint   ] Safepoint "Cleanup", Time since last: 1008518084 ns, Reaching safepoint: 595208 ns, At safepoint: 16458 ns, Total: 611666 ns
[2022-04-29T06:20:34.119+0000][160][safepoint   ] Safepoint "Cleanup", Time since last: 6021101878 ns, Reaching safepoint: 360459 ns, At safepoint: 25250 ns, Total: 385709 ns
[2022-04-29T06:20:37.126+0000][160][safepoint   ] Safepoint "Cleanup", Time since last: 3007066418 ns, Reaching safepoint: 52375 ns, At safepoint: 1833 ns, Total: 54208 ns
[2022-04-29T06:20:39.120+0000][160][safepoint   ] Safepoint "Cleanup", Time since last: 2008940792 ns, Reaching safepoint: 237458 ns, At safepoint: 8750 ns, Total: 246208 ns
[2022-04-29T06:20:40.128+0000][160][safepoint   ] Safepoint "Cleanup", Time since last: 1007092084 ns, Reaching safepoint: 257792 ns, At safepoint: 7333 ns, Total: 265125 ns
[2022-04-29T06:20:43.140+0000][160][safepoint   ] Safepoint "Cleanup", Time since last: 3012995710 ns, Reaching safepoint: 74333 ns, At safepoint: 1875 ns, Total: 76208 ns
[2022-04-29T06:20:56.174+0000][160][safepoint   ] Safepoint "Cleanup", Time since last: 13032375298 ns, Reaching safepoint: 953917 ns, At safepoint: 14041 ns, Total: 967958 ns
[2022-04-29T06:21:07.217+0000][160][safepoint   ] Safepoint "Cleanup", Time since last: 11042852172 ns, Reaching safepoint: 143125 ns, At safepoint: 3750 ns, Total: 146875 ns
[2022-04-29T06:21:10.223+0000][160][safepoint   ] Safepoint "Cleanup", Time since last: 3006693835 ns, Reaching safepoint: 343958 ns, At safepoint: 9792 ns, Total: 353750 ns
[2022-04-29T06:21:12.612+0000][160][gc,start    ] GC(36) Pause Young (Normal) (G1 Evacuation Pause)
[2022-04-29T06:21:12.612+0000][160][gc,task     ] GC(36) Using 5 workers of 5 for evacuation
[2022-04-29T06:21:12.613+0000][160][gc,age      ] GC(36) Desired survivor size 20971520 bytes, new threshold 15 (max threshold 15)
[2022-04-29T06:21:12.619+0000][160][gc,age      ] GC(36) Age table with threshold 15 (max threshold 15)
[2022-04-29T06:21:12.622+0000][160][gc,age      ] GC(36) - age   1:    1906496 bytes,    1906496 total
[2022-04-29T06:21:12.623+0000][160][gc,age      ] GC(36) - age   2:      17016 bytes,    1923512 total
[2022-04-29T06:21:12.624+0000][160][gc,age      ] GC(36) - age   3:       3936 bytes,    1927448 total
[2022-04-29T06:21:12.625+0000][160][gc,age      ] GC(36) - age   4:       6720 bytes,    1934168 total
[2022-04-29T06:21:12.625+0000][160][gc,age      ] GC(36) - age   5:       6360 bytes,    1940528 total
[2022-04-29T06:21:12.626+0000][160][gc,age      ] GC(36) - age   6:       2472 bytes,    1943000 total
[2022-04-29T06:21:12.627+0000][160][gc,age      ] GC(36) - age   7:     223968 bytes,    2166968 total
[2022-04-29T06:21:12.627+0000][160][gc,age      ] GC(36) - age   8:      42336 bytes,    2209304 total
[2022-04-29T06:21:12.628+0000][160][gc,age      ] GC(36) - age   9:       8504 bytes,    2217808 total
[2022-04-29T06:21:12.628+0000][160][gc,age      ] GC(36) - age  10:     103336 bytes,    2321144 total
[2022-04-29T06:21:12.629+0000][160][gc,age      ] GC(36) - age  11:     145688 bytes,    2466832 total
[2022-04-29T06:21:12.629+0000][160][gc,age      ] GC(36) - age  12:    1550552 bytes,    4017384 total
[2022-04-29T06:21:12.630+0000][160][gc,age      ] GC(36) - age  13:      19048 bytes,    4036432 total
[2022-04-29T06:21:12.631+0000][160][gc,age      ] GC(36) - age  14:      55704 bytes,    4092136 total
[2022-04-29T06:21:12.631+0000][160][gc,age      ] GC(36) - age  15:      31520 bytes,    4123656 total
[2022-04-29T06:21:12.632+0000][160][gc,phases   ] GC(36)   Pre Evacuate Collection Set: 0.1ms
[2022-04-29T06:21:12.632+0000][160][gc,phases   ] GC(36)   Merge Heap Roots: 0.1ms
[2022-04-29T06:21:12.633+0000][160][gc,phases   ] GC(36)   Evacuate Collection Set: 4.0ms
[2022-04-29T06:21:12.634+0000][160][gc,phases   ] GC(36)   Post Evacuate Collection Set: 1.0ms
[2022-04-29T06:21:12.635+0000][160][gc,phases   ] GC(36)   Other: 14.9ms
[2022-04-29T06:21:12.635+0000][160][gc,heap     ] GC(36) Eden regions: 74->0(74)
[2022-04-29T06:21:12.636+0000][160][gc,heap     ] GC(36) Survivor regions: 2->2(10)
[2022-04-29T06:21:12.637+0000][160][gc,heap     ] GC(36) Old regions: 21->21
[2022-04-29T06:21:12.637+0000][160][gc,heap     ] GC(36) Archive regions: 2->2
[2022-04-29T06:21:12.638+0000][160][gc,heap     ] GC(36) Humongous regions: 6->6
[2022-04-29T06:21:12.639+0000][160][gc,metaspace] GC(36) Metaspace: 115830K(117568K)->115830K(117568K) NonClass: 100325K(101376K)->100325K(101376K) Class: 15504K(16192K)->15504K(16192K)
[2022-04-29T06:21:12.639+0000][160][gc          ] GC(36) Pause Young (Normal) (G1 Evacuation Pause) 408M->113M(512M) 27.682ms
[2022-04-29T06:21:12.640+0000][160][gc,cpu      ] GC(36) User=0.02s Sys=0.00s Real=0.03s
[2022-04-29T06:21:12.641+0000][160][safepoint   ] Safepoint "G1CollectForAllocation", Time since last: 2388174376 ns, Reaching safepoint: 84500 ns, At safepoint: 28848375 ns, Total: 28932875 ns
[2022-04-29T06:21:18.651+0000][160][safepoint   ] Safepoint "Cleanup", Time since last: 6010512503 ns, Reaching safepoint: 204250 ns, At safepoint: 4042 ns, Total: 208292 ns
[2022-04-29T06:21:20.659+0000][160][safepoint   ] Safepoint "Cleanup", Time since last: 2005527917 ns, Reaching safepoint: 2222459 ns, At safepoint: 14250 ns, Total: 2236709 ns
[2022-04-29T06:21:21.665+0000][160][safepoint   ] Safepoint "Cleanup", Time since last: 1006382750 ns, Reaching safepoint: 86292 ns, At safepoint: 3875 ns, Total: 90167 ns
[2022-04-29T06:21:22.668+0000][160][safepoint   ] Safepoint "Cleanup", Time since last: 1001710625 ns, Reaching safepoint: 389917 ns, At safepoint: 4083 ns, Total: 394000 ns
[2022-04-29T06:21:27.679+0000][160][safepoint   ] Safepoint "Cleanup", Time since last: 5010917378 ns, Reaching safepoint: 157166 ns, At safepoint: 12542 ns, Total: 169708 ns
[2022-04-29T06:21:33.687+0000][160][safepoint   ] Safepoint "Cleanup", Time since last: 6008468253 ns, Reaching safepoint: 74000 ns, At safepoint: 4375 ns, Total: 78375 ns
[2022-04-29T06:21:36.693+0000][160][safepoint   ] Safepoint "Cleanup", Time since last: 3005435584 ns, Reaching safepoint: 214292 ns, At safepoint: 3750 ns, Total: 218042 ns
[2022-04-29T06:21:37.695+0000][160][safepoint   ] Safepoint "Cleanup", Time since last: 1001332042 ns, Reaching safepoint: 449084 ns, At safepoint: 7708 ns, Total: 456792 ns
[2022-04-29T06:21:38.705+0000][160][safepoint   ] Safepoint "Cleanup", Time since last: 1008398375 ns, Reaching safepoint: 264041 ns, At safepoint: 8542 ns, Total: 272583 ns
[2022-04-29T06:21:39.708+0000][160][safepoint   ] Safepoint "Cleanup", Time since last: 1003230917 ns, Reaching safepoint: 178417 ns, At safepoint: 8875 ns, Total: 187292 ns
[2022-04-29T06:21:42.720+0000][160][safepoint   ] Safepoint "Cleanup", Time since last: 3011838960 ns, Reaching safepoint: 138708 ns, At safepoint: 5250 ns, Total: 143958 ns
[2022-04-29T06:21:47.734+0000][160][safepoint   ] Safepoint "Cleanup", Time since last: 5013523044 ns, Reaching safepoint: 140042 ns, At safepoint: 5208 ns, Total: 145250 ns
[2022-04-29T06:21:48.737+0000][160][safepoint   ] Safepoint "Cleanup", Time since last: 1002835501 ns, Reaching safepoint: 192291 ns, At safepoint: 3709 ns, Total: 196000 ns
[2022-04-29T06:21:54.751+0000][160][safepoint   ] Safepoint "Cleanup", Time since last: 6013441502 ns, Reaching safepoint: 301834 ns, At safepoint: 3958 ns, Total: 305792 ns
[2022-04-29T06:21:57.753+0000][160][safepoint   ] Safepoint "Cleanup", Time since last: 3001960918 ns, Reaching safepoint: 83167 ns, At safepoint: 2292 ns, Total: 85459 ns
[2022-04-29T06:22:00.763+0000][160][safepoint   ] Safepoint "Cleanup", Time since last: 3010587376 ns, Reaching safepoint: 107000 ns, At safepoint: 4042 ns, Total: 111042 ns
[2022-04-29T06:22:03.768+0000][160][safepoint   ] Safepoint "Cleanup", Time since last: 3004230293 ns, Reaching safepoint: 598583 ns, At safepoint: 6542 ns, Total: 605125 ns
[2022-04-29T06:22:07.789+0000][160][safepoint   ] Safepoint "Cleanup", Time since last: 4020394752 ns, Reaching safepoint: 318458 ns, At safepoint: 8583 ns, Total: 327041 ns
[2022-04-29T06:22:18.802+0000][160][safepoint   ] Safepoint "Cleanup", Time since last: 11015743464 ns, Reaching safepoint: 455666 ns, At safepoint: 12750 ns, Total: 468416 ns
[2022-04-29T06:22:20.087+0000][160][gc,start    ] GC(37) Pause Young (Normal) (G1 Evacuation Pause)
[2022-04-29T06:22:20.092+0000][160][gc,task     ] GC(37) Using 5 workers of 5 for evacuation
[2022-04-29T06:22:20.099+0000][160][gc,age      ] GC(37) Desired survivor size 20971520 bytes, new threshold 15 (max threshold 15)
[2022-04-29T06:22:20.114+0000][160][gc,age      ] GC(37) Age table with threshold 15 (max threshold 15)
[2022-04-29T06:22:20.116+0000][160][gc,age      ] GC(37) - age   1:    1284320 bytes,    1284320 total
[2022-04-29T06:22:20.119+0000][160][gc,age      ] GC(37) - age   2:       7944 bytes,    1292264 total
[2022-04-29T06:22:20.121+0000][160][gc,age      ] GC(37) - age   3:      15392 bytes,    1307656 total
[2022-04-29T06:22:20.122+0000][160][gc,age      ] GC(37) - age   4:       3776 bytes,    1311432 total
[2022-04-29T06:22:20.124+0000][160][gc,age      ] GC(37) - age   5:       6328 bytes,    1317760 total
[2022-04-29T06:22:20.126+0000][160][gc,age      ] GC(37) - age   6:       6360 bytes,    1324120 total
[2022-04-29T06:22:20.129+0000][160][gc,age      ] GC(37) - age   7:       2472 bytes,    1326592 total
[2022-04-29T06:22:20.131+0000][160][gc,age      ] GC(37) - age   8:     223968 bytes,    1550560 total
[2022-04-29T06:22:20.132+0000][160][gc,age      ] GC(37) - age   9:      42336 bytes,    1592896 total
[2022-04-29T06:22:20.133+0000][160][gc,age      ] GC(37) - age  10:       8504 bytes,    1601400 total
[2022-04-29T06:22:20.134+0000][160][gc,age      ] GC(37) - age  11:     103256 bytes,    1704656 total
[2022-04-29T06:22:20.135+0000][160][gc,age      ] GC(37) - age  12:     145568 bytes,    1850224 total
[2022-04-29T06:22:20.136+0000][160][gc,age      ] GC(37) - age  13:    1550552 bytes,    3400776 total
[2022-04-29T06:22:20.138+0000][160][gc,age      ] GC(37) - age  14:      19048 bytes,    3419824 total
[2022-04-29T06:22:20.139+0000][160][gc,age      ] GC(37) - age  15:      55664 bytes,    3475488 total
[2022-04-29T06:22:20.140+0000][160][gc,phases   ] GC(37)   Pre Evacuate Collection Set: 0.3ms
[2022-04-29T06:22:20.141+0000][160][gc,phases   ] GC(37)   Merge Heap Roots: 0.7ms
[2022-04-29T06:22:20.142+0000][160][gc,phases   ] GC(37)   Evacuate Collection Set: 11.1ms
[2022-04-29T06:22:20.144+0000][160][gc,phases   ] GC(37)   Post Evacuate Collection Set: 1.4ms
[2022-04-29T06:22:20.145+0000][160][gc,phases   ] GC(37)   Other: 40.2ms
[2022-04-29T06:22:20.146+0000][160][gc,heap     ] GC(37) Eden regions: 74->0(75)
[2022-04-29T06:22:20.147+0000][160][gc,heap     ] GC(37) Survivor regions: 2->1(10)
[2022-04-29T06:22:20.149+0000][160][gc,heap     ] GC(37) Old regions: 21->21
[2022-04-29T06:22:20.150+0000][160][gc,heap     ] GC(37) Archive regions: 2->2
[2022-04-29T06:22:20.151+0000][160][gc,heap     ] GC(37) Humongous regions: 6->6
[2022-04-29T06:22:20.152+0000][160][gc,metaspace] GC(37) Metaspace: 115913K(117632K)->115913K(117632K) NonClass: 100405K(101440K)->100405K(101440K) Class: 15508K(16192K)->15508K(16192K)
[2022-04-29T06:22:20.153+0000][160][gc          ] GC(37) Pause Young (Normal) (G1 Evacuation Pause) 409M->112M(512M) 66.283ms
[2022-04-29T06:22:20.154+0000][160][gc,cpu      ] GC(37) User=0.04s Sys=0.01s Real=0.07s
[2022-04-29T06:22:20.155+0000][160][safepoint   ] Safepoint "G1CollectForAllocation", Time since last: 1284057168 ns, Reaching safepoint: 493000 ns, At safepoint: 68154000 ns, Total: 68647000 ns
[2022-04-29T06:22:22.160+0000][160][safepoint   ] Safepoint "Cleanup", Time since last: 2005413792 ns, Reaching safepoint: 209292 ns, At safepoint: 6000 ns, Total: 215292 ns
[2022-04-29T06:22:23.163+0000][160][safepoint   ] Safepoint "Cleanup", Time since last: 1002492709 ns, Reaching safepoint: 145875 ns, At safepoint: 4583 ns, Total: 150458 ns
[2022-04-29T06:22:25.177+0000][160][safepoint   ] Safepoint "Cleanup", Time since last: 2013733168 ns, Reaching safepoint: 254291 ns, At safepoint: 6459 ns, Total: 260750 ns
[2022-04-29T06:22:26.184+0000][160][safepoint   ] Safepoint "Cleanup", Time since last: 1006570750 ns, Reaching safepoint: 345542 ns, At safepoint: 5916 ns, Total: 351458 ns
[2022-04-29T06:22:27.189+0000][160][safepoint   ] Safepoint "Cleanup", Time since last: 1003550376 ns, Reaching safepoint: 1144917 ns, At safepoint: 9541 ns, Total: 1154458 ns
[2022-04-29T06:22:28.194+0000][160][safepoint   ] Safepoint "Cleanup", Time since last: 1004802709 ns, Reaching safepoint: 526417 ns, At safepoint: 8583 ns, Total: 535000 ns
[2022-04-29T06:22:31.203+0000][160][safepoint   ] Safepoint "Cleanup", Time since last: 3008873752 ns, Reaching safepoint: 162166 ns, At safepoint: 4625 ns, Total: 166791 ns
[2022-04-29T06:22:34.206+0000][160][safepoint   ] Safepoint "Cleanup", Time since last: 3003097668 ns, Reaching safepoint: 109042 ns, At safepoint: 3208 ns, Total: 112250 ns
[2022-04-29T06:22:42.231+0000][160][safepoint   ] Safepoint "Cleanup", Time since last: 8023297004 ns, Reaching safepoint: 350833 ns, At safepoint: 9792 ns, Total: 360625 ns
[2022-04-29T06:22:49.259+0000][160][safepoint   ] Safepoint "Cleanup", Time since last: 7027715045 ns, Reaching safepoint: 175916 ns, At safepoint: 5292 ns, Total: 181208 ns
[2022-04-29T06:22:55.294+0000][160][safepoint   ] Safepoint "Cleanup", Time since last: 6034993253 ns, Reaching safepoint: 125208 ns, At safepoint: 4167 ns, Total: 129375 ns
[2022-04-29T06:22:57.301+0000][160][safepoint   ] Safepoint "Cleanup", Time since last: 2007212793 ns, Reaching safepoint: 324625 ns, At safepoint: 5125 ns, Total: 329750 ns
[2022-04-29T06:22:58.302+0000][160][safepoint   ] Safepoint "Cleanup", Time since last: 1001139000 ns, Reaching safepoint: 125750 ns, At safepoint: 3375 ns, Total: 129125 ns
[2022-04-29T06:23:05.318+0000][160][safepoint   ] Safepoint "Cleanup", Time since last: 7014413420 ns, Reaching safepoint: 1335958 ns, At safepoint: 15500 ns, Total: 1351458 ns
[2022-04-29T06:23:09.331+0000][160][safepoint   ] Safepoint "Cleanup", Time since last: 4011092502 ns, Reaching safepoint: 233958 ns, At safepoint: 10792 ns, Total: 244750 ns
[2022-04-29T06:23:10.333+0000][160][safepoint   ] Safepoint "Cleanup", Time since last: 1001341084 ns, Reaching safepoint: 69291 ns, At safepoint: 2459 ns, Total: 71750 ns
[2022-04-29T06:23:19.352+0000][160][safepoint   ] Safepoint "Cleanup", Time since last: 9019602671 ns, Reaching safepoint: 284791 ns, At safepoint: 10834 ns, Total: 295625 ns
[2022-04-29T06:23:20.367+0000][160][safepoint   ] Safepoint "Cleanup", Time since last: 1014242542 ns, Reaching safepoint: 197375 ns, At safepoint: 5541 ns, Total: 202916 ns
[2022-04-29T06:23:24.377+0000][160][safepoint   ] Safepoint "Cleanup", Time since last: 4010055627 ns, Reaching safepoint: 64417 ns, At safepoint: 2542 ns, Total: 66959 ns
[2022-04-29T06:23:24.600+0000][160][gc,start    ] GC(38) Pause Young (Normal) (G1 Evacuation Pause)
[2022-04-29T06:23:24.601+0000][160][gc,task     ] GC(38) Using 5 workers of 5 for evacuation
[2022-04-29T06:23:24.602+0000][160][gc,age      ] GC(38) Desired survivor size 20971520 bytes, new threshold 15 (max threshold 15)
[2022-04-29T06:23:24.608+0000][160][gc,age      ] GC(38) Age table with threshold 15 (max threshold 15)
[2022-04-29T06:23:24.609+0000][160][gc,age      ] GC(38) - age   1:     812384 bytes,     812384 total
[2022-04-29T06:23:24.610+0000][160][gc,age      ] GC(38) - age   2:     158216 bytes,     970600 total
[2022-04-29T06:23:24.611+0000][160][gc,age      ] GC(38) - age   3:       5800 bytes,     976400 total
[2022-04-29T06:23:24.612+0000][160][gc,age      ] GC(38) - age   4:      15072 bytes,     991472 total
[2022-04-29T06:23:24.613+0000][160][gc,age      ] GC(38) - age   5:       3776 bytes,     995248 total
[2022-04-29T06:23:24.614+0000][160][gc,age      ] GC(38) - age   6:       6328 bytes,    1001576 total
[2022-04-29T06:23:24.615+0000][160][gc,age      ] GC(38) - age   7:       6360 bytes,    1007936 total
[2022-04-29T06:23:24.616+0000][160][gc,age      ] GC(38) - age   8:       2472 bytes,    1010408 total
[2022-04-29T06:23:24.617+0000][160][gc,age      ] GC(38) - age   9:     223968 bytes,    1234376 total
[2022-04-29T06:23:24.617+0000][160][gc,age      ] GC(38) - age  10:      42336 bytes,    1276712 total
[2022-04-29T06:23:24.618+0000][160][gc,age      ] GC(38) - age  11:       8504 bytes,    1285216 total
[2022-04-29T06:23:24.619+0000][160][gc,age      ] GC(38) - age  12:     103256 bytes,    1388472 total
[2022-04-29T06:23:24.619+0000][160][gc,age      ] GC(38) - age  13:     145568 bytes,    1534040 total
[2022-04-29T06:23:24.620+0000][160][gc,age      ] GC(38) - age  14:    1550552 bytes,    3084592 total
[2022-04-29T06:23:24.621+0000][160][gc,age      ] GC(38) - age  15:      19048 bytes,    3103640 total
[2022-04-29T06:23:24.622+0000][160][gc,phases   ] GC(38)   Pre Evacuate Collection Set: 0.2ms
[2022-04-29T06:23:24.622+0000][160][gc,phases   ] GC(38)   Merge Heap Roots: 0.1ms
[2022-04-29T06:23:24.623+0000][160][gc,phases   ] GC(38)   Evacuate Collection Set: 3.0ms
[2022-04-29T06:23:24.624+0000][160][gc,phases   ] GC(38)   Post Evacuate Collection Set: 1.3ms
[2022-04-29T06:23:24.624+0000][160][gc,phases   ] GC(38)   Other: 17.4ms
[2022-04-29T06:23:24.625+0000][160][gc,heap     ] GC(38) Eden regions: 75->0(75)
[2022-04-29T06:23:24.626+0000][160][gc,heap     ] GC(38) Survivor regions: 1->1(10)
[2022-04-29T06:23:24.627+0000][160][gc,heap     ] GC(38) Old regions: 21->21
[2022-04-29T06:23:24.628+0000][160][gc,heap     ] GC(38) Archive regions: 2->2
[2022-04-29T06:23:24.629+0000][160][gc,heap     ] GC(38) Humongous regions: 6->6
[2022-04-29T06:23:24.630+0000][160][gc,metaspace] GC(38) Metaspace: 115948K(117696K)->115948K(117696K) NonClass: 100440K(101504K)->100440K(101504K) Class: 15508K(16192K)->15508K(16192K)
[2022-04-29T06:23:24.631+0000][160][gc          ] GC(38) Pause Young (Normal) (G1 Evacuation Pause) 412M->112M(512M) 31.097ms
[2022-04-29T06:23:24.631+0000][160][gc,cpu      ] GC(38) User=0.02s Sys=0.00s Real=0.03s
[2022-04-29T06:23:24.632+0000][160][safepoint   ] Safepoint "G1CollectForAllocation", Time since last: 222462208 ns, Reaching safepoint: 49833 ns, At safepoint: 32330084 ns, Total: 32379917 ns
[2022-04-29T06:23:25.633+0000][160][safepoint   ] Safepoint "Cleanup", Time since last: 1001332209 ns, Reaching safepoint: 67708 ns, At safepoint: 3083 ns, Total: 70791 ns
[2022-04-29T06:23:27.634+0000][160][safepoint   ] Safepoint "Cleanup", Time since last: 2000833001 ns, Reaching safepoint: 53083 ns, At safepoint: 1834 ns, Total: 54917 ns
[2022-04-29T06:23:28.638+0000][160][safepoint   ] Safepoint "Cleanup", Time since last: 1003401667 ns, Reaching safepoint: 458792 ns, At safepoint: 13000 ns, Total: 471792 ns
[2022-04-29T06:23:30.645+0000][160][safepoint   ] Safepoint "Cleanup", Time since last: 2007092251 ns, Reaching safepoint: 74708 ns, At safepoint: 3083 ns, Total: 77791 ns
[2022-04-29T06:23:31.647+0000][160][safepoint   ] Safepoint "Cleanup", Time since last: 1001741959 ns, Reaching safepoint: 51708 ns, At safepoint: 1959 ns, Total: 53667 ns
[2022-04-29T06:23:33.649+0000][160][safepoint   ] Safepoint "Cleanup", Time since last: 2002351751 ns, Reaching safepoint: 57958 ns, At safepoint: 9750 ns, Total: 67708 ns
[2022-04-29T06:23:37.656+0000][160][safepoint   ] Safepoint "Cleanup", Time since last: 4004929044 ns, Reaching safepoint: 1182875 ns, At safepoint: 39666 ns, Total: 1222541 ns
[2022-04-29T06:23:39.668+0000][160][safepoint   ] Safepoint "Cleanup", Time since last: 2012163959 ns, Reaching safepoint: 250667 ns, At safepoint: 5208 ns, Total: 255875 ns
[2022-04-29T06:23:42.686+0000][160][safepoint   ] Safepoint "Cleanup", Time since last: 3017689585 ns, Reaching safepoint: 80833 ns, At safepoint: 2625 ns, Total: 83458 ns
[2022-04-29T06:23:43.689+0000][160][safepoint   ] Safepoint "Cleanup", Time since last: 1003264209 ns, Reaching safepoint: 195208 ns, At safepoint: 4167 ns, Total: 199375 ns
[2022-04-29T06:23:45.693+0000][160][safepoint   ] Safepoint "Cleanup", Time since last: 2004103334 ns, Reaching safepoint: 103334 ns, At safepoint: 3791 ns, Total: 107125 ns
[2022-04-29T06:23:47.695+0000][160][safepoint   ] Safepoint "Cleanup", Time since last: 2001714001 ns, Reaching safepoint: 283834 ns, At safepoint: 8041 ns, Total: 291875 ns
[2022-04-29T06:23:48.697+0000][160][safepoint   ] Safepoint "Cleanup", Time since last: 1001929251 ns, Reaching safepoint: 140625 ns, At safepoint: 4250 ns, Total: 144875 ns
[2022-04-29T06:23:49.700+0000][160][safepoint   ] Safepoint "Cleanup", Time since last: 1002656209 ns, Reaching safepoint: 326458 ns, At safepoint: 7292 ns, Total: 333750 ns
[2022-04-29T06:23:57.714+0000][160][safepoint   ] Safepoint "Cleanup", Time since last: 8013771670 ns, Reaching safepoint: 73459 ns, At safepoint: 3458 ns, Total: 76917 ns
[2022-04-29T06:24:10.732+0000][160][safepoint   ] Safepoint "Cleanup", Time since last: 13019805505 ns, Reaching safepoint: 396500 ns, At safepoint: 21459 ns, Total: 417959 ns
[2022-04-29T06:24:16.745+0000][160][safepoint   ] Safepoint "Cleanup", Time since last: 6012511378 ns, Reaching safepoint: 216458 ns, At safepoint: 80833 ns, Total: 297291 ns
[2022-04-29T06:24:18.750+0000][160][safepoint   ] Safepoint "Cleanup", Time since last: 2004403126 ns, Reaching safepoint: 204417 ns, At safepoint: 12125 ns, Total: 216542 ns
[2022-04-29T06:24:21.752+0000][160][safepoint   ] Safepoint "Cleanup", Time since last: 3002748501 ns, Reaching safepoint: 81709 ns, At safepoint: 3416 ns, Total: 85125 ns
[2022-04-29T06:24:22.757+0000][160][safepoint   ] Safepoint "Cleanup", Time since last: 1004264751 ns, Reaching safepoint: 114166 ns, At safepoint: 5167 ns, Total: 119333 ns
[2022-04-29T06:24:24.416+0000][160][gc,start    ] GC(39) Pause Young (Normal) (G1 Evacuation Pause)
[2022-04-29T06:24:24.417+0000][160][gc,task     ] GC(39) Using 5 workers of 5 for evacuation
[2022-04-29T06:24:24.418+0000][160][gc,age      ] GC(39) Desired survivor size 20971520 bytes, new threshold 15 (max threshold 15)
[2022-04-29T06:24:24.424+0000][160][gc,age      ] GC(39) Age table with threshold 15 (max threshold 15)
[2022-04-29T06:24:24.425+0000][160][gc,age      ] GC(39) - age   1:    1116144 bytes,    1116144 total
[2022-04-29T06:24:24.427+0000][160][gc,age      ] GC(39) - age   2:       8744 bytes,    1124888 total
[2022-04-29T06:24:24.428+0000][160][gc,age      ] GC(39) - age   3:     155464 bytes,    1280352 total
[2022-04-29T06:24:24.428+0000][160][gc,age      ] GC(39) - age   4:       5456 bytes,    1285808 total
[2022-04-29T06:24:24.429+0000][160][gc,age      ] GC(39) - age   5:      14984 bytes,    1300792 total
[2022-04-29T06:24:24.430+0000][160][gc,age      ] GC(39) - age   6:       3432 bytes,    1304224 total
[2022-04-29T06:24:24.431+0000][160][gc,age      ] GC(39) - age   7:       6328 bytes,    1310552 total
[2022-04-29T06:24:24.431+0000][160][gc,age      ] GC(39) - age   8:       6360 bytes,    1316912 total
[2022-04-29T06:24:24.433+0000][160][gc,age      ] GC(39) - age   9:       2472 bytes,    1319384 total
[2022-04-29T06:24:24.434+0000][160][gc,age      ] GC(39) - age  10:     223008 bytes,    1542392 total
[2022-04-29T06:24:24.435+0000][160][gc,age      ] GC(39) - age  11:      41128 bytes,    1583520 total
[2022-04-29T06:24:24.435+0000][160][gc,age      ] GC(39) - age  12:       8504 bytes,    1592024 total
[2022-04-29T06:24:24.436+0000][160][gc,age      ] GC(39) - age  13:     103256 bytes,    1695280 total
[2022-04-29T06:24:24.437+0000][160][gc,age      ] GC(39) - age  14:     145568 bytes,    1840848 total
[2022-04-29T06:24:24.437+0000][160][gc,age      ] GC(39) - age  15:    1550552 bytes,    3391400 total
[2022-04-29T06:24:24.438+0000][160][gc,phases   ] GC(39)   Pre Evacuate Collection Set: 0.1ms
[2022-04-29T06:24:24.439+0000][160][gc,phases   ] GC(39)   Merge Heap Roots: 0.2ms
[2022-04-29T06:24:24.440+0000][160][gc,phases   ] GC(39)   Evacuate Collection Set: 3.5ms
[2022-04-29T06:24:24.440+0000][160][gc,phases   ] GC(39)   Post Evacuate Collection Set: 1.4ms
[2022-04-29T06:24:24.441+0000][160][gc,phases   ] GC(39)   Other: 17.1ms
[2022-04-29T06:24:24.441+0000][160][gc,heap     ] GC(39) Eden regions: 75->0(75)
[2022-04-29T06:24:24.442+0000][160][gc,heap     ] GC(39) Survivor regions: 1->1(10)
[2022-04-29T06:24:24.442+0000][160][gc,heap     ] GC(39) Old regions: 21->21
[2022-04-29T06:24:24.443+0000][160][gc,heap     ] GC(39) Archive regions: 2->2
[2022-04-29T06:24:24.444+0000][160][gc,heap     ] GC(39) Humongous regions: 6->6
[2022-04-29T06:24:24.445+0000][160][gc,metaspace] GC(39) Metaspace: 116001K(117696K)->116001K(117696K) NonClass: 100492K(101504K)->100492K(101504K) Class: 15508K(16192K)->15508K(16192K)
[2022-04-29T06:24:24.445+0000][160][gc          ] GC(39) Pause Young (Normal) (G1 Evacuation Pause) 412M->112M(512M) 29.447ms
[2022-04-29T06:24:24.446+0000][160][gc,cpu      ] GC(39) User=0.01s Sys=0.00s Real=0.03s
[2022-04-29T06:24:24.447+0000][160][safepoint   ] Safepoint "G1CollectForAllocation", Time since last: 1658866251 ns, Reaching safepoint: 91708 ns, At safepoint: 30792834 ns, Total: 30884542 ns
[2022-04-29T06:24:27.451+0000][160][safepoint   ] Safepoint "Cleanup", Time since last: 3003439709 ns, Reaching safepoint: 537375 ns, At safepoint: 8917 ns, Total: 546292 ns
[2022-04-29T06:24:31.456+0000][160][safepoint   ] Safepoint "Cleanup", Time since last: 4005570502 ns, Reaching safepoint: 78875 ns, At safepoint: 2333 ns, Total: 81208 ns
[2022-04-29T06:24:36.459+0000][160][safepoint   ] Safepoint "Cleanup", Time since last: 5002601794 ns, Reaching safepoint: 73625 ns, At safepoint: 1750 ns, Total: 75375 ns
[2022-04-29T06:24:42.475+0000][160][safepoint   ] Safepoint "Cleanup", Time since last: 6011842003 ns, Reaching safepoint: 2259500 ns, At safepoint: 39958 ns, Total: 2299458 ns
[2022-04-29T06:24:43.479+0000][160][safepoint   ] Safepoint "Cleanup", Time since last: 1002900500 ns, Reaching safepoint: 1282584 ns, At safepoint: 10500 ns, Total: 1293084 ns
[2022-04-29T06:24:48.553+0000][160][safepoint   ] Safepoint "Cleanup", Time since last: 5073648794 ns, Reaching safepoint: 79041 ns, At safepoint: 11875 ns, Total: 90916 ns
[2022-04-29T06:24:49.560+0000][160][safepoint   ] Safepoint "Cleanup", Time since last: 1006677459 ns, Reaching safepoint: 509792 ns, At safepoint: 11250 ns, Total: 521042 ns
[2022-04-29T06:24:50.570+0000][160][safepoint   ] Safepoint "Cleanup", Time since last: 1010403292 ns, Reaching safepoint: 144000 ns, At safepoint: 5125 ns, Total: 149125 ns
[2022-04-29T06:24:57.593+0000][160][safepoint   ] Safepoint "Cleanup", Time since last: 7022368170 ns, Reaching safepoint: 261833 ns, At safepoint: 3834 ns, Total: 265667 ns
[2022-04-29T06:25:00.607+0000][160][safepoint   ] Safepoint "Cleanup", Time since last: 3013497043 ns, Reaching safepoint: 80167 ns, At safepoint: 3541 ns, Total: 83708 ns
[2022-04-29T06:25:03.626+0000][160][safepoint   ] Safepoint "Cleanup", Time since last: 3003137043 ns, Reaching safepoint: 16545542 ns, At safepoint: 15500 ns, Total: 16561042 ns
[2022-04-29T06:25:25.115+0000][160][gc,start    ] GC(40) Pause Young (Normal) (G1 Evacuation Pause)
[2022-04-29T06:25:25.115+0000][160][gc,task     ] GC(40) Using 5 workers of 5 for evacuation
[2022-04-29T06:25:25.116+0000][160][gc,age      ] GC(40) Desired survivor size 20971520 bytes, new threshold 15 (max threshold 15)
[2022-04-29T06:25:25.122+0000][160][gc,age      ] GC(40) Age table with threshold 15 (max threshold 15)
[2022-04-29T06:25:25.123+0000][160][gc,age      ] GC(40) - age   1:    1797256 bytes,    1797256 total
[2022-04-29T06:25:25.124+0000][160][gc,age      ] GC(40) - age   2:      22632 bytes,    1819888 total
[2022-04-29T06:25:25.125+0000][160][gc,age      ] GC(40) - age   3:       6808 bytes,    1826696 total
[2022-04-29T06:25:25.126+0000][160][gc,age      ] GC(40) - age   4:     154952 bytes,    1981648 total
[2022-04-29T06:25:25.127+0000][160][gc,age      ] GC(40) - age   5:       5456 bytes,    1987104 total
[2022-04-29T06:25:25.128+0000][160][gc,age      ] GC(40) - age   6:      14808 bytes,    2001912 total
[2022-04-29T06:25:25.128+0000][160][gc,age      ] GC(40) - age   7:       3432 bytes,    2005344 total
[2022-04-29T06:25:25.129+0000][160][gc,age      ] GC(40) - age   8:       6328 bytes,    2011672 total
[2022-04-29T06:25:25.130+0000][160][gc,age      ] GC(40) - age   9:       6360 bytes,    2018032 total
[2022-04-29T06:25:25.130+0000][160][gc,age      ] GC(40) - age  10:       2472 bytes,    2020504 total
[2022-04-29T06:25:25.131+0000][160][gc,age      ] GC(40) - age  11:     222968 bytes,    2243472 total
[2022-04-29T06:25:25.132+0000][160][gc,age      ] GC(40) - age  12:      41128 bytes,    2284600 total
[2022-04-29T06:25:25.132+0000][160][gc,age      ] GC(40) - age  13:       8504 bytes,    2293104 total
[2022-04-29T06:25:25.132+0000][160][gc,age      ] GC(40) - age  14:     103256 bytes,    2396360 total
[2022-04-29T06:25:25.133+0000][160][gc,age      ] GC(40) - age  15:     145568 bytes,    2541928 total
[2022-04-29T06:25:25.134+0000][160][gc,phases   ] GC(40)   Pre Evacuate Collection Set: 0.1ms
[2022-04-29T06:25:25.135+0000][160][gc,phases   ] GC(40)   Merge Heap Roots: 0.1ms
[2022-04-29T06:25:25.135+0000][160][gc,phases   ] GC(40)   Evacuate Collection Set: 3.3ms
[2022-04-29T06:25:25.136+0000][160][gc,phases   ] GC(40)   Post Evacuate Collection Set: 1.5ms
[2022-04-29T06:25:25.137+0000][160][gc,phases   ] GC(40)   Other: 14.6ms
[2022-04-29T06:25:25.137+0000][160][gc,heap     ] GC(40) Eden regions: 75->0(75)
[2022-04-29T06:25:25.138+0000][160][gc,heap     ] GC(40) Survivor regions: 1->1(10)
[2022-04-29T06:25:25.139+0000][160][gc,heap     ] GC(40) Old regions: 21->21
[2022-04-29T06:25:25.139+0000][160][gc,heap     ] GC(40) Archive regions: 2->2
[2022-04-29T06:25:25.140+0000][160][gc,heap     ] GC(40) Humongous regions: 6->6
[2022-04-29T06:25:25.141+0000][160][gc,metaspace] GC(40) Metaspace: 116030K(117760K)->116030K(117760K) NonClass: 100522K(101568K)->100522K(101568K) Class: 15508K(16192K)->15508K(16192K)
[2022-04-29T06:25:25.142+0000][160][gc          ] GC(40) Pause Young (Normal) (G1 Evacuation Pause) 412M->113M(512M) 26.950ms
[2022-04-29T06:25:25.142+0000][160][gc,cpu      ] GC(40) User=0.01s Sys=0.01s Real=0.03s
[2022-04-29T06:25:25.143+0000][160][safepoint   ] Safepoint "G1CollectForAllocation", Time since last: 21490049093 ns, Reaching safepoint: 144208 ns, At safepoint: 28266125 ns, Total: 28410333 ns
[2022-04-29T06:25:26.144+0000][160][safepoint   ] Safepoint "Cleanup", Time since last: 1000769709 ns, Reaching safepoint: 155833 ns, At safepoint: 6542 ns, Total: 162375 ns
[2022-04-29T06:25:27.155+0000][160][safepoint   ] Safepoint "Cleanup", Time since last: 1011198709 ns, Reaching safepoint: 293208 ns, At safepoint: 10833 ns, Total: 304041 ns
[2022-04-29T06:25:28.165+0000][160][safepoint   ] Safepoint "Cleanup", Time since last: 1009145501 ns, Reaching safepoint: 376833 ns, At safepoint: 10250 ns, Total: 387083 ns
[2022-04-29T06:25:30.178+0000][160][safepoint   ] Safepoint "Cleanup", Time since last: 2013059918 ns, Reaching safepoint: 496625 ns, At safepoint: 15916 ns, Total: 512541 ns
[2022-04-29T06:25:31.192+0000][160][safepoint   ] Safepoint "Cleanup", Time since last: 1012932626 ns, Reaching safepoint: 423875 ns, At safepoint: 9458 ns, Total: 433333 ns
[2022-04-29T06:25:33.199+0000][160][safepoint   ] Safepoint "Cleanup", Time since last: 2007149001 ns, Reaching safepoint: 608000 ns, At safepoint: 9500 ns, Total: 617500 ns
[2022-04-29T06:25:34.230+0000][160][safepoint   ] Safepoint "Cleanup", Time since last: 1029857084 ns, Reaching safepoint: 324375 ns, At safepoint: 12750 ns, Total: 337125 ns
[2022-04-29T06:25:45.263+0000][160][safepoint   ] Safepoint "Cleanup", Time since last: 11033527671 ns, Reaching safepoint: 388000 ns, At safepoint: 8583 ns, Total: 396583 ns
[2022-04-29T06:25:46.274+0000][160][safepoint   ] Safepoint "Cleanup", Time since last: 1010530042 ns, Reaching safepoint: 598750 ns, At safepoint: 12667 ns, Total: 611417 ns
[2022-04-29T06:25:48.296+0000][160][safepoint   ] Safepoint "Cleanup", Time since last: 2021072293 ns, Reaching safepoint: 1223083 ns, At safepoint: 35958 ns, Total: 1259041 ns
[2022-04-29T06:25:53.309+0000][160][safepoint   ] Safepoint "Cleanup", Time since last: 5012381586 ns, Reaching safepoint: 343375 ns, At safepoint: 10417 ns, Total: 353792 ns
[2022-04-29T06:25:55.316+0000][160][safepoint   ] Safepoint "Cleanup", Time since last: 2006391209 ns, Reaching safepoint: 198958 ns, At safepoint: 5209 ns, Total: 204167 ns
[2022-04-29T06:25:58.321+0000][160][safepoint   ] Safepoint "Cleanup", Time since last: 3004684543 ns, Reaching safepoint: 630458 ns, At safepoint: 19833 ns, Total: 650291 ns
[2022-04-29T06:26:07.347+0000][160][safepoint   ] Safepoint "Cleanup", Time since last: 9025504546 ns, Reaching safepoint: 119042 ns, At safepoint: 8375 ns, Total: 127417 ns
[2022-04-29T06:26:10.355+0000][160][safepoint   ] Safepoint "Cleanup", Time since last: 3007186501 ns, Reaching safepoint: 111750 ns, At safepoint: 4708 ns, Total: 116458 ns
[2022-04-29T06:26:19.390+0000][160][safepoint   ] Safepoint "Cleanup", Time since last: 9034743630 ns, Reaching safepoint: 77583 ns, At safepoint: 2417 ns, Total: 80000 ns
[2022-04-29T06:26:20.402+0000][160][safepoint   ] Safepoint "Cleanup", Time since last: 1011417417 ns, Reaching safepoint: 282875 ns, At safepoint: 5708 ns, Total: 288583 ns
[2022-04-29T06:26:22.408+0000][160][safepoint   ] Safepoint "Cleanup", Time since last: 2005646959 ns, Reaching safepoint: 219584 ns, At safepoint: 5083 ns, Total: 224667 ns
[2022-04-29T06:26:24.417+0000][160][safepoint   ] Safepoint "Cleanup", Time since last: 2009578293 ns, Reaching safepoint: 134333 ns, At safepoint: 25542 ns, Total: 159875 ns
[2022-04-29T06:26:25.419+0000][160][safepoint   ] Safepoint "Cleanup", Time since last: 1001672000 ns, Reaching safepoint: 205000 ns, At safepoint: 4583 ns, Total: 209583 ns
[2022-04-29T06:26:27.428+0000][160][safepoint   ] Safepoint "Cleanup", Time since last: 2008488376 ns, Reaching safepoint: 646625 ns, At safepoint: 7292 ns, Total: 653917 ns
[2022-04-29T06:26:33.491+0000][160][gc,start    ] GC(41) Pause Young (Normal) (G1 Evacuation Pause)
[2022-04-29T06:26:33.492+0000][160][gc,task     ] GC(41) Using 5 workers of 5 for evacuation
[2022-04-29T06:26:33.493+0000][160][gc,age      ] GC(41) Desired survivor size 20971520 bytes, new threshold 15 (max threshold 15)
[2022-04-29T06:26:33.496+0000][160][gc,age      ] GC(41) Age table with threshold 15 (max threshold 15)
[2022-04-29T06:26:33.497+0000][160][gc,age      ] GC(41) - age   1:    1654344 bytes,    1654344 total
[2022-04-29T06:26:33.497+0000][160][gc,age      ] GC(41) - age   2:      11120 bytes,    1665464 total
[2022-04-29T06:26:33.498+0000][160][gc,age      ] GC(41) - age   3:      21744 bytes,    1687208 total
[2022-04-29T06:26:33.498+0000][160][gc,age      ] GC(41) - age   4:       6656 bytes,    1693864 total
[2022-04-29T06:26:33.499+0000][160][gc,age      ] GC(41) - age   5:     154824 bytes,    1848688 total
[2022-04-29T06:26:33.500+0000][160][gc,age      ] GC(41) - age   6:       5392 bytes,    1854080 total
[2022-04-29T06:26:33.501+0000][160][gc,age      ] GC(41) - age   7:      14808 bytes,    1868888 total
[2022-04-29T06:26:33.501+0000][160][gc,age      ] GC(41) - age   8:       3432 bytes,    1872320 total
[2022-04-29T06:26:33.502+0000][160][gc,age      ] GC(41) - age   9:       6328 bytes,    1878648 total
[2022-04-29T06:26:33.503+0000][160][gc,age      ] GC(41) - age  10:       6360 bytes,    1885008 total
[2022-04-29T06:26:33.503+0000][160][gc,age      ] GC(41) - age  11:       2472 bytes,    1887480 total
[2022-04-29T06:26:33.504+0000][160][gc,age      ] GC(41) - age  12:     222848 bytes,    2110328 total
[2022-04-29T06:26:33.504+0000][160][gc,age      ] GC(41) - age  13:      41128 bytes,    2151456 total
[2022-04-29T06:26:33.505+0000][160][gc,age      ] GC(41) - age  14:       8504 bytes,    2159960 total
[2022-04-29T06:26:33.506+0000][160][gc,age      ] GC(41) - age  15:     103256 bytes,    2263216 total
[2022-04-29T06:26:33.506+0000][160][gc,phases   ] GC(41)   Pre Evacuate Collection Set: 0.1ms
[2022-04-29T06:26:33.507+0000][160][gc,phases   ] GC(41)   Merge Heap Roots: 0.0ms
[2022-04-29T06:26:33.508+0000][160][gc,phases   ] GC(41)   Evacuate Collection Set: 2.0ms
[2022-04-29T06:26:33.508+0000][160][gc,phases   ] GC(41)   Post Evacuate Collection Set: 0.7ms
[2022-04-29T06:26:33.509+0000][160][gc,phases   ] GC(41)   Other: 12.4ms
[2022-04-29T06:26:33.509+0000][160][gc,heap     ] GC(41) Eden regions: 75->0(75)
[2022-04-29T06:26:33.510+0000][160][gc,heap     ] GC(41) Survivor regions: 1->1(10)
[2022-04-29T06:26:33.510+0000][160][gc,heap     ] GC(41) Old regions: 21->21
[2022-04-29T06:26:33.511+0000][160][gc,heap     ] GC(41) Archive regions: 2->2
[2022-04-29T06:26:33.511+0000][160][gc,heap     ] GC(41) Humongous regions: 6->6
[2022-04-29T06:26:33.512+0000][160][gc,metaspace] GC(41) Metaspace: 116122K(117888K)->116122K(117888K) NonClass: 100603K(101632K)->100603K(101632K) Class: 15518K(16256K)->15518K(16256K)
[2022-04-29T06:26:33.512+0000][160][gc          ] GC(41) Pause Young (Normal) (G1 Evacuation Pause) 413M->113M(512M) 21.193ms
[2022-04-29T06:26:33.513+0000][160][gc,cpu      ] GC(41) User=0.01s Sys=0.01s Real=0.02s
[2022-04-29T06:26:33.514+0000][160][safepoint   ] Safepoint "G1CollectForAllocation", Time since last: 6062705211 ns, Reaching safepoint: 134750 ns, At safepoint: 22327834 ns, Total: 22462584 ns
[2022-04-29T06:26:34.515+0000][160][safepoint   ] Safepoint "Cleanup", Time since last: 1000799708 ns, Reaching safepoint: 291709 ns, At safepoint: 5791 ns, Total: 297500 ns
[2022-04-29T06:26:37.519+0000][160][safepoint   ] Safepoint "Cleanup", Time since last: 3004118502 ns, Reaching safepoint: 71541 ns, At safepoint: 73625 ns, Total: 145166 ns
[2022-04-29T06:26:38.521+0000][160][safepoint   ] Safepoint "Cleanup", Time since last: 1003957126 ns, Reaching safepoint: 101666 ns, At safepoint: 2250 ns, Total: 103916 ns
[2022-04-29T06:26:43.534+0000][160][safepoint   ] Safepoint "Cleanup", Time since last: 5011313878 ns, Reaching safepoint: 1312791 ns, At safepoint: 12834 ns, Total: 1325625 ns
[2022-04-29T06:26:44.539+0000][160][safepoint   ] Safepoint "Cleanup", Time since last: 1005495625 ns, Reaching safepoint: 178875 ns, At safepoint: 3625 ns, Total: 182500 ns
[2022-04-29T06:26:45.541+0000][160][safepoint   ] Safepoint "Cleanup", Time since last: 1001778334 ns, Reaching safepoint: 74500 ns, At safepoint: 3000 ns, Total: 77500 ns
[2022-04-29T06:26:48.553+0000][160][safepoint   ] Safepoint "Cleanup", Time since last: 3011629960 ns, Reaching safepoint: 67750 ns, At safepoint: 3125 ns, Total: 70875 ns
[2022-04-29T06:26:49.554+0000][160][safepoint   ] Safepoint "Cleanup", Time since last: 1001361000 ns, Reaching safepoint: 101917 ns, At safepoint: 3583 ns, Total: 105500 ns
[2022-04-29T06:26:55.570+0000][160][safepoint   ] Safepoint "Cleanup", Time since last: 6015867461 ns, Reaching safepoint: 145000 ns, At safepoint: 4417 ns, Total: 149417 ns
[2022-04-29T06:26:58.573+0000][160][safepoint   ] Safepoint "Cleanup", Time since last: 3002844668 ns, Reaching safepoint: 73709 ns, At safepoint: 2166 ns, Total: 75875 ns
[2022-04-29T06:27:02.585+0000][160][safepoint   ] Safepoint "Cleanup", Time since last: 4011578252 ns, Reaching safepoint: 180625 ns, At safepoint: 8417 ns, Total: 189042 ns
[2022-04-29T06:27:07.604+0000][160][safepoint   ] Safepoint "Cleanup", Time since last: 5018411211 ns, Reaching safepoint: 239166 ns, At safepoint: 3667 ns, Total: 242833 ns
[2022-04-29T06:27:09.606+0000][160][safepoint   ] Safepoint "Cleanup", Time since last: 2001560750 ns, Reaching safepoint: 77458 ns, At safepoint: 6875 ns, Total: 84333 ns
[2022-04-29T06:27:10.607+0000][160][safepoint   ] Safepoint "Cleanup", Time since last: 1000948376 ns, Reaching safepoint: 200583 ns, At safepoint: 4958 ns, Total: 205541 ns
[2022-04-29T06:27:13.613+0000][160][safepoint   ] Safepoint "Cleanup", Time since last: 3005559877 ns, Reaching safepoint: 308583 ns, At safepoint: 14292 ns, Total: 322875 ns
[2022-04-29T06:27:18.625+0000][160][safepoint   ] Safepoint "Cleanup", Time since last: 5011760669 ns, Reaching safepoint: 198708 ns, At safepoint: 3500 ns, Total: 202208 ns
[2022-04-29T06:27:22.633+0000][160][safepoint   ] Safepoint "Cleanup", Time since last: 4007849169 ns, Reaching safepoint: 362958 ns, At safepoint: 7333 ns, Total: 370291 ns
[2022-04-29T06:27:23.651+0000][160][safepoint   ] Safepoint "Cleanup", Time since last: 1010450209 ns, Reaching safepoint: 7341500 ns, At safepoint: 16459 ns, Total: 7357959 ns
[2022-04-29T06:27:24.655+0000][160][safepoint   ] Safepoint "Cleanup", Time since last: 1003969458 ns, Reaching safepoint: 189167 ns, At safepoint: 111708 ns, Total: 300875 ns
[2022-04-29T06:27:25.657+0000][160][safepoint   ] Safepoint "Cleanup", Time since last: 1001011668 ns, Reaching safepoint: 194416 ns, At safepoint: 7459 ns, Total: 201875 ns
[2022-04-29T06:27:27.665+0000][160][safepoint   ] Safepoint "Cleanup", Time since last: 2007302834 ns, Reaching safepoint: 1178625 ns, At safepoint: 37916 ns, Total: 1216541 ns
[2022-04-29T06:27:30.682+0000][160][safepoint   ] Safepoint "Cleanup", Time since last: 3017364669 ns, Reaching safepoint: 68458 ns, At safepoint: 3708 ns, Total: 72166 ns
[2022-04-29T06:27:33.413+0000][160][gc,start    ] GC(42) Pause Young (Normal) (G1 Evacuation Pause)
[2022-04-29T06:27:33.414+0000][160][gc,task     ] GC(42) Using 5 workers of 5 for evacuation
[2022-04-29T06:27:33.415+0000][160][gc,age      ] GC(42) Desired survivor size 20971520 bytes, new threshold 15 (max threshold 15)
[2022-04-29T06:27:33.419+0000][160][gc,age      ] GC(42) Age table with threshold 15 (max threshold 15)
[2022-04-29T06:27:33.420+0000][160][gc,age      ] GC(42) - age   1:    1717912 bytes,    1717912 total
[2022-04-29T06:27:33.422+0000][160][gc,age      ] GC(42) - age   2:      37672 bytes,    1755584 total
[2022-04-29T06:27:33.423+0000][160][gc,age      ] GC(42) - age   3:       2088 bytes,    1757672 total
[2022-04-29T06:27:33.425+0000][160][gc,age      ] GC(42) - age   4:      21048 bytes,    1778720 total
[2022-04-29T06:27:33.426+0000][160][gc,age      ] GC(42) - age   5:       6592 bytes,    1785312 total
[2022-04-29T06:27:33.427+0000][160][gc,age      ] GC(42) - age   6:     132120 bytes,    1917432 total
[2022-04-29T06:27:33.428+0000][160][gc,age      ] GC(42) - age   7:       5392 bytes,    1922824 total
[2022-04-29T06:27:33.428+0000][160][gc,age      ] GC(42) - age   8:       8008 bytes,    1930832 total
[2022-04-29T06:27:33.429+0000][160][gc,age      ] GC(42) - age   9:       3432 bytes,    1934264 total
[2022-04-29T06:27:33.430+0000][160][gc,age      ] GC(42) - age  10:       6232 bytes,    1940496 total
[2022-04-29T06:27:33.431+0000][160][gc,age      ] GC(42) - age  11:       6360 bytes,    1946856 total
[2022-04-29T06:27:33.432+0000][160][gc,age      ] GC(42) - age  12:       2392 bytes,    1949248 total
[2022-04-29T06:27:33.434+0000][160][gc,age      ] GC(42) - age  13:      99128 bytes,    2048376 total
[2022-04-29T06:27:33.458+0000][160][gc,age      ] GC(42) - age  14:      41128 bytes,    2089504 total
[2022-04-29T06:27:33.459+0000][160][gc,age      ] GC(42) - age  15:       8504 bytes,    2098008 total
[2022-04-29T06:27:33.461+0000][160][gc,phases   ] GC(42)   Pre Evacuate Collection Set: 0.1ms
[2022-04-29T06:27:33.462+0000][160][gc,phases   ] GC(42)   Merge Heap Roots: 0.1ms
[2022-04-29T06:27:33.463+0000][160][gc,phases   ] GC(42)   Evacuate Collection Set: 2.0ms
[2022-04-29T06:27:33.464+0000][160][gc,phases   ] GC(42)   Post Evacuate Collection Set: 0.9ms
[2022-04-29T06:27:33.465+0000][160][gc,phases   ] GC(42)   Other: 44.4ms
[2022-04-29T06:27:33.466+0000][160][gc,heap     ] GC(42) Eden regions: 75->0(75)
[2022-04-29T06:27:33.467+0000][160][gc,heap     ] GC(42) Survivor regions: 1->1(10)
[2022-04-29T06:27:33.468+0000][160][gc,heap     ] GC(42) Old regions: 21->21
[2022-04-29T06:27:33.469+0000][160][gc,heap     ] GC(42) Archive regions: 2->2
[2022-04-29T06:27:33.470+0000][160][gc,heap     ] GC(42) Humongous regions: 6->6
[2022-04-29T06:27:33.471+0000][160][gc,metaspace] GC(42) Metaspace: 116163K(117888K)->116163K(117888K) NonClass: 100643K(101632K)->100643K(101632K) Class: 15519K(16256K)->15519K(16256K)
[2022-04-29T06:27:33.472+0000][160][gc          ] GC(42) Pause Young (Normal) (G1 Evacuation Pause) 413M->113M(512M) 58.535ms
[2022-04-29T06:27:33.472+0000][160][gc,cpu      ] GC(42) User=0.01s Sys=0.00s Real=0.06s
[2022-04-29T06:27:33.473+0000][160][safepoint   ] Safepoint "G1CollectForAllocation", Time since last: 2730454668 ns, Reaching safepoint: 67792 ns, At safepoint: 60264250 ns, Total: 60332042 ns
[2022-04-29T06:27:34.477+0000][160][safepoint   ] Safepoint "Cleanup", Time since last: 1003712042 ns, Reaching safepoint: 192667 ns, At safepoint: 6583 ns, Total: 199250 ns
[2022-04-29T06:27:40.484+0000][160][safepoint   ] Safepoint "Cleanup", Time since last: 6007906752 ns, Reaching safepoint: 247084 ns, At safepoint: 4666 ns, Total: 251750 ns
[2022-04-29T06:27:41.489+0000][160][safepoint   ] Safepoint "Cleanup", Time since last: 1004768792 ns, Reaching safepoint: 190625 ns, At safepoint: 5459 ns, Total: 196084 ns
[2022-04-29T06:27:42.498+0000][160][safepoint   ] Safepoint "Cleanup", Time since last: 1008298792 ns, Reaching safepoint: 115250 ns, At safepoint: 4083 ns, Total: 119333 ns
[2022-04-29T06:27:43.502+0000][160][safepoint   ] Safepoint "Cleanup", Time since last: 1004401084 ns, Reaching safepoint: 188792 ns, At safepoint: 5125 ns, Total: 193917 ns
[2022-04-29T06:27:49.517+0000][160][safepoint   ] Safepoint "Cleanup", Time since last: 6014742294 ns, Reaching safepoint: 53917 ns, At safepoint: 2208 ns, Total: 56125 ns
[2022-04-29T06:27:58.525+0000][160][safepoint   ] Safepoint "Cleanup", Time since last: 9007384088 ns, Reaching safepoint: 198333 ns, At safepoint: 6042 ns, Total: 204375 ns
[2022-04-29T06:28:00.528+0000][160][safepoint   ] Safepoint "Cleanup", Time since last: 2003388501 ns, Reaching safepoint: 65541 ns, At safepoint: 2125 ns, Total: 67666 ns
[2022-04-29T06:28:05.538+0000][160][safepoint   ] Safepoint "Cleanup", Time since last: 5010124211 ns, Reaching safepoint: 187375 ns, At safepoint: 7375 ns, Total: 194750 ns
[2022-04-29T06:28:07.542+0000][160][safepoint   ] Safepoint "Cleanup", Time since last: 2003131168 ns, Reaching safepoint: 456625 ns, At safepoint: 11917 ns, Total: 468542 ns
[2022-04-29T06:28:09.550+0000][160][safepoint   ] Safepoint "Cleanup", Time since last: 2008595916 ns, Reaching safepoint: 182958 ns, At safepoint: 3459 ns, Total: 186417 ns
[2022-04-29T06:28:14.552+0000][160][safepoint   ] Safepoint "Cleanup", Time since last: 5001746002 ns, Reaching safepoint: 96500 ns, At safepoint: 9084 ns, Total: 105584 ns
[2022-04-29T06:28:17.558+0000][160][safepoint   ] Safepoint "Cleanup", Time since last: 3004882418 ns, Reaching safepoint: 882041 ns, At safepoint: 7625 ns, Total: 889666 ns
[2022-04-29T06:28:21.567+0000][160][safepoint   ] Safepoint "Cleanup", Time since last: 4008525002 ns, Reaching safepoint: 504209 ns, At safepoint: 14625 ns, Total: 518834 ns
[2022-04-29T06:28:22.573+0000][160][safepoint   ] Safepoint "Cleanup", Time since last: 1005939875 ns, Reaching safepoint: 214417 ns, At safepoint: 10416 ns, Total: 224833 ns
[2022-04-29T06:28:27.594+0000][160][safepoint   ] Safepoint "Cleanup", Time since last: 5020749169 ns, Reaching safepoint: 114750 ns, At safepoint: 3167 ns, Total: 117917 ns
[2022-04-29T06:28:30.643+0000][160][safepoint   ] Safepoint "Cleanup", Time since last: 3048914335 ns, Reaching safepoint: 100250 ns, At safepoint: 59917 ns, Total: 160167 ns
[2022-04-29T06:28:31.645+0000][160][safepoint   ] Safepoint "Cleanup", Time since last: 1001206375 ns, Reaching safepoint: 276333 ns, At safepoint: 4209 ns, Total: 280542 ns
[2022-04-29T06:28:33.651+0000][160][safepoint   ] Safepoint "Cleanup", Time since last: 2006151667 ns, Reaching safepoint: 264209 ns, At safepoint: 61708 ns, Total: 325917 ns
[2022-04-29T06:28:33.706+0000][160][gc,start    ] GC(43) Pause Young (Normal) (G1 Evacuation Pause)
[2022-04-29T06:28:33.708+0000][160][gc,task     ] GC(43) Using 5 workers of 5 for evacuation
[2022-04-29T06:28:33.709+0000][160][gc,age      ] GC(43) Desired survivor size 20971520 bytes, new threshold 15 (max threshold 15)
[2022-04-29T06:28:33.713+0000][160][gc,age      ] GC(43) Age table with threshold 15 (max threshold 15)
[2022-04-29T06:28:33.714+0000][160][gc,age      ] GC(43) - age   1:    2106472 bytes,    2106472 total
[2022-04-29T06:28:33.715+0000][160][gc,age      ] GC(43) - age   2:     578496 bytes,    2684968 total
[2022-04-29T06:28:33.716+0000][160][gc,age      ] GC(43) - age   3:      36136 bytes,    2721104 total
[2022-04-29T06:28:33.717+0000][160][gc,age      ] GC(43) - age   4:       1816 bytes,    2722920 total
[2022-04-29T06:28:33.718+0000][160][gc,age      ] GC(43) - age   5:      20952 bytes,    2743872 total
[2022-04-29T06:28:33.718+0000][160][gc,age      ] GC(43) - age   6:       6592 bytes,    2750464 total
[2022-04-29T06:28:33.719+0000][160][gc,age      ] GC(43) - age   7:     132088 bytes,    2882552 total
[2022-04-29T06:28:33.720+0000][160][gc,age      ] GC(43) - age   8:       5080 bytes,    2887632 total
[2022-04-29T06:28:33.721+0000][160][gc,age      ] GC(43) - age   9:       8008 bytes,    2895640 total
[2022-04-29T06:28:33.722+0000][160][gc,age      ] GC(43) - age  10:       3432 bytes,    2899072 total
[2022-04-29T06:28:33.723+0000][160][gc,age      ] GC(43) - age  11:       6232 bytes,    2905304 total
[2022-04-29T06:28:33.723+0000][160][gc,age      ] GC(43) - age  12:       6360 bytes,    2911664 total
[2022-04-29T06:28:33.724+0000][160][gc,age      ] GC(43) - age  13:       2392 bytes,    2914056 total
[2022-04-29T06:28:33.725+0000][160][gc,age      ] GC(43) - age  14:      99000 bytes,    3013056 total
[2022-04-29T06:28:33.725+0000][160][gc,age      ] GC(43) - age  15:      41128 bytes,    3054184 total
[2022-04-29T06:28:33.726+0000][160][gc,phases   ] GC(43)   Pre Evacuate Collection Set: 0.1ms
[2022-04-29T06:28:33.727+0000][160][gc,phases   ] GC(43)   Merge Heap Roots: 0.1ms
[2022-04-29T06:28:33.728+0000][160][gc,phases   ] GC(43)   Evacuate Collection Set: 2.1ms
[2022-04-29T06:28:33.729+0000][160][gc,phases   ] GC(43)   Post Evacuate Collection Set: 0.7ms
[2022-04-29T06:28:33.729+0000][160][gc,phases   ] GC(43)   Other: 16.7ms
[2022-04-29T06:28:33.730+0000][160][gc,heap     ] GC(43) Eden regions: 75->0(75)
[2022-04-29T06:28:33.730+0000][160][gc,heap     ] GC(43) Survivor regions: 1->1(10)
[2022-04-29T06:28:33.731+0000][160][gc,heap     ] GC(43) Old regions: 21->21
[2022-04-29T06:28:33.731+0000][160][gc,heap     ] GC(43) Archive regions: 2->2
[2022-04-29T06:28:33.732+0000][160][gc,heap     ] GC(43) Humongous regions: 6->6
[2022-04-29T06:28:33.733+0000][160][gc,metaspace] GC(43) Metaspace: 116200K(117952K)->116200K(117952K) NonClass: 100680K(101696K)->100680K(101696K) Class: 15519K(16256K)->15519K(16256K)
[2022-04-29T06:28:33.733+0000][160][gc          ] GC(43) Pause Young (Normal) (G1 Evacuation Pause) 413M->114M(512M) 27.002ms
[2022-04-29T06:28:33.734+0000][160][gc,cpu      ] GC(43) User=0.01s Sys=0.00s Real=0.03s
[2022-04-29T06:28:33.735+0000][160][safepoint   ] Safepoint "G1CollectForAllocation", Time since last: 55025417 ns, Reaching safepoint: 36166 ns, At safepoint: 28638042 ns, Total: 28674208 ns
[2022-04-29T06:28:34.736+0000][160][safepoint   ] Safepoint "Cleanup", Time since last: 1001500625 ns, Reaching safepoint: 188834 ns, At safepoint: 4958 ns, Total: 193792 ns
[2022-04-29T06:28:36.744+0000][160][safepoint   ] Safepoint "Cleanup", Time since last: 2007751876 ns, Reaching safepoint: 150625 ns, At safepoint: 4083 ns, Total: 154708 ns
[2022-04-29T06:28:37.746+0000][160][safepoint   ] Safepoint "Cleanup", Time since last: 1000933084 ns, Reaching safepoint: 193625 ns, At safepoint: 4917 ns, Total: 198542 ns
[2022-04-29T06:28:45.761+0000][160][safepoint   ] Safepoint "Cleanup", Time since last: 8014028586 ns, Reaching safepoint: 277292 ns, At safepoint: 3666 ns, Total: 280958 ns
[2022-04-29T06:28:46.763+0000][160][safepoint   ] Safepoint "Cleanup", Time since last: 1001586376 ns, Reaching safepoint: 67333 ns, At safepoint: 1875 ns, Total: 69208 ns
[2022-04-29T06:28:47.764+0000][160][safepoint   ] Safepoint "Cleanup", Time since last: 1001053667 ns, Reaching safepoint: 65542 ns, At safepoint: 2083 ns, Total: 67625 ns
[2022-04-29T06:28:48.765+0000][160][safepoint   ] Safepoint "Cleanup", Time since last: 1001465709 ns, Reaching safepoint: 80084 ns, At safepoint: 10458 ns, Total: 90542 ns
[2022-04-29T06:28:57.778+0000][160][safepoint   ] Safepoint "Cleanup", Time since last: 9012168588 ns, Reaching safepoint: 82958 ns, At safepoint: 2042 ns, Total: 85000 ns
[2022-04-29T06:29:00.781+0000][160][safepoint   ] Safepoint "Cleanup", Time since last: 3003547626 ns, Reaching safepoint: 122917 ns, At safepoint: 4000 ns, Total: 126917 ns
[2022-04-29T06:29:01.783+0000][160][safepoint   ] Safepoint "Cleanup", Time since last: 1001730250 ns, Reaching safepoint: 54417 ns, At safepoint: 1625 ns, Total: 56042 ns
[2022-04-29T06:29:06.791+0000][160][safepoint   ] Safepoint "Cleanup", Time since last: 5008106877 ns, Reaching safepoint: 106958 ns, At safepoint: 7750 ns, Total: 114708 ns
[2022-04-29T06:29:04.671+0000][160][safepoint   ] Safepoint "Cleanup", Time since last: 2005945959 ns, Reaching safepoint: 641459 ns, At safepoint: 45166 ns, Total: 686625 ns
[2022-04-29T06:29:11.687+0000][160][safepoint   ] Safepoint "Cleanup", Time since last: 7016213587 ns, Reaching safepoint: 64625 ns, At safepoint: 1583 ns, Total: 66208 ns
[2022-04-29T06:29:14.692+0000][160][safepoint   ] Safepoint "Cleanup", Time since last: 3003327335 ns, Reaching safepoint: 1105834 ns, At safepoint: 8083 ns, Total: 1113917 ns
[2022-04-29T06:29:17.707+0000][160][safepoint   ] Safepoint "Cleanup", Time since last: 3014829418 ns, Reaching safepoint: 116708 ns, At safepoint: 4625 ns, Total: 121333 ns
[2022-04-29T06:29:22.715+0000][160][safepoint   ] Safepoint "Cleanup", Time since last: 5008067669 ns, Reaching safepoint: 281750 ns, At safepoint: 14875 ns, Total: 296625 ns
[2022-04-29T06:29:33.735+0000][160][safepoint   ] Safepoint "Cleanup", Time since last: 11018008339 ns, Reaching safepoint: 2277250 ns, At safepoint: 15375 ns, Total: 2292625 ns
[2022-04-29T06:29:34.734+0000][160][safepoint   ] Safepoint "Cleanup", Time since last: 1009715750 ns, Reaching safepoint: 120333 ns, At safepoint: 4625 ns, Total: 124958 ns
[2022-04-29T06:29:35.592+0000][160][gc,start    ] GC(44) Pause Young (Normal) (G1 Evacuation Pause)
[2022-04-29T06:29:35.593+0000][160][gc,task     ] GC(44) Using 5 workers of 5 for evacuation
[2022-04-29T06:29:35.593+0000][160][gc,age      ] GC(44) Desired survivor size 20971520 bytes, new threshold 15 (max threshold 15)
[2022-04-29T06:29:35.597+0000][160][gc,age      ] GC(44) Age table with threshold 15 (max threshold 15)
[2022-04-29T06:29:35.598+0000][160][gc,age      ] GC(44) - age   1:    1370784 bytes,    1370784 total
[2022-04-29T06:29:35.599+0000][160][gc,age      ] GC(44) - age   2:      43736 bytes,    1414520 total
[2022-04-29T06:29:35.600+0000][160][gc,age      ] GC(44) - age   3:     568592 bytes,    1983112 total
[2022-04-29T06:29:35.601+0000][160][gc,age      ] GC(44) - age   4:      35736 bytes,    2018848 total
[2022-04-29T06:29:35.602+0000][160][gc,age      ] GC(44) - age   5:       1816 bytes,    2020664 total
[2022-04-29T06:29:35.602+0000][160][gc,age      ] GC(44) - age   6:      20952 bytes,    2041616 total
[2022-04-29T06:29:35.603+0000][160][gc,age      ] GC(44) - age   7:       6592 bytes,    2048208 total
[2022-04-29T06:29:35.604+0000][160][gc,age      ] GC(44) - age   8:      82856 bytes,    2131064 total
[2022-04-29T06:29:35.605+0000][160][gc,age      ] GC(44) - age   9:       5080 bytes,    2136144 total
[2022-04-29T06:29:35.606+0000][160][gc,age      ] GC(44) - age  10:       8008 bytes,    2144152 total
[2022-04-29T06:29:35.607+0000][160][gc,age      ] GC(44) - age  11:       3432 bytes,    2147584 total
[2022-04-29T06:29:35.607+0000][160][gc,age      ] GC(44) - age  12:       6232 bytes,    2153816 total
[2022-04-29T06:29:35.608+0000][160][gc,age      ] GC(44) - age  13:       6360 bytes,    2160176 total
[2022-04-29T06:29:35.609+0000][160][gc,age      ] GC(44) - age  14:       2392 bytes,    2162568 total
[2022-04-29T06:29:35.610+0000][160][gc,age      ] GC(44) - age  15:      99000 bytes,    2261568 total
[2022-04-29T06:29:35.611+0000][160][gc,phases   ] GC(44)   Pre Evacuate Collection Set: 0.1ms
[2022-04-29T06:29:35.611+0000][160][gc,phases   ] GC(44)   Merge Heap Roots: 0.2ms
[2022-04-29T06:29:35.612+0000][160][gc,phases   ] GC(44)   Evacuate Collection Set: 1.8ms
[2022-04-29T06:29:35.613+0000][160][gc,phases   ] GC(44)   Post Evacuate Collection Set: 0.9ms
[2022-04-29T06:29:35.614+0000][160][gc,phases   ] GC(44)   Other: 16.1ms
[2022-04-29T06:29:35.615+0000][160][gc,heap     ] GC(44) Eden regions: 75->0(75)
[2022-04-29T06:29:35.615+0000][160][gc,heap     ] GC(44) Survivor regions: 1->1(10)
[2022-04-29T06:29:35.616+0000][160][gc,heap     ] GC(44) Old regions: 21->21
[2022-04-29T06:29:35.617+0000][160][gc,heap     ] GC(44) Archive regions: 2->2
[2022-04-29T06:29:35.617+0000][160][gc,heap     ] GC(44) Humongous regions: 6->6
[2022-04-29T06:29:35.618+0000][160][gc,metaspace] GC(44) Metaspace: 116234K(118016K)->116234K(118016K) NonClass: 100714K(101760K)->100714K(101760K) Class: 15520K(16256K)->15520K(16256K)
[2022-04-29T06:29:35.619+0000][160][gc          ] GC(44) Pause Young (Normal) (G1 Evacuation Pause) 414M->113M(512M) 27.568ms
[2022-04-29T06:29:35.621+0000][160][gc,cpu      ] GC(44) User=0.01s Sys=0.01s Real=0.02s
[2022-04-29T06:29:35.622+0000][160][safepoint   ] Safepoint "G1CollectForAllocation", Time since last: 857498876 ns, Reaching safepoint: 48375 ns, At safepoint: 30017916 ns, Total: 30066291 ns
[2022-04-29T06:29:44.637+0000][160][safepoint   ] Safepoint "Cleanup", Time since last: 9014969880 ns, Reaching safepoint: 195166 ns, At safepoint: 5292 ns, Total: 200458 ns
[2022-04-29T06:29:45.643+0000][160][safepoint   ] Safepoint "Cleanup", Time since last: 1005031792 ns, Reaching safepoint: 888958 ns, At safepoint: 19500 ns, Total: 908458 ns
[2022-04-29T06:29:47.666+0000][160][safepoint   ] Safepoint "Cleanup", Time since last: 2022728668 ns, Reaching safepoint: 58750 ns, At safepoint: 2042 ns, Total: 60792 ns
[2022-04-29T06:29:59.697+0000][160][safepoint   ] Safepoint "Cleanup", Time since last: 12031480380 ns, Reaching safepoint: 94667 ns, At safepoint: 3458 ns, Total: 98125 ns
[2022-04-29T06:30:02.703+0000][160][safepoint   ] Safepoint "Cleanup", Time since last: 3005685335 ns, Reaching safepoint: 310500 ns, At safepoint: 12458 ns, Total: 322958 ns
[2022-04-29T06:30:05.727+0000][160][safepoint   ] Safepoint "Cleanup", Time since last: 3020711668 ns, Reaching safepoint: 234458 ns, At safepoint: 33542 ns, Total: 268000 ns
[2022-04-29T06:30:09.397+0000][160][safepoint   ] Safepoint "Cleanup", Time since last: 3669619918 ns, Reaching safepoint: 318625 ns, At safepoint: 15292 ns, Total: 333917 ns
[2022-04-29T06:30:13.404+0000][160][safepoint   ] Safepoint "Cleanup", Time since last: 4006827710 ns, Reaching safepoint: 199417 ns, At safepoint: 11166 ns, Total: 210583 ns
[2022-04-29T06:30:15.405+0000][160][safepoint   ] Safepoint "Cleanup", Time since last: 2001378751 ns, Reaching safepoint: 270334 ns, At safepoint: 16625 ns, Total: 286959 ns
[2022-04-29T06:30:23.418+0000][160][safepoint   ] Safepoint "Cleanup", Time since last: 8012819337 ns, Reaching safepoint: 73583 ns, At safepoint: 1875 ns, Total: 75458 ns
[2022-04-29T06:30:25.213+0000][160][safepoint   ] Safepoint "Cleanup", Time since last: 1794263959 ns, Reaching safepoint: 280125 ns, At safepoint: 27792 ns, Total: 307917 ns
[2022-04-29T06:30:26.285+0000][160][safepoint   ] Safepoint "Cleanup", Time since last: 1068745625 ns, Reaching safepoint: 3467709 ns, At safepoint: 20833 ns, Total: 3488542 ns
[2022-04-29T06:30:27.298+0000][160][safepoint   ] Safepoint "Cleanup", Time since last: 1013014584 ns, Reaching safepoint: 231625 ns, At safepoint: 6958 ns, Total: 238583 ns
[2022-04-29T06:30:30.312+0000][160][safepoint   ] Safepoint "Cleanup", Time since last: 3013784918 ns, Reaching safepoint: 286834 ns, At safepoint: 8041 ns, Total: 294875 ns
[2022-04-29T06:30:33.320+0000][160][safepoint   ] Safepoint "Cleanup", Time since last: 3007791627 ns, Reaching safepoint: 272000 ns, At safepoint: 15416 ns, Total: 287416 ns
[2022-04-29T06:30:35.698+0000][160][gc,start    ] GC(45) Pause Young (Normal) (G1 Evacuation Pause)
[2022-04-29T06:30:35.700+0000][160][gc,task     ] GC(45) Using 5 workers of 5 for evacuation
[2022-04-29T06:30:35.701+0000][160][gc,age      ] GC(45) Desired survivor size 20971520 bytes, new threshold 15 (max threshold 15)
[2022-04-29T06:30:35.705+0000][160][gc,age      ] GC(45) Age table with threshold 15 (max threshold 15)
[2022-04-29T06:30:35.705+0000][160][gc,age      ] GC(45) - age   1:    1007168 bytes,    1007168 total
[2022-04-29T06:30:35.706+0000][160][gc,age      ] GC(45) - age   2:      30400 bytes,    1037568 total
[2022-04-29T06:30:35.708+0000][160][gc,age      ] GC(45) - age   3:      40472 bytes,    1078040 total
[2022-04-29T06:30:35.709+0000][160][gc,age      ] GC(45) - age   4:     567624 bytes,    1645664 total
[2022-04-29T06:30:35.710+0000][160][gc,age      ] GC(45) - age   5:      35544 bytes,    1681208 total
[2022-04-29T06:30:35.710+0000][160][gc,age      ] GC(45) - age   6:       1816 bytes,    1683024 total
[2022-04-29T06:30:35.711+0000][160][gc,age      ] GC(45) - age   7:      20752 bytes,    1703776 total
[2022-04-29T06:30:35.712+0000][160][gc,age      ] GC(45) - age   8:       6592 bytes,    1710368 total
[2022-04-29T06:30:35.713+0000][160][gc,age      ] GC(45) - age   9:      82736 bytes,    1793104 total
[2022-04-29T06:30:35.714+0000][160][gc,age      ] GC(45) - age  10:       5016 bytes,    1798120 total
[2022-04-29T06:30:35.715+0000][160][gc,age      ] GC(45) - age  11:       8008 bytes,    1806128 total
[2022-04-29T06:30:35.715+0000][160][gc,age      ] GC(45) - age  12:       3432 bytes,    1809560 total
[2022-04-29T06:30:35.716+0000][160][gc,age      ] GC(45) - age  13:       6232 bytes,    1815792 total
[2022-04-29T06:30:35.717+0000][160][gc,age      ] GC(45) - age  14:       6360 bytes,    1822152 total
[2022-04-29T06:30:35.718+0000][160][gc,age      ] GC(45) - age  15:       2392 bytes,    1824544 total
[2022-04-29T06:30:35.719+0000][160][gc,phases   ] GC(45)   Pre Evacuate Collection Set: 0.1ms
[2022-04-29T06:30:35.720+0000][160][gc,phases   ] GC(45)   Merge Heap Roots: 0.1ms
[2022-04-29T06:30:35.721+0000][160][gc,phases   ] GC(45)   Evacuate Collection Set: 1.8ms
[2022-04-29T06:30:35.722+0000][160][gc,phases   ] GC(45)   Post Evacuate Collection Set: 0.8ms
[2022-04-29T06:30:35.723+0000][160][gc,phases   ] GC(45)   Other: 17.8ms
[2022-04-29T06:30:35.723+0000][160][gc,heap     ] GC(45) Eden regions: 75->0(75)
[2022-04-29T06:30:35.724+0000][160][gc,heap     ] GC(45) Survivor regions: 1->1(10)
[2022-04-29T06:30:35.725+0000][160][gc,heap     ] GC(45) Old regions: 21->21
[2022-04-29T06:30:35.726+0000][160][gc,heap     ] GC(45) Archive regions: 2->2
[2022-04-29T06:30:35.727+0000][160][gc,heap     ] GC(45) Humongous regions: 6->6
[2022-04-29T06:30:35.728+0000][160][gc,metaspace] GC(45) Metaspace: 116324K(118144K)->116324K(118144K) NonClass: 100793K(101824K)->100793K(101824K) Class: 15530K(16320K)->15530K(16320K)
[2022-04-29T06:30:35.728+0000][160][gc          ] GC(45) Pause Young (Normal) (G1 Evacuation Pause) 413M->113M(512M) 29.904ms
[2022-04-29T06:30:35.729+0000][160][gc,cpu      ] GC(45) User=0.01s Sys=0.01s Real=0.03s
[2022-04-29T06:30:35.730+0000][160][safepoint   ] Safepoint "G1CollectForAllocation", Time since last: 2378193584 ns, Reaching safepoint: 181375 ns, At safepoint: 31311667 ns, Total: 31493042 ns
[2022-04-29T06:30:36.731+0000][160][safepoint   ] Safepoint "Cleanup", Time since last: 1000986167 ns, Reaching safepoint: 138250 ns, At safepoint: 4583 ns, Total: 142833 ns
[2022-04-29T06:30:41.746+0000][160][safepoint   ] Safepoint "Cleanup", Time since last: 5015257544 ns, Reaching safepoint: 273500 ns, At safepoint: 5875 ns, Total: 279375 ns
[2022-04-29T06:30:44.751+0000][160][safepoint   ] Safepoint "Cleanup", Time since last: 3004867669 ns, Reaching safepoint: 165916 ns, At safepoint: 5959 ns, Total: 171875 ns
[2022-04-29T06:30:45.758+0000][160][safepoint   ] Safepoint "Cleanup", Time since last: 1006659292 ns, Reaching safepoint: 100791 ns, At safepoint: 4125 ns, Total: 104916 ns
[2022-04-29T06:31:08.800+0000][160][safepoint   ] Safepoint "Cleanup", Time since last: 23040920052 ns, Reaching safepoint: 80500 ns, At safepoint: 2209 ns, Total: 82709 ns
[2022-04-29T06:31:13.812+0000][160][safepoint   ] Safepoint "Cleanup", Time since last: 5011847960 ns, Reaching safepoint: 94125 ns, At safepoint: 2250 ns, Total: 96375 ns
[2022-04-29T06:31:14.813+0000][160][safepoint   ] Safepoint "Cleanup", Time since last: 1001165376 ns, Reaching safepoint: 98292 ns, At safepoint: 4541 ns, Total: 102833 ns
[2022-04-29T06:31:17.818+0000][160][safepoint   ] Safepoint "Cleanup", Time since last: 3004637127 ns, Reaching safepoint: 161166 ns, At safepoint: 4042 ns, Total: 165208 ns
[2022-04-29T06:31:18.824+0000][160][safepoint   ] Safepoint "Cleanup", Time since last: 1005689334 ns, Reaching safepoint: 280542 ns, At safepoint: 5791 ns, Total: 286333 ns
[2022-04-29T06:31:22.831+0000][160][safepoint   ] Safepoint "Cleanup", Time since last: 4007251085 ns, Reaching safepoint: 301292 ns, At safepoint: 8292 ns, Total: 309584 ns
[2022-04-29T06:31:25.843+0000][160][safepoint   ] Safepoint "Cleanup", Time since last: 3010959418 ns, Reaching safepoint: 291375 ns, At safepoint: 8875 ns, Total: 300250 ns
[2022-04-29T06:31:29.860+0000][160][safepoint   ] Safepoint "Cleanup", Time since last: 4016917752 ns, Reaching safepoint: 194250 ns, At safepoint: 4000 ns, Total: 198250 ns
[2022-04-29T06:31:32.870+0000][160][safepoint   ] Safepoint "Cleanup", Time since last: 3009333126 ns, Reaching safepoint: 455792 ns, At safepoint: 9583 ns, Total: 465375 ns
[2022-04-29T06:31:35.647+0000][160][gc,start    ] GC(46) Pause Young (Normal) (G1 Evacuation Pause)
[2022-04-29T06:31:35.649+0000][160][gc,task     ] GC(46) Using 5 workers of 5 for evacuation
[2022-04-29T06:31:35.650+0000][160][gc,age      ] GC(46) Desired survivor size 20971520 bytes, new threshold 15 (max threshold 15)
[2022-04-29T06:31:35.654+0000][160][gc,age      ] GC(46) Age table with threshold 15 (max threshold 15)
[2022-04-29T06:31:35.655+0000][160][gc,age      ] GC(46) - age   1:    1758888 bytes,    1758888 total
[2022-04-29T06:31:35.656+0000][160][gc,age      ] GC(46) - age   2:      95256 bytes,    1854144 total
[2022-04-29T06:31:35.657+0000][160][gc,age      ] GC(46) - age   3:      28816 bytes,    1882960 total
[2022-04-29T06:31:35.658+0000][160][gc,age      ] GC(46) - age   4:      37440 bytes,    1920400 total
[2022-04-29T06:31:35.658+0000][160][gc,age      ] GC(46) - age   5:     214552 bytes,    2134952 total
[2022-04-29T06:31:35.659+0000][160][gc,age      ] GC(46) - age   6:      34840 bytes,    2169792 total
[2022-04-29T06:31:35.660+0000][160][gc,age      ] GC(46) - age   7:       1752 bytes,    2171544 total
[2022-04-29T06:31:35.660+0000][160][gc,age      ] GC(46) - age   8:       4600 bytes,    2176144 total
[2022-04-29T06:31:35.661+0000][160][gc,age      ] GC(46) - age   9:       6592 bytes,    2182736 total
[2022-04-29T06:31:35.661+0000][160][gc,age      ] GC(46) - age  10:      82360 bytes,    2265096 total
[2022-04-29T06:31:35.662+0000][160][gc,age      ] GC(46) - age  11:       5016 bytes,    2270112 total
[2022-04-29T06:31:35.663+0000][160][gc,age      ] GC(46) - age  12:       8008 bytes,    2278120 total
[2022-04-29T06:31:35.664+0000][160][gc,age      ] GC(46) - age  13:       3432 bytes,    2281552 total
[2022-04-29T06:31:35.664+0000][160][gc,age      ] GC(46) - age  14:       6232 bytes,    2287784 total
[2022-04-29T06:31:35.665+0000][160][gc,age      ] GC(46) - age  15:       6360 bytes,    2294144 total
[2022-04-29T06:31:35.665+0000][160][gc,phases   ] GC(46)   Pre Evacuate Collection Set: 0.2ms
[2022-04-29T06:31:35.666+0000][160][gc,phases   ] GC(46)   Merge Heap Roots: 0.3ms
[2022-04-29T06:31:35.666+0000][160][gc,phases   ] GC(46)   Evacuate Collection Set: 1.7ms
[2022-04-29T06:31:35.667+0000][160][gc,phases   ] GC(46)   Post Evacuate Collection Set: 1.1ms
[2022-04-29T06:31:35.667+0000][160][gc,phases   ] GC(46)   Other: 14.6ms
[2022-04-29T06:31:35.668+0000][160][gc,heap     ] GC(46) Eden regions: 75->0(75)
[2022-04-29T06:31:35.669+0000][160][gc,heap     ] GC(46) Survivor regions: 1->1(10)
[2022-04-29T06:31:35.669+0000][160][gc,heap     ] GC(46) Old regions: 21->21
[2022-04-29T06:31:35.670+0000][160][gc,heap     ] GC(46) Archive regions: 2->2
[2022-04-29T06:31:35.670+0000][160][gc,heap     ] GC(46) Humongous regions: 6->6
[2022-04-29T06:31:35.671+0000][160][gc,metaspace] GC(46) Metaspace: 116335K(118144K)->116335K(118144K) NonClass: 100805K(101824K)->100805K(101824K) Class: 15530K(16320K)->15530K(16320K)
[2022-04-29T06:31:35.671+0000][160][gc          ] GC(46) Pause Young (Normal) (G1 Evacuation Pause) 413M->113M(512M) 24.067ms
[2022-04-29T06:31:35.672+0000][160][gc,cpu      ] GC(46) User=0.01s Sys=0.00s Real=0.03s
[2022-04-29T06:31:35.673+0000][160][safepoint   ] Safepoint "G1CollectForAllocation", Time since last: 2779993918 ns, Reaching safepoint: 141750 ns, At safepoint: 25344500 ns, Total: 25486250 ns
[2022-04-29T06:31:38.682+0000][160][safepoint   ] Safepoint "Cleanup", Time since last: 3009191918 ns, Reaching safepoint: 302041 ns, At safepoint: 9084 ns, Total: 311125 ns
[2022-04-29T06:31:45.692+0000][160][safepoint   ] Safepoint "Cleanup", Time since last: 7009426461 ns, Reaching safepoint: 218334 ns, At safepoint: 18958 ns, Total: 237292 ns
[2022-04-29T06:31:47.700+0000][160][safepoint   ] Safepoint "Cleanup", Time since last: 2007570376 ns, Reaching safepoint: 79583 ns, At safepoint: 2042 ns, Total: 81625 ns
[2022-04-29T06:31:48.705+0000][160][safepoint   ] Safepoint "Cleanup", Time since last: 1005684084 ns, Reaching safepoint: 218666 ns, At safepoint: 5000 ns, Total: 223666 ns
[2022-04-29T06:31:53.709+0000][160][safepoint   ] Safepoint "Cleanup", Time since last: 5003188878 ns, Reaching safepoint: 205625 ns, At safepoint: 61292 ns, Total: 266917 ns
[2022-04-29T06:31:56.718+0000][160][safepoint   ] Safepoint "Cleanup", Time since last: 3009167543 ns, Reaching safepoint: 64791 ns, At safepoint: 2084 ns, Total: 66875 ns
[2022-04-29T06:32:08.749+0000][160][safepoint   ] Safepoint "Cleanup", Time since last: 12030167879 ns, Reaching safepoint: 266750 ns, At safepoint: 4834 ns, Total: 271584 ns
[2022-04-29T06:32:09.752+0000][160][safepoint   ] Safepoint "Cleanup", Time since last: 1003264750 ns, Reaching safepoint: 75375 ns, At safepoint: 3500 ns, Total: 78875 ns
[2022-04-29T06:32:11.762+0000][160][safepoint   ] Safepoint "Cleanup", Time since last: 2009863209 ns, Reaching safepoint: 109834 ns, At safepoint: 5250 ns, Total: 115084 ns
[2022-04-29T06:32:13.767+0000][160][safepoint   ] Safepoint "Cleanup", Time since last: 2003877751 ns, Reaching safepoint: 744041 ns, At safepoint: 19042 ns, Total: 763083 ns
[2022-04-29T06:32:22.787+0000][160][safepoint   ] Safepoint "Cleanup", Time since last: 9019692879 ns, Reaching safepoint: 331459 ns, At safepoint: 8750 ns, Total: 340209 ns
[2022-04-29T06:32:26.793+0000][160][safepoint   ] Safepoint "Cleanup", Time since last: 4006159377 ns, Reaching safepoint: 363500 ns, At safepoint: 10500 ns, Total: 374000 ns
[2022-04-29T06:32:27.804+0000][160][safepoint   ] Safepoint "Cleanup", Time since last: 1010817792 ns, Reaching safepoint: 218791 ns, At safepoint: 15459 ns, Total: 234250 ns
[2022-04-29T06:32:28.810+0000][160][safepoint   ] Safepoint "Cleanup", Time since last: 1005027584 ns, Reaching safepoint: 300250 ns, At safepoint: 9166 ns, Total: 309416 ns
[2022-04-29T06:32:29.814+0000][160][safepoint   ] Safepoint "Cleanup", Time since last: 1004346917 ns, Reaching safepoint: 137417 ns, At safepoint: 4417 ns, Total: 141834 ns
[2022-04-29T06:32:30.816+0000][160][safepoint   ] Safepoint "Cleanup", Time since last: 1002311250 ns, Reaching safepoint: 148875 ns, At safepoint: 3084 ns, Total: 151959 ns
[2022-04-29T06:32:36.655+0000][160][gc,start    ] GC(47) Pause Young (Normal) (G1 Evacuation Pause)
[2022-04-29T06:32:36.655+0000][160][gc,task     ] GC(47) Using 5 workers of 5 for evacuation
[2022-04-29T06:32:36.656+0000][160][gc,age      ] GC(47) Desired survivor size 20971520 bytes, new threshold 15 (max threshold 15)
[2022-04-29T06:32:36.660+0000][160][gc,age      ] GC(47) Age table with threshold 15 (max threshold 15)
[2022-04-29T06:32:36.661+0000][160][gc,age      ] GC(47) - age   1:    1256304 bytes,    1256304 total
[2022-04-29T06:32:36.662+0000][160][gc,age      ] GC(47) - age   2:     301416 bytes,    1557720 total
[2022-04-29T06:32:36.663+0000][160][gc,age      ] GC(47) - age   3:      93776 bytes,    1651496 total
[2022-04-29T06:32:36.664+0000][160][gc,age      ] GC(47) - age   4:      19928 bytes,    1671424 total
[2022-04-29T06:32:36.665+0000][160][gc,age      ] GC(47) - age   5:      37312 bytes,    1708736 total
[2022-04-29T06:32:36.666+0000][160][gc,age      ] GC(47) - age   6:     213616 bytes,    1922352 total
[2022-04-29T06:32:36.666+0000][160][gc,age      ] GC(47) - age   7:      34456 bytes,    1956808 total
[2022-04-29T06:32:36.667+0000][160][gc,age      ] GC(47) - age   8:       1752 bytes,    1958560 total
[2022-04-29T06:32:36.668+0000][160][gc,age      ] GC(47) - age   9:       4600 bytes,    1963160 total
[2022-04-29T06:32:36.669+0000][160][gc,age      ] GC(47) - age  10:       6592 bytes,    1969752 total
[2022-04-29T06:32:36.670+0000][160][gc,age      ] GC(47) - age  11:      82360 bytes,    2052112 total
[2022-04-29T06:32:36.671+0000][160][gc,age      ] GC(47) - age  12:       5016 bytes,    2057128 total
[2022-04-29T06:32:36.671+0000][160][gc,age      ] GC(47) - age  13:       8008 bytes,    2065136 total
[2022-04-29T06:32:36.672+0000][160][gc,age      ] GC(47) - age  14:       3432 bytes,    2068568 total
[2022-04-29T06:32:36.673+0000][160][gc,age      ] GC(47) - age  15:       6232 bytes,    2074800 total
[2022-04-29T06:32:36.673+0000][160][gc,phases   ] GC(47)   Pre Evacuate Collection Set: 0.1ms
[2022-04-29T06:32:36.674+0000][160][gc,phases   ] GC(47)   Merge Heap Roots: 0.1ms
[2022-04-29T06:32:36.675+0000][160][gc,phases   ] GC(47)   Evacuate Collection Set: 1.6ms
[2022-04-29T06:32:36.676+0000][160][gc,phases   ] GC(47)   Post Evacuate Collection Set: 0.8ms
[2022-04-29T06:32:36.676+0000][160][gc,phases   ] GC(47)   Other: 16.0ms
[2022-04-29T06:32:36.677+0000][160][gc,heap     ] GC(47) Eden regions: 75->0(75)
[2022-04-29T06:32:36.678+0000][160][gc,heap     ] GC(47) Survivor regions: 1->1(10)
[2022-04-29T06:32:36.678+0000][160][gc,heap     ] GC(47) Old regions: 21->21
[2022-04-29T06:32:36.679+0000][160][gc,heap     ] GC(47) Archive regions: 2->2
[2022-04-29T06:32:36.679+0000][160][gc,heap     ] GC(47) Humongous regions: 6->6
[2022-04-29T06:32:36.680+0000][160][gc,metaspace] GC(47) Metaspace: 116367K(118208K)->116367K(118208K) NonClass: 100836K(101888K)->100836K(101888K) Class: 15530K(16320K)->15530K(16320K)
[2022-04-29T06:32:36.680+0000][160][gc          ] GC(47) Pause Young (Normal) (G1 Evacuation Pause) 413M->113M(512M) 25.445ms
[2022-04-29T06:32:36.681+0000][160][gc,cpu      ] GC(47) User=0.01s Sys=0.00s Real=0.02s
[2022-04-29T06:32:36.682+0000][160][safepoint   ] Safepoint "G1CollectForAllocation", Time since last: 5837603668 ns, Reaching safepoint: 151167 ns, At safepoint: 26914041 ns, Total: 27065208 ns
[2022-04-29T06:32:43.696+0000][160][safepoint   ] Safepoint "Cleanup", Time since last: 7013503337 ns, Reaching safepoint: 350417 ns, At safepoint: 6500 ns, Total: 356917 ns
[2022-04-29T06:32:44.698+0000][160][safepoint   ] Safepoint "Cleanup", Time since last: 1002136792 ns, Reaching safepoint: 131458 ns, At safepoint: 3542 ns, Total: 135000 ns
[2022-04-29T06:32:45.702+0000][160][safepoint   ] Safepoint "Cleanup", Time since last: 1004072417 ns, Reaching safepoint: 176833 ns, At safepoint: 3959 ns, Total: 180792 ns
[2022-04-29T06:32:56.733+0000][160][safepoint   ] Safepoint "Cleanup", Time since last: 11031057422 ns, Reaching safepoint: 257416 ns, At safepoint: 9667 ns, Total: 267083 ns
[2022-04-29T06:33:11.766+0000][160][safepoint   ] Safepoint "Cleanup", Time since last: 15032901340 ns, Reaching safepoint: 161166 ns, At safepoint: 4209 ns, Total: 165375 ns
[2022-04-29T06:33:15.777+0000][160][safepoint   ] Safepoint "Cleanup", Time since last: 4009525585 ns, Reaching safepoint: 1902792 ns, At safepoint: 77750 ns, Total: 1980542 ns
[2022-04-29T06:33:17.789+0000][160][safepoint   ] Safepoint "Cleanup", Time since last: 2011675459 ns, Reaching safepoint: 164208 ns, At safepoint: 9000 ns, Total: 173208 ns
[2022-04-29T06:33:22.804+0000][160][safepoint   ] Safepoint "Cleanup", Time since last: 5013918128 ns, Reaching safepoint: 682250 ns, At safepoint: 13500 ns, Total: 695750 ns
[2022-04-29T06:33:26.815+0000][160][safepoint   ] Safepoint "Cleanup", Time since last: 4010558585 ns, Reaching safepoint: 268000 ns, At safepoint: 11875 ns, Total: 279875 ns
[2022-04-29T06:33:27.821+0000][160][safepoint   ] Safepoint "Cleanup", Time since last: 1005831584 ns, Reaching safepoint: 366500 ns, At safepoint: 10458 ns, Total: 376958 ns
[2022-04-29T06:33:28.846+0000][160][safepoint   ] Safepoint "Cleanup", Time since last: 1024895876 ns, Reaching safepoint: 523208 ns, At safepoint: 46000 ns, Total: 569208 ns
[2022-04-29T06:33:29.859+0000][160][safepoint   ] Safepoint "Cleanup", Time since last: 1012609875 ns, Reaching safepoint: 253250 ns, At safepoint: 4625 ns, Total: 257875 ns
[2022-04-29T06:33:32.869+0000][160][safepoint   ] Safepoint "Cleanup", Time since last: 3009087127 ns, Reaching safepoint: 117417 ns, At safepoint: 8083 ns, Total: 125500 ns
[2022-04-29T06:33:36.706+0000][160][gc,start    ] GC(48) Pause Young (Normal) (G1 Evacuation Pause)
[2022-04-29T06:33:36.706+0000][160][gc,task     ] GC(48) Using 5 workers of 5 for evacuation
[2022-04-29T06:33:36.707+0000][160][gc,age      ] GC(48) Desired survivor size 20971520 bytes, new threshold 15 (max threshold 15)
[2022-04-29T06:33:36.710+0000][160][gc,age      ] GC(48) Age table with threshold 15 (max threshold 15)
[2022-04-29T06:33:36.711+0000][160][gc,age      ] GC(48) - age   1:    2002184 bytes,    2002184 total
[2022-04-29T06:33:36.712+0000][160][gc,age      ] GC(48) - age   2:     113080 bytes,    2115264 total
[2022-04-29T06:33:36.713+0000][160][gc,age      ] GC(48) - age   3:     229920 bytes,    2345184 total
[2022-04-29T06:33:36.713+0000][160][gc,age      ] GC(48) - age   4:      93208 bytes,    2438392 total
[2022-04-29T06:33:36.714+0000][160][gc,age      ] GC(48) - age   5:      19616 bytes,    2458008 total
[2022-04-29T06:33:36.715+0000][160][gc,age      ] GC(48) - age   6:      37312 bytes,    2495320 total
[2022-04-29T06:33:36.716+0000][160][gc,age      ] GC(48) - age   7:     213528 bytes,    2708848 total
[2022-04-29T06:33:36.716+0000][160][gc,age      ] GC(48) - age   8:      33944 bytes,    2742792 total
[2022-04-29T06:33:36.717+0000][160][gc,age      ] GC(48) - age   9:       1752 bytes,    2744544 total
[2022-04-29T06:33:36.718+0000][160][gc,age      ] GC(48) - age  10:       4600 bytes,    2749144 total
[2022-04-29T06:33:36.718+0000][160][gc,age      ] GC(48) - age  11:       6592 bytes,    2755736 total
[2022-04-29T06:33:36.719+0000][160][gc,age      ] GC(48) - age  12:      82360 bytes,    2838096 total
[2022-04-29T06:33:36.720+0000][160][gc,age      ] GC(48) - age  13:       5016 bytes,    2843112 total
[2022-04-29T06:33:36.720+0000][160][gc,age      ] GC(48) - age  14:       8008 bytes,    2851120 total
[2022-04-29T06:33:36.720+0000][160][gc,age      ] GC(48) - age  15:       3432 bytes,    2854552 total
[2022-04-29T06:33:36.721+0000][160][gc,phases   ] GC(48)   Pre Evacuate Collection Set: 0.1ms
[2022-04-29T06:33:36.722+0000][160][gc,phases   ] GC(48)   Merge Heap Roots: 0.0ms
[2022-04-29T06:33:36.722+0000][160][gc,phases   ] GC(48)   Evacuate Collection Set: 1.6ms
[2022-04-29T06:33:36.723+0000][160][gc,phases   ] GC(48)   Post Evacuate Collection Set: 1.1ms
[2022-04-29T06:33:36.723+0000][160][gc,phases   ] GC(48)   Other: 12.7ms
[2022-04-29T06:33:36.724+0000][160][gc,heap     ] GC(48) Eden regions: 75->0(75)
[2022-04-29T06:33:36.725+0000][160][gc,heap     ] GC(48) Survivor regions: 1->1(10)
[2022-04-29T06:33:36.725+0000][160][gc,heap     ] GC(48) Old regions: 21->21
[2022-04-29T06:33:36.726+0000][160][gc,heap     ] GC(48) Archive regions: 2->2
[2022-04-29T06:33:36.726+0000][160][gc,heap     ] GC(48) Humongous regions: 6->6
[2022-04-29T06:33:36.727+0000][160][gc,metaspace] GC(48) Metaspace: 116393K(118208K)->116393K(118208K) NonClass: 100862K(101888K)->100862K(101888K) Class: 15530K(16320K)->15530K(16320K)
[2022-04-29T06:33:36.727+0000][160][gc          ] GC(48) Pause Young (Normal) (G1 Evacuation Pause) 413M->114M(512M) 21.554ms
[2022-04-29T06:33:36.728+0000][160][gc,cpu      ] GC(48) User=0.01s Sys=0.00s Real=0.02s
[2022-04-29T06:33:36.728+0000][160][safepoint   ] Safepoint "G1CollectForAllocation", Time since last: 3837957876 ns, Reaching safepoint: 42709 ns, At safepoint: 22914208 ns, Total: 22956917 ns
[2022-04-29T06:33:41.748+0000][160][safepoint   ] Safepoint "Cleanup", Time since last: 5019517419 ns, Reaching safepoint: 132583 ns, At safepoint: 4667 ns, Total: 137250 ns
[2022-04-29T06:33:45.759+0000][160][safepoint   ] Safepoint "Cleanup", Time since last: 4010350460 ns, Reaching safepoint: 126584 ns, At safepoint: 3125 ns, Total: 129709 ns
[2022-04-29T06:33:53.771+0000][160][safepoint   ] Safepoint "Cleanup", Time since last: 8011785920 ns, Reaching safepoint: 251334 ns, At safepoint: 39958 ns, Total: 291292 ns
[2022-04-29T06:33:56.776+0000][160][safepoint   ] Safepoint "Cleanup", Time since last: 3004835335 ns, Reaching safepoint: 76750 ns, At safepoint: 3000 ns, Total: 79750 ns
[2022-04-29T06:33:59.786+0000][160][safepoint   ] Safepoint "Cleanup", Time since last: 3010560751 ns, Reaching safepoint: 80375 ns, At safepoint: 4458 ns, Total: 84833 ns
[2022-04-29T06:34:12.808+0000][160][safepoint   ] Safepoint "Cleanup", Time since last: 13021288756 ns, Reaching safepoint: 67542 ns, At safepoint: 2750 ns, Total: 70292 ns
[2022-04-29T06:34:22.834+0000][160][safepoint   ] Safepoint "Cleanup", Time since last: 10026291880 ns, Reaching safepoint: 157250 ns, At safepoint: 4958 ns, Total: 162208 ns
[2022-04-29T06:34:23.837+0000][160][safepoint   ] Safepoint "Cleanup", Time since last: 1002406042 ns, Reaching safepoint: 251334 ns, At safepoint: 4708 ns, Total: 256042 ns
[2022-04-29T06:34:29.856+0000][160][safepoint   ] Safepoint "Cleanup", Time since last: 6018243669 ns, Reaching safepoint: 187000 ns, At safepoint: 4709 ns, Total: 191709 ns
[2022-04-29T06:34:30.859+0000][160][safepoint   ] Safepoint "Cleanup", Time since last: 1002856584 ns, Reaching safepoint: 206125 ns, At safepoint: 5375 ns, Total: 211500 ns
[2022-04-29T06:34:32.863+0000][160][safepoint   ] Safepoint "Cleanup", Time since last: 2004212917 ns, Reaching safepoint: 294709 ns, At safepoint: 13000 ns, Total: 307709 ns
[2022-04-29T06:34:35.876+0000][160][safepoint   ] Safepoint "Cleanup", Time since last: 3012013792 ns, Reaching safepoint: 85459 ns, At safepoint: 2250 ns, Total: 87709 ns
[2022-04-29T06:34:41.888+0000][160][safepoint   ] Safepoint "Cleanup", Time since last: 6012342336 ns, Reaching safepoint: 173750 ns, At safepoint: 5708 ns, Total: 179458 ns
[2022-04-29T06:34:44.671+0000][160][gc,start    ] GC(49) Pause Young (Normal) (G1 Evacuation Pause)
[2022-04-29T06:34:44.672+0000][160][gc,task     ] GC(49) Using 5 workers of 5 for evacuation
[2022-04-29T06:34:44.673+0000][160][gc,age      ] GC(49) Desired survivor size 20971520 bytes, new threshold 15 (max threshold 15)
[2022-04-29T06:34:44.676+0000][160][gc,age      ] GC(49) Age table with threshold 15 (max threshold 15)
[2022-04-29T06:34:44.677+0000][160][gc,age      ] GC(49) - age   1:    1405512 bytes,    1405512 total
[2022-04-29T06:34:44.678+0000][160][gc,age      ] GC(49) - age   2:     279664 bytes,    1685176 total
[2022-04-29T06:34:44.678+0000][160][gc,age      ] GC(49) - age   3:     102968 bytes,    1788144 total
[2022-04-29T06:34:44.679+0000][160][gc,age      ] GC(49) - age   4:     229568 bytes,    2017712 total
[2022-04-29T06:34:44.679+0000][160][gc,age      ] GC(49) - age   5:      93208 bytes,    2110920 total
[2022-04-29T06:34:44.680+0000][160][gc,age      ] GC(49) - age   6:      19360 bytes,    2130280 total
[2022-04-29T06:34:44.681+0000][160][gc,age      ] GC(49) - age   7:      37312 bytes,    2167592 total
[2022-04-29T06:34:44.682+0000][160][gc,age      ] GC(49) - age   8:     197376 bytes,    2364968 total
[2022-04-29T06:34:44.682+0000][160][gc,age      ] GC(49) - age   9:      33944 bytes,    2398912 total
[2022-04-29T06:34:44.683+0000][160][gc,age      ] GC(49) - age  10:       1752 bytes,    2400664 total
[2022-04-29T06:34:44.684+0000][160][gc,age      ] GC(49) - age  11:       2424 bytes,    2403088 total
[2022-04-29T06:34:44.685+0000][160][gc,age      ] GC(49) - age  12:       6592 bytes,    2409680 total
[2022-04-29T06:34:44.685+0000][160][gc,age      ] GC(49) - age  13:      82360 bytes,    2492040 total
[2022-04-29T06:34:44.686+0000][160][gc,age      ] GC(49) - age  14:       5016 bytes,    2497056 total
[2022-04-29T06:34:44.686+0000][160][gc,age      ] GC(49) - age  15:       7800 bytes,    2504856 total
[2022-04-29T06:34:44.687+0000][160][gc,phases   ] GC(49)   Pre Evacuate Collection Set: 0.1ms
[2022-04-29T06:34:44.687+0000][160][gc,phases   ] GC(49)   Merge Heap Roots: 0.1ms
[2022-04-29T06:34:44.688+0000][160][gc,phases   ] GC(49)   Evacuate Collection Set: 1.5ms
[2022-04-29T06:34:44.689+0000][160][gc,phases   ] GC(49)   Post Evacuate Collection Set: 1.0ms
[2022-04-29T06:34:44.689+0000][160][gc,phases   ] GC(49)   Other: 13.4ms
[2022-04-29T06:34:44.690+0000][160][gc,heap     ] GC(49) Eden regions: 75->0(75)
[2022-04-29T06:34:44.691+0000][160][gc,heap     ] GC(49) Survivor regions: 1->1(10)
[2022-04-29T06:34:44.691+0000][160][gc,heap     ] GC(49) Old regions: 21->21
[2022-04-29T06:34:44.692+0000][160][gc,heap     ] GC(49) Archive regions: 2->2
[2022-04-29T06:34:44.693+0000][160][gc,heap     ] GC(49) Humongous regions: 6->6
[2022-04-29T06:34:44.693+0000][160][gc,metaspace] GC(49) Metaspace: 116417K(118208K)->116417K(118208K) NonClass: 100886K(101888K)->100886K(101888K) Class: 15530K(16320K)->15530K(16320K)
[2022-04-29T06:34:44.694+0000][160][gc          ] GC(49) Pause Young (Normal) (G1 Evacuation Pause) 414M->113M(512M) 22.924ms
[2022-04-29T06:34:44.695+0000][160][gc,cpu      ] GC(49) User=0.01s Sys=0.00s Real=0.03s
[2022-04-29T06:34:44.696+0000][160][safepoint   ] Safepoint "G1CollectForAllocation", Time since last: 2782377877 ns, Reaching safepoint: 61333 ns, At safepoint: 24656375 ns, Total: 24717708 ns
[2022-04-29T06:34:48.704+0000][160][safepoint   ] Safepoint "Cleanup", Time since last: 4008252668 ns, Reaching safepoint: 149959 ns, At safepoint: 4166 ns, Total: 154125 ns
[2022-04-29T06:34:53.714+0000][160][safepoint   ] Safepoint "Cleanup", Time since last: 5009875128 ns, Reaching safepoint: 124166 ns, At safepoint: 3834 ns, Total: 128000 ns
[2022-04-29T06:34:56.727+0000][160][safepoint   ] Safepoint "Cleanup", Time since last: 3012919126 ns, Reaching safepoint: 167584 ns, At safepoint: 4958 ns, Total: 172542 ns
[2022-04-29T06:34:59.730+0000][160][safepoint   ] Safepoint "Cleanup", Time since last: 3003067668 ns, Reaching safepoint: 125417 ns, At safepoint: 5541 ns, Total: 130958 ns
[2022-04-29T06:35:05.745+0000][160][safepoint   ] Safepoint "Cleanup", Time since last: 6011931628 ns, Reaching safepoint: 64333 ns, At safepoint: 1959 ns, Total: 66292 ns
[2022-04-29T06:35:06.749+0000][160][safepoint   ] Safepoint "Cleanup", Time since last: 1003088208 ns, Reaching safepoint: 471834 ns, At safepoint: 9458 ns, Total: 481292 ns
[2022-04-29T06:35:07.758+0000][160][safepoint   ] Safepoint "Cleanup", Time since last: 1008514084 ns, Reaching safepoint: 141875 ns, At safepoint: 5417 ns, Total: 147292 ns
[2022-04-29T06:35:17.787+0000][160][safepoint   ] Safepoint "Cleanup", Time since last: 10028830338 ns, Reaching safepoint: 210000 ns, At safepoint: 5333 ns, Total: 215333 ns
[2022-04-29T06:35:21.799+0000][160][safepoint   ] Safepoint "Cleanup", Time since last: 4011827127 ns, Reaching safepoint: 280208 ns, At safepoint: 17167 ns, Total: 297375 ns
[2022-04-29T06:35:22.800+0000][160][safepoint   ] Safepoint "Cleanup", Time since last: 1001552500 ns, Reaching safepoint: 115625 ns, At safepoint: 5125 ns, Total: 120750 ns
[2022-04-29T06:35:23.802+0000][160][safepoint   ] Safepoint "Cleanup", Time since last: 1001702084 ns, Reaching safepoint: 77209 ns, At safepoint: 3000 ns, Total: 80209 ns
[2022-04-29T06:35:47.534+0000][160][gc,start    ] GC(50) Pause Young (Normal) (G1 Evacuation Pause)
[2022-04-29T06:35:47.535+0000][160][gc,task     ] GC(50) Using 5 workers of 5 for evacuation
[2022-04-29T06:35:47.536+0000][160][gc,age      ] GC(50) Desired survivor size 20971520 bytes, new threshold 15 (max threshold 15)
[2022-04-29T06:35:47.539+0000][160][gc,age      ] GC(50) Age table with threshold 15 (max threshold 15)
[2022-04-29T06:35:47.540+0000][160][gc,age      ] GC(50) - age   1:     980448 bytes,     980448 total
[2022-04-29T06:35:47.541+0000][160][gc,age      ] GC(50) - age   2:      37680 bytes,    1018128 total
[2022-04-29T06:35:47.542+0000][160][gc,age      ] GC(50) - age   3:     276088 bytes,    1294216 total
[2022-04-29T06:35:47.543+0000][160][gc,age      ] GC(50) - age   4:     102968 bytes,    1397184 total
[2022-04-29T06:35:47.544+0000][160][gc,age      ] GC(50) - age   5:     229568 bytes,    1626752 total
[2022-04-29T06:35:47.545+0000][160][gc,age      ] GC(50) - age   6:      93096 bytes,    1719848 total
[2022-04-29T06:35:47.546+0000][160][gc,age      ] GC(50) - age   7:      19360 bytes,    1739208 total
[2022-04-29T06:35:47.547+0000][160][gc,age      ] GC(50) - age   8:      37312 bytes,    1776520 total
[2022-04-29T06:35:47.548+0000][160][gc,age      ] GC(50) - age   9:     197376 bytes,    1973896 total
[2022-04-29T06:35:47.548+0000][160][gc,age      ] GC(50) - age  10:      33944 bytes,    2007840 total
[2022-04-29T06:35:47.549+0000][160][gc,age      ] GC(50) - age  11:       1752 bytes,    2009592 total
[2022-04-29T06:35:47.550+0000][160][gc,age      ] GC(50) - age  12:       2424 bytes,    2012016 total
[2022-04-29T06:35:47.550+0000][160][gc,age      ] GC(50) - age  13:       6592 bytes,    2018608 total
[2022-04-29T06:35:47.551+0000][160][gc,age      ] GC(50) - age  14:      82360 bytes,    2100968 total
[2022-04-29T06:35:47.552+0000][160][gc,age      ] GC(50) - age  15:       5016 bytes,    2105984 total
[2022-04-29T06:35:47.554+0000][160][gc,phases   ] GC(50)   Pre Evacuate Collection Set: 0.1ms
[2022-04-29T06:35:47.555+0000][160][gc,phases   ] GC(50)   Merge Heap Roots: 0.1ms
[2022-04-29T06:35:47.555+0000][160][gc,phases   ] GC(50)   Evacuate Collection Set: 1.7ms
[2022-04-29T06:35:47.556+0000][160][gc,phases   ] GC(50)   Post Evacuate Collection Set: 0.9ms
[2022-04-29T06:35:47.557+0000][160][gc,phases   ] GC(50)   Other: 17.7ms
[2022-04-29T06:35:47.558+0000][160][gc,heap     ] GC(50) Eden regions: 75->0(75)
[2022-04-29T06:35:47.558+0000][160][gc,heap     ] GC(50) Survivor regions: 1->1(10)
[2022-04-29T06:35:47.559+0000][160][gc,heap     ] GC(50) Old regions: 21->21
[2022-04-29T06:35:47.560+0000][160][gc,heap     ] GC(50) Archive regions: 2->2
[2022-04-29T06:35:47.561+0000][160][gc,heap     ] GC(50) Humongous regions: 6->6
[2022-04-29T06:35:47.562+0000][160][gc,metaspace] GC(50) Metaspace: 116443K(118272K)->116443K(118272K) NonClass: 100912K(101952K)->100912K(101952K) Class: 15530K(16320K)->15530K(16320K)
[2022-04-29T06:35:47.563+0000][160][gc          ] GC(50) Pause Young (Normal) (G1 Evacuation Pause) 413M->113M(512M) 29.021ms
[2022-04-29T06:35:47.563+0000][160][gc,cpu      ] GC(50) User=0.01s Sys=0.01s Real=0.03s
[2022-04-29T06:35:47.564+0000][160][safepoint   ] Safepoint "G1CollectForAllocation", Time since last: 23735952594 ns, Reaching safepoint: 68166 ns, At safepoint: 30359500 ns, Total: 30427666 ns
[2022-04-29T06:36:00.594+0000][160][safepoint   ] Safepoint "Cleanup", Time since last: 13029659673 ns, Reaching safepoint: 513083 ns, At safepoint: 9334 ns, Total: 522417 ns
[2022-04-29T06:36:03.605+0000][160][safepoint   ] Safepoint "Cleanup", Time since last: 3010564835 ns, Reaching safepoint: 136666 ns, At safepoint: 4750 ns, Total: 141416 ns
[2022-04-29T06:36:12.619+0000][160][safepoint   ] Safepoint "Cleanup", Time since last: 9013836754 ns, Reaching safepoint: 198834 ns, At safepoint: 17291 ns, Total: 216125 ns
[2022-04-29T06:36:15.644+0000][160][safepoint   ] Safepoint "Cleanup", Time since last: 3011347377 ns, Reaching safepoint: 14259541 ns, At safepoint: 17167 ns, Total: 14276708 ns
[2022-04-29T06:36:21.655+0000][160][safepoint   ] Safepoint "Cleanup", Time since last: 6010584669 ns, Reaching safepoint: 96084 ns, At safepoint: 4875 ns, Total: 100959 ns
[2022-04-29T06:36:22.659+0000][160][safepoint   ] Safepoint "Cleanup", Time since last: 1003297875 ns, Reaching safepoint: 370125 ns, At safepoint: 7125 ns, Total: 377250 ns
[2022-04-29T06:36:29.674+0000][160][safepoint   ] Safepoint "Cleanup", Time since last: 7015239962 ns, Reaching safepoint: 194667 ns, At safepoint: 4166 ns, Total: 198833 ns
[2022-04-29T06:36:30.678+0000][160][safepoint   ] Safepoint "Cleanup", Time since last: 1004409709 ns, Reaching safepoint: 77833 ns, At safepoint: 1917 ns, Total: 79750 ns
[2022-04-29T06:36:43.702+0000][160][safepoint   ] Safepoint "Cleanup", Time since last: 13022054547 ns, Reaching safepoint: 300417 ns, At safepoint: 8417 ns, Total: 308834 ns
[2022-04-29T06:36:44.725+0000][160][safepoint   ] Safepoint "Cleanup", Time since last: 1022246042 ns, Reaching safepoint: 100167 ns, At safepoint: 49666 ns, Total: 149833 ns
[2022-04-29T06:36:45.966+0000][160][gc,start    ] GC(51) Pause Young (Normal) (G1 Evacuation Pause)
[2022-04-29T06:36:45.966+0000][160][gc,task     ] GC(51) Using 5 workers of 5 for evacuation
[2022-04-29T06:36:45.967+0000][160][gc,age      ] GC(51) Desired survivor size 20971520 bytes, new threshold 15 (max threshold 15)
[2022-04-29T06:36:45.970+0000][160][gc,age      ] GC(51) Age table with threshold 15 (max threshold 15)
[2022-04-29T06:36:45.971+0000][160][gc,age      ] GC(51) - age   1:    1656872 bytes,    1656872 total
[2022-04-29T06:36:45.971+0000][160][gc,age      ] GC(51) - age   2:      10840 bytes,    1667712 total
[2022-04-29T06:36:45.972+0000][160][gc,age      ] GC(51) - age   3:      35512 bytes,    1703224 total
[2022-04-29T06:36:45.972+0000][160][gc,age      ] GC(51) - age   4:     275392 bytes,    1978616 total
[2022-04-29T06:36:45.973+0000][160][gc,age      ] GC(51) - age   5:     102840 bytes,    2081456 total
[2022-04-29T06:36:45.974+0000][160][gc,age      ] GC(51) - age   6:     229256 bytes,    2310712 total
[2022-04-29T06:36:45.975+0000][160][gc,age      ] GC(51) - age   7:      93096 bytes,    2403808 total
[2022-04-29T06:36:45.976+0000][160][gc,age      ] GC(51) - age   8:      19360 bytes,    2423168 total
[2022-04-29T06:36:45.977+0000][160][gc,age      ] GC(51) - age   9:      37312 bytes,    2460480 total
[2022-04-29T06:36:45.977+0000][160][gc,age      ] GC(51) - age  10:     181224 bytes,    2641704 total
[2022-04-29T06:36:45.978+0000][160][gc,age      ] GC(51) - age  11:      33944 bytes,    2675648 total
[2022-04-29T06:36:45.978+0000][160][gc,age      ] GC(51) - age  12:       1752 bytes,    2677400 total
[2022-04-29T06:36:45.979+0000][160][gc,age      ] GC(51) - age  13:       2424 bytes,    2679824 total
[2022-04-29T06:36:45.979+0000][160][gc,age      ] GC(51) - age  14:       6592 bytes,    2686416 total
[2022-04-29T06:36:45.980+0000][160][gc,age      ] GC(51) - age  15:      82360 bytes,    2768776 total
[2022-04-29T06:36:45.981+0000][160][gc,phases   ] GC(51)   Pre Evacuate Collection Set: 0.1ms
[2022-04-29T06:36:45.981+0000][160][gc,phases   ] GC(51)   Merge Heap Roots: 0.1ms
[2022-04-29T06:36:45.982+0000][160][gc,phases   ] GC(51)   Evacuate Collection Set: 1.4ms
[2022-04-29T06:36:45.983+0000][160][gc,phases   ] GC(51)   Post Evacuate Collection Set: 0.9ms
[2022-04-29T06:36:45.983+0000][160][gc,phases   ] GC(51)   Other: 12.7ms
[2022-04-29T06:36:45.984+0000][160][gc,heap     ] GC(51) Eden regions: 75->0(75)
[2022-04-29T06:36:45.985+0000][160][gc,heap     ] GC(51) Survivor regions: 1->1(10)
[2022-04-29T06:36:45.985+0000][160][gc,heap     ] GC(51) Old regions: 21->21
[2022-04-29T06:36:45.986+0000][160][gc,heap     ] GC(51) Archive regions: 2->2
[2022-04-29T06:36:45.986+0000][160][gc,heap     ] GC(51) Humongous regions: 6->6
[2022-04-29T06:36:45.987+0000][160][gc,metaspace] GC(51) Metaspace: 116449K(118272K)->116449K(118272K) NonClass: 100919K(101952K)->100919K(101952K) Class: 15530K(16320K)->15530K(16320K)
[2022-04-29T06:36:45.988+0000][160][gc          ] GC(51) Pause Young (Normal) (G1 Evacuation Pause) 413M->114M(512M) 21.991ms
[2022-04-29T06:36:45.988+0000][160][gc,cpu      ] GC(51) User=0.01s Sys=0.01s Real=0.02s
[2022-04-29T06:36:45.989+0000][160][safepoint   ] Safepoint "G1CollectForAllocation", Time since last: 1240763876 ns, Reaching safepoint: 82291 ns, At safepoint: 23345625 ns, Total: 23427916 ns
[2022-04-29T06:36:46.990+0000][160][safepoint   ] Safepoint "Cleanup", Time since last: 1000793084 ns, Reaching safepoint: 57625 ns, At safepoint: 2084 ns, Total: 59709 ns
[2022-04-29T06:37:03.028+0000][160][safepoint   ] Safepoint "Cleanup", Time since last: 16037635299 ns, Reaching safepoint: 107708 ns, At safepoint: 2834 ns, Total: 110542 ns
[2022-04-29T06:37:06.051+0000][160][safepoint   ] Safepoint "Cleanup", Time since last: 3014497209 ns, Reaching safepoint: 803083 ns, At safepoint: 39375 ns, Total: 842458 ns
[2022-04-29T06:37:12.060+0000][160][safepoint   ] Safepoint "Cleanup", Time since last: 6008159878 ns, Reaching safepoint: 749750 ns, At safepoint: 9875 ns, Total: 759625 ns
[2022-04-29T06:37:13.062+0000][160][safepoint   ] Safepoint "Cleanup", Time since last: 1002373209 ns, Reaching safepoint: 145083 ns, At safepoint: 3458 ns, Total: 148541 ns
[2022-04-29T06:37:16.067+0000][160][safepoint   ] Safepoint "Cleanup", Time since last: 3004442710 ns, Reaching safepoint: 681417 ns, At safepoint: 12458 ns, Total: 693875 ns
[2022-04-29T06:37:17.074+0000][160][safepoint   ] Safepoint "Cleanup", Time since last: 1006198334 ns, Reaching safepoint: 896167 ns, At safepoint: 9583 ns, Total: 905750 ns
[2022-04-29T06:37:21.087+0000][160][safepoint   ] Safepoint "Cleanup", Time since last: 4012219294 ns, Reaching safepoint: 226416 ns, At safepoint: 4959 ns, Total: 231375 ns
[2022-04-29T06:37:22.089+0000][160][safepoint   ] Safepoint "Cleanup", Time since last: 1002231792 ns, Reaching safepoint: 108916 ns, At safepoint: 2667 ns, Total: 111583 ns
[2022-04-29T06:37:23.094+0000][160][safepoint   ] Safepoint "Cleanup", Time since last: 1004458750 ns, Reaching safepoint: 100834 ns, At safepoint: 4583 ns, Total: 105417 ns
[2022-04-29T06:37:24.109+0000][160][safepoint   ] Safepoint "Cleanup", Time since last: 1015007209 ns, Reaching safepoint: 508250 ns, At safepoint: 9333 ns, Total: 517583 ns
[2022-04-29T06:37:33.127+0000][160][safepoint   ] Safepoint "Cleanup", Time since last: 9017713463 ns, Reaching safepoint: 225375 ns, At safepoint: 5042 ns, Total: 230417 ns
[2022-04-29T06:37:38.149+0000][160][safepoint   ] Safepoint "Cleanup", Time since last: 5031562793 ns, Reaching safepoint: 528750 ns, At safepoint: 9292 ns, Total: 538042 ns
[2022-04-29T06:37:44.165+0000][160][safepoint   ] Safepoint "Cleanup", Time since last: 6015749086 ns, Reaching safepoint: 203958 ns, At safepoint: 7542 ns, Total: 211500 ns
[2022-04-29T06:37:45.170+0000][160][safepoint   ] Safepoint "Cleanup", Time since last: 1004672917 ns, Reaching safepoint: 220917 ns, At safepoint: 5583 ns, Total: 226500 ns
[2022-04-29T06:37:46.172+0000][160][safepoint   ] Safepoint "Cleanup", Time since last: 1001442667 ns, Reaching safepoint: 77084 ns, At safepoint: 3208 ns, Total: 80292 ns
[2022-04-29T06:37:47.175+0000][160][safepoint   ] Safepoint "Cleanup", Time since last: 1002201167 ns, Reaching safepoint: 1331750 ns, At safepoint: 14917 ns, Total: 1346667 ns
[2022-04-29T06:37:47.625+0000][160][gc,start    ] GC(52) Pause Young (Normal) (G1 Evacuation Pause)
[2022-04-29T06:37:47.626+0000][160][gc,task     ] GC(52) Using 5 workers of 5 for evacuation
[2022-04-29T06:37:47.626+0000][160][gc,age      ] GC(52) Desired survivor size 20971520 bytes, new threshold 15 (max threshold 15)
[2022-04-29T06:37:47.630+0000][160][gc,age      ] GC(52) Age table with threshold 15 (max threshold 15)
[2022-04-29T06:37:47.631+0000][160][gc,age      ] GC(52) - age   1:    1810752 bytes,    1810752 total
[2022-04-29T06:37:47.631+0000][160][gc,age      ] GC(52) - age   2:       6656 bytes,    1817408 total
[2022-04-29T06:37:47.632+0000][160][gc,age      ] GC(52) - age   3:       4464 bytes,    1821872 total
[2022-04-29T06:37:47.633+0000][160][gc,age      ] GC(52) - age   4:      34752 bytes,    1856624 total
[2022-04-29T06:37:47.633+0000][160][gc,age      ] GC(52) - age   5:     167208 bytes,    2023832 total
[2022-04-29T06:37:47.634+0000][160][gc,age      ] GC(52) - age   6:     102840 bytes,    2126672 total
[2022-04-29T06:37:47.634+0000][160][gc,age      ] GC(52) - age   7:     229232 bytes,    2355904 total
[2022-04-29T06:37:47.635+0000][160][gc,age      ] GC(52) - age   8:      33128 bytes,    2389032 total
[2022-04-29T06:37:47.636+0000][160][gc,age      ] GC(52) - age   9:      19360 bytes,    2408392 total
[2022-04-29T06:37:47.636+0000][160][gc,age      ] GC(52) - age  10:      37312 bytes,    2445704 total
[2022-04-29T06:37:47.637+0000][160][gc,age      ] GC(52) - age  11:     165072 bytes,    2610776 total
[2022-04-29T06:37:47.638+0000][160][gc,age      ] GC(52) - age  12:      33856 bytes,    2644632 total
[2022-04-29T06:37:47.638+0000][160][gc,age      ] GC(52) - age  13:       1752 bytes,    2646384 total
[2022-04-29T06:37:47.639+0000][160][gc,age      ] GC(52) - age  14:       2424 bytes,    2648808 total
[2022-04-29T06:37:47.640+0000][160][gc,age      ] GC(52) - age  15:       6592 bytes,    2655400 total
[2022-04-29T06:37:47.640+0000][160][gc,phases   ] GC(52)   Pre Evacuate Collection Set: 0.1ms
[2022-04-29T06:37:47.641+0000][160][gc,phases   ] GC(52)   Merge Heap Roots: 0.1ms
[2022-04-29T06:37:47.641+0000][160][gc,phases   ] GC(52)   Evacuate Collection Set: 1.5ms
[2022-04-29T06:37:47.642+0000][160][gc,phases   ] GC(52)   Post Evacuate Collection Set: 1.2ms
[2022-04-29T06:37:47.643+0000][160][gc,phases   ] GC(52)   Other: 12.3ms
[2022-04-29T06:37:47.643+0000][160][gc,heap     ] GC(52) Eden regions: 75->0(75)
[2022-04-29T06:37:47.644+0000][160][gc,heap     ] GC(52) Survivor regions: 1->1(10)
[2022-04-29T06:37:47.644+0000][160][gc,heap     ] GC(52) Old regions: 21->21
[2022-04-29T06:37:47.645+0000][160][gc,heap     ] GC(52) Archive regions: 2->2
[2022-04-29T06:37:47.646+0000][160][gc,heap     ] GC(52) Humongous regions: 6->6
[2022-04-29T06:37:47.647+0000][160][gc,metaspace] GC(52) Metaspace: 116482K(118336K)->116482K(118336K) NonClass: 100951K(102016K)->100951K(102016K) Class: 15531K(16320K)->15531K(16320K)
[2022-04-29T06:37:47.647+0000][160][gc          ] GC(52) Pause Young (Normal) (G1 Evacuation Pause) 414M->114M(512M) 22.041ms
[2022-04-29T06:37:47.648+0000][160][gc,cpu      ] GC(52) User=0.00s Sys=0.00s Real=0.02s
[2022-04-29T06:37:47.649+0000][160][safepoint   ] Safepoint "G1CollectForAllocation", Time since last: 449721083 ns, Reaching safepoint: 218792 ns, At safepoint: 23601667 ns, Total: 23820459 ns
[2022-04-29T06:37:48.650+0000][160][safepoint   ] Safepoint "Cleanup", Time since last: 1000818417 ns, Reaching safepoint: 153625 ns, At safepoint: 4458 ns, Total: 158083 ns
[2022-04-29T06:37:49.654+0000][160][safepoint   ] Safepoint "Cleanup", Time since last: 1004134126 ns, Reaching safepoint: 383583 ns, At safepoint: 8625 ns, Total: 392208 ns
[2022-04-29T06:37:55.674+0000][160][safepoint   ] Safepoint "Cleanup", Time since last: 6018994419 ns, Reaching safepoint: 421625 ns, At safepoint: 10209 ns, Total: 431834 ns
[2022-04-29T06:38:07.697+0000][160][safepoint   ] Safepoint "Cleanup", Time since last: 12022504338 ns, Reaching safepoint: 188250 ns, At safepoint: 7083 ns, Total: 195333 ns
[2022-04-29T06:38:12.705+0000][160][safepoint   ] Safepoint "Cleanup", Time since last: 5007230211 ns, Reaching safepoint: 922875 ns, At safepoint: 11167 ns, Total: 934042 ns
[2022-04-29T06:38:13.710+0000][160][safepoint   ] Safepoint "Cleanup", Time since last: 1005164458 ns, Reaching safepoint: 317250 ns, At safepoint: 7250 ns, Total: 324500 ns
[2022-04-29T06:38:20.726+0000][160][safepoint   ] Safepoint "Cleanup", Time since last: 7015732129 ns, Reaching safepoint: 120625 ns, At safepoint: 4250 ns, Total: 124875 ns
[2022-04-29T06:38:39.763+0000][160][safepoint   ] Safepoint "Cleanup", Time since last: 19034922591 ns, Reaching safepoint: 1702417 ns, At safepoint: 14125 ns, Total: 1716542 ns
[2022-04-29T06:38:41.776+0000][160][safepoint   ] Safepoint "Cleanup", Time since last: 2012095001 ns, Reaching safepoint: 218708 ns, At safepoint: 4042 ns, Total: 222750 ns
[2022-04-29T06:38:45.786+0000][160][safepoint   ] Safepoint "Cleanup", Time since last: 4010500960 ns, Reaching safepoint: 151208 ns, At safepoint: 4375 ns, Total: 155583 ns
[2022-04-29T06:38:50.529+0000][160][gc,start    ] GC(53) Pause Young (Normal) (G1 Evacuation Pause)
[2022-04-29T06:38:50.531+0000][160][gc,task     ] GC(53) Using 5 workers of 5 for evacuation
[2022-04-29T06:38:50.533+0000][160][gc,age      ] GC(53) Desired survivor size 20971520 bytes, new threshold 15 (max threshold 15)
[2022-04-29T06:38:50.536+0000][160][gc,age      ] GC(53) Age table with threshold 15 (max threshold 15)
[2022-04-29T06:38:50.538+0000][160][gc,age      ] GC(53) - age   1:    1093048 bytes,    1093048 total
[2022-04-29T06:38:50.539+0000][160][gc,age      ] GC(53) - age   2:     101296 bytes,    1194344 total
[2022-04-29T06:38:50.540+0000][160][gc,age      ] GC(53) - age   3:       3992 bytes,    1198336 total
[2022-04-29T06:38:50.543+0000][160][gc,age      ] GC(53) - age   4:       4464 bytes,    1202800 total
[2022-04-29T06:38:50.544+0000][160][gc,age      ] GC(53) - age   5:      34752 bytes,    1237552 total
[2022-04-29T06:38:50.545+0000][160][gc,age      ] GC(53) - age   6:     167048 bytes,    1404600 total
[2022-04-29T06:38:50.546+0000][160][gc,age      ] GC(53) - age   7:     102840 bytes,    1507440 total
[2022-04-29T06:38:50.548+0000][160][gc,age      ] GC(53) - age   8:     229232 bytes,    1736672 total
[2022-04-29T06:38:50.549+0000][160][gc,age      ] GC(53) - age   9:      32928 bytes,    1769600 total
[2022-04-29T06:38:50.550+0000][160][gc,age      ] GC(53) - age  10:      19360 bytes,    1788960 total
[2022-04-29T06:38:50.551+0000][160][gc,age      ] GC(53) - age  11:      37312 bytes,    1826272 total
[2022-04-29T06:38:50.552+0000][160][gc,age      ] GC(53) - age  12:     165072 bytes,    1991344 total
[2022-04-29T06:38:50.555+0000][160][gc,age      ] GC(53) - age  13:      33856 bytes,    2025200 total
[2022-04-29T06:38:50.556+0000][160][gc,age      ] GC(53) - age  14:       1752 bytes,    2026952 total
[2022-04-29T06:38:50.557+0000][160][gc,age      ] GC(53) - age  15:       2424 bytes,    2029376 total
[2022-04-29T06:38:50.558+0000][160][gc,phases   ] GC(53)   Pre Evacuate Collection Set: 0.1ms
[2022-04-29T06:38:50.558+0000][160][gc,phases   ] GC(53)   Merge Heap Roots: 0.1ms
[2022-04-29T06:38:50.559+0000][160][gc,phases   ] GC(53)   Evacuate Collection Set: 1.7ms
[2022-04-29T06:38:50.559+0000][160][gc,phases   ] GC(53)   Post Evacuate Collection Set: 0.9ms
[2022-04-29T06:38:50.560+0000][160][gc,phases   ] GC(53)   Other: 25.6ms
[2022-04-29T06:38:50.561+0000][160][gc,heap     ] GC(53) Eden regions: 75->0(75)
[2022-04-29T06:38:50.562+0000][160][gc,heap     ] GC(53) Survivor regions: 1->1(10)
[2022-04-29T06:38:50.563+0000][160][gc,heap     ] GC(53) Old regions: 21->21
[2022-04-29T06:38:50.564+0000][160][gc,heap     ] GC(53) Archive regions: 2->2
[2022-04-29T06:38:50.564+0000][160][gc,heap     ] GC(53) Humongous regions: 6->6
[2022-04-29T06:38:50.565+0000][160][gc,metaspace] GC(53) Metaspace: 116496K(118336K)->116496K(118336K) NonClass: 100965K(102016K)->100965K(102016K) Class: 15531K(16320K)->15531K(16320K)
[2022-04-29T06:38:50.566+0000][160][gc          ] GC(53) Pause Young (Normal) (G1 Evacuation Pause) 414M->113M(512M) 36.461ms
[2022-04-29T06:38:50.567+0000][160][gc,cpu      ] GC(53) User=0.00s Sys=0.01s Real=0.04s
[2022-04-29T06:38:50.568+0000][160][safepoint   ] Safepoint "G1CollectForAllocation", Time since last: 4743045878 ns, Reaching safepoint: 144250 ns, At safepoint: 38377708 ns, Total: 38521958 ns
[2022-04-29T06:38:51.571+0000][160][safepoint   ] Safepoint "Cleanup", Time since last: 1001611834 ns, Reaching safepoint: 1507333 ns, At safepoint: 12292 ns, Total: 1519625 ns
[2022-04-29T06:38:54.578+0000][160][safepoint   ] Safepoint "Cleanup", Time since last: 3006864918 ns, Reaching safepoint: 60250 ns, At safepoint: 2542 ns, Total: 62792 ns
[2022-04-29T06:38:59.585+0000][160][safepoint   ] Safepoint "Cleanup", Time since last: 5006929544 ns, Reaching safepoint: 70458 ns, At safepoint: 26625 ns, Total: 97083 ns
[2022-04-29T06:39:01.588+0000][160][safepoint   ] Safepoint "Cleanup", Time since last: 2002913084 ns, Reaching safepoint: 146625 ns, At safepoint: 4959 ns, Total: 151584 ns
[2022-04-29T06:39:02.592+0000][160][safepoint   ] Safepoint "Cleanup", Time since last: 1004256417 ns, Reaching safepoint: 92541 ns, At safepoint: 8917 ns, Total: 101458 ns
[2022-04-29T06:39:05.597+0000][160][safepoint   ] Safepoint "Cleanup", Time since last: 3006174209 ns, Reaching safepoint: 159625 ns, At safepoint: 8542 ns, Total: 168167 ns
[2022-04-29T06:39:11.602+0000][160][safepoint   ] Safepoint "Cleanup", Time since last: 6004973878 ns, Reaching safepoint: 201250 ns, At safepoint: 5541 ns, Total: 206791 ns
[2022-04-29T06:39:13.605+0000][160][safepoint   ] Safepoint "Cleanup", Time since last: 2002168918 ns, Reaching safepoint: 281583 ns, At safepoint: 9709 ns, Total: 291292 ns
[2022-04-29T06:39:16.610+0000][160][safepoint   ] Safepoint "Cleanup", Time since last: 3004892293 ns, Reaching safepoint: 311083 ns, At safepoint: 7208 ns, Total: 318291 ns
[2022-04-29T06:39:17.612+0000][160][safepoint   ] Safepoint "Cleanup", Time since last: 1002361209 ns, Reaching safepoint: 71042 ns, At safepoint: 2083 ns, Total: 73125 ns
[2022-04-29T06:39:36.631+0000][160][safepoint   ] Safepoint "Cleanup", Time since last: 19019251675 ns, Reaching safepoint: 177334 ns, At safepoint: 6458 ns, Total: 183792 ns
[2022-04-29T06:39:40.649+0000][160][safepoint   ] Safepoint "Cleanup", Time since last: 4017642002 ns, Reaching safepoint: 193792 ns, At safepoint: 4875 ns, Total: 198667 ns
[2022-04-29T06:39:41.651+0000][160][safepoint   ] Safepoint "Cleanup", Time since last: 1002214042 ns, Reaching safepoint: 118541 ns, At safepoint: 5167 ns, Total: 123708 ns
[2022-04-29T06:39:42.653+0000][160][safepoint   ] Safepoint "Cleanup", Time since last: 1001391626 ns, Reaching safepoint: 514416 ns, At safepoint: 7917 ns, Total: 522333 ns
[2022-04-29T06:39:46.663+0000][160][safepoint   ] Safepoint "Cleanup", Time since last: 4009796377 ns, Reaching safepoint: 125041 ns, At safepoint: 4792 ns, Total: 129833 ns
[2022-04-29T06:39:48.667+0000][160][safepoint   ] Safepoint "Cleanup", Time since last: 2003792251 ns, Reaching safepoint: 307333 ns, At safepoint: 3250 ns, Total: 310583 ns
[2022-04-29T06:39:49.674+0000][160][safepoint   ] Safepoint "Cleanup", Time since last: 1006762084 ns, Reaching safepoint: 229625 ns, At safepoint: 9459 ns, Total: 239084 ns
[2022-04-29T06:39:50.914+0000][160][safepoint   ] Safepoint "Cleanup", Time since last: 1239692958 ns, Reaching safepoint: 52292 ns, At safepoint: 1292 ns, Total: 53584 ns
[2022-04-29T06:39:51.063+0000][160][gc,start    ] GC(54) Pause Young (Normal) (G1 Evacuation Pause)
[2022-04-29T06:39:51.063+0000][160][gc,task     ] GC(54) Using 5 workers of 5 for evacuation
[2022-04-29T06:39:51.065+0000][160][gc,age      ] GC(54) Desired survivor size 20971520 bytes, new threshold 15 (max threshold 15)
[2022-04-29T06:39:51.069+0000][160][gc,age      ] GC(54) Age table with threshold 15 (max threshold 15)
[2022-04-29T06:39:51.070+0000][160][gc,age      ] GC(54) - age   1:     866608 bytes,     866608 total
[2022-04-29T06:39:51.072+0000][160][gc,age      ] GC(54) - age   2:      44192 bytes,     910800 total
[2022-04-29T06:39:51.072+0000][160][gc,age      ] GC(54) - age   3:      99120 bytes,    1009920 total
[2022-04-29T06:39:51.074+0000][160][gc,age      ] GC(54) - age   4:       3640 bytes,    1013560 total
[2022-04-29T06:39:51.075+0000][160][gc,age      ] GC(54) - age   5:       4352 bytes,    1017912 total
[2022-04-29T06:39:51.076+0000][160][gc,age      ] GC(54) - age   6:      34752 bytes,    1052664 total
[2022-04-29T06:39:51.077+0000][160][gc,age      ] GC(54) - age   7:     166984 bytes,    1219648 total
[2022-04-29T06:39:51.078+0000][160][gc,age      ] GC(54) - age   8:     102840 bytes,    1322488 total
[2022-04-29T06:39:51.078+0000][160][gc,age      ] GC(54) - age   9:     229232 bytes,    1551720 total
[2022-04-29T06:39:51.079+0000][160][gc,age      ] GC(54) - age  10:      32928 bytes,    1584648 total
[2022-04-29T06:39:51.080+0000][160][gc,age      ] GC(54) - age  11:      19360 bytes,    1604008 total
[2022-04-29T06:39:51.081+0000][160][gc,age      ] GC(54) - age  12:      37312 bytes,    1641320 total
[2022-04-29T06:39:51.082+0000][160][gc,age      ] GC(54) - age  13:     165072 bytes,    1806392 total
[2022-04-29T06:39:51.083+0000][160][gc,age      ] GC(54) - age  14:      33856 bytes,    1840248 total
[2022-04-29T06:39:51.084+0000][160][gc,age      ] GC(54) - age  15:       1752 bytes,    1842000 total
[2022-04-29T06:39:51.084+0000][160][gc,phases   ] GC(54)   Pre Evacuate Collection Set: 0.1ms
[2022-04-29T06:39:51.085+0000][160][gc,phases   ] GC(54)   Merge Heap Roots: 0.3ms
[2022-04-29T06:39:51.086+0000][160][gc,phases   ] GC(54)   Evacuate Collection Set: 1.6ms
[2022-04-29T06:39:51.087+0000][160][gc,phases   ] GC(54)   Post Evacuate Collection Set: 1.1ms
[2022-04-29T06:39:51.088+0000][160][gc,phases   ] GC(54)   Other: 18.9ms
[2022-04-29T06:39:51.089+0000][160][gc,heap     ] GC(54) Eden regions: 75->0(75)
[2022-04-29T06:39:51.090+0000][160][gc,heap     ] GC(54) Survivor regions: 1->1(10)
[2022-04-29T06:39:51.090+0000][160][gc,heap     ] GC(54) Old regions: 21->21
[2022-04-29T06:39:51.091+0000][160][gc,heap     ] GC(54) Archive regions: 2->2
[2022-04-29T06:39:51.092+0000][160][gc,heap     ] GC(54) Humongous regions: 6->6
[2022-04-29T06:39:51.093+0000][160][gc,metaspace] GC(54) Metaspace: 116518K(118400K)->116518K(118400K) NonClass: 100987K(102080K)->100987K(102080K) Class: 15531K(16320K)->15531K(16320K)
[2022-04-29T06:39:51.094+0000][160][gc          ] GC(54) Pause Young (Normal) (G1 Evacuation Pause) 413M->113M(512M) 31.076ms
[2022-04-29T06:39:51.095+0000][160][gc,cpu      ] GC(54) User=0.01s Sys=0.01s Real=0.03s
[2022-04-29T06:39:51.095+0000][160][safepoint   ] Safepoint "G1CollectForAllocation", Time since last: 148309375 ns, Reaching safepoint: 266583 ns, At safepoint: 32913875 ns, Total: 33180458 ns
[2022-04-29T06:39:54.110+0000][160][safepoint   ] Safepoint "Cleanup", Time since last: 3014158585 ns, Reaching safepoint: 101875 ns, At safepoint: 19125 ns, Total: 121000 ns
[2022-04-29T06:40:15.146+0000][160][safepoint   ] Safepoint "Cleanup", Time since last: 21035437634 ns, Reaching safepoint: 100333 ns, At safepoint: 5750 ns, Total: 106083 ns
[2022-04-29T06:40:23.159+0000][160][safepoint   ] Safepoint "Cleanup", Time since last: 8012903671 ns, Reaching safepoint: 217208 ns, At safepoint: 5542 ns, Total: 222750 ns
[2022-04-29T06:40:30.182+0000][160][safepoint   ] Safepoint "Cleanup", Time since last: 7022095712 ns, Reaching safepoint: 226083 ns, At safepoint: 5125 ns, Total: 231208 ns
[2022-04-29T06:40:36.197+0000][160][safepoint   ] Safepoint "Cleanup", Time since last: 6016887336 ns, Reaching safepoint: 188708 ns, At safepoint: 10458 ns, Total: 199166 ns
[2022-04-29T06:40:42.209+0000][160][safepoint   ] Safepoint "Cleanup", Time since last: 6011996462 ns, Reaching safepoint: 103500 ns, At safepoint: 4041 ns, Total: 107541 ns
[2022-04-29T06:40:43.211+0000][160][safepoint   ] Safepoint "Cleanup", Time since last: 1001566751 ns, Reaching safepoint: 99125 ns, At safepoint: 3500 ns, Total: 102625 ns
[2022-04-29T06:40:45.220+0000][160][safepoint   ] Safepoint "Cleanup", Time since last: 2009089626 ns, Reaching safepoint: 67125 ns, At safepoint: 2500 ns, Total: 69625 ns
[2022-04-29T06:40:48.225+0000][160][safepoint   ] Safepoint "Cleanup", Time since last: 3005478459 ns, Reaching safepoint: 334917 ns, At safepoint: 7125 ns, Total: 342042 ns
[2022-04-29T06:40:53.593+0000][160][gc,start    ] GC(55) Pause Young (Normal) (G1 Evacuation Pause)
[2022-04-29T06:40:53.596+0000][160][gc,task     ] GC(55) Using 5 workers of 5 for evacuation
[2022-04-29T06:40:53.600+0000][160][gc,age      ] GC(55) Desired survivor size 20971520 bytes, new threshold 15 (max threshold 15)
[2022-04-29T06:40:53.607+0000][160][gc,age      ] GC(55) Age table with threshold 15 (max threshold 15)
[2022-04-29T06:40:53.608+0000][160][gc,age      ] GC(55) - age   1:    1728408 bytes,    1728408 total
[2022-04-29T06:40:53.610+0000][160][gc,age      ] GC(55) - age   2:      33136 bytes,    1761544 total
[2022-04-29T06:40:53.613+0000][160][gc,age      ] GC(55) - age   3:      42800 bytes,    1804344 total
[2022-04-29T06:40:53.615+0000][160][gc,age      ] GC(55) - age   4:      98696 bytes,    1903040 total
[2022-04-29T06:40:53.617+0000][160][gc,age      ] GC(55) - age   5:       3640 bytes,    1906680 total
[2022-04-29T06:40:53.620+0000][160][gc,age      ] GC(55) - age   6:       4352 bytes,    1911032 total
[2022-04-29T06:40:53.621+0000][160][gc,age      ] GC(55) - age   7:      34552 bytes,    1945584 total
[2022-04-29T06:40:53.622+0000][160][gc,age      ] GC(55) - age   8:     166984 bytes,    2112568 total
[2022-04-29T06:40:53.624+0000][160][gc,age      ] GC(55) - age   9:     102424 bytes,    2214992 total
[2022-04-29T06:40:53.625+0000][160][gc,age      ] GC(55) - age  10:     229232 bytes,    2444224 total
[2022-04-29T06:40:53.626+0000][160][gc,age      ] GC(55) - age  11:      32928 bytes,    2477152 total
[2022-04-29T06:40:53.627+0000][160][gc,age      ] GC(55) - age  12:      19360 bytes,    2496512 total
[2022-04-29T06:40:53.628+0000][160][gc,age      ] GC(55) - age  13:      37312 bytes,    2533824 total
[2022-04-29T06:40:53.629+0000][160][gc,age      ] GC(55) - age  14:     165072 bytes,    2698896 total
[2022-04-29T06:40:53.630+0000][160][gc,age      ] GC(55) - age  15:      33856 bytes,    2732752 total
[2022-04-29T06:40:53.631+0000][160][gc,phases   ] GC(55)   Pre Evacuate Collection Set: 0.3ms
[2022-04-29T06:40:53.633+0000][160][gc,phases   ] GC(55)   Merge Heap Roots: 0.2ms
[2022-04-29T06:40:53.634+0000][160][gc,phases   ] GC(55)   Evacuate Collection Set: 2.9ms
[2022-04-29T06:40:53.635+0000][160][gc,phases   ] GC(55)   Post Evacuate Collection Set: 1.4ms
[2022-04-29T06:40:53.636+0000][160][gc,phases   ] GC(55)   Other: 33.6ms
[2022-04-29T06:40:53.637+0000][160][gc,heap     ] GC(55) Eden regions: 75->0(75)
[2022-04-29T06:40:53.639+0000][160][gc,heap     ] GC(55) Survivor regions: 1->1(10)
[2022-04-29T06:40:53.642+0000][160][gc,heap     ] GC(55) Old regions: 21->21
[2022-04-29T06:40:53.643+0000][160][gc,heap     ] GC(55) Archive regions: 2->2
[2022-04-29T06:40:53.645+0000][160][gc,heap     ] GC(55) Humongous regions: 6->6
[2022-04-29T06:40:53.646+0000][160][gc,metaspace] GC(55) Metaspace: 116537K(118400K)->116537K(118400K) NonClass: 101004K(102080K)->101004K(102080K) Class: 15532K(16320K)->15532K(16320K)
[2022-04-29T06:40:53.647+0000][160][gc          ] GC(55) Pause Young (Normal) (G1 Evacuation Pause) 413M->114M(512M) 53.528ms
[2022-04-29T06:40:53.647+0000][160][gc,cpu      ] GC(55) User=0.01s Sys=0.01s Real=0.06s
[2022-04-29T06:40:53.648+0000][160][safepoint   ] Safepoint "G1CollectForAllocation", Time since last: 5367178378 ns, Reaching safepoint: 416791 ns, At safepoint: 55363667 ns, Total: 55780458 ns
[2022-04-29T06:41:01.667+0000][160][safepoint   ] Safepoint "Cleanup", Time since last: 8018205379 ns, Reaching safepoint: 175875 ns, At safepoint: 5458 ns, Total: 181333 ns
[2022-04-29T06:41:05.679+0000][160][safepoint   ] Safepoint "Cleanup", Time since last: 4010807251 ns, Reaching safepoint: 936459 ns, At safepoint: 10083 ns, Total: 946542 ns
[2022-04-29T06:41:06.700+0000][160][safepoint   ] Safepoint "Cleanup", Time since last: 1001437959 ns, Reaching safepoint: 19807708 ns, At safepoint: 18625 ns, Total: 19826333 ns
[2022-04-29T06:41:20.717+0000][160][safepoint   ] Safepoint "Cleanup", Time since last: 14016775673 ns, Reaching safepoint: 202542 ns, At safepoint: 3375 ns, Total: 205917 ns
[2022-04-29T06:41:22.720+0000][160][safepoint   ] Safepoint "Cleanup", Time since last: 2002575793 ns, Reaching safepoint: 243708 ns, At safepoint: 14292 ns, Total: 258000 ns
[2022-04-29T06:41:24.724+0000][160][safepoint   ] Safepoint "Cleanup", Time since last: 2003728917 ns, Reaching safepoint: 171709 ns, At safepoint: 8750 ns, Total: 180459 ns
[2022-04-29T06:41:36.748+0000][160][safepoint   ] Safepoint "Cleanup", Time since last: 12023907213 ns, Reaching safepoint: 246458 ns, At safepoint: 5667 ns, Total: 252125 ns
[2022-04-29T06:41:44.766+0000][160][safepoint   ] Safepoint "Cleanup", Time since last: 8017647837 ns, Reaching safepoint: 127167 ns, At safepoint: 3958 ns, Total: 131125 ns
[2022-04-29T06:41:53.661+0000][160][gc,start    ] GC(56) Pause Young (Normal) (G1 Evacuation Pause)
[2022-04-29T06:41:53.662+0000][160][gc,task     ] GC(56) Using 5 workers of 5 for evacuation
[2022-04-29T06:41:53.663+0000][160][gc,age      ] GC(56) Desired survivor size 20971520 bytes, new threshold 15 (max threshold 15)
[2022-04-29T06:41:53.668+0000][160][gc,age      ] GC(56) Age table with threshold 15 (max threshold 15)
[2022-04-29T06:41:53.669+0000][160][gc,age      ] GC(56) - age   1:    1327032 bytes,    1327032 total
[2022-04-29T06:41:53.670+0000][160][gc,age      ] GC(56) - age   2:       6912 bytes,    1333944 total
[2022-04-29T06:41:53.670+0000][160][gc,age      ] GC(56) - age   3:      31216 bytes,    1365160 total
[2022-04-29T06:41:53.671+0000][160][gc,age      ] GC(56) - age   4:      42736 bytes,    1407896 total
[2022-04-29T06:41:53.672+0000][160][gc,age      ] GC(56) - age   5:      98536 bytes,    1506432 total
[2022-04-29T06:41:53.673+0000][160][gc,age      ] GC(56) - age   6:       3640 bytes,    1510072 total
[2022-04-29T06:41:53.674+0000][160][gc,age      ] GC(56) - age   7:       4352 bytes,    1514424 total
[2022-04-29T06:41:53.675+0000][160][gc,age      ] GC(56) - age   8:      18400 bytes,    1532824 total
[2022-04-29T06:41:53.676+0000][160][gc,age      ] GC(56) - age   9:     166920 bytes,    1699744 total
[2022-04-29T06:41:53.676+0000][160][gc,age      ] GC(56) - age  10:     102424 bytes,    1802168 total
[2022-04-29T06:41:53.677+0000][160][gc,age      ] GC(56) - age  11:     229232 bytes,    2031400 total
[2022-04-29T06:41:53.677+0000][160][gc,age      ] GC(56) - age  12:      32928 bytes,    2064328 total
[2022-04-29T06:41:53.678+0000][160][gc,age      ] GC(56) - age  13:      19360 bytes,    2083688 total
[2022-04-29T06:41:53.679+0000][160][gc,age      ] GC(56) - age  14:      21160 bytes,    2104848 total
[2022-04-29T06:41:53.680+0000][160][gc,age      ] GC(56) - age  15:     165072 bytes,    2269920 total
[2022-04-29T06:41:53.681+0000][160][gc,phases   ] GC(56)   Pre Evacuate Collection Set: 0.2ms
[2022-04-29T06:41:53.682+0000][160][gc,phases   ] GC(56)   Merge Heap Roots: 0.1ms
[2022-04-29T06:41:53.682+0000][160][gc,phases   ] GC(56)   Evacuate Collection Set: 1.5ms
[2022-04-29T06:41:53.683+0000][160][gc,phases   ] GC(56)   Post Evacuate Collection Set: 1.1ms
[2022-04-29T06:41:53.683+0000][160][gc,phases   ] GC(56)   Other: 17.4ms
[2022-04-29T06:41:53.684+0000][160][gc,heap     ] GC(56) Eden regions: 75->0(75)
[2022-04-29T06:41:53.685+0000][160][gc,heap     ] GC(56) Survivor regions: 1->1(10)
[2022-04-29T06:41:53.685+0000][160][gc,heap     ] GC(56) Old regions: 21->21
[2022-04-29T06:41:53.686+0000][160][gc,heap     ] GC(56) Archive regions: 2->2
[2022-04-29T06:41:53.686+0000][160][gc,heap     ] GC(56) Humongous regions: 6->6
[2022-04-29T06:41:53.687+0000][160][gc,metaspace] GC(56) Metaspace: 116540K(118400K)->116540K(118400K) NonClass: 101007K(102080K)->101007K(102080K) Class: 15532K(16320K)->15532K(16320K)
[2022-04-29T06:41:53.688+0000][160][gc          ] GC(56) Pause Young (Normal) (G1 Evacuation Pause) 414M->113M(512M) 26.983ms
[2022-04-29T06:41:53.688+0000][160][gc,cpu      ] GC(56) User=0.01s Sys=0.00s Real=0.03s
[2022-04-29T06:41:53.689+0000][160][safepoint   ] Safepoint "G1CollectForAllocation", Time since last: 8894811713 ns, Reaching safepoint: 182250 ns, At safepoint: 28532458 ns, Total: 28714708 ns
[2022-04-29T06:41:54.690+0000][160][safepoint   ] Safepoint "Cleanup", Time since last: 1000839501 ns, Reaching safepoint: 86291 ns, At safepoint: 4417 ns, Total: 90708 ns
[2022-04-29T06:42:02.702+0000][160][safepoint   ] Safepoint "Cleanup", Time since last: 8012094920 ns, Reaching safepoint: 242875 ns, At safepoint: 5542 ns, Total: 248417 ns
[2022-04-29T06:42:18.721+0000][160][safepoint   ] Safepoint "Cleanup", Time since last: 16018638924 ns, Reaching safepoint: 50875 ns, At safepoint: 2041 ns, Total: 52916 ns
[2022-04-29T06:42:21.724+0000][160][safepoint   ] Safepoint "Cleanup", Time since last: 3002781210 ns, Reaching safepoint: 580125 ns, At safepoint: 8833 ns, Total: 588958 ns
[2022-04-29T06:42:26.739+0000][160][safepoint   ] Safepoint "Cleanup", Time since last: 5014733420 ns, Reaching safepoint: 193666 ns, At safepoint: 7500 ns, Total: 201166 ns
[2022-04-29T06:42:29.749+0000][160][safepoint   ] Safepoint "Cleanup", Time since last: 3010089460 ns, Reaching safepoint: 117583 ns, At safepoint: 3750 ns, Total: 121333 ns
[2022-04-29T06:42:30.751+0000][160][safepoint   ] Safepoint "Cleanup", Time since last: 1001018084 ns, Reaching safepoint: 268375 ns, At safepoint: 4292 ns, Total: 272667 ns
[2022-04-29T06:42:31.759+0000][160][safepoint   ] Safepoint "Cleanup", Time since last: 1001619834 ns, Reaching safepoint: 6322666 ns, At safepoint: 21875 ns, Total: 6344541 ns
[2022-04-29T06:42:32.777+0000][160][safepoint   ] Safepoint "Cleanup", Time since last: 1017832167 ns, Reaching safepoint: 131042 ns, At safepoint: 3708 ns, Total: 134750 ns
[2022-04-29T06:42:44.809+0000][160][safepoint   ] Safepoint "Cleanup", Time since last: 12032895506 ns, Reaching safepoint: 129333 ns, At safepoint: 22959 ns, Total: 152292 ns
[2022-04-29T06:42:45.811+0000][160][safepoint   ] Safepoint "Cleanup", Time since last: 1001227375 ns, Reaching safepoint: 128958 ns, At safepoint: 4792 ns, Total: 133750 ns
[2022-04-29T06:42:46.817+0000][160][safepoint   ] Safepoint "Cleanup", Time since last: 1005996375 ns, Reaching safepoint: 147084 ns, At safepoint: 4708 ns, Total: 151792 ns
[2022-04-29T06:42:55.498+0000][160][gc,start    ] GC(57) Pause Young (Normal) (G1 Evacuation Pause)
[2022-04-29T06:42:55.500+0000][160][gc,task     ] GC(57) Using 5 workers of 5 for evacuation
[2022-04-29T06:42:55.502+0000][160][gc,age      ] GC(57) Desired survivor size 20971520 bytes, new threshold 15 (max threshold 15)
[2022-04-29T06:42:55.511+0000][160][gc,age      ] GC(57) Age table with threshold 15 (max threshold 15)
[2022-04-29T06:42:55.512+0000][160][gc,age      ] GC(57) - age   1:    1574160 bytes,    1574160 total
[2022-04-29T06:42:55.514+0000][160][gc,age      ] GC(57) - age   2:     128824 bytes,    1702984 total
[2022-04-29T06:42:55.515+0000][160][gc,age      ] GC(57) - age   3:       4624 bytes,    1707608 total
[2022-04-29T06:42:55.516+0000][160][gc,age      ] GC(57) - age   4:      31024 bytes,    1738632 total
[2022-04-29T06:42:55.517+0000][160][gc,age      ] GC(57) - age   5:      42736 bytes,    1781368 total
[2022-04-29T06:42:55.518+0000][160][gc,age      ] GC(57) - age   6:      93016 bytes,    1874384 total
[2022-04-29T06:42:55.520+0000][160][gc,age      ] GC(57) - age   7:       3640 bytes,    1878024 total
[2022-04-29T06:42:55.521+0000][160][gc,age      ] GC(57) - age   8:       4352 bytes,    1882376 total
[2022-04-29T06:42:55.522+0000][160][gc,age      ] GC(57) - age   9:      18320 bytes,    1900696 total
[2022-04-29T06:42:55.523+0000][160][gc,age      ] GC(57) - age  10:     166920 bytes,    2067616 total
[2022-04-29T06:42:55.524+0000][160][gc,age      ] GC(57) - age  11:     102424 bytes,    2170040 total
[2022-04-29T06:42:55.525+0000][160][gc,age      ] GC(57) - age  12:     229232 bytes,    2399272 total
[2022-04-29T06:42:55.526+0000][160][gc,age      ] GC(57) - age  13:      32928 bytes,    2432200 total
[2022-04-29T06:42:55.526+0000][160][gc,age      ] GC(57) - age  14:      19104 bytes,    2451304 total
[2022-04-29T06:42:55.527+0000][160][gc,age      ] GC(57) - age  15:      21160 bytes,    2472464 total
[2022-04-29T06:42:55.528+0000][160][gc,phases   ] GC(57)   Pre Evacuate Collection Set: 0.1ms
[2022-04-29T06:42:55.529+0000][160][gc,phases   ] GC(57)   Merge Heap Roots: 0.1ms
[2022-04-29T06:42:55.530+0000][160][gc,phases   ] GC(57)   Evacuate Collection Set: 4.5ms
[2022-04-29T06:42:55.531+0000][160][gc,phases   ] GC(57)   Post Evacuate Collection Set: 1.2ms
[2022-04-29T06:42:55.532+0000][160][gc,phases   ] GC(57)   Other: 24.4ms
[2022-04-29T06:42:55.532+0000][160][gc,heap     ] GC(57) Eden regions: 75->0(75)
[2022-04-29T06:42:55.533+0000][160][gc,heap     ] GC(57) Survivor regions: 1->1(10)
[2022-04-29T06:42:55.534+0000][160][gc,heap     ] GC(57) Old regions: 21->21
[2022-04-29T06:42:55.535+0000][160][gc,heap     ] GC(57) Archive regions: 2->2
[2022-04-29T06:42:55.536+0000][160][gc,heap     ] GC(57) Humongous regions: 6->6
[2022-04-29T06:42:55.537+0000][160][gc,metaspace] GC(57) Metaspace: 116559K(118400K)->116559K(118400K) NonClass: 101026K(102080K)->101026K(102080K) Class: 15532K(16320K)->15532K(16320K)
[2022-04-29T06:42:55.538+0000][160][gc          ] GC(57) Pause Young (Normal) (G1 Evacuation Pause) 413M->114M(512M) 40.001ms
[2022-04-29T06:42:55.539+0000][160][gc,cpu      ] GC(57) User=0.01s Sys=0.00s Real=0.04s
[2022-04-29T06:42:55.540+0000][160][safepoint   ] Safepoint "G1CollectForAllocation", Time since last: 8680958879 ns, Reaching safepoint: 62292 ns, At safepoint: 41980417 ns, Total: 42042709 ns
[2022-04-29T06:43:00.552+0000][160][safepoint   ] Safepoint "Cleanup", Time since last: 5011884335 ns, Reaching safepoint: 317584 ns, At safepoint: 4666 ns, Total: 322250 ns
[2022-04-29T06:43:09.567+0000][160][safepoint   ] Safepoint "Cleanup", Time since last: 9014811587 ns, Reaching safepoint: 351667 ns, At safepoint: 10000 ns, Total: 361667 ns
[2022-04-29T06:43:13.579+0000][160][safepoint   ] Safepoint "Cleanup", Time since last: 4012376169 ns, Reaching safepoint: 50333 ns, At safepoint: 2000 ns, Total: 52333 ns
[2022-04-29T06:43:18.593+0000][160][safepoint   ] Safepoint "Cleanup", Time since last: 5013345377 ns, Reaching safepoint: 243959 ns, At safepoint: 9083 ns, Total: 253042 ns
[2022-04-29T06:43:21.609+0000][160][safepoint   ] Safepoint "Cleanup", Time since last: 3014799793 ns, Reaching safepoint: 1773250 ns, At safepoint: 9958 ns, Total: 1783208 ns
[2022-04-29T06:43:23.617+0000][160][safepoint   ] Safepoint "Cleanup", Time since last: 2006585085 ns, Reaching safepoint: 671708 ns, At safepoint: 14375 ns, Total: 686083 ns
[2022-04-29T06:43:24.629+0000][160][safepoint   ] Safepoint "Cleanup", Time since last: 1012436251 ns, Reaching safepoint: 209041 ns, At safepoint: 10500 ns, Total: 219541 ns
[2022-04-29T06:43:30.654+0000][160][safepoint   ] Safepoint "Cleanup", Time since last: 6024102086 ns, Reaching safepoint: 204542 ns, At safepoint: 3667 ns, Total: 208209 ns
[2022-04-29T06:43:32.662+0000][160][safepoint   ] Safepoint "Cleanup", Time since last: 2003604417 ns, Reaching safepoint: 4567709 ns, At safepoint: 53125 ns, Total: 4620834 ns
[2022-04-29T06:43:46.696+0000][160][safepoint   ] Safepoint "Cleanup", Time since last: 14033654964 ns, Reaching safepoint: 345708 ns, At safepoint: 8000 ns, Total: 353708 ns
[2022-04-29T06:43:47.698+0000][160][safepoint   ] Safepoint "Cleanup", Time since last: 1002162334 ns, Reaching safepoint: 129958 ns, At safepoint: 8167 ns, Total: 138125 ns
[2022-04-29T06:44:00.028+0000][160][gc,start    ] GC(58) Pause Young (Normal) (G1 Evacuation Pause)
[2022-04-29T06:44:00.029+0000][160][gc,task     ] GC(58) Using 5 workers of 5 for evacuation
[2022-04-29T06:44:00.031+0000][160][gc,age      ] GC(58) Desired survivor size 20971520 bytes, new threshold 15 (max threshold 15)
[2022-04-29T06:44:00.035+0000][160][gc,age      ] GC(58) Age table with threshold 15 (max threshold 15)
[2022-04-29T06:44:00.036+0000][160][gc,age      ] GC(58) - age   1:    1389232 bytes,    1389232 total
[2022-04-29T06:44:00.037+0000][160][gc,age      ] GC(58) - age   2:      31168 bytes,    1420400 total
[2022-04-29T06:44:00.038+0000][160][gc,age      ] GC(58) - age   3:       3352 bytes,    1423752 total
[2022-04-29T06:44:00.039+0000][160][gc,age      ] GC(58) - age   4:       3760 bytes,    1427512 total
[2022-04-29T06:44:00.040+0000][160][gc,age      ] GC(58) - age   5:      30848 bytes,    1458360 total
[2022-04-29T06:44:00.040+0000][160][gc,age      ] GC(58) - age   6:      42736 bytes,    1501096 total
[2022-04-29T06:44:00.041+0000][160][gc,age      ] GC(58) - age   7:      92704 bytes,    1593800 total
[2022-04-29T06:44:00.042+0000][160][gc,age      ] GC(58) - age   8:       3640 bytes,    1597440 total
[2022-04-29T06:44:00.043+0000][160][gc,age      ] GC(58) - age   9:       4040 bytes,    1601480 total
[2022-04-29T06:44:00.044+0000][160][gc,age      ] GC(58) - age  10:      18320 bytes,    1619800 total
[2022-04-29T06:44:00.044+0000][160][gc,age      ] GC(58) - age  11:     166920 bytes,    1786720 total
[2022-04-29T06:44:00.045+0000][160][gc,age      ] GC(58) - age  12:     102424 bytes,    1889144 total
[2022-04-29T06:44:00.046+0000][160][gc,age      ] GC(58) - age  13:     229232 bytes,    2118376 total
[2022-04-29T06:44:00.047+0000][160][gc,age      ] GC(58) - age  14:      32704 bytes,    2151080 total
[2022-04-29T06:44:00.048+0000][160][gc,age      ] GC(58) - age  15:      19072 bytes,    2170152 total
[2022-04-29T06:44:00.048+0000][160][gc,phases   ] GC(58)   Pre Evacuate Collection Set: 0.2ms
[2022-04-29T06:44:00.049+0000][160][gc,phases   ] GC(58)   Merge Heap Roots: 0.2ms
[2022-04-29T06:44:00.049+0000][160][gc,phases   ] GC(58)   Evacuate Collection Set: 1.7ms
[2022-04-29T06:44:00.050+0000][160][gc,phases   ] GC(58)   Post Evacuate Collection Set: 0.7ms
[2022-04-29T06:44:00.051+0000][160][gc,phases   ] GC(58)   Other: 17.4ms
[2022-04-29T06:44:00.052+0000][160][gc,heap     ] GC(58) Eden regions: 75->0(75)
[2022-04-29T06:44:00.052+0000][160][gc,heap     ] GC(58) Survivor regions: 1->1(10)
[2022-04-29T06:44:00.053+0000][160][gc,heap     ] GC(58) Old regions: 21->21
[2022-04-29T06:44:00.054+0000][160][gc,heap     ] GC(58) Archive regions: 2->2
[2022-04-29T06:44:00.054+0000][160][gc,heap     ] GC(58) Humongous regions: 6->6
[2022-04-29T06:44:00.055+0000][160][gc,metaspace] GC(58) Metaspace: 116572K(118400K)->116572K(118400K) NonClass: 101039K(102080K)->101039K(102080K) Class: 15532K(16320K)->15532K(16320K)
[2022-04-29T06:44:00.056+0000][160][gc          ] GC(58) Pause Young (Normal) (G1 Evacuation Pause) 414M->113M(512M) 27.514ms
[2022-04-29T06:44:00.056+0000][160][gc,cpu      ] GC(58) User=0.01s Sys=0.00s Real=0.03s
[2022-04-29T06:44:00.058+0000][160][safepoint   ] Safepoint "G1CollectForAllocation", Time since last: 12329913714 ns, Reaching safepoint: 229750 ns, At safepoint: 29876958 ns, Total: 30106708 ns
[2022-04-29T06:44:01.060+0000][160][safepoint   ] Safepoint "Cleanup", Time since last: 1001032626 ns, Reaching safepoint: 475458 ns, At safepoint: 9334 ns, Total: 484792 ns
[2022-04-29T06:44:06.066+0000][160][safepoint   ] Safepoint "Cleanup", Time since last: 5006421459 ns, Reaching safepoint: 244167 ns, At safepoint: 10792 ns, Total: 254959 ns
[2022-04-29T06:44:07.068+0000][160][safepoint   ] Safepoint "Cleanup", Time since last: 1002043708 ns, Reaching safepoint: 171459 ns, At safepoint: 4333 ns, Total: 175792 ns
[2022-04-29T06:44:15.090+0000][160][safepoint   ] Safepoint "Cleanup", Time since last: 8021281254 ns, Reaching safepoint: 220750 ns, At safepoint: 98042 ns, Total: 318792 ns
[2022-04-29T06:44:23.108+0000][160][safepoint   ] Safepoint "Cleanup", Time since last: 8017697420 ns, Reaching safepoint: 155375 ns, At safepoint: 5625 ns, Total: 161000 ns
[2022-04-29T06:44:24.115+0000][160][safepoint   ] Safepoint "Cleanup", Time since last: 1006789709 ns, Reaching safepoint: 395500 ns, At safepoint: 11083 ns, Total: 406583 ns
[2022-04-29T06:44:33.134+0000][160][safepoint   ] Safepoint "Cleanup", Time since last: 9018901463 ns, Reaching safepoint: 95833 ns, At safepoint: 4042 ns, Total: 99875 ns
[2022-04-29T06:44:34.138+0000][160][safepoint   ] Safepoint "Cleanup", Time since last: 1004107250 ns, Reaching safepoint: 370500 ns, At safepoint: 11792 ns, Total: 382292 ns
[2022-04-29T06:44:36.164+0000][160][safepoint   ] Safepoint "Cleanup", Time since last: 2025158125 ns, Reaching safepoint: 339209 ns, At safepoint: 16500 ns, Total: 355709 ns
[2022-04-29T06:44:40.174+0000][160][safepoint   ] Safepoint "Cleanup", Time since last: 4009912627 ns, Reaching safepoint: 302000 ns, At safepoint: 18166 ns, Total: 320166 ns
[2022-04-29T06:44:42.177+0000][160][safepoint   ] Safepoint "Cleanup", Time since last: 2002900960 ns, Reaching safepoint: 282708 ns, At safepoint: 7833 ns, Total: 290541 ns
[2022-04-29T06:44:54.203+0000][160][safepoint   ] Safepoint "Cleanup", Time since last: 12025558506 ns, Reaching safepoint: 145458 ns, At safepoint: 3750 ns, Total: 149208 ns
[2022-04-29T06:44:59.828+0000][160][gc,start    ] GC(59) Pause Young (Normal) (G1 Evacuation Pause)
[2022-04-29T06:44:59.829+0000][160][gc,task     ] GC(59) Using 5 workers of 5 for evacuation
[2022-04-29T06:44:59.829+0000][160][gc,age      ] GC(59) Desired survivor size 20971520 bytes, new threshold 15 (max threshold 15)
[2022-04-29T06:44:59.832+0000][160][gc,age      ] GC(59) Age table with threshold 15 (max threshold 15)
[2022-04-29T06:44:59.833+0000][160][gc,age      ] GC(59) - age   1:    1219632 bytes,    1219632 total
[2022-04-29T06:44:59.834+0000][160][gc,age      ] GC(59) - age   2:      23640 bytes,    1243272 total
[2022-04-29T06:44:59.835+0000][160][gc,age      ] GC(59) - age   3:      28032 bytes,    1271304 total
[2022-04-29T06:44:59.836+0000][160][gc,age      ] GC(59) - age   4:       3128 bytes,    1274432 total
[2022-04-29T06:44:59.837+0000][160][gc,age      ] GC(59) - age   5:       3760 bytes,    1278192 total
[2022-04-29T06:44:59.837+0000][160][gc,age      ] GC(59) - age   6:      30752 bytes,    1308944 total
[2022-04-29T06:44:59.839+0000][160][gc,age      ] GC(59) - age   7:      42736 bytes,    1351680 total
[2022-04-29T06:44:59.840+0000][160][gc,age      ] GC(59) - age   8:      92704 bytes,    1444384 total
[2022-04-29T06:44:59.841+0000][160][gc,age      ] GC(59) - age   9:       3640 bytes,    1448024 total
[2022-04-29T06:44:59.841+0000][160][gc,age      ] GC(59) - age  10:       4040 bytes,    1452064 total
[2022-04-29T06:44:59.842+0000][160][gc,age      ] GC(59) - age  11:      16152 bytes,    1468216 total
[2022-04-29T06:44:59.843+0000][160][gc,age      ] GC(59) - age  12:     166920 bytes,    1635136 total
[2022-04-29T06:44:59.843+0000][160][gc,age      ] GC(59) - age  13:     102424 bytes,    1737560 total
[2022-04-29T06:44:59.844+0000][160][gc,age      ] GC(59) - age  14:     229232 bytes,    1966792 total
[2022-04-29T06:44:59.846+0000][160][gc,age      ] GC(59) - age  15:      32704 bytes,    1999496 total
[2022-04-29T06:44:59.847+0000][160][gc,phases   ] GC(59)   Pre Evacuate Collection Set: 0.1ms
[2022-04-29T06:44:59.848+0000][160][gc,phases   ] GC(59)   Merge Heap Roots: 0.1ms
[2022-04-29T06:44:59.848+0000][160][gc,phases   ] GC(59)   Evacuate Collection Set: 1.2ms
[2022-04-29T06:44:59.849+0000][160][gc,phases   ] GC(59)   Post Evacuate Collection Set: 0.6ms
[2022-04-29T06:44:59.850+0000][160][gc,phases   ] GC(59)   Other: 17.1ms
[2022-04-29T06:44:59.851+0000][160][gc,heap     ] GC(59) Eden regions: 75->0(75)
[2022-04-29T06:44:59.852+0000][160][gc,heap     ] GC(59) Survivor regions: 1->1(10)
[2022-04-29T06:44:59.852+0000][160][gc,heap     ] GC(59) Old regions: 21->21
[2022-04-29T06:44:59.853+0000][160][gc,heap     ] GC(59) Archive regions: 2->2
[2022-04-29T06:44:59.854+0000][160][gc,heap     ] GC(59) Humongous regions: 6->6
[2022-04-29T06:44:59.854+0000][160][gc,metaspace] GC(59) Metaspace: 116584K(118400K)->116584K(118400K) NonClass: 101051K(102080K)->101051K(102080K) Class: 15532K(16320K)->15532K(16320K)
[2022-04-29T06:44:59.855+0000][160][gc          ] GC(59) Pause Young (Normal) (G1 Evacuation Pause) 413M->113M(512M) 27.405ms
[2022-04-29T06:44:59.856+0000][160][gc,cpu      ] GC(59) User=0.00s Sys=0.01s Real=0.03s
[2022-04-29T06:44:59.857+0000][160][safepoint   ] Safepoint "G1CollectForAllocation", Time since last: 5624892253 ns, Reaching safepoint: 52333 ns, At safepoint: 29386375 ns, Total: 29438708 ns
[2022-04-29T06:45:01.863+0000][160][safepoint   ] Safepoint "Cleanup", Time since last: 2004894668 ns, Reaching safepoint: 479500 ns, At safepoint: 13667 ns, Total: 493167 ns
[2022-04-29T06:45:03.877+0000][160][safepoint   ] Safepoint "Cleanup", Time since last: 2013545209 ns, Reaching safepoint: 384625 ns, At safepoint: 23208 ns, Total: 407833 ns
[2022-04-29T06:45:06.883+0000][160][safepoint   ] Safepoint "Cleanup", Time since last: 3005508418 ns, Reaching safepoint: 169916 ns, At safepoint: 3500 ns, Total: 173416 ns
[2022-04-29T06:45:13.902+0000][160][safepoint   ] Safepoint "Cleanup", Time since last: 7019377504 ns, Reaching safepoint: 265875 ns, At safepoint: 8416 ns, Total: 274291 ns
[2022-04-29T06:45:21.921+0000][160][safepoint   ] Safepoint "Cleanup", Time since last: 8018744213 ns, Reaching safepoint: 241708 ns, At safepoint: 11083 ns, Total: 252791 ns
[2022-04-29T06:45:22.932+0000][160][safepoint   ] Safepoint "Cleanup", Time since last: 1010667376 ns, Reaching safepoint: 560333 ns, At safepoint: 9000 ns, Total: 569333 ns
[2022-04-29T06:45:30.961+0000][160][safepoint   ] Safepoint "Cleanup", Time since last: 8027908879 ns, Reaching safepoint: 228625 ns, At safepoint: 6625 ns, Total: 235250 ns
[2022-04-29T06:45:41.976+0000][160][safepoint   ] Safepoint "Cleanup", Time since last: 11016532379 ns, Reaching safepoint: 250334 ns, At safepoint: 14791 ns, Total: 265125 ns
[2022-04-29T06:45:42.977+0000][160][safepoint   ] Safepoint "Cleanup", Time since last: 1001474168 ns, Reaching safepoint: 78083 ns, At safepoint: 2542 ns, Total: 80625 ns
[2022-04-29T06:45:43.990+0000][160][safepoint   ] Safepoint "Cleanup", Time since last: 1012108583 ns, Reaching safepoint: 549667 ns, At safepoint: 7375 ns, Total: 557042 ns
[2022-04-29T06:45:44.994+0000][160][safepoint   ] Safepoint "Cleanup", Time since last: 1003588167 ns, Reaching safepoint: 248625 ns, At safepoint: 8875 ns, Total: 257500 ns
[2022-04-29T06:45:46.997+0000][160][safepoint   ] Safepoint "Cleanup", Time since last: 2002779835 ns, Reaching safepoint: 568791 ns, At safepoint: 9084 ns, Total: 577875 ns
[2022-04-29T06:45:50.004+0000][160][safepoint   ] Safepoint "Cleanup", Time since last: 3006214584 ns, Reaching safepoint: 398792 ns, At safepoint: 7917 ns, Total: 406709 ns
[2022-04-29T06:45:57.918+0000][160][gc,start    ] GC(60) Pause Young (Normal) (G1 Evacuation Pause)
[2022-04-29T06:45:57.919+0000][160][gc,task     ] GC(60) Using 5 workers of 5 for evacuation
[2022-04-29T06:45:57.919+0000][160][gc,age      ] GC(60) Desired survivor size 20971520 bytes, new threshold 15 (max threshold 15)
[2022-04-29T06:45:57.923+0000][160][gc,age      ] GC(60) Age table with threshold 15 (max threshold 15)
[2022-04-29T06:45:57.924+0000][160][gc,age      ] GC(60) - age   1:    1825856 bytes,    1825856 total
[2022-04-29T06:45:57.925+0000][160][gc,age      ] GC(60) - age   2:      23520 bytes,    1849376 total
[2022-04-29T06:45:57.926+0000][160][gc,age      ] GC(60) - age   3:      22144 bytes,    1871520 total
[2022-04-29T06:45:57.926+0000][160][gc,age      ] GC(60) - age   4:      27528 bytes,    1899048 total
[2022-04-29T06:45:57.927+0000][160][gc,age      ] GC(60) - age   5:       2744 bytes,    1901792 total
[2022-04-29T06:45:57.928+0000][160][gc,age      ] GC(60) - age   6:       3760 bytes,    1905552 total
[2022-04-29T06:45:57.928+0000][160][gc,age      ] GC(60) - age   7:      30688 bytes,    1936240 total
[2022-04-29T06:45:57.929+0000][160][gc,age      ] GC(60) - age   8:      42672 bytes,    1978912 total
[2022-04-29T06:45:57.930+0000][160][gc,age      ] GC(60) - age   9:      92704 bytes,    2071616 total
[2022-04-29T06:45:57.931+0000][160][gc,age      ] GC(60) - age  10:       3640 bytes,    2075256 total
[2022-04-29T06:45:57.932+0000][160][gc,age      ] GC(60) - age  11:       4040 bytes,    2079296 total
[2022-04-29T06:45:57.933+0000][160][gc,age      ] GC(60) - age  12:      16152 bytes,    2095448 total
[2022-04-29T06:45:57.934+0000][160][gc,age      ] GC(60) - age  13:     166920 bytes,    2262368 total
[2022-04-29T06:45:57.935+0000][160][gc,age      ] GC(60) - age  14:     102424 bytes,    2364792 total
[2022-04-29T06:45:57.936+0000][160][gc,age      ] GC(60) - age  15:     229232 bytes,    2594024 total
[2022-04-29T06:45:57.937+0000][160][gc,phases   ] GC(60)   Pre Evacuate Collection Set: 0.1ms
[2022-04-29T06:45:57.938+0000][160][gc,phases   ] GC(60)   Merge Heap Roots: 0.0ms
[2022-04-29T06:45:57.939+0000][160][gc,phases   ] GC(60)   Evacuate Collection Set: 1.6ms
[2022-04-29T06:45:57.939+0000][160][gc,phases   ] GC(60)   Post Evacuate Collection Set: 0.8ms
[2022-04-29T06:45:57.940+0000][160][gc,phases   ] GC(60)   Other: 16.5ms
[2022-04-29T06:45:57.941+0000][160][gc,heap     ] GC(60) Eden regions: 75->0(75)
[2022-04-29T06:45:57.942+0000][160][gc,heap     ] GC(60) Survivor regions: 1->1(10)
[2022-04-29T06:45:57.943+0000][160][gc,heap     ] GC(60) Old regions: 21->21
[2022-04-29T06:45:57.944+0000][160][gc,heap     ] GC(60) Archive regions: 2->2
[2022-04-29T06:45:57.945+0000][160][gc,heap     ] GC(60) Humongous regions: 6->6
[2022-04-29T06:45:57.946+0000][160][gc,metaspace] GC(60) Metaspace: 116599K(118464K)->116599K(118464K) NonClass: 101065K(102144K)->101065K(102144K) Class: 15533K(16320K)->15533K(16320K)
[2022-04-29T06:45:57.946+0000][160][gc          ] GC(60) Pause Young (Normal) (G1 Evacuation Pause) 413M->114M(512M) 28.377ms
[2022-04-29T06:45:57.947+0000][160][gc,cpu      ] GC(60) User=0.01s Sys=0.00s Real=0.03s
[2022-04-29T06:45:57.949+0000][160][safepoint   ] Safepoint "G1CollectForAllocation", Time since last: 7913934920 ns, Reaching safepoint: 66167 ns, At safepoint: 30590083 ns, Total: 30656250 ns
[2022-04-29T06:45:58.951+0000][160][safepoint   ] Safepoint "Cleanup", Time since last: 1002208126 ns, Reaching safepoint: 643208 ns, At safepoint: 9417 ns, Total: 652625 ns
[2022-04-29T06:45:59.953+0000][160][safepoint   ] Safepoint "Cleanup", Time since last: 1001973167 ns, Reaching safepoint: 55250 ns, At safepoint: 2291 ns, Total: 57541 ns
[2022-04-29T06:46:09.966+0000][160][safepoint   ] Safepoint "Cleanup", Time since last: 10014051838 ns, Reaching safepoint: 74125 ns, At safepoint: 2917 ns, Total: 77042 ns
[2022-04-29T06:46:12.976+0000][160][safepoint   ] Safepoint "Cleanup", Time since last: 3009616918 ns, Reaching safepoint: 192458 ns, At safepoint: 4958 ns, Total: 197416 ns
[2022-04-29T06:46:18.986+0000][160][safepoint   ] Safepoint "Cleanup", Time since last: 6010497045 ns, Reaching safepoint: 288916 ns, At safepoint: 5042 ns, Total: 293958 ns
[2022-04-29T06:46:20.990+0000][160][safepoint   ] Safepoint "Cleanup", Time since last: 2003257876 ns, Reaching safepoint: 54375 ns, At safepoint: 2208 ns, Total: 56583 ns
[2022-04-29T06:46:22.994+0000][160][safepoint   ] Safepoint "Cleanup", Time since last: 2004016126 ns, Reaching safepoint: 281875 ns, At safepoint: 7000 ns, Total: 288875 ns
[2022-04-29T06:46:30.007+0000][160][safepoint   ] Safepoint "Cleanup", Time since last: 7012578295 ns, Reaching safepoint: 166917 ns, At safepoint: 5000 ns, Total: 171917 ns
[2022-04-29T06:46:32.011+0000][160][safepoint   ] Safepoint "Cleanup", Time since last: 2003832168 ns, Reaching safepoint: 351000 ns, At safepoint: 7916 ns, Total: 358916 ns
[2022-04-29T06:46:33.016+0000][160][safepoint   ] Safepoint "Cleanup", Time since last: 1004979251 ns, Reaching safepoint: 153500 ns, At safepoint: 4875 ns, Total: 158375 ns
[2022-04-29T06:46:42.033+0000][160][safepoint   ] Safepoint "Cleanup", Time since last: 9014792378 ns, Reaching safepoint: 64292 ns, At safepoint: 2083 ns, Total: 66375 ns
[2022-04-29T06:46:45.036+0000][160][safepoint   ] Safepoint "Cleanup", Time since last: 3002868668 ns, Reaching safepoint: 72000 ns, At safepoint: 2334 ns, Total: 74334 ns
[2022-04-29T06:47:01.053+0000][160][safepoint   ] Safepoint "Cleanup", Time since last: 16016997007 ns, Reaching safepoint: 246750 ns, At safepoint: 28375 ns, Total: 275125 ns
[2022-04-29T06:47:01.190+0000][160][gc,start    ] GC(61) Pause Young (Normal) (G1 Evacuation Pause)
[2022-04-29T06:47:01.191+0000][160][gc,task     ] GC(61) Using 5 workers of 5 for evacuation
[2022-04-29T06:47:01.193+0000][160][gc,age      ] GC(61) Desired survivor size 20971520 bytes, new threshold 15 (max threshold 15)
[2022-04-29T06:47:01.197+0000][160][gc,age      ] GC(61) Age table with threshold 15 (max threshold 15)
[2022-04-29T06:47:01.198+0000][160][gc,age      ] GC(61) - age   1:    1445616 bytes,    1445616 total
[2022-04-29T06:47:01.199+0000][160][gc,age      ] GC(61) - age   2:       7584 bytes,    1453200 total
[2022-04-29T06:47:01.200+0000][160][gc,age      ] GC(61) - age   3:      21992 bytes,    1475192 total
[2022-04-29T06:47:01.201+0000][160][gc,age      ] GC(61) - age   4:      21688 bytes,    1496880 total
[2022-04-29T06:47:01.202+0000][160][gc,age      ] GC(61) - age   5:      27528 bytes,    1524408 total
[2022-04-29T06:47:01.203+0000][160][gc,age      ] GC(61) - age   6:       2432 bytes,    1526840 total
[2022-04-29T06:47:01.204+0000][160][gc,age      ] GC(61) - age   7:       3648 bytes,    1530488 total
[2022-04-29T06:47:01.204+0000][160][gc,age      ] GC(61) - age   8:      30688 bytes,    1561176 total
[2022-04-29T06:47:01.205+0000][160][gc,age      ] GC(61) - age   9:      42672 bytes,    1603848 total
[2022-04-29T06:47:01.206+0000][160][gc,age      ] GC(61) - age  10:      92704 bytes,    1696552 total
[2022-04-29T06:47:01.207+0000][160][gc,age      ] GC(61) - age  11:       3640 bytes,    1700192 total
[2022-04-29T06:47:01.207+0000][160][gc,age      ] GC(61) - age  12:       4040 bytes,    1704232 total
[2022-04-29T06:47:01.209+0000][160][gc,age      ] GC(61) - age  13:      16152 bytes,    1720384 total
[2022-04-29T06:47:01.210+0000][160][gc,age      ] GC(61) - age  14:     166920 bytes,    1887304 total
[2022-04-29T06:47:01.211+0000][160][gc,age      ] GC(61) - age  15:     102224 bytes,    1989528 total
[2022-04-29T06:47:01.212+0000][160][gc,phases   ] GC(61)   Pre Evacuate Collection Set: 0.1ms
[2022-04-29T06:47:01.213+0000][160][gc,phases   ] GC(61)   Merge Heap Roots: 0.1ms
[2022-04-29T06:47:01.213+0000][160][gc,phases   ] GC(61)   Evacuate Collection Set: 1.7ms
[2022-04-29T06:47:01.214+0000][160][gc,phases   ] GC(61)   Post Evacuate Collection Set: 0.7ms
[2022-04-29T06:47:01.215+0000][160][gc,phases   ] GC(61)   Other: 19.2ms
[2022-04-29T06:47:01.216+0000][160][gc,heap     ] GC(61) Eden regions: 75->0(75)
[2022-04-29T06:47:01.217+0000][160][gc,heap     ] GC(61) Survivor regions: 1->1(10)
[2022-04-29T06:47:01.218+0000][160][gc,heap     ] GC(61) Old regions: 21->21
[2022-04-29T06:47:01.219+0000][160][gc,heap     ] GC(61) Archive regions: 2->2
[2022-04-29T06:47:01.220+0000][160][gc,heap     ] GC(61) Humongous regions: 6->6
[2022-04-29T06:47:01.222+0000][160][gc,metaspace] GC(61) Metaspace: 116623K(118464K)->116623K(118464K) NonClass: 101089K(102144K)->101089K(102144K) Class: 15533K(16320K)->15533K(16320K)
[2022-04-29T06:47:01.224+0000][160][gc          ] GC(61) Pause Young (Normal) (G1 Evacuation Pause) 414M->113M(512M) 34.058ms
[2022-04-29T06:47:01.225+0000][160][gc,cpu      ] GC(61) User=0.01s Sys=0.00s Real=0.04s
[2022-04-29T06:47:01.226+0000][160][safepoint   ] Safepoint "G1CollectForAllocation", Time since last: 136398500 ns, Reaching safepoint: 96459 ns, At safepoint: 35835833 ns, Total: 35932292 ns
[2022-04-29T06:47:06.235+0000][160][safepoint   ] Safepoint "Cleanup", Time since last: 5007074001 ns, Reaching safepoint: 78625 ns, At safepoint: 2292 ns, Total: 80917 ns
[2022-04-29T06:47:13.249+0000][160][safepoint   ] Safepoint "Cleanup", Time since last: 7014082878 ns, Reaching safepoint: 229917 ns, At safepoint: 69542 ns, Total: 299459 ns
[2022-04-29T06:47:23.274+0000][160][safepoint   ] Safepoint "Cleanup", Time since last: 10024950338 ns, Reaching safepoint: 357083 ns, At safepoint: 9334 ns, Total: 366417 ns
[2022-04-29T06:47:25.091+0000][160][safepoint   ] Safepoint "Cleanup", Time since last: 1815950750 ns, Reaching safepoint: 140500 ns, At safepoint: 3792 ns, Total: 144292 ns
[2022-04-29T06:47:27.094+0000][160][safepoint   ] Safepoint "Cleanup", Time since last: 2002355543 ns, Reaching safepoint: 900291 ns, At safepoint: 13542 ns, Total: 913833 ns
[2022-04-29T06:47:46.119+0000][160][safepoint   ] Safepoint "Cleanup", Time since last: 19027405342 ns, Reaching safepoint: 199833 ns, At safepoint: 19375 ns, Total: 219208 ns
[2022-04-29T06:47:47.124+0000][160][safepoint   ] Safepoint "Cleanup", Time since last: 1005231376 ns, Reaching safepoint: 180125 ns, At safepoint: 7458 ns, Total: 187583 ns
[2022-04-29T06:47:54.139+0000][160][safepoint   ] Safepoint "Cleanup", Time since last: 7014413503 ns, Reaching safepoint: 184417 ns, At safepoint: 4750 ns, Total: 189167 ns
[2022-04-29T06:47:57.142+0000][160][safepoint   ] Safepoint "Cleanup", Time since last: 3003463918 ns, Reaching safepoint: 130958 ns, At safepoint: 4500 ns, Total: 135458 ns
[2022-04-29T06:48:06.023+0000][160][gc,start    ] GC(62) Pause Young (Normal) (G1 Evacuation Pause)
[2022-04-29T06:48:06.024+0000][160][gc,task     ] GC(62) Using 5 workers of 5 for evacuation
[2022-04-29T06:48:06.025+0000][160][gc,age      ] GC(62) Desired survivor size 20971520 bytes, new threshold 15 (max threshold 15)
[2022-04-29T06:48:06.028+0000][160][gc,age      ] GC(62) Age table with threshold 15 (max threshold 15)
[2022-04-29T06:48:06.029+0000][160][gc,age      ] GC(62) - age   1:     906304 bytes,     906304 total
[2022-04-29T06:48:06.030+0000][160][gc,age      ] GC(62) - age   2:       7264 bytes,     913568 total
[2022-04-29T06:48:06.030+0000][160][gc,age      ] GC(62) - age   3:       5312 bytes,     918880 total
[2022-04-29T06:48:06.031+0000][160][gc,age      ] GC(62) - age   4:      21392 bytes,     940272 total
[2022-04-29T06:48:06.031+0000][160][gc,age      ] GC(62) - age   5:      21624 bytes,     961896 total
[2022-04-29T06:48:06.032+0000][160][gc,age      ] GC(62) - age   6:      27528 bytes,     989424 total
[2022-04-29T06:48:06.033+0000][160][gc,age      ] GC(62) - age   7:       2432 bytes,     991856 total
[2022-04-29T06:48:06.033+0000][160][gc,age      ] GC(62) - age   8:       3648 bytes,     995504 total
[2022-04-29T06:48:06.034+0000][160][gc,age      ] GC(62) - age   9:      30688 bytes,    1026192 total
[2022-04-29T06:48:06.035+0000][160][gc,age      ] GC(62) - age  10:      42672 bytes,    1068864 total
[2022-04-29T06:48:06.035+0000][160][gc,age      ] GC(62) - age  11:      92704 bytes,    1161568 total
[2022-04-29T06:48:06.036+0000][160][gc,age      ] GC(62) - age  12:       3640 bytes,    1165208 total
[2022-04-29T06:48:06.037+0000][160][gc,age      ] GC(62) - age  13:       4040 bytes,    1169248 total
[2022-04-29T06:48:06.038+0000][160][gc,age      ] GC(62) - age  14:      16152 bytes,    1185400 total
[2022-04-29T06:48:06.039+0000][160][gc,age      ] GC(62) - age  15:     166920 bytes,    1352320 total
[2022-04-29T06:48:06.040+0000][160][gc,phases   ] GC(62)   Pre Evacuate Collection Set: 0.1ms
[2022-04-29T06:48:06.040+0000][160][gc,phases   ] GC(62)   Merge Heap Roots: 0.0ms
[2022-04-29T06:48:06.041+0000][160][gc,phases   ] GC(62)   Evacuate Collection Set: 1.5ms
[2022-04-29T06:48:06.042+0000][160][gc,phases   ] GC(62)   Post Evacuate Collection Set: 0.9ms
[2022-04-29T06:48:06.042+0000][160][gc,phases   ] GC(62)   Other: 13.9ms
[2022-04-29T06:48:06.043+0000][160][gc,heap     ] GC(62) Eden regions: 75->0(75)
[2022-04-29T06:48:06.044+0000][160][gc,heap     ] GC(62) Survivor regions: 1->1(10)
[2022-04-29T06:48:06.045+0000][160][gc,heap     ] GC(62) Old regions: 21->22
[2022-04-29T06:48:06.045+0000][160][gc,heap     ] GC(62) Archive regions: 2->2
[2022-04-29T06:48:06.046+0000][160][gc,heap     ] GC(62) Humongous regions: 6->6
[2022-04-29T06:48:06.046+0000][160][gc,metaspace] GC(62) Metaspace: 116636K(118464K)->116636K(118464K) NonClass: 101102K(102144K)->101102K(102144K) Class: 15533K(16320K)->15533K(16320K)
[2022-04-29T06:48:06.047+0000][160][gc          ] GC(62) Pause Young (Normal) (G1 Evacuation Pause) 413M->113M(512M) 23.911ms
[2022-04-29T06:48:06.048+0000][160][gc,cpu      ] GC(62) User=0.01s Sys=0.00s Real=0.03s
[2022-04-29T06:48:06.048+0000][160][safepoint   ] Safepoint "G1CollectForAllocation", Time since last: 8879192337 ns, Reaching safepoint: 119042 ns, At safepoint: 25196375 ns, Total: 25315417 ns
[2022-04-29T06:48:14.059+0000][160][safepoint   ] Safepoint "Cleanup", Time since last: 8010135212 ns, Reaching safepoint: 149375 ns, At safepoint: 58625 ns, Total: 208000 ns
[2022-04-29T06:48:19.240+0000][160][safepoint   ] Safepoint "Cleanup", Time since last: 5180933169 ns, Reaching safepoint: 211542 ns, At safepoint: 6708 ns, Total: 218250 ns
[2022-04-29T06:48:22.251+0000][160][safepoint   ] Safepoint "Cleanup", Time since last: 3011311085 ns, Reaching safepoint: 328416 ns, At safepoint: 6709 ns, Total: 335125 ns
[2022-04-29T06:48:23.258+0000][160][safepoint   ] Safepoint "Cleanup", Time since last: 1006437209 ns, Reaching safepoint: 126833 ns, At safepoint: 2500 ns, Total: 129333 ns
[2022-04-29T06:48:45.308+0000][160][safepoint   ] Safepoint "Cleanup", Time since last: 22052025218 ns, Reaching safepoint: 188625 ns, At safepoint: 4667 ns, Total: 193292 ns
[2022-04-29T06:48:46.310+0000][160][safepoint   ] Safepoint "Cleanup", Time since last: 1002482084 ns, Reaching safepoint: 294125 ns, At safepoint: 8417 ns, Total: 302542 ns
[2022-04-29T06:48:47.320+0000][160][safepoint   ] Safepoint "Cleanup", Time since last: 1009499750 ns, Reaching safepoint: 189250 ns, At safepoint: 3458 ns, Total: 192708 ns
[2022-04-29T06:48:57.344+0000][160][safepoint   ] Safepoint "Cleanup", Time since last: 10024087297 ns, Reaching safepoint: 117916 ns, At safepoint: 3375 ns, Total: 121291 ns
[2022-04-29T06:49:01.362+0000][160][safepoint   ] Safepoint "Cleanup", Time since last: 4017190294 ns, Reaching safepoint: 87958 ns, At safepoint: 2250 ns, Total: 90208 ns
[2022-04-29T06:49:05.929+0000][160][gc,start    ] GC(63) Pause Young (Normal) (G1 Evacuation Pause)
[2022-04-29T06:49:05.930+0000][160][gc,task     ] GC(63) Using 5 workers of 5 for evacuation
[2022-04-29T06:49:05.931+0000][160][gc,age      ] GC(63) Desired survivor size 20971520 bytes, new threshold 15 (max threshold 15)
[2022-04-29T06:49:05.934+0000][160][gc,age      ] GC(63) Age table with threshold 15 (max threshold 15)
[2022-04-29T06:49:05.935+0000][160][gc,age      ] GC(63) - age   1:     812952 bytes,     812952 total
[2022-04-29T06:49:05.935+0000][160][gc,age      ] GC(63) - age   2:       5784 bytes,     818736 total
[2022-04-29T06:49:05.936+0000][160][gc,age      ] GC(63) - age   3:       4816 bytes,     823552 total
[2022-04-29T06:49:05.937+0000][160][gc,age      ] GC(63) - age   4:       4320 bytes,     827872 total
[2022-04-29T06:49:05.937+0000][160][gc,age      ] GC(63) - age   5:      21264 bytes,     849136 total
[2022-04-29T06:49:05.938+0000][160][gc,age      ] GC(63) - age   6:      21560 bytes,     870696 total
[2022-04-29T06:49:05.939+0000][160][gc,age      ] GC(63) - age   7:      27528 bytes,     898224 total
[2022-04-29T06:49:05.939+0000][160][gc,age      ] GC(63) - age   8:       2432 bytes,     900656 total
[2022-04-29T06:49:05.940+0000][160][gc,age      ] GC(63) - age   9:       3648 bytes,     904304 total
[2022-04-29T06:49:05.940+0000][160][gc,age      ] GC(63) - age  10:      30688 bytes,     934992 total
[2022-04-29T06:49:05.943+0000][160][gc,age      ] GC(63) - age  11:      42672 bytes,     977664 total
[2022-04-29T06:49:05.943+0000][160][gc,age      ] GC(63) - age  12:      92704 bytes,    1070368 total
[2022-04-29T06:49:05.944+0000][160][gc,age      ] GC(63) - age  13:       3640 bytes,    1074008 total
[2022-04-29T06:49:05.945+0000][160][gc,age      ] GC(63) - age  14:       4040 bytes,    1078048 total
[2022-04-29T06:49:05.946+0000][160][gc,age      ] GC(63) - age  15:      16152 bytes,    1094200 total
[2022-04-29T06:49:05.947+0000][160][gc,phases   ] GC(63)   Pre Evacuate Collection Set: 0.1ms
[2022-04-29T06:49:05.947+0000][160][gc,phases   ] GC(63)   Merge Heap Roots: 0.1ms
[2022-04-29T06:49:05.948+0000][160][gc,phases   ] GC(63)   Evacuate Collection Set: 0.9ms
[2022-04-29T06:49:05.949+0000][160][gc,phases   ] GC(63)   Post Evacuate Collection Set: 0.7ms
[2022-04-29T06:49:05.949+0000][160][gc,phases   ] GC(63)   Other: 15.9ms
[2022-04-29T06:49:05.950+0000][160][gc,heap     ] GC(63) Eden regions: 75->0(75)
[2022-04-29T06:49:05.950+0000][160][gc,heap     ] GC(63) Survivor regions: 1->1(10)
[2022-04-29T06:49:05.951+0000][160][gc,heap     ] GC(63) Old regions: 22->22
[2022-04-29T06:49:05.951+0000][160][gc,heap     ] GC(63) Archive regions: 2->2
[2022-04-29T06:49:05.952+0000][160][gc,heap     ] GC(63) Humongous regions: 6->6
[2022-04-29T06:49:05.953+0000][160][gc,metaspace] GC(63) Metaspace: 116638K(118464K)->116638K(118464K) NonClass: 101104K(102144K)->101104K(102144K) Class: 15533K(16320K)->15533K(16320K)
[2022-04-29T06:49:05.954+0000][160][gc          ] GC(63) Pause Young (Normal) (G1 Evacuation Pause) 413M->113M(512M) 25.002ms
[2022-04-29T06:49:05.955+0000][160][gc,cpu      ] GC(63) User=0.00s Sys=0.00s Real=0.03s
[2022-04-29T06:49:05.956+0000][160][safepoint   ] Safepoint "G1CollectForAllocation", Time since last: 4567755335 ns, Reaching safepoint: 61042 ns, At safepoint: 27019916 ns, Total: 27080958 ns
[2022-04-29T06:49:12.964+0000][160][safepoint   ] Safepoint "Cleanup", Time since last: 7008000337 ns, Reaching safepoint: 137583 ns, At safepoint: 2375 ns, Total: 139958 ns
[2022-04-29T06:49:21.814+0000][160][safepoint   ] Safepoint "Cleanup", Time since last: 8849527796 ns, Reaching safepoint: 325167 ns, At safepoint: 8916 ns, Total: 334083 ns
[2022-04-29T06:49:29.837+0000][160][safepoint   ] Safepoint "Cleanup", Time since last: 8022140046 ns, Reaching safepoint: 372042 ns, At safepoint: 22791 ns, Total: 394833 ns
[2022-04-29T06:49:36.848+0000][160][safepoint   ] Safepoint "Cleanup", Time since last: 7007734503 ns, Reaching safepoint: 146541 ns, At safepoint: 5125 ns, Total: 151666 ns
[2022-04-29T06:49:48.875+0000][160][safepoint   ] Safepoint "Cleanup", Time since last: 12026655756 ns, Reaching safepoint: 194625 ns, At safepoint: 5500 ns, Total: 200125 ns
[2022-04-29T06:49:57.894+0000][160][safepoint   ] Safepoint "Cleanup", Time since last: 9018631754 ns, Reaching safepoint: 292834 ns, At safepoint: 13083 ns, Total: 305917 ns
[2022-04-29T06:50:00.918+0000][160][safepoint   ] Safepoint "Cleanup", Time since last: 3023956210 ns, Reaching safepoint: 490208 ns, At safepoint: 10042 ns, Total: 500250 ns
[2022-04-29T06:50:04.934+0000][160][safepoint   ] Safepoint "Cleanup", Time since last: 4019557417 ns, Reaching safepoint: 339000 ns, At safepoint: 11250 ns, Total: 350250 ns
[2022-04-29T06:50:06.091+0000][160][gc,start    ] GC(64) Pause Young (Normal) (G1 Evacuation Pause)
[2022-04-29T06:50:06.091+0000][160][gc,task     ] GC(64) Using 5 workers of 5 for evacuation
[2022-04-29T06:50:06.092+0000][160][gc,age      ] GC(64) Desired survivor size 20971520 bytes, new threshold 15 (max threshold 15)
[2022-04-29T06:50:06.096+0000][160][gc,age      ] GC(64) Age table with threshold 15 (max threshold 15)
[2022-04-29T06:50:06.097+0000][160][gc,age      ] GC(64) - age   1:    1503592 bytes,    1503592 total
[2022-04-29T06:50:06.098+0000][160][gc,age      ] GC(64) - age   2:       3936 bytes,    1507528 total
[2022-04-29T06:50:06.098+0000][160][gc,age      ] GC(64) - age   3:       5008 bytes,    1512536 total
[2022-04-29T06:50:06.099+0000][160][gc,age      ] GC(64) - age   4:       4616 bytes,    1517152 total
[2022-04-29T06:50:06.100+0000][160][gc,age      ] GC(64) - age   5:       4224 bytes,    1521376 total
[2022-04-29T06:50:06.101+0000][160][gc,age      ] GC(64) - age   6:      21152 bytes,    1542528 total
[2022-04-29T06:50:06.101+0000][160][gc,age      ] GC(64) - age   7:      21560 bytes,    1564088 total
[2022-04-29T06:50:06.102+0000][160][gc,age      ] GC(64) - age   8:      11376 bytes,    1575464 total
[2022-04-29T06:50:06.103+0000][160][gc,age      ] GC(64) - age   9:       2432 bytes,    1577896 total
[2022-04-29T06:50:06.103+0000][160][gc,age      ] GC(64) - age  10:       3648 bytes,    1581544 total
[2022-04-29T06:50:06.104+0000][160][gc,age      ] GC(64) - age  11:      29080 bytes,    1610624 total
[2022-04-29T06:50:06.105+0000][160][gc,age      ] GC(64) - age  12:      42672 bytes,    1653296 total
[2022-04-29T06:50:06.105+0000][160][gc,age      ] GC(64) - age  13:      91080 bytes,    1744376 total
[2022-04-29T06:50:06.106+0000][160][gc,age      ] GC(64) - age  14:       3640 bytes,    1748016 total
[2022-04-29T06:50:06.106+0000][160][gc,age      ] GC(64) - age  15:       4040 bytes,    1752056 total
[2022-04-29T06:50:06.107+0000][160][gc,phases   ] GC(64)   Pre Evacuate Collection Set: 0.1ms
[2022-04-29T06:50:06.107+0000][160][gc,phases   ] GC(64)   Merge Heap Roots: 0.1ms
[2022-04-29T06:50:06.108+0000][160][gc,phases   ] GC(64)   Evacuate Collection Set: 1.4ms
[2022-04-29T06:50:06.109+0000][160][gc,phases   ] GC(64)   Post Evacuate Collection Set: 1.0ms
[2022-04-29T06:50:06.109+0000][160][gc,phases   ] GC(64)   Other: 13.5ms
[2022-04-29T06:50:06.110+0000][160][gc,heap     ] GC(64) Eden regions: 75->0(75)
[2022-04-29T06:50:06.110+0000][160][gc,heap     ] GC(64) Survivor regions: 1->1(10)
[2022-04-29T06:50:06.111+0000][160][gc,heap     ] GC(64) Old regions: 22->22
[2022-04-29T06:50:06.112+0000][160][gc,heap     ] GC(64) Archive regions: 2->2
[2022-04-29T06:50:06.112+0000][160][gc,heap     ] GC(64) Humongous regions: 6->6
[2022-04-29T06:50:06.113+0000][160][gc,metaspace] GC(64) Metaspace: 116645K(118464K)->116645K(118464K) NonClass: 101111K(102144K)->101111K(102144K) Class: 15533K(16320K)->15533K(16320K)
[2022-04-29T06:50:06.114+0000][160][gc          ] GC(64) Pause Young (Normal) (G1 Evacuation Pause) 413M->113M(512M) 23.056ms
[2022-04-29T06:50:06.114+0000][160][gc,cpu      ] GC(64) User=0.01s Sys=0.01s Real=0.03s
[2022-04-29T06:50:06.115+0000][160][safepoint   ] Safepoint "G1CollectForAllocation", Time since last: 1156280251 ns, Reaching safepoint: 55708 ns, At safepoint: 24365750 ns, Total: 24421458 ns
[2022-04-29T06:50:07.117+0000][160][safepoint   ] Safepoint "Cleanup", Time since last: 1002331417 ns, Reaching safepoint: 161250 ns, At safepoint: 3500 ns, Total: 164750 ns
[2022-04-29T06:50:09.123+0000][160][safepoint   ] Safepoint "Cleanup", Time since last: 2005744793 ns, Reaching safepoint: 100375 ns, At safepoint: 3667 ns, Total: 104042 ns
[2022-04-29T06:50:11.126+0000][160][safepoint   ] Safepoint "Cleanup", Time since last: 2002055042 ns, Reaching safepoint: 392292 ns, At safepoint: 11583 ns, Total: 403875 ns
[2022-04-29T06:50:23.154+0000][160][safepoint   ] Safepoint "Cleanup", Time since last: 12028016131 ns, Reaching safepoint: 208208 ns, At safepoint: 15042 ns, Total: 223250 ns
[2022-04-29T06:50:32.176+0000][160][safepoint   ] Safepoint "Cleanup", Time since last: 9020806213 ns, Reaching safepoint: 646250 ns, At safepoint: 9125 ns, Total: 655375 ns
[2022-04-29T06:50:57.238+0000][160][safepoint   ] Safepoint "Cleanup", Time since last: 25064143761 ns, Reaching safepoint: 100166 ns, At safepoint: 5459 ns, Total: 105625 ns
[2022-04-29T06:51:09.101+0000][160][gc,start    ] GC(65) Pause Young (Normal) (G1 Evacuation Pause)
[2022-04-29T06:51:09.102+0000][160][gc,task     ] GC(65) Using 5 workers of 5 for evacuation
[2022-04-29T06:51:09.103+0000][160][gc,age      ] GC(65) Desired survivor size 20971520 bytes, new threshold 15 (max threshold 15)
[2022-04-29T06:51:09.106+0000][160][gc,age      ] GC(65) Age table with threshold 15 (max threshold 15)
[2022-04-29T06:51:09.107+0000][160][gc,age      ] GC(65) - age   1:    1057576 bytes,    1057576 total
[2022-04-29T06:51:09.108+0000][160][gc,age      ] GC(65) - age   2:      42936 bytes,    1100512 total
[2022-04-29T06:51:09.109+0000][160][gc,age      ] GC(65) - age   3:       2280 bytes,    1102792 total
[2022-04-29T06:51:09.109+0000][160][gc,age      ] GC(65) - age   4:       4712 bytes,    1107504 total
[2022-04-29T06:51:09.110+0000][160][gc,age      ] GC(65) - age   5:       4488 bytes,    1111992 total
[2022-04-29T06:51:09.110+0000][160][gc,age      ] GC(65) - age   6:       4096 bytes,    1116088 total
[2022-04-29T06:51:09.111+0000][160][gc,age      ] GC(65) - age   7:      21152 bytes,    1137240 total
[2022-04-29T06:51:09.112+0000][160][gc,age      ] GC(65) - age   8:      21336 bytes,    1158576 total
[2022-04-29T06:51:09.112+0000][160][gc,age      ] GC(65) - age   9:      10800 bytes,    1169376 total
[2022-04-29T06:51:09.113+0000][160][gc,age      ] GC(65) - age  10:       2432 bytes,    1171808 total
[2022-04-29T06:51:09.114+0000][160][gc,age      ] GC(65) - age  11:       3648 bytes,    1175456 total
[2022-04-29T06:51:09.115+0000][160][gc,age      ] GC(65) - age  12:      29080 bytes,    1204536 total
[2022-04-29T06:51:09.115+0000][160][gc,age      ] GC(65) - age  13:      42672 bytes,    1247208 total
[2022-04-29T06:51:09.116+0000][160][gc,age      ] GC(65) - age  14:      91080 bytes,    1338288 total
[2022-04-29T06:51:09.117+0000][160][gc,age      ] GC(65) - age  15:       3640 bytes,    1341928 total
[2022-04-29T06:51:09.118+0000][160][gc,phases   ] GC(65)   Pre Evacuate Collection Set: 0.2ms
[2022-04-29T06:51:09.118+0000][160][gc,phases   ] GC(65)   Merge Heap Roots: 0.2ms
[2022-04-29T06:51:09.119+0000][160][gc,phases   ] GC(65)   Evacuate Collection Set: 1.3ms
[2022-04-29T06:51:09.120+0000][160][gc,phases   ] GC(65)   Post Evacuate Collection Set: 1.0ms
[2022-04-29T06:51:09.120+0000][160][gc,phases   ] GC(65)   Other: 13.5ms
[2022-04-29T06:51:09.121+0000][160][gc,heap     ] GC(65) Eden regions: 75->0(75)
[2022-04-29T06:51:09.121+0000][160][gc,heap     ] GC(65) Survivor regions: 1->1(10)
[2022-04-29T06:51:09.122+0000][160][gc,heap     ] GC(65) Old regions: 22->22
[2022-04-29T06:51:09.122+0000][160][gc,heap     ] GC(65) Archive regions: 2->2
[2022-04-29T06:51:09.123+0000][160][gc,heap     ] GC(65) Humongous regions: 6->6
[2022-04-29T06:51:09.124+0000][160][gc,metaspace] GC(65) Metaspace: 116652K(118464K)->116652K(118464K) NonClass: 101118K(102144K)->101118K(102144K) Class: 15533K(16320K)->15533K(16320K)
[2022-04-29T06:51:09.125+0000][160][gc          ] GC(65) Pause Young (Normal) (G1 Evacuation Pause) 413M->113M(512M) 23.058ms
[2022-04-29T06:51:09.125+0000][160][gc,cpu      ] GC(65) User=0.00s Sys=0.00s Real=0.02s
[2022-04-29T06:51:09.126+0000][160][safepoint   ] Safepoint "G1CollectForAllocation", Time since last: 11862106963 ns, Reaching safepoint: 136834 ns, At safepoint: 24421666 ns, Total: 24558500 ns
[2022-04-29T06:51:12.133+0000][160][safepoint   ] Safepoint "Cleanup", Time since last: 3007347127 ns, Reaching safepoint: 57250 ns, At safepoint: 1750 ns, Total: 59000 ns
[2022-04-29T06:51:18.151+0000][160][safepoint   ] Safepoint "Cleanup", Time since last: 6017714586 ns, Reaching safepoint: 151750 ns, At safepoint: 3500 ns, Total: 155250 ns
[2022-04-29T06:51:23.165+0000][160][safepoint   ] Safepoint "Cleanup", Time since last: 5013209752 ns, Reaching safepoint: 736167 ns, At safepoint: 10083 ns, Total: 746250 ns
[2022-04-29T06:51:34.188+0000][160][safepoint   ] Safepoint "Cleanup", Time since last: 11022737464 ns, Reaching safepoint: 485375 ns, At safepoint: 13667 ns, Total: 499042 ns
[2022-04-29T06:51:38.199+0000][160][safepoint   ] Safepoint "Cleanup", Time since last: 4010534126 ns, Reaching safepoint: 222750 ns, At safepoint: 5292 ns, Total: 228042 ns
[2022-04-29T06:51:55.226+0000][160][safepoint   ] Safepoint "Cleanup", Time since last: 17027241424 ns, Reaching safepoint: 188167 ns, At safepoint: 5750 ns, Total: 193917 ns
[2022-04-29T06:52:06.254+0000][160][safepoint   ] Safepoint "Cleanup", Time since last: 11027914297 ns, Reaching safepoint: 109833 ns, At safepoint: 78375 ns, Total: 188208 ns
[2022-04-29T06:52:09.259+0000][160][safepoint   ] Safepoint "Cleanup", Time since last: 3004293043 ns, Reaching safepoint: 202333 ns, At safepoint: 4292 ns, Total: 206625 ns
[2022-04-29T06:52:09.935+0000][160][gc,start    ] GC(66) Pause Young (Normal) (G1 Evacuation Pause)
[2022-04-29T06:52:09.936+0000][160][gc,task     ] GC(66) Using 5 workers of 5 for evacuation
[2022-04-29T06:52:09.936+0000][160][gc,age      ] GC(66) Desired survivor size 20971520 bytes, new threshold 15 (max threshold 15)
[2022-04-29T06:52:09.940+0000][160][gc,age      ] GC(66) Age table with threshold 15 (max threshold 15)
[2022-04-29T06:52:09.941+0000][160][gc,age      ] GC(66) - age   1:     904120 bytes,     904120 total
[2022-04-29T06:52:09.942+0000][160][gc,age      ] GC(66) - age   2:      23560 bytes,     927680 total
[2022-04-29T06:52:09.943+0000][160][gc,age      ] GC(66) - age   3:      25224 bytes,     952904 total
[2022-04-29T06:52:09.944+0000][160][gc,age      ] GC(66) - age   4:       2152 bytes,     955056 total
[2022-04-29T06:52:09.945+0000][160][gc,age      ] GC(66) - age   5:       4400 bytes,     959456 total
[2022-04-29T06:52:09.945+0000][160][gc,age      ] GC(66) - age   6:       4488 bytes,     963944 total
[2022-04-29T06:52:09.946+0000][160][gc,age      ] GC(66) - age   7:       4096 bytes,     968040 total
[2022-04-29T06:52:09.948+0000][160][gc,age      ] GC(66) - age   8:       4936 bytes,     972976 total
[2022-04-29T06:52:09.948+0000][160][gc,age      ] GC(66) - age   9:      21336 bytes,     994312 total
[2022-04-29T06:52:09.949+0000][160][gc,age      ] GC(66) - age  10:      10800 bytes,    1005112 total
[2022-04-29T06:52:09.950+0000][160][gc,age      ] GC(66) - age  11:       2432 bytes,    1007544 total
[2022-04-29T06:52:09.951+0000][160][gc,age      ] GC(66) - age  12:       3648 bytes,    1011192 total
[2022-04-29T06:52:09.952+0000][160][gc,age      ] GC(66) - age  13:      29080 bytes,    1040272 total
[2022-04-29T06:52:09.954+0000][160][gc,age      ] GC(66) - age  14:      42672 bytes,    1082944 total
[2022-04-29T06:52:09.955+0000][160][gc,age      ] GC(66) - age  15:      91080 bytes,    1174024 total
[2022-04-29T06:52:09.956+0000][160][gc,phases   ] GC(66)   Pre Evacuate Collection Set: 0.1ms
[2022-04-29T06:52:09.956+0000][160][gc,phases   ] GC(66)   Merge Heap Roots: 0.1ms
[2022-04-29T06:52:09.957+0000][160][gc,phases   ] GC(66)   Evacuate Collection Set: 1.3ms
[2022-04-29T06:52:09.958+0000][160][gc,phases   ] GC(66)   Post Evacuate Collection Set: 1.4ms
[2022-04-29T06:52:09.959+0000][160][gc,phases   ] GC(66)   Other: 17.8ms
[2022-04-29T06:52:09.961+0000][160][gc,heap     ] GC(66) Eden regions: 75->0(75)
[2022-04-29T06:52:09.962+0000][160][gc,heap     ] GC(66) Survivor regions: 1->1(10)
[2022-04-29T06:52:09.963+0000][160][gc,heap     ] GC(66) Old regions: 22->22
[2022-04-29T06:52:09.964+0000][160][gc,heap     ] GC(66) Archive regions: 2->2
[2022-04-29T06:52:09.967+0000][160][gc,heap     ] GC(66) Humongous regions: 6->6
[2022-04-29T06:52:09.968+0000][160][gc,metaspace] GC(66) Metaspace: 116656K(118464K)->116656K(118464K) NonClass: 101122K(102144K)->101122K(102144K) Class: 15533K(16320K)->15533K(16320K)
[2022-04-29T06:52:09.969+0000][160][gc          ] GC(66) Pause Young (Normal) (G1 Evacuation Pause) 413M->113M(512M) 33.567ms
[2022-04-29T06:52:09.970+0000][160][gc,cpu      ] GC(66) User=0.00s Sys=0.00s Real=0.03s
[2022-04-29T06:52:09.971+0000][160][safepoint   ] Safepoint "G1CollectForAllocation", Time since last: 676474875 ns, Reaching safepoint: 104917 ns, At safepoint: 35765250 ns, Total: 35870167 ns
[2022-04-29T06:52:17.993+0000][160][safepoint   ] Safepoint "Cleanup", Time since last: 8021740254 ns, Reaching safepoint: 156167 ns, At safepoint: 4666 ns, Total: 160833 ns
[2022-04-29T06:52:18.994+0000][160][safepoint   ] Safepoint "Cleanup", Time since last: 1001108209 ns, Reaching safepoint: 380917 ns, At safepoint: 7375 ns, Total: 388292 ns
[2022-04-29T06:52:20.998+0000][160][safepoint   ] Safepoint "Cleanup", Time since last: 2003601542 ns, Reaching safepoint: 95584 ns, At safepoint: 2375 ns, Total: 97959 ns
[2022-04-29T06:52:26.011+0000][160][safepoint   ] Safepoint "Cleanup", Time since last: 5011708210 ns, Reaching safepoint: 917209 ns, At safepoint: 8833 ns, Total: 926042 ns
[2022-04-29T06:52:40.051+0000][160][safepoint   ] Safepoint "Cleanup", Time since last: 14037427798 ns, Reaching safepoint: 2279916 ns, At safepoint: 36750 ns, Total: 2316666 ns
[2022-04-29T06:52:54.062+0000][160][safepoint   ] Safepoint "Cleanup", Time since last: 14010910799 ns, Reaching safepoint: 137958 ns, At safepoint: 3167 ns, Total: 141125 ns
[2022-04-29T06:53:01.066+0000][160][safepoint   ] Safepoint "Cleanup", Time since last: 7004704587 ns, Reaching safepoint: 89958 ns, At safepoint: 2667 ns, Total: 92625 ns
[2022-04-29T06:53:09.079+0000][160][safepoint   ] Safepoint "Cleanup", Time since last: 8013251419 ns, Reaching safepoint: 133750 ns, At safepoint: 2833 ns, Total: 136583 ns
[2022-04-29T06:53:12.170+0000][160][gc,start    ] GC(67) Pause Young (Normal) (G1 Evacuation Pause)
[2022-04-29T06:53:12.171+0000][160][gc,task     ] GC(67) Using 5 workers of 5 for evacuation
[2022-04-29T06:53:12.173+0000][160][gc,age      ] GC(67) Desired survivor size 20971520 bytes, new threshold 15 (max threshold 15)
[2022-04-29T06:53:12.176+0000][160][gc,age      ] GC(67) Age table with threshold 15 (max threshold 15)
[2022-04-29T06:53:12.177+0000][160][gc,age      ] GC(67) - age   1:    1492168 bytes,    1492168 total
[2022-04-29T06:53:12.178+0000][160][gc,age      ] GC(67) - age   2:      15960 bytes,    1508128 total
[2022-04-29T06:53:12.179+0000][160][gc,age      ] GC(67) - age   3:      22008 bytes,    1530136 total
[2022-04-29T06:53:12.180+0000][160][gc,age      ] GC(67) - age   4:      24768 bytes,    1554904 total
[2022-04-29T06:53:12.180+0000][160][gc,age      ] GC(67) - age   5:       2152 bytes,    1557056 total
[2022-04-29T06:53:12.181+0000][160][gc,age      ] GC(67) - age   6:       4144 bytes,    1561200 total
[2022-04-29T06:53:12.182+0000][160][gc,age      ] GC(67) - age   7:       4488 bytes,    1565688 total
[2022-04-29T06:53:12.184+0000][160][gc,age      ] GC(67) - age   8:       4096 bytes,    1569784 total
[2022-04-29T06:53:12.185+0000][160][gc,age      ] GC(67) - age   9:       4936 bytes,    1574720 total
[2022-04-29T06:53:12.185+0000][160][gc,age      ] GC(67) - age  10:      21336 bytes,    1596056 total
[2022-04-29T06:53:12.186+0000][160][gc,age      ] GC(67) - age  11:      10800 bytes,    1606856 total
[2022-04-29T06:53:12.187+0000][160][gc,age      ] GC(67) - age  12:       2432 bytes,    1609288 total
[2022-04-29T06:53:12.188+0000][160][gc,age      ] GC(67) - age  13:       3648 bytes,    1612936 total
[2022-04-29T06:53:12.189+0000][160][gc,age      ] GC(67) - age  14:      29080 bytes,    1642016 total
[2022-04-29T06:53:12.190+0000][160][gc,age      ] GC(67) - age  15:      42672 bytes,    1684688 total
[2022-04-29T06:53:12.191+0000][160][gc,phases   ] GC(67)   Pre Evacuate Collection Set: 0.2ms
[2022-04-29T06:53:12.192+0000][160][gc,phases   ] GC(67)   Merge Heap Roots: 0.2ms
[2022-04-29T06:53:12.192+0000][160][gc,phases   ] GC(67)   Evacuate Collection Set: 1.3ms
[2022-04-29T06:53:12.193+0000][160][gc,phases   ] GC(67)   Post Evacuate Collection Set: 0.8ms
[2022-04-29T06:53:12.193+0000][160][gc,phases   ] GC(67)   Other: 18.6ms
[2022-04-29T06:53:12.194+0000][160][gc,heap     ] GC(67) Eden regions: 75->0(75)
[2022-04-29T06:53:12.195+0000][160][gc,heap     ] GC(67) Survivor regions: 1->1(10)
[2022-04-29T06:53:12.196+0000][160][gc,heap     ] GC(67) Old regions: 22->22
[2022-04-29T06:53:12.197+0000][160][gc,heap     ] GC(67) Archive regions: 2->2
[2022-04-29T06:53:12.198+0000][160][gc,heap     ] GC(67) Humongous regions: 6->6
[2022-04-29T06:53:12.199+0000][160][gc,metaspace] GC(67) Metaspace: 116677K(118528K)->116677K(118528K) NonClass: 101144K(102208K)->101144K(102208K) Class: 15533K(16320K)->15533K(16320K)
[2022-04-29T06:53:12.200+0000][160][gc          ] GC(67) Pause Young (Normal) (G1 Evacuation Pause) 413M->113M(512M) 29.812ms
[2022-04-29T06:53:12.200+0000][160][gc,cpu      ] GC(67) User=0.00s Sys=0.00s Real=0.03s
[2022-04-29T06:53:12.201+0000][160][safepoint   ] Safepoint "G1CollectForAllocation", Time since last: 3090770877 ns, Reaching safepoint: 122792 ns, At safepoint: 31411000 ns, Total: 31533792 ns
[2022-04-29T06:53:17.212+0000][160][safepoint   ] Safepoint "Cleanup", Time since last: 5011085044 ns, Reaching safepoint: 245166 ns, At safepoint: 26000 ns, Total: 271166 ns
[2022-04-29T06:53:21.228+0000][160][safepoint   ] Safepoint "Cleanup", Time since last: 4015075794 ns, Reaching safepoint: 132500 ns, At safepoint: 2583 ns, Total: 135083 ns
[2022-04-29T06:53:23.230+0000][160][safepoint   ] Safepoint "Cleanup", Time since last: 2001961751 ns, Reaching safepoint: 566750 ns, At safepoint: 9875 ns, Total: 576625 ns
[2022-04-29T06:53:31.245+0000][160][safepoint   ] Safepoint "Cleanup", Time since last: 8014474796 ns, Reaching safepoint: 69208 ns, At safepoint: 3458 ns, Total: 72666 ns
[2022-04-29T06:53:42.284+0000][160][safepoint   ] Safepoint "Cleanup", Time since last: 11039045963 ns, Reaching safepoint: 174958 ns, At safepoint: 4292 ns, Total: 179250 ns
[2022-04-29T06:53:45.289+0000][160][safepoint   ] Safepoint "Cleanup", Time since last: 3005211251 ns, Reaching safepoint: 53334 ns, At safepoint: 2333 ns, Total: 55667 ns
[2022-04-29T06:53:51.297+0000][160][safepoint   ] Safepoint "Cleanup", Time since last: 6007543586 ns, Reaching safepoint: 229625 ns, At safepoint: 38125 ns, Total: 267750 ns
[2022-04-29T06:53:54.308+0000][160][safepoint   ] Safepoint "Cleanup", Time since last: 3011302293 ns, Reaching safepoint: 95875 ns, At safepoint: 3542 ns, Total: 99417 ns
[2022-04-29T06:53:57.312+0000][160][safepoint   ] Safepoint "Cleanup", Time since last: 3004139793 ns, Reaching safepoint: 220875 ns, At safepoint: 4667 ns, Total: 225542 ns
[2022-04-29T06:54:01.318+0000][160][safepoint   ] Safepoint "Cleanup", Time since last: 4004956835 ns, Reaching safepoint: 99333 ns, At safepoint: 2667 ns, Total: 102000 ns
[2022-04-29T06:54:02.322+0000][160][safepoint   ] Safepoint "Cleanup", Time since last: 1003813459 ns, Reaching safepoint: 151083 ns, At safepoint: 5042 ns, Total: 156125 ns
[2022-04-29T06:54:06.344+0000][160][safepoint   ] Safepoint "Cleanup", Time since last: 4022822168 ns, Reaching safepoint: 63875 ns, At safepoint: 2875 ns, Total: 66750 ns
[2022-04-29T06:54:07.347+0000][160][safepoint   ] Safepoint "Cleanup", Time since last: 1002620667 ns, Reaching safepoint: 72375 ns, At safepoint: 2000 ns, Total: 74375 ns
[2022-04-29T06:54:12.209+0000][160][gc,start    ] GC(68) Pause Young (Normal) (G1 Evacuation Pause)
[2022-04-29T06:54:12.210+0000][160][gc,task     ] GC(68) Using 5 workers of 5 for evacuation
[2022-04-29T06:54:12.211+0000][160][gc,age      ] GC(68) Desired survivor size 20971520 bytes, new threshold 15 (max threshold 15)
[2022-04-29T06:54:12.214+0000][160][gc,age      ] GC(68) Age table with threshold 15 (max threshold 15)
[2022-04-29T06:54:12.215+0000][160][gc,age      ] GC(68) - age   1:    1110520 bytes,    1110520 total
[2022-04-29T06:54:12.216+0000][160][gc,age      ] GC(68) - age   2:       5600 bytes,    1116120 total
[2022-04-29T06:54:12.217+0000][160][gc,age      ] GC(68) - age   3:      14240 bytes,    1130360 total
[2022-04-29T06:54:12.218+0000][160][gc,age      ] GC(68) - age   4:      21856 bytes,    1152216 total
[2022-04-29T06:54:12.219+0000][160][gc,age      ] GC(68) - age   5:      24768 bytes,    1176984 total
[2022-04-29T06:54:12.220+0000][160][gc,age      ] GC(68) - age   6:       1952 bytes,    1178936 total
[2022-04-29T06:54:12.221+0000][160][gc,age      ] GC(68) - age   7:       4144 bytes,    1183080 total
[2022-04-29T06:54:12.222+0000][160][gc,age      ] GC(68) - age   8:       4176 bytes,    1187256 total
[2022-04-29T06:54:12.223+0000][160][gc,age      ] GC(68) - age   9:       4096 bytes,    1191352 total
[2022-04-29T06:54:12.223+0000][160][gc,age      ] GC(68) - age  10:       4936 bytes,    1196288 total
[2022-04-29T06:54:12.224+0000][160][gc,age      ] GC(68) - age  11:      21336 bytes,    1217624 total
[2022-04-29T06:54:12.225+0000][160][gc,age      ] GC(68) - age  12:      10800 bytes,    1228424 total
[2022-04-29T06:54:12.225+0000][160][gc,age      ] GC(68) - age  13:       2432 bytes,    1230856 total
[2022-04-29T06:54:12.226+0000][160][gc,age      ] GC(68) - age  14:       3648 bytes,    1234504 total
[2022-04-29T06:54:12.227+0000][160][gc,age      ] GC(68) - age  15:      29080 bytes,    1263584 total
[2022-04-29T06:54:12.227+0000][160][gc,phases   ] GC(68)   Pre Evacuate Collection Set: 0.4ms
[2022-04-29T06:54:12.228+0000][160][gc,phases   ] GC(68)   Merge Heap Roots: 0.1ms
[2022-04-29T06:54:12.228+0000][160][gc,phases   ] GC(68)   Evacuate Collection Set: 1.3ms
[2022-04-29T06:54:12.229+0000][160][gc,phases   ] GC(68)   Post Evacuate Collection Set: 0.7ms
[2022-04-29T06:54:12.230+0000][160][gc,phases   ] GC(68)   Other: 15.3ms
[2022-04-29T06:54:12.230+0000][160][gc,heap     ] GC(68) Eden regions: 75->0(75)
[2022-04-29T06:54:12.231+0000][160][gc,heap     ] GC(68) Survivor regions: 1->1(10)
[2022-04-29T06:54:12.232+0000][160][gc,heap     ] GC(68) Old regions: 22->22
[2022-04-29T06:54:12.232+0000][160][gc,heap     ] GC(68) Archive regions: 2->2
[2022-04-29T06:54:12.233+0000][160][gc,heap     ] GC(68) Humongous regions: 6->6
[2022-04-29T06:54:12.234+0000][160][gc,metaspace] GC(68) Metaspace: 116692K(118528K)->116692K(118528K) NonClass: 101158K(102208K)->101158K(102208K) Class: 15533K(16320K)->15533K(16320K)
[2022-04-29T06:54:12.234+0000][160][gc          ] GC(68) Pause Young (Normal) (G1 Evacuation Pause) 413M->113M(512M) 24.955ms
[2022-04-29T06:54:12.235+0000][160][gc,cpu      ] GC(68) User=0.00s Sys=0.00s Real=0.02s
[2022-04-29T06:54:12.236+0000][160][safepoint   ] Safepoint "G1CollectForAllocation", Time since last: 4862385544 ns, Reaching safepoint: 62417 ns, At safepoint: 26295625 ns, Total: 26358042 ns
[2022-04-29T06:54:17.250+0000][160][safepoint   ] Safepoint "Cleanup", Time since last: 5014188044 ns, Reaching safepoint: 518917 ns, At safepoint: 22541 ns, Total: 541458 ns
[2022-04-29T06:54:21.253+0000][160][safepoint   ] Safepoint "Cleanup", Time since last: 4002356711 ns, Reaching safepoint: 142416 ns, At safepoint: 3959 ns, Total: 146375 ns
[2022-04-29T06:54:23.256+0000][160][safepoint   ] Safepoint "Cleanup", Time since last: 2002538084 ns, Reaching safepoint: 210291 ns, At safepoint: 10042 ns, Total: 220333 ns
[2022-04-29T06:54:30.285+0000][160][safepoint   ] Safepoint "Cleanup", Time since last: 7028819462 ns, Reaching safepoint: 82000 ns, At safepoint: 4083 ns, Total: 86083 ns
[2022-04-29T06:55:12.708+0000][160][gc,start    ] GC(69) Pause Young (Normal) (G1 Evacuation Pause)
[2022-04-29T06:55:12.709+0000][160][gc,task     ] GC(69) Using 5 workers of 5 for evacuation
[2022-04-29T06:55:12.710+0000][160][gc,age      ] GC(69) Desired survivor size 20971520 bytes, new threshold 15 (max threshold 15)
[2022-04-29T06:55:12.713+0000][160][gc,age      ] GC(69) Age table with threshold 15 (max threshold 15)
[2022-04-29T06:55:12.714+0000][160][gc,age      ] GC(69) - age   1:    1858800 bytes,    1858800 total
[2022-04-29T06:55:12.715+0000][160][gc,age      ] GC(69) - age   2:       9808 bytes,    1868608 total
[2022-04-29T06:55:12.716+0000][160][gc,age      ] GC(69) - age   3:       3016 bytes,    1871624 total
[2022-04-29T06:55:12.718+0000][160][gc,age      ] GC(69) - age   4:       6272 bytes,    1877896 total
[2022-04-29T06:55:12.720+0000][160][gc,age      ] GC(69) - age   5:      21392 bytes,    1899288 total
[2022-04-29T06:55:12.740+0000][160][gc,age      ] GC(69) - age   6:      24656 bytes,    1923944 total
[2022-04-29T06:55:12.745+0000][160][gc,age      ] GC(69) - age   7:       1952 bytes,    1925896 total
[2022-04-29T06:55:12.746+0000][160][gc,age      ] GC(69) - age   8:       4144 bytes,    1930040 total
[2022-04-29T06:55:12.747+0000][160][gc,age      ] GC(69) - age   9:       4176 bytes,    1934216 total
[2022-04-29T06:55:12.748+0000][160][gc,age      ] GC(69) - age  10:       4096 bytes,    1938312 total
[2022-04-29T06:55:12.749+0000][160][gc,age      ] GC(69) - age  11:       2792 bytes,    1941104 total
[2022-04-29T06:55:12.750+0000][160][gc,age      ] GC(69) - age  12:      21336 bytes,    1962440 total
[2022-04-29T06:55:12.751+0000][160][gc,age      ] GC(69) - age  13:       4840 bytes,    1967280 total
[2022-04-29T06:55:12.752+0000][160][gc,age      ] GC(69) - age  14:       2432 bytes,    1969712 total
[2022-04-29T06:55:12.752+0000][160][gc,age      ] GC(69) - age  15:       3648 bytes,    1973360 total
[2022-04-29T06:55:12.753+0000][160][gc,phases   ] GC(69)   Pre Evacuate Collection Set: 0.1ms
[2022-04-29T06:55:12.754+0000][160][gc,phases   ] GC(69)   Merge Heap Roots: 0.3ms
[2022-04-29T06:55:12.754+0000][160][gc,phases   ] GC(69)   Evacuate Collection Set: 1.8ms
[2022-04-29T06:55:12.755+0000][160][gc,phases   ] GC(69)   Post Evacuate Collection Set: 1.0ms
[2022-04-29T06:55:12.756+0000][160][gc,phases   ] GC(69)   Other: 41.9ms
[2022-04-29T06:55:12.757+0000][160][gc,heap     ] GC(69) Eden regions: 75->0(75)
[2022-04-29T06:55:12.758+0000][160][gc,heap     ] GC(69) Survivor regions: 1->1(10)
[2022-04-29T06:55:12.759+0000][160][gc,heap     ] GC(69) Old regions: 22->22
[2022-04-29T06:55:12.759+0000][160][gc,heap     ] GC(69) Archive regions: 2->2
[2022-04-29T06:55:12.760+0000][160][gc,heap     ] GC(69) Humongous regions: 6->6
[2022-04-29T06:55:12.761+0000][160][gc,metaspace] GC(69) Metaspace: 116698K(118528K)->116698K(118528K) NonClass: 101164K(102208K)->101164K(102208K) Class: 15534K(16320K)->15534K(16320K)
[2022-04-29T06:55:12.762+0000][160][gc          ] GC(69) Pause Young (Normal) (G1 Evacuation Pause) 413M->114M(512M) 54.247ms
[2022-04-29T06:55:12.763+0000][160][gc,cpu      ] GC(69) User=0.00s Sys=0.00s Real=0.06s
[2022-04-29T06:55:12.764+0000][160][safepoint   ] Safepoint "G1CollectForAllocation", Time since last: 42422323353 ns, Reaching safepoint: 56833 ns, At safepoint: 56148375 ns, Total: 56205208 ns
[2022-04-29T06:55:13.770+0000][160][safepoint   ] Safepoint "Cleanup", Time since last: 1005878001 ns, Reaching safepoint: 603167 ns, At safepoint: 7666 ns, Total: 610833 ns
[2022-04-29T06:55:22.794+0000][160][safepoint   ] Safepoint "Cleanup", Time since last: 9023100380 ns, Reaching safepoint: 182250 ns, At safepoint: 10208 ns, Total: 192458 ns
[2022-04-29T06:55:29.814+0000][160][safepoint   ] Safepoint "Cleanup", Time since last: 7019814003 ns, Reaching safepoint: 348167 ns, At safepoint: 12708 ns, Total: 360875 ns
[2022-04-29T06:55:46.866+0000][160][safepoint   ] Safepoint "Cleanup", Time since last: 17054101924 ns, Reaching safepoint: 234125 ns, At safepoint: 31709 ns, Total: 265834 ns
[2022-04-29T06:55:48.874+0000][160][safepoint   ] Safepoint "Cleanup", Time since last: 2007452209 ns, Reaching safepoint: 315583 ns, At safepoint: 10292 ns, Total: 325875 ns
[2022-04-29T06:56:19.483+0000][160][gc,start    ] GC(70) Pause Young (Normal) (G1 Evacuation Pause)
[2022-04-29T06:56:19.485+0000][160][gc,task     ] GC(70) Using 5 workers of 5 for evacuation
[2022-04-29T06:56:19.485+0000][160][gc,age      ] GC(70) Desired survivor size 20971520 bytes, new threshold 15 (max threshold 15)
[2022-04-29T06:56:19.489+0000][160][gc,age      ] GC(70) Age table with threshold 15 (max threshold 15)
[2022-04-29T06:56:19.490+0000][160][gc,age      ] GC(70) - age   1:    1284392 bytes,    1284392 total
[2022-04-29T06:56:19.491+0000][160][gc,age      ] GC(70) - age   2:      22600 bytes,    1306992 total
[2022-04-29T06:56:19.492+0000][160][gc,age      ] GC(70) - age   3:       6464 bytes,    1313456 total
[2022-04-29T06:56:19.493+0000][160][gc,age      ] GC(70) - age   4:       2504 bytes,    1315960 total
[2022-04-29T06:56:19.493+0000][160][gc,age      ] GC(70) - age   5:       5832 bytes,    1321792 total
[2022-04-29T06:56:19.495+0000][160][gc,age      ] GC(70) - age   6:      21232 bytes,    1343024 total
[2022-04-29T06:56:19.495+0000][160][gc,age      ] GC(70) - age   7:      24656 bytes,    1367680 total
[2022-04-29T06:56:19.496+0000][160][gc,age      ] GC(70) - age   8:       1952 bytes,    1369632 total
[2022-04-29T06:56:19.496+0000][160][gc,age      ] GC(70) - age   9:       4144 bytes,    1373776 total
[2022-04-29T06:56:19.497+0000][160][gc,age      ] GC(70) - age  10:       3952 bytes,    1377728 total
[2022-04-29T06:56:19.498+0000][160][gc,age      ] GC(70) - age  11:       4096 bytes,    1381824 total
[2022-04-29T06:56:19.498+0000][160][gc,age      ] GC(70) - age  12:       2792 bytes,    1384616 total
[2022-04-29T06:56:19.499+0000][160][gc,age      ] GC(70) - age  13:      21304 bytes,    1405920 total
[2022-04-29T06:56:19.500+0000][160][gc,age      ] GC(70) - age  14:       4640 bytes,    1410560 total
[2022-04-29T06:56:19.500+0000][160][gc,age      ] GC(70) - age  15:       2432 bytes,    1412992 total
[2022-04-29T06:56:19.501+0000][160][gc,phases   ] GC(70)   Pre Evacuate Collection Set: 0.3ms
[2022-04-29T06:56:19.502+0000][160][gc,phases   ] GC(70)   Merge Heap Roots: 0.1ms
[2022-04-29T06:56:19.503+0000][160][gc,phases   ] GC(70)   Evacuate Collection Set: 2.0ms
[2022-04-29T06:56:19.504+0000][160][gc,phases   ] GC(70)   Post Evacuate Collection Set: 0.9ms
[2022-04-29T06:56:19.504+0000][160][gc,phases   ] GC(70)   Other: 14.7ms
[2022-04-29T06:56:19.505+0000][160][gc,heap     ] GC(70) Eden regions: 75->0(75)
[2022-04-29T06:56:19.505+0000][160][gc,heap     ] GC(70) Survivor regions: 1->1(10)
[2022-04-29T06:56:19.506+0000][160][gc,heap     ] GC(70) Old regions: 22->22
[2022-04-29T06:56:19.507+0000][160][gc,heap     ] GC(70) Archive regions: 2->2
[2022-04-29T06:56:19.507+0000][160][gc,heap     ] GC(70) Humongous regions: 6->6
[2022-04-29T06:56:19.508+0000][160][gc,metaspace] GC(70) Metaspace: 116731K(118528K)->116731K(118528K) NonClass: 101193K(102208K)->101193K(102208K) Class: 15537K(16320K)->15537K(16320K)
[2022-04-29T06:56:19.508+0000][160][gc          ] GC(70) Pause Young (Normal) (G1 Evacuation Pause) 414M->113M(512M) 24.936ms
[2022-04-29T06:56:19.509+0000][160][gc,cpu      ] GC(70) User=0.00s Sys=0.00s Real=0.03s
[2022-04-29T06:56:19.510+0000][160][safepoint   ] Safepoint "G1CollectForAllocation", Time since last: 30608330222 ns, Reaching safepoint: 106583 ns, At safepoint: 26247709 ns, Total: 26354292 ns
[2022-04-29T06:56:23.518+0000][160][safepoint   ] Safepoint "Cleanup", Time since last: 4007960502 ns, Reaching safepoint: 177875 ns, At safepoint: 7708 ns, Total: 185583 ns
[2022-04-29T06:56:42.548+0000][160][safepoint   ] Safepoint "Cleanup", Time since last: 19035496384 ns, Reaching safepoint: 159041 ns, At safepoint: 4459 ns, Total: 163500 ns
[2022-04-29T06:57:12.632+0000][160][safepoint   ] Safepoint "Cleanup", Time since last: 30079223513 ns, Reaching safepoint: 109417 ns, At safepoint: 9792 ns, Total: 119209 ns
[2022-04-29T06:57:19.018+0000][160][gc,start    ] GC(71) Pause Young (Normal) (G1 Evacuation Pause)
[2022-04-29T06:57:19.020+0000][160][gc,task     ] GC(71) Using 5 workers of 5 for evacuation
[2022-04-29T06:57:19.021+0000][160][gc,age      ] GC(71) Desired survivor size 20971520 bytes, new threshold 15 (max threshold 15)
[2022-04-29T06:57:19.024+0000][160][gc,age      ] GC(71) Age table with threshold 15 (max threshold 15)
[2022-04-29T06:57:19.025+0000][160][gc,age      ] GC(71) - age   1:    1000032 bytes,    1000032 total
[2022-04-29T06:57:19.025+0000][160][gc,age      ] GC(71) - age   2:      13888 bytes,    1013920 total
[2022-04-29T06:57:19.026+0000][160][gc,age      ] GC(71) - age   3:      20936 bytes,    1034856 total
[2022-04-29T06:57:19.026+0000][160][gc,age      ] GC(71) - age   4:       6128 bytes,    1040984 total
[2022-04-29T06:57:19.027+0000][160][gc,age      ] GC(71) - age   5:       2504 bytes,    1043488 total
[2022-04-29T06:57:19.028+0000][160][gc,age      ] GC(71) - age   6:       5832 bytes,    1049320 total
[2022-04-29T06:57:19.030+0000][160][gc,age      ] GC(71) - age   7:      21232 bytes,    1070552 total
[2022-04-29T06:57:19.030+0000][160][gc,age      ] GC(71) - age   8:       8504 bytes,    1079056 total
[2022-04-29T06:57:19.031+0000][160][gc,age      ] GC(71) - age   9:       1952 bytes,    1081008 total
[2022-04-29T06:57:19.031+0000][160][gc,age      ] GC(71) - age  10:       4144 bytes,    1085152 total
[2022-04-29T06:57:19.032+0000][160][gc,age      ] GC(71) - age  11:       3952 bytes,    1089104 total
[2022-04-29T06:57:19.032+0000][160][gc,age      ] GC(71) - age  12:       4096 bytes,    1093200 total
[2022-04-29T06:57:19.033+0000][160][gc,age      ] GC(71) - age  13:       2792 bytes,    1095992 total
[2022-04-29T06:57:19.034+0000][160][gc,age      ] GC(71) - age  14:      21304 bytes,    1117296 total
[2022-04-29T06:57:19.034+0000][160][gc,age      ] GC(71) - age  15:       4640 bytes,    1121936 total
[2022-04-29T06:57:19.035+0000][160][gc,phases   ] GC(71)   Pre Evacuate Collection Set: 0.1ms
[2022-04-29T06:57:19.036+0000][160][gc,phases   ] GC(71)   Merge Heap Roots: 0.2ms
[2022-04-29T06:57:19.036+0000][160][gc,phases   ] GC(71)   Evacuate Collection Set: 1.3ms
[2022-04-29T06:57:19.037+0000][160][gc,phases   ] GC(71)   Post Evacuate Collection Set: 1.0ms
[2022-04-29T06:57:19.038+0000][160][gc,phases   ] GC(71)   Other: 14.4ms
[2022-04-29T06:57:19.038+0000][160][gc,heap     ] GC(71) Eden regions: 75->0(75)
[2022-04-29T06:57:19.039+0000][160][gc,heap     ] GC(71) Survivor regions: 1->1(10)
[2022-04-29T06:57:19.039+0000][160][gc,heap     ] GC(71) Old regions: 22->22
[2022-04-29T06:57:19.040+0000][160][gc,heap     ] GC(71) Archive regions: 2->2
[2022-04-29T06:57:19.041+0000][160][gc,heap     ] GC(71) Humongous regions: 6->6
[2022-04-29T06:57:19.041+0000][160][gc,metaspace] GC(71) Metaspace: 116739K(118528K)->116739K(118528K) NonClass: 101202K(102208K)->101202K(102208K) Class: 15537K(16320K)->15537K(16320K)
[2022-04-29T06:57:19.042+0000][160][gc          ] GC(71) Pause Young (Normal) (G1 Evacuation Pause) 413M->113M(512M) 23.397ms
[2022-04-29T06:57:19.042+0000][160][gc,cpu      ] GC(71) User=0.01s Sys=0.01s Real=0.02s
[2022-04-29T06:57:19.043+0000][160][safepoint   ] Safepoint "G1CollectForAllocation", Time since last: 6386239503 ns, Reaching safepoint: 137791 ns, At safepoint: 24692834 ns, Total: 24830625 ns
[2022-04-29T06:58:01.091+0000][160][safepoint   ] Safepoint "Cleanup", Time since last: 42048604102 ns, Reaching safepoint: 233500 ns, At safepoint: 4417 ns, Total: 237917 ns
[2022-04-29T06:58:10.109+0000][160][safepoint   ] Safepoint "Cleanup", Time since last: 9018307170 ns, Reaching safepoint: 490083 ns, At safepoint: 9542 ns, Total: 499625 ns
[2022-04-29T06:58:18.374+0000][160][gc,start    ] GC(72) Pause Young (Normal) (G1 Evacuation Pause)
[2022-04-29T06:58:18.375+0000][160][gc,task     ] GC(72) Using 5 workers of 5 for evacuation
[2022-04-29T06:58:18.375+0000][160][gc,age      ] GC(72) Desired survivor size 20971520 bytes, new threshold 15 (max threshold 15)
[2022-04-29T06:58:18.379+0000][160][gc,age      ] GC(72) Age table with threshold 15 (max threshold 15)
[2022-04-29T06:58:18.381+0000][160][gc,age      ] GC(72) - age   1:    1975552 bytes,    1975552 total
[2022-04-29T06:58:18.381+0000][160][gc,age      ] GC(72) - age   2:       3864 bytes,    1979416 total
[2022-04-29T06:58:18.382+0000][160][gc,age      ] GC(72) - age   3:      10736 bytes,    1990152 total
[2022-04-29T06:58:18.383+0000][160][gc,age      ] GC(72) - age   4:      20632 bytes,    2010784 total
[2022-04-29T06:58:18.383+0000][160][gc,age      ] GC(72) - age   5:       6128 bytes,    2016912 total
[2022-04-29T06:58:18.384+0000][160][gc,age      ] GC(72) - age   6:       2440 bytes,    2019352 total
[2022-04-29T06:58:18.385+0000][160][gc,age      ] GC(72) - age   7:       5832 bytes,    2025184 total
[2022-04-29T06:58:18.385+0000][160][gc,age      ] GC(72) - age   8:       5080 bytes,    2030264 total
[2022-04-29T06:58:18.386+0000][160][gc,age      ] GC(72) - age   9:       8240 bytes,    2038504 total
[2022-04-29T06:58:18.388+0000][160][gc,age      ] GC(72) - age  10:       1952 bytes,    2040456 total
[2022-04-29T06:58:18.388+0000][160][gc,age      ] GC(72) - age  11:       4144 bytes,    2044600 total
[2022-04-29T06:58:18.389+0000][160][gc,age      ] GC(72) - age  12:       3920 bytes,    2048520 total
[2022-04-29T06:58:18.389+0000][160][gc,age      ] GC(72) - age  13:       4096 bytes,    2052616 total
[2022-04-29T06:58:18.390+0000][160][gc,age      ] GC(72) - age  14:       2792 bytes,    2055408 total
[2022-04-29T06:58:18.391+0000][160][gc,age      ] GC(72) - age  15:       5152 bytes,    2060560 total
[2022-04-29T06:58:18.391+0000][160][gc,phases   ] GC(72)   Pre Evacuate Collection Set: 0.2ms
[2022-04-29T06:58:18.392+0000][160][gc,phases   ] GC(72)   Merge Heap Roots: 0.1ms
[2022-04-29T06:58:18.393+0000][160][gc,phases   ] GC(72)   Evacuate Collection Set: 1.8ms
[2022-04-29T06:58:18.393+0000][160][gc,phases   ] GC(72)   Post Evacuate Collection Set: 1.1ms
[2022-04-29T06:58:18.394+0000][160][gc,phases   ] GC(72)   Other: 14.2ms
[2022-04-29T06:58:18.394+0000][160][gc,heap     ] GC(72) Eden regions: 75->0(75)
[2022-04-29T06:58:18.395+0000][160][gc,heap     ] GC(72) Survivor regions: 1->1(10)
[2022-04-29T06:58:18.395+0000][160][gc,heap     ] GC(72) Old regions: 22->22
[2022-04-29T06:58:18.396+0000][160][gc,heap     ] GC(72) Archive regions: 2->2
[2022-04-29T06:58:18.397+0000][160][gc,heap     ] GC(72) Humongous regions: 6->6
[2022-04-29T06:58:18.397+0000][160][gc,metaspace] GC(72) Metaspace: 116766K(118592K)->116766K(118592K) NonClass: 101227K(102272K)->101227K(102272K) Class: 15538K(16320K)->15538K(16320K)
[2022-04-29T06:58:18.398+0000][160][gc          ] GC(72) Pause Young (Normal) (G1 Evacuation Pause) 413M->114M(512M) 23.530ms
[2022-04-29T06:58:18.398+0000][160][gc,cpu      ] GC(72) User=0.01s Sys=0.01s Real=0.03s
[2022-04-29T06:58:18.399+0000][160][safepoint   ] Safepoint "G1CollectForAllocation", Time since last: 8264470546 ns, Reaching safepoint: 170291 ns, At safepoint: 25093417 ns, Total: 25263708 ns
[2022-04-29T06:58:23.412+0000][160][safepoint   ] Safepoint "Cleanup", Time since last: 5012769169 ns, Reaching safepoint: 558250 ns, At safepoint: 27584 ns, Total: 585834 ns
[2022-04-29T06:58:47.481+0000][160][safepoint   ] Safepoint "Cleanup", Time since last: 24068304177 ns, Reaching safepoint: 281667 ns, At safepoint: 9166 ns, Total: 290833 ns
[2022-04-29T06:58:53.505+0000][160][safepoint   ] Safepoint "Cleanup", Time since last: 6023668462 ns, Reaching safepoint: 1165625 ns, At safepoint: 8625 ns, Total: 1174250 ns
[2022-04-29T06:58:54.511+0000][160][safepoint   ] Safepoint "Cleanup", Time since last: 1004904625 ns, Reaching safepoint: 200542 ns, At safepoint: 9375 ns, Total: 209917 ns
[2022-04-29T06:59:04.524+0000][160][safepoint   ] Safepoint "Cleanup", Time since last: 10013357671 ns, Reaching safepoint: 86375 ns, At safepoint: 2042 ns, Total: 88417 ns
[2022-04-29T06:59:22.628+0000][160][gc,start    ] GC(73) Pause Young (Normal) (G1 Evacuation Pause)
[2022-04-29T06:59:22.630+0000][160][gc,task     ] GC(73) Using 5 workers of 5 for evacuation
[2022-04-29T06:59:22.631+0000][160][gc,age      ] GC(73) Desired survivor size 20971520 bytes, new threshold 15 (max threshold 15)
[2022-04-29T06:59:22.634+0000][160][gc,age      ] GC(73) Age table with threshold 15 (max threshold 15)
[2022-04-29T06:59:22.635+0000][160][gc,age      ] GC(73) - age   1:    1189096 bytes,    1189096 total
[2022-04-29T06:59:22.637+0000][160][gc,age      ] GC(73) - age   2:      22864 bytes,    1211960 total
[2022-04-29T06:59:22.638+0000][160][gc,age      ] GC(73) - age   3:       2360 bytes,    1214320 total
[2022-04-29T06:59:22.639+0000][160][gc,age      ] GC(73) - age   4:      10288 bytes,    1224608 total
[2022-04-29T06:59:22.640+0000][160][gc,age      ] GC(73) - age   5:      20632 bytes,    1245240 total
[2022-04-29T06:59:22.641+0000][160][gc,age      ] GC(73) - age   6:       6128 bytes,    1251368 total
[2022-04-29T06:59:22.642+0000][160][gc,age      ] GC(73) - age   7:       2440 bytes,    1253808 total
[2022-04-29T06:59:22.642+0000][160][gc,age      ] GC(73) - age   8:       5832 bytes,    1259640 total
[2022-04-29T06:59:22.644+0000][160][gc,age      ] GC(73) - age   9:       5080 bytes,    1264720 total
[2022-04-29T06:59:22.644+0000][160][gc,age      ] GC(73) - age  10:       8240 bytes,    1272960 total
[2022-04-29T06:59:22.645+0000][160][gc,age      ] GC(73) - age  11:       1952 bytes,    1274912 total
[2022-04-29T06:59:22.645+0000][160][gc,age      ] GC(73) - age  12:       4144 bytes,    1279056 total
[2022-04-29T06:59:22.646+0000][160][gc,age      ] GC(73) - age  13:       3920 bytes,    1282976 total
[2022-04-29T06:59:22.646+0000][160][gc,age      ] GC(73) - age  14:       4096 bytes,    1287072 total
[2022-04-29T06:59:22.647+0000][160][gc,age      ] GC(73) - age  15:       2792 bytes,    1289864 total
[2022-04-29T06:59:22.647+0000][160][gc,phases   ] GC(73)   Pre Evacuate Collection Set: 0.1ms
[2022-04-29T06:59:22.648+0000][160][gc,phases   ] GC(73)   Merge Heap Roots: 0.0ms
[2022-04-29T06:59:22.649+0000][160][gc,phases   ] GC(73)   Evacuate Collection Set: 1.7ms
[2022-04-29T06:59:22.649+0000][160][gc,phases   ] GC(73)   Post Evacuate Collection Set: 0.9ms
[2022-04-29T06:59:22.650+0000][160][gc,phases   ] GC(73)   Other: 16.4ms
[2022-04-29T06:59:22.650+0000][160][gc,heap     ] GC(73) Eden regions: 75->0(75)
[2022-04-29T06:59:22.651+0000][160][gc,heap     ] GC(73) Survivor regions: 1->1(10)
[2022-04-29T06:59:22.651+0000][160][gc,heap     ] GC(73) Old regions: 22->22
[2022-04-29T06:59:22.652+0000][160][gc,heap     ] GC(73) Archive regions: 2->2
[2022-04-29T06:59:22.653+0000][160][gc,heap     ] GC(73) Humongous regions: 6->6
[2022-04-29T06:59:22.653+0000][160][gc,metaspace] GC(73) Metaspace: 116771K(118592K)->116771K(118592K) NonClass: 101232K(102272K)->101232K(102272K) Class: 15538K(16320K)->15538K(16320K)
[2022-04-29T06:59:22.654+0000][160][gc          ] GC(73) Pause Young (Normal) (G1 Evacuation Pause) 414M->113M(512M) 25.405ms
[2022-04-29T06:59:22.654+0000][160][gc,cpu      ] GC(73) User=0.00s Sys=0.00s Real=0.02s
[2022-04-29T06:59:22.655+0000][160][safepoint   ] Safepoint "G1CollectForAllocation", Time since last: 18104199258 ns, Reaching safepoint: 342708 ns, At safepoint: 26739417 ns, Total: 27082125 ns
[2022-04-29T06:59:23.658+0000][160][safepoint   ] Safepoint "Cleanup", Time since last: 1002383417 ns, Reaching safepoint: 360834 ns, At safepoint: 7791 ns, Total: 368625 ns
[2022-04-29T06:59:30.668+0000][160][safepoint   ] Safepoint "Cleanup", Time since last: 7009651254 ns, Reaching safepoint: 158166 ns, At safepoint: 41625 ns, Total: 199791 ns
[2022-04-29T06:59:33.675+0000][160][safepoint   ] Safepoint "Cleanup", Time since last: 3007132960 ns, Reaching safepoint: 98042 ns, At safepoint: 2625 ns, Total: 100667 ns
[2022-04-29T06:59:38.917+0000][160][safepoint   ] Safepoint "Cleanup", Time since last: 1002915583 ns, Reaching safepoint: 212292 ns, At safepoint: 14000 ns, Total: 226292 ns
[2022-04-29T06:59:46.933+0000][160][safepoint   ] Safepoint "Cleanup", Time since last: 8014800962 ns, Reaching safepoint: 384208 ns, At safepoint: 7583 ns, Total: 391791 ns
[2022-04-29T07:00:07.995+0000][160][safepoint   ] Safepoint "Cleanup", Time since last: 21062181094 ns, Reaching safepoint: 164208 ns, At safepoint: 6500 ns, Total: 170708 ns
[2022-04-29T07:00:18.021+0000][160][safepoint   ] Safepoint "Cleanup", Time since last: 10025493421 ns, Reaching safepoint: 277625 ns, At safepoint: 8458 ns, Total: 286083 ns
[2022-04-29T07:00:35.619+0000][160][gc,start    ] GC(74) Pause Young (Normal) (G1 Evacuation Pause)
[2022-04-29T07:00:35.620+0000][160][gc,task     ] GC(74) Using 5 workers of 5 for evacuation
[2022-04-29T07:00:35.620+0000][160][gc,age      ] GC(74) Desired survivor size 20971520 bytes, new threshold 15 (max threshold 15)
[2022-04-29T07:00:35.623+0000][160][gc,age      ] GC(74) Age table with threshold 15 (max threshold 15)
[2022-04-29T07:00:35.625+0000][160][gc,age      ] GC(74) - age   1:    1746872 bytes,    1746872 total
[2022-04-29T07:00:35.625+0000][160][gc,age      ] GC(74) - age   2:       4848 bytes,    1751720 total
[2022-04-29T07:00:35.626+0000][160][gc,age      ] GC(74) - age   3:      20488 bytes,    1772208 total
[2022-04-29T07:00:35.627+0000][160][gc,age      ] GC(74) - age   4:       1776 bytes,    1773984 total
[2022-04-29T07:00:35.628+0000][160][gc,age      ] GC(74) - age   5:      10024 bytes,    1784008 total
[2022-04-29T07:00:35.628+0000][160][gc,age      ] GC(74) - age   6:      20632 bytes,    1804640 total
[2022-04-29T07:00:35.629+0000][160][gc,age      ] GC(74) - age   7:       6128 bytes,    1810768 total
[2022-04-29T07:00:35.629+0000][160][gc,age      ] GC(74) - age   8:       2376 bytes,    1813144 total
[2022-04-29T07:00:35.630+0000][160][gc,age      ] GC(74) - age   9:       5832 bytes,    1818976 total
[2022-04-29T07:00:35.630+0000][160][gc,age      ] GC(74) - age  10:       5080 bytes,    1824056 total
[2022-04-29T07:00:35.631+0000][160][gc,age      ] GC(74) - age  11:       8240 bytes,    1832296 total
[2022-04-29T07:00:35.632+0000][160][gc,age      ] GC(74) - age  12:       1952 bytes,    1834248 total
[2022-04-29T07:00:35.633+0000][160][gc,age      ] GC(74) - age  13:       4144 bytes,    1838392 total
[2022-04-29T07:00:35.633+0000][160][gc,age      ] GC(74) - age  14:       3920 bytes,    1842312 total
[2022-04-29T07:00:35.634+0000][160][gc,age      ] GC(74) - age  15:       4096 bytes,    1846408 total
[2022-04-29T07:00:35.634+0000][160][gc,phases   ] GC(74)   Pre Evacuate Collection Set: 0.2ms
[2022-04-29T07:00:35.636+0000][160][gc,phases   ] GC(74)   Merge Heap Roots: 0.2ms
[2022-04-29T07:00:35.636+0000][160][gc,phases   ] GC(74)   Evacuate Collection Set: 1.4ms
[2022-04-29T07:00:35.637+0000][160][gc,phases   ] GC(74)   Post Evacuate Collection Set: 0.8ms
[2022-04-29T07:00:35.637+0000][160][gc,phases   ] GC(74)   Other: 12.8ms
[2022-04-29T07:00:35.637+0000][160][gc,heap     ] GC(74) Eden regions: 75->0(75)
[2022-04-29T07:00:35.638+0000][160][gc,heap     ] GC(74) Survivor regions: 1->1(10)
[2022-04-29T07:00:35.639+0000][160][gc,heap     ] GC(74) Old regions: 22->22
[2022-04-29T07:00:35.640+0000][160][gc,heap     ] GC(74) Archive regions: 2->2
[2022-04-29T07:00:35.640+0000][160][gc,heap     ] GC(74) Humongous regions: 6->6
[2022-04-29T07:00:35.641+0000][160][gc,metaspace] GC(74) Metaspace: 116783K(118592K)->116783K(118592K) NonClass: 101244K(102272K)->101244K(102272K) Class: 15538K(16320K)->15538K(16320K)
[2022-04-29T07:00:35.641+0000][160][gc          ] GC(74) Pause Young (Normal) (G1 Evacuation Pause) 413M->114M(512M) 22.516ms
[2022-04-29T07:00:35.642+0000][160][gc,cpu      ] GC(74) User=0.01s Sys=0.00s Real=0.02s
[2022-04-29T07:00:35.643+0000][160][safepoint   ] Safepoint "G1CollectForAllocation", Time since last: 17598229300 ns, Reaching safepoint: 90667 ns, At safepoint: 23816458 ns, Total: 23907125 ns
[2022-04-29T07:00:47.661+0000][160][safepoint   ] Safepoint "Cleanup", Time since last: 12017530964 ns, Reaching safepoint: 255750 ns, At safepoint: 17625 ns, Total: 273375 ns
[2022-04-29T07:00:58.675+0000][160][safepoint   ] Safepoint "Cleanup", Time since last: 11014870963 ns, Reaching safepoint: 70292 ns, At safepoint: 2333 ns, Total: 72625 ns
[2022-04-29T07:01:23.724+0000][160][safepoint   ] Safepoint "Cleanup", Time since last: 25048457637 ns, Reaching safepoint: 150042 ns, At safepoint: 9291 ns, Total: 159333 ns
[2022-04-29T07:01:27.735+0000][160][safepoint   ] Safepoint "Cleanup", Time since last: 4010909544 ns, Reaching safepoint: 636667 ns, At safepoint: 12541 ns, Total: 649208 ns
[2022-04-29T07:01:59.917+0000][160][gc,start    ] GC(75) Pause Young (Normal) (G1 Evacuation Pause)
[2022-04-29T07:01:59.918+0000][160][gc,task     ] GC(75) Using 5 workers of 5 for evacuation
[2022-04-29T07:01:59.920+0000][160][gc,age      ] GC(75) Desired survivor size 20971520 bytes, new threshold 15 (max threshold 15)
[2022-04-29T07:01:59.924+0000][160][gc,age      ] GC(75) Age table with threshold 15 (max threshold 15)
[2022-04-29T07:01:59.925+0000][160][gc,age      ] GC(75) - age   1:     857136 bytes,     857136 total
[2022-04-29T07:01:59.926+0000][160][gc,age      ] GC(75) - age   2:       9752 bytes,     866888 total
[2022-04-29T07:01:59.929+0000][160][gc,age      ] GC(75) - age   3:       2224 bytes,     869112 total
[2022-04-29T07:01:59.930+0000][160][gc,age      ] GC(75) - age   4:      19632 bytes,     888744 total
[2022-04-29T07:01:59.931+0000][160][gc,age      ] GC(75) - age   5:       1776 bytes,     890520 total
[2022-04-29T07:01:59.933+0000][160][gc,age      ] GC(75) - age   6:       9648 bytes,     900168 total
[2022-04-29T07:01:59.934+0000][160][gc,age      ] GC(75) - age   7:      20632 bytes,     920800 total
[2022-04-29T07:01:59.935+0000][160][gc,age      ] GC(75) - age   8:       6128 bytes,     926928 total
[2022-04-29T07:01:59.936+0000][160][gc,age      ] GC(75) - age   9:       2376 bytes,     929304 total
[2022-04-29T07:01:59.937+0000][160][gc,age      ] GC(75) - age  10:       5832 bytes,     935136 total
[2022-04-29T07:01:59.938+0000][160][gc,age      ] GC(75) - age  11:       5080 bytes,     940216 total
[2022-04-29T07:01:59.939+0000][160][gc,age      ] GC(75) - age  12:       8240 bytes,     948456 total
[2022-04-29T07:01:59.940+0000][160][gc,age      ] GC(75) - age  13:       1952 bytes,     950408 total
[2022-04-29T07:01:59.941+0000][160][gc,age      ] GC(75) - age  14:       4144 bytes,     954552 total
[2022-04-29T07:01:59.943+0000][160][gc,age      ] GC(75) - age  15:       3920 bytes,     958472 total
[2022-04-29T07:01:59.944+0000][160][gc,phases   ] GC(75)   Pre Evacuate Collection Set: 0.1ms
[2022-04-29T07:01:59.945+0000][160][gc,phases   ] GC(75)   Merge Heap Roots: 0.2ms
[2022-04-29T07:01:59.946+0000][160][gc,phases   ] GC(75)   Evacuate Collection Set: 1.1ms
[2022-04-29T07:01:59.947+0000][160][gc,phases   ] GC(75)   Post Evacuate Collection Set: 1.0ms
[2022-04-29T07:01:59.948+0000][160][gc,phases   ] GC(75)   Other: 24.4ms
[2022-04-29T07:01:59.949+0000][160][gc,heap     ] GC(75) Eden regions: 75->0(75)
[2022-04-29T07:01:59.949+0000][160][gc,heap     ] GC(75) Survivor regions: 1->1(10)
[2022-04-29T07:01:59.950+0000][160][gc,heap     ] GC(75) Old regions: 22->22
[2022-04-29T07:01:59.951+0000][160][gc,heap     ] GC(75) Archive regions: 2->2
[2022-04-29T07:01:59.952+0000][160][gc,heap     ] GC(75) Humongous regions: 6->6
[2022-04-29T07:01:59.953+0000][160][gc,metaspace] GC(75) Metaspace: 116815K(118656K)->116815K(118656K) NonClass: 101276K(102336K)->101276K(102336K) Class: 15538K(16320K)->15538K(16320K)
[2022-04-29T07:01:59.954+0000][160][gc          ] GC(75) Pause Young (Normal) (G1 Evacuation Pause) 414M->113M(512M) 36.750ms
[2022-04-29T07:01:59.954+0000][160][gc,cpu      ] GC(75) User=0.01s Sys=0.00s Real=0.04s
[2022-04-29T07:01:59.955+0000][160][safepoint   ] Safepoint "G1CollectForAllocation", Time since last: 32182100974 ns, Reaching safepoint: 135583 ns, At safepoint: 38024250 ns, Total: 38159833 ns
[2022-04-29T07:02:00.959+0000][160][safepoint   ] Safepoint "Cleanup", Time since last: 1003388709 ns, Reaching safepoint: 154833 ns, At safepoint: 5375 ns, Total: 160208 ns
[2022-04-29T07:02:10.981+0000][160][safepoint   ] Safepoint "Cleanup", Time since last: 10022948380 ns, Reaching safepoint: 272916 ns, At safepoint: 5125 ns, Total: 278041 ns
[2022-04-29T07:02:13.985+0000][160][safepoint   ] Safepoint "Cleanup", Time since last: 3003295002 ns, Reaching safepoint: 129708 ns, At safepoint: 4333 ns, Total: 134041 ns
[2022-04-29T07:02:22.994+0000][160][safepoint   ] Safepoint "Cleanup", Time since last: 9009466213 ns, Reaching safepoint: 218625 ns, At safepoint: 4625 ns, Total: 223250 ns
[2022-04-29T07:02:26.001+0000][160][safepoint   ] Safepoint "Cleanup", Time since last: 3006706335 ns, Reaching safepoint: 230750 ns, At safepoint: 10875 ns, Total: 241625 ns
[2022-04-29T07:02:27.013+0000][160][safepoint   ] Safepoint "Cleanup", Time since last: 1011443250 ns, Reaching safepoint: 158917 ns, At safepoint: 4833 ns, Total: 163750 ns
[2022-04-29T07:02:29.018+0000][160][safepoint   ] Safepoint "Cleanup", Time since last: 2004520584 ns, Reaching safepoint: 180417 ns, At safepoint: 6042 ns, Total: 186459 ns
[2022-04-29T07:02:35.044+0000][160][safepoint   ] Safepoint "Cleanup", Time since last: 6026079378 ns, Reaching safepoint: 211208 ns, At safepoint: 9000 ns, Total: 220208 ns
[2022-04-29T07:02:47.071+0000][160][safepoint   ] Safepoint "Cleanup", Time since last: 12026691088 ns, Reaching safepoint: 702750 ns, At safepoint: 15250 ns, Total: 718000 ns
[2022-04-29T07:02:52.083+0000][160][safepoint   ] Safepoint "Cleanup", Time since last: 5011353628 ns, Reaching safepoint: 228167 ns, At safepoint: 8625 ns, Total: 236792 ns
[2022-04-29T07:03:00.117+0000][160][safepoint   ] Safepoint "Cleanup", Time since last: 8033962045 ns, Reaching safepoint: 104917 ns, At safepoint: 2583 ns, Total: 107500 ns
[2022-04-29T07:03:01.122+0000][160][safepoint   ] Safepoint "Cleanup", Time since last: 1005067292 ns, Reaching safepoint: 165292 ns, At safepoint: 5875 ns, Total: 171167 ns
[2022-04-29T07:03:19.512+0000][160][gc,start    ] GC(76) Pause Young (Normal) (G1 Evacuation Pause)
[2022-04-29T07:03:19.513+0000][160][gc,task     ] GC(76) Using 5 workers of 5 for evacuation
[2022-04-29T07:03:19.514+0000][160][gc,age      ] GC(76) Desired survivor size 20971520 bytes, new threshold 15 (max threshold 15)
[2022-04-29T07:03:19.517+0000][160][gc,age      ] GC(76) Age table with threshold 15 (max threshold 15)
[2022-04-29T07:03:19.518+0000][160][gc,age      ] GC(76) - age   1:    1721312 bytes,    1721312 total
[2022-04-29T07:03:19.519+0000][160][gc,age      ] GC(76) - age   2:       6216 bytes,    1727528 total
[2022-04-29T07:03:19.519+0000][160][gc,age      ] GC(76) - age   3:       7520 bytes,    1735048 total
[2022-04-29T07:03:19.520+0000][160][gc,age      ] GC(76) - age   4:       2032 bytes,    1737080 total
[2022-04-29T07:03:19.521+0000][160][gc,age      ] GC(76) - age   5:      19304 bytes,    1756384 total
[2022-04-29T07:03:19.522+0000][160][gc,age      ] GC(76) - age   6:       1776 bytes,    1758160 total
[2022-04-29T07:03:19.523+0000][160][gc,age      ] GC(76) - age   7:       9424 bytes,    1767584 total
[2022-04-29T07:03:19.524+0000][160][gc,age      ] GC(76) - age   8:       4168 bytes,    1771752 total
[2022-04-29T07:03:19.525+0000][160][gc,age      ] GC(76) - age   9:       6128 bytes,    1777880 total
[2022-04-29T07:03:19.526+0000][160][gc,age      ] GC(76) - age  10:       2376 bytes,    1780256 total
[2022-04-29T07:03:19.526+0000][160][gc,age      ] GC(76) - age  11:       5832 bytes,    1786088 total
[2022-04-29T07:03:19.527+0000][160][gc,age      ] GC(76) - age  12:       4560 bytes,    1790648 total
[2022-04-29T07:03:19.527+0000][160][gc,age      ] GC(76) - age  13:       8208 bytes,    1798856 total
[2022-04-29T07:03:19.528+0000][160][gc,age      ] GC(76) - age  14:       1952 bytes,    1800808 total
[2022-04-29T07:03:19.529+0000][160][gc,age      ] GC(76) - age  15:       4144 bytes,    1804952 total
[2022-04-29T07:03:19.530+0000][160][gc,phases   ] GC(76)   Pre Evacuate Collection Set: 0.2ms
[2022-04-29T07:03:19.530+0000][160][gc,phases   ] GC(76)   Merge Heap Roots: 0.0ms
[2022-04-29T07:03:19.531+0000][160][gc,phases   ] GC(76)   Evacuate Collection Set: 1.6ms
[2022-04-29T07:03:19.532+0000][160][gc,phases   ] GC(76)   Post Evacuate Collection Set: 1.1ms
[2022-04-29T07:03:19.532+0000][160][gc,phases   ] GC(76)   Other: 14.7ms
[2022-04-29T07:03:19.533+0000][160][gc,heap     ] GC(76) Eden regions: 75->0(75)
[2022-04-29T07:03:19.533+0000][160][gc,heap     ] GC(76) Survivor regions: 1->1(10)
[2022-04-29T07:03:19.533+0000][160][gc,heap     ] GC(76) Old regions: 22->22
[2022-04-29T07:03:19.535+0000][160][gc,heap     ] GC(76) Archive regions: 2->2
[2022-04-29T07:03:19.535+0000][160][gc,heap     ] GC(76) Humongous regions: 6->6
[2022-04-29T07:03:19.536+0000][160][gc,metaspace] GC(76) Metaspace: 116839K(118656K)->116839K(118656K) NonClass: 101300K(102336K)->101300K(102336K) Class: 15538K(16320K)->15538K(16320K)
[2022-04-29T07:03:19.537+0000][160][gc          ] GC(76) Pause Young (Normal) (G1 Evacuation Pause) 413M->114M(512M) 24.865ms
[2022-04-29T07:03:19.538+0000][160][gc,cpu      ] GC(76) User=0.01s Sys=0.00s Real=0.03s
[2022-04-29T07:03:19.538+0000][160][safepoint   ] Safepoint "G1CollectForAllocation", Time since last: 18390094591 ns, Reaching safepoint: 58959 ns, At safepoint: 26425250 ns, Total: 26484209 ns
[2022-04-29T07:03:22.542+0000][160][safepoint   ] Safepoint "Cleanup", Time since last: 3003183376 ns, Reaching safepoint: 198583 ns, At safepoint: 8459 ns, Total: 207042 ns
[2022-04-29T07:03:25.544+0000][160][safepoint   ] Safepoint "Cleanup", Time since last: 3001479376 ns, Reaching safepoint: 358750 ns, At safepoint: 7125 ns, Total: 365875 ns
[2022-04-29T07:03:27.548+0000][160][safepoint   ] Safepoint "Cleanup", Time since last: 2004022501 ns, Reaching safepoint: 194917 ns, At safepoint: 7250 ns, Total: 202167 ns
[2022-04-29T07:03:28.551+0000][160][safepoint   ] Safepoint "Cleanup", Time since last: 1002612875 ns, Reaching safepoint: 58459 ns, At safepoint: 2083 ns, Total: 60542 ns
[2022-04-29T07:03:35.577+0000][160][safepoint   ] Safepoint "Cleanup", Time since last: 7026445337 ns, Reaching safepoint: 180833 ns, At safepoint: 10333 ns, Total: 191166 ns
[2022-04-29T07:03:45.605+0000][160][safepoint   ] Safepoint "Cleanup", Time since last: 10027668212 ns, Reaching safepoint: 137792 ns, At safepoint: 5417 ns, Total: 143209 ns
[2022-04-29T07:03:52.624+0000][160][safepoint   ] Safepoint "Cleanup", Time since last: 7019189961 ns, Reaching safepoint: 93917 ns, At safepoint: 3083 ns, Total: 97000 ns
[2022-04-29T07:03:59.464+0000][160][safepoint   ] Safepoint "Cleanup", Time since last: 6840253837 ns, Reaching safepoint: 156958 ns, At safepoint: 3834 ns, Total: 160792 ns
[2022-04-29T07:04:04.473+0000][160][safepoint   ] Safepoint "Cleanup", Time since last: 5008847752 ns, Reaching safepoint: 59042 ns, At safepoint: 2041 ns, Total: 61083 ns
[2022-04-29T07:04:16.496+0000][160][safepoint   ] Safepoint "Cleanup", Time since last: 12022768339 ns, Reaching safepoint: 175250 ns, At safepoint: 5875 ns, Total: 181125 ns
[2022-04-29T07:04:31.790+0000][160][gc,start    ] GC(77) Pause Young (Normal) (G1 Evacuation Pause)
[2022-04-29T07:04:31.791+0000][160][gc,task     ] GC(77) Using 5 workers of 5 for evacuation
[2022-04-29T07:04:31.792+0000][160][gc,age      ] GC(77) Desired survivor size 20971520 bytes, new threshold 15 (max threshold 15)
[2022-04-29T07:04:31.796+0000][160][gc,age      ] GC(77) Age table with threshold 15 (max threshold 15)
[2022-04-29T07:04:31.797+0000][160][gc,age      ] GC(77) - age   1:     897840 bytes,     897840 total
[2022-04-29T07:04:31.797+0000][160][gc,age      ] GC(77) - age   2:      99128 bytes,     996968 total
[2022-04-29T07:04:31.798+0000][160][gc,age      ] GC(77) - age   3:       3624 bytes,    1000592 total
[2022-04-29T07:04:31.800+0000][160][gc,age      ] GC(77) - age   4:       6752 bytes,    1007344 total
[2022-04-29T07:04:31.801+0000][160][gc,age      ] GC(77) - age   5:       1712 bytes,    1009056 total
[2022-04-29T07:04:31.802+0000][160][gc,age      ] GC(77) - age   6:      18880 bytes,    1027936 total
[2022-04-29T07:04:31.803+0000][160][gc,age      ] GC(77) - age   7:       1464 bytes,    1029400 total
[2022-04-29T07:04:31.803+0000][160][gc,age      ] GC(77) - age   8:       9392 bytes,    1038792 total
[2022-04-29T07:04:31.804+0000][160][gc,age      ] GC(77) - age   9:       2000 bytes,    1040792 total
[2022-04-29T07:04:31.805+0000][160][gc,age      ] GC(77) - age  10:       6128 bytes,    1046920 total
[2022-04-29T07:04:31.806+0000][160][gc,age      ] GC(77) - age  11:       2376 bytes,    1049296 total
[2022-04-29T07:04:31.806+0000][160][gc,age      ] GC(77) - age  12:       5832 bytes,    1055128 total
[2022-04-29T07:04:31.807+0000][160][gc,age      ] GC(77) - age  13:       4520 bytes,    1059648 total
[2022-04-29T07:04:31.807+0000][160][gc,age      ] GC(77) - age  14:       7816 bytes,    1067464 total
[2022-04-29T07:04:31.808+0000][160][gc,age      ] GC(77) - age  15:       1952 bytes,    1069416 total
[2022-04-29T07:04:31.809+0000][160][gc,phases   ] GC(77)   Pre Evacuate Collection Set: 0.4ms
[2022-04-29T07:04:31.810+0000][160][gc,phases   ] GC(77)   Merge Heap Roots: 0.2ms
[2022-04-29T07:04:31.810+0000][160][gc,phases   ] GC(77)   Evacuate Collection Set: 1.1ms
[2022-04-29T07:04:31.811+0000][160][gc,phases   ] GC(77)   Post Evacuate Collection Set: 0.8ms
[2022-04-29T07:04:31.812+0000][160][gc,phases   ] GC(77)   Other: 16.1ms
[2022-04-29T07:04:31.813+0000][160][gc,heap     ] GC(77) Eden regions: 75->0(75)
[2022-04-29T07:04:31.814+0000][160][gc,heap     ] GC(77) Survivor regions: 1->1(10)
[2022-04-29T07:04:31.815+0000][160][gc,heap     ] GC(77) Old regions: 22->22
[2022-04-29T07:04:31.815+0000][160][gc,heap     ] GC(77) Archive regions: 2->2
[2022-04-29T07:04:31.815+0000][160][gc,heap     ] GC(77) Humongous regions: 6->6
[2022-04-29T07:04:31.816+0000][160][gc,metaspace] GC(77) Metaspace: 116859K(118656K)->116859K(118656K) NonClass: 101318K(102336K)->101318K(102336K) Class: 15540K(16320K)->15540K(16320K)
[2022-04-29T07:04:31.817+0000][160][gc          ] GC(77) Pause Young (Normal) (G1 Evacuation Pause) 414M->113M(512M) 26.457ms
[2022-04-29T07:04:31.818+0000][160][gc,cpu      ] GC(77) User=0.01s Sys=0.00s Real=0.03s
[2022-04-29T07:04:31.819+0000][160][safepoint   ] Safepoint "G1CollectForAllocation", Time since last: 15294309882 ns, Reaching safepoint: 180667 ns, At safepoint: 28608750 ns, Total: 28789417 ns
[2022-04-29T07:04:35.834+0000][160][safepoint   ] Safepoint "Cleanup", Time since last: 4015026085 ns, Reaching safepoint: 456500 ns, At safepoint: 16459 ns, Total: 472959 ns
[2022-04-29T07:04:43.859+0000][160][safepoint   ] Safepoint "Cleanup", Time since last: 8024165795 ns, Reaching safepoint: 234833 ns, At safepoint: 8042 ns, Total: 242875 ns
[2022-04-29T07:04:48.885+0000][160][safepoint   ] Safepoint "Cleanup", Time since last: 5025272752 ns, Reaching safepoint: 1296167 ns, At safepoint: 13917 ns, Total: 1310084 ns
[2022-04-29T07:04:52.903+0000][160][safepoint   ] Safepoint "Cleanup", Time since last: 4017523793 ns, Reaching safepoint: 151167 ns, At safepoint: 4000 ns, Total: 155167 ns
[2022-04-29T07:04:58.918+0000][160][safepoint   ] Safepoint "Cleanup", Time since last: 6015172878 ns, Reaching safepoint: 74166 ns, At safepoint: 2459 ns, Total: 76625 ns
[2022-04-29T07:05:04.927+0000][160][safepoint   ] Safepoint "Cleanup", Time since last: 6009171544 ns, Reaching safepoint: 96167 ns, At safepoint: 4250 ns, Total: 100417 ns
[2022-04-29T07:05:08.943+0000][160][safepoint   ] Safepoint "Cleanup", Time since last: 4014862001 ns, Reaching safepoint: 590292 ns, At safepoint: 10458 ns, Total: 600750 ns
[2022-04-29T07:05:16.966+0000][160][safepoint   ] Safepoint "Cleanup", Time since last: 8023045171 ns, Reaching safepoint: 94541 ns, At safepoint: 2792 ns, Total: 97333 ns
[2022-04-29T07:05:23.982+0000][160][safepoint   ] Safepoint "Cleanup", Time since last: 7015603503 ns, Reaching safepoint: 154292 ns, At safepoint: 6542 ns, Total: 160834 ns
[2022-04-29T07:05:26.002+0000][160][safepoint   ] Safepoint "Cleanup", Time since last: 2020181001 ns, Reaching safepoint: 238083 ns, At safepoint: 7583 ns, Total: 245666 ns
[2022-04-29T07:05:27.009+0000][160][safepoint   ] Safepoint "Cleanup", Time since last: 1006467751 ns, Reaching safepoint: 261250 ns, At safepoint: 8125 ns, Total: 269375 ns
[2022-04-29T07:05:35.031+0000][160][safepoint   ] Safepoint "Cleanup", Time since last: 8021881754 ns, Reaching safepoint: 402333 ns, At safepoint: 5583 ns, Total: 407916 ns
[2022-04-29T07:05:36.033+0000][160][safepoint   ] Safepoint "Cleanup", Time since last: 1001644042 ns, Reaching safepoint: 233834 ns, At safepoint: 5041 ns, Total: 238875 ns
[2022-04-29T07:05:46.053+0000][160][safepoint   ] Safepoint "Cleanup", Time since last: 10019885172 ns, Reaching safepoint: 287125 ns, At safepoint: 10833 ns, Total: 297958 ns
[2022-04-29T07:05:47.057+0000][160][safepoint   ] Safepoint "Cleanup", Time since last: 1004484917 ns, Reaching safepoint: 114792 ns, At safepoint: 4500 ns, Total: 119292 ns
[2022-04-29T07:05:52.548+0000][160][gc,start    ] GC(78) Pause Young (Normal) (G1 Evacuation Pause)
[2022-04-29T07:05:52.549+0000][160][gc,task     ] GC(78) Using 5 workers of 5 for evacuation
[2022-04-29T07:05:52.549+0000][160][gc,age      ] GC(78) Desired survivor size 20971520 bytes, new threshold 15 (max threshold 15)
[2022-04-29T07:05:52.552+0000][160][gc,age      ] GC(78) Age table with threshold 15 (max threshold 15)
[2022-04-29T07:05:52.554+0000][160][gc,age      ] GC(78) - age   1:    1474384 bytes,    1474384 total
[2022-04-29T07:05:52.554+0000][160][gc,age      ] GC(78) - age   2:      74624 bytes,    1549008 total
[2022-04-29T07:05:52.555+0000][160][gc,age      ] GC(78) - age   3:      88696 bytes,    1637704 total
[2022-04-29T07:05:52.555+0000][160][gc,age      ] GC(78) - age   4:       2736 bytes,    1640440 total
[2022-04-29T07:05:52.556+0000][160][gc,age      ] GC(78) - age   5:       6512 bytes,    1646952 total
[2022-04-29T07:05:52.556+0000][160][gc,age      ] GC(78) - age   6:       1712 bytes,    1648664 total
[2022-04-29T07:05:52.557+0000][160][gc,age      ] GC(78) - age   7:      18880 bytes,    1667544 total
[2022-04-29T07:05:52.558+0000][160][gc,age      ] GC(78) - age   8:       1464 bytes,    1669008 total
[2022-04-29T07:05:52.558+0000][160][gc,age      ] GC(78) - age   9:       9392 bytes,    1678400 total
[2022-04-29T07:05:52.559+0000][160][gc,age      ] GC(78) - age  10:       2000 bytes,    1680400 total
[2022-04-29T07:05:52.560+0000][160][gc,age      ] GC(78) - age  11:       6128 bytes,    1686528 total
[2022-04-29T07:05:52.561+0000][160][gc,age      ] GC(78) - age  12:       2376 bytes,    1688904 total
[2022-04-29T07:05:52.561+0000][160][gc,age      ] GC(78) - age  13:       5832 bytes,    1694736 total
[2022-04-29T07:05:52.562+0000][160][gc,age      ] GC(78) - age  14:       4520 bytes,    1699256 total
[2022-04-29T07:05:52.562+0000][160][gc,age      ] GC(78) - age  15:       7816 bytes,    1707072 total
[2022-04-29T07:05:52.563+0000][160][gc,phases   ] GC(78)   Pre Evacuate Collection Set: 0.1ms
[2022-04-29T07:05:52.564+0000][160][gc,phases   ] GC(78)   Merge Heap Roots: 0.0ms
[2022-04-29T07:05:52.564+0000][160][gc,phases   ] GC(78)   Evacuate Collection Set: 1.2ms
[2022-04-29T07:05:52.565+0000][160][gc,phases   ] GC(78)   Post Evacuate Collection Set: 0.8ms
[2022-04-29T07:05:52.566+0000][160][gc,phases   ] GC(78)   Other: 13.1ms
[2022-04-29T07:05:52.566+0000][160][gc,heap     ] GC(78) Eden regions: 75->0(75)
[2022-04-29T07:05:52.567+0000][160][gc,heap     ] GC(78) Survivor regions: 1->1(10)
[2022-04-29T07:05:52.568+0000][160][gc,heap     ] GC(78) Old regions: 22->22
[2022-04-29T07:05:52.568+0000][160][gc,heap     ] GC(78) Archive regions: 2->2
[2022-04-29T07:05:52.569+0000][160][gc,heap     ] GC(78) Humongous regions: 6->6
[2022-04-29T07:05:52.570+0000][160][gc,metaspace] GC(78) Metaspace: 116886K(118720K)->116886K(118720K) NonClass: 101345K(102400K)->101345K(102400K) Class: 15540K(16320K)->15540K(16320K)
[2022-04-29T07:05:52.570+0000][160][gc          ] GC(78) Pause Young (Normal) (G1 Evacuation Pause) 413M->114M(512M) 22.155ms
[2022-04-29T07:05:52.571+0000][160][gc,cpu      ] GC(78) User=0.01s Sys=0.01s Real=0.02s
[2022-04-29T07:05:52.572+0000][160][safepoint   ] Safepoint "G1CollectForAllocation", Time since last: 5490747419 ns, Reaching safepoint: 45375 ns, At safepoint: 23468042 ns, Total: 23513417 ns
[2022-04-29T07:05:53.576+0000][160][safepoint   ] Safepoint "Cleanup", Time since last: 1003661292 ns, Reaching safepoint: 935083 ns, At safepoint: 11459 ns, Total: 946542 ns
[2022-04-29T07:06:20.626+0000][160][safepoint   ] Safepoint "Cleanup", Time since last: 27049981178 ns, Reaching safepoint: 272417 ns, At safepoint: 12208 ns, Total: 284625 ns
[2022-04-29T07:06:23.635+0000][160][safepoint   ] Safepoint "Cleanup", Time since last: 3007666502 ns, Reaching safepoint: 731208 ns, At safepoint: 118167 ns, Total: 849375 ns
[2022-04-29T07:06:25.640+0000][160][safepoint   ] Safepoint "Cleanup", Time since last: 2004453501 ns, Reaching safepoint: 284375 ns, At safepoint: 11291 ns, Total: 295666 ns
[2022-04-29T07:06:27.648+0000][160][safepoint   ] Safepoint "Cleanup", Time since last: 2007965709 ns, Reaching safepoint: 179625 ns, At safepoint: 75042 ns, Total: 254667 ns
[2022-04-29T07:06:34.661+0000][160][safepoint   ] Safepoint "Cleanup", Time since last: 7013363087 ns, Reaching safepoint: 119000 ns, At safepoint: 4416 ns, Total: 123416 ns
[2022-04-29T07:06:37.670+0000][160][safepoint   ] Safepoint "Cleanup", Time since last: 3008194835 ns, Reaching safepoint: 126209 ns, At safepoint: 6500 ns, Total: 132709 ns
[2022-04-29T07:06:39.683+0000][160][safepoint   ] Safepoint "Cleanup", Time since last: 2013044792 ns, Reaching safepoint: 723833 ns, At safepoint: 9084 ns, Total: 732917 ns
[2022-04-29T07:06:40.692+0000][160][safepoint   ] Safepoint "Cleanup", Time since last: 1008723542 ns, Reaching safepoint: 76916 ns, At safepoint: 24584 ns, Total: 101500 ns
[2022-04-29T07:06:49.704+0000][160][safepoint   ] Safepoint "Cleanup", Time since last: 9011975712 ns, Reaching safepoint: 319500 ns, At safepoint: 19250 ns, Total: 338750 ns
[2022-04-29T07:06:52.710+0000][160][safepoint   ] Safepoint "Cleanup", Time since last: 3005318627 ns, Reaching safepoint: 101791 ns, At safepoint: 4292 ns, Total: 106083 ns
[2022-04-29T07:06:54.721+0000][160][safepoint   ] Safepoint "Cleanup", Time since last: 2011218793 ns, Reaching safepoint: 222708 ns, At safepoint: 5833 ns, Total: 228541 ns
[2022-04-29T07:07:07.757+0000][160][safepoint   ] Safepoint "Cleanup", Time since last: 13035697965 ns, Reaching safepoint: 180625 ns, At safepoint: 3917 ns, Total: 184542 ns
[2022-04-29T07:07:09.763+0000][160][safepoint   ] Safepoint "Cleanup", Time since last: 2006246167 ns, Reaching safepoint: 395333 ns, At safepoint: 44917 ns, Total: 440250 ns
[2022-04-29T07:07:10.759+0000][160][gc,start    ] GC(79) Pause Young (Normal) (G1 Evacuation Pause)
[2022-04-29T07:07:10.760+0000][160][gc,task     ] GC(79) Using 5 workers of 5 for evacuation
[2022-04-29T07:07:10.761+0000][160][gc,age      ] GC(79) Desired survivor size 20971520 bytes, new threshold 15 (max threshold 15)
[2022-04-29T07:07:10.764+0000][160][gc,age      ] GC(79) Age table with threshold 15 (max threshold 15)
[2022-04-29T07:07:10.765+0000][160][gc,age      ] GC(79) - age   1:    1635400 bytes,    1635400 total
[2022-04-29T07:07:10.765+0000][160][gc,age      ] GC(79) - age   2:     243568 bytes,    1878968 total
[2022-04-29T07:07:10.766+0000][160][gc,age      ] GC(79) - age   3:      72624 bytes,    1951592 total
[2022-04-29T07:07:10.767+0000][160][gc,age      ] GC(79) - age   4:      87888 bytes,    2039480 total
[2022-04-29T07:07:10.767+0000][160][gc,age      ] GC(79) - age   5:       2480 bytes,    2041960 total
[2022-04-29T07:07:10.768+0000][160][gc,age      ] GC(79) - age   6:       6288 bytes,    2048248 total
[2022-04-29T07:07:10.769+0000][160][gc,age      ] GC(79) - age   7:       1712 bytes,    2049960 total
[2022-04-29T07:07:10.770+0000][160][gc,age      ] GC(79) - age   8:      18880 bytes,    2068840 total
[2022-04-29T07:07:10.770+0000][160][gc,age      ] GC(79) - age   9:       1464 bytes,    2070304 total
[2022-04-29T07:07:10.771+0000][160][gc,age      ] GC(79) - age  10:       9392 bytes,    2079696 total
[2022-04-29T07:07:10.772+0000][160][gc,age      ] GC(79) - age  11:       2000 bytes,    2081696 total
[2022-04-29T07:07:10.772+0000][160][gc,age      ] GC(79) - age  12:       6128 bytes,    2087824 total
[2022-04-29T07:07:10.773+0000][160][gc,age      ] GC(79) - age  13:       2376 bytes,    2090200 total
[2022-04-29T07:07:10.773+0000][160][gc,age      ] GC(79) - age  14:       5832 bytes,    2096032 total
[2022-04-29T07:07:10.774+0000][160][gc,age      ] GC(79) - age  15:       4520 bytes,    2100552 total
[2022-04-29T07:07:10.775+0000][160][gc,phases   ] GC(79)   Pre Evacuate Collection Set: 0.1ms
[2022-04-29T07:07:10.776+0000][160][gc,phases   ] GC(79)   Merge Heap Roots: 0.2ms
[2022-04-29T07:07:10.776+0000][160][gc,phases   ] GC(79)   Evacuate Collection Set: 1.3ms
[2022-04-29T07:07:10.777+0000][160][gc,phases   ] GC(79)   Post Evacuate Collection Set: 0.9ms
[2022-04-29T07:07:10.778+0000][160][gc,phases   ] GC(79)   Other: 13.1ms
[2022-04-29T07:07:10.778+0000][160][gc,heap     ] GC(79) Eden regions: 75->0(75)
[2022-04-29T07:07:10.779+0000][160][gc,heap     ] GC(79) Survivor regions: 1->1(10)
[2022-04-29T07:07:10.780+0000][160][gc,heap     ] GC(79) Old regions: 22->22
[2022-04-29T07:07:10.780+0000][160][gc,heap     ] GC(79) Archive regions: 2->2
[2022-04-29T07:07:10.781+0000][160][gc,heap     ] GC(79) Humongous regions: 6->6
[2022-04-29T07:07:10.782+0000][160][gc,metaspace] GC(79) Metaspace: 116956K(118784K)->116956K(118784K) NonClass: 101415K(102464K)->101415K(102464K) Class: 15541K(16320K)->15541K(16320K)
[2022-04-29T07:07:10.782+0000][160][gc          ] GC(79) Pause Young (Normal) (G1 Evacuation Pause) 414M->114M(512M) 22.944ms
[2022-04-29T07:07:10.783+0000][160][gc,cpu      ] GC(79) User=0.01s Sys=0.00s Real=0.03s
[2022-04-29T07:07:10.784+0000][160][safepoint   ] Safepoint "G1CollectForAllocation", Time since last: 995822500 ns, Reaching safepoint: 240667 ns, At safepoint: 24417625 ns, Total: 24658292 ns
[2022-04-29T07:07:16.802+0000][160][safepoint   ] Safepoint "Cleanup", Time since last: 6018521669 ns, Reaching safepoint: 93834 ns, At safepoint: 3541 ns, Total: 97375 ns
[2022-04-29T07:07:17.806+0000][160][safepoint   ] Safepoint "Cleanup", Time since last: 1003323251 ns, Reaching safepoint: 266291 ns, At safepoint: 10375 ns, Total: 276666 ns
[2022-04-29T07:07:21.817+0000][160][safepoint   ] Safepoint "Cleanup", Time since last: 4010874877 ns, Reaching safepoint: 174542 ns, At safepoint: 48083 ns, Total: 222625 ns
[2022-04-29T07:07:27.828+0000][160][safepoint   ] Safepoint "Cleanup", Time since last: 6010004212 ns, Reaching safepoint: 1210750 ns, At safepoint: 13958 ns, Total: 1224708 ns
[2022-04-29T07:07:28.835+0000][160][safepoint   ] Safepoint "Cleanup", Time since last: 1005893625 ns, Reaching safepoint: 358292 ns, At safepoint: 10667 ns, Total: 368959 ns
[2022-04-29T07:07:32.840+0000][160][safepoint   ] Safepoint "Cleanup", Time since last: 4005219627 ns, Reaching safepoint: 428875 ns, At safepoint: 10583 ns, Total: 439458 ns
[2022-04-29T07:07:46.861+0000][160][safepoint   ] Safepoint "Cleanup", Time since last: 14021328589 ns, Reaching safepoint: 150417 ns, At safepoint: 13167 ns, Total: 163584 ns
[2022-04-29T07:07:52.872+0000][160][safepoint   ] Safepoint "Cleanup", Time since last: 6010571169 ns, Reaching safepoint: 65167 ns, At safepoint: 1875 ns, Total: 67042 ns
[2022-04-29T07:08:10.913+0000][160][safepoint   ] Safepoint "Cleanup", Time since last: 18041277133 ns, Reaching safepoint: 123917 ns, At safepoint: 5416 ns, Total: 129333 ns
[2022-04-29T07:08:22.934+0000][160][safepoint   ] Safepoint "Cleanup", Time since last: 12020220381 ns, Reaching safepoint: 212709 ns, At safepoint: 5416 ns, Total: 218125 ns
[2022-04-29T07:08:26.943+0000][160][safepoint   ] Safepoint "Cleanup", Time since last: 4008830502 ns, Reaching safepoint: 325708 ns, At safepoint: 9334 ns, Total: 335042 ns
[2022-04-29T07:08:27.952+0000][160][safepoint   ] Safepoint "Cleanup", Time since last: 1008453250 ns, Reaching safepoint: 558334 ns, At safepoint: 22958 ns, Total: 581292 ns
[2022-04-29T07:08:28.619+0000][160][gc,start    ] GC(80) Pause Young (Normal) (G1 Evacuation Pause)
[2022-04-29T07:08:28.619+0000][160][gc,task     ] GC(80) Using 5 workers of 5 for evacuation
[2022-04-29T07:08:28.620+0000][160][gc,age      ] GC(80) Desired survivor size 20971520 bytes, new threshold 15 (max threshold 15)
[2022-04-29T07:08:28.623+0000][160][gc,age      ] GC(80) Age table with threshold 15 (max threshold 15)
[2022-04-29T07:08:28.624+0000][160][gc,age      ] GC(80) - age   1:    1053208 bytes,    1053208 total
[2022-04-29T07:08:28.624+0000][160][gc,age      ] GC(80) - age   2:      11072 bytes,    1064280 total
[2022-04-29T07:08:28.625+0000][160][gc,age      ] GC(80) - age   3:     241112 bytes,    1305392 total
[2022-04-29T07:08:28.626+0000][160][gc,age      ] GC(80) - age   4:      72432 bytes,    1377824 total
[2022-04-29T07:08:28.627+0000][160][gc,age      ] GC(80) - age   5:      87432 bytes,    1465256 total
[2022-04-29T07:08:28.627+0000][160][gc,age      ] GC(80) - age   6:       2480 bytes,    1467736 total
[2022-04-29T07:08:28.628+0000][160][gc,age      ] GC(80) - age   7:       6288 bytes,    1474024 total
[2022-04-29T07:08:28.629+0000][160][gc,age      ] GC(80) - age   8:       1712 bytes,    1475736 total
[2022-04-29T07:08:28.630+0000][160][gc,age      ] GC(80) - age   9:      18880 bytes,    1494616 total
[2022-04-29T07:08:28.631+0000][160][gc,age      ] GC(80) - age  10:       1464 bytes,    1496080 total
[2022-04-29T07:08:28.631+0000][160][gc,age      ] GC(80) - age  11:       9392 bytes,    1505472 total
[2022-04-29T07:08:28.632+0000][160][gc,age      ] GC(80) - age  12:       2000 bytes,    1507472 total
[2022-04-29T07:08:28.633+0000][160][gc,age      ] GC(80) - age  13:       6128 bytes,    1513600 total
[2022-04-29T07:08:28.634+0000][160][gc,age      ] GC(80) - age  14:       2376 bytes,    1515976 total
[2022-04-29T07:08:28.634+0000][160][gc,age      ] GC(80) - age  15:       5832 bytes,    1521808 total
[2022-04-29T07:08:28.635+0000][160][gc,phases   ] GC(80)   Pre Evacuate Collection Set: 0.1ms
[2022-04-29T07:08:28.635+0000][160][gc,phases   ] GC(80)   Merge Heap Roots: 0.1ms
[2022-04-29T07:08:28.636+0000][160][gc,phases   ] GC(80)   Evacuate Collection Set: 1.2ms
[2022-04-29T07:08:28.636+0000][160][gc,phases   ] GC(80)   Post Evacuate Collection Set: 0.7ms
[2022-04-29T07:08:28.637+0000][160][gc,phases   ] GC(80)   Other: 14.3ms
[2022-04-29T07:08:28.638+0000][160][gc,heap     ] GC(80) Eden regions: 75->0(75)
[2022-04-29T07:08:28.638+0000][160][gc,heap     ] GC(80) Survivor regions: 1->1(10)
[2022-04-29T07:08:28.639+0000][160][gc,heap     ] GC(80) Old regions: 22->22
[2022-04-29T07:08:28.639+0000][160][gc,heap     ] GC(80) Archive regions: 2->2
[2022-04-29T07:08:28.640+0000][160][gc,heap     ] GC(80) Humongous regions: 6->6
[2022-04-29T07:08:28.640+0000][160][gc,metaspace] GC(80) Metaspace: 117015K(118848K)->117015K(118848K) NonClass: 101472K(102528K)->101472K(102528K) Class: 15542K(16320K)->15542K(16320K)
[2022-04-29T07:08:28.641+0000][160][gc          ] GC(80) Pause Young (Normal) (G1 Evacuation Pause) 414M->114M(512M) 22.505ms
[2022-04-29T07:08:28.642+0000][160][gc,cpu      ] GC(80) User=0.01s Sys=0.00s Real=0.03s
[2022-04-29T07:08:28.642+0000][160][safepoint   ] Safepoint "G1CollectForAllocation", Time since last: 666593959 ns, Reaching safepoint: 92958 ns, At safepoint: 23799375 ns, Total: 23892333 ns
[2022-04-29T07:08:29.646+0000][160][safepoint   ] Safepoint "Cleanup", Time since last: 1003387792 ns, Reaching safepoint: 212500 ns, At safepoint: 7792 ns, Total: 220292 ns
[2022-04-29T07:08:32.652+0000][160][safepoint   ] Safepoint "Cleanup", Time since last: 3005324876 ns, Reaching safepoint: 72375 ns, At safepoint: 140750 ns, Total: 213125 ns
[2022-04-29T07:08:47.670+0000][160][safepoint   ] Safepoint "Cleanup", Time since last: 15018234423 ns, Reaching safepoint: 263917 ns, At safepoint: 4708 ns, Total: 268625 ns
[2022-04-29T07:08:52.678+0000][160][safepoint   ] Safepoint "Cleanup", Time since last: 5008821252 ns, Reaching safepoint: 56584 ns, At safepoint: 2250 ns, Total: 58834 ns
[2022-04-29T07:08:53.687+0000][160][safepoint   ] Safepoint "Cleanup", Time since last: 1003691792 ns, Reaching safepoint: 5270292 ns, At safepoint: 39416 ns, Total: 5309708 ns
[2022-04-29T07:09:32.743+0000][160][safepoint   ] Safepoint "Cleanup", Time since last: 39055368602 ns, Reaching safepoint: 214875 ns, At safepoint: 6875 ns, Total: 221750 ns
[2022-04-29T07:09:35.761+0000][160][safepoint   ] Safepoint "Cleanup", Time since last: 3018011709 ns, Reaching safepoint: 198000 ns, At safepoint: 4500 ns, Total: 202500 ns
[2022-04-29T07:09:37.767+0000][160][safepoint   ] Safepoint "Cleanup", Time since last: 2006141668 ns, Reaching safepoint: 91500 ns, At safepoint: 10750 ns, Total: 102250 ns
[2022-04-29T07:09:46.648+0000][160][gc,start    ] GC(81) Pause Young (Normal) (G1 Evacuation Pause)
[2022-04-29T07:09:46.649+0000][160][gc,task     ] GC(81) Using 5 workers of 5 for evacuation
[2022-04-29T07:09:46.650+0000][160][gc,age      ] GC(81) Desired survivor size 20971520 bytes, new threshold 15 (max threshold 15)
[2022-04-29T07:09:46.653+0000][160][gc,age      ] GC(81) Age table with threshold 15 (max threshold 15)
[2022-04-29T07:09:46.655+0000][160][gc,age      ] GC(81) - age   1:    1621152 bytes,    1621152 total
[2022-04-29T07:09:46.657+0000][160][gc,age      ] GC(81) - age   2:      66968 bytes,    1688120 total
[2022-04-29T07:09:46.659+0000][160][gc,age      ] GC(81) - age   3:       6400 bytes,    1694520 total
[2022-04-29T07:09:46.659+0000][160][gc,age      ] GC(81) - age   4:     102400 bytes,    1796920 total
[2022-04-29T07:09:46.660+0000][160][gc,age      ] GC(81) - age   5:      71856 bytes,    1868776 total
[2022-04-29T07:09:46.661+0000][160][gc,age      ] GC(81) - age   6:      87368 bytes,    1956144 total
[2022-04-29T07:09:46.662+0000][160][gc,age      ] GC(81) - age   7:       2480 bytes,    1958624 total
[2022-04-29T07:09:46.662+0000][160][gc,age      ] GC(81) - age   8:       6288 bytes,    1964912 total
[2022-04-29T07:09:46.663+0000][160][gc,age      ] GC(81) - age   9:       1712 bytes,    1966624 total
[2022-04-29T07:09:46.664+0000][160][gc,age      ] GC(81) - age  10:      18880 bytes,    1985504 total
[2022-04-29T07:09:46.664+0000][160][gc,age      ] GC(81) - age  11:       1464 bytes,    1986968 total
[2022-04-29T07:09:46.665+0000][160][gc,age      ] GC(81) - age  12:       9392 bytes,    1996360 total
[2022-04-29T07:09:46.666+0000][160][gc,age      ] GC(81) - age  13:       2000 bytes,    1998360 total
[2022-04-29T07:09:46.667+0000][160][gc,age      ] GC(81) - age  14:       6128 bytes,    2004488 total
[2022-04-29T07:09:46.668+0000][160][gc,age      ] GC(81) - age  15:       2376 bytes,    2006864 total
[2022-04-29T07:09:46.668+0000][160][gc,phases   ] GC(81)   Pre Evacuate Collection Set: 0.1ms
[2022-04-29T07:09:46.669+0000][160][gc,phases   ] GC(81)   Merge Heap Roots: 0.1ms
[2022-04-29T07:09:46.670+0000][160][gc,phases   ] GC(81)   Evacuate Collection Set: 1.3ms
[2022-04-29T07:09:46.670+0000][160][gc,phases   ] GC(81)   Post Evacuate Collection Set: 0.8ms
[2022-04-29T07:09:46.671+0000][160][gc,phases   ] GC(81)   Other: 17.9ms
[2022-04-29T07:09:46.672+0000][160][gc,heap     ] GC(81) Eden regions: 75->0(75)
[2022-04-29T07:09:46.672+0000][160][gc,heap     ] GC(81) Survivor regions: 1->1(10)
[2022-04-29T07:09:46.673+0000][160][gc,heap     ] GC(81) Old regions: 22->22
[2022-04-29T07:09:46.674+0000][160][gc,heap     ] GC(81) Archive regions: 2->2
[2022-04-29T07:09:46.675+0000][160][gc,heap     ] GC(81) Humongous regions: 6->6
[2022-04-29T07:09:46.676+0000][160][gc,metaspace] GC(81) Metaspace: 117020K(118848K)->117020K(118848K) NonClass: 101477K(102528K)->101477K(102528K) Class: 15542K(16320K)->15542K(16320K)
[2022-04-29T07:09:46.676+0000][160][gc          ] GC(81) Pause Young (Normal) (G1 Evacuation Pause) 414M->114M(512M) 28.240ms
[2022-04-29T07:09:46.677+0000][160][gc,cpu      ] GC(81) User=0.01s Sys=0.01s Real=0.03s
[2022-04-29T07:09:46.678+0000][160][safepoint   ] Safepoint "G1CollectForAllocation", Time since last: 8881166795 ns, Reaching safepoint: 80208 ns, At safepoint: 30177250 ns, Total: 30257458 ns
[2022-04-29T07:09:53.689+0000][160][safepoint   ] Safepoint "Cleanup", Time since last: 7010256962 ns, Reaching safepoint: 226042 ns, At safepoint: 3375 ns, Total: 229417 ns
[2022-04-29T07:10:07.722+0000][160][safepoint   ] Safepoint "Cleanup", Time since last: 14033022840 ns, Reaching safepoint: 301458 ns, At safepoint: 5042 ns, Total: 306500 ns
[2022-04-29T07:10:08.723+0000][160][safepoint   ] Safepoint "Cleanup", Time since last: 1001184125 ns, Reaching safepoint: 195708 ns, At safepoint: 3917 ns, Total: 199625 ns
[2022-04-29T07:10:09.729+0000][160][safepoint   ] Safepoint "Cleanup", Time since last: 1005583541 ns, Reaching safepoint: 263500 ns, At safepoint: 10084 ns, Total: 273584 ns
[2022-04-29T07:10:10.733+0000][160][safepoint   ] Safepoint "Cleanup", Time since last: 1003683250 ns, Reaching safepoint: 87667 ns, At safepoint: 3666 ns, Total: 91333 ns
[2022-04-29T07:10:12.735+0000][160][safepoint   ] Safepoint "Cleanup", Time since last: 2001740001 ns, Reaching safepoint: 193000 ns, At safepoint: 15917 ns, Total: 208917 ns
[2022-04-29T07:10:18.740+0000][160][safepoint   ] Safepoint "Cleanup", Time since last: 6004712711 ns, Reaching safepoint: 295500 ns, At safepoint: 7250 ns, Total: 302750 ns
[2022-04-29T07:10:23.754+0000][160][safepoint   ] Safepoint "Cleanup", Time since last: 5014127961 ns, Reaching safepoint: 102417 ns, At safepoint: 25708 ns, Total: 128125 ns
[2022-04-29T07:10:27.766+0000][160][safepoint   ] Safepoint "Cleanup", Time since last: 4011297919 ns, Reaching safepoint: 153000 ns, At safepoint: 5125 ns, Total: 158125 ns
[2022-04-29T07:10:41.802+0000][160][safepoint   ] Safepoint "Cleanup", Time since last: 14036322672 ns, Reaching safepoint: 236375 ns, At safepoint: 9167 ns, Total: 245542 ns
[2022-04-29T07:10:42.826+0000][160][safepoint   ] Safepoint "Cleanup", Time since last: 1024420458 ns, Reaching safepoint: 209834 ns, At safepoint: 15166 ns, Total: 225000 ns
[2022-04-29T07:10:58.912+0000][160][gc,start    ] GC(82) Pause Young (Normal) (G1 Evacuation Pause)
[2022-04-29T07:10:58.913+0000][160][gc,task     ] GC(82) Using 5 workers of 5 for evacuation
[2022-04-29T07:10:58.913+0000][160][gc,age      ] GC(82) Desired survivor size 20971520 bytes, new threshold 15 (max threshold 15)
[2022-04-29T07:10:58.917+0000][160][gc,age      ] GC(82) Age table with threshold 15 (max threshold 15)
[2022-04-29T07:10:58.918+0000][160][gc,age      ] GC(82) - age   1:    2147144 bytes,    2147144 total
[2022-04-29T07:10:58.919+0000][160][gc,age      ] GC(82) - age   2:     323648 bytes,    2470792 total
[2022-04-29T07:10:58.920+0000][160][gc,age      ] GC(82) - age   3:      65384 bytes,    2536176 total
[2022-04-29T07:10:58.920+0000][160][gc,age      ] GC(82) - age   4:       6048 bytes,    2542224 total
[2022-04-29T07:10:58.921+0000][160][gc,age      ] GC(82) - age   5:     102160 bytes,    2644384 total
[2022-04-29T07:10:58.922+0000][160][gc,age      ] GC(82) - age   6:      71728 bytes,    2716112 total
[2022-04-29T07:10:58.923+0000][160][gc,age      ] GC(82) - age   7:      69592 bytes,    2785704 total
[2022-04-29T07:10:58.924+0000][160][gc,age      ] GC(82) - age   8:       2480 bytes,    2788184 total
[2022-04-29T07:10:58.925+0000][160][gc,age      ] GC(82) - age   9:       6288 bytes,    2794472 total
[2022-04-29T07:10:58.926+0000][160][gc,age      ] GC(82) - age  10:       1712 bytes,    2796184 total
[2022-04-29T07:10:58.926+0000][160][gc,age      ] GC(82) - age  11:      18680 bytes,    2814864 total
[2022-04-29T07:10:58.927+0000][160][gc,age      ] GC(82) - age  12:       1464 bytes,    2816328 total
[2022-04-29T07:10:58.927+0000][160][gc,age      ] GC(82) - age  13:       9392 bytes,    2825720 total
[2022-04-29T07:10:58.928+0000][160][gc,age      ] GC(82) - age  14:       2000 bytes,    2827720 total
[2022-04-29T07:10:58.928+0000][160][gc,age      ] GC(82) - age  15:       6128 bytes,    2833848 total
[2022-04-29T07:10:58.929+0000][160][gc,phases   ] GC(82)   Pre Evacuate Collection Set: 0.1ms
[2022-04-29T07:10:58.930+0000][160][gc,phases   ] GC(82)   Merge Heap Roots: 0.1ms
[2022-04-29T07:10:58.931+0000][160][gc,phases   ] GC(82)   Evacuate Collection Set: 1.4ms
[2022-04-29T07:10:58.931+0000][160][gc,phases   ] GC(82)   Post Evacuate Collection Set: 1.2ms
[2022-04-29T07:10:58.932+0000][160][gc,phases   ] GC(82)   Other: 14.2ms
[2022-04-29T07:10:58.932+0000][160][gc,heap     ] GC(82) Eden regions: 75->0(75)
[2022-04-29T07:10:58.933+0000][160][gc,heap     ] GC(82) Survivor regions: 1->1(10)
[2022-04-29T07:10:58.933+0000][160][gc,heap     ] GC(82) Old regions: 22->22
[2022-04-29T07:10:58.934+0000][160][gc,heap     ] GC(82) Archive regions: 2->2
[2022-04-29T07:10:58.934+0000][160][gc,heap     ] GC(82) Humongous regions: 6->6
[2022-04-29T07:10:58.935+0000][160][gc,metaspace] GC(82) Metaspace: 117034K(118848K)->117034K(118848K) NonClass: 101491K(102528K)->101491K(102528K) Class: 15543K(16320K)->15543K(16320K)
[2022-04-29T07:10:58.936+0000][160][gc          ] GC(82) Pause Young (Normal) (G1 Evacuation Pause) 414M->115M(512M) 23.647ms
[2022-04-29T07:10:58.936+0000][160][gc,cpu      ] GC(82) User=0.00s Sys=0.00s Real=0.02s
[2022-04-29T07:10:58.937+0000][160][safepoint   ] Safepoint "G1CollectForAllocation", Time since last: 16085396383 ns, Reaching safepoint: 110958 ns, At safepoint: 25132500 ns, Total: 25243458 ns
[2022-04-29T07:10:59.938+0000][160][safepoint   ] Safepoint "Cleanup", Time since last: 1000846418 ns, Reaching safepoint: 86500 ns, At safepoint: 3291 ns, Total: 89791 ns
[2022-04-29T07:11:00.941+0000][160][safepoint   ] Safepoint "Cleanup", Time since last: 1002906417 ns, Reaching safepoint: 289375 ns, At safepoint: 10667 ns, Total: 300042 ns
[2022-04-29T07:11:13.977+0000][160][safepoint   ] Safepoint "Cleanup", Time since last: 13034767464 ns, Reaching safepoint: 1484209 ns, At safepoint: 17916 ns, Total: 1502125 ns
[2022-04-29T07:11:33.009+0000][160][safepoint   ] Safepoint "Cleanup", Time since last: 19031454051 ns, Reaching safepoint: 328500 ns, At safepoint: 10625 ns, Total: 339125 ns
[2022-04-29T07:11:41.028+0000][160][safepoint   ] Safepoint "Cleanup", Time since last: 8019319586 ns, Reaching safepoint: 141167 ns, At safepoint: 5083 ns, Total: 146250 ns
[2022-04-29T07:11:47.034+0000][160][safepoint   ] Safepoint "Cleanup", Time since last: 6005905295 ns, Reaching safepoint: 96875 ns, At safepoint: 3916 ns, Total: 100791 ns
[2022-04-29T07:11:53.055+0000][160][safepoint   ] Safepoint "Cleanup", Time since last: 6020716045 ns, Reaching safepoint: 220417 ns, At safepoint: 4000 ns, Total: 224417 ns
[2022-04-29T07:12:22.619+0000][160][gc,start    ] GC(83) Pause Young (Normal) (G1 Evacuation Pause)
[2022-04-29T07:12:22.619+0000][160][gc,task     ] GC(83) Using 5 workers of 5 for evacuation
[2022-04-29T07:12:22.620+0000][160][gc,age      ] GC(83) Desired survivor size 20971520 bytes, new threshold 15 (max threshold 15)
[2022-04-29T07:12:22.624+0000][160][gc,age      ] GC(83) Age table with threshold 15 (max threshold 15)
[2022-04-29T07:12:22.625+0000][160][gc,age      ] GC(83) - age   1:    1238240 bytes,    1238240 total
[2022-04-29T07:12:22.626+0000][160][gc,age      ] GC(83) - age   2:      19528 bytes,    1257768 total
[2022-04-29T07:12:22.626+0000][160][gc,age      ] GC(83) - age   3:     321760 bytes,    1579528 total
[2022-04-29T07:12:22.627+0000][160][gc,age      ] GC(83) - age   4:      65320 bytes,    1644848 total
[2022-04-29T07:12:22.628+0000][160][gc,age      ] GC(83) - age   5:       6048 bytes,    1650896 total
[2022-04-29T07:12:22.628+0000][160][gc,age      ] GC(83) - age   6:     101864 bytes,    1752760 total
[2022-04-29T07:12:22.629+0000][160][gc,age      ] GC(83) - age   7:      55576 bytes,    1808336 total
[2022-04-29T07:12:22.630+0000][160][gc,age      ] GC(83) - age   8:      64040 bytes,    1872376 total
[2022-04-29T07:12:22.630+0000][160][gc,age      ] GC(83) - age   9:       2480 bytes,    1874856 total
[2022-04-29T07:12:22.631+0000][160][gc,age      ] GC(83) - age  10:       6288 bytes,    1881144 total
[2022-04-29T07:12:22.632+0000][160][gc,age      ] GC(83) - age  11:       1712 bytes,    1882856 total
[2022-04-29T07:12:22.633+0000][160][gc,age      ] GC(83) - age  12:      18680 bytes,    1901536 total
[2022-04-29T07:12:22.633+0000][160][gc,age      ] GC(83) - age  13:       1464 bytes,    1903000 total
[2022-04-29T07:12:22.634+0000][160][gc,age      ] GC(83) - age  14:       3432 bytes,    1906432 total
[2022-04-29T07:12:22.634+0000][160][gc,age      ] GC(83) - age  15:       2000 bytes,    1908432 total
[2022-04-29T07:12:22.635+0000][160][gc,phases   ] GC(83)   Pre Evacuate Collection Set: 0.3ms
[2022-04-29T07:12:22.636+0000][160][gc,phases   ] GC(83)   Merge Heap Roots: 0.1ms
[2022-04-29T07:12:22.636+0000][160][gc,phases   ] GC(83)   Evacuate Collection Set: 1.9ms
[2022-04-29T07:12:22.637+0000][160][gc,phases   ] GC(83)   Post Evacuate Collection Set: 1.0ms
[2022-04-29T07:12:22.638+0000][160][gc,phases   ] GC(83)   Other: 13.0ms
[2022-04-29T07:12:22.638+0000][160][gc,heap     ] GC(83) Eden regions: 75->0(75)
[2022-04-29T07:12:22.639+0000][160][gc,heap     ] GC(83) Survivor regions: 1->1(10)
[2022-04-29T07:12:22.640+0000][160][gc,heap     ] GC(83) Old regions: 22->22
[2022-04-29T07:12:22.640+0000][160][gc,heap     ] GC(83) Archive regions: 2->2
[2022-04-29T07:12:22.641+0000][160][gc,heap     ] GC(83) Humongous regions: 6->6
[2022-04-29T07:12:22.642+0000][160][gc,metaspace] GC(83) Metaspace: 117036K(118848K)->117036K(118848K) NonClass: 101493K(102528K)->101493K(102528K) Class: 15543K(16320K)->15543K(16320K)
[2022-04-29T07:12:22.643+0000][160][gc          ] GC(83) Pause Young (Normal) (G1 Evacuation Pause) 415M->114M(512M) 24.120ms
[2022-04-29T07:12:22.644+0000][160][gc,cpu      ] GC(83) User=0.01s Sys=0.01s Real=0.02s
[2022-04-29T07:12:22.644+0000][160][safepoint   ] Safepoint "G1CollectForAllocation", Time since last: 29563449263 ns, Reaching safepoint: 81792 ns, At safepoint: 25506000 ns, Total: 25587792 ns
[2022-04-29T07:12:32.664+0000][160][safepoint   ] Safepoint "Cleanup", Time since last: 10019335630 ns, Reaching safepoint: 731208 ns, At safepoint: 14209 ns, Total: 745417 ns
[2022-04-29T07:12:41.681+0000][160][safepoint   ] Safepoint "Cleanup", Time since last: 9017359878 ns, Reaching safepoint: 176083 ns, At safepoint: 5042 ns, Total: 181125 ns
[2022-04-29T07:13:05.724+0000][160][safepoint   ] Safepoint "Cleanup", Time since last: 24043001053 ns, Reaching safepoint: 56833 ns, At safepoint: 1917 ns, Total: 58750 ns
[2022-04-29T07:13:27.758+0000][160][safepoint   ] Safepoint "Cleanup", Time since last: 22033350427 ns, Reaching safepoint: 382000 ns, At safepoint: 12583 ns, Total: 394583 ns
[2022-04-29T07:13:32.775+0000][160][safepoint   ] Safepoint "Cleanup", Time since last: 5016320128 ns, Reaching safepoint: 633041 ns, At safepoint: 17834 ns, Total: 650875 ns
[2022-04-29T07:13:46.633+0000][160][gc,start    ] GC(84) Pause Young (Normal) (G1 Evacuation Pause)
[2022-04-29T07:13:46.638+0000][160][gc,task     ] GC(84) Using 5 workers of 5 for evacuation
[2022-04-29T07:13:46.642+0000][160][gc,age      ] GC(84) Desired survivor size 20971520 bytes, new threshold 15 (max threshold 15)
[2022-04-29T07:13:46.654+0000][160][gc,age      ] GC(84) Age table with threshold 15 (max threshold 15)
[2022-04-29T07:13:46.656+0000][160][gc,age      ] GC(84) - age   1:    1288480 bytes,    1288480 total
[2022-04-29T07:13:46.658+0000][160][gc,age      ] GC(84) - age   2:       4248 bytes,    1292728 total
[2022-04-29T07:13:46.660+0000][160][gc,age      ] GC(84) - age   3:      11824 bytes,    1304552 total
[2022-04-29T07:13:46.662+0000][160][gc,age      ] GC(84) - age   4:     313080 bytes,    1617632 total
[2022-04-29T07:13:46.664+0000][160][gc,age      ] GC(84) - age   5:      65256 bytes,    1682888 total
[2022-04-29T07:13:46.665+0000][160][gc,age      ] GC(84) - age   6:       6048 bytes,    1688936 total
[2022-04-29T07:13:46.668+0000][160][gc,age      ] GC(84) - age   7:     101736 bytes,    1790672 total
[2022-04-29T07:13:46.669+0000][160][gc,age      ] GC(84) - age   8:      55576 bytes,    1846248 total
[2022-04-29T07:13:46.670+0000][160][gc,age      ] GC(84) - age   9:      64040 bytes,    1910288 total
[2022-04-29T07:13:46.672+0000][160][gc,age      ] GC(84) - age  10:       2480 bytes,    1912768 total
[2022-04-29T07:13:46.673+0000][160][gc,age      ] GC(84) - age  11:       6288 bytes,    1919056 total
[2022-04-29T07:13:46.675+0000][160][gc,age      ] GC(84) - age  12:       1712 bytes,    1920768 total
[2022-04-29T07:13:46.676+0000][160][gc,age      ] GC(84) - age  13:      18680 bytes,    1939448 total
[2022-04-29T07:13:46.677+0000][160][gc,age      ] GC(84) - age  14:       1464 bytes,    1940912 total
[2022-04-29T07:13:46.678+0000][160][gc,age      ] GC(84) - age  15:       3432 bytes,    1944344 total
[2022-04-29T07:13:46.679+0000][160][gc,phases   ] GC(84)   Pre Evacuate Collection Set: 1.6ms
[2022-04-29T07:13:46.680+0000][160][gc,phases   ] GC(84)   Merge Heap Roots: 0.7ms
[2022-04-29T07:13:46.681+0000][160][gc,phases   ] GC(84)   Evacuate Collection Set: 3.7ms
[2022-04-29T07:13:46.681+0000][160][gc,phases   ] GC(84)   Post Evacuate Collection Set: 1.8ms
[2022-04-29T07:13:46.682+0000][160][gc,phases   ] GC(84)   Other: 38.0ms
[2022-04-29T07:13:46.684+0000][160][gc,heap     ] GC(84) Eden regions: 75->0(75)
[2022-04-29T07:13:46.685+0000][160][gc,heap     ] GC(84) Survivor regions: 1->1(10)
[2022-04-29T07:13:46.687+0000][160][gc,heap     ] GC(84) Old regions: 22->22
[2022-04-29T07:13:46.688+0000][160][gc,heap     ] GC(84) Archive regions: 2->2
[2022-04-29T07:13:46.689+0000][160][gc,heap     ] GC(84) Humongous regions: 6->6
[2022-04-29T07:13:46.691+0000][160][gc,metaspace] GC(84) Metaspace: 117063K(118912K)->117063K(118912K) NonClass: 101519K(102592K)->101519K(102592K) Class: 15543K(16320K)->15543K(16320K)
[2022-04-29T07:13:46.692+0000][160][gc          ] GC(84) Pause Young (Normal) (G1 Evacuation Pause) 414M->114M(512M) 58.410ms
[2022-04-29T07:13:46.693+0000][160][gc,cpu      ] GC(84) User=0.02s Sys=0.01s Real=0.06s
[2022-04-29T07:13:46.694+0000][160][safepoint   ] Safepoint "G1CollectForAllocation", Time since last: 13858161339 ns, Reaching safepoint: 376542 ns, At safepoint: 60923000 ns, Total: 61299542 ns
[2022-04-29T07:13:48.700+0000][160][safepoint   ] Safepoint "Cleanup", Time since last: 2005472584 ns, Reaching safepoint: 132833 ns, At safepoint: 88334 ns, Total: 221167 ns
[2022-04-29T07:13:51.705+0000][160][safepoint   ] Safepoint "Cleanup", Time since last: 3004783251 ns, Reaching safepoint: 125250 ns, At safepoint: 4958 ns, Total: 130208 ns
[2022-04-29T07:14:10.726+0000][160][safepoint   ] Safepoint "Cleanup", Time since last: 19022092676 ns, Reaching safepoint: 156708 ns, At safepoint: 11458 ns, Total: 168166 ns
[2022-04-29T07:14:27.758+0000][160][safepoint   ] Safepoint "Cleanup", Time since last: 17031085134 ns, Reaching safepoint: 444583 ns, At safepoint: 6625 ns, Total: 451208 ns
[2022-04-29T07:14:29.765+0000][160][safepoint   ] Safepoint "Cleanup", Time since last: 2006501292 ns, Reaching safepoint: 611875 ns, At safepoint: 7042 ns, Total: 618917 ns
[2022-04-29T07:14:32.777+0000][160][safepoint   ] Safepoint "Cleanup", Time since last: 3011808210 ns, Reaching safepoint: 470458 ns, At safepoint: 9709 ns, Total: 480167 ns
[2022-04-29T07:14:49.810+0000][160][safepoint   ] Safepoint "Cleanup", Time since last: 17025142382 ns, Reaching safepoint: 645334 ns, At safepoint: 4875 ns, Total: 650209 ns
[2022-04-29T07:14:55.823+0000][160][safepoint   ] Safepoint "Cleanup", Time since last: 6010640544 ns, Reaching safepoint: 1938167 ns, At safepoint: 8958 ns, Total: 1947125 ns
[2022-04-29T07:14:57.964+0000][160][gc,start    ] GC(85) Pause Young (Normal) (G1 Evacuation Pause)
[2022-04-29T07:14:57.969+0000][160][gc,task     ] GC(85) Using 5 workers of 5 for evacuation
[2022-04-29T07:14:57.972+0000][160][gc,age      ] GC(85) Desired survivor size 20971520 bytes, new threshold 15 (max threshold 15)
[2022-04-29T07:14:57.981+0000][160][gc,age      ] GC(85) Age table with threshold 15 (max threshold 15)
[2022-04-29T07:14:57.983+0000][160][gc,age      ] GC(85) - age   1:     826760 bytes,     826760 total
[2022-04-29T07:14:57.985+0000][160][gc,age      ] GC(85) - age   2:       5904 bytes,     832664 total
[2022-04-29T07:14:57.987+0000][160][gc,age      ] GC(85) - age   3:       2464 bytes,     835128 total
[2022-04-29T07:14:57.989+0000][160][gc,age      ] GC(85) - age   4:       3512 bytes,     838640 total
[2022-04-29T07:14:57.990+0000][160][gc,age      ] GC(85) - age   5:     185456 bytes,    1024096 total
[2022-04-29T07:14:57.992+0000][160][gc,age      ] GC(85) - age   6:      65256 bytes,    1089352 total
[2022-04-29T07:14:57.993+0000][160][gc,age      ] GC(85) - age   7:       6048 bytes,    1095400 total
[2022-04-29T07:14:57.996+0000][160][gc,age      ] GC(85) - age   8:     101576 bytes,    1196976 total
[2022-04-29T07:14:57.998+0000][160][gc,age      ] GC(85) - age   9:      53432 bytes,    1250408 total
[2022-04-29T07:14:57.999+0000][160][gc,age      ] GC(85) - age  10:      64040 bytes,    1314448 total
[2022-04-29T07:14:58.000+0000][160][gc,age      ] GC(85) - age  11:       2480 bytes,    1316928 total
[2022-04-29T07:14:58.002+0000][160][gc,age      ] GC(85) - age  12:       6288 bytes,    1323216 total
[2022-04-29T07:14:58.003+0000][160][gc,age      ] GC(85) - age  13:       1712 bytes,    1324928 total
[2022-04-29T07:14:58.004+0000][160][gc,age      ] GC(85) - age  14:      18680 bytes,    1343608 total
[2022-04-29T07:14:58.005+0000][160][gc,age      ] GC(85) - age  15:       1464 bytes,    1345072 total
[2022-04-29T07:14:58.007+0000][160][gc,phases   ] GC(85)   Pre Evacuate Collection Set: 0.2ms
[2022-04-29T07:14:58.008+0000][160][gc,phases   ] GC(85)   Merge Heap Roots: 0.7ms
[2022-04-29T07:14:58.009+0000][160][gc,phases   ] GC(85)   Evacuate Collection Set: 2.9ms
[2022-04-29T07:14:58.010+0000][160][gc,phases   ] GC(85)   Post Evacuate Collection Set: 1.8ms
[2022-04-29T07:14:58.011+0000][160][gc,phases   ] GC(85)   Other: 37.3ms
[2022-04-29T07:14:58.012+0000][160][gc,heap     ] GC(85) Eden regions: 75->0(75)
[2022-04-29T07:14:58.013+0000][160][gc,heap     ] GC(85) Survivor regions: 1->1(10)
[2022-04-29T07:14:58.014+0000][160][gc,heap     ] GC(85) Old regions: 22->22
[2022-04-29T07:14:58.015+0000][160][gc,heap     ] GC(85) Archive regions: 2->2
[2022-04-29T07:14:58.016+0000][160][gc,heap     ] GC(85) Humongous regions: 6->6
[2022-04-29T07:14:58.017+0000][160][gc,metaspace] GC(85) Metaspace: 117074K(118912K)->117074K(118912K) NonClass: 101531K(102592K)->101531K(102592K) Class: 15543K(16320K)->15543K(16320K)
[2022-04-29T07:14:58.018+0000][160][gc          ] GC(85) Pause Young (Normal) (G1 Evacuation Pause) 414M->113M(512M) 54.301ms
[2022-04-29T07:14:58.019+0000][160][gc,cpu      ] GC(85) User=0.02s Sys=0.00s Real=0.06s
[2022-04-29T07:14:58.020+0000][160][safepoint   ] Safepoint "G1CollectForAllocation", Time since last: 2140633376 ns, Reaching safepoint: 117334 ns, At safepoint: 56407791 ns, Total: 56525125 ns
[2022-04-29T07:15:17.062+0000][160][safepoint   ] Safepoint "Cleanup", Time since last: 19041228425 ns, Reaching safepoint: 88792 ns, At safepoint: 2291 ns, Total: 91083 ns
[2022-04-29T07:15:42.116+0000][160][safepoint   ] Safepoint "Cleanup", Time since last: 25052487178 ns, Reaching safepoint: 1365958 ns, At safepoint: 11500 ns, Total: 1377458 ns
[2022-04-29T07:16:11.175+0000][160][safepoint   ] Safepoint "Cleanup", Time since last: 29058572181 ns, Reaching safepoint: 164541 ns, At safepoint: 13917 ns, Total: 178458 ns
[2022-04-29T07:16:16.722+0000][160][gc,start    ] GC(86) Pause Young (Normal) (G1 Evacuation Pause)
[2022-04-29T07:16:16.725+0000][160][gc,task     ] GC(86) Using 5 workers of 5 for evacuation
[2022-04-29T07:16:16.727+0000][160][gc,age      ] GC(86) Desired survivor size 20971520 bytes, new threshold 15 (max threshold 15)
[2022-04-29T07:16:16.736+0000][160][gc,age      ] GC(86) Age table with threshold 15 (max threshold 15)
[2022-04-29T07:16:16.738+0000][160][gc,age      ] GC(86) - age   1:    1163400 bytes,    1163400 total
[2022-04-29T07:16:16.739+0000][160][gc,age      ] GC(86) - age   2:     181768 bytes,    1345168 total
[2022-04-29T07:16:16.740+0000][160][gc,age      ] GC(86) - age   3:       3936 bytes,    1349104 total
[2022-04-29T07:16:16.742+0000][160][gc,age      ] GC(86) - age   4:       1976 bytes,    1351080 total
[2022-04-29T07:16:16.743+0000][160][gc,age      ] GC(86) - age   5:       3512 bytes,    1354592 total
[2022-04-29T07:16:16.744+0000][160][gc,age      ] GC(86) - age   6:     185264 bytes,    1539856 total
[2022-04-29T07:16:16.745+0000][160][gc,age      ] GC(86) - age   7:      16472 bytes,    1556328 total
[2022-04-29T07:16:16.746+0000][160][gc,age      ] GC(86) - age   8:       6048 bytes,    1562376 total
[2022-04-29T07:16:16.747+0000][160][gc,age      ] GC(86) - age   9:     101576 bytes,    1663952 total
[2022-04-29T07:16:16.749+0000][160][gc,age      ] GC(86) - age  10:      53432 bytes,    1717384 total
[2022-04-29T07:16:16.749+0000][160][gc,age      ] GC(86) - age  11:      64040 bytes,    1781424 total
[2022-04-29T07:16:16.750+0000][160][gc,age      ] GC(86) - age  12:       2480 bytes,    1783904 total
[2022-04-29T07:16:16.751+0000][160][gc,age      ] GC(86) - age  13:       6288 bytes,    1790192 total
[2022-04-29T07:16:16.752+0000][160][gc,age      ] GC(86) - age  14:       1712 bytes,    1791904 total
[2022-04-29T07:16:16.753+0000][160][gc,age      ] GC(86) - age  15:      18680 bytes,    1810584 total
[2022-04-29T07:16:16.754+0000][160][gc,phases   ] GC(86)   Pre Evacuate Collection Set: 0.3ms
[2022-04-29T07:16:16.755+0000][160][gc,phases   ] GC(86)   Merge Heap Roots: 0.2ms
[2022-04-29T07:16:16.756+0000][160][gc,phases   ] GC(86)   Evacuate Collection Set: 4.0ms
[2022-04-29T07:16:16.758+0000][160][gc,phases   ] GC(86)   Post Evacuate Collection Set: 2.5ms
[2022-04-29T07:16:16.759+0000][160][gc,phases   ] GC(86)   Other: 25.1ms
[2022-04-29T07:16:16.760+0000][160][gc,heap     ] GC(86) Eden regions: 75->0(75)
[2022-04-29T07:16:16.761+0000][160][gc,heap     ] GC(86) Survivor regions: 1->1(10)
[2022-04-29T07:16:16.762+0000][160][gc,heap     ] GC(86) Old regions: 22->22
[2022-04-29T07:16:16.763+0000][160][gc,heap     ] GC(86) Archive regions: 2->2
[2022-04-29T07:16:16.764+0000][160][gc,heap     ] GC(86) Humongous regions: 6->6
[2022-04-29T07:16:16.764+0000][160][gc,metaspace] GC(86) Metaspace: 117076K(118912K)->117076K(118912K) NonClass: 101532K(102592K)->101532K(102592K) Class: 15543K(16320K)->15543K(16320K)
[2022-04-29T07:16:16.766+0000][160][gc          ] GC(86) Pause Young (Normal) (G1 Evacuation Pause) 413M->114M(512M) 43.650ms
[2022-04-29T07:16:16.767+0000][160][gc,cpu      ] GC(86) User=0.01s Sys=0.01s Real=0.05s
[2022-04-29T07:16:16.768+0000][160][safepoint   ] Safepoint "G1CollectForAllocation", Time since last: 5546560919 ns, Reaching safepoint: 366709 ns, At safepoint: 45650666 ns, Total: 46017375 ns
[2022-04-29T07:16:27.785+0000][160][safepoint   ] Safepoint "Cleanup", Time since last: 11017494839 ns, Reaching safepoint: 259917 ns, At safepoint: 8416 ns, Total: 268333 ns
[2022-04-29T07:16:58.846+0000][160][safepoint   ] Safepoint "Cleanup", Time since last: 31060221931 ns, Reaching safepoint: 98542 ns, At safepoint: 2125 ns, Total: 100667 ns
[2022-04-29T07:17:11.869+0000][160][safepoint   ] Safepoint "Cleanup", Time since last: 13018510464 ns, Reaching safepoint: 886542 ns, At safepoint: 9750 ns, Total: 896292 ns
[2022-04-29T07:17:17.884+0000][160][safepoint   ] Safepoint "Cleanup", Time since last: 6014409961 ns, Reaching safepoint: 183375 ns, At safepoint: 4292 ns, Total: 187667 ns
[2022-04-29T07:17:30.431+0000][160][gc,start    ] GC(87) Pause Young (Normal) (G1 Evacuation Pause)
[2022-04-29T07:17:30.431+0000][160][gc,task     ] GC(87) Using 5 workers of 5 for evacuation
[2022-04-29T07:17:30.432+0000][160][gc,age      ] GC(87) Desired survivor size 20971520 bytes, new threshold 15 (max threshold 15)
[2022-04-29T07:17:30.436+0000][160][gc,age      ] GC(87) Age table with threshold 15 (max threshold 15)
[2022-04-29T07:17:30.436+0000][160][gc,age      ] GC(87) - age   1:    1923040 bytes,    1923040 total
[2022-04-29T07:17:30.437+0000][160][gc,age      ] GC(87) - age   2:       5416 bytes,    1928456 total
[2022-04-29T07:17:30.438+0000][160][gc,age      ] GC(87) - age   3:      50720 bytes,    1979176 total
[2022-04-29T07:17:30.439+0000][160][gc,age      ] GC(87) - age   4:       3744 bytes,    1982920 total
[2022-04-29T07:17:30.439+0000][160][gc,age      ] GC(87) - age   5:       1912 bytes,    1984832 total
[2022-04-29T07:17:30.440+0000][160][gc,age      ] GC(87) - age   6:       3408 bytes,    1988240 total
[2022-04-29T07:17:30.441+0000][160][gc,age      ] GC(87) - age   7:     183736 bytes,    2171976 total
[2022-04-29T07:17:30.441+0000][160][gc,age      ] GC(87) - age   8:      15768 bytes,    2187744 total
[2022-04-29T07:17:30.442+0000][160][gc,age      ] GC(87) - age   9:       5856 bytes,    2193600 total
[2022-04-29T07:17:30.443+0000][160][gc,age      ] GC(87) - age  10:      99992 bytes,    2293592 total
[2022-04-29T07:17:30.443+0000][160][gc,age      ] GC(87) - age  11:      53432 bytes,    2347024 total
[2022-04-29T07:17:30.444+0000][160][gc,age      ] GC(87) - age  12:      47888 bytes,    2394912 total
[2022-04-29T07:17:30.444+0000][160][gc,age      ] GC(87) - age  13:       2480 bytes,    2397392 total
[2022-04-29T07:17:30.445+0000][160][gc,age      ] GC(87) - age  14:       6288 bytes,    2403680 total
[2022-04-29T07:17:30.446+0000][160][gc,age      ] GC(87) - age  15:       1712 bytes,    2405392 total
[2022-04-29T07:17:30.447+0000][160][gc,phases   ] GC(87)   Pre Evacuate Collection Set: 0.1ms
[2022-04-29T07:17:30.447+0000][160][gc,phases   ] GC(87)   Merge Heap Roots: 0.0ms
[2022-04-29T07:17:30.448+0000][160][gc,phases   ] GC(87)   Evacuate Collection Set: 1.8ms
[2022-04-29T07:17:30.449+0000][160][gc,phases   ] GC(87)   Post Evacuate Collection Set: 1.1ms
[2022-04-29T07:17:30.450+0000][160][gc,phases   ] GC(87)   Other: 12.9ms
[2022-04-29T07:17:30.450+0000][160][gc,heap     ] GC(87) Eden regions: 75->0(75)
[2022-04-29T07:17:30.451+0000][160][gc,heap     ] GC(87) Survivor regions: 1->1(10)
[2022-04-29T07:17:30.452+0000][160][gc,heap     ] GC(87) Old regions: 22->22
[2022-04-29T07:17:30.453+0000][160][gc,heap     ] GC(87) Archive regions: 2->2
[2022-04-29T07:17:30.454+0000][160][gc,heap     ] GC(87) Humongous regions: 6->6
[2022-04-29T07:17:30.455+0000][160][gc,metaspace] GC(87) Metaspace: 117078K(118912K)->117078K(118912K) NonClass: 101533K(102592K)->101533K(102592K) Class: 15544K(16320K)->15544K(16320K)
[2022-04-29T07:17:30.456+0000][160][gc          ] GC(87) Pause Young (Normal) (G1 Evacuation Pause) 414M->114M(512M) 25.138ms
[2022-04-29T07:17:30.457+0000][160][gc,cpu      ] GC(87) User=0.00s Sys=0.00s Real=0.02s
[2022-04-29T07:17:30.458+0000][160][safepoint   ] Safepoint "G1CollectForAllocation", Time since last: 12546585881 ns, Reaching safepoint: 72416 ns, At safepoint: 26807125 ns, Total: 26879541 ns
[2022-04-29T07:17:38.482+0000][160][safepoint   ] Safepoint "Cleanup", Time since last: 8023803421 ns, Reaching safepoint: 254000 ns, At safepoint: 8417 ns, Total: 262417 ns
[2022-04-29T07:18:04.536+0000][160][safepoint   ] Safepoint "Cleanup", Time since last: 26058894012 ns, Reaching safepoint: 132125 ns, At safepoint: 5291 ns, Total: 137416 ns
[2022-04-29T07:18:05.550+0000][160][safepoint   ] Safepoint "Cleanup", Time since last: 1013613876 ns, Reaching safepoint: 259417 ns, At safepoint: 4875 ns, Total: 264292 ns
[2022-04-29T07:18:08.558+0000][160][safepoint   ] Safepoint "Cleanup", Time since last: 3007313459 ns, Reaching safepoint: 246542 ns, At safepoint: 7583 ns, Total: 254125 ns
[2022-04-29T07:18:36.664+0000][160][safepoint   ] Safepoint "Cleanup", Time since last: 28103682680 ns, Reaching safepoint: 2417166 ns, At safepoint: 14375 ns, Total: 2431541 ns
[2022-04-29T07:18:55.812+0000][160][gc,start    ] GC(88) Pause Young (Normal) (G1 Evacuation Pause)
[2022-04-29T07:18:55.818+0000][160][gc,task     ] GC(88) Using 5 workers of 5 for evacuation
[2022-04-29T07:18:55.821+0000][160][gc,age      ] GC(88) Desired survivor size 20971520 bytes, new threshold 15 (max threshold 15)
[2022-04-29T07:18:55.829+0000][160][gc,age      ] GC(88) Age table with threshold 15 (max threshold 15)
[2022-04-29T07:18:55.831+0000][160][gc,age      ] GC(88) - age   1:     751616 bytes,     751616 total
[2022-04-29T07:18:55.833+0000][160][gc,age      ] GC(88) - age   2:     216744 bytes,     968360 total
[2022-04-29T07:18:55.835+0000][160][gc,age      ] GC(88) - age   3:       3472 bytes,     971832 total
[2022-04-29T07:18:55.837+0000][160][gc,age      ] GC(88) - age   4:      50512 bytes,    1022344 total
[2022-04-29T07:18:55.838+0000][160][gc,age      ] GC(88) - age   5:       3744 bytes,    1026088 total
[2022-04-29T07:18:55.839+0000][160][gc,age      ] GC(88) - age   6:       1600 bytes,    1027688 total
[2022-04-29T07:18:55.841+0000][160][gc,age      ] GC(88) - age   7:       3408 bytes,    1031096 total
[2022-04-29T07:18:55.843+0000][160][gc,age      ] GC(88) - age   8:     183472 bytes,    1214568 total
[2022-04-29T07:18:55.844+0000][160][gc,age      ] GC(88) - age   9:      15768 bytes,    1230336 total
[2022-04-29T07:18:55.845+0000][160][gc,age      ] GC(88) - age  10:       5656 bytes,    1235992 total
[2022-04-29T07:18:55.847+0000][160][gc,age      ] GC(88) - age  11:      99992 bytes,    1335984 total
[2022-04-29T07:18:55.849+0000][160][gc,age      ] GC(88) - age  12:      53432 bytes,    1389416 total
[2022-04-29T07:18:55.850+0000][160][gc,age      ] GC(88) - age  13:      47848 bytes,    1437264 total
[2022-04-29T07:18:55.851+0000][160][gc,age      ] GC(88) - age  14:       2480 bytes,    1439744 total
[2022-04-29T07:18:55.852+0000][160][gc,age      ] GC(88) - age  15:       6288 bytes,    1446032 total
[2022-04-29T07:18:55.854+0000][160][gc,phases   ] GC(88)   Pre Evacuate Collection Set: 0.2ms
[2022-04-29T07:18:55.855+0000][160][gc,phases   ] GC(88)   Merge Heap Roots: 0.1ms
[2022-04-29T07:18:55.856+0000][160][gc,phases   ] GC(88)   Evacuate Collection Set: 4.0ms
[2022-04-29T07:18:55.858+0000][160][gc,phases   ] GC(88)   Post Evacuate Collection Set: 1.8ms
[2022-04-29T07:18:55.859+0000][160][gc,phases   ] GC(88)   Other: 36.1ms
[2022-04-29T07:18:55.860+0000][160][gc,heap     ] GC(88) Eden regions: 75->0(75)
[2022-04-29T07:18:55.861+0000][160][gc,heap     ] GC(88) Survivor regions: 1->1(10)
[2022-04-29T07:18:55.862+0000][160][gc,heap     ] GC(88) Old regions: 22->22
[2022-04-29T07:18:55.863+0000][160][gc,heap     ] GC(88) Archive regions: 2->2
[2022-04-29T07:18:55.864+0000][160][gc,heap     ] GC(88) Humongous regions: 6->6
[2022-04-29T07:18:55.865+0000][160][gc,metaspace] GC(88) Metaspace: 117106K(118912K)->117106K(118912K) NonClass: 101562K(102592K)->101562K(102592K) Class: 15544K(16320K)->15544K(16320K)
[2022-04-29T07:18:55.866+0000][160][gc          ] GC(88) Pause Young (Normal) (G1 Evacuation Pause) 414M->114M(512M) 54.219ms
[2022-04-29T07:18:55.866+0000][160][gc,cpu      ] GC(88) User=0.02s Sys=0.00s Real=0.05s
[2022-04-29T07:18:55.867+0000][160][safepoint   ] Safepoint "G1CollectForAllocation", Time since last: 19144435968 ns, Reaching safepoint: 184541 ns, At safepoint: 55666875 ns, Total: 55851416 ns
[2022-04-29T07:19:02.881+0000][160][safepoint   ] Safepoint "Cleanup", Time since last: 7013618295 ns, Reaching safepoint: 306125 ns, At safepoint: 12375 ns, Total: 318500 ns
[2022-04-29T07:19:11.904+0000][160][safepoint   ] Safepoint "Cleanup", Time since last: 9025113462 ns, Reaching safepoint: 458875 ns, At safepoint: 557834 ns, Total: 1016709 ns
[2022-04-29T07:19:23.937+0000][160][safepoint   ] Safepoint "Cleanup", Time since last: 12032091922 ns, Reaching safepoint: 536042 ns, At safepoint: 9541 ns, Total: 545583 ns
[2022-04-29T07:19:35.971+0000][160][safepoint   ] Safepoint "Cleanup", Time since last: 12034652298 ns, Reaching safepoint: 212166 ns, At safepoint: 15042 ns, Total: 227208 ns
[2022-04-29T07:20:00.026+0000][160][safepoint   ] Safepoint "Cleanup", Time since last: 24054645011 ns, Reaching safepoint: 305791 ns, At safepoint: 17500 ns, Total: 323291 ns
[2022-04-29T07:20:11.046+0000][160][safepoint   ] Safepoint "Cleanup", Time since last: 11019676879 ns, Reaching safepoint: 211709 ns, At safepoint: 7541 ns, Total: 219250 ns
[2022-04-29T07:20:12.160+0000][160][gc,start    ] GC(89) Pause Young (Normal) (G1 Evacuation Pause)
[2022-04-29T07:20:12.160+0000][160][gc,task     ] GC(89) Using 5 workers of 5 for evacuation
[2022-04-29T07:20:12.161+0000][160][gc,age      ] GC(89) Desired survivor size 20971520 bytes, new threshold 15 (max threshold 15)
[2022-04-29T07:20:12.164+0000][160][gc,age      ] GC(89) Age table with threshold 15 (max threshold 15)
[2022-04-29T07:20:12.165+0000][160][gc,age      ] GC(89) - age   1:    1679072 bytes,    1679072 total
[2022-04-29T07:20:12.166+0000][160][gc,age      ] GC(89) - age   2:      22488 bytes,    1701560 total
[2022-04-29T07:20:12.166+0000][160][gc,age      ] GC(89) - age   3:     211984 bytes,    1913544 total
[2022-04-29T07:20:12.167+0000][160][gc,age      ] GC(89) - age   4:       3320 bytes,    1916864 total
[2022-04-29T07:20:12.168+0000][160][gc,age      ] GC(89) - age   5:      50160 bytes,    1967024 total
[2022-04-29T07:20:12.168+0000][160][gc,age      ] GC(89) - age   6:       3680 bytes,    1970704 total
[2022-04-29T07:20:12.169+0000][160][gc,age      ] GC(89) - age   7:       1536 bytes,    1972240 total
[2022-04-29T07:20:12.170+0000][160][gc,age      ] GC(89) - age   8:       2896 bytes,    1975136 total
[2022-04-29T07:20:12.170+0000][160][gc,age      ] GC(89) - age   9:     183440 bytes,    2158576 total
[2022-04-29T07:20:12.171+0000][160][gc,age      ] GC(89) - age  10:      15768 bytes,    2174344 total
[2022-04-29T07:20:12.172+0000][160][gc,age      ] GC(89) - age  11:       5656 bytes,    2180000 total
[2022-04-29T07:20:12.172+0000][160][gc,age      ] GC(89) - age  12:      99992 bytes,    2279992 total
[2022-04-29T07:20:12.174+0000][160][gc,age      ] GC(89) - age  13:      53040 bytes,    2333032 total
[2022-04-29T07:20:12.175+0000][160][gc,age      ] GC(89) - age  14:      47688 bytes,    2380720 total
[2022-04-29T07:20:12.176+0000][160][gc,age      ] GC(89) - age  15:       2480 bytes,    2383200 total
[2022-04-29T07:20:12.176+0000][160][gc,phases   ] GC(89)   Pre Evacuate Collection Set: 0.1ms
[2022-04-29T07:20:12.177+0000][160][gc,phases   ] GC(89)   Merge Heap Roots: 0.0ms
[2022-04-29T07:20:12.177+0000][160][gc,phases   ] GC(89)   Evacuate Collection Set: 1.7ms
[2022-04-29T07:20:12.178+0000][160][gc,phases   ] GC(89)   Post Evacuate Collection Set: 0.6ms
[2022-04-29T07:20:12.178+0000][160][gc,phases   ] GC(89)   Other: 14.1ms
[2022-04-29T07:20:12.179+0000][160][gc,heap     ] GC(89) Eden regions: 75->0(75)
[2022-04-29T07:20:12.180+0000][160][gc,heap     ] GC(89) Survivor regions: 1->1(10)
[2022-04-29T07:20:12.180+0000][160][gc,heap     ] GC(89) Old regions: 22->22
[2022-04-29T07:20:12.181+0000][160][gc,heap     ] GC(89) Archive regions: 2->2
[2022-04-29T07:20:12.181+0000][160][gc,heap     ] GC(89) Humongous regions: 6->6
[2022-04-29T07:20:12.182+0000][160][gc,metaspace] GC(89) Metaspace: 117112K(118976K)->117112K(118976K) NonClass: 101567K(102656K)->101567K(102656K) Class: 15544K(16320K)->15544K(16320K)
[2022-04-29T07:20:12.183+0000][160][gc          ] GC(89) Pause Young (Normal) (G1 Evacuation Pause) 414M->114M(512M) 22.989ms
[2022-04-29T07:20:12.184+0000][160][gc,cpu      ] GC(89) User=0.00s Sys=0.01s Real=0.02s
[2022-04-29T07:20:12.184+0000][160][safepoint   ] Safepoint "G1CollectForAllocation", Time since last: 1113289334 ns, Reaching safepoint: 124875 ns, At safepoint: 24654000 ns, Total: 24778875 ns
[2022-04-29T07:20:27.222+0000][160][safepoint   ] Safepoint "Cleanup", Time since last: 15037666133 ns, Reaching safepoint: 354291 ns, At safepoint: 11250 ns, Total: 365541 ns
[2022-04-29T07:20:43.259+0000][160][safepoint   ] Safepoint "Cleanup", Time since last: 16035930591 ns, Reaching safepoint: 221542 ns, At safepoint: 6458 ns, Total: 228000 ns
[2022-04-29T07:20:47.275+0000][160][safepoint   ] Safepoint "Cleanup", Time since last: 4015817043 ns, Reaching safepoint: 105542 ns, At safepoint: 3292 ns, Total: 108834 ns
[2022-04-29T07:20:53.296+0000][160][safepoint   ] Safepoint "Cleanup", Time since last: 6020634961 ns, Reaching safepoint: 251500 ns, At safepoint: 6375 ns, Total: 257875 ns
[2022-04-29T07:20:59.307+0000][160][safepoint   ] Safepoint "Cleanup", Time since last: 6010877003 ns, Reaching safepoint: 105792 ns, At safepoint: 30708 ns, Total: 136500 ns
[2022-04-29T07:21:23.362+0000][160][safepoint   ] Safepoint "Cleanup", Time since last: 24053783594 ns, Reaching safepoint: 260292 ns, At safepoint: 4875 ns, Total: 265167 ns
[2022-04-29T07:21:24.304+0000][160][gc,start    ] GC(90) Pause Young (Normal) (G1 Evacuation Pause)
[2022-04-29T07:21:24.305+0000][160][gc,task     ] GC(90) Using 5 workers of 5 for evacuation
[2022-04-29T07:21:24.306+0000][160][gc,age      ] GC(90) Desired survivor size 20971520 bytes, new threshold 15 (max threshold 15)
[2022-04-29T07:21:24.309+0000][160][gc,age      ] GC(90) Age table with threshold 15 (max threshold 15)
[2022-04-29T07:21:24.310+0000][160][gc,age      ] GC(90) - age   1:    1556816 bytes,    1556816 total
[2022-04-29T07:21:24.311+0000][160][gc,age      ] GC(90) - age   2:      10760 bytes,    1567576 total
[2022-04-29T07:21:24.311+0000][160][gc,age      ] GC(90) - age   3:      20336 bytes,    1587912 total
[2022-04-29T07:21:24.312+0000][160][gc,age      ] GC(90) - age   4:      82056 bytes,    1669968 total
[2022-04-29T07:21:24.313+0000][160][gc,age      ] GC(90) - age   5:       3080 bytes,    1673048 total
[2022-04-29T07:21:24.314+0000][160][gc,age      ] GC(90) - age   6:      22296 bytes,    1695344 total
[2022-04-29T07:21:24.315+0000][160][gc,age      ] GC(90) - age   7:       3680 bytes,    1699024 total
[2022-04-29T07:21:24.315+0000][160][gc,age      ] GC(90) - age   8:       1536 bytes,    1700560 total
[2022-04-29T07:21:24.316+0000][160][gc,age      ] GC(90) - age   9:       2896 bytes,    1703456 total
[2022-04-29T07:21:24.317+0000][160][gc,age      ] GC(90) - age  10:     183440 bytes,    1886896 total
[2022-04-29T07:21:24.318+0000][160][gc,age      ] GC(90) - age  11:      15768 bytes,    1902664 total
[2022-04-29T07:21:24.318+0000][160][gc,age      ] GC(90) - age  12:       5656 bytes,    1908320 total
[2022-04-29T07:21:24.319+0000][160][gc,age      ] GC(90) - age  13:      99992 bytes,    2008312 total
[2022-04-29T07:21:24.320+0000][160][gc,age      ] GC(90) - age  14:      53040 bytes,    2061352 total
[2022-04-29T07:21:24.320+0000][160][gc,age      ] GC(90) - age  15:      47688 bytes,    2109040 total
[2022-04-29T07:21:24.321+0000][160][gc,phases   ] GC(90)   Pre Evacuate Collection Set: 0.1ms
[2022-04-29T07:21:24.322+0000][160][gc,phases   ] GC(90)   Merge Heap Roots: 0.1ms
[2022-04-29T07:21:24.322+0000][160][gc,phases   ] GC(90)   Evacuate Collection Set: 1.8ms
[2022-04-29T07:21:24.323+0000][160][gc,phases   ] GC(90)   Post Evacuate Collection Set: 1.0ms
[2022-04-29T07:21:24.324+0000][160][gc,phases   ] GC(90)   Other: 13.7ms
[2022-04-29T07:21:24.324+0000][160][gc,heap     ] GC(90) Eden regions: 75->0(75)
[2022-04-29T07:21:24.325+0000][160][gc,heap     ] GC(90) Survivor regions: 1->1(10)
[2022-04-29T07:21:24.325+0000][160][gc,heap     ] GC(90) Old regions: 22->22
[2022-04-29T07:21:24.326+0000][160][gc,heap     ] GC(90) Archive regions: 2->2
[2022-04-29T07:21:24.326+0000][160][gc,heap     ] GC(90) Humongous regions: 6->6
[2022-04-29T07:21:24.327+0000][160][gc,metaspace] GC(90) Metaspace: 117191K(119040K)->117191K(119040K) NonClass: 101646K(102720K)->101646K(102720K) Class: 15544K(16320K)->15544K(16320K)
[2022-04-29T07:21:24.328+0000][160][gc          ] GC(90) Pause Young (Normal) (G1 Evacuation Pause) 414M->114M(512M) 23.462ms
[2022-04-29T07:21:24.328+0000][160][gc,cpu      ] GC(90) User=0.01s Sys=0.01s Real=0.03s
[2022-04-29T07:21:24.329+0000][160][safepoint   ] Safepoint "G1CollectForAllocation", Time since last: 942280167 ns, Reaching safepoint: 135625 ns, At safepoint: 24516875 ns, Total: 24652500 ns
[2022-04-29T07:21:27.336+0000][160][safepoint   ] Safepoint "Cleanup", Time since last: 3006704126 ns, Reaching safepoint: 334959 ns, At safepoint: 9458 ns, Total: 344417 ns
[2022-04-29T07:21:42.363+0000][160][safepoint   ] Safepoint "Cleanup", Time since last: 15029389382 ns, Reaching safepoint: 78250 ns, At safepoint: 1958 ns, Total: 80208 ns
[2022-04-29T07:21:48.377+0000][160][safepoint   ] Safepoint "Cleanup", Time since last: 6012997211 ns, Reaching safepoint: 453667 ns, At safepoint: 7625 ns, Total: 461292 ns
[2022-04-29T07:22:18.355+0000][160][safepoint   ] Safepoint "Cleanup", Time since last: 29977151931 ns, Reaching safepoint: 132125 ns, At safepoint: 2541 ns, Total: 134666 ns
[2022-04-29T07:22:27.371+0000][160][safepoint   ] Safepoint "Cleanup", Time since last: 9015594880 ns, Reaching safepoint: 352375 ns, At safepoint: 8916 ns, Total: 361291 ns
[2022-04-29T07:22:46.904+0000][160][gc,start    ] GC(91) Pause Young (Normal) (G1 Evacuation Pause)
[2022-04-29T07:22:46.905+0000][160][gc,task     ] GC(91) Using 5 workers of 5 for evacuation
[2022-04-29T07:22:46.906+0000][160][gc,age      ] GC(91) Desired survivor size 20971520 bytes, new threshold 15 (max threshold 15)
[2022-04-29T07:22:46.909+0000][160][gc,age      ] GC(91) Age table with threshold 15 (max threshold 15)
[2022-04-29T07:22:46.910+0000][160][gc,age      ] GC(91) - age   1:    1487616 bytes,    1487616 total
[2022-04-29T07:22:46.911+0000][160][gc,age      ] GC(91) - age   2:      91808 bytes,    1579424 total
[2022-04-29T07:22:46.911+0000][160][gc,age      ] GC(91) - age   3:       7888 bytes,    1587312 total
[2022-04-29T07:22:46.913+0000][160][gc,age      ] GC(91) - age   4:      19544 bytes,    1606856 total
[2022-04-29T07:22:46.913+0000][160][gc,age      ] GC(91) - age   5:      81864 bytes,    1688720 total
[2022-04-29T07:22:46.914+0000][160][gc,age      ] GC(91) - age   6:       2952 bytes,    1691672 total
[2022-04-29T07:22:46.915+0000][160][gc,age      ] GC(91) - age   7:       6112 bytes,    1697784 total
[2022-04-29T07:22:46.916+0000][160][gc,age      ] GC(91) - age   8:       3680 bytes,    1701464 total
[2022-04-29T07:22:46.917+0000][160][gc,age      ] GC(91) - age   9:       1536 bytes,    1703000 total
[2022-04-29T07:22:46.917+0000][160][gc,age      ] GC(91) - age  10:       2584 bytes,    1705584 total
[2022-04-29T07:22:46.918+0000][160][gc,age      ] GC(91) - age  11:     183440 bytes,    1889024 total
[2022-04-29T07:22:46.919+0000][160][gc,age      ] GC(91) - age  12:      15768 bytes,    1904792 total
[2022-04-29T07:22:46.919+0000][160][gc,age      ] GC(91) - age  13:       5656 bytes,    1910448 total
[2022-04-29T07:22:46.920+0000][160][gc,age      ] GC(91) - age  14:      99992 bytes,    2010440 total
[2022-04-29T07:22:46.921+0000][160][gc,age      ] GC(91) - age  15:      53040 bytes,    2063480 total
[2022-04-29T07:22:46.922+0000][160][gc,phases   ] GC(91)   Pre Evacuate Collection Set: 0.1ms
[2022-04-29T07:22:46.923+0000][160][gc,phases   ] GC(91)   Merge Heap Roots: 0.0ms
[2022-04-29T07:22:46.923+0000][160][gc,phases   ] GC(91)   Evacuate Collection Set: 1.2ms
[2022-04-29T07:22:46.924+0000][160][gc,phases   ] GC(91)   Post Evacuate Collection Set: 0.9ms
[2022-04-29T07:22:46.925+0000][160][gc,phases   ] GC(91)   Other: 16.0ms
[2022-04-29T07:22:46.926+0000][160][gc,heap     ] GC(91) Eden regions: 75->0(75)
[2022-04-29T07:22:46.926+0000][160][gc,heap     ] GC(91) Survivor regions: 1->1(10)
[2022-04-29T07:22:46.928+0000][160][gc,heap     ] GC(91) Old regions: 22->22
[2022-04-29T07:22:46.928+0000][160][gc,heap     ] GC(91) Archive regions: 2->2
[2022-04-29T07:22:46.929+0000][160][gc,heap     ] GC(91) Humongous regions: 6->6
[2022-04-29T07:22:46.930+0000][160][gc,metaspace] GC(91) Metaspace: 117202K(119040K)->117202K(119040K) NonClass: 101658K(102720K)->101658K(102720K) Class: 15544K(16320K)->15544K(16320K)
[2022-04-29T07:22:46.930+0000][160][gc          ] GC(91) Pause Young (Normal) (G1 Evacuation Pause) 414M->114M(512M) 26.930ms
[2022-04-29T07:22:46.931+0000][160][gc,cpu      ] GC(91) User=0.01s Sys=0.01s Real=0.03s
[2022-04-29T07:22:46.932+0000][160][safepoint   ] Safepoint "G1CollectForAllocation", Time since last: 19532143343 ns, Reaching safepoint: 233208 ns, At safepoint: 28236333 ns, Total: 28469541 ns
[2022-04-29T07:22:47.933+0000][160][safepoint   ] Safepoint "Cleanup", Time since last: 1000909709 ns, Reaching safepoint: 74333 ns, At safepoint: 2084 ns, Total: 76417 ns
[2022-04-29T07:22:59.952+0000][160][safepoint   ] Safepoint "Cleanup", Time since last: 12019002630 ns, Reaching safepoint: 340584 ns, At safepoint: 13166 ns, Total: 353750 ns
[2022-04-29T07:23:27.000+0000][160][safepoint   ] Safepoint "Cleanup", Time since last: 27049701054 ns, Reaching safepoint: 245042 ns, At safepoint: 10541 ns, Total: 255583 ns
[2022-04-29T07:23:48.051+0000][160][safepoint   ] Safepoint "Cleanup", Time since last: 21050094884 ns, Reaching safepoint: 77500 ns, At safepoint: 2459 ns, Total: 79959 ns
[2022-04-29T07:24:00.068+0000][160][safepoint   ] Safepoint "Cleanup", Time since last: 12016592631 ns, Reaching safepoint: 306041 ns, At safepoint: 38042 ns, Total: 344083 ns
[2022-04-29T07:24:11.019+0000][160][gc,start    ] GC(92) Pause Young (Normal) (G1 Evacuation Pause)
[2022-04-29T07:24:11.020+0000][160][gc,task     ] GC(92) Using 5 workers of 5 for evacuation
[2022-04-29T07:24:11.021+0000][160][gc,age      ] GC(92) Desired survivor size 20971520 bytes, new threshold 15 (max threshold 15)
[2022-04-29T07:24:11.024+0000][160][gc,age      ] GC(92) Age table with threshold 15 (max threshold 15)
[2022-04-29T07:24:11.024+0000][160][gc,age      ] GC(92) - age   1:    1845176 bytes,    1845176 total
[2022-04-29T07:24:11.025+0000][160][gc,age      ] GC(92) - age   2:      82848 bytes,    1928024 total
[2022-04-29T07:24:11.026+0000][160][gc,age      ] GC(92) - age   3:      89624 bytes,    2017648 total
[2022-04-29T07:24:11.026+0000][160][gc,age      ] GC(92) - age   4:       7384 bytes,    2025032 total
[2022-04-29T07:24:11.027+0000][160][gc,age      ] GC(92) - age   5:      19544 bytes,    2044576 total
[2022-04-29T07:24:11.029+0000][160][gc,age      ] GC(92) - age   6:      81864 bytes,    2126440 total
[2022-04-29T07:24:11.029+0000][160][gc,age      ] GC(92) - age   7:       2952 bytes,    2129392 total
[2022-04-29T07:24:11.030+0000][160][gc,age      ] GC(92) - age   8:       6112 bytes,    2135504 total
[2022-04-29T07:24:11.031+0000][160][gc,age      ] GC(92) - age   9:       3680 bytes,    2139184 total
[2022-04-29T07:24:11.031+0000][160][gc,age      ] GC(92) - age  10:       1536 bytes,    2140720 total
[2022-04-29T07:24:11.032+0000][160][gc,age      ] GC(92) - age  11:       2584 bytes,    2143304 total
[2022-04-29T07:24:11.033+0000][160][gc,age      ] GC(92) - age  12:     183440 bytes,    2326744 total
[2022-04-29T07:24:11.033+0000][160][gc,age      ] GC(92) - age  13:      15768 bytes,    2342512 total
[2022-04-29T07:24:11.034+0000][160][gc,age      ] GC(92) - age  14:       5656 bytes,    2348168 total
[2022-04-29T07:24:11.034+0000][160][gc,age      ] GC(92) - age  15:      99992 bytes,    2448160 total
[2022-04-29T07:24:11.035+0000][160][gc,phases   ] GC(92)   Pre Evacuate Collection Set: 0.2ms
[2022-04-29T07:24:11.036+0000][160][gc,phases   ] GC(92)   Merge Heap Roots: 0.1ms
[2022-04-29T07:24:11.036+0000][160][gc,phases   ] GC(92)   Evacuate Collection Set: 1.4ms
[2022-04-29T07:24:11.037+0000][160][gc,phases   ] GC(92)   Post Evacuate Collection Set: 0.6ms
[2022-04-29T07:24:11.039+0000][160][gc,phases   ] GC(92)   Other: 13.6ms
[2022-04-29T07:24:11.040+0000][160][gc,heap     ] GC(92) Eden regions: 75->0(75)
[2022-04-29T07:24:11.041+0000][160][gc,heap     ] GC(92) Survivor regions: 1->1(10)
[2022-04-29T07:24:11.041+0000][160][gc,heap     ] GC(92) Old regions: 22->22
[2022-04-29T07:24:11.042+0000][160][gc,heap     ] GC(92) Archive regions: 2->2
[2022-04-29T07:24:11.042+0000][160][gc,heap     ] GC(92) Humongous regions: 6->6
[2022-04-29T07:24:11.043+0000][160][gc,metaspace] GC(92) Metaspace: 117204K(119040K)->117204K(119040K) NonClass: 101659K(102720K)->101659K(102720K) Class: 15544K(16320K)->15544K(16320K)
[2022-04-29T07:24:11.043+0000][160][gc          ] GC(92) Pause Young (Normal) (G1 Evacuation Pause) 414M->115M(512M) 23.994ms
[2022-04-29T07:24:11.044+0000][160][gc,cpu      ] GC(92) User=0.01s Sys=0.00s Real=0.02s
[2022-04-29T07:24:11.044+0000][160][safepoint   ] Safepoint "G1CollectForAllocation", Time since last: 10947585088 ns, Reaching safepoint: 74625 ns, At safepoint: 24788125 ns, Total: 24862750 ns
[2022-04-29T07:24:27.084+0000][160][safepoint   ] Safepoint "Cleanup", Time since last: 16039582966 ns, Reaching safepoint: 505250 ns, At safepoint: 6333 ns, Total: 511583 ns
[2022-04-29T07:24:41.110+0000][160][safepoint   ] Safepoint "Cleanup", Time since last: 14029478507 ns, Reaching safepoint: 434541 ns, At safepoint: 3709 ns, Total: 438250 ns
[2022-04-29T07:24:51.139+0000][160][safepoint   ] Safepoint "Cleanup", Time since last: 10028040755 ns, Reaching safepoint: 132208 ns, At safepoint: 5125 ns, Total: 137333 ns
[2022-04-29T07:24:54.142+0000][160][safepoint   ] Safepoint "Cleanup", Time since last: 3003143335 ns, Reaching safepoint: 491833 ns, At safepoint: 9250 ns, Total: 501083 ns
[2022-04-29T07:25:00.153+0000][160][safepoint   ] Safepoint "Cleanup", Time since last: 6010506086 ns, Reaching safepoint: 82209 ns, At safepoint: 2208 ns, Total: 84417 ns
[2022-04-29T07:25:24.250+0000][160][gc,start    ] GC(93) Pause Young (Normal) (G1 Evacuation Pause)
[2022-04-29T07:25:24.251+0000][160][gc,task     ] GC(93) Using 5 workers of 5 for evacuation
[2022-04-29T07:25:24.251+0000][160][gc,age      ] GC(93) Desired survivor size 20971520 bytes, new threshold 15 (max threshold 15)
[2022-04-29T07:25:24.254+0000][160][gc,age      ] GC(93) Age table with threshold 15 (max threshold 15)
[2022-04-29T07:25:24.255+0000][160][gc,age      ] GC(93) - age   1:     827080 bytes,     827080 total
[2022-04-29T07:25:24.256+0000][160][gc,age      ] GC(93) - age   2:       4920 bytes,     832000 total
[2022-04-29T07:25:24.257+0000][160][gc,age      ] GC(93) - age   3:      77776 bytes,     909776 total
[2022-04-29T07:25:24.258+0000][160][gc,age      ] GC(93) - age   4:      88752 bytes,     998528 total
[2022-04-29T07:25:24.259+0000][160][gc,age      ] GC(93) - age   5:       7192 bytes,    1005720 total
[2022-04-29T07:25:24.259+0000][160][gc,age      ] GC(93) - age   6:      19544 bytes,    1025264 total
[2022-04-29T07:25:24.260+0000][160][gc,age      ] GC(93) - age   7:      81864 bytes,    1107128 total
[2022-04-29T07:25:24.261+0000][160][gc,age      ] GC(93) - age   8:       2952 bytes,    1110080 total
[2022-04-29T07:25:24.261+0000][160][gc,age      ] GC(93) - age   9:       3944 bytes,    1114024 total
[2022-04-29T07:25:24.262+0000][160][gc,age      ] GC(93) - age  10:       3680 bytes,    1117704 total
[2022-04-29T07:25:24.263+0000][160][gc,age      ] GC(93) - age  11:       1536 bytes,    1119240 total
[2022-04-29T07:25:24.263+0000][160][gc,age      ] GC(93) - age  12:       2584 bytes,    1121824 total
[2022-04-29T07:25:24.264+0000][160][gc,age      ] GC(93) - age  13:     183440 bytes,    1305264 total
[2022-04-29T07:25:24.264+0000][160][gc,age      ] GC(93) - age  14:      15768 bytes,    1321032 total
[2022-04-29T07:25:24.265+0000][160][gc,age      ] GC(93) - age  15:       5656 bytes,    1326688 total
[2022-04-29T07:25:24.266+0000][160][gc,phases   ] GC(93)   Pre Evacuate Collection Set: 0.2ms
[2022-04-29T07:25:24.266+0000][160][gc,phases   ] GC(93)   Merge Heap Roots: 0.2ms
[2022-04-29T07:25:24.267+0000][160][gc,phases   ] GC(93)   Evacuate Collection Set: 1.2ms
[2022-04-29T07:25:24.267+0000][160][gc,phases   ] GC(93)   Post Evacuate Collection Set: 0.7ms
[2022-04-29T07:25:24.268+0000][160][gc,phases   ] GC(93)   Other: 13.3ms
[2022-04-29T07:25:24.269+0000][160][gc,heap     ] GC(93) Eden regions: 75->0(75)
[2022-04-29T07:25:24.270+0000][160][gc,heap     ] GC(93) Survivor regions: 1->1(10)
[2022-04-29T07:25:24.271+0000][160][gc,heap     ] GC(93) Old regions: 22->22
[2022-04-29T07:25:24.272+0000][160][gc,heap     ] GC(93) Archive regions: 2->2
[2022-04-29T07:25:24.273+0000][160][gc,heap     ] GC(93) Humongous regions: 6->6
[2022-04-29T07:25:24.274+0000][160][gc,metaspace] GC(93) Metaspace: 117210K(119040K)->117210K(119040K) NonClass: 101666K(102720K)->101666K(102720K) Class: 15544K(16320K)->15544K(16320K)
[2022-04-29T07:25:24.275+0000][160][gc          ] GC(93) Pause Young (Normal) (G1 Evacuation Pause) 415M->114M(512M) 24.733ms
[2022-04-29T07:25:24.276+0000][160][gc,cpu      ] GC(93) User=0.01s Sys=0.01s Real=0.02s
[2022-04-29T07:25:24.276+0000][160][safepoint   ] Safepoint "G1CollectForAllocation", Time since last: 24094671177 ns, Reaching safepoint: 68792 ns, At safepoint: 26252042 ns, Total: 26320834 ns
[2022-04-29T07:25:27.287+0000][160][safepoint   ] Safepoint "Cleanup", Time since last: 3010595585 ns, Reaching safepoint: 390375 ns, At safepoint: 12333 ns, Total: 402708 ns
[2022-04-29T07:25:41.327+0000][160][safepoint   ] Safepoint "Cleanup", Time since last: 14035683172 ns, Reaching safepoint: 83209 ns, At safepoint: 2958 ns, Total: 86167 ns
[2022-04-29T07:25:42.332+0000][160][safepoint   ] Safepoint "Cleanup", Time since last: 1005142834 ns, Reaching safepoint: 62208 ns, At safepoint: 1833 ns, Total: 64041 ns
[2022-04-29T07:26:02.392+0000][160][safepoint   ] Safepoint "Cleanup", Time since last: 20059470302 ns, Reaching safepoint: 330500 ns, At safepoint: 9500 ns, Total: 340000 ns
[2022-04-29T07:26:05.401+0000][160][safepoint   ] Safepoint "Cleanup", Time since last: 3008320793 ns, Reaching safepoint: 50666 ns, At safepoint: 2042 ns, Total: 52708 ns
[2022-04-29T07:26:12.083+0000][160][safepoint   ] Safepoint "Cleanup", Time since last: 6689538420 ns, Reaching safepoint: 72958 ns, At safepoint: 3167 ns, Total: 76125 ns
[2022-04-29T07:26:13.092+0000][160][safepoint   ] Safepoint "Cleanup", Time since last: 1007830833 ns, Reaching safepoint: 405917 ns, At safepoint: 6125 ns, Total: 412042 ns
[2022-04-29T07:26:38.771+0000][160][safepoint   ] Safepoint "Cleanup", Time since last: 25678517887 ns, Reaching safepoint: 290209 ns, At safepoint: 39250 ns, Total: 329459 ns
[2022-04-29T07:27:08.861+0000][160][safepoint   ] Safepoint "Cleanup", Time since last: 30088020805 ns, Reaching safepoint: 250417 ns, At safepoint: 26250 ns, Total: 276667 ns
[2022-04-29T07:27:26.924+0000][160][safepoint   ] Safepoint "Cleanup", Time since last: 18064731049 ns, Reaching safepoint: 311417 ns, At safepoint: 19667 ns, Total: 331084 ns
[2022-04-29T07:27:47.983+0000][160][safepoint   ] Safepoint "Cleanup", Time since last: 21058739092 ns, Reaching safepoint: 436625 ns, At safepoint: 8792 ns, Total: 445417 ns
[2022-04-29T07:28:08.041+0000][160][safepoint   ] Safepoint "Cleanup", Time since last: 20057143468 ns, Reaching safepoint: 913167 ns, At safepoint: 12500 ns, Total: 925667 ns
