[2022-05-19T10:00:32.913+0000][163][gc] Using G1
[2022-05-19T10:00:32.959+0000][163][gc,init] Version: 17.0.2+8 (release)
[2022-05-19T10:00:32.960+0000][163][gc,init] CPUs: 12 total, 12 available
[2022-05-19T10:00:32.960+0000][163][gc,init] Memory: 25532M
[2022-05-19T10:00:32.960+0000][163][gc,init] Large Page Support: Disabled
[2022-05-19T10:00:32.960+0000][163][gc,init] NUMA Support: Disabled
[2022-05-19T10:00:32.961+0000][163][gc,init] Compressed Oops: Enabled (32-bit)
[2022-05-19T10:00:32.961+0000][163][gc,init] Heap Region Size: 4M
[2022-05-19T10:00:32.961+0000][163][gc,init] Heap Min Capacity: 512M
[2022-05-19T10:00:32.961+0000][163][gc,init] Heap Initial Capacity: 512M
[2022-05-19T10:00:32.962+0000][163][gc,init] Heap Max Capacity: 512M
[2022-05-19T10:00:32.962+0000][163][gc,init] Pre-touch: Enabled
[2022-05-19T10:00:32.962+0000][163][gc,init] Parallel Workers: 10
[2022-05-19T10:00:32.963+0000][163][gc,init] Concurrent Workers: 3
[2022-05-19T10:00:32.963+0000][163][gc,init] Concurrent Refinement Workers: 10
[2022-05-19T10:00:32.963+0000][163][gc,init] Periodic GC: Disabled
[2022-05-19T10:00:32.963+0000][163][gc,metaspace] CDS archive(s) mapped at: [0x0000000800000000-0x0000000800bd2000-0x0000000800bd2000), size 12394496, SharedBaseAddress: 0x0000000800000000, ArchiveRelocationMode: 0.
[2022-05-19T10:00:32.963+0000][163][gc,metaspace] Compressed class space mapped at: 0x0000000800c00000-0x0000000840c00000, reserved size: 1073741824
[2022-05-19T10:00:32.964+0000][163][gc,metaspace] Narrow klass base: 0x0000000800000000, Narrow klass shift: 0, Narrow klass range: 0x100000000
[2022-05-19T10:00:33.340+0000][163][safepoint   ] Safepoint "ICBufferFull", Time since last: 370341600 ns, Reaching safepoint: 114300 ns, At safepoint: 6700 ns, Total: 121000 ns
[2022-05-19T10:00:33.640+0000][163][gc,start    ] GC(0) Pause Young (Normal) (G1 Evacuation Pause)
[2022-05-19T10:00:33.641+0000][163][gc,task     ] GC(0) Using 10 workers of 10 for evacuation
[2022-05-19T10:00:33.641+0000][163][gc,age      ] GC(0) Desired survivor size 2097152 bytes, new threshold 15 (max threshold 15)
[2022-05-19T10:00:33.644+0000][163][gc,age      ] GC(0) Age table with threshold 15 (max threshold 15)
[2022-05-19T10:00:33.644+0000][163][gc,age      ] GC(0) - age   1:    4153336 bytes,    4153336 total
[2022-05-19T10:00:33.644+0000][163][gc,phases   ] GC(0)   Pre Evacuate Collection Set: 0.2ms
[2022-05-19T10:00:33.645+0000][163][gc,phases   ] GC(0)   Merge Heap Roots: 0.2ms
[2022-05-19T10:00:33.645+0000][163][gc,phases   ] GC(0)   Evacuate Collection Set: 1.8ms
[2022-05-19T10:00:33.645+0000][163][gc,phases   ] GC(0)   Post Evacuate Collection Set: 0.7ms
[2022-05-19T10:00:33.645+0000][163][gc,phases   ] GC(0)   Other: 1.3ms
[2022-05-19T10:00:33.645+0000][163][gc,heap     ] GC(0) Eden regions: 6->0(5)
[2022-05-19T10:00:33.645+0000][163][gc,heap     ] GC(0) Survivor regions: 0->1(1)
[2022-05-19T10:00:33.645+0000][163][gc,heap     ] GC(0) Old regions: 0->1
[2022-05-19T10:00:33.646+0000][163][gc,heap     ] GC(0) Archive regions: 2->2
[2022-05-19T10:00:33.646+0000][163][gc,heap     ] GC(0) Humongous regions: 0->0
[2022-05-19T10:00:33.646+0000][163][gc,metaspace] GC(0) Metaspace: 9289K(9472K)->9289K(9472K) NonClass: 8223K(8320K)->8223K(8320K) Class: 1065K(1152K)->1065K(1152K)
[2022-05-19T10:00:33.646+0000][163][gc          ] GC(0) Pause Young (Normal) (G1 Evacuation Pause) 27M->8M(512M) 5.861ms
[2022-05-19T10:00:33.646+0000][163][gc,cpu      ] GC(0) User=0.02s Sys=0.00s Real=0.00s
[2022-05-19T10:00:33.646+0000][163][safepoint   ] Safepoint "G1CollectForAllocation", Time since last: 300466600 ns, Reaching safepoint: 144700 ns, At safepoint: 6163500 ns, Total: 6308200 ns
[2022-05-19T10:00:33.954+0000][163][gc,start    ] GC(1) Pause Young (Normal) (G1 Evacuation Pause)
[2022-05-19T10:00:33.954+0000][163][gc,task     ] GC(1) Using 10 workers of 10 for evacuation
[2022-05-19T10:00:33.954+0000][163][gc,age      ] GC(1) Desired survivor size 2097152 bytes, new threshold 1 (max threshold 15)
[2022-05-19T10:00:33.957+0000][163][gc,age      ] GC(1) Age table with threshold 1 (max threshold 15)
[2022-05-19T10:00:33.957+0000][163][gc,age      ] GC(1) - age   1:    1885472 bytes,    1885472 total
[2022-05-19T10:00:33.958+0000][163][gc,phases   ] GC(1)   Pre Evacuate Collection Set: 0.2ms
[2022-05-19T10:00:33.958+0000][163][gc,phases   ] GC(1)   Merge Heap Roots: 0.2ms
[2022-05-19T10:00:33.958+0000][163][gc,phases   ] GC(1)   Evacuate Collection Set: 1.9ms
[2022-05-19T10:00:33.958+0000][163][gc,phases   ] GC(1)   Post Evacuate Collection Set: 0.6ms
[2022-05-19T10:00:33.958+0000][163][gc,phases   ] GC(1)   Other: 1.1ms
[2022-05-19T10:00:33.958+0000][163][gc,heap     ] GC(1) Eden regions: 5->0(11)
[2022-05-19T10:00:33.959+0000][163][gc,heap     ] GC(1) Survivor regions: 1->1(1)
[2022-05-19T10:00:33.959+0000][163][gc,heap     ] GC(1) Old regions: 1->2
[2022-05-19T10:00:33.959+0000][163][gc,heap     ] GC(1) Archive regions: 2->2
[2022-05-19T10:00:33.959+0000][163][gc,heap     ] GC(1) Humongous regions: 0->0
[2022-05-19T10:00:33.959+0000][163][gc,metaspace] GC(1) Metaspace: 12695K(12992K)->12695K(12992K) NonClass: 11136K(11264K)->11136K(11264K) Class: 1558K(1728K)->1558K(1728K)
[2022-05-19T10:00:33.959+0000][163][gc          ] GC(1) Pause Young (Normal) (G1 Evacuation Pause) 28M->10M(512M) 5.790ms
[2022-05-19T10:00:33.959+0000][163][gc,cpu      ] GC(1) User=0.04s Sys=0.00s Real=0.01s
[2022-05-19T10:00:33.960+0000][163][safepoint   ] Safepoint "G1CollectForAllocation", Time since last: 306992300 ns, Reaching safepoint: 187600 ns, At safepoint: 6141800 ns, Total: 6329400 ns
[2022-05-19T10:00:34.089+0000][163][safepoint   ] Safepoint "ICBufferFull", Time since last: 129186400 ns, Reaching safepoint: 163400 ns, At safepoint: 22900 ns, Total: 186300 ns
[2022-05-19T10:00:34.455+0000][163][gc,start    ] GC(2) Pause Young (Normal) (G1 Evacuation Pause)
[2022-05-19T10:00:34.456+0000][163][gc,task     ] GC(2) Using 10 workers of 10 for evacuation
[2022-05-19T10:00:34.456+0000][163][gc,age      ] GC(2) Desired survivor size 4194304 bytes, new threshold 15 (max threshold 15)
[2022-05-19T10:00:34.459+0000][163][gc,age      ] GC(2) Age table with threshold 15 (max threshold 15)
[2022-05-19T10:00:34.460+0000][163][gc,age      ] GC(2) - age   1:    1225128 bytes,    1225128 total
[2022-05-19T10:00:34.460+0000][163][gc,age      ] GC(2) - age   2:    1852440 bytes,    3077568 total
[2022-05-19T10:00:34.460+0000][163][gc,phases   ] GC(2)   Pre Evacuate Collection Set: 0.2ms
[2022-05-19T10:00:34.460+0000][163][gc,phases   ] GC(2)   Merge Heap Roots: 0.2ms
[2022-05-19T10:00:34.460+0000][163][gc,phases   ] GC(2)   Evacuate Collection Set: 1.7ms
[2022-05-19T10:00:34.461+0000][163][gc,phases   ] GC(2)   Post Evacuate Collection Set: 1.3ms
[2022-05-19T10:00:34.461+0000][163][gc,phases   ] GC(2)   Other: 1.2ms
[2022-05-19T10:00:34.461+0000][163][gc,heap     ] GC(2) Eden regions: 11->0(58)
[2022-05-19T10:00:34.461+0000][163][gc,heap     ] GC(2) Survivor regions: 1->1(2)
[2022-05-19T10:00:34.461+0000][163][gc,heap     ] GC(2) Old regions: 2->2
[2022-05-19T10:00:34.461+0000][163][gc,heap     ] GC(2) Archive regions: 2->2
[2022-05-19T10:00:34.461+0000][163][gc,heap     ] GC(2) Humongous regions: 0->0
[2022-05-19T10:00:34.462+0000][163][gc,metaspace] GC(2) Metaspace: 15025K(15232K)->15025K(15232K) NonClass: 13252K(13376K)->13252K(13376K) Class: 1773K(1856K)->1773K(1856K)
[2022-05-19T10:00:34.462+0000][163][gc          ] GC(2) Pause Young (Normal) (G1 Evacuation Pause) 54M->11M(512M) 6.266ms
[2022-05-19T10:00:34.462+0000][163][gc,cpu      ] GC(2) User=0.02s Sys=0.01s Real=0.01s
[2022-05-19T10:00:34.462+0000][163][safepoint   ] Safepoint "G1CollectForAllocation", Time since last: 366189900 ns, Reaching safepoint: 195300 ns, At safepoint: 6648900 ns, Total: 6844200 ns
[2022-05-19T10:00:34.711+0000][163][safepoint   ] Safepoint "ICBufferFull", Time since last: 248879500 ns, Reaching safepoint: 287700 ns, At safepoint: 29200 ns, Total: 316900 ns
[2022-05-19T10:00:34.714+0000][163][safepoint   ] Safepoint "ICBufferFull", Time since last: 2574900 ns, Reaching safepoint: 255400 ns, At safepoint: 19100 ns, Total: 274500 ns
[2022-05-19T10:00:34.719+0000][163][safepoint   ] Safepoint "ICBufferFull", Time since last: 5112600 ns, Reaching safepoint: 253800 ns, At safepoint: 19300 ns, Total: 273100 ns
[2022-05-19T10:00:34.721+0000][163][safepoint   ] Safepoint "ICBufferFull", Time since last: 1375300 ns, Reaching safepoint: 193000 ns, At safepoint: 5200 ns, Total: 198200 ns
[2022-05-19T10:00:34.722+0000][163][safepoint   ] Safepoint "ICBufferFull", Time since last: 785000 ns, Reaching safepoint: 216700 ns, At safepoint: 5100 ns, Total: 221800 ns
[2022-05-19T10:00:34.723+0000][163][safepoint   ] Safepoint "ICBufferFull", Time since last: 807600 ns, Reaching safepoint: 187600 ns, At safepoint: 4900 ns, Total: 192500 ns
[2022-05-19T10:00:35.002+0000][163][gc,start    ] GC(3) Pause Young (Normal) (G1 Evacuation Pause)
[2022-05-19T10:00:35.002+0000][163][gc,task     ] GC(3) Using 10 workers of 10 for evacuation
[2022-05-19T10:00:35.002+0000][163][gc,age      ] GC(3) Desired survivor size 16777216 bytes, new threshold 15 (max threshold 15)
[2022-05-19T10:00:35.006+0000][163][gc,age      ] GC(3) Age table with threshold 15 (max threshold 15)
[2022-05-19T10:00:35.006+0000][163][gc,age      ] GC(3) - age   1:    4457232 bytes,    4457232 total
[2022-05-19T10:00:35.006+0000][163][gc,age      ] GC(3) - age   2:    1203976 bytes,    5661208 total
[2022-05-19T10:00:35.006+0000][163][gc,age      ] GC(3) - age   3:    1850984 bytes,    7512192 total
[2022-05-19T10:00:35.006+0000][163][gc,phases   ] GC(3)   Pre Evacuate Collection Set: 0.2ms
[2022-05-19T10:00:35.007+0000][163][gc,phases   ] GC(3)   Merge Heap Roots: 0.2ms
[2022-05-19T10:00:35.007+0000][163][gc,phases   ] GC(3)   Evacuate Collection Set: 2.2ms
[2022-05-19T10:00:35.007+0000][163][gc,phases   ] GC(3)   Post Evacuate Collection Set: 0.7ms
[2022-05-19T10:00:35.007+0000][163][gc,phases   ] GC(3)   Other: 1.4ms
[2022-05-19T10:00:35.007+0000][163][gc,heap     ] GC(3) Eden regions: 58->0(74)
[2022-05-19T10:00:35.007+0000][163][gc,heap     ] GC(3) Survivor regions: 1->2(8)
[2022-05-19T10:00:35.007+0000][163][gc,heap     ] GC(3) Old regions: 2->2
[2022-05-19T10:00:35.008+0000][163][gc,heap     ] GC(3) Archive regions: 2->2
[2022-05-19T10:00:35.008+0000][163][gc,heap     ] GC(3) Humongous regions: 0->0
[2022-05-19T10:00:35.008+0000][163][gc,metaspace] GC(3) Metaspace: 17844K(18240K)->17844K(18240K) NonClass: 15685K(15872K)->15685K(15872K) Class: 2158K(2368K)->2158K(2368K)
[2022-05-19T10:00:35.008+0000][163][gc          ] GC(3) Pause Young (Normal) (G1 Evacuation Pause) 243M->15M(512M) 6.204ms
[2022-05-19T10:00:35.008+0000][163][gc,cpu      ] GC(3) User=0.02s Sys=0.00s Real=0.00s
[2022-05-19T10:00:35.008+0000][163][safepoint   ] Safepoint "G1CollectForAllocation", Time since last: 278429100 ns, Reaching safepoint: 252500 ns, At safepoint: 6637300 ns, Total: 6889800 ns
[2022-05-19T10:00:35.456+0000][163][gc,start    ] GC(4) Pause Young (Normal) (G1 Evacuation Pause)
[2022-05-19T10:00:35.457+0000][163][gc,task     ] GC(4) Using 10 workers of 10 for evacuation
[2022-05-19T10:00:35.457+0000][163][gc,age      ] GC(4) Desired survivor size 20971520 bytes, new threshold 15 (max threshold 15)
[2022-05-19T10:00:35.461+0000][163][gc,age      ] GC(4) Age table with threshold 15 (max threshold 15)
[2022-05-19T10:00:35.463+0000][163][gc,age      ] GC(4) - age   1:    4688168 bytes,    4688168 total
[2022-05-19T10:00:35.463+0000][163][gc,age      ] GC(4) - age   2:    3727616 bytes,    8415784 total
[2022-05-19T10:00:35.463+0000][163][gc,age      ] GC(4) - age   3:    1203800 bytes,    9619584 total
[2022-05-19T10:00:35.464+0000][163][gc,age      ] GC(4) - age   4:    1850984 bytes,   11470568 total
[2022-05-19T10:00:35.464+0000][163][gc,phases   ] GC(4)   Pre Evacuate Collection Set: 0.2ms
[2022-05-19T10:00:35.464+0000][163][gc,phases   ] GC(4)   Merge Heap Roots: 0.2ms
[2022-05-19T10:00:35.464+0000][163][gc,phases   ] GC(4)   Evacuate Collection Set: 2.4ms
[2022-05-19T10:00:35.465+0000][163][gc,phases   ] GC(4)   Post Evacuate Collection Set: 0.9ms
[2022-05-19T10:00:35.465+0000][163][gc,phases   ] GC(4)   Other: 3.8ms
[2022-05-19T10:00:35.465+0000][163][gc,heap     ] GC(4) Eden regions: 74->0(73)
[2022-05-19T10:00:35.465+0000][163][gc,heap     ] GC(4) Survivor regions: 2->3(10)
[2022-05-19T10:00:35.465+0000][163][gc,heap     ] GC(4) Old regions: 2->2
[2022-05-19T10:00:35.465+0000][163][gc,heap     ] GC(4) Archive regions: 2->2
[2022-05-19T10:00:35.466+0000][163][gc,heap     ] GC(4) Humongous regions: 0->0
[2022-05-19T10:00:35.466+0000][163][gc,metaspace] GC(4) Metaspace: 19223K(19712K)->19223K(19712K) NonClass: 16877K(17152K)->16877K(17152K) Class: 2346K(2560K)->2346K(2560K)
[2022-05-19T10:00:35.466+0000][163][gc          ] GC(4) Pause Young (Normal) (G1 Evacuation Pause) 311M->19M(512M) 9.446ms
[2022-05-19T10:00:35.466+0000][163][gc,cpu      ] GC(4) User=0.05s Sys=0.00s Real=0.01s
[2022-05-19T10:00:35.466+0000][163][safepoint   ] Safepoint "G1CollectForAllocation", Time since last: 447733500 ns, Reaching safepoint: 233100 ns, At safepoint: 10130500 ns, Total: 10363600 ns
[2022-05-19T10:00:35.803+0000][163][gc,start    ] GC(5) Pause Young (Normal) (G1 Evacuation Pause)
[2022-05-19T10:00:35.803+0000][163][gc,task     ] GC(5) Using 10 workers of 10 for evacuation
[2022-05-19T10:00:35.803+0000][163][gc,age      ] GC(5) Desired survivor size 20971520 bytes, new threshold 15 (max threshold 15)
[2022-05-19T10:00:35.807+0000][163][gc,age      ] GC(5) Age table with threshold 15 (max threshold 15)
[2022-05-19T10:00:35.807+0000][163][gc,age      ] GC(5) - age   1:    2775352 bytes,    2775352 total
[2022-05-19T10:00:35.808+0000][163][gc,age      ] GC(5) - age   2:    4142952 bytes,    6918304 total
[2022-05-19T10:00:35.808+0000][163][gc,age      ] GC(5) - age   3:    3727136 bytes,   10645440 total
[2022-05-19T10:00:35.808+0000][163][gc,age      ] GC(5) - age   4:    1203736 bytes,   11849176 total
[2022-05-19T10:00:35.808+0000][163][gc,age      ] GC(5) - age   5:    1850920 bytes,   13700096 total
[2022-05-19T10:00:35.808+0000][163][gc,phases   ] GC(5)   Pre Evacuate Collection Set: 0.2ms
[2022-05-19T10:00:35.809+0000][163][gc,phases   ] GC(5)   Merge Heap Roots: 0.1ms
[2022-05-19T10:00:35.809+0000][163][gc,phases   ] GC(5)   Evacuate Collection Set: 2.6ms
[2022-05-19T10:00:35.809+0000][163][gc,phases   ] GC(5)   Post Evacuate Collection Set: 0.7ms
[2022-05-19T10:00:35.809+0000][163][gc,phases   ] GC(5)   Other: 1.6ms
[2022-05-19T10:00:35.809+0000][163][gc,heap     ] GC(5) Eden regions: 73->0(72)
[2022-05-19T10:00:35.809+0000][163][gc,heap     ] GC(5) Survivor regions: 3->4(10)
[2022-05-19T10:00:35.810+0000][163][gc,heap     ] GC(5) Old regions: 2->2
[2022-05-19T10:00:35.810+0000][163][gc,heap     ] GC(5) Archive regions: 2->2
[2022-05-19T10:00:35.810+0000][163][gc,heap     ] GC(5) Humongous regions: 0->0
[2022-05-19T10:00:35.810+0000][163][gc,metaspace] GC(5) Metaspace: 19736K(20224K)->19736K(20224K) NonClass: 17302K(17600K)->17302K(17600K) Class: 2434K(2624K)->2434K(2624K)
[2022-05-19T10:00:35.810+0000][163][gc          ] GC(5) Pause Young (Normal) (G1 Evacuation Pause) 311M->22M(512M) 7.322ms
[2022-05-19T10:00:35.811+0000][163][gc,cpu      ] GC(5) User=0.03s Sys=0.01s Real=0.01s
[2022-05-19T10:00:35.811+0000][163][safepoint   ] Safepoint "G1CollectForAllocation", Time since last: 336346300 ns, Reaching safepoint: 189100 ns, At safepoint: 7680500 ns, Total: 7869600 ns
[2022-05-19T10:00:36.142+0000][163][gc,start    ] GC(6) Pause Young (Normal) (G1 Evacuation Pause)
[2022-05-19T10:00:36.142+0000][163][gc,task     ] GC(6) Using 10 workers of 10 for evacuation
[2022-05-19T10:00:36.142+0000][163][gc,age      ] GC(6) Desired survivor size 20971520 bytes, new threshold 15 (max threshold 15)
[2022-05-19T10:00:36.147+0000][163][gc,age      ] GC(6) Age table with threshold 15 (max threshold 15)
[2022-05-19T10:00:36.147+0000][163][gc,age      ] GC(6) - age   1:    2870056 bytes,    2870056 total
[2022-05-19T10:00:36.148+0000][163][gc,age      ] GC(6) - age   2:     662968 bytes,    3533024 total
[2022-05-19T10:00:36.148+0000][163][gc,age      ] GC(6) - age   3:    4138568 bytes,    7671592 total
[2022-05-19T10:00:36.148+0000][163][gc,age      ] GC(6) - age   4:    3724456 bytes,   11396048 total
[2022-05-19T10:00:36.148+0000][163][gc,age      ] GC(6) - age   5:    1203632 bytes,   12599680 total
[2022-05-19T10:00:36.148+0000][163][gc,age      ] GC(6) - age   6:    1850920 bytes,   14450600 total
[2022-05-19T10:00:36.149+0000][163][gc,phases   ] GC(6)   Pre Evacuate Collection Set: 0.2ms
[2022-05-19T10:00:36.149+0000][163][gc,phases   ] GC(6)   Merge Heap Roots: 0.2ms
[2022-05-19T10:00:36.149+0000][163][gc,phases   ] GC(6)   Evacuate Collection Set: 3.2ms
[2022-05-19T10:00:36.149+0000][163][gc,phases   ] GC(6)   Post Evacuate Collection Set: 1.2ms
[2022-05-19T10:00:36.149+0000][163][gc,phases   ] GC(6)   Other: 2.1ms
[2022-05-19T10:00:36.149+0000][163][gc,heap     ] GC(6) Eden regions: 72->0(72)
[2022-05-19T10:00:36.149+0000][163][gc,heap     ] GC(6) Survivor regions: 4->4(10)
[2022-05-19T10:00:36.150+0000][163][gc,heap     ] GC(6) Old regions: 2->2
[2022-05-19T10:00:36.150+0000][163][gc,heap     ] GC(6) Archive regions: 2->2
[2022-05-19T10:00:36.150+0000][163][gc,heap     ] GC(6) Humongous regions: 0->0
[2022-05-19T10:00:36.150+0000][163][gc,metaspace] GC(6) Metaspace: 20899K(21504K)->20899K(21504K) NonClass: 18313K(18688K)->18313K(18688K) Class: 2586K(2816K)->2586K(2816K)
[2022-05-19T10:00:36.150+0000][163][gc          ] GC(6) Pause Young (Normal) (G1 Evacuation Pause) 310M->23M(512M) 8.481ms
[2022-05-19T10:00:36.150+0000][163][gc,cpu      ] GC(6) User=0.03s Sys=0.00s Real=0.01s
[2022-05-19T10:00:36.151+0000][163][safepoint   ] Safepoint "G1CollectForAllocation", Time since last: 330813500 ns, Reaching safepoint: 208700 ns, At safepoint: 8840500 ns, Total: 9049200 ns
[2022-05-19T10:00:36.194+0000][163][gc,start    ] GC(7) Pause Young (Concurrent Start) (Metadata GC Threshold)
[2022-05-19T10:00:36.194+0000][163][gc,task     ] GC(7) Using 10 workers of 10 for evacuation
[2022-05-19T10:00:36.194+0000][163][gc,age      ] GC(7) Desired survivor size 20971520 bytes, new threshold 15 (max threshold 15)
[2022-05-19T10:00:36.199+0000][163][gc,age      ] GC(7) Age table with threshold 15 (max threshold 15)
[2022-05-19T10:00:36.199+0000][163][gc,age      ] GC(7) - age   1:     288240 bytes,     288240 total
[2022-05-19T10:00:36.199+0000][163][gc,age      ] GC(7) - age   2:    2068840 bytes,    2357080 total
[2022-05-19T10:00:36.199+0000][163][gc,age      ] GC(7) - age   3:     662968 bytes,    3020048 total
[2022-05-19T10:00:36.199+0000][163][gc,age      ] GC(7) - age   4:    4138296 bytes,    7158344 total
[2022-05-19T10:00:36.200+0000][163][gc,age      ] GC(7) - age   5:    3724456 bytes,   10882800 total
[2022-05-19T10:00:36.200+0000][163][gc,age      ] GC(7) - age   6:    1203632 bytes,   12086432 total
[2022-05-19T10:00:36.200+0000][163][gc,age      ] GC(7) - age   7:    1850920 bytes,   13937352 total
[2022-05-19T10:00:36.200+0000][163][gc,phases   ] GC(7)   Pre Evacuate Collection Set: 0.2ms
[2022-05-19T10:00:36.200+0000][163][gc,phases   ] GC(7)   Merge Heap Roots: 0.1ms
[2022-05-19T10:00:36.201+0000][163][gc,phases   ] GC(7)   Evacuate Collection Set: 2.8ms
[2022-05-19T10:00:36.201+0000][163][gc,phases   ] GC(7)   Post Evacuate Collection Set: 0.8ms
[2022-05-19T10:00:36.201+0000][163][gc,phases   ] GC(7)   Other: 2.2ms
[2022-05-19T10:00:36.201+0000][163][gc,heap     ] GC(7) Eden regions: 12->0(72)
[2022-05-19T10:00:36.201+0000][163][gc,heap     ] GC(7) Survivor regions: 4->4(10)
[2022-05-19T10:00:36.202+0000][163][gc,heap     ] GC(7) Old regions: 2->2
[2022-05-19T10:00:36.202+0000][163][gc,heap     ] GC(7) Archive regions: 2->2
[2022-05-19T10:00:36.202+0000][163][gc,heap     ] GC(7) Humongous regions: 0->0
[2022-05-19T10:00:36.202+0000][163][gc,metaspace] GC(7) Metaspace: 20933K(21504K)->20933K(21504K) NonClass: 18339K(18688K)->18339K(18688K) Class: 2594K(2816K)->2594K(2816K)
[2022-05-19T10:00:36.202+0000][163][gc          ] GC(7) Pause Young (Concurrent Start) (Metadata GC Threshold) 71M->22M(512M) 8.101ms
[2022-05-19T10:00:36.202+0000][163][gc,cpu      ] GC(7) User=0.02s Sys=0.00s Real=0.01s
[2022-05-19T10:00:36.203+0000][163][gc          ] GC(8) Concurrent Mark Cycle
[2022-05-19T10:00:36.203+0000][163][gc,marking  ] GC(8) Concurrent Clear Claimed Marks
[2022-05-19T10:00:36.203+0000][163][safepoint   ] Safepoint "CollectForMetadataAllocation", Time since last: 43262500 ns, Reaching safepoint: 190400 ns, At safepoint: 8596900 ns, Total: 8787300 ns
[2022-05-19T10:00:36.203+0000][163][gc,marking  ] GC(8) Concurrent Clear Claimed Marks 0.212ms
[2022-05-19T10:00:36.203+0000][163][gc,marking  ] GC(8) Concurrent Scan Root Regions
[2022-05-19T10:00:36.205+0000][163][gc,marking  ] GC(8) Concurrent Scan Root Regions 2.142ms
[2022-05-19T10:00:36.206+0000][163][gc,marking  ] GC(8) Concurrent Mark
[2022-05-19T10:00:36.206+0000][163][gc,marking  ] GC(8) Concurrent Mark From Roots
[2022-05-19T10:00:36.206+0000][163][gc,task     ] GC(8) Using 3 workers of 3 for marking
[2022-05-19T10:00:36.210+0000][163][gc,marking  ] GC(8) Concurrent Mark From Roots 4.425ms
[2022-05-19T10:00:36.210+0000][163][gc,marking  ] GC(8) Concurrent Preclean
[2022-05-19T10:00:36.211+0000][163][gc,marking  ] GC(8) Concurrent Preclean 0.636ms
[2022-05-19T10:00:36.212+0000][163][gc,start    ] GC(8) Pause Remark
[2022-05-19T10:00:36.214+0000][163][gc          ] GC(8) Pause Remark 30M->30M(512M) 2.067ms
[2022-05-19T10:00:36.214+0000][163][gc,cpu      ] GC(8) User=0.01s Sys=0.00s Real=0.00s
[2022-05-19T10:00:36.214+0000][163][safepoint   ] Safepoint "G1Concurrent", Time since last: 8802000 ns, Reaching safepoint: 251400 ns, At safepoint: 2404400 ns, Total: 2655800 ns
[2022-05-19T10:00:36.214+0000][163][gc,marking  ] GC(8) Concurrent Mark 8.662ms
[2022-05-19T10:00:36.214+0000][163][gc,marking  ] GC(8) Concurrent Rebuild Remembered Sets
[2022-05-19T10:00:36.216+0000][163][gc,marking  ] GC(8) Concurrent Rebuild Remembered Sets 1.974ms
[2022-05-19T10:00:36.217+0000][163][gc,start    ] GC(8) Pause Cleanup
[2022-05-19T10:00:36.217+0000][163][gc          ] GC(8) Pause Cleanup 34M->34M(512M) 0.346ms
[2022-05-19T10:00:36.217+0000][163][gc,cpu      ] GC(8) User=0.00s Sys=0.00s Real=0.00s
[2022-05-19T10:00:36.218+0000][163][safepoint   ] Safepoint "G1Concurrent", Time since last: 2504300 ns, Reaching safepoint: 250300 ns, At safepoint: 713200 ns, Total: 963500 ns
[2022-05-19T10:00:36.218+0000][163][gc,marking  ] GC(8) Concurrent Cleanup for Next Mark
[2022-05-19T10:00:36.218+0000][163][gc,marking  ] GC(8) Concurrent Cleanup for Next Mark 0.466ms
[2022-05-19T10:00:36.218+0000][163][gc          ] GC(8) Concurrent Mark Cycle 15.850ms
[2022-05-19T10:00:36.922+0000][163][safepoint   ] Safepoint "ICBufferFull", Time since last: 704269200 ns, Reaching safepoint: 187800 ns, At safepoint: 6600 ns, Total: 194400 ns
[2022-05-19T10:00:36.923+0000][163][safepoint   ] Safepoint "ICBufferFull", Time since last: 996600 ns, Reaching safepoint: 180200 ns, At safepoint: 5600 ns, Total: 185800 ns
[2022-05-19T10:00:36.924+0000][163][safepoint   ] Safepoint "ICBufferFull", Time since last: 840200 ns, Reaching safepoint: 167600 ns, At safepoint: 4600 ns, Total: 172200 ns
[2022-05-19T10:00:36.925+0000][163][safepoint   ] Safepoint "ICBufferFull", Time since last: 705900 ns, Reaching safepoint: 153200 ns, At safepoint: 4500 ns, Total: 157700 ns
[2022-05-19T10:00:36.937+0000][163][safepoint   ] Safepoint "ICBufferFull", Time since last: 11822400 ns, Reaching safepoint: 177600 ns, At safepoint: 5500 ns, Total: 183100 ns
[2022-05-19T10:00:36.938+0000][163][safepoint   ] Safepoint "ICBufferFull", Time since last: 706900 ns, Reaching safepoint: 156900 ns, At safepoint: 4500 ns, Total: 161400 ns
[2022-05-19T10:00:36.972+0000][163][safepoint   ] Safepoint "ICBufferFull", Time since last: 34021300 ns, Reaching safepoint: 302100 ns, At safepoint: 35300 ns, Total: 337400 ns
[2022-05-19T10:00:36.979+0000][163][safepoint   ] Safepoint "ICBufferFull", Time since last: 6875100 ns, Reaching safepoint: 212600 ns, At safepoint: 6100 ns, Total: 218700 ns
[2022-05-19T10:00:36.992+0000][163][safepoint   ] Safepoint "ICBufferFull", Time since last: 12644400 ns, Reaching safepoint: 225500 ns, At safepoint: 5800 ns, Total: 231300 ns
[2022-05-19T10:00:37.709+0000][163][safepoint   ] Safepoint "ICBufferFull", Time since last: 716204200 ns, Reaching safepoint: 422800 ns, At safepoint: 32600 ns, Total: 455400 ns
[2022-05-19T10:00:38.326+0000][163][gc,start    ] GC(9) Pause Young (Normal) (G1 Evacuation Pause)
[2022-05-19T10:00:38.326+0000][163][gc,task     ] GC(9) Using 10 workers of 10 for evacuation
[2022-05-19T10:00:38.326+0000][163][gc,age      ] GC(9) Desired survivor size 20971520 bytes, new threshold 15 (max threshold 15)
[2022-05-19T10:00:38.338+0000][163][gc,age      ] GC(9) Age table with threshold 15 (max threshold 15)
[2022-05-19T10:00:38.338+0000][163][gc,age      ] GC(9) - age   1:   21898952 bytes,   21898952 total
[2022-05-19T10:00:38.338+0000][163][gc,age      ] GC(9) - age   2:     270920 bytes,   22169872 total
[2022-05-19T10:00:38.338+0000][163][gc,age      ] GC(9) - age   3:    2036888 bytes,   24206760 total
[2022-05-19T10:00:38.338+0000][163][gc,age      ] GC(9) - age   4:     646424 bytes,   24853184 total
[2022-05-19T10:00:38.338+0000][163][gc,age      ] GC(9) - age   5:    4117248 bytes,   28970432 total
[2022-05-19T10:00:38.339+0000][163][gc,age      ] GC(9) - age   6:    3647120 bytes,   32617552 total
[2022-05-19T10:00:38.339+0000][163][gc,age      ] GC(9) - age   7:    1148496 bytes,   33766048 total
[2022-05-19T10:00:38.339+0000][163][gc,age      ] GC(9) - age   8:    1842904 bytes,   35608952 total
[2022-05-19T10:00:38.339+0000][163][gc,phases   ] GC(9)   Pre Evacuate Collection Set: 0.2ms
[2022-05-19T10:00:38.339+0000][163][gc,phases   ] GC(9)   Merge Heap Roots: 0.2ms
[2022-05-19T10:00:38.339+0000][163][gc,phases   ] GC(9)   Evacuate Collection Set: 9.4ms
[2022-05-19T10:00:38.340+0000][163][gc,phases   ] GC(9)   Post Evacuate Collection Set: 1.2ms
[2022-05-19T10:00:38.340+0000][163][gc,phases   ] GC(9)   Other: 2.1ms
[2022-05-19T10:00:38.340+0000][163][gc,heap     ] GC(9) Eden regions: 72->0(67)
[2022-05-19T10:00:38.340+0000][163][gc,heap     ] GC(9) Survivor regions: 4->9(10)
[2022-05-19T10:00:38.340+0000][163][gc,heap     ] GC(9) Old regions: 2->2
[2022-05-19T10:00:38.340+0000][163][gc,heap     ] GC(9) Archive regions: 2->2
[2022-05-19T10:00:38.340+0000][163][gc,heap     ] GC(9) Humongous regions: 0->0
[2022-05-19T10:00:38.341+0000][163][gc,metaspace] GC(9) Metaspace: 30685K(31552K)->30685K(31552K) NonClass: 26737K(27264K)->26737K(27264K) Class: 3947K(4288K)->3947K(4288K)
[2022-05-19T10:00:38.341+0000][163][gc          ] GC(9) Pause Young (Normal) (G1 Evacuation Pause) 310M->43M(512M) 14.824ms
[2022-05-19T10:00:38.341+0000][163][gc,cpu      ] GC(9) User=0.13s Sys=0.00s Real=0.02s
[2022-05-19T10:00:38.341+0000][163][safepoint   ] Safepoint "G1CollectForAllocation", Time since last: 616769700 ns, Reaching safepoint: 212400 ns, At safepoint: 15201700 ns, Total: 15414100 ns
[2022-05-19T10:00:38.861+0000][163][gc,start    ] GC(10) Pause Young (Concurrent Start) (Metadata GC Threshold)
[2022-05-19T10:00:38.861+0000][163][gc,task     ] GC(10) Using 10 workers of 10 for evacuation
[2022-05-19T10:00:38.861+0000][163][gc,age      ] GC(10) Desired survivor size 20971520 bytes, new threshold 1 (max threshold 15)
[2022-05-19T10:00:38.877+0000][163][gc,age      ] GC(10) Age table with threshold 1 (max threshold 15)
[2022-05-19T10:00:38.877+0000][163][gc,age      ] GC(10) - age   1:    6245176 bytes,    6245176 total
[2022-05-19T10:00:38.877+0000][163][gc,phases   ] GC(10)   Pre Evacuate Collection Set: 0.2ms
[2022-05-19T10:00:38.878+0000][163][gc,phases   ] GC(10)   Merge Heap Roots: 0.2ms
[2022-05-19T10:00:38.878+0000][163][gc,phases   ] GC(10)   Evacuate Collection Set: 13.5ms
[2022-05-19T10:00:38.878+0000][163][gc,phases   ] GC(10)   Post Evacuate Collection Set: 1.4ms
[2022-05-19T10:00:38.878+0000][163][gc,phases   ] GC(10)   Other: 1.0ms
[2022-05-19T10:00:38.878+0000][163][gc,heap     ] GC(10) Eden regions: 18->0(73)
[2022-05-19T10:00:38.878+0000][163][gc,heap     ] GC(10) Survivor regions: 9->3(10)
[2022-05-19T10:00:38.879+0000][163][gc,heap     ] GC(10) Old regions: 2->10
[2022-05-19T10:00:38.879+0000][163][gc,heap     ] GC(10) Archive regions: 2->2
[2022-05-19T10:00:38.879+0000][163][gc,heap     ] GC(10) Humongous regions: 0->0
[2022-05-19T10:00:38.879+0000][163][gc,metaspace] GC(10) Metaspace: 34987K(35968K)->34987K(35968K) NonClass: 30334K(30912K)->30334K(30912K) Class: 4652K(5056K)->4652K(5056K)
[2022-05-19T10:00:38.879+0000][163][gc          ] GC(10) Pause Young (Concurrent Start) (Metadata GC Threshold) 115M->50M(512M) 18.137ms
[2022-05-19T10:00:38.879+0000][163][gc,cpu      ] GC(10) User=0.17s Sys=0.00s Real=0.02s
[2022-05-19T10:00:38.880+0000][163][gc          ] GC(11) Concurrent Mark Cycle
[2022-05-19T10:00:38.880+0000][163][gc,marking  ] GC(11) Concurrent Clear Claimed Marks
[2022-05-19T10:00:38.880+0000][163][safepoint   ] Safepoint "CollectForMetadataAllocation", Time since last: 519674600 ns, Reaching safepoint: 210000 ns, At safepoint: 18672500 ns, Total: 18882500 ns
[2022-05-19T10:00:38.880+0000][163][gc,marking  ] GC(11) Concurrent Clear Claimed Marks 0.231ms
[2022-05-19T10:00:38.880+0000][163][gc,marking  ] GC(11) Concurrent Scan Root Regions
[2022-05-19T10:00:38.896+0000][163][gc,marking  ] GC(11) Concurrent Scan Root Regions 15.666ms
[2022-05-19T10:00:38.898+0000][163][gc,marking  ] GC(11) Concurrent Mark
[2022-05-19T10:00:38.915+0000][163][gc,marking  ] GC(11) Concurrent Mark From Roots
[2022-05-19T10:00:38.906+0000][163][safepoint   ] Safepoint "CollectForMetadataAllocation", Time since last: 16021500 ns, Reaching safepoint: 9811600 ns, At safepoint: 64600 ns, Total: 9876200 ns
[2022-05-19T10:00:38.917+0000][163][gc,task     ] GC(11) Using 3 workers of 3 for marking
[2022-05-19T10:00:38.924+0000][163][gc,marking  ] GC(11) Concurrent Mark From Roots 8.676ms
[2022-05-19T10:00:38.924+0000][163][gc,marking  ] GC(11) Concurrent Preclean
[2022-05-19T10:00:38.925+0000][163][gc,marking  ] GC(11) Concurrent Preclean 0.525ms
[2022-05-19T10:00:38.925+0000][163][gc,start    ] GC(11) Pause Remark
[2022-05-19T10:00:38.937+0000][163][gc          ] GC(11) Pause Remark 52M->52M(512M) 12.164ms
[2022-05-19T10:00:38.938+0000][163][gc,cpu      ] GC(11) User=0.03s Sys=0.01s Real=0.01s
[2022-05-19T10:00:38.938+0000][163][safepoint   ] Safepoint "G1Concurrent", Time since last: 19350300 ns, Reaching safepoint: 154000 ns, At safepoint: 12618400 ns, Total: 12772400 ns
[2022-05-19T10:00:38.946+0000][163][gc,marking  ] GC(11) Concurrent Mark 47.795ms
[2022-05-19T10:00:38.948+0000][163][gc,marking  ] GC(11) Concurrent Rebuild Remembered Sets
[2022-05-19T10:00:38.968+0000][163][gc,marking  ] GC(11) Concurrent Rebuild Remembered Sets 19.567ms
[2022-05-19T10:00:38.968+0000][163][gc,start    ] GC(11) Pause Cleanup
[2022-05-19T10:00:38.969+0000][163][gc          ] GC(11) Pause Cleanup 54M->54M(512M) 0.413ms
[2022-05-19T10:00:38.969+0000][163][gc,cpu      ] GC(11) User=0.02s Sys=0.00s Real=0.01s
[2022-05-19T10:00:38.969+0000][163][safepoint   ] Safepoint "G1Concurrent", Time since last: 30257400 ns, Reaching safepoint: 186400 ns, At safepoint: 834300 ns, Total: 1020700 ns
[2022-05-19T10:00:38.969+0000][163][gc,marking  ] GC(11) Concurrent Cleanup for Next Mark
[2022-05-19T10:00:38.970+0000][163][gc,marking  ] GC(11) Concurrent Cleanup for Next Mark 0.542ms
[2022-05-19T10:00:38.970+0000][163][gc          ] GC(11) Concurrent Mark Cycle 90.430ms
[2022-05-19T10:00:39.868+0000][163][safepoint   ] Safepoint "ICBufferFull", Time since last: 898351900 ns, Reaching safepoint: 229100 ns, At safepoint: 31000 ns, Total: 260100 ns
[2022-05-19T10:00:40.172+0000][163][safepoint   ] Safepoint "ICBufferFull", Time since last: 303896400 ns, Reaching safepoint: 194400 ns, At safepoint: 7600 ns, Total: 202000 ns
[2022-05-19T10:00:40.496+0000][163][gc,start    ] GC(12) Pause Young (Concurrent Start) (G1 Evacuation Pause)
[2022-05-19T10:00:40.496+0000][163][gc,task     ] GC(12) Using 10 workers of 10 for evacuation
[2022-05-19T10:00:40.496+0000][163][gc,age      ] GC(12) Desired survivor size 20971520 bytes, new threshold 15 (max threshold 15)
[2022-05-19T10:00:40.503+0000][163][gc,age      ] GC(12) Age table with threshold 15 (max threshold 15)
[2022-05-19T10:00:40.503+0000][163][gc,age      ] GC(12) - age   1:    6108248 bytes,    6108248 total
[2022-05-19T10:00:40.503+0000][163][gc,age      ] GC(12) - age   2:    6095600 bytes,   12203848 total
[2022-05-19T10:00:40.504+0000][163][gc,phases   ] GC(12)   Pre Evacuate Collection Set: 0.3ms
[2022-05-19T10:00:40.504+0000][163][gc,phases   ] GC(12)   Merge Heap Roots: 0.2ms
[2022-05-19T10:00:40.504+0000][163][gc,phases   ] GC(12)   Evacuate Collection Set: 4.5ms
[2022-05-19T10:00:40.504+0000][163][gc,phases   ] GC(12)   Post Evacuate Collection Set: 1.3ms
[2022-05-19T10:00:40.504+0000][163][gc,phases   ] GC(12)   Other: 1.3ms
[2022-05-19T10:00:40.504+0000][163][gc,heap     ] GC(12) Eden regions: 73->0(72)
[2022-05-19T10:00:40.505+0000][163][gc,heap     ] GC(12) Survivor regions: 3->4(10)
[2022-05-19T10:00:40.505+0000][163][gc,heap     ] GC(12) Old regions: 10->10
[2022-05-19T10:00:40.505+0000][163][gc,heap     ] GC(12) Archive regions: 2->2
[2022-05-19T10:00:40.505+0000][163][gc,heap     ] GC(12) Humongous regions: 0->0
[2022-05-19T10:00:40.505+0000][163][gc,metaspace] GC(12) Metaspace: 52234K(53376K)->52234K(53376K) NonClass: 45141K(45824K)->45141K(45824K) Class: 7092K(7552K)->7092K(7552K)
[2022-05-19T10:00:40.505+0000][163][gc          ] GC(12) Pause Young (Concurrent Start) (G1 Evacuation Pause) 342M->54M(512M) 9.468ms
[2022-05-19T10:00:40.506+0000][163][gc,cpu      ] GC(12) User=0.08s Sys=0.00s Real=0.01s
[2022-05-19T10:00:40.506+0000][163][gc          ] GC(13) Concurrent Mark Cycle
[2022-05-19T10:00:40.506+0000][163][gc,marking  ] GC(13) Concurrent Clear Claimed Marks
[2022-05-19T10:00:40.506+0000][163][safepoint   ] Safepoint "G1CollectForAllocation", Time since last: 324044600 ns, Reaching safepoint: 215900 ns, At safepoint: 9961500 ns, Total: 10177400 ns
[2022-05-19T10:00:40.506+0000][163][gc,marking  ] GC(13) Concurrent Clear Claimed Marks 0.289ms
[2022-05-19T10:00:40.507+0000][163][gc,marking  ] GC(13) Concurrent Scan Root Regions
[2022-05-19T10:00:40.513+0000][163][gc,marking  ] GC(13) Concurrent Scan Root Regions 6.339ms
[2022-05-19T10:00:40.513+0000][163][gc,marking  ] GC(13) Concurrent Mark
[2022-05-19T10:00:40.514+0000][163][gc,marking  ] GC(13) Concurrent Mark From Roots
[2022-05-19T10:00:40.514+0000][163][gc,task     ] GC(13) Using 3 workers of 3 for marking
[2022-05-19T10:00:40.543+0000][163][gc,marking  ] GC(13) Concurrent Mark From Roots 29.716ms
[2022-05-19T10:00:40.543+0000][163][gc,marking  ] GC(13) Concurrent Preclean
[2022-05-19T10:00:40.544+0000][163][gc,marking  ] GC(13) Concurrent Preclean 0.634ms
[2022-05-19T10:00:40.545+0000][163][gc,start    ] GC(13) Pause Remark
[2022-05-19T10:00:40.547+0000][163][gc          ] GC(13) Pause Remark 66M->66M(512M) 2.734ms
[2022-05-19T10:00:40.547+0000][163][gc,cpu      ] GC(13) User=0.02s Sys=0.00s Real=0.00s
[2022-05-19T10:00:40.548+0000][163][safepoint   ] Safepoint "G1Concurrent", Time since last: 38369600 ns, Reaching safepoint: 268600 ns, At safepoint: 3179900 ns, Total: 3448500 ns
[2022-05-19T10:00:40.548+0000][163][gc,marking  ] GC(13) Concurrent Mark 34.637ms
[2022-05-19T10:00:40.548+0000][163][gc,marking  ] GC(13) Concurrent Rebuild Remembered Sets
[2022-05-19T10:00:40.559+0000][163][gc,marking  ] GC(13) Concurrent Rebuild Remembered Sets 11.146ms
[2022-05-19T10:00:40.560+0000][163][gc,start    ] GC(13) Pause Cleanup
[2022-05-19T10:00:40.560+0000][163][gc          ] GC(13) Pause Cleanup 70M->70M(512M) 0.401ms
[2022-05-19T10:00:40.560+0000][163][gc,cpu      ] GC(13) User=0.00s Sys=0.00s Real=0.00s
[2022-05-19T10:00:40.561+0000][163][safepoint   ] Safepoint "G1Concurrent", Time since last: 11758600 ns, Reaching safepoint: 262400 ns, At safepoint: 827200 ns, Total: 1089600 ns
[2022-05-19T10:00:40.561+0000][163][gc,marking  ] GC(13) Concurrent Cleanup for Next Mark
[2022-05-19T10:00:40.561+0000][163][gc,marking  ] GC(13) Concurrent Cleanup for Next Mark 0.438ms
[2022-05-19T10:00:40.561+0000][163][gc          ] GC(13) Concurrent Mark Cycle 55.558ms
[2022-05-19T10:00:41.251+0000][163][safepoint   ] Safepoint "ICBufferFull", Time since last: 689212500 ns, Reaching safepoint: 711000 ns, At safepoint: 21900 ns, Total: 732900 ns
[2022-05-19T10:00:42.123+0000][163][safepoint   ] Safepoint "ICBufferFull", Time since last: 871901900 ns, Reaching safepoint: 221900 ns, At safepoint: 6500 ns, Total: 228400 ns
[2022-05-19T10:00:43.062+0000][163][safepoint   ] Safepoint "ICBufferFull", Time since last: 939428300 ns, Reaching safepoint: 286200 ns, At safepoint: 34800 ns, Total: 321000 ns
[2022-05-19T10:00:43.262+0000][163][safepoint   ] Safepoint "ICBufferFull", Time since last: 199870500 ns, Reaching safepoint: 199000 ns, At safepoint: 6200 ns, Total: 205200 ns
[2022-05-19T10:00:43.842+0000][163][gc,start    ] GC(14) Pause Young (Concurrent Start) (Metadata GC Threshold)
[2022-05-19T10:00:43.842+0000][163][gc,task     ] GC(14) Using 10 workers of 10 for evacuation
[2022-05-19T10:00:43.842+0000][163][gc,age      ] GC(14) Desired survivor size 20971520 bytes, new threshold 15 (max threshold 15)
[2022-05-19T10:00:43.854+0000][163][gc,age      ] GC(14) Age table with threshold 15 (max threshold 15)
[2022-05-19T10:00:43.854+0000][163][gc,age      ] GC(14) - age   1:   14446928 bytes,   14446928 total
[2022-05-19T10:00:43.854+0000][163][gc,age      ] GC(14) - age   2:    5820512 bytes,   20267440 total
[2022-05-19T10:00:43.855+0000][163][gc,age      ] GC(14) - age   3:    6074168 bytes,   26341608 total
[2022-05-19T10:00:43.855+0000][163][gc,phases   ] GC(14)   Pre Evacuate Collection Set: 0.3ms
[2022-05-19T10:00:43.855+0000][163][gc,phases   ] GC(14)   Merge Heap Roots: 0.2ms
[2022-05-19T10:00:43.855+0000][163][gc,phases   ] GC(14)   Evacuate Collection Set: 9.0ms
[2022-05-19T10:00:43.855+0000][163][gc,phases   ] GC(14)   Post Evacuate Collection Set: 2.1ms
[2022-05-19T10:00:43.856+0000][163][gc,phases   ] GC(14)   Other: 1.6ms
[2022-05-19T10:00:43.856+0000][163][gc,heap     ] GC(14) Eden regions: 72->0(69)
[2022-05-19T10:00:43.856+0000][163][gc,heap     ] GC(14) Survivor regions: 4->7(10)
[2022-05-19T10:00:43.856+0000][163][gc,heap     ] GC(14) Old regions: 10->10
[2022-05-19T10:00:43.856+0000][163][gc,heap     ] GC(14) Archive regions: 2->2
[2022-05-19T10:00:43.856+0000][163][gc,heap     ] GC(14) Humongous regions: 0->0
[2022-05-19T10:00:43.856+0000][163][gc,metaspace] GC(14) Metaspace: 87555K(88960K)->87555K(88960K) NonClass: 75368K(76224K)->75368K(76224K) Class: 12187K(12736K)->12187K(12736K)
[2022-05-19T10:00:43.857+0000][163][gc          ] GC(14) Pause Young (Concurrent Start) (Metadata GC Threshold) 342M->68M(512M) 14.800ms
[2022-05-19T10:00:43.857+0000][163][gc,cpu      ] GC(14) User=0.09s Sys=0.00s Real=0.01s
[2022-05-19T10:00:43.857+0000][163][gc          ] GC(15) Concurrent Mark Cycle
[2022-05-19T10:00:43.857+0000][163][safepoint   ] Safepoint "CollectForMetadataAllocation", Time since last: 579079300 ns, Reaching safepoint: 223500 ns, At safepoint: 15294600 ns, Total: 15518100 ns
[2022-05-19T10:00:43.857+0000][163][gc,marking  ] GC(15) Concurrent Clear Claimed Marks
[2022-05-19T10:00:43.858+0000][163][gc,marking  ] GC(15) Concurrent Clear Claimed Marks 0.397ms
[2022-05-19T10:00:43.858+0000][163][gc,marking  ] GC(15) Concurrent Scan Root Regions
[2022-05-19T10:00:43.867+0000][163][gc,marking  ] GC(15) Concurrent Scan Root Regions 8.886ms
[2022-05-19T10:00:43.867+0000][163][gc,marking  ] GC(15) Concurrent Mark
[2022-05-19T10:00:43.867+0000][163][gc,marking  ] GC(15) Concurrent Mark From Roots
[2022-05-19T10:00:43.867+0000][163][gc,task     ] GC(15) Using 3 workers of 3 for marking
[2022-05-19T10:00:43.885+0000][163][safepoint   ] Safepoint "CollectForMetadataAllocation", Time since last: 26881500 ns, Reaching safepoint: 441400 ns, At safepoint: 120500 ns, Total: 561900 ns
[2022-05-19T10:00:43.895+0000][163][gc,marking  ] GC(15) Concurrent Mark From Roots 27.834ms
[2022-05-19T10:00:43.895+0000][163][gc,marking  ] GC(15) Concurrent Preclean
[2022-05-19T10:00:43.896+0000][163][gc,marking  ] GC(15) Concurrent Preclean 0.674ms
[2022-05-19T10:00:43.896+0000][163][gc,start    ] GC(15) Pause Remark
[2022-05-19T10:00:43.899+0000][163][gc          ] GC(15) Pause Remark 76M->76M(512M) 3.007ms
[2022-05-19T10:00:43.900+0000][163][gc,cpu      ] GC(15) User=0.03s Sys=0.00s Real=0.01s
[2022-05-19T10:00:43.900+0000][163][safepoint   ] Safepoint "G1Concurrent", Time since last: 11619900 ns, Reaching safepoint: 273700 ns, At safepoint: 3515700 ns, Total: 3789400 ns
[2022-05-19T10:00:43.900+0000][163][gc,marking  ] GC(15) Concurrent Mark 33.214ms
[2022-05-19T10:00:43.900+0000][163][gc,marking  ] GC(15) Concurrent Rebuild Remembered Sets
[2022-05-19T10:00:43.916+0000][163][gc,marking  ] GC(15) Concurrent Rebuild Remembered Sets 16.135ms
[2022-05-19T10:00:43.917+0000][163][gc,start    ] GC(15) Pause Cleanup
[2022-05-19T10:00:43.918+0000][163][gc          ] GC(15) Pause Cleanup 81M->81M(512M) 0.570ms
[2022-05-19T10:00:43.918+0000][163][gc,cpu      ] GC(15) User=0.00s Sys=0.00s Real=0.00s
[2022-05-19T10:00:43.919+0000][163][safepoint   ] Safepoint "G1Concurrent", Time since last: 16977200 ns, Reaching safepoint: 347100 ns, At safepoint: 1289500 ns, Total: 1636600 ns
[2022-05-19T10:00:43.919+0000][163][gc,marking  ] GC(15) Concurrent Cleanup for Next Mark
[2022-05-19T10:00:43.919+0000][163][gc,marking  ] GC(15) Concurrent Cleanup for Next Mark 0.448ms
[2022-05-19T10:00:43.920+0000][163][gc          ] GC(15) Concurrent Mark Cycle 62.546ms
[2022-05-19T10:00:44.925+0000][163][safepoint   ] Safepoint "ICBufferFull", Time since last: 1006588800 ns, Reaching safepoint: 245600 ns, At safepoint: 28600 ns, Total: 274200 ns
[2022-05-19T10:00:45.158+0000][163][safepoint   ] Safepoint "ICBufferFull", Time since last: 232055900 ns, Reaching safepoint: 230200 ns, At safepoint: 25400 ns, Total: 255600 ns
[2022-05-19T10:00:45.604+0000][163][gc,start    ] GC(16) Pause Young (Concurrent Start) (G1 Evacuation Pause)
[2022-05-19T10:00:45.604+0000][163][gc,task     ] GC(16) Using 10 workers of 10 for evacuation
[2022-05-19T10:00:45.604+0000][163][gc,age      ] GC(16) Desired survivor size 20971520 bytes, new threshold 3 (max threshold 15)
[2022-05-19T10:00:45.616+0000][163][gc,age      ] GC(16) Age table with threshold 3 (max threshold 15)
[2022-05-19T10:00:45.617+0000][163][gc,age      ] GC(16) - age   1:    5017176 bytes,    5017176 total
[2022-05-19T10:00:45.617+0000][163][gc,age      ] GC(16) - age   2:   13902840 bytes,   18920016 total
[2022-05-19T10:00:45.617+0000][163][gc,age      ] GC(16) - age   3:    5725944 bytes,   24645960 total
[2022-05-19T10:00:45.617+0000][163][gc,phases   ] GC(16)   Pre Evacuate Collection Set: 0.3ms
[2022-05-19T10:00:45.617+0000][163][gc,phases   ] GC(16)   Merge Heap Roots: 0.2ms
[2022-05-19T10:00:45.618+0000][163][gc,phases   ] GC(16)   Evacuate Collection Set: 10.0ms
[2022-05-19T10:00:45.618+0000][163][gc,phases   ] GC(16)   Post Evacuate Collection Set: 1.3ms
[2022-05-19T10:00:45.618+0000][163][gc,phases   ] GC(16)   Other: 1.4ms
[2022-05-19T10:00:45.618+0000][163][gc,heap     ] GC(16) Eden regions: 69->0(69)
[2022-05-19T10:00:45.618+0000][163][gc,heap     ] GC(16) Survivor regions: 7->7(10)
[2022-05-19T10:00:45.618+0000][163][gc,heap     ] GC(16) Old regions: 10->12
[2022-05-19T10:00:45.619+0000][163][gc,heap     ] GC(16) Archive regions: 2->2
[2022-05-19T10:00:45.619+0000][163][gc,heap     ] GC(16) Humongous regions: 6->6
[2022-05-19T10:00:45.619+0000][163][gc,metaspace] GC(16) Metaspace: 93070K(94528K)->93070K(94528K) NonClass: 80002K(80896K)->80002K(80896K) Class: 13067K(13632K)->13067K(13632K)
[2022-05-19T10:00:45.619+0000][163][gc          ] GC(16) Pause Young (Concurrent Start) (G1 Evacuation Pause) 368M->97M(512M) 15.055ms
[2022-05-19T10:00:45.619+0000][163][gc,cpu      ] GC(16) User=0.14s Sys=0.00s Real=0.02s
[2022-05-19T10:00:45.619+0000][163][gc          ] GC(17) Concurrent Mark Cycle
[2022-05-19T10:00:45.620+0000][163][gc,marking  ] GC(17) Concurrent Clear Claimed Marks
[2022-05-19T10:00:45.619+0000][163][safepoint   ] Safepoint "G1CollectForAllocation", Time since last: 446003600 ns, Reaching safepoint: 248200 ns, At safepoint: 15445000 ns, Total: 15693200 ns
[2022-05-19T10:00:45.620+0000][163][gc,marking  ] GC(17) Concurrent Clear Claimed Marks 0.323ms
[2022-05-19T10:00:45.620+0000][163][gc,marking  ] GC(17) Concurrent Scan Root Regions
[2022-05-19T10:00:45.630+0000][163][gc,marking  ] GC(17) Concurrent Scan Root Regions 9.636ms
[2022-05-19T10:00:45.630+0000][163][gc,marking  ] GC(17) Concurrent Mark
[2022-05-19T10:00:45.630+0000][163][gc,marking  ] GC(17) Concurrent Mark From Roots
[2022-05-19T10:00:45.631+0000][163][gc,task     ] GC(17) Using 3 workers of 3 for marking
[2022-05-19T10:00:45.660+0000][163][gc,marking  ] GC(17) Concurrent Mark From Roots 29.577ms
[2022-05-19T10:00:45.660+0000][163][gc,marking  ] GC(17) Concurrent Preclean
[2022-05-19T10:00:45.661+0000][163][gc,marking  ] GC(17) Concurrent Preclean 0.695ms
[2022-05-19T10:00:45.661+0000][163][gc,start    ] GC(17) Pause Remark
[2022-05-19T10:00:45.664+0000][163][gc          ] GC(17) Pause Remark 165M->165M(512M) 2.978ms
[2022-05-19T10:00:45.665+0000][163][gc,cpu      ] GC(17) User=0.01s Sys=0.00s Real=0.00s
[2022-05-19T10:00:45.665+0000][163][safepoint   ] Safepoint "G1Concurrent", Time since last: 41686500 ns, Reaching safepoint: 281700 ns, At safepoint: 3356600 ns, Total: 3638300 ns
[2022-05-19T10:00:45.665+0000][163][gc,marking  ] GC(17) Concurrent Mark 34.810ms
[2022-05-19T10:00:45.665+0000][163][gc,marking  ] GC(17) Concurrent Rebuild Remembered Sets
[2022-05-19T10:00:45.684+0000][163][gc,marking  ] GC(17) Concurrent Rebuild Remembered Sets 19.191ms
[2022-05-19T10:00:45.685+0000][163][gc,start    ] GC(17) Pause Cleanup
[2022-05-19T10:00:45.685+0000][163][gc          ] GC(17) Pause Cleanup 191M->191M(512M) 0.349ms
[2022-05-19T10:00:45.685+0000][163][gc,cpu      ] GC(17) User=0.00s Sys=0.00s Real=0.00s
[2022-05-19T10:00:45.686+0000][163][safepoint   ] Safepoint "G1Concurrent", Time since last: 19768200 ns, Reaching safepoint: 274400 ns, At safepoint: 800200 ns, Total: 1074600 ns
[2022-05-19T10:00:45.686+0000][163][gc,marking  ] GC(17) Concurrent Cleanup for Next Mark
[2022-05-19T10:00:45.686+0000][163][gc,marking  ] GC(17) Concurrent Cleanup for Next Mark 0.451ms
[2022-05-19T10:00:45.686+0000][163][gc          ] GC(17) Concurrent Mark Cycle 67.093ms
[2022-05-19T10:00:46.457+0000][163][safepoint   ] Safepoint "ICBufferFull", Time since last: 767686500 ns, Reaching safepoint: 3340400 ns, At safepoint: 38200 ns, Total: 3378600 ns
[2022-05-19T10:00:46.765+0000][163][safepoint   ] Safepoint "ICBufferFull", Time since last: 307985100 ns, Reaching safepoint: 263800 ns, At safepoint: 59100 ns, Total: 322900 ns
[2022-05-19T10:00:47.259+0000][163][gc,start    ] GC(18) Pause Young (Normal) (G1 Evacuation Pause)
[2022-05-19T10:00:47.259+0000][163][gc,task     ] GC(18) Using 10 workers of 10 for evacuation
[2022-05-19T10:00:47.259+0000][163][gc,age      ] GC(18) Desired survivor size 20971520 bytes, new threshold 3 (max threshold 15)
[2022-05-19T10:00:47.271+0000][163][gc,age      ] GC(18) Age table with threshold 3 (max threshold 15)
[2022-05-19T10:00:47.271+0000][163][gc,age      ] GC(18) - age   1:    8030368 bytes,    8030368 total
[2022-05-19T10:00:47.271+0000][163][gc,age      ] GC(18) - age   2:    4053544 bytes,   12083912 total
[2022-05-19T10:00:47.271+0000][163][gc,age      ] GC(18) - age   3:   13840888 bytes,   25924800 total
[2022-05-19T10:00:47.272+0000][163][gc,phases   ] GC(18)   Pre Evacuate Collection Set: 0.3ms
[2022-05-19T10:00:47.272+0000][163][gc,phases   ] GC(18)   Merge Heap Roots: 0.2ms
[2022-05-19T10:00:47.272+0000][163][gc,phases   ] GC(18)   Evacuate Collection Set: 9.3ms
[2022-05-19T10:00:47.272+0000][163][gc,phases   ] GC(18)   Post Evacuate Collection Set: 1.4ms
[2022-05-19T10:00:47.272+0000][163][gc,phases   ] GC(18)   Other: 1.7ms
[2022-05-19T10:00:47.272+0000][163][gc,heap     ] GC(18) Eden regions: 69->0(69)
[2022-05-19T10:00:47.273+0000][163][gc,heap     ] GC(18) Survivor regions: 7->7(10)
[2022-05-19T10:00:47.273+0000][163][gc,heap     ] GC(18) Old regions: 12->13
[2022-05-19T10:00:47.273+0000][163][gc,heap     ] GC(18) Archive regions: 2->2
[2022-05-19T10:00:47.273+0000][163][gc,heap     ] GC(18) Humongous regions: 6->6
[2022-05-19T10:00:47.273+0000][163][gc,metaspace] GC(18) Metaspace: 96620K(98048K)->96620K(98048K) NonClass: 83105K(83968K)->83105K(83968K) Class: 13514K(14080K)->13514K(14080K)
[2022-05-19T10:00:47.273+0000][163][gc          ] GC(18) Pause Young (Normal) (G1 Evacuation Pause) 373M->104M(512M) 14.807ms
[2022-05-19T10:00:47.274+0000][163][gc,cpu      ] GC(18) User=0.11s Sys=0.01s Real=0.02s
[2022-05-19T10:00:47.274+0000][163][safepoint   ] Safepoint "G1CollectForAllocation", Time since last: 493278400 ns, Reaching safepoint: 372100 ns, At safepoint: 15389800 ns, Total: 15761900 ns
[2022-05-19T10:00:47.730+0000][163][safepoint   ] Safepoint "ICBufferFull", Time since last: 456093000 ns, Reaching safepoint: 265800 ns, At safepoint: 37600 ns, Total: 303400 ns
[2022-05-19T10:00:48.517+0000][163][safepoint   ] Safepoint "ICBufferFull", Time since last: 786301000 ns, Reaching safepoint: 222300 ns, At safepoint: 22800 ns, Total: 245100 ns
[2022-05-19T10:00:50.035+0000][163][safepoint   ] Safepoint "Cleanup", Time since last: 1513854100 ns, Reaching safepoint: 4496300 ns, At safepoint: 73200 ns, Total: 4569500 ns
[2022-05-19T10:00:50.537+0000][163][gc,start    ] GC(19) Pause Young (Normal) (G1 Evacuation Pause)
[2022-05-19T10:00:50.537+0000][163][gc,task     ] GC(19) Using 10 workers of 10 for evacuation
[2022-05-19T10:00:50.537+0000][163][gc,age      ] GC(19) Desired survivor size 20971520 bytes, new threshold 3 (max threshold 15)
[2022-05-19T10:00:50.546+0000][163][gc,age      ] GC(19) Age table with threshold 3 (max threshold 15)
[2022-05-19T10:00:50.547+0000][163][gc,age      ] GC(19) - age   1:    7743344 bytes,    7743344 total
[2022-05-19T10:00:50.547+0000][163][gc,age      ] GC(19) - age   2:    4884240 bytes,   12627584 total
[2022-05-19T10:00:50.547+0000][163][gc,age      ] GC(19) - age   3:    4019744 bytes,   16647328 total
[2022-05-19T10:00:50.547+0000][163][gc,phases   ] GC(19)   Pre Evacuate Collection Set: 0.2ms
[2022-05-19T10:00:50.547+0000][163][gc,phases   ] GC(19)   Merge Heap Roots: 0.2ms
[2022-05-19T10:00:50.547+0000][163][gc,phases   ] GC(19)   Evacuate Collection Set: 7.4ms
[2022-05-19T10:00:50.548+0000][163][gc,phases   ] GC(19)   Post Evacuate Collection Set: 1.1ms
[2022-05-19T10:00:50.548+0000][163][gc,phases   ] GC(19)   Other: 1.2ms
[2022-05-19T10:00:50.548+0000][163][gc,heap     ] GC(19) Eden regions: 69->0(68)
[2022-05-19T10:00:50.548+0000][163][gc,heap     ] GC(19) Survivor regions: 7->5(10)
[2022-05-19T10:00:50.548+0000][163][gc,heap     ] GC(19) Old regions: 13->16
[2022-05-19T10:00:50.548+0000][163][gc,heap     ] GC(19) Archive regions: 2->2
[2022-05-19T10:00:50.549+0000][163][gc,heap     ] GC(19) Humongous regions: 10->8
[2022-05-19T10:00:50.549+0000][163][gc,metaspace] GC(19) Metaspace: 98374K(99840K)->98374K(99840K) NonClass: 84691K(85568K)->84691K(85568K) Class: 13683K(14272K)->13683K(14272K)
[2022-05-19T10:00:50.549+0000][163][gc          ] GC(19) Pause Young (Normal) (G1 Evacuation Pause) 396M->118M(512M) 11.638ms
[2022-05-19T10:00:50.549+0000][163][gc,cpu      ] GC(19) User=0.08s Sys=0.00s Real=0.02s
[2022-05-19T10:00:50.549+0000][163][safepoint   ] Safepoint "G1CollectForAllocation", Time since last: 501528000 ns, Reaching safepoint: 266200 ns, At safepoint: 12066800 ns, Total: 12333000 ns
[2022-05-19T10:00:50.972+0000][163][gc,start    ] GC(20) Pause Young (Concurrent Start) (G1 Humongous Allocation)
[2022-05-19T10:00:50.972+0000][163][gc,task     ] GC(20) Using 10 workers of 10 for evacuation
[2022-05-19T10:00:50.972+0000][163][gc,age      ] GC(20) Desired survivor size 20971520 bytes, new threshold 15 (max threshold 15)
[2022-05-19T10:00:50.978+0000][163][gc,age      ] GC(20) Age table with threshold 15 (max threshold 15)
[2022-05-19T10:00:50.978+0000][163][gc,age      ] GC(20) - age   1:    3388456 bytes,    3388456 total
[2022-05-19T10:00:50.978+0000][163][gc,age      ] GC(20) - age   2:    5075848 bytes,    8464304 total
[2022-05-19T10:00:50.978+0000][163][gc,age      ] GC(20) - age   3:    4884056 bytes,   13348360 total
[2022-05-19T10:00:50.978+0000][163][gc,age      ] GC(20) - age   4:    4019744 bytes,   17368104 total
[2022-05-19T10:00:50.978+0000][163][gc,phases   ] GC(20)   Pre Evacuate Collection Set: 0.4ms
[2022-05-19T10:00:50.979+0000][163][gc,phases   ] GC(20)   Merge Heap Roots: 0.2ms
[2022-05-19T10:00:50.979+0000][163][gc,phases   ] GC(20)   Evacuate Collection Set: 3.9ms
[2022-05-19T10:00:50.979+0000][163][gc,phases   ] GC(20)   Post Evacuate Collection Set: 0.9ms
[2022-05-19T10:00:50.979+0000][163][gc,phases   ] GC(20)   Other: 1.6ms
[2022-05-19T10:00:50.979+0000][163][gc,heap     ] GC(20) Eden regions: 26->0(68)
[2022-05-19T10:00:50.979+0000][163][gc,heap     ] GC(20) Survivor regions: 5->5(10)
[2022-05-19T10:00:50.980+0000][163][gc,heap     ] GC(20) Old regions: 16->16
[2022-05-19T10:00:50.980+0000][163][gc,heap     ] GC(20) Archive regions: 2->2
[2022-05-19T10:00:50.980+0000][163][gc,heap     ] GC(20) Humongous regions: 19->9
[2022-05-19T10:00:50.980+0000][163][gc,metaspace] GC(20) Metaspace: 98454K(99904K)->98454K(99904K) NonClass: 84771K(85632K)->84771K(85632K) Class: 13683K(14272K)->13683K(14272K)
[2022-05-19T10:00:50.980+0000][163][gc          ] GC(20) Pause Young (Concurrent Start) (G1 Humongous Allocation) 263M->122M(512M) 8.457ms
[2022-05-19T10:00:50.980+0000][163][gc,cpu      ] GC(20) User=0.05s Sys=0.00s Real=0.01s
[2022-05-19T10:00:50.980+0000][163][gc          ] GC(21) Concurrent Undo Cycle
[2022-05-19T10:00:50.981+0000][163][gc,marking  ] GC(21) Concurrent Cleanup for Next Mark
[2022-05-19T10:00:50.981+0000][163][safepoint   ] Safepoint "G1TryInitiateConcMark", Time since last: 422104200 ns, Reaching safepoint: 286400 ns, At safepoint: 8953100 ns, Total: 9239500 ns
[2022-05-19T10:00:50.981+0000][163][gc,marking  ] GC(21) Concurrent Cleanup for Next Mark 0.582ms
[2022-05-19T10:00:50.982+0000][163][gc          ] GC(21) Concurrent Undo Cycle 1.028ms
[2022-05-19T10:00:50.994+0000][163][gc,start    ] GC(22) Pause Young (Concurrent Start) (G1 Humongous Allocation)
[2022-05-19T10:00:50.994+0000][163][gc,task     ] GC(22) Using 10 workers of 10 for evacuation
[2022-05-19T10:00:50.994+0000][163][gc,age      ] GC(22) Desired survivor size 20971520 bytes, new threshold 15 (max threshold 15)
[2022-05-19T10:00:51.000+0000][163][gc,age      ] GC(22) Age table with threshold 15 (max threshold 15)
[2022-05-19T10:00:51.000+0000][163][gc,age      ] GC(22) - age   1:     139808 bytes,     139808 total
[2022-05-19T10:00:51.000+0000][163][gc,age      ] GC(22) - age   2:    3384016 bytes,    3523824 total
[2022-05-19T10:00:51.000+0000][163][gc,age      ] GC(22) - age   3:    5075848 bytes,    8599672 total
[2022-05-19T10:00:51.001+0000][163][gc,age      ] GC(22) - age   4:    4884056 bytes,   13483728 total
[2022-05-19T10:00:51.001+0000][163][gc,age      ] GC(22) - age   5:    4019744 bytes,   17503472 total
[2022-05-19T10:00:51.001+0000][163][gc,phases   ] GC(22)   Pre Evacuate Collection Set: 0.3ms
[2022-05-19T10:00:51.001+0000][163][gc,phases   ] GC(22)   Merge Heap Roots: 0.2ms
[2022-05-19T10:00:51.001+0000][163][gc,phases   ] GC(22)   Evacuate Collection Set: 4.1ms
[2022-05-19T10:00:51.001+0000][163][gc,phases   ] GC(22)   Post Evacuate Collection Set: 1.1ms
[2022-05-19T10:00:51.002+0000][163][gc,phases   ] GC(22)   Other: 1.8ms
[2022-05-19T10:00:51.002+0000][163][gc,heap     ] GC(22) Eden regions: 1->0(67)
[2022-05-19T10:00:51.002+0000][163][gc,heap     ] GC(22) Survivor regions: 5->5(10)
[2022-05-19T10:00:51.002+0000][163][gc,heap     ] GC(22) Old regions: 16->16
[2022-05-19T10:00:51.002+0000][163][gc,heap     ] GC(22) Archive regions: 2->2
[2022-05-19T10:00:51.002+0000][163][gc,heap     ] GC(22) Humongous regions: 21->10
[2022-05-19T10:00:51.002+0000][163][gc,metaspace] GC(22) Metaspace: 98454K(99904K)->98454K(99904K) NonClass: 84771K(85632K)->84771K(85632K) Class: 13683K(14272K)->13683K(14272K)
[2022-05-19T10:00:51.003+0000][163][gc          ] GC(22) Pause Young (Concurrent Start) (G1 Humongous Allocation) 172M->125M(512M) 8.891ms
[2022-05-19T10:00:51.003+0000][163][gc,cpu      ] GC(22) User=0.03s Sys=0.02s Real=0.01s
[2022-05-19T10:00:51.003+0000][163][gc          ] GC(23) Concurrent Undo Cycle
[2022-05-19T10:00:51.003+0000][163][gc,marking  ] GC(23) Concurrent Cleanup for Next Mark
[2022-05-19T10:00:51.003+0000][163][safepoint   ] Safepoint "G1TryInitiateConcMark", Time since last: 12713100 ns, Reaching safepoint: 312400 ns, At safepoint: 9276200 ns, Total: 9588600 ns
[2022-05-19T10:00:51.003+0000][163][gc,marking  ] GC(23) Concurrent Cleanup for Next Mark 0.473ms
[2022-05-19T10:00:51.004+0000][163][gc          ] GC(23) Concurrent Undo Cycle 1.037ms
[2022-05-19T10:00:51.014+0000][163][gc,start    ] GC(24) Pause Young (Concurrent Start) (G1 Humongous Allocation)
[2022-05-19T10:00:51.015+0000][163][gc,task     ] GC(24) Using 10 workers of 10 for evacuation
[2022-05-19T10:00:51.015+0000][163][gc,age      ] GC(24) Desired survivor size 18874368 bytes, new threshold 15 (max threshold 15)
[2022-05-19T10:00:51.020+0000][163][gc,age      ] GC(24) Age table with threshold 15 (max threshold 15)
[2022-05-19T10:00:51.020+0000][163][gc,age      ] GC(24) - age   1:     450248 bytes,     450248 total
[2022-05-19T10:00:51.020+0000][163][gc,age      ] GC(24) - age   2:      32936 bytes,     483184 total
[2022-05-19T10:00:51.020+0000][163][gc,age      ] GC(24) - age   3:    3049096 bytes,    3532280 total
[2022-05-19T10:00:51.020+0000][163][gc,age      ] GC(24) - age   4:    5075704 bytes,    8607984 total
[2022-05-19T10:00:51.020+0000][163][gc,age      ] GC(24) - age   5:    4884040 bytes,   13492024 total
[2022-05-19T10:00:51.021+0000][163][gc,age      ] GC(24) - age   6:    4019744 bytes,   17511768 total
[2022-05-19T10:00:51.021+0000][163][gc,phases   ] GC(24)   Pre Evacuate Collection Set: 0.2ms
[2022-05-19T10:00:51.021+0000][163][gc,phases   ] GC(24)   Merge Heap Roots: 0.2ms
[2022-05-19T10:00:51.021+0000][163][gc,phases   ] GC(24)   Evacuate Collection Set: 3.7ms
[2022-05-19T10:00:51.021+0000][163][gc,phases   ] GC(24)   Post Evacuate Collection Set: 0.8ms
[2022-05-19T10:00:51.021+0000][163][gc,phases   ] GC(24)   Other: 1.5ms
[2022-05-19T10:00:51.021+0000][163][gc,heap     ] GC(24) Eden regions: 1->0(63)
[2022-05-19T10:00:51.022+0000][163][gc,heap     ] GC(24) Survivor regions: 5->5(9)
[2022-05-19T10:00:51.022+0000][163][gc,heap     ] GC(24) Old regions: 16->16
[2022-05-19T10:00:51.022+0000][163][gc,heap     ] GC(24) Archive regions: 2->2
[2022-05-19T10:00:51.022+0000][163][gc,heap     ] GC(24) Humongous regions: 20->11
[2022-05-19T10:00:51.022+0000][163][gc,metaspace] GC(24) Metaspace: 98458K(99904K)->98458K(99904K) NonClass: 84774K(85632K)->84774K(85632K) Class: 13683K(14272K)->13683K(14272K)
[2022-05-19T10:00:51.022+0000][163][gc          ] GC(24) Pause Young (Concurrent Start) (G1 Humongous Allocation) 165M->129M(512M) 7.850ms
[2022-05-19T10:00:51.022+0000][163][gc,cpu      ] GC(24) User=0.06s Sys=0.01s Real=0.01s
[2022-05-19T10:00:51.023+0000][163][gc          ] GC(25) Concurrent Undo Cycle
[2022-05-19T10:00:51.023+0000][163][gc,marking  ] GC(25) Concurrent Cleanup for Next Mark
[2022-05-19T10:00:51.023+0000][163][safepoint   ] Safepoint "G1TryInitiateConcMark", Time since last: 11255400 ns, Reaching safepoint: 213800 ns, At safepoint: 8313100 ns, Total: 8526900 ns
[2022-05-19T10:00:51.023+0000][163][gc,marking  ] GC(25) Concurrent Cleanup for Next Mark 0.484ms
[2022-05-19T10:00:51.024+0000][163][gc          ] GC(25) Concurrent Undo Cycle 1.222ms
[2022-05-19T10:00:51.033+0000][163][gc,start    ] GC(26) Pause Young (Concurrent Start) (G1 Humongous Allocation)
[2022-05-19T10:00:51.034+0000][163][gc,task     ] GC(26) Using 10 workers of 10 for evacuation
[2022-05-19T10:00:51.034+0000][163][gc,age      ] GC(26) Desired survivor size 18874368 bytes, new threshold 15 (max threshold 15)
[2022-05-19T10:00:51.039+0000][163][gc,age      ] GC(26) Age table with threshold 15 (max threshold 15)
[2022-05-19T10:00:51.039+0000][163][gc,age      ] GC(26) - age   1:      11376 bytes,      11376 total
[2022-05-19T10:00:51.039+0000][163][gc,age      ] GC(26) - age   2:     445736 bytes,     457112 total
[2022-05-19T10:00:51.039+0000][163][gc,age      ] GC(26) - age   3:      32936 bytes,     490048 total
[2022-05-19T10:00:51.039+0000][163][gc,age      ] GC(26) - age   4:    3047464 bytes,    3537512 total
[2022-05-19T10:00:51.040+0000][163][gc,age      ] GC(26) - age   5:    5074208 bytes,    8611720 total
[2022-05-19T10:00:51.040+0000][163][gc,age      ] GC(26) - age   6:    4884040 bytes,   13495760 total
[2022-05-19T10:00:51.040+0000][163][gc,age      ] GC(26) - age   7:    4019744 bytes,   17515504 total
[2022-05-19T10:00:51.040+0000][163][gc,phases   ] GC(26)   Pre Evacuate Collection Set: 0.3ms
[2022-05-19T10:00:51.040+0000][163][gc,phases   ] GC(26)   Merge Heap Roots: 0.2ms
[2022-05-19T10:00:51.041+0000][163][gc,phases   ] GC(26)   Evacuate Collection Set: 3.5ms
[2022-05-19T10:00:51.041+0000][163][gc,phases   ] GC(26)   Post Evacuate Collection Set: 0.8ms
[2022-05-19T10:00:51.041+0000][163][gc,phases   ] GC(26)   Other: 2.2ms
[2022-05-19T10:00:51.041+0000][163][gc,heap     ] GC(26) Eden regions: 1->0(64)
[2022-05-19T10:00:51.041+0000][163][gc,heap     ] GC(26) Survivor regions: 5->5(9)
[2022-05-19T10:00:51.041+0000][163][gc,heap     ] GC(26) Old regions: 16->16
[2022-05-19T10:00:51.041+0000][163][gc,heap     ] GC(26) Archive regions: 2->2
[2022-05-19T10:00:51.042+0000][163][gc,heap     ] GC(26) Humongous regions: 20->12
[2022-05-19T10:00:51.042+0000][163][gc,metaspace] GC(26) Metaspace: 98460K(99904K)->98460K(99904K) NonClass: 84776K(85632K)->84776K(85632K) Class: 13683K(14272K)->13683K(14272K)
[2022-05-19T10:00:51.042+0000][163][gc          ] GC(26) Pause Young (Concurrent Start) (G1 Humongous Allocation) 166M->132M(512M) 8.469ms
[2022-05-19T10:00:51.042+0000][163][gc,cpu      ] GC(26) User=0.06s Sys=0.00s Real=0.01s
[2022-05-19T10:00:51.042+0000][163][gc          ] GC(27) Concurrent Undo Cycle
[2022-05-19T10:00:51.042+0000][163][gc,marking  ] GC(27) Concurrent Cleanup for Next Mark
[2022-05-19T10:00:51.042+0000][163][safepoint   ] Safepoint "G1TryInitiateConcMark", Time since last: 10351100 ns, Reaching safepoint: 303200 ns, At safepoint: 8918600 ns, Total: 9221800 ns
[2022-05-19T10:00:51.043+0000][163][gc,marking  ] GC(27) Concurrent Cleanup for Next Mark 0.517ms
[2022-05-19T10:00:51.043+0000][163][gc          ] GC(27) Concurrent Undo Cycle 1.066ms
[2022-05-19T10:00:51.050+0000][163][gc,start    ] GC(28) Pause Young (Concurrent Start) (G1 Humongous Allocation)
[2022-05-19T10:00:51.050+0000][163][gc,task     ] GC(28) Using 10 workers of 10 for evacuation
[2022-05-19T10:00:51.050+0000][163][gc,age      ] GC(28) Desired survivor size 18874368 bytes, new threshold 15 (max threshold 15)
[2022-05-19T10:00:51.056+0000][163][gc,age      ] GC(28) Age table with threshold 15 (max threshold 15)
[2022-05-19T10:00:51.056+0000][163][gc,age      ] GC(28) - age   1:     187936 bytes,     187936 total
[2022-05-19T10:00:51.057+0000][163][gc,age      ] GC(28) - age   2:       1024 bytes,     188960 total
[2022-05-19T10:00:51.057+0000][163][gc,age      ] GC(28) - age   3:     445408 bytes,     634368 total
[2022-05-19T10:00:51.057+0000][163][gc,age      ] GC(28) - age   4:      32936 bytes,     667304 total
[2022-05-19T10:00:51.057+0000][163][gc,age      ] GC(28) - age   5:    3047248 bytes,    3714552 total
[2022-05-19T10:00:51.057+0000][163][gc,age      ] GC(28) - age   6:    5074208 bytes,    8788760 total
[2022-05-19T10:00:51.057+0000][163][gc,age      ] GC(28) - age   7:    4884040 bytes,   13672800 total
[2022-05-19T10:00:51.058+0000][163][gc,age      ] GC(28) - age   8:    4019744 bytes,   17692544 total
[2022-05-19T10:00:51.058+0000][163][gc,phases   ] GC(28)   Pre Evacuate Collection Set: 0.3ms
[2022-05-19T10:00:51.058+0000][163][gc,phases   ] GC(28)   Merge Heap Roots: 0.2ms
[2022-05-19T10:00:51.058+0000][163][gc,phases   ] GC(28)   Evacuate Collection Set: 4.0ms
[2022-05-19T10:00:51.058+0000][163][gc,phases   ] GC(28)   Post Evacuate Collection Set: 1.0ms
[2022-05-19T10:00:51.058+0000][163][gc,phases   ] GC(28)   Other: 2.4ms
[2022-05-19T10:00:51.059+0000][163][gc,heap     ] GC(28) Eden regions: 1->0(64)
[2022-05-19T10:00:51.059+0000][163][gc,heap     ] GC(28) Survivor regions: 5->5(9)
[2022-05-19T10:00:51.059+0000][163][gc,heap     ] GC(28) Old regions: 16->16
[2022-05-19T10:00:51.059+0000][163][gc,heap     ] GC(28) Archive regions: 2->2
[2022-05-19T10:00:51.059+0000][163][gc,heap     ] GC(28) Humongous regions: 17->12
[2022-05-19T10:00:51.059+0000][163][gc,metaspace] GC(28) Metaspace: 98461K(99904K)->98461K(99904K) NonClass: 84778K(85632K)->84778K(85632K) Class: 13683K(14272K)->13683K(14272K)
[2022-05-19T10:00:51.060+0000][163][gc          ] GC(28) Pause Young (Concurrent Start) (G1 Humongous Allocation) 153M->134M(512M) 9.542ms
[2022-05-19T10:00:51.060+0000][163][gc,cpu      ] GC(28) User=0.05s Sys=0.00s Real=0.01s
[2022-05-19T10:00:51.060+0000][163][gc          ] GC(29) Concurrent Undo Cycle
[2022-05-19T10:00:51.060+0000][163][safepoint   ] Safepoint "G1TryInitiateConcMark", Time since last: 7389900 ns, Reaching safepoint: 333700 ns, At safepoint: 10024000 ns, Total: 10357700 ns
[2022-05-19T10:00:51.060+0000][163][gc,marking  ] GC(29) Concurrent Cleanup for Next Mark
[2022-05-19T10:00:51.061+0000][163][gc,marking  ] GC(29) Concurrent Cleanup for Next Mark 0.776ms
[2022-05-19T10:00:51.061+0000][163][gc          ] GC(29) Concurrent Undo Cycle 1.351ms
[2022-05-19T10:00:51.068+0000][163][gc,start    ] GC(30) Pause Young (Concurrent Start) (G1 Humongous Allocation)
[2022-05-19T10:00:51.068+0000][163][gc,task     ] GC(30) Using 10 workers of 10 for evacuation
[2022-05-19T10:00:51.069+0000][163][gc,age      ] GC(30) Desired survivor size 18874368 bytes, new threshold 15 (max threshold 15)
[2022-05-19T10:00:51.074+0000][163][gc,age      ] GC(30) Age table with threshold 15 (max threshold 15)
[2022-05-19T10:00:51.074+0000][163][gc,age      ] GC(30) - age   1:      33128 bytes,      33128 total
[2022-05-19T10:00:51.075+0000][163][gc,age      ] GC(30) - age   2:     187640 bytes,     220768 total
[2022-05-19T10:00:51.075+0000][163][gc,age      ] GC(30) - age   3:       1024 bytes,     221792 total
[2022-05-19T10:00:51.075+0000][163][gc,age      ] GC(30) - age   4:     445408 bytes,     667200 total
[2022-05-19T10:00:51.075+0000][163][gc,age      ] GC(30) - age   5:      32936 bytes,     700136 total
[2022-05-19T10:00:51.075+0000][163][gc,age      ] GC(30) - age   6:    3047248 bytes,    3747384 total
[2022-05-19T10:00:51.075+0000][163][gc,age      ] GC(30) - age   7:    5074208 bytes,    8821592 total
[2022-05-19T10:00:51.075+0000][163][gc,age      ] GC(30) - age   8:    4884040 bytes,   13705632 total
[2022-05-19T10:00:51.076+0000][163][gc,age      ] GC(30) - age   9:    4019744 bytes,   17725376 total
[2022-05-19T10:00:51.076+0000][163][gc,phases   ] GC(30)   Pre Evacuate Collection Set: 0.3ms
[2022-05-19T10:00:51.076+0000][163][gc,phases   ] GC(30)   Merge Heap Roots: 0.2ms
[2022-05-19T10:00:51.076+0000][163][gc,phases   ] GC(30)   Evacuate Collection Set: 3.8ms
[2022-05-19T10:00:51.076+0000][163][gc,phases   ] GC(30)   Post Evacuate Collection Set: 1.0ms
[2022-05-19T10:00:51.076+0000][163][gc,phases   ] GC(30)   Other: 2.3ms
[2022-05-19T10:00:51.076+0000][163][gc,heap     ] GC(30) Eden regions: 1->0(64)
[2022-05-19T10:00:51.077+0000][163][gc,heap     ] GC(30) Survivor regions: 5->5(9)
[2022-05-19T10:00:51.077+0000][163][gc,heap     ] GC(30) Old regions: 16->16
[2022-05-19T10:00:51.077+0000][163][gc,heap     ] GC(30) Archive regions: 2->2
[2022-05-19T10:00:51.077+0000][163][gc,heap     ] GC(30) Humongous regions: 18->13
[2022-05-19T10:00:51.077+0000][163][gc,metaspace] GC(30) Metaspace: 98461K(99904K)->98461K(99904K) NonClass: 84778K(85632K)->84778K(85632K) Class: 13683K(14272K)->13683K(14272K)
[2022-05-19T10:00:51.077+0000][163][gc          ] GC(30) Pause Young (Concurrent Start) (G1 Humongous Allocation) 159M->137M(512M) 9.302ms
[2022-05-19T10:00:51.078+0000][163][gc,cpu      ] GC(30) User=0.05s Sys=0.00s Real=0.01s
[2022-05-19T10:00:51.078+0000][163][gc          ] GC(31) Concurrent Undo Cycle
[2022-05-19T10:00:51.078+0000][163][safepoint   ] Safepoint "G1TryInitiateConcMark", Time since last: 7681500 ns, Reaching safepoint: 347800 ns, At safepoint: 9825700 ns, Total: 10173500 ns
[2022-05-19T10:00:51.078+0000][163][gc,marking  ] GC(31) Concurrent Cleanup for Next Mark
[2022-05-19T10:00:51.079+0000][163][gc,marking  ] GC(31) Concurrent Cleanup for Next Mark 0.923ms
[2022-05-19T10:00:51.080+0000][163][gc          ] GC(31) Concurrent Undo Cycle 1.706ms
[2022-05-19T10:00:51.087+0000][163][gc,start    ] GC(32) Pause Young (Concurrent Start) (G1 Humongous Allocation)
[2022-05-19T10:00:51.087+0000][163][gc,task     ] GC(32) Using 10 workers of 10 for evacuation
[2022-05-19T10:00:51.087+0000][163][gc,age      ] GC(32) Desired survivor size 18874368 bytes, new threshold 15 (max threshold 15)
[2022-05-19T10:00:51.093+0000][163][gc,age      ] GC(32) Age table with threshold 15 (max threshold 15)
[2022-05-19T10:00:51.093+0000][163][gc,age      ] GC(32) - age   1:        264 bytes,        264 total
[2022-05-19T10:00:51.093+0000][163][gc,age      ] GC(32) - age   2:      32784 bytes,      33048 total
[2022-05-19T10:00:51.094+0000][163][gc,age      ] GC(32) - age   3:     187640 bytes,     220688 total
[2022-05-19T10:00:51.094+0000][163][gc,age      ] GC(32) - age   4:       1024 bytes,     221712 total
[2022-05-19T10:00:51.094+0000][163][gc,age      ] GC(32) - age   5:     445408 bytes,     667120 total
[2022-05-19T10:00:51.094+0000][163][gc,age      ] GC(32) - age   6:      32936 bytes,     700056 total
[2022-05-19T10:00:51.094+0000][163][gc,age      ] GC(32) - age   7:    3047248 bytes,    3747304 total
[2022-05-19T10:00:51.094+0000][163][gc,age      ] GC(32) - age   8:    5074208 bytes,    8821512 total
[2022-05-19T10:00:51.094+0000][163][gc,age      ] GC(32) - age   9:    4884040 bytes,   13705552 total
[2022-05-19T10:00:51.095+0000][163][gc,age      ] GC(32) - age  10:    4019744 bytes,   17725296 total
[2022-05-19T10:00:51.095+0000][163][gc,phases   ] GC(32)   Pre Evacuate Collection Set: 0.4ms
[2022-05-19T10:00:51.095+0000][163][gc,phases   ] GC(32)   Merge Heap Roots: 0.2ms
[2022-05-19T10:00:51.095+0000][163][gc,phases   ] GC(32)   Evacuate Collection Set: 4.0ms
[2022-05-19T10:00:51.095+0000][163][gc,phases   ] GC(32)   Post Evacuate Collection Set: 0.9ms
[2022-05-19T10:00:51.095+0000][163][gc,phases   ] GC(32)   Other: 2.5ms
[2022-05-19T10:00:51.095+0000][163][gc,heap     ] GC(32) Eden regions: 1->0(65)
[2022-05-19T10:00:51.096+0000][163][gc,heap     ] GC(32) Survivor regions: 5->5(9)
[2022-05-19T10:00:51.096+0000][163][gc,heap     ] GC(32) Old regions: 16->16
[2022-05-19T10:00:51.096+0000][163][gc,heap     ] GC(32) Archive regions: 2->2
[2022-05-19T10:00:51.096+0000][163][gc,heap     ] GC(32) Humongous regions: 20->14
[2022-05-19T10:00:51.096+0000][163][gc,metaspace] GC(32) Metaspace: 98461K(99904K)->98461K(99904K) NonClass: 84778K(85632K)->84778K(85632K) Class: 13683K(14272K)->13683K(14272K)
[2022-05-19T10:00:51.096+0000][163][gc          ] GC(32) Pause Young (Concurrent Start) (G1 Humongous Allocation) 166M->141M(512M) 9.565ms
[2022-05-19T10:00:51.097+0000][163][gc,cpu      ] GC(32) User=0.03s Sys=0.02s Real=0.01s
[2022-05-19T10:00:51.097+0000][163][gc          ] GC(33) Concurrent Undo Cycle
[2022-05-19T10:00:51.097+0000][163][safepoint   ] Safepoint "G1TryInitiateConcMark", Time since last: 8575800 ns, Reaching safepoint: 354600 ns, At safepoint: 10027700 ns, Total: 10382300 ns
[2022-05-19T10:00:51.097+0000][163][gc,marking  ] GC(33) Concurrent Cleanup for Next Mark
[2022-05-19T10:00:51.098+0000][163][gc,marking  ] GC(33) Concurrent Cleanup for Next Mark 0.767ms
[2022-05-19T10:00:51.098+0000][163][gc          ] GC(33) Concurrent Undo Cycle 1.496ms
[2022-05-19T10:00:51.108+0000][163][gc,start    ] GC(34) Pause Young (Concurrent Start) (G1 Humongous Allocation)
[2022-05-19T10:00:51.109+0000][163][gc,task     ] GC(34) Using 10 workers of 10 for evacuation
[2022-05-19T10:00:51.109+0000][163][gc,age      ] GC(34) Desired survivor size 18874368 bytes, new threshold 15 (max threshold 15)
[2022-05-19T10:00:51.114+0000][163][gc,age      ] GC(34) Age table with threshold 15 (max threshold 15)
[2022-05-19T10:00:51.115+0000][163][gc,age      ] GC(34) - age   1:        264 bytes,        264 total
[2022-05-19T10:00:51.115+0000][163][gc,age      ] GC(34) - age   3:      32784 bytes,      33048 total
[2022-05-19T10:00:51.115+0000][163][gc,age      ] GC(34) - age   4:     187640 bytes,     220688 total
[2022-05-19T10:00:51.115+0000][163][gc,age      ] GC(34) - age   5:       1024 bytes,     221712 total
[2022-05-19T10:00:51.115+0000][163][gc,age      ] GC(34) - age   6:     445408 bytes,     667120 total
[2022-05-19T10:00:51.115+0000][163][gc,age      ] GC(34) - age   7:      32936 bytes,     700056 total
[2022-05-19T10:00:51.115+0000][163][gc,age      ] GC(34) - age   8:    3047248 bytes,    3747304 total
[2022-05-19T10:00:51.116+0000][163][gc,age      ] GC(34) - age   9:    5074208 bytes,    8821512 total
[2022-05-19T10:00:51.116+0000][163][gc,age      ] GC(34) - age  10:    4884040 bytes,   13705552 total
[2022-05-19T10:00:51.116+0000][163][gc,age      ] GC(34) - age  11:    4019744 bytes,   17725296 total
[2022-05-19T10:00:51.116+0000][163][gc,phases   ] GC(34)   Pre Evacuate Collection Set: 0.3ms
[2022-05-19T10:00:51.116+0000][163][gc,phases   ] GC(34)   Merge Heap Roots: 0.2ms
[2022-05-19T10:00:51.116+0000][163][gc,phases   ] GC(34)   Evacuate Collection Set: 3.8ms
[2022-05-19T10:00:51.116+0000][163][gc,phases   ] GC(34)   Post Evacuate Collection Set: 0.9ms
[2022-05-19T10:00:51.117+0000][163][gc,phases   ] GC(34)   Other: 2.4ms
[2022-05-19T10:00:51.117+0000][163][gc,heap     ] GC(34) Eden regions: 1->0(66)
[2022-05-19T10:00:51.117+0000][163][gc,heap     ] GC(34) Survivor regions: 5->5(9)
[2022-05-19T10:00:51.117+0000][163][gc,heap     ] GC(34) Old regions: 16->16
[2022-05-19T10:00:51.117+0000][163][gc,heap     ] GC(34) Archive regions: 2->2
[2022-05-19T10:00:51.117+0000][163][gc,heap     ] GC(34) Humongous regions: 21->14
[2022-05-19T10:00:51.117+0000][163][gc,metaspace] GC(34) Metaspace: 98461K(99904K)->98461K(99904K) NonClass: 84778K(85632K)->84778K(85632K) Class: 13683K(14272K)->13683K(14272K)
[2022-05-19T10:00:51.118+0000][163][gc          ] GC(34) Pause Young (Concurrent Start) (G1 Humongous Allocation) 170M->141M(512M) 9.149ms
[2022-05-19T10:00:51.118+0000][163][gc,cpu      ] GC(34) User=0.03s Sys=0.01s Real=0.01s
[2022-05-19T10:00:51.118+0000][163][gc          ] GC(35) Concurrent Undo Cycle
[2022-05-19T10:00:51.118+0000][163][safepoint   ] Safepoint "G1TryInitiateConcMark", Time since last: 11294600 ns, Reaching safepoint: 303800 ns, At safepoint: 9555000 ns, Total: 9858800 ns
[2022-05-19T10:00:51.118+0000][163][gc,marking  ] GC(35) Concurrent Cleanup for Next Mark
[2022-05-19T10:00:51.119+0000][163][gc,marking  ] GC(35) Concurrent Cleanup for Next Mark 1.001ms
[2022-05-19T10:00:51.120+0000][163][gc          ] GC(35) Concurrent Undo Cycle 1.683ms
[2022-05-19T10:00:51.129+0000][163][gc,start    ] GC(36) Pause Young (Concurrent Start) (G1 Humongous Allocation)
[2022-05-19T10:00:51.129+0000][163][gc,task     ] GC(36) Using 10 workers of 10 for evacuation
[2022-05-19T10:00:51.129+0000][163][gc,age      ] GC(36) Desired survivor size 18874368 bytes, new threshold 15 (max threshold 15)
[2022-05-19T10:00:51.136+0000][163][gc,age      ] GC(36) Age table with threshold 15 (max threshold 15)
[2022-05-19T10:00:51.136+0000][163][gc,age      ] GC(36) - age   1:      33128 bytes,      33128 total
[2022-05-19T10:00:51.136+0000][163][gc,age      ] GC(36) - age   4:      32784 bytes,      65912 total
[2022-05-19T10:00:51.136+0000][163][gc,age      ] GC(36) - age   5:     187640 bytes,     253552 total
[2022-05-19T10:00:51.137+0000][163][gc,age      ] GC(36) - age   6:       1024 bytes,     254576 total
[2022-05-19T10:00:51.137+0000][163][gc,age      ] GC(36) - age   7:     445408 bytes,     699984 total
[2022-05-19T10:00:51.137+0000][163][gc,age      ] GC(36) - age   8:      32936 bytes,     732920 total
[2022-05-19T10:00:51.137+0000][163][gc,age      ] GC(36) - age   9:    3047248 bytes,    3780168 total
[2022-05-19T10:00:51.137+0000][163][gc,age      ] GC(36) - age  10:    5074208 bytes,    8854376 total
[2022-05-19T10:00:51.137+0000][163][gc,age      ] GC(36) - age  11:    4884040 bytes,   13738416 total
[2022-05-19T10:00:51.137+0000][163][gc,age      ] GC(36) - age  12:    4019744 bytes,   17758160 total
[2022-05-19T10:00:51.138+0000][163][gc,phases   ] GC(36)   Pre Evacuate Collection Set: 0.3ms
[2022-05-19T10:00:51.138+0000][163][gc,phases   ] GC(36)   Merge Heap Roots: 0.2ms
[2022-05-19T10:00:51.138+0000][163][gc,phases   ] GC(36)   Evacuate Collection Set: 5.1ms
[2022-05-19T10:00:51.138+0000][163][gc,phases   ] GC(36)   Post Evacuate Collection Set: 0.9ms
[2022-05-19T10:00:51.138+0000][163][gc,phases   ] GC(36)   Other: 2.4ms
[2022-05-19T10:00:51.138+0000][163][gc,heap     ] GC(36) Eden regions: 1->0(65)
[2022-05-19T10:00:51.138+0000][163][gc,heap     ] GC(36) Survivor regions: 5->5(9)
[2022-05-19T10:00:51.138+0000][163][gc,heap     ] GC(36) Old regions: 16->16
[2022-05-19T10:00:51.139+0000][163][gc,heap     ] GC(36) Archive regions: 2->2
[2022-05-19T10:00:51.139+0000][163][gc,heap     ] GC(36) Humongous regions: 22->15
[2022-05-19T10:00:51.139+0000][163][gc,metaspace] GC(36) Metaspace: 98461K(99904K)->98461K(99904K) NonClass: 84778K(85632K)->84778K(85632K) Class: 13683K(14272K)->13683K(14272K)
[2022-05-19T10:00:51.139+0000][163][gc          ] GC(36) Pause Young (Concurrent Start) (G1 Humongous Allocation) 174M->146M(512M) 10.293ms
[2022-05-19T10:00:51.139+0000][163][gc,cpu      ] GC(36) User=0.05s Sys=0.00s Real=0.01s
[2022-05-19T10:00:51.139+0000][163][gc          ] GC(37) Concurrent Undo Cycle
[2022-05-19T10:00:51.139+0000][163][gc,marking  ] GC(37) Concurrent Cleanup for Next Mark
[2022-05-19T10:00:51.139+0000][163][safepoint   ] Safepoint "G1TryInitiateConcMark", Time since last: 10450700 ns, Reaching safepoint: 314300 ns, At safepoint: 10668000 ns, Total: 10982300 ns
[2022-05-19T10:00:51.140+0000][163][gc,marking  ] GC(37) Concurrent Cleanup for Next Mark 0.372ms
[2022-05-19T10:00:51.140+0000][163][gc          ] GC(37) Concurrent Undo Cycle 0.737ms
[2022-05-19T10:00:51.164+0000][163][gc,start    ] GC(38) Pause Young (Concurrent Start) (G1 Humongous Allocation)
[2022-05-19T10:00:51.165+0000][163][gc,task     ] GC(38) Using 10 workers of 10 for evacuation
[2022-05-19T10:00:51.165+0000][163][gc,age      ] GC(38) Desired survivor size 18874368 bytes, new threshold 15 (max threshold 15)
[2022-05-19T10:00:51.174+0000][163][gc,age      ] GC(38) Age table with threshold 15 (max threshold 15)
[2022-05-19T10:00:51.175+0000][163][gc,age      ] GC(38) - age   1:   18914328 bytes,   18914328 total
[2022-05-19T10:00:51.175+0000][163][gc,age      ] GC(38) - age   2:      32784 bytes,   18947112 total
[2022-05-19T10:00:51.175+0000][163][gc,age      ] GC(38) - age   5:      32784 bytes,   18979896 total
[2022-05-19T10:00:51.175+0000][163][gc,age      ] GC(38) - age   6:     183712 bytes,   19163608 total
[2022-05-19T10:00:51.175+0000][163][gc,age      ] GC(38) - age   7:       1024 bytes,   19164632 total
[2022-05-19T10:00:51.175+0000][163][gc,age      ] GC(38) - age   8:     445408 bytes,   19610040 total
[2022-05-19T10:00:51.175+0000][163][gc,age      ] GC(38) - age   9:      32936 bytes,   19642976 total
[2022-05-19T10:00:51.176+0000][163][gc,age      ] GC(38) - age  10:    3047248 bytes,   22690224 total
[2022-05-19T10:00:51.176+0000][163][gc,age      ] GC(38) - age  11:    2281632 bytes,   24971856 total
[2022-05-19T10:00:51.176+0000][163][gc,age      ] GC(38) - age  12:    4884040 bytes,   29855896 total
[2022-05-19T10:00:51.176+0000][163][gc,age      ] GC(38) - age  13:    4019368 bytes,   33875264 total
[2022-05-19T10:00:51.176+0000][163][gc,phases   ] GC(38)   Pre Evacuate Collection Set: 0.3ms
[2022-05-19T10:00:51.176+0000][163][gc,phases   ] GC(38)   Merge Heap Roots: 0.2ms
[2022-05-19T10:00:51.176+0000][163][gc,phases   ] GC(38)   Evacuate Collection Set: 7.7ms
[2022-05-19T10:00:51.177+0000][163][gc,phases   ] GC(38)   Post Evacuate Collection Set: 1.1ms
[2022-05-19T10:00:51.177+0000][163][gc,phases   ] GC(38)   Other: 2.6ms
[2022-05-19T10:00:51.177+0000][163][gc,heap     ] GC(38) Eden regions: 22->0(48)
[2022-05-19T10:00:51.177+0000][163][gc,heap     ] GC(38) Survivor regions: 5->9(9)
[2022-05-19T10:00:51.177+0000][163][gc,heap     ] GC(38) Old regions: 16->21
[2022-05-19T10:00:51.177+0000][163][gc,heap     ] GC(38) Archive regions: 2->2
[2022-05-19T10:00:51.177+0000][163][gc,heap     ] GC(38) Humongous regions: 24->16
[2022-05-19T10:00:51.178+0000][163][gc,metaspace] GC(38) Metaspace: 98462K(99904K)->98462K(99904K) NonClass: 84779K(85632K)->84779K(85632K) Class: 13683K(14272K)->13683K(14272K)
[2022-05-19T10:00:51.178+0000][163][gc          ] GC(38) Pause Young (Concurrent Start) (G1 Humongous Allocation) 266M->184M(512M) 13.305ms
[2022-05-19T10:00:51.178+0000][163][gc,cpu      ] GC(38) User=0.09s Sys=0.00s Real=0.01s
[2022-05-19T10:00:51.178+0000][163][gc          ] GC(39) Concurrent Mark Cycle
[2022-05-19T10:00:51.178+0000][163][gc,marking  ] GC(39) Concurrent Clear Claimed Marks
[2022-05-19T10:00:51.178+0000][163][safepoint   ] Safepoint "G1TryInitiateConcMark", Time since last: 24726400 ns, Reaching safepoint: 307800 ns, At safepoint: 13734400 ns, Total: 14042200 ns
[2022-05-19T10:00:51.179+0000][163][gc,marking  ] GC(39) Concurrent Clear Claimed Marks 0.279ms
[2022-05-19T10:00:51.179+0000][163][gc,marking  ] GC(39) Concurrent Scan Root Regions
[2022-05-19T10:00:51.185+0000][163][gc,marking  ] GC(39) Concurrent Scan Root Regions 5.895ms
[2022-05-19T10:00:51.185+0000][163][gc,marking  ] GC(39) Concurrent Mark
[2022-05-19T10:00:51.185+0000][163][gc,marking  ] GC(39) Concurrent Mark From Roots
[2022-05-19T10:00:51.186+0000][163][gc,task     ] GC(39) Using 3 workers of 3 for marking
[2022-05-19T10:00:51.232+0000][163][gc,marking  ] GC(39) Concurrent Mark From Roots 46.775ms
[2022-05-19T10:00:51.232+0000][163][gc,marking  ] GC(39) Concurrent Preclean
[2022-05-19T10:00:51.233+0000][163][gc,marking  ] GC(39) Concurrent Preclean 0.670ms
[2022-05-19T10:00:51.234+0000][163][gc,start    ] GC(39) Pause Remark
[2022-05-19T10:00:51.237+0000][163][gc          ] GC(39) Pause Remark 227M->227M(512M) 3.258ms
[2022-05-19T10:00:51.237+0000][163][gc,cpu      ] GC(39) User=0.02s Sys=0.00s Real=0.00s
[2022-05-19T10:00:51.237+0000][163][safepoint   ] Safepoint "G1Concurrent", Time since last: 55311200 ns, Reaching safepoint: 278100 ns, At safepoint: 3654200 ns, Total: 3932300 ns
[2022-05-19T10:00:51.238+0000][163][gc,marking  ] GC(39) Concurrent Mark 52.430ms
[2022-05-19T10:00:51.238+0000][163][gc,marking  ] GC(39) Concurrent Rebuild Remembered Sets
[2022-05-19T10:00:51.262+0000][163][gc,marking  ] GC(39) Concurrent Rebuild Remembered Sets 24.467ms
[2022-05-19T10:00:51.263+0000][163][gc,start    ] GC(39) Pause Cleanup
[2022-05-19T10:00:51.263+0000][163][gc          ] GC(39) Pause Cleanup 230M->230M(512M) 0.302ms
[2022-05-19T10:00:51.263+0000][163][gc,cpu      ] GC(39) User=0.00s Sys=0.00s Real=0.00s
[2022-05-19T10:00:51.263+0000][163][safepoint   ] Safepoint "G1Concurrent", Time since last: 25013000 ns, Reaching safepoint: 260000 ns, At safepoint: 602700 ns, Total: 862700 ns
[2022-05-19T10:00:51.263+0000][163][gc,marking  ] GC(39) Concurrent Cleanup for Next Mark
[2022-05-19T10:00:51.264+0000][163][gc,marking  ] GC(39) Concurrent Cleanup for Next Mark 0.385ms
[2022-05-19T10:00:51.264+0000][163][gc          ] GC(39) Concurrent Mark Cycle 85.933ms
[2022-05-19T10:00:52.268+0000][163][safepoint   ] Safepoint "Cleanup", Time since last: 1000306400 ns, Reaching safepoint: 4499900 ns, At safepoint: 42000 ns, Total: 4541900 ns
[2022-05-19T10:00:54.098+0000][163][safepoint   ] Safepoint "Cleanup", Time since last: 1829419600 ns, Reaching safepoint: 307600 ns, At safepoint: 46300 ns, Total: 353900 ns
[2022-05-19T10:00:54.293+0000][163][gc,start    ] GC(40) Pause Young (Prepare Mixed) (G1 Evacuation Pause)
[2022-05-19T10:00:54.293+0000][163][gc,task     ] GC(40) Using 10 workers of 10 for evacuation
[2022-05-19T10:00:54.293+0000][163][gc,age      ] GC(40) Desired survivor size 16777216 bytes, new threshold 1 (max threshold 15)
[2022-05-19T10:00:54.301+0000][163][gc,age      ] GC(40) Age table with threshold 1 (max threshold 15)
[2022-05-19T10:00:54.301+0000][163][gc,age      ] GC(40) - age   1:     976480 bytes,     976480 total
[2022-05-19T10:00:54.301+0000][163][gc,phases   ] GC(40)   Pre Evacuate Collection Set: 0.3ms
[2022-05-19T10:00:54.302+0000][163][gc,phases   ] GC(40)   Merge Heap Roots: 0.2ms
[2022-05-19T10:00:54.302+0000][163][gc,phases   ] GC(40)   Evacuate Collection Set: 5.7ms
[2022-05-19T10:00:54.302+0000][163][gc,phases   ] GC(40)   Post Evacuate Collection Set: 1.0ms
[2022-05-19T10:00:54.302+0000][163][gc,phases   ] GC(40)   Other: 1.3ms
[2022-05-19T10:00:54.302+0000][163][gc,heap     ] GC(40) Eden regions: 48->0(5)
[2022-05-19T10:00:54.302+0000][163][gc,heap     ] GC(40) Survivor regions: 9->1(8)
[2022-05-19T10:00:54.303+0000][163][gc,heap     ] GC(40) Old regions: 21->23
[2022-05-19T10:00:54.303+0000][163][gc,heap     ] GC(40) Archive regions: 2->2
[2022-05-19T10:00:54.303+0000][163][gc,heap     ] GC(40) Humongous regions: 25->16
[2022-05-19T10:00:54.303+0000][163][gc,metaspace] GC(40) Metaspace: 98839K(100288K)->98839K(100288K) NonClass: 85129K(86016K)->85129K(86016K) Class: 13709K(14272K)->13709K(14272K)
[2022-05-19T10:00:54.303+0000][163][gc          ] GC(40) Pause Young (Prepare Mixed) (G1 Evacuation Pause) 412M->160M(512M) 10.377ms
[2022-05-19T10:00:54.303+0000][163][gc,cpu      ] GC(40) User=0.06s Sys=0.01s Real=0.01s
[2022-05-19T10:00:54.304+0000][163][safepoint   ] Safepoint "G1CollectForAllocation", Time since last: 194744900 ns, Reaching safepoint: 242500 ns, At safepoint: 10843100 ns, Total: 11085600 ns
[2022-05-19T10:00:54.459+0000][163][gc,start    ] GC(41) Pause Young (Mixed) (G1 Evacuation Pause)
[2022-05-19T10:00:54.459+0000][163][gc,task     ] GC(41) Using 10 workers of 10 for evacuation
[2022-05-19T10:00:54.459+0000][163][gc,age      ] GC(41) Desired survivor size 2097152 bytes, new threshold 15 (max threshold 15)
[2022-05-19T10:00:54.463+0000][163][gc,age      ] GC(41) Age table with threshold 15 (max threshold 15)
[2022-05-19T10:00:54.463+0000][163][gc,age      ] GC(41) - age   1:      42656 bytes,      42656 total
[2022-05-19T10:00:54.464+0000][163][gc,age      ] GC(41) - age   2:     952496 bytes,     995152 total
[2022-05-19T10:00:54.464+0000][163][gc,phases   ] GC(41)   Pre Evacuate Collection Set: 0.2ms
[2022-05-19T10:00:54.464+0000][163][gc,phases   ] GC(41)   Merge Heap Roots: 0.2ms
[2022-05-19T10:00:54.464+0000][163][gc,phases   ] GC(41)   Evacuate Collection Set: 2.5ms
[2022-05-19T10:00:54.464+0000][163][gc,phases   ] GC(41)   Post Evacuate Collection Set: 1.1ms
[2022-05-19T10:00:54.465+0000][163][gc,phases   ] GC(41)   Other: 1.2ms
[2022-05-19T10:00:54.465+0000][163][gc,heap     ] GC(41) Eden regions: 5->0(57)
[2022-05-19T10:00:54.465+0000][163][gc,heap     ] GC(41) Survivor regions: 1->1(1)
[2022-05-19T10:00:54.465+0000][163][gc,heap     ] GC(41) Old regions: 23->23
[2022-05-19T10:00:54.465+0000][163][gc,heap     ] GC(41) Archive regions: 2->2
[2022-05-19T10:00:54.465+0000][163][gc,heap     ] GC(41) Humongous regions: 16->16
[2022-05-19T10:00:54.466+0000][163][gc,metaspace] GC(41) Metaspace: 98839K(100288K)->98839K(100288K) NonClass: 85130K(86016K)->85130K(86016K) Class: 13709K(14272K)->13709K(14272K)
[2022-05-19T10:00:54.466+0000][163][gc          ] GC(41) Pause Young (Mixed) (G1 Evacuation Pause) 180M->159M(512M) 7.058ms
[2022-05-19T10:00:54.466+0000][163][gc,cpu      ] GC(41) User=0.02s Sys=0.00s Real=0.00s
[2022-05-19T10:00:54.466+0000][163][safepoint   ] Safepoint "G1CollectForAllocation", Time since last: 154776400 ns, Reaching safepoint: 221700 ns, At safepoint: 7464400 ns, Total: 7686100 ns
[2022-05-19T10:00:55.697+0000][163][gc,start    ] GC(42) Pause Young (Concurrent Start) (G1 Evacuation Pause)
[2022-05-19T10:00:55.697+0000][163][gc,task     ] GC(42) Using 10 workers of 10 for evacuation
[2022-05-19T10:00:55.698+0000][163][gc,age      ] GC(42) Desired survivor size 16777216 bytes, new threshold 15 (max threshold 15)
[2022-05-19T10:00:55.700+0000][163][gc,age      ] GC(42) Age table with threshold 15 (max threshold 15)
[2022-05-19T10:00:55.700+0000][163][gc,age      ] GC(42) - age   1:     305264 bytes,     305264 total
[2022-05-19T10:00:55.700+0000][163][gc,age      ] GC(42) - age   2:      10864 bytes,     316128 total
[2022-05-19T10:00:55.700+0000][163][gc,age      ] GC(42) - age   3:     938176 bytes,    1254304 total
[2022-05-19T10:00:55.701+0000][163][gc,phases   ] GC(42)   Pre Evacuate Collection Set: 0.2ms
[2022-05-19T10:00:55.701+0000][163][gc,phases   ] GC(42)   Merge Heap Roots: 0.2ms
[2022-05-19T10:00:55.701+0000][163][gc,phases   ] GC(42)   Evacuate Collection Set: 1.2ms
[2022-05-19T10:00:55.701+0000][163][gc,phases   ] GC(42)   Post Evacuate Collection Set: 0.6ms
[2022-05-19T10:00:55.701+0000][163][gc,phases   ] GC(42)   Other: 1.1ms
[2022-05-19T10:00:55.701+0000][163][gc,heap     ] GC(42) Eden regions: 57->0(58)
[2022-05-19T10:00:55.701+0000][163][gc,heap     ] GC(42) Survivor regions: 1->1(8)
[2022-05-19T10:00:55.701+0000][163][gc,heap     ] GC(42) Old regions: 23->23
[2022-05-19T10:00:55.701+0000][163][gc,heap     ] GC(42) Archive regions: 2->2
[2022-05-19T10:00:55.702+0000][163][gc,heap     ] GC(42) Humongous regions: 16->16
[2022-05-19T10:00:55.702+0000][163][gc,metaspace] GC(42) Metaspace: 99362K(100800K)->99362K(100800K) NonClass: 85578K(86464K)->85578K(86464K) Class: 13783K(14336K)->13783K(14336K)
[2022-05-19T10:00:55.702+0000][163][gc          ] GC(42) Pause Young (Concurrent Start) (G1 Evacuation Pause) 387M->159M(512M) 4.484ms
[2022-05-19T10:00:55.702+0000][163][gc,cpu      ] GC(42) User=0.01s Sys=0.00s Real=0.01s
[2022-05-19T10:00:55.702+0000][163][gc          ] GC(43) Concurrent Mark Cycle
[2022-05-19T10:00:55.702+0000][163][gc,marking  ] GC(43) Concurrent Clear Claimed Marks
[2022-05-19T10:00:55.702+0000][163][safepoint   ] Safepoint "G1CollectForAllocation", Time since last: 1230929500 ns, Reaching safepoint: 180700 ns, At safepoint: 4805600 ns, Total: 4986300 ns
[2022-05-19T10:00:55.702+0000][163][gc,marking  ] GC(43) Concurrent Clear Claimed Marks 0.244ms
[2022-05-19T10:00:55.703+0000][163][gc,marking  ] GC(43) Concurrent Scan Root Regions
[2022-05-19T10:00:55.704+0000][163][gc,marking  ] GC(43) Concurrent Scan Root Regions 1.553ms
[2022-05-19T10:00:55.704+0000][163][gc,marking  ] GC(43) Concurrent Mark
[2022-05-19T10:00:55.705+0000][163][gc,marking  ] GC(43) Concurrent Mark From Roots
[2022-05-19T10:00:55.705+0000][163][gc,task     ] GC(43) Using 3 workers of 3 for marking
[2022-05-19T10:00:55.744+0000][163][gc,marking  ] GC(43) Concurrent Mark From Roots 39.403ms
[2022-05-19T10:00:55.744+0000][163][gc,marking  ] GC(43) Concurrent Preclean
[2022-05-19T10:00:55.745+0000][163][gc,marking  ] GC(43) Concurrent Preclean 0.566ms
[2022-05-19T10:00:55.745+0000][163][gc,start    ] GC(43) Pause Remark
[2022-05-19T10:00:55.752+0000][163][gc          ] GC(43) Pause Remark 171M->159M(512M) 6.642ms
[2022-05-19T10:00:55.752+0000][163][gc,cpu      ] GC(43) User=0.05s Sys=0.00s Real=0.01s
[2022-05-19T10:00:55.752+0000][163][safepoint   ] Safepoint "G1Concurrent", Time since last: 42920500 ns, Reaching safepoint: 175000 ns, At safepoint: 7168200 ns, Total: 7343200 ns
[2022-05-19T10:00:55.753+0000][163][gc,marking  ] GC(43) Concurrent Mark 48.211ms
[2022-05-19T10:00:55.753+0000][163][gc,marking  ] GC(43) Concurrent Rebuild Remembered Sets
[2022-05-19T10:00:55.774+0000][163][gc,marking  ] GC(43) Concurrent Rebuild Remembered Sets 20.793ms
[2022-05-19T10:00:55.774+0000][163][gc,start    ] GC(43) Pause Cleanup
[2022-05-19T10:00:55.775+0000][163][gc          ] GC(43) Pause Cleanup 165M->165M(512M) 0.382ms
[2022-05-19T10:00:55.775+0000][163][gc,cpu      ] GC(43) User=0.00s Sys=0.00s Real=0.00s
[2022-05-19T10:00:55.775+0000][163][safepoint   ] Safepoint "G1Concurrent", Time since last: 21536500 ns, Reaching safepoint: 303400 ns, At safepoint: 778500 ns, Total: 1081900 ns
[2022-05-19T10:00:55.775+0000][163][gc,marking  ] GC(43) Concurrent Cleanup for Next Mark
[2022-05-19T10:00:55.776+0000][163][gc,marking  ] GC(43) Concurrent Cleanup for Next Mark 0.374ms
[2022-05-19T10:00:55.776+0000][163][gc          ] GC(43) Concurrent Mark Cycle 73.654ms
[2022-05-19T10:00:56.455+0000][163][gc,start    ] GC(44) Pause Young (Normal) (G1 Evacuation Pause)
[2022-05-19T10:00:56.455+0000][163][gc,task     ] GC(44) Using 10 workers of 10 for evacuation
[2022-05-19T10:00:56.455+0000][163][gc,age      ] GC(44) Desired survivor size 16777216 bytes, new threshold 15 (max threshold 15)
[2022-05-19T10:00:56.457+0000][163][gc,age      ] GC(44) Age table with threshold 15 (max threshold 15)
[2022-05-19T10:00:56.457+0000][163][gc,age      ] GC(44) - age   1:     175568 bytes,     175568 total
[2022-05-19T10:00:56.457+0000][163][gc,age      ] GC(44) - age   2:     271680 bytes,     447248 total
[2022-05-19T10:00:56.458+0000][163][gc,age      ] GC(44) - age   3:       7960 bytes,     455208 total
[2022-05-19T10:00:56.458+0000][163][gc,age      ] GC(44) - age   4:     930696 bytes,    1385904 total
[2022-05-19T10:00:56.458+0000][163][gc,phases   ] GC(44)   Pre Evacuate Collection Set: 0.2ms
[2022-05-19T10:00:56.458+0000][163][gc,phases   ] GC(44)   Merge Heap Roots: 0.1ms
[2022-05-19T10:00:56.458+0000][163][gc,phases   ] GC(44)   Evacuate Collection Set: 0.8ms
[2022-05-19T10:00:56.458+0000][163][gc,phases   ] GC(44)   Post Evacuate Collection Set: 0.6ms
[2022-05-19T10:00:56.458+0000][163][gc,phases   ] GC(44)   Other: 1.1ms
[2022-05-19T10:00:56.458+0000][163][gc,heap     ] GC(44) Eden regions: 58->0(63)
[2022-05-19T10:00:56.459+0000][163][gc,heap     ] GC(44) Survivor regions: 1->1(8)
[2022-05-19T10:00:56.459+0000][163][gc,heap     ] GC(44) Old regions: 20->20
[2022-05-19T10:00:56.459+0000][163][gc,heap     ] GC(44) Archive regions: 2->2
[2022-05-19T10:00:56.459+0000][163][gc,heap     ] GC(44) Humongous regions: 16->16
[2022-05-19T10:00:56.459+0000][163][gc,metaspace] GC(44) Metaspace: 99365K(100800K)->99365K(100800K) NonClass: 85582K(86464K)->85582K(86464K) Class: 13782K(14336K)->13782K(14336K)
[2022-05-19T10:00:56.459+0000][163][gc          ] GC(44) Pause Young (Normal) (G1 Evacuation Pause) 379M->147M(512M) 4.162ms
[2022-05-19T10:00:56.459+0000][163][gc,cpu      ] GC(44) User=0.01s Sys=0.00s Real=0.01s
[2022-05-19T10:00:56.460+0000][163][safepoint   ] Safepoint "G1CollectForAllocation", Time since last: 679916500 ns, Reaching safepoint: 182700 ns, At safepoint: 4460700 ns, Total: 4643400 ns
[2022-05-19T10:00:57.502+0000][163][safepoint   ] Safepoint "Cleanup", Time since last: 1042492800 ns, Reaching safepoint: 350700 ns, At safepoint: 21800 ns, Total: 372500 ns
[2022-05-19T10:00:58.503+0000][163][safepoint   ] Safepoint "Cleanup", Time since last: 1000666800 ns, Reaching safepoint: 229700 ns, At safepoint: 6000 ns, Total: 235700 ns
[2022-05-19T10:01:01.505+0000][163][safepoint   ] Safepoint "Cleanup", Time since last: 3000824200 ns, Reaching safepoint: 422400 ns, At safepoint: 9500 ns, Total: 431900 ns
[2022-05-19T10:01:02.506+0000][163][safepoint   ] Safepoint "Cleanup", Time since last: 1000441200 ns, Reaching safepoint: 203200 ns, At safepoint: 16700 ns, Total: 219900 ns
[2022-05-19T10:01:08.507+0000][163][safepoint   ] Safepoint "Cleanup", Time since last: 6000940300 ns, Reaching safepoint: 209900 ns, At safepoint: 8100 ns, Total: 218000 ns
[2022-05-19T10:01:09.508+0000][163][safepoint   ] Safepoint "Cleanup", Time since last: 1000303800 ns, Reaching safepoint: 188400 ns, At safepoint: 6000 ns, Total: 194400 ns
[2022-05-19T10:01:10.508+0000][163][safepoint   ] Safepoint "Cleanup", Time since last: 1000458600 ns, Reaching safepoint: 180000 ns, At safepoint: 5700 ns, Total: 185700 ns
[2022-05-19T10:01:11.509+0000][163][safepoint   ] Safepoint "Cleanup", Time since last: 1000360700 ns, Reaching safepoint: 373600 ns, At safepoint: 38600 ns, Total: 412200 ns
[2022-05-19T10:01:12.510+0000][163][safepoint   ] Safepoint "Cleanup", Time since last: 1000353800 ns, Reaching safepoint: 289800 ns, At safepoint: 13500 ns, Total: 303300 ns
[2022-05-19T10:01:13.511+0000][163][safepoint   ] Safepoint "Cleanup", Time since last: 1000653400 ns, Reaching safepoint: 415600 ns, At safepoint: 29200 ns, Total: 444800 ns
[2022-05-19T10:01:14.512+0000][163][safepoint   ] Safepoint "Cleanup", Time since last: 1000608500 ns, Reaching safepoint: 199900 ns, At safepoint: 6900 ns, Total: 206800 ns
[2022-05-19T10:01:15.512+0000][163][safepoint   ] Safepoint "Cleanup", Time since last: 1000429000 ns, Reaching safepoint: 184300 ns, At safepoint: 6000 ns, Total: 190300 ns
[2022-05-19T10:01:17.513+0000][163][safepoint   ] Safepoint "Cleanup", Time since last: 2000569000 ns, Reaching safepoint: 343200 ns, At safepoint: 11500 ns, Total: 354700 ns
[2022-05-19T10:01:18.514+0000][163][safepoint   ] Safepoint "Cleanup", Time since last: 1000470300 ns, Reaching safepoint: 231000 ns, At safepoint: 5900 ns, Total: 236900 ns
[2022-05-19T10:01:19.515+0000][163][safepoint   ] Safepoint "Cleanup", Time since last: 1000531200 ns, Reaching safepoint: 223000 ns, At safepoint: 6900 ns, Total: 229900 ns
[2022-05-19T10:01:20.515+0000][163][safepoint   ] Safepoint "Cleanup", Time since last: 1000318500 ns, Reaching safepoint: 183100 ns, At safepoint: 6000 ns, Total: 189100 ns
[2022-05-19T10:01:22.516+0000][163][safepoint   ] Safepoint "Cleanup", Time since last: 2000487500 ns, Reaching safepoint: 286600 ns, At safepoint: 24600 ns, Total: 311200 ns
[2022-05-19T10:01:23.852+0000][163][safepoint   ] Safepoint "Cleanup", Time since last: 1329170600 ns, Reaching safepoint: 6611000 ns, At safepoint: 61800 ns, Total: 6672800 ns
[2022-05-19T10:01:24.853+0000][163][safepoint   ] Safepoint "Cleanup", Time since last: 1000597700 ns, Reaching safepoint: 317800 ns, At safepoint: 23000 ns, Total: 340800 ns
[2022-05-19T10:01:25.853+0000][163][safepoint   ] Safepoint "Cleanup", Time since last: 1000380700 ns, Reaching safepoint: 286800 ns, At safepoint: 25400 ns, Total: 312200 ns
[2022-05-19T10:01:26.854+0000][163][safepoint   ] Safepoint "Cleanup", Time since last: 1000333600 ns, Reaching safepoint: 341700 ns, At safepoint: 23600 ns, Total: 365300 ns
[2022-05-19T10:01:27.855+0000][163][safepoint   ] Safepoint "Cleanup", Time since last: 1000521200 ns, Reaching safepoint: 357100 ns, At safepoint: 56100 ns, Total: 413200 ns
[2022-05-19T10:01:29.856+0000][163][safepoint   ] Safepoint "Cleanup", Time since last: 2000597900 ns, Reaching safepoint: 255400 ns, At safepoint: 25300 ns, Total: 280700 ns
[2022-05-19T10:01:30.857+0000][163][safepoint   ] Safepoint "Cleanup", Time since last: 1000493700 ns, Reaching safepoint: 238800 ns, At safepoint: 6500 ns, Total: 245300 ns
[2022-05-19T10:01:36.858+0000][163][safepoint   ] Safepoint "Cleanup", Time since last: 6000973000 ns, Reaching safepoint: 184300 ns, At safepoint: 6300 ns, Total: 190600 ns
[2022-05-19T10:01:41.859+0000][163][safepoint   ] Safepoint "Cleanup", Time since last: 5000944300 ns, Reaching safepoint: 201100 ns, At safepoint: 7200 ns, Total: 208300 ns
[2022-05-19T10:01:44.860+0000][163][safepoint   ] Safepoint "Cleanup", Time since last: 3000634800 ns, Reaching safepoint: 408600 ns, At safepoint: 23000 ns, Total: 431600 ns
[2022-05-19T10:01:47.861+0000][163][safepoint   ] Safepoint "Cleanup", Time since last: 3000731500 ns, Reaching safepoint: 285300 ns, At safepoint: 33700 ns, Total: 319000 ns
[2022-05-19T10:01:51.862+0000][163][safepoint   ] Safepoint "Cleanup", Time since last: 4000883900 ns, Reaching safepoint: 251200 ns, At safepoint: 31600 ns, Total: 282800 ns
[2022-05-19T10:01:52.863+0000][163][safepoint   ] Safepoint "Cleanup", Time since last: 1000474300 ns, Reaching safepoint: 276100 ns, At safepoint: 32000 ns, Total: 308100 ns
[2022-05-19T10:01:53.206+0000][163][gc,start    ] GC(45) Pause Young (Concurrent Start) (G1 Humongous Allocation)
[2022-05-19T10:01:53.207+0000][163][gc,task     ] GC(45) Using 10 workers of 10 for evacuation
[2022-05-19T10:01:53.207+0000][163][gc,age      ] GC(45) Desired survivor size 16777216 bytes, new threshold 15 (max threshold 15)
[2022-05-19T10:01:53.212+0000][163][gc,age      ] GC(45) Age table with threshold 15 (max threshold 15)
[2022-05-19T10:01:53.212+0000][163][gc,age      ] GC(45) - age   1:   12676704 bytes,   12676704 total
[2022-05-19T10:01:53.213+0000][163][gc,age      ] GC(45) - age   2:        128 bytes,   12676832 total
[2022-05-19T10:01:53.213+0000][163][gc,age      ] GC(45) - age   3:     196312 bytes,   12873144 total
[2022-05-19T10:01:53.213+0000][163][gc,age      ] GC(45) - age   5:     484504 bytes,   13357648 total
[2022-05-19T10:01:53.213+0000][163][gc,phases   ] GC(45)   Pre Evacuate Collection Set: 0.4ms
[2022-05-19T10:01:53.214+0000][163][gc,phases   ] GC(45)   Merge Heap Roots: 0.2ms
[2022-05-19T10:01:53.214+0000][163][gc,phases   ] GC(45)   Evacuate Collection Set: 2.7ms
[2022-05-19T10:01:53.214+0000][163][gc,phases   ] GC(45)   Post Evacuate Collection Set: 1.2ms
[2022-05-19T10:01:53.214+0000][163][gc,phases   ] GC(45)   Other: 2.5ms
[2022-05-19T10:01:53.214+0000][163][gc,heap     ] GC(45) Eden regions: 52->0(58)
[2022-05-19T10:01:53.215+0000][163][gc,heap     ] GC(45) Survivor regions: 1->4(8)
[2022-05-19T10:01:53.215+0000][163][gc,heap     ] GC(45) Old regions: 20->20
[2022-05-19T10:01:53.215+0000][163][gc,heap     ] GC(45) Archive regions: 2->2
[2022-05-19T10:01:53.215+0000][163][gc,heap     ] GC(45) Humongous regions: 16->16
[2022-05-19T10:01:53.215+0000][163][gc,metaspace] GC(45) Metaspace: 100847K(102336K)->100847K(102336K) NonClass: 86875K(87808K)->86875K(87808K) Class: 13972K(14528K)->13972K(14528K)
[2022-05-19T10:01:53.215+0000][163][gc          ] GC(45) Pause Young (Concurrent Start) (G1 Humongous Allocation) 354M->159M(512M) 9.052ms
[2022-05-19T10:01:53.216+0000][163][gc,cpu      ] GC(45) User=0.04s Sys=0.00s Real=0.01s
[2022-05-19T10:01:53.216+0000][163][gc          ] GC(46) Concurrent Undo Cycle
[2022-05-19T10:01:53.216+0000][163][gc,marking  ] GC(46) Concurrent Cleanup for Next Mark
[2022-05-19T10:01:53.216+0000][163][safepoint   ] Safepoint "G1TryInitiateConcMark", Time since last: 342849200 ns, Reaching safepoint: 353600 ns, At safepoint: 9425700 ns, Total: 9779300 ns
[2022-05-19T10:01:53.216+0000][163][gc,marking  ] GC(46) Concurrent Cleanup for Next Mark 0.413ms
[2022-05-19T10:01:53.217+0000][163][gc          ] GC(46) Concurrent Undo Cycle 0.864ms
[2022-05-19T10:01:53.218+0000][163][gc,start    ] GC(47) Pause Young (Concurrent Start) (G1 Humongous Allocation)
[2022-05-19T10:01:53.218+0000][163][gc,task     ] GC(47) Using 10 workers of 10 for evacuation
[2022-05-19T10:01:53.218+0000][163][gc,age      ] GC(47) Desired survivor size 16777216 bytes, new threshold 15 (max threshold 15)
[2022-05-19T10:01:53.222+0000][163][gc,age      ] GC(47) Age table with threshold 15 (max threshold 15)
[2022-05-19T10:01:53.223+0000][163][gc,age      ] GC(47) - age   1:         72 bytes,         72 total
[2022-05-19T10:01:53.223+0000][163][gc,age      ] GC(47) - age   2:   12661744 bytes,   12661816 total
[2022-05-19T10:01:53.223+0000][163][gc,age      ] GC(47) - age   3:        128 bytes,   12661944 total
[2022-05-19T10:01:53.224+0000][163][gc,age      ] GC(47) - age   4:     196312 bytes,   12858256 total
[2022-05-19T10:01:53.224+0000][163][gc,age      ] GC(47) - age   6:     484504 bytes,   13342760 total
[2022-05-19T10:01:53.224+0000][163][gc,phases   ] GC(47)   Pre Evacuate Collection Set: 0.4ms
[2022-05-19T10:01:53.225+0000][163][gc,phases   ] GC(47)   Merge Heap Roots: 0.2ms
[2022-05-19T10:01:53.225+0000][163][gc,phases   ] GC(47)   Evacuate Collection Set: 2.4ms
[2022-05-19T10:01:53.225+0000][163][gc,phases   ] GC(47)   Post Evacuate Collection Set: 0.9ms
[2022-05-19T10:01:53.225+0000][163][gc,phases   ] GC(47)   Other: 2.9ms
[2022-05-19T10:01:53.225+0000][163][gc,heap     ] GC(47) Eden regions: 1->0(59)
[2022-05-19T10:01:53.226+0000][163][gc,heap     ] GC(47) Survivor regions: 4->4(8)
[2022-05-19T10:01:53.226+0000][163][gc,heap     ] GC(47) Old regions: 20->20
[2022-05-19T10:01:53.226+0000][163][gc,heap     ] GC(47) Archive regions: 2->2
[2022-05-19T10:01:53.226+0000][163][gc,heap     ] GC(47) Humongous regions: 17->17
[2022-05-19T10:01:53.226+0000][163][gc,metaspace] GC(47) Metaspace: 100847K(102336K)->100847K(102336K) NonClass: 86875K(87808K)->86875K(87808K) Class: 13972K(14528K)->13972K(14528K)
[2022-05-19T10:01:53.226+0000][163][gc          ] GC(47) Pause Young (Concurrent Start) (G1 Humongous Allocation) 163M->163M(512M) 8.805ms
[2022-05-19T10:01:53.226+0000][163][gc,cpu      ] GC(47) User=0.03s Sys=0.00s Real=0.01s
[2022-05-19T10:01:53.227+0000][163][gc          ] GC(48) Concurrent Mark Cycle
[2022-05-19T10:01:53.227+0000][163][gc,marking  ] GC(48) Concurrent Clear Claimed Marks
[2022-05-19T10:01:53.227+0000][163][safepoint   ] Safepoint "G1TryInitiateConcMark", Time since last: 1519300 ns, Reaching safepoint: 190600 ns, At safepoint: 9171700 ns, Total: 9362300 ns
[2022-05-19T10:01:53.227+0000][163][gc,marking  ] GC(48) Concurrent Clear Claimed Marks 0.225ms
[2022-05-19T10:01:53.227+0000][163][gc,marking  ] GC(48) Concurrent Scan Root Regions
[2022-05-19T10:01:53.229+0000][163][gc,marking  ] GC(48) Concurrent Scan Root Regions 1.459ms
[2022-05-19T10:01:53.229+0000][163][gc,marking  ] GC(48) Concurrent Mark
[2022-05-19T10:01:53.229+0000][163][gc,marking  ] GC(48) Concurrent Mark From Roots
[2022-05-19T10:01:53.229+0000][163][gc,task     ] GC(48) Using 3 workers of 3 for marking
[2022-05-19T10:01:53.276+0000][163][gc,marking  ] GC(48) Concurrent Mark From Roots 46.644ms
[2022-05-19T10:01:53.276+0000][163][gc,marking  ] GC(48) Concurrent Preclean
[2022-05-19T10:01:53.277+0000][163][gc,marking  ] GC(48) Concurrent Preclean 0.636ms
[2022-05-19T10:01:53.277+0000][163][gc,start    ] GC(48) Pause Remark
[2022-05-19T10:01:53.281+0000][163][gc          ] GC(48) Pause Remark 205M->165M(512M) 3.472ms
[2022-05-19T10:01:53.281+0000][163][gc,cpu      ] GC(48) User=0.03s Sys=0.00s Real=0.01s
[2022-05-19T10:01:53.281+0000][163][safepoint   ] Safepoint "G1Concurrent", Time since last: 50311100 ns, Reaching safepoint: 353400 ns, At safepoint: 4183600 ns, Total: 4537000 ns
[2022-05-19T10:01:53.282+0000][163][gc,marking  ] GC(48) Concurrent Mark 52.890ms
[2022-05-19T10:01:53.282+0000][163][gc,marking  ] GC(48) Concurrent Rebuild Remembered Sets
[2022-05-19T10:01:53.304+0000][163][gc,marking  ] GC(48) Concurrent Rebuild Remembered Sets 21.627ms
[2022-05-19T10:01:53.304+0000][163][gc,start    ] GC(48) Pause Cleanup
[2022-05-19T10:01:53.305+0000][163][gc          ] GC(48) Pause Cleanup 168M->168M(512M) 0.433ms
[2022-05-19T10:01:53.305+0000][163][gc,cpu      ] GC(48) User=0.00s Sys=0.00s Real=0.00s
[2022-05-19T10:01:53.305+0000][163][safepoint   ] Safepoint "G1Concurrent", Time since last: 22465100 ns, Reaching safepoint: 298200 ns, At safepoint: 824200 ns, Total: 1122400 ns
[2022-05-19T10:01:53.305+0000][163][gc,marking  ] GC(48) Concurrent Cleanup for Next Mark
[2022-05-19T10:01:53.306+0000][163][gc,marking  ] GC(48) Concurrent Cleanup for Next Mark 0.462ms
[2022-05-19T10:01:53.306+0000][163][gc          ] GC(48) Concurrent Mark Cycle 79.363ms
[2022-05-19T10:01:54.784+0000][163][gc,start    ] GC(49) Pause Young (Normal) (G1 Evacuation Pause)
[2022-05-19T10:01:54.784+0000][163][gc,task     ] GC(49) Using 10 workers of 10 for evacuation
[2022-05-19T10:01:54.785+0000][163][gc,age      ] GC(49) Desired survivor size 16777216 bytes, new threshold 15 (max threshold 15)
[2022-05-19T10:01:54.789+0000][163][gc,age      ] GC(49) Age table with threshold 15 (max threshold 15)
[2022-05-19T10:01:54.789+0000][163][gc,age      ] GC(49) - age   1:    7578712 bytes,    7578712 total
[2022-05-19T10:01:54.789+0000][163][gc,age      ] GC(49) - age   3:   11259640 bytes,   18838352 total
[2022-05-19T10:01:54.790+0000][163][gc,age      ] GC(49) - age   4:        104 bytes,   18838456 total
[2022-05-19T10:01:54.790+0000][163][gc,age      ] GC(49) - age   5:     191872 bytes,   19030328 total
[2022-05-19T10:01:54.790+0000][163][gc,age      ] GC(49) - age   7:     155464 bytes,   19185792 total
[2022-05-19T10:01:54.791+0000][163][gc,phases   ] GC(49)   Pre Evacuate Collection Set: 0.2ms
[2022-05-19T10:01:54.791+0000][163][gc,phases   ] GC(49)   Merge Heap Roots: 0.3ms
[2022-05-19T10:01:54.791+0000][163][gc,phases   ] GC(49)   Evacuate Collection Set: 2.5ms
[2022-05-19T10:01:54.791+0000][163][gc,phases   ] GC(49)   Post Evacuate Collection Set: 1.1ms
[2022-05-19T10:01:54.792+0000][163][gc,phases   ] GC(49)   Other: 2.6ms
[2022-05-19T10:01:54.792+0000][163][gc,heap     ] GC(49) Eden regions: 59->0(65)
[2022-05-19T10:01:54.792+0000][163][gc,heap     ] GC(49) Survivor regions: 4->5(8)
[2022-05-19T10:01:54.792+0000][163][gc,heap     ] GC(49) Old regions: 20->20
[2022-05-19T10:01:54.793+0000][163][gc,heap     ] GC(49) Archive regions: 2->2
[2022-05-19T10:01:54.793+0000][163][gc,heap     ] GC(49) Humongous regions: 14->9
[2022-05-19T10:01:54.793+0000][163][gc,metaspace] GC(49) Metaspace: 100862K(102336K)->100862K(102336K) NonClass: 86889K(87808K)->86889K(87808K) Class: 13972K(14528K)->13972K(14528K)
[2022-05-19T10:01:54.793+0000][163][gc          ] GC(49) Pause Young (Normal) (G1 Evacuation Pause) 387M->137M(512M) 9.339ms
[2022-05-19T10:01:54.794+0000][163][gc,cpu      ] GC(49) User=0.03s Sys=0.00s Real=0.01s
[2022-05-19T10:01:54.794+0000][163][safepoint   ] Safepoint "G1CollectForAllocation", Time since last: 1478551700 ns, Reaching safepoint: 243000 ns, At safepoint: 9898500 ns, Total: 10141500 ns
[2022-05-19T10:01:56.602+0000][163][gc,start    ] GC(50) Pause Young (Normal) (G1 Evacuation Pause)
[2022-05-19T10:01:56.603+0000][163][gc,task     ] GC(50) Using 10 workers of 10 for evacuation
[2022-05-19T10:01:56.603+0000][163][gc,age      ] GC(50) Desired survivor size 18874368 bytes, new threshold 5 (max threshold 15)
[2022-05-19T10:01:56.609+0000][163][gc,age      ] GC(50) Age table with threshold 5 (max threshold 15)
[2022-05-19T10:01:56.609+0000][163][gc,age      ] GC(50) - age   1:    9733744 bytes,    9733744 total
[2022-05-19T10:01:56.609+0000][163][gc,age      ] GC(50) - age   2:    5524432 bytes,   15258176 total
[2022-05-19T10:01:56.609+0000][163][gc,age      ] GC(50) - age   4:   10718040 bytes,   25976216 total
[2022-05-19T10:01:56.610+0000][163][gc,age      ] GC(50) - age   5:        104 bytes,   25976320 total
[2022-05-19T10:01:56.610+0000][163][gc,phases   ] GC(50)   Pre Evacuate Collection Set: 0.3ms
[2022-05-19T10:01:56.610+0000][163][gc,phases   ] GC(50)   Merge Heap Roots: 0.2ms
[2022-05-19T10:01:56.611+0000][163][gc,phases   ] GC(50)   Evacuate Collection Set: 3.5ms
[2022-05-19T10:01:56.611+0000][163][gc,phases   ] GC(50)   Post Evacuate Collection Set: 1.2ms
[2022-05-19T10:01:56.611+0000][163][gc,phases   ] GC(50)   Other: 2.5ms
[2022-05-19T10:01:56.611+0000][163][gc,heap     ] GC(50) Eden regions: 65->0(66)
[2022-05-19T10:01:56.612+0000][163][gc,heap     ] GC(50) Survivor regions: 5->7(9)
[2022-05-19T10:01:56.612+0000][163][gc,heap     ] GC(50) Old regions: 20->20
[2022-05-19T10:01:56.612+0000][163][gc,heap     ] GC(50) Archive regions: 2->2
[2022-05-19T10:01:56.612+0000][163][gc,heap     ] GC(50) Humongous regions: 10->6
[2022-05-19T10:01:56.613+0000][163][gc,metaspace] GC(50) Metaspace: 100925K(102400K)->100925K(102400K) NonClass: 86952K(87872K)->86952K(87872K) Class: 13972K(14528K)->13972K(14528K)
[2022-05-19T10:01:56.613+0000][163][gc          ] GC(50) Pause Young (Normal) (G1 Evacuation Pause) 401M->131M(512M) 10.473ms
[2022-05-19T10:01:56.613+0000][163][gc,cpu      ] GC(50) User=0.05s Sys=0.00s Real=0.01s
[2022-05-19T10:01:56.613+0000][163][safepoint   ] Safepoint "G1CollectForAllocation", Time since last: 1808336100 ns, Reaching safepoint: 245700 ns, At safepoint: 10868400 ns, Total: 11114100 ns
[2022-05-19T10:01:57.614+0000][163][safepoint   ] Safepoint "Cleanup", Time since last: 1000242700 ns, Reaching safepoint: 319600 ns, At safepoint: 26000 ns, Total: 345600 ns
[2022-05-19T10:01:58.448+0000][163][gc,start    ] GC(51) Pause Young (Normal) (G1 Evacuation Pause)
[2022-05-19T10:01:58.448+0000][163][gc,task     ] GC(51) Using 10 workers of 10 for evacuation
[2022-05-19T10:01:58.448+0000][163][gc,age      ] GC(51) Desired survivor size 20971520 bytes, new threshold 4 (max threshold 15)
[2022-05-19T10:01:58.453+0000][163][gc,age      ] GC(51) Age table with threshold 4 (max threshold 15)
[2022-05-19T10:01:58.454+0000][163][gc,age      ] GC(51) - age   1:    3041400 bytes,    3041400 total
[2022-05-19T10:01:58.454+0000][163][gc,age      ] GC(51) - age   2:    9408344 bytes,   12449744 total
[2022-05-19T10:01:58.454+0000][163][gc,age      ] GC(51) - age   3:    5524432 bytes,   17974176 total
[2022-05-19T10:01:58.454+0000][163][gc,phases   ] GC(51)   Pre Evacuate Collection Set: 0.2ms
[2022-05-19T10:01:58.455+0000][163][gc,phases   ] GC(51)   Merge Heap Roots: 0.2ms
[2022-05-19T10:01:58.455+0000][163][gc,phases   ] GC(51)   Evacuate Collection Set: 3.5ms
[2022-05-19T10:01:58.455+0000][163][gc,phases   ] GC(51)   Post Evacuate Collection Set: 0.8ms
[2022-05-19T10:01:58.455+0000][163][gc,phases   ] GC(51)   Other: 2.0ms
[2022-05-19T10:01:58.455+0000][163][gc,heap     ] GC(51) Eden regions: 66->0(63)
[2022-05-19T10:01:58.455+0000][163][gc,heap     ] GC(51) Survivor regions: 7->5(10)
[2022-05-19T10:01:58.455+0000][163][gc,heap     ] GC(51) Old regions: 20->23
[2022-05-19T10:01:58.456+0000][163][gc,heap     ] GC(51) Archive regions: 2->2
[2022-05-19T10:01:58.456+0000][163][gc,heap     ] GC(51) Humongous regions: 14->9
[2022-05-19T10:01:58.456+0000][163][gc,metaspace] GC(51) Metaspace: 100931K(102400K)->100931K(102400K) NonClass: 86958K(87872K)->86958K(87872K) Class: 13972K(14528K)->13972K(14528K)
[2022-05-19T10:01:58.456+0000][163][gc          ] GC(51) Pause Young (Normal) (G1 Evacuation Pause) 427M->146M(512M) 8.235ms
[2022-05-19T10:01:58.456+0000][163][gc,cpu      ] GC(51) User=0.04s Sys=0.00s Real=0.01s
[2022-05-19T10:01:58.456+0000][163][safepoint   ] Safepoint "G1CollectForAllocation", Time since last: 833773300 ns, Reaching safepoint: 186600 ns, At safepoint: 8541000 ns, Total: 8727600 ns
[2022-05-19T10:02:00.456+0000][163][safepoint   ] Safepoint "Cleanup", Time since last: 2000375900 ns, Reaching safepoint: 189600 ns, At safepoint: 6900 ns, Total: 196500 ns
[2022-05-19T10:02:01.457+0000][163][safepoint   ] Safepoint "Cleanup", Time since last: 1000392200 ns, Reaching safepoint: 202600 ns, At safepoint: 7200 ns, Total: 209800 ns
[2022-05-19T10:02:14.459+0000][163][safepoint   ] Safepoint "Cleanup", Time since last: 13001980100 ns, Reaching safepoint: 290600 ns, At safepoint: 8400 ns, Total: 299000 ns
[2022-05-19T10:02:15.460+0000][163][safepoint   ] Safepoint "Cleanup", Time since last: 1000459200 ns, Reaching safepoint: 199900 ns, At safepoint: 7900 ns, Total: 207800 ns
[2022-05-19T10:02:16.460+0000][163][safepoint   ] Safepoint "Cleanup", Time since last: 1000366200 ns, Reaching safepoint: 226900 ns, At safepoint: 11800 ns, Total: 238700 ns
[2022-05-19T10:02:18.461+0000][163][safepoint   ] Safepoint "Cleanup", Time since last: 2000517500 ns, Reaching safepoint: 204700 ns, At safepoint: 9500 ns, Total: 214200 ns
[2022-05-19T10:02:30.017+0000][163][gc,start    ] GC(52) Pause Young (Concurrent Start) (G1 Humongous Allocation)
[2022-05-19T10:02:30.017+0000][163][gc,task     ] GC(52) Using 10 workers of 10 for evacuation
[2022-05-19T10:02:30.018+0000][163][gc,age      ] GC(52) Desired survivor size 18874368 bytes, new threshold 15 (max threshold 15)
[2022-05-19T10:02:30.023+0000][163][gc,age      ] GC(52) Age table with threshold 15 (max threshold 15)
[2022-05-19T10:02:30.023+0000][163][gc,age      ] GC(52) - age   1:   19039760 bytes,   19039760 total
[2022-05-19T10:02:30.023+0000][163][gc,age      ] GC(52) - age   2:    3015792 bytes,   22055552 total
[2022-05-19T10:02:30.024+0000][163][gc,age      ] GC(52) - age   3:    6235904 bytes,   28291456 total
[2022-05-19T10:02:30.024+0000][163][gc,age      ] GC(52) - age   4:    5520368 bytes,   33811824 total
[2022-05-19T10:02:30.024+0000][163][gc,phases   ] GC(52)   Pre Evacuate Collection Set: 0.3ms
[2022-05-19T10:02:30.024+0000][163][gc,phases   ] GC(52)   Merge Heap Roots: 0.2ms
[2022-05-19T10:02:30.024+0000][163][gc,phases   ] GC(52)   Evacuate Collection Set: 4.0ms
[2022-05-19T10:02:30.025+0000][163][gc,phases   ] GC(52)   Post Evacuate Collection Set: 0.7ms
[2022-05-19T10:02:30.025+0000][163][gc,phases   ] GC(52)   Other: 2.0ms
[2022-05-19T10:02:30.025+0000][163][gc,heap     ] GC(52) Eden regions: 48->0(57)
[2022-05-19T10:02:30.025+0000][163][gc,heap     ] GC(52) Survivor regions: 5->9(9)
[2022-05-19T10:02:30.025+0000][163][gc,heap     ] GC(52) Old regions: 23->23
[2022-05-19T10:02:30.025+0000][163][gc,heap     ] GC(52) Archive regions: 2->2
[2022-05-19T10:02:30.025+0000][163][gc,heap     ] GC(52) Humongous regions: 13->8
[2022-05-19T10:02:30.026+0000][163][gc,metaspace] GC(52) Metaspace: 100995K(102464K)->100995K(102464K) NonClass: 87023K(87936K)->87023K(87936K) Class: 13972K(14528K)->13972K(14528K)
[2022-05-19T10:02:30.026+0000][163][gc          ] GC(52) Pause Young (Concurrent Start) (G1 Humongous Allocation) 353M->158M(512M) 8.776ms
[2022-05-19T10:02:30.026+0000][163][gc,cpu      ] GC(52) User=0.04s Sys=0.00s Real=0.01s
[2022-05-19T10:02:30.026+0000][163][gc          ] GC(53) Concurrent Undo Cycle
[2022-05-19T10:02:30.026+0000][163][gc,marking  ] GC(53) Concurrent Cleanup for Next Mark
[2022-05-19T10:02:30.026+0000][163][safepoint   ] Safepoint "G1TryInitiateConcMark", Time since last: 11554725400 ns, Reaching safepoint: 187600 ns, At safepoint: 9150900 ns, Total: 9338500 ns
[2022-05-19T10:02:30.027+0000][163][gc,marking  ] GC(53) Concurrent Cleanup for Next Mark 0.358ms
[2022-05-19T10:02:30.027+0000][163][gc          ] GC(53) Concurrent Undo Cycle 0.654ms
[2022-05-19T10:02:31.027+0000][163][safepoint   ] Safepoint "Cleanup", Time since last: 1000618200 ns, Reaching safepoint: 264700 ns, At safepoint: 22200 ns, Total: 286900 ns
[2022-05-19T10:02:31.575+0000][163][gc,start    ] GC(54) Pause Young (Normal) (G1 Evacuation Pause)
[2022-05-19T10:02:31.575+0000][163][gc,task     ] GC(54) Using 10 workers of 10 for evacuation
[2022-05-19T10:02:31.575+0000][163][gc,age      ] GC(54) Desired survivor size 18874368 bytes, new threshold 1 (max threshold 15)
[2022-05-19T10:02:31.580+0000][163][gc,age      ] GC(54) Age table with threshold 1 (max threshold 15)
[2022-05-19T10:02:31.580+0000][163][gc,age      ] GC(54) - age   1:    2541104 bytes,    2541104 total
[2022-05-19T10:02:31.581+0000][163][gc,phases   ] GC(54)   Pre Evacuate Collection Set: 0.3ms
[2022-05-19T10:02:31.581+0000][163][gc,phases   ] GC(54)   Merge Heap Roots: 0.2ms
[2022-05-19T10:02:31.581+0000][163][gc,phases   ] GC(54)   Evacuate Collection Set: 3.5ms
[2022-05-19T10:02:31.581+0000][163][gc,phases   ] GC(54)   Post Evacuate Collection Set: 0.8ms
[2022-05-19T10:02:31.582+0000][163][gc,phases   ] GC(54)   Other: 1.4ms
[2022-05-19T10:02:31.582+0000][163][gc,heap     ] GC(54) Eden regions: 57->0(58)
[2022-05-19T10:02:31.582+0000][163][gc,heap     ] GC(54) Survivor regions: 9->1(9)
[2022-05-19T10:02:31.582+0000][163][gc,heap     ] GC(54) Old regions: 23->30
[2022-05-19T10:02:31.582+0000][163][gc,heap     ] GC(54) Archive regions: 2->2
[2022-05-19T10:02:31.582+0000][163][gc,heap     ] GC(54) Humongous regions: 13->9
[2022-05-19T10:02:31.583+0000][163][gc,metaspace] GC(54) Metaspace: 100995K(102464K)->100995K(102464K) NonClass: 87023K(87936K)->87023K(87936K) Class: 13972K(14528K)->13972K(14528K)
[2022-05-19T10:02:31.583+0000][163][gc          ] GC(54) Pause Young (Normal) (G1 Evacuation Pause) 406M->159M(512M) 8.109ms
[2022-05-19T10:02:31.583+0000][163][gc,cpu      ] GC(54) User=0.02s Sys=0.01s Real=0.01s
[2022-05-19T10:02:31.583+0000][163][safepoint   ] Safepoint "G1CollectForAllocation", Time since last: 547318700 ns, Reaching safepoint: 263900 ns, At safepoint: 8505100 ns, Total: 8769000 ns
[2022-05-19T10:02:32.831+0000][163][gc,start    ] GC(55) Pause Young (Concurrent Start) (G1 Humongous Allocation)
[2022-05-19T10:02:32.831+0000][163][gc,task     ] GC(55) Using 10 workers of 10 for evacuation
[2022-05-19T10:02:32.832+0000][163][gc,age      ] GC(55) Desired survivor size 16777216 bytes, new threshold 15 (max threshold 15)
[2022-05-19T10:02:32.835+0000][163][gc,age      ] GC(55) Age table with threshold 15 (max threshold 15)
[2022-05-19T10:02:32.835+0000][163][gc,age      ] GC(55) - age   1:    1893736 bytes,    1893736 total
[2022-05-19T10:02:32.835+0000][163][gc,age      ] GC(55) - age   2:    2522496 bytes,    4416232 total
[2022-05-19T10:02:32.835+0000][163][gc,phases   ] GC(55)   Pre Evacuate Collection Set: 0.3ms
[2022-05-19T10:02:32.835+0000][163][gc,phases   ] GC(55)   Merge Heap Roots: 0.2ms
[2022-05-19T10:02:32.836+0000][163][gc,phases   ] GC(55)   Evacuate Collection Set: 1.3ms
[2022-05-19T10:02:32.836+0000][163][gc,phases   ] GC(55)   Post Evacuate Collection Set: 0.7ms
[2022-05-19T10:02:32.836+0000][163][gc,phases   ] GC(55)   Other: 1.5ms
[2022-05-19T10:02:32.836+0000][163][gc,heap     ] GC(55) Eden regions: 43->0(59)
[2022-05-19T10:02:32.836+0000][163][gc,heap     ] GC(55) Survivor regions: 1->2(8)
[2022-05-19T10:02:32.836+0000][163][gc,heap     ] GC(55) Old regions: 30->30
[2022-05-19T10:02:32.836+0000][163][gc,heap     ] GC(55) Archive regions: 2->2
[2022-05-19T10:02:32.836+0000][163][gc,heap     ] GC(55) Humongous regions: 9->9
[2022-05-19T10:02:32.837+0000][163][gc,metaspace] GC(55) Metaspace: 100995K(102464K)->100995K(102464K) NonClass: 87023K(87936K)->87023K(87936K) Class: 13972K(14528K)->13972K(14528K)
[2022-05-19T10:02:32.837+0000][163][gc          ] GC(55) Pause Young (Concurrent Start) (G1 Humongous Allocation) 331M->161M(512M) 5.583ms
[2022-05-19T10:02:32.837+0000][163][gc,cpu      ] GC(55) User=0.01s Sys=0.00s Real=0.00s
[2022-05-19T10:02:32.837+0000][163][gc          ] GC(56) Concurrent Mark Cycle
[2022-05-19T10:02:32.837+0000][163][gc,marking  ] GC(56) Concurrent Clear Claimed Marks
[2022-05-19T10:02:32.837+0000][163][safepoint   ] Safepoint "G1TryInitiateConcMark", Time since last: 1247840300 ns, Reaching safepoint: 187100 ns, At safepoint: 5916200 ns, Total: 6103300 ns
[2022-05-19T10:02:32.837+0000][163][gc,marking  ] GC(56) Concurrent Clear Claimed Marks 0.201ms
[2022-05-19T10:02:32.838+0000][163][gc,marking  ] GC(56) Concurrent Scan Root Regions
[2022-05-19T10:02:32.839+0000][163][gc,marking  ] GC(56) Concurrent Scan Root Regions 1.004ms
[2022-05-19T10:02:32.839+0000][163][gc,marking  ] GC(56) Concurrent Mark
[2022-05-19T10:02:32.839+0000][163][gc,marking  ] GC(56) Concurrent Mark From Roots
[2022-05-19T10:02:32.839+0000][163][gc,task     ] GC(56) Using 3 workers of 3 for marking
[2022-05-19T10:02:32.884+0000][163][gc,marking  ] GC(56) Concurrent Mark From Roots 45.222ms
[2022-05-19T10:02:32.884+0000][163][gc,marking  ] GC(56) Concurrent Preclean
[2022-05-19T10:02:32.885+0000][163][gc,marking  ] GC(56) Concurrent Preclean 0.632ms
[2022-05-19T10:02:32.886+0000][163][gc,start    ] GC(56) Pause Remark
[2022-05-19T10:02:32.889+0000][163][gc          ] GC(56) Pause Remark 167M->167M(512M) 3.063ms
[2022-05-19T10:02:32.889+0000][163][gc,cpu      ] GC(56) User=0.02s Sys=0.00s Real=0.00s
[2022-05-19T10:02:32.889+0000][163][safepoint   ] Safepoint "G1Concurrent", Time since last: 48294300 ns, Reaching safepoint: 244700 ns, At safepoint: 3576800 ns, Total: 3821500 ns
[2022-05-19T10:02:32.889+0000][163][gc,marking  ] GC(56) Concurrent Mark 50.708ms
[2022-05-19T10:02:32.890+0000][163][gc,marking  ] GC(56) Concurrent Rebuild Remembered Sets
[2022-05-19T10:02:32.915+0000][163][gc,marking  ] GC(56) Concurrent Rebuild Remembered Sets 25.070ms
[2022-05-19T10:02:32.915+0000][163][gc,start    ] GC(56) Pause Cleanup
[2022-05-19T10:02:32.916+0000][163][gc          ] GC(56) Pause Cleanup 179M->179M(512M) 0.346ms
[2022-05-19T10:02:32.916+0000][163][gc,cpu      ] GC(56) User=0.00s Sys=0.00s Real=0.00s
[2022-05-19T10:02:32.916+0000][163][safepoint   ] Safepoint "G1Concurrent", Time since last: 25859600 ns, Reaching safepoint: 256800 ns, At safepoint: 790900 ns, Total: 1047700 ns
[2022-05-19T10:02:32.916+0000][163][gc,marking  ] GC(56) Concurrent Cleanup for Next Mark
[2022-05-19T10:02:32.917+0000][163][gc,marking  ] GC(56) Concurrent Cleanup for Next Mark 0.385ms
[2022-05-19T10:02:32.917+0000][163][gc          ] GC(56) Concurrent Mark Cycle 79.780ms
[2022-05-19T10:02:33.917+0000][163][safepoint   ] Safepoint "Cleanup", Time since last: 1000275600 ns, Reaching safepoint: 266500 ns, At safepoint: 20500 ns, Total: 287000 ns
[2022-05-19T10:02:34.285+0000][163][gc,start    ] GC(57) Pause Young (Concurrent Start) (G1 Humongous Allocation)
[2022-05-19T10:02:34.285+0000][163][gc,task     ] GC(57) Using 10 workers of 10 for evacuation
[2022-05-19T10:02:34.286+0000][163][gc,age      ] GC(57) Desired survivor size 16777216 bytes, new threshold 15 (max threshold 15)
[2022-05-19T10:02:34.290+0000][163][gc,age      ] GC(57) Age table with threshold 15 (max threshold 15)
[2022-05-19T10:02:34.290+0000][163][gc,age      ] GC(57) - age   1:   14336880 bytes,   14336880 total
[2022-05-19T10:02:34.290+0000][163][gc,age      ] GC(57) - age   2:    1844592 bytes,   16181472 total
[2022-05-19T10:02:34.290+0000][163][gc,age      ] GC(57) - age   3:    2469744 bytes,   18651216 total
[2022-05-19T10:02:34.291+0000][163][gc,phases   ] GC(57)   Pre Evacuate Collection Set: 0.3ms
[2022-05-19T10:02:34.291+0000][163][gc,phases   ] GC(57)   Merge Heap Roots: 0.2ms
[2022-05-19T10:02:34.291+0000][163][gc,phases   ] GC(57)   Evacuate Collection Set: 2.5ms
[2022-05-19T10:02:34.291+0000][163][gc,phases   ] GC(57)   Post Evacuate Collection Set: 0.8ms
[2022-05-19T10:02:34.292+0000][163][gc,phases   ] GC(57)   Other: 2.1ms
[2022-05-19T10:02:34.292+0000][163][gc,heap     ] GC(57) Eden regions: 51->0(52)
[2022-05-19T10:02:34.292+0000][163][gc,heap     ] GC(57) Survivor regions: 2->5(8)
[2022-05-19T10:02:34.292+0000][163][gc,heap     ] GC(57) Old regions: 30->30
[2022-05-19T10:02:34.292+0000][163][gc,heap     ] GC(57) Archive regions: 2->2
[2022-05-19T10:02:34.292+0000][163][gc,heap     ] GC(57) Humongous regions: 10->9
[2022-05-19T10:02:34.293+0000][163][gc,metaspace] GC(57) Metaspace: 100995K(102464K)->100995K(102464K) NonClass: 87023K(87936K)->87023K(87936K) Class: 13972K(14528K)->13972K(14528K)
[2022-05-19T10:02:34.293+0000][163][gc          ] GC(57) Pause Young (Concurrent Start) (G1 Humongous Allocation) 367M->175M(512M) 7.920ms
[2022-05-19T10:02:34.293+0000][163][gc,cpu      ] GC(57) User=0.03s Sys=0.00s Real=0.01s
[2022-05-19T10:02:34.293+0000][163][safepoint   ] Safepoint "G1TryInitiateConcMark", Time since last: 368039000 ns, Reaching safepoint: 184500 ns, At safepoint: 8321100 ns, Total: 8505600 ns
[2022-05-19T10:02:34.293+0000][163][gc          ] GC(58) Concurrent Mark Cycle
[2022-05-19T10:02:34.293+0000][163][gc,marking  ] GC(58) Concurrent Clear Claimed Marks
[2022-05-19T10:02:34.294+0000][163][gc,marking  ] GC(58) Concurrent Clear Claimed Marks 0.203ms
[2022-05-19T10:02:34.294+0000][163][gc,marking  ] GC(58) Concurrent Scan Root Regions
[2022-05-19T10:02:34.295+0000][163][gc,marking  ] GC(58) Concurrent Scan Root Regions 0.986ms
[2022-05-19T10:02:34.295+0000][163][gc,marking  ] GC(58) Concurrent Mark
[2022-05-19T10:02:34.295+0000][163][gc,marking  ] GC(58) Concurrent Mark From Roots
[2022-05-19T10:02:34.295+0000][163][gc,task     ] GC(58) Using 3 workers of 3 for marking
[2022-05-19T10:02:34.336+0000][163][gc,marking  ] GC(58) Concurrent Mark From Roots 41.392ms
[2022-05-19T10:02:34.337+0000][163][gc,marking  ] GC(58) Concurrent Preclean
[2022-05-19T10:02:34.337+0000][163][gc,marking  ] GC(58) Concurrent Preclean 0.590ms
[2022-05-19T10:02:34.338+0000][163][gc,start    ] GC(58) Pause Remark
[2022-05-19T10:02:34.341+0000][163][gc          ] GC(58) Pause Remark 183M->183M(512M) 2.877ms
[2022-05-19T10:02:34.341+0000][163][gc,cpu      ] GC(58) User=0.02s Sys=0.00s Real=0.01s
[2022-05-19T10:02:34.341+0000][163][safepoint   ] Safepoint "G1Concurrent", Time since last: 44446100 ns, Reaching safepoint: 287700 ns, At safepoint: 3327800 ns, Total: 3615500 ns
[2022-05-19T10:02:34.342+0000][163][gc,marking  ] GC(58) Concurrent Mark 46.548ms
[2022-05-19T10:02:34.342+0000][163][gc,marking  ] GC(58) Concurrent Rebuild Remembered Sets
[2022-05-19T10:02:34.363+0000][163][gc,marking  ] GC(58) Concurrent Rebuild Remembered Sets 20.859ms
[2022-05-19T10:02:34.363+0000][163][gc,start    ] GC(58) Pause Cleanup
[2022-05-19T10:02:34.364+0000][163][gc          ] GC(58) Pause Cleanup 189M->189M(512M) 0.468ms
[2022-05-19T10:02:34.364+0000][163][gc,cpu      ] GC(58) User=0.00s Sys=0.00s Real=0.00s
[2022-05-19T10:02:34.364+0000][163][safepoint   ] Safepoint "G1Concurrent", Time since last: 21753400 ns, Reaching safepoint: 277800 ns, At safepoint: 1036300 ns, Total: 1314100 ns
[2022-05-19T10:02:34.365+0000][163][gc,marking  ] GC(58) Concurrent Cleanup for Next Mark
[2022-05-19T10:02:34.365+0000][163][gc,marking  ] GC(58) Concurrent Cleanup for Next Mark 0.380ms
[2022-05-19T10:02:34.365+0000][163][gc          ] GC(58) Concurrent Mark Cycle 71.989ms
[2022-05-19T10:02:35.365+0000][163][safepoint   ] Safepoint "Cleanup", Time since last: 1000401200 ns, Reaching safepoint: 350000 ns, At safepoint: 25400 ns, Total: 375400 ns
[2022-05-19T10:02:36.013+0000][163][gc,start    ] GC(59) Pause Young (Normal) (G1 Evacuation Pause)
[2022-05-19T10:02:36.013+0000][163][gc,task     ] GC(59) Using 10 workers of 10 for evacuation
[2022-05-19T10:02:36.013+0000][163][gc,age      ] GC(59) Desired survivor size 16777216 bytes, new threshold 3 (max threshold 15)
[2022-05-19T10:02:36.018+0000][163][gc,age      ] GC(59) Age table with threshold 3 (max threshold 15)
[2022-05-19T10:02:36.018+0000][163][gc,age      ] GC(59) - age   1:   10136016 bytes,   10136016 total
[2022-05-19T10:02:36.018+0000][163][gc,age      ] GC(59) - age   2:    5725336 bytes,   15861352 total
[2022-05-19T10:02:36.018+0000][163][gc,age      ] GC(59) - age   3:    1838232 bytes,   17699584 total
[2022-05-19T10:02:36.019+0000][163][gc,phases   ] GC(59)   Pre Evacuate Collection Set: 0.2ms
[2022-05-19T10:02:36.019+0000][163][gc,phases   ] GC(59)   Merge Heap Roots: 0.2ms
[2022-05-19T10:02:36.019+0000][163][gc,phases   ] GC(59)   Evacuate Collection Set: 2.8ms
[2022-05-19T10:02:36.019+0000][163][gc,phases   ] GC(59)   Post Evacuate Collection Set: 0.8ms
[2022-05-19T10:02:36.020+0000][163][gc,phases   ] GC(59)   Other: 1.9ms
[2022-05-19T10:02:36.020+0000][163][gc,heap     ] GC(59) Eden regions: 52->0(53)
[2022-05-19T10:02:36.020+0000][163][gc,heap     ] GC(59) Survivor regions: 5->5(8)
[2022-05-19T10:02:36.020+0000][163][gc,heap     ] GC(59) Old regions: 30->30
[2022-05-19T10:02:36.020+0000][163][gc,heap     ] GC(59) Archive regions: 2->2
[2022-05-19T10:02:36.020+0000][163][gc,heap     ] GC(59) Humongous regions: 10->8
[2022-05-19T10:02:36.020+0000][163][gc,metaspace] GC(59) Metaspace: 101029K(102464K)->101029K(102464K) NonClass: 87056K(87936K)->87056K(87936K) Class: 13972K(14528K)->13972K(14528K)
[2022-05-19T10:02:36.021+0000][163][gc          ] GC(59) Pause Young (Normal) (G1 Evacuation Pause) 387M->172M(512M) 7.673ms
[2022-05-19T10:02:36.021+0000][163][gc,cpu      ] GC(59) User=0.03s Sys=0.00s Real=0.01s
[2022-05-19T10:02:36.021+0000][163][safepoint   ] Safepoint "G1CollectForAllocation", Time since last: 647482000 ns, Reaching safepoint: 289900 ns, At safepoint: 8028400 ns, Total: 8318300 ns
[2022-05-19T10:02:37.021+0000][163][safepoint   ] Safepoint "Cleanup", Time since last: 1000260100 ns, Reaching safepoint: 198300 ns, At safepoint: 9300 ns, Total: 207600 ns
[2022-05-19T10:02:38.022+0000][163][safepoint   ] Safepoint "Cleanup", Time since last: 1000553400 ns, Reaching safepoint: 205800 ns, At safepoint: 7100 ns, Total: 212900 ns
[2022-05-19T10:02:44.023+0000][163][safepoint   ] Safepoint "Cleanup", Time since last: 6000914600 ns, Reaching safepoint: 259300 ns, At safepoint: 8900 ns, Total: 268200 ns
[2022-05-19T10:02:49.025+0000][163][safepoint   ] Safepoint "Cleanup", Time since last: 5001049300 ns, Reaching safepoint: 383400 ns, At safepoint: 11000 ns, Total: 394400 ns
[2022-05-19T10:02:50.025+0000][163][safepoint   ] Safepoint "Cleanup", Time since last: 1000478000 ns, Reaching safepoint: 183700 ns, At safepoint: 6900 ns, Total: 190600 ns
[2022-05-19T10:02:53.026+0000][163][safepoint   ] Safepoint "Cleanup", Time since last: 3000761700 ns, Reaching safepoint: 194200 ns, At safepoint: 6300 ns, Total: 200500 ns
[2022-05-19T10:03:03.028+0000][163][safepoint   ] Safepoint "Cleanup", Time since last: 10001710700 ns, Reaching safepoint: 257800 ns, At safepoint: 21800 ns, Total: 279600 ns
[2022-05-19T10:03:07.030+0000][163][safepoint   ] Safepoint "Cleanup", Time since last: 4000925600 ns, Reaching safepoint: 304800 ns, At safepoint: 23500 ns, Total: 328300 ns
[2022-05-19T10:03:08.030+0000][163][safepoint   ] Safepoint "Cleanup", Time since last: 1000313400 ns, Reaching safepoint: 310800 ns, At safepoint: 24900 ns, Total: 335700 ns
[2022-05-19T10:03:08.046+0000][163][gc,start    ] GC(60) Pause Young (Concurrent Start) (G1 Evacuation Pause)
[2022-05-19T10:03:08.046+0000][163][gc,task     ] GC(60) Using 10 workers of 10 for evacuation
[2022-05-19T10:03:08.046+0000][163][gc,age      ] GC(60) Desired survivor size 16777216 bytes, new threshold 3 (max threshold 15)
[2022-05-19T10:03:08.051+0000][163][gc,age      ] GC(60) Age table with threshold 3 (max threshold 15)
[2022-05-19T10:03:08.051+0000][163][gc,age      ] GC(60) - age   1:   15335384 bytes,   15335384 total
[2022-05-19T10:03:08.051+0000][163][gc,age      ] GC(60) - age   2:    4397328 bytes,   19732712 total
[2022-05-19T10:03:08.051+0000][163][gc,age      ] GC(60) - age   3:    5606336 bytes,   25339048 total
[2022-05-19T10:03:08.052+0000][163][gc,phases   ] GC(60)   Pre Evacuate Collection Set: 0.3ms
[2022-05-19T10:03:08.052+0000][163][gc,phases   ] GC(60)   Merge Heap Roots: 0.2ms
[2022-05-19T10:03:08.052+0000][163][gc,phases   ] GC(60)   Evacuate Collection Set: 3.2ms
[2022-05-19T10:03:08.052+0000][163][gc,phases   ] GC(60)   Post Evacuate Collection Set: 0.7ms
[2022-05-19T10:03:08.053+0000][163][gc,phases   ] GC(60)   Other: 1.9ms
[2022-05-19T10:03:08.053+0000][163][gc,heap     ] GC(60) Eden regions: 53->0(50)
[2022-05-19T10:03:08.053+0000][163][gc,heap     ] GC(60) Survivor regions: 5->7(8)
[2022-05-19T10:03:08.053+0000][163][gc,heap     ] GC(60) Old regions: 30->31
[2022-05-19T10:03:08.053+0000][163][gc,heap     ] GC(60) Archive regions: 2->2
[2022-05-19T10:03:08.053+0000][163][gc,heap     ] GC(60) Humongous regions: 8->8
[2022-05-19T10:03:08.054+0000][163][gc,metaspace] GC(60) Metaspace: 101132K(102592K)->101132K(102592K) NonClass: 87157K(88064K)->87157K(88064K) Class: 13974K(14528K)->13974K(14528K)
[2022-05-19T10:03:08.054+0000][163][gc          ] GC(60) Pause Young (Concurrent Start) (G1 Evacuation Pause) 384M->181M(512M) 8.230ms
[2022-05-19T10:03:08.054+0000][163][gc,cpu      ] GC(60) User=0.01s Sys=0.02s Real=0.01s
[2022-05-19T10:03:08.054+0000][163][gc          ] GC(61) Concurrent Mark Cycle
[2022-05-19T10:03:08.054+0000][163][gc,marking  ] GC(61) Concurrent Clear Claimed Marks
[2022-05-19T10:03:08.054+0000][163][safepoint   ] Safepoint "G1CollectForAllocation", Time since last: 15050800 ns, Reaching safepoint: 216800 ns, At safepoint: 8713400 ns, Total: 8930200 ns
[2022-05-19T10:03:08.055+0000][163][gc,marking  ] GC(61) Concurrent Clear Claimed Marks 0.196ms
[2022-05-19T10:03:08.055+0000][163][gc,marking  ] GC(61) Concurrent Scan Root Regions
[2022-05-19T10:03:08.056+0000][163][gc,marking  ] GC(61) Concurrent Scan Root Regions 1.098ms
[2022-05-19T10:03:08.056+0000][163][gc,marking  ] GC(61) Concurrent Mark
[2022-05-19T10:03:08.056+0000][163][gc,marking  ] GC(61) Concurrent Mark From Roots
[2022-05-19T10:03:08.056+0000][163][gc,task     ] GC(61) Using 3 workers of 3 for marking
[2022-05-19T10:03:08.101+0000][163][gc,marking  ] GC(61) Concurrent Mark From Roots 44.234ms
[2022-05-19T10:03:08.101+0000][163][gc,marking  ] GC(61) Concurrent Preclean
[2022-05-19T10:03:08.102+0000][163][gc,marking  ] GC(61) Concurrent Preclean 0.647ms
[2022-05-19T10:03:08.102+0000][163][gc,start    ] GC(61) Pause Remark
[2022-05-19T10:03:08.105+0000][163][gc          ] GC(61) Pause Remark 185M->181M(512M) 2.868ms
[2022-05-19T10:03:08.105+0000][163][gc,cpu      ] GC(61) User=0.02s Sys=0.00s Real=0.00s
[2022-05-19T10:03:08.105+0000][163][safepoint   ] Safepoint "G1Concurrent", Time since last: 47633100 ns, Reaching safepoint: 182500 ns, At safepoint: 3406400 ns, Total: 3588900 ns
[2022-05-19T10:03:08.106+0000][163][gc,marking  ] GC(61) Concurrent Mark 49.550ms
[2022-05-19T10:03:08.106+0000][163][gc,marking  ] GC(61) Concurrent Rebuild Remembered Sets
[2022-05-19T10:03:08.126+0000][163][gc,marking  ] GC(61) Concurrent Rebuild Remembered Sets 19.752ms
[2022-05-19T10:03:08.126+0000][163][gc,start    ] GC(61) Pause Cleanup
[2022-05-19T10:03:08.127+0000][163][gc          ] GC(61) Pause Cleanup 181M->181M(512M) 0.451ms
[2022-05-19T10:03:08.127+0000][163][gc,cpu      ] GC(61) User=0.00s Sys=0.00s Real=0.00s
[2022-05-19T10:03:08.127+0000][163][safepoint   ] Safepoint "G1Concurrent", Time since last: 20593900 ns, Reaching safepoint: 249600 ns, At safepoint: 1059200 ns, Total: 1308800 ns
[2022-05-19T10:03:08.128+0000][163][gc,marking  ] GC(61) Concurrent Cleanup for Next Mark
[2022-05-19T10:03:08.128+0000][163][gc,marking  ] GC(61) Concurrent Cleanup for Next Mark 0.406ms
[2022-05-19T10:03:08.128+0000][163][gc          ] GC(61) Concurrent Mark Cycle 74.015ms
[2022-05-19T10:03:09.128+0000][163][safepoint   ] Safepoint "Cleanup", Time since last: 1000311900 ns, Reaching safepoint: 189500 ns, At safepoint: 6000 ns, Total: 195500 ns
[2022-05-19T10:03:14.129+0000][163][safepoint   ] Safepoint "Cleanup", Time since last: 5001086200 ns, Reaching safepoint: 214400 ns, At safepoint: 6700 ns, Total: 221100 ns
[2022-05-19T10:03:20.131+0000][163][safepoint   ] Safepoint "Cleanup", Time since last: 6001154000 ns, Reaching safepoint: 221700 ns, At safepoint: 6900 ns, Total: 228600 ns
[2022-05-19T10:03:30.133+0000][163][safepoint   ] Safepoint "Cleanup", Time since last: 10001661900 ns, Reaching safepoint: 226600 ns, At safepoint: 11200 ns, Total: 237800 ns
[2022-05-19T10:03:38.665+0000][163][gc,start    ] GC(62) Pause Young (Concurrent Start) (G1 Humongous Allocation)
[2022-05-19T10:03:38.665+0000][163][gc,task     ] GC(62) Using 10 workers of 10 for evacuation
[2022-05-19T10:03:38.665+0000][163][gc,age      ] GC(62) Desired survivor size 16777216 bytes, new threshold 2 (max threshold 15)
[2022-05-19T10:03:38.671+0000][163][gc,age      ] GC(62) Age table with threshold 2 (max threshold 15)
[2022-05-19T10:03:38.671+0000][163][gc,age      ] GC(62) - age   1:   13644520 bytes,   13644520 total
[2022-05-19T10:03:38.671+0000][163][gc,age      ] GC(62) - age   2:    6468232 bytes,   20112752 total
[2022-05-19T10:03:38.672+0000][163][gc,phases   ] GC(62)   Pre Evacuate Collection Set: 0.3ms
[2022-05-19T10:03:38.672+0000][163][gc,phases   ] GC(62)   Merge Heap Roots: 0.2ms
[2022-05-19T10:03:38.672+0000][163][gc,phases   ] GC(62)   Evacuate Collection Set: 3.8ms
[2022-05-19T10:03:38.672+0000][163][gc,phases   ] GC(62)   Post Evacuate Collection Set: 0.7ms
[2022-05-19T10:03:38.673+0000][163][gc,phases   ] GC(62)   Other: 1.9ms
[2022-05-19T10:03:38.673+0000][163][gc,heap     ] GC(62) Eden regions: 18->0(50)
[2022-05-19T10:03:38.673+0000][163][gc,heap     ] GC(62) Survivor regions: 7->5(8)
[2022-05-19T10:03:38.673+0000][163][gc,heap     ] GC(62) Old regions: 31->33
[2022-05-19T10:03:38.674+0000][163][gc,heap     ] GC(62) Archive regions: 2->2
[2022-05-19T10:03:38.674+0000][163][gc,heap     ] GC(62) Humongous regions: 7->7
[2022-05-19T10:03:38.674+0000][163][gc,metaspace] GC(62) Metaspace: 101202K(102656K)->101202K(102656K) NonClass: 87228K(88128K)->87228K(88128K) Class: 13974K(14528K)->13974K(14528K)
[2022-05-19T10:03:38.674+0000][163][gc          ] GC(62) Pause Young (Concurrent Start) (G1 Humongous Allocation) 246M->182M(512M) 9.509ms
[2022-05-19T10:03:38.674+0000][163][gc,cpu      ] GC(62) User=0.03s Sys=0.01s Real=0.01s
[2022-05-19T10:03:38.674+0000][163][gc          ] GC(63) Concurrent Mark Cycle
[2022-05-19T10:03:38.675+0000][163][gc,marking  ] GC(63) Concurrent Clear Claimed Marks
[2022-05-19T10:03:38.675+0000][163][safepoint   ] Safepoint "G1TryInitiateConcMark", Time since last: 8531784100 ns, Reaching safepoint: 229500 ns, At safepoint: 9932000 ns, Total: 10161500 ns
[2022-05-19T10:03:38.675+0000][163][gc,marking  ] GC(63) Concurrent Clear Claimed Marks 0.216ms
[2022-05-19T10:03:38.675+0000][163][gc,marking  ] GC(63) Concurrent Scan Root Regions
[2022-05-19T10:03:38.676+0000][163][gc,marking  ] GC(63) Concurrent Scan Root Regions 1.186ms
[2022-05-19T10:03:38.676+0000][163][gc,marking  ] GC(63) Concurrent Mark
[2022-05-19T10:03:38.677+0000][163][gc,marking  ] GC(63) Concurrent Mark From Roots
[2022-05-19T10:03:38.677+0000][163][gc,task     ] GC(63) Using 3 workers of 3 for marking
[2022-05-19T10:03:38.720+0000][163][gc,marking  ] GC(63) Concurrent Mark From Roots 43.022ms
[2022-05-19T10:03:38.720+0000][163][gc,marking  ] GC(63) Concurrent Preclean
[2022-05-19T10:03:38.721+0000][163][gc,marking  ] GC(63) Concurrent Preclean 0.565ms
[2022-05-19T10:03:38.721+0000][163][gc,start    ] GC(63) Pause Remark
[2022-05-19T10:03:38.724+0000][163][gc          ] GC(63) Pause Remark 191M->191M(512M) 3.064ms
[2022-05-19T10:03:38.724+0000][163][gc,cpu      ] GC(63) User=0.02s Sys=0.00s Real=0.00s
[2022-05-19T10:03:38.725+0000][163][safepoint   ] Safepoint "G1Concurrent", Time since last: 46259100 ns, Reaching safepoint: 259300 ns, At safepoint: 3662700 ns, Total: 3922000 ns
[2022-05-19T10:03:38.725+0000][163][gc,marking  ] GC(63) Concurrent Mark 48.581ms
[2022-05-19T10:03:38.725+0000][163][gc,marking  ] GC(63) Concurrent Rebuild Remembered Sets
[2022-05-19T10:03:38.745+0000][163][gc,marking  ] GC(63) Concurrent Rebuild Remembered Sets 19.614ms
[2022-05-19T10:03:38.745+0000][163][gc,start    ] GC(63) Pause Cleanup
[2022-05-19T10:03:38.746+0000][163][gc          ] GC(63) Pause Cleanup 195M->195M(512M) 0.442ms
[2022-05-19T10:03:38.746+0000][163][gc,cpu      ] GC(63) User=0.00s Sys=0.00s Real=0.00s
[2022-05-19T10:03:38.746+0000][163][safepoint   ] Safepoint "G1Concurrent", Time since last: 20493100 ns, Reaching safepoint: 265000 ns, At safepoint: 891200 ns, Total: 1156200 ns
[2022-05-19T10:03:38.747+0000][163][gc,marking  ] GC(63) Concurrent Cleanup for Next Mark
[2022-05-19T10:03:38.747+0000][163][gc,marking  ] GC(63) Concurrent Cleanup for Next Mark 0.350ms
[2022-05-19T10:03:38.747+0000][163][gc          ] GC(63) Concurrent Mark Cycle 72.617ms
[2022-05-19T10:03:39.747+0000][163][safepoint   ] Safepoint "Cleanup", Time since last: 1000283000 ns, Reaching safepoint: 305300 ns, At safepoint: 25700 ns, Total: 331000 ns
[2022-05-19T10:03:40.130+0000][163][gc,start    ] GC(64) Pause Young (Prepare Mixed) (G1 Evacuation Pause)
[2022-05-19T10:03:40.130+0000][163][gc,task     ] GC(64) Using 10 workers of 10 for evacuation
[2022-05-19T10:03:40.131+0000][163][gc,age      ] GC(64) Desired survivor size 14680064 bytes, new threshold 2 (max threshold 15)
[2022-05-19T10:03:40.136+0000][163][gc,age      ] GC(64) Age table with threshold 2 (max threshold 15)
[2022-05-19T10:03:40.136+0000][163][gc,age      ] GC(64) - age   1:   14997144 bytes,   14997144 total
[2022-05-19T10:03:40.136+0000][163][gc,age      ] GC(64) - age   2:    5683024 bytes,   20680168 total
[2022-05-19T10:03:40.136+0000][163][gc,phases   ] GC(64)   Pre Evacuate Collection Set: 0.2ms
[2022-05-19T10:03:40.136+0000][163][gc,phases   ] GC(64)   Merge Heap Roots: 0.2ms
[2022-05-19T10:03:40.136+0000][163][gc,phases   ] GC(64)   Evacuate Collection Set: 3.5ms
[2022-05-19T10:03:40.137+0000][163][gc,phases   ] GC(64)   Post Evacuate Collection Set: 0.8ms
[2022-05-19T10:03:40.137+0000][163][gc,phases   ] GC(64)   Other: 1.4ms
[2022-05-19T10:03:40.137+0000][163][gc,heap     ] GC(64) Eden regions: 50->0(1)
[2022-05-19T10:03:40.137+0000][163][gc,heap     ] GC(64) Survivor regions: 5->6(7)
[2022-05-19T10:03:40.137+0000][163][gc,heap     ] GC(64) Old regions: 33->35
[2022-05-19T10:03:40.138+0000][163][gc,heap     ] GC(64) Archive regions: 2->2
[2022-05-19T10:03:40.138+0000][163][gc,heap     ] GC(64) Humongous regions: 9->8
[2022-05-19T10:03:40.138+0000][163][gc,metaspace] GC(64) Metaspace: 101249K(102720K)->101249K(102720K) NonClass: 87275K(88192K)->87275K(88192K) Class: 13974K(14528K)->13974K(14528K)
[2022-05-19T10:03:40.138+0000][163][gc          ] GC(64) Pause Young (Prepare Mixed) (G1 Evacuation Pause) 390M->195M(512M) 7.882ms
[2022-05-19T10:03:40.138+0000][163][gc,cpu      ] GC(64) User=0.03s Sys=0.00s Real=0.00s
[2022-05-19T10:03:40.138+0000][163][safepoint   ] Safepoint "G1CollectForAllocation", Time since last: 382850000 ns, Reaching safepoint: 226000 ns, At safepoint: 8294600 ns, Total: 8520600 ns
[2022-05-19T10:03:40.172+0000][163][gc,start    ] GC(65) Pause Young (Mixed) (G1 Evacuation Pause)
[2022-05-19T10:03:40.173+0000][163][gc,task     ] GC(65) Using 10 workers of 10 for evacuation
[2022-05-19T10:03:40.173+0000][163][gc,age      ] GC(65) Desired survivor size 2097152 bytes, new threshold 1 (max threshold 15)
[2022-05-19T10:03:40.177+0000][163][gc,age      ] GC(65) Age table with threshold 1 (max threshold 15)
[2022-05-19T10:03:40.177+0000][163][gc,age      ] GC(65) - age   1:      65896 bytes,      65896 total
[2022-05-19T10:03:40.178+0000][163][gc,phases   ] GC(65)   Pre Evacuate Collection Set: 0.2ms
[2022-05-19T10:03:40.178+0000][163][gc,phases   ] GC(65)   Merge Heap Roots: 0.1ms
[2022-05-19T10:03:40.178+0000][163][gc,phases   ] GC(65)   Evacuate Collection Set: 2.9ms
[2022-05-19T10:03:40.178+0000][163][gc,phases   ] GC(65)   Post Evacuate Collection Set: 0.8ms
[2022-05-19T10:03:40.178+0000][163][gc,phases   ] GC(65)   Other: 1.1ms
[2022-05-19T10:03:40.179+0000][163][gc,heap     ] GC(65) Eden regions: 1->0(47)
[2022-05-19T10:03:40.179+0000][163][gc,heap     ] GC(65) Survivor regions: 6->1(1)
[2022-05-19T10:03:40.179+0000][163][gc,heap     ] GC(65) Old regions: 35->39
[2022-05-19T10:03:40.179+0000][163][gc,heap     ] GC(65) Archive regions: 2->2
[2022-05-19T10:03:40.179+0000][163][gc,heap     ] GC(65) Humongous regions: 8->8
[2022-05-19T10:03:40.179+0000][163][gc,metaspace] GC(65) Metaspace: 101249K(102720K)->101249K(102720K) NonClass: 87275K(88192K)->87275K(88192K) Class: 13974K(14528K)->13974K(14528K)
[2022-05-19T10:03:40.179+0000][163][gc          ] GC(65) Pause Young (Mixed) (G1 Evacuation Pause) 199M->191M(512M) 6.974ms
[2022-05-19T10:03:40.180+0000][163][gc,cpu      ] GC(65) User=0.03s Sys=0.01s Real=0.00s
[2022-05-19T10:03:40.180+0000][163][safepoint   ] Safepoint "G1CollectForAllocation", Time since last: 33868400 ns, Reaching safepoint: 196400 ns, At safepoint: 7335000 ns, Total: 7531400 ns
[2022-05-19T10:03:41.180+0000][163][safepoint   ] Safepoint "Cleanup", Time since last: 1000274600 ns, Reaching safepoint: 263700 ns, At safepoint: 15100 ns, Total: 278800 ns
[2022-05-19T10:03:43.181+0000][163][safepoint   ] Safepoint "Cleanup", Time since last: 2000562700 ns, Reaching safepoint: 365200 ns, At safepoint: 32000 ns, Total: 397200 ns
[2022-05-19T10:03:44.182+0000][163][safepoint   ] Safepoint "Cleanup", Time since last: 1000557600 ns, Reaching safepoint: 241800 ns, At safepoint: 7300 ns, Total: 249100 ns
[2022-05-19T10:04:11.187+0000][163][safepoint   ] Safepoint "Cleanup", Time since last: 27004116500 ns, Reaching safepoint: 334200 ns, At safepoint: 37300 ns, Total: 371500 ns
[2022-05-19T10:04:11.794+0000][163][gc,start    ] GC(66) Pause Young (Concurrent Start) (G1 Evacuation Pause)
[2022-05-19T10:04:11.794+0000][163][gc,task     ] GC(66) Using 10 workers of 10 for evacuation
[2022-05-19T10:04:11.794+0000][163][gc,age      ] GC(66) Desired survivor size 12582912 bytes, new threshold 15 (max threshold 15)
[2022-05-19T10:04:11.802+0000][163][gc,age      ] GC(66) Age table with threshold 15 (max threshold 15)
[2022-05-19T10:04:11.802+0000][163][gc,age      ] GC(66) - age   1:   22282336 bytes,   22282336 total
[2022-05-19T10:04:11.802+0000][163][gc,age      ] GC(66) - age   2:      65568 bytes,   22347904 total
[2022-05-19T10:04:11.803+0000][163][gc,phases   ] GC(66)   Pre Evacuate Collection Set: 0.3ms
[2022-05-19T10:04:11.803+0000][163][gc,phases   ] GC(66)   Merge Heap Roots: 0.2ms
[2022-05-19T10:04:11.803+0000][163][gc,phases   ] GC(66)   Evacuate Collection Set: 6.3ms
[2022-05-19T10:04:11.803+0000][163][gc,phases   ] GC(66)   Post Evacuate Collection Set: 0.6ms
[2022-05-19T10:04:11.803+0000][163][gc,phases   ] GC(66)   Other: 1.6ms
[2022-05-19T10:04:11.803+0000][163][gc,heap     ] GC(66) Eden regions: 47->0(32)
[2022-05-19T10:04:11.803+0000][163][gc,heap     ] GC(66) Survivor regions: 1->6(6)
[2022-05-19T10:04:11.804+0000][163][gc,heap     ] GC(66) Old regions: 39->48
[2022-05-19T10:04:11.804+0000][163][gc,heap     ] GC(66) Archive regions: 2->2
[2022-05-19T10:04:11.804+0000][163][gc,heap     ] GC(66) Humongous regions: 8->8
[2022-05-19T10:04:11.804+0000][163][gc,metaspace] GC(66) Metaspace: 101380K(102848K)->101380K(102848K) NonClass: 87405K(88320K)->87405K(88320K) Class: 13974K(14528K)->13974K(14528K)
[2022-05-19T10:04:11.804+0000][163][gc          ] GC(66) Pause Young (Concurrent Start) (G1 Evacuation Pause) 379M->249M(512M) 10.423ms
[2022-05-19T10:04:11.804+0000][163][gc,cpu      ] GC(66) User=0.07s Sys=0.00s Real=0.01s
[2022-05-19T10:04:11.804+0000][163][gc          ] GC(67) Concurrent Mark Cycle
[2022-05-19T10:04:11.804+0000][163][gc,marking  ] GC(67) Concurrent Clear Claimed Marks
[2022-05-19T10:04:11.804+0000][163][safepoint   ] Safepoint "G1CollectForAllocation", Time since last: 606702900 ns, Reaching safepoint: 185200 ns, At safepoint: 10732000 ns, Total: 10917200 ns
[2022-05-19T10:04:11.805+0000][163][gc,marking  ] GC(67) Concurrent Clear Claimed Marks 0.196ms
[2022-05-19T10:04:11.805+0000][163][gc,marking  ] GC(67) Concurrent Scan Root Regions
[2022-05-19T10:04:11.806+0000][163][gc,marking  ] GC(67) Concurrent Scan Root Regions 0.956ms
[2022-05-19T10:04:11.806+0000][163][gc,marking  ] GC(67) Concurrent Mark
[2022-05-19T10:04:11.806+0000][163][gc,marking  ] GC(67) Concurrent Mark From Roots
[2022-05-19T10:04:11.806+0000][163][gc,task     ] GC(67) Using 3 workers of 3 for marking
[2022-05-19T10:04:11.849+0000][163][gc,marking  ] GC(67) Concurrent Mark From Roots 43.091ms
[2022-05-19T10:04:11.849+0000][163][gc,marking  ] GC(67) Concurrent Preclean
[2022-05-19T10:04:11.850+0000][163][gc,marking  ] GC(67) Concurrent Preclean 0.504ms
[2022-05-19T10:04:11.850+0000][163][gc,start    ] GC(67) Pause Remark
[2022-05-19T10:04:11.853+0000][163][gc          ] GC(67) Pause Remark 253M->253M(512M) 2.886ms
[2022-05-19T10:04:11.853+0000][163][gc,cpu      ] GC(67) User=0.02s Sys=0.00s Real=0.00s
[2022-05-19T10:04:11.853+0000][163][safepoint   ] Safepoint "G1Concurrent", Time since last: 45706200 ns, Reaching safepoint: 199600 ns, At safepoint: 3244300 ns, Total: 3443900 ns
[2022-05-19T10:04:11.854+0000][163][gc,marking  ] GC(67) Concurrent Mark 47.697ms
[2022-05-19T10:04:11.854+0000][163][gc,marking  ] GC(67) Concurrent Rebuild Remembered Sets
[2022-05-19T10:04:11.876+0000][163][gc,marking  ] GC(67) Concurrent Rebuild Remembered Sets 22.502ms
[2022-05-19T10:04:11.877+0000][163][gc,start    ] GC(67) Pause Cleanup
[2022-05-19T10:04:11.877+0000][163][gc          ] GC(67) Pause Cleanup 256M->256M(512M) 0.330ms
[2022-05-19T10:04:11.877+0000][163][gc,cpu      ] GC(67) User=0.00s Sys=0.00s Real=0.00s
[2022-05-19T10:04:11.877+0000][163][safepoint   ] Safepoint "G1Concurrent", Time since last: 23037500 ns, Reaching safepoint: 259000 ns, At safepoint: 698500 ns, Total: 957500 ns
[2022-05-19T10:04:11.878+0000][163][gc,marking  ] GC(67) Concurrent Cleanup for Next Mark
[2022-05-19T10:04:11.878+0000][163][gc,marking  ] GC(67) Concurrent Cleanup for Next Mark 0.324ms
[2022-05-19T10:04:11.878+0000][163][gc          ] GC(67) Concurrent Mark Cycle 73.786ms
[2022-05-19T10:04:13.018+0000][163][gc,start    ] GC(68) Pause Young (Prepare Mixed) (G1 Evacuation Pause)
[2022-05-19T10:04:13.018+0000][163][gc,task     ] GC(68) Using 10 workers of 10 for evacuation
[2022-05-19T10:04:13.018+0000][163][gc,age      ] GC(68) Desired survivor size 10485760 bytes, new threshold 1 (max threshold 15)
[2022-05-19T10:04:13.023+0000][163][gc,age      ] GC(68) Age table with threshold 1 (max threshold 15)
[2022-05-19T10:04:13.024+0000][163][gc,age      ] GC(68) - age   1:   14927920 bytes,   14927920 total
[2022-05-19T10:04:13.024+0000][163][gc,phases   ] GC(68)   Pre Evacuate Collection Set: 0.2ms
[2022-05-19T10:04:13.024+0000][163][gc,phases   ] GC(68)   Merge Heap Roots: 0.1ms
[2022-05-19T10:04:13.024+0000][163][gc,phases   ] GC(68)   Evacuate Collection Set: 4.0ms
[2022-05-19T10:04:13.025+0000][163][gc,phases   ] GC(68)   Post Evacuate Collection Set: 0.7ms
[2022-05-19T10:04:13.025+0000][163][gc,phases   ] GC(68)   Other: 1.1ms
[2022-05-19T10:04:13.025+0000][163][gc,heap     ] GC(68) Eden regions: 32->0(1)
[2022-05-19T10:04:13.025+0000][163][gc,heap     ] GC(68) Survivor regions: 6->5(5)
[2022-05-19T10:04:13.025+0000][163][gc,heap     ] GC(68) Old regions: 48->52
[2022-05-19T10:04:13.026+0000][163][gc,heap     ] GC(68) Archive regions: 2->2
[2022-05-19T10:04:13.026+0000][163][gc,heap     ] GC(68) Humongous regions: 8->8
[2022-05-19T10:04:13.026+0000][163][gc,metaspace] GC(68) Metaspace: 101422K(102848K)->101422K(102848K) NonClass: 87448K(88320K)->87448K(88320K) Class: 13974K(14528K)->13974K(14528K)
[2022-05-19T10:04:13.026+0000][163][gc          ] GC(68) Pause Young (Prepare Mixed) (G1 Evacuation Pause) 377M->259M(512M) 8.070ms
[2022-05-19T10:04:13.026+0000][163][gc,cpu      ] GC(68) User=0.06s Sys=0.01s Real=0.01s
[2022-05-19T10:04:13.026+0000][163][safepoint   ] Safepoint "G1CollectForAllocation", Time since last: 1140220700 ns, Reaching safepoint: 183600 ns, At safepoint: 8416200 ns, Total: 8599800 ns
[2022-05-19T10:04:13.042+0000][163][gc,start    ] GC(69) Pause Young (Mixed) (G1 Evacuation Pause)
[2022-05-19T10:04:13.042+0000][163][gc,task     ] GC(69) Using 10 workers of 10 for evacuation
[2022-05-19T10:04:13.042+0000][163][gc,age      ] GC(69) Desired survivor size 2097152 bytes, new threshold 1 (max threshold 15)
[2022-05-19T10:04:13.045+0000][163][gc,age      ] GC(69) Age table with threshold 1 (max threshold 15)
[2022-05-19T10:04:13.045+0000][163][gc,age      ] GC(69) - age   1:      21040 bytes,      21040 total
[2022-05-19T10:04:13.046+0000][163][gc,phases   ] GC(69)   Pre Evacuate Collection Set: 0.2ms
[2022-05-19T10:04:13.046+0000][163][gc,phases   ] GC(69)   Merge Heap Roots: 0.1ms
[2022-05-19T10:04:13.046+0000][163][gc,phases   ] GC(69)   Evacuate Collection Set: 2.2ms
[2022-05-19T10:04:13.046+0000][163][gc,phases   ] GC(69)   Post Evacuate Collection Set: 0.6ms
[2022-05-19T10:04:13.046+0000][163][gc,phases   ] GC(69)   Other: 1.0ms
[2022-05-19T10:04:13.047+0000][163][gc,heap     ] GC(69) Eden regions: 1->0(31)
[2022-05-19T10:04:13.047+0000][163][gc,heap     ] GC(69) Survivor regions: 5->1(1)
[2022-05-19T10:04:13.047+0000][163][gc,heap     ] GC(69) Old regions: 52->54
[2022-05-19T10:04:13.047+0000][163][gc,heap     ] GC(69) Archive regions: 2->2
[2022-05-19T10:04:13.047+0000][163][gc,heap     ] GC(69) Humongous regions: 8->8
[2022-05-19T10:04:13.047+0000][163][gc,metaspace] GC(69) Metaspace: 101422K(102848K)->101422K(102848K) NonClass: 87448K(88320K)->87448K(88320K) Class: 13974K(14528K)->13974K(14528K)
[2022-05-19T10:04:13.048+0000][163][gc          ] GC(69) Pause Young (Mixed) (G1 Evacuation Pause) 263M->251M(512M) 5.958ms
[2022-05-19T10:04:13.048+0000][163][gc,cpu      ] GC(69) User=0.02s Sys=0.00s Real=0.00s
[2022-05-19T10:04:13.048+0000][163][safepoint   ] Safepoint "G1CollectForAllocation", Time since last: 15093300 ns, Reaching safepoint: 185000 ns, At safepoint: 6295700 ns, Total: 6480700 ns
[2022-05-19T10:04:13.477+0000][163][gc,start    ] GC(70) Pause Young (Concurrent Start) (G1 Evacuation Pause)
[2022-05-19T10:04:13.477+0000][163][gc,task     ] GC(70) Using 10 workers of 10 for evacuation
[2022-05-19T10:04:13.477+0000][163][gc,age      ] GC(70) Desired survivor size 8388608 bytes, new threshold 15 (max threshold 15)
[2022-05-19T10:04:13.480+0000][163][gc,age      ] GC(70) Age table with threshold 15 (max threshold 15)
[2022-05-19T10:04:13.480+0000][163][gc,age      ] GC(70) - age   1:     141768 bytes,     141768 total
[2022-05-19T10:04:13.480+0000][163][gc,age      ] GC(70) - age   2:       2408 bytes,     144176 total
[2022-05-19T10:04:13.480+0000][163][gc,phases   ] GC(70)   Pre Evacuate Collection Set: 0.3ms
[2022-05-19T10:04:13.481+0000][163][gc,phases   ] GC(70)   Merge Heap Roots: 0.2ms
[2022-05-19T10:04:13.481+0000][163][gc,phases   ] GC(70)   Evacuate Collection Set: 1.2ms
[2022-05-19T10:04:13.481+0000][163][gc,phases   ] GC(70)   Post Evacuate Collection Set: 0.6ms
[2022-05-19T10:04:13.481+0000][163][gc,phases   ] GC(70)   Other: 1.3ms
[2022-05-19T10:04:13.481+0000][163][gc,heap     ] GC(70) Eden regions: 31->0(33)
[2022-05-19T10:04:13.481+0000][163][gc,heap     ] GC(70) Survivor regions: 1->1(4)
[2022-05-19T10:04:13.482+0000][163][gc,heap     ] GC(70) Old regions: 54->54
[2022-05-19T10:04:13.482+0000][163][gc,heap     ] GC(70) Archive regions: 2->2
[2022-05-19T10:04:13.482+0000][163][gc,heap     ] GC(70) Humongous regions: 8->8
[2022-05-19T10:04:13.482+0000][163][gc,metaspace] GC(70) Metaspace: 101427K(102912K)->101427K(102912K) NonClass: 87453K(88384K)->87453K(88384K) Class: 13974K(14528K)->13974K(14528K)
[2022-05-19T10:04:13.482+0000][163][gc          ] GC(70) Pause Young (Concurrent Start) (G1 Evacuation Pause) 375M->251M(512M) 5.141ms
[2022-05-19T10:04:13.482+0000][163][gc,cpu      ] GC(70) User=0.03s Sys=0.00s Real=0.01s
[2022-05-19T10:04:13.482+0000][163][gc          ] GC(71) Concurrent Mark Cycle
[2022-05-19T10:04:13.482+0000][163][safepoint   ] Safepoint "G1CollectForAllocation", Time since last: 428804900 ns, Reaching safepoint: 209200 ns, At safepoint: 5499200 ns, Total: 5708400 ns
[2022-05-19T10:04:13.482+0000][163][gc,marking  ] GC(71) Concurrent Clear Claimed Marks
[2022-05-19T10:04:13.483+0000][163][gc,marking  ] GC(71) Concurrent Clear Claimed Marks 0.354ms
[2022-05-19T10:04:13.483+0000][163][gc,marking  ] GC(71) Concurrent Scan Root Regions
[2022-05-19T10:04:13.484+0000][163][gc,marking  ] GC(71) Concurrent Scan Root Regions 0.993ms
[2022-05-19T10:04:13.484+0000][163][gc,marking  ] GC(71) Concurrent Mark
[2022-05-19T10:04:13.484+0000][163][gc,marking  ] GC(71) Concurrent Mark From Roots
[2022-05-19T10:04:13.484+0000][163][gc,task     ] GC(71) Using 3 workers of 3 for marking
[2022-05-19T10:04:13.534+0000][163][gc,marking  ] GC(71) Concurrent Mark From Roots 49.807ms
[2022-05-19T10:04:13.534+0000][163][gc,marking  ] GC(71) Concurrent Preclean
[2022-05-19T10:04:13.535+0000][163][gc,marking  ] GC(71) Concurrent Preclean 0.482ms
[2022-05-19T10:04:13.535+0000][163][gc,start    ] GC(71) Pause Remark
[2022-05-19T10:04:13.538+0000][163][gc          ] GC(71) Pause Remark 267M->267M(512M) 2.934ms
[2022-05-19T10:04:13.538+0000][163][gc,cpu      ] GC(71) User=0.02s Sys=0.00s Real=0.00s
[2022-05-19T10:04:13.539+0000][163][safepoint   ] Safepoint "G1Concurrent", Time since last: 52554400 ns, Reaching safepoint: 295400 ns, At safepoint: 3423900 ns, Total: 3719300 ns
[2022-05-19T10:04:13.539+0000][163][gc,marking  ] GC(71) Concurrent Mark 54.715ms
[2022-05-19T10:04:13.539+0000][163][gc,marking  ] GC(71) Concurrent Rebuild Remembered Sets
[2022-05-19T10:04:13.563+0000][163][gc,marking  ] GC(71) Concurrent Rebuild Remembered Sets 23.687ms
[2022-05-19T10:04:13.563+0000][163][gc,start    ] GC(71) Pause Cleanup
[2022-05-19T10:04:13.563+0000][163][gc          ] GC(71) Pause Cleanup 273M->273M(512M) 0.314ms
[2022-05-19T10:04:13.564+0000][163][gc,cpu      ] GC(71) User=0.00s Sys=0.00s Real=0.00s
[2022-05-19T10:04:13.564+0000][163][safepoint   ] Safepoint "G1Concurrent", Time since last: 24280300 ns, Reaching safepoint: 259700 ns, At safepoint: 604900 ns, Total: 864600 ns
[2022-05-19T10:04:13.564+0000][163][gc,marking  ] GC(71) Concurrent Cleanup for Next Mark
[2022-05-19T10:04:13.564+0000][163][gc,marking  ] GC(71) Concurrent Cleanup for Next Mark 0.335ms
[2022-05-19T10:04:13.564+0000][163][gc          ] GC(71) Concurrent Mark Cycle 82.071ms
[2022-05-19T10:04:14.121+0000][163][gc,start    ] GC(72) Pause Young (Prepare Mixed) (G1 Evacuation Pause)
[2022-05-19T10:04:14.121+0000][163][gc,task     ] GC(72) Using 10 workers of 10 for evacuation
[2022-05-19T10:04:14.122+0000][163][gc,age      ] GC(72) Desired survivor size 10485760 bytes, new threshold 15 (max threshold 15)
[2022-05-19T10:04:14.123+0000][163][gc,age      ] GC(72) Age table with threshold 15 (max threshold 15)
[2022-05-19T10:04:14.123+0000][163][gc,age      ] GC(72) - age   1:      64656 bytes,      64656 total
[2022-05-19T10:04:14.124+0000][163][gc,age      ] GC(72) - age   2:      38312 bytes,     102968 total
[2022-05-19T10:04:14.124+0000][163][gc,phases   ] GC(72)   Pre Evacuate Collection Set: 0.2ms
[2022-05-19T10:04:14.124+0000][163][gc,phases   ] GC(72)   Merge Heap Roots: 0.1ms
[2022-05-19T10:04:14.124+0000][163][gc,phases   ] GC(72)   Evacuate Collection Set: 0.5ms
[2022-05-19T10:04:14.124+0000][163][gc,phases   ] GC(72)   Post Evacuate Collection Set: 0.5ms
[2022-05-19T10:04:14.124+0000][163][gc,phases   ] GC(72)   Other: 1.2ms
[2022-05-19T10:04:14.125+0000][163][gc,heap     ] GC(72) Eden regions: 33->0(5)
[2022-05-19T10:04:14.125+0000][163][gc,heap     ] GC(72) Survivor regions: 1->1(5)
[2022-05-19T10:04:14.125+0000][163][gc,heap     ] GC(72) Old regions: 54->54
[2022-05-19T10:04:14.125+0000][163][gc,heap     ] GC(72) Archive regions: 2->2
[2022-05-19T10:04:14.125+0000][163][gc,heap     ] GC(72) Humongous regions: 8->8
[2022-05-19T10:04:14.125+0000][163][gc,metaspace] GC(72) Metaspace: 101433K(102912K)->101433K(102912K) NonClass: 87459K(88384K)->87459K(88384K) Class: 13974K(14528K)->13974K(14528K)
[2022-05-19T10:04:14.125+0000][163][gc          ] GC(72) Pause Young (Prepare Mixed) (G1 Evacuation Pause) 383M->251M(512M) 4.012ms
[2022-05-19T10:04:14.125+0000][163][gc,cpu      ] GC(72) User=0.00s Sys=0.00s Real=0.00s
[2022-05-19T10:04:14.126+0000][163][safepoint   ] Safepoint "G1CollectForAllocation", Time since last: 557262100 ns, Reaching safepoint: 194200 ns, At safepoint: 4299600 ns, Total: 4493800 ns
[2022-05-19T10:04:14.186+0000][163][gc,start    ] GC(73) Pause Young (Mixed) (G1 Evacuation Pause)
[2022-05-19T10:04:14.186+0000][163][gc,task     ] GC(73) Using 10 workers of 10 for evacuation
[2022-05-19T10:04:14.186+0000][163][gc,age      ] GC(73) Desired survivor size 2097152 bytes, new threshold 15 (max threshold 15)
[2022-05-19T10:04:14.189+0000][163][gc,age      ] GC(73) Age table with threshold 15 (max threshold 15)
[2022-05-19T10:04:14.189+0000][163][gc,age      ] GC(73) - age   1:      23536 bytes,      23536 total
[2022-05-19T10:04:14.189+0000][163][gc,age      ] GC(73) - age   2:      57800 bytes,      81336 total
[2022-05-19T10:04:14.189+0000][163][gc,age      ] GC(73) - age   3:      38312 bytes,     119648 total
[2022-05-19T10:04:14.189+0000][163][gc,phases   ] GC(73)   Pre Evacuate Collection Set: 0.2ms
[2022-05-19T10:04:14.190+0000][163][gc,phases   ] GC(73)   Merge Heap Roots: 0.2ms
[2022-05-19T10:04:14.190+0000][163][gc,phases   ] GC(73)   Evacuate Collection Set: 1.1ms
[2022-05-19T10:04:14.190+0000][163][gc,phases   ] GC(73)   Post Evacuate Collection Set: 0.6ms
[2022-05-19T10:04:14.190+0000][163][gc,phases   ] GC(73)   Other: 1.5ms
[2022-05-19T10:04:14.190+0000][163][gc,heap     ] GC(73) Eden regions: 5->0(37)
[2022-05-19T10:04:14.190+0000][163][gc,heap     ] GC(73) Survivor regions: 1->1(1)
[2022-05-19T10:04:14.190+0000][163][gc,heap     ] GC(73) Old regions: 54->51
[2022-05-19T10:04:14.191+0000][163][gc,heap     ] GC(73) Archive regions: 2->2
[2022-05-19T10:04:14.191+0000][163][gc,heap     ] GC(73) Humongous regions: 8->8
[2022-05-19T10:04:14.191+0000][163][gc,metaspace] GC(73) Metaspace: 101433K(102912K)->101433K(102912K) NonClass: 87459K(88384K)->87459K(88384K) Class: 13974K(14528K)->13974K(14528K)
[2022-05-19T10:04:14.191+0000][163][gc          ] GC(73) Pause Young (Mixed) (G1 Evacuation Pause) 271M->239M(512M) 5.072ms
[2022-05-19T10:04:14.191+0000][163][gc,cpu      ] GC(73) User=0.01s Sys=0.00s Real=0.01s
[2022-05-19T10:04:14.191+0000][163][safepoint   ] Safepoint "G1CollectForAllocation", Time since last: 60040900 ns, Reaching safepoint: 247900 ns, At safepoint: 5371800 ns, Total: 5619700 ns
[2022-05-19T10:04:14.668+0000][163][gc,start    ] GC(74) Pause Young (Concurrent Start) (G1 Evacuation Pause)
[2022-05-19T10:04:14.668+0000][163][gc,task     ] GC(74) Using 10 workers of 10 for evacuation
[2022-05-19T10:04:14.668+0000][163][gc,age      ] GC(74) Desired survivor size 10485760 bytes, new threshold 15 (max threshold 15)
[2022-05-19T10:04:14.670+0000][163][gc,age      ] GC(74) Age table with threshold 15 (max threshold 15)
[2022-05-19T10:04:14.670+0000][163][gc,age      ] GC(74) - age   1:     114096 bytes,     114096 total
[2022-05-19T10:04:14.671+0000][163][gc,age      ] GC(74) - age   2:       6152 bytes,     120248 total
[2022-05-19T10:04:14.671+0000][163][gc,age      ] GC(74) - age   3:      51088 bytes,     171336 total
[2022-05-19T10:04:14.671+0000][163][gc,age      ] GC(74) - age   4:      38184 bytes,     209520 total
[2022-05-19T10:04:14.671+0000][163][gc,phases   ] GC(74)   Pre Evacuate Collection Set: 0.3ms
[2022-05-19T10:04:14.671+0000][163][gc,phases   ] GC(74)   Merge Heap Roots: 0.2ms
[2022-05-19T10:04:14.671+0000][163][gc,phases   ] GC(74)   Evacuate Collection Set: 1.3ms
[2022-05-19T10:04:14.671+0000][163][gc,phases   ] GC(74)   Post Evacuate Collection Set: 0.6ms
[2022-05-19T10:04:14.672+0000][163][gc,phases   ] GC(74)   Other: 1.3ms
[2022-05-19T10:04:14.672+0000][163][gc,heap     ] GC(74) Eden regions: 37->0(38)
[2022-05-19T10:04:14.672+0000][163][gc,heap     ] GC(74) Survivor regions: 1->1(5)
[2022-05-19T10:04:14.672+0000][163][gc,heap     ] GC(74) Old regions: 51->51
[2022-05-19T10:04:14.672+0000][163][gc,heap     ] GC(74) Archive regions: 2->2
[2022-05-19T10:04:14.672+0000][163][gc,heap     ] GC(74) Humongous regions: 8->8
[2022-05-19T10:04:14.672+0000][163][gc,metaspace] GC(74) Metaspace: 101434K(102912K)->101434K(102912K) NonClass: 87459K(88384K)->87459K(88384K) Class: 13974K(14528K)->13974K(14528K)
[2022-05-19T10:04:14.672+0000][163][gc          ] GC(74) Pause Young (Concurrent Start) (G1 Evacuation Pause) 387M->239M(512M) 4.794ms
[2022-05-19T10:04:14.672+0000][163][gc,cpu      ] GC(74) User=0.00s Sys=0.00s Real=0.01s
[2022-05-19T10:04:14.673+0000][163][gc          ] GC(75) Concurrent Mark Cycle
[2022-05-19T10:04:14.673+0000][163][gc,marking  ] GC(75) Concurrent Clear Claimed Marks
[2022-05-19T10:04:14.673+0000][163][safepoint   ] Safepoint "G1CollectForAllocation", Time since last: 476096100 ns, Reaching safepoint: 216100 ns, At safepoint: 5126100 ns, Total: 5342200 ns
[2022-05-19T10:04:14.673+0000][163][gc,marking  ] GC(75) Concurrent Clear Claimed Marks 0.223ms
[2022-05-19T10:04:14.673+0000][163][gc,marking  ] GC(75) Concurrent Scan Root Regions
[2022-05-19T10:04:14.674+0000][163][gc,marking  ] GC(75) Concurrent Scan Root Regions 0.986ms
[2022-05-19T10:04:14.674+0000][163][gc,marking  ] GC(75) Concurrent Mark
[2022-05-19T10:04:14.675+0000][163][gc,marking  ] GC(75) Concurrent Mark From Roots
[2022-05-19T10:04:14.675+0000][163][gc,task     ] GC(75) Using 3 workers of 3 for marking
[2022-05-19T10:04:14.724+0000][163][gc,marking  ] GC(75) Concurrent Mark From Roots 49.383ms
[2022-05-19T10:04:14.724+0000][163][gc,marking  ] GC(75) Concurrent Preclean
[2022-05-19T10:04:14.725+0000][163][gc,marking  ] GC(75) Concurrent Preclean 0.597ms
[2022-05-19T10:04:14.725+0000][163][gc,start    ] GC(75) Pause Remark
[2022-05-19T10:04:14.728+0000][163][gc          ] GC(75) Pause Remark 251M->251M(512M) 3.264ms
[2022-05-19T10:04:14.729+0000][163][gc,cpu      ] GC(75) User=0.02s Sys=0.00s Real=0.00s
[2022-05-19T10:04:14.729+0000][163][safepoint   ] Safepoint "G1Concurrent", Time since last: 52329600 ns, Reaching safepoint: 203300 ns, At safepoint: 3877100 ns, Total: 4080400 ns
[2022-05-19T10:04:14.729+0000][163][gc,marking  ] GC(75) Concurrent Mark 54.868ms
[2022-05-19T10:04:14.729+0000][163][gc,marking  ] GC(75) Concurrent Rebuild Remembered Sets
[2022-05-19T10:04:14.759+0000][163][gc,marking  ] GC(75) Concurrent Rebuild Remembered Sets 29.784ms
[2022-05-19T10:04:14.760+0000][163][gc,start    ] GC(75) Pause Cleanup
[2022-05-19T10:04:14.760+0000][163][gc          ] GC(75) Pause Cleanup 251M->251M(512M) 0.349ms
[2022-05-19T10:04:14.760+0000][163][gc,cpu      ] GC(75) User=0.00s Sys=0.01s Real=0.01s
[2022-05-19T10:04:14.760+0000][163][safepoint   ] Safepoint "G1Concurrent", Time since last: 30537900 ns, Reaching safepoint: 196400 ns, At safepoint: 731800 ns, Total: 928200 ns
[2022-05-19T10:04:14.761+0000][163][gc,marking  ] GC(75) Concurrent Cleanup for Next Mark
[2022-05-19T10:04:14.761+0000][163][gc,marking  ] GC(75) Concurrent Cleanup for Next Mark 0.553ms
[2022-05-19T10:04:14.762+0000][163][gc          ] GC(75) Concurrent Mark Cycle 88.971ms
[2022-05-19T10:04:15.761+0000][163][safepoint   ] Safepoint "Cleanup", Time since last: 1000333500 ns, Reaching safepoint: 264600 ns, At safepoint: 25100 ns, Total: 289700 ns
[2022-05-19T10:04:16.177+0000][163][gc,start    ] GC(76) Pause Young (Prepare Mixed) (G1 Preventive Collection)
[2022-05-19T10:04:16.178+0000][163][gc,task     ] GC(76) Using 10 workers of 10 for evacuation
[2022-05-19T10:04:16.178+0000][163][gc,age      ] GC(76) Desired survivor size 10485760 bytes, new threshold 15 (max threshold 15)
[2022-05-19T10:04:16.185+0000][163][gc,age      ] GC(76) Age table with threshold 15 (max threshold 15)
[2022-05-19T10:04:16.185+0000][163][gc,age      ] GC(76) - age   1:   20491472 bytes,   20491472 total
[2022-05-19T10:04:16.185+0000][163][gc,age      ] GC(76) - age   2:      11648 bytes,   20503120 total
[2022-05-19T10:04:16.185+0000][163][gc,age      ] GC(76) - age   4:      12208 bytes,   20515328 total
[2022-05-19T10:04:16.186+0000][163][gc,age      ] GC(76) - age   5:       4144 bytes,   20519472 total
[2022-05-19T10:04:16.186+0000][163][gc          ] GC(76) To-space exhausted
[2022-05-19T10:04:16.186+0000][163][gc,phases   ] GC(76)   Pre Evacuate Collection Set: 0.2ms
[2022-05-19T10:04:16.186+0000][163][gc,phases   ] GC(76)   Merge Heap Roots: 0.1ms
[2022-05-19T10:04:16.187+0000][163][gc,phases   ] GC(76)   Evacuate Collection Set: 4.8ms
[2022-05-19T10:04:16.187+0000][163][gc,phases   ] GC(76)   Post Evacuate Collection Set: 1.1ms
[2022-05-19T10:04:16.187+0000][163][gc,phases   ] GC(76)   Other: 2.7ms
[2022-05-19T10:04:16.187+0000][163][gc,heap     ] GC(76) Eden regions: 37->0(1)
[2022-05-19T10:04:16.188+0000][163][gc,heap     ] GC(76) Survivor regions: 1->5(5)
[2022-05-19T10:04:16.188+0000][163][gc,heap     ] GC(76) Old regions: 51->73
[2022-05-19T10:04:16.188+0000][163][gc,heap     ] GC(76) Archive regions: 2->2
[2022-05-19T10:04:16.188+0000][163][gc,heap     ] GC(76) Humongous regions: 27->17
[2022-05-19T10:04:16.188+0000][163][gc,metaspace] GC(76) Metaspace: 101438K(102912K)->101438K(102912K) NonClass: 87464K(88384K)->87464K(88384K) Class: 13974K(14528K)->13974K(14528K)
[2022-05-19T10:04:16.189+0000][163][gc          ] GC(76) Pause Young (Prepare Mixed) (G1 Preventive Collection) 460M->381M(512M) 11.184ms
[2022-05-19T10:04:16.189+0000][163][gc,cpu      ] GC(76) User=0.06s Sys=0.00s Real=0.01s
[2022-05-19T10:04:16.189+0000][163][safepoint   ] Safepoint "G1CollectForAllocation", Time since last: 416019800 ns, Reaching safepoint: 190200 ns, At safepoint: 11595200 ns, Total: 11785400 ns
[2022-05-19T10:04:16.231+0000][163][gc,start    ] GC(77) Pause Young (Mixed) (G1 Humongous Allocation)
[2022-05-19T10:04:16.232+0000][163][gc,task     ] GC(77) Using 10 workers of 10 for evacuation
[2022-05-19T10:04:16.232+0000][163][gc,age      ] GC(77) Desired survivor size 2097152 bytes, new threshold 1 (max threshold 15)
[2022-05-19T10:04:16.236+0000][163][gc,age      ] GC(77) Age table with threshold 1 (max threshold 15)
[2022-05-19T10:04:16.236+0000][163][gc          ] GC(77) To-space exhausted
[2022-05-19T10:04:16.236+0000][163][gc,phases   ] GC(77)   Pre Evacuate Collection Set: 0.2ms
[2022-05-19T10:04:16.236+0000][163][gc,phases   ] GC(77)   Merge Heap Roots: 0.2ms
[2022-05-19T10:04:16.237+0000][163][gc,phases   ] GC(77)   Evacuate Collection Set: 2.4ms
[2022-05-19T10:04:16.237+0000][163][gc,phases   ] GC(77)   Post Evacuate Collection Set: 0.7ms
[2022-05-19T10:04:16.237+0000][163][gc,phases   ] GC(77)   Other: 1.6ms
[2022-05-19T10:04:16.237+0000][163][gc,heap     ] GC(77) Eden regions: 0->0(6)
[2022-05-19T10:04:16.238+0000][163][gc,heap     ] GC(77) Survivor regions: 5->0(1)
[2022-05-19T10:04:16.238+0000][163][gc,heap     ] GC(77) Old regions: 73->79
[2022-05-19T10:04:16.238+0000][163][gc,heap     ] GC(77) Archive regions: 2->2
[2022-05-19T10:04:16.238+0000][163][gc,heap     ] GC(77) Humongous regions: 43->34
[2022-05-19T10:04:16.238+0000][163][gc,metaspace] GC(77) Metaspace: 101438K(102912K)->101438K(102912K) NonClass: 87464K(88384K)->87464K(88384K) Class: 13974K(14528K)->13974K(14528K)
[2022-05-19T10:04:16.238+0000][163][gc          ] GC(77) Pause Young (Mixed) (G1 Humongous Allocation) 485M->453M(512M) 7.153ms
[2022-05-19T10:04:16.239+0000][163][gc,cpu      ] GC(77) User=0.03s Sys=0.00s Real=0.00s
[2022-05-19T10:04:16.239+0000][163][safepoint   ] Safepoint "G1CollectForAllocation", Time since last: 41985000 ns, Reaching safepoint: 287000 ns, At safepoint: 7503300 ns, Total: 7790300 ns
[2022-05-19T10:04:16.240+0000][163][gc,start    ] GC(78) Pause Young (Concurrent Start) (G1 Humongous Allocation)
[2022-05-19T10:04:16.241+0000][163][gc,task     ] GC(78) Using 10 workers of 10 for evacuation
[2022-05-19T10:04:16.241+0000][163][gc,age      ] GC(78) Desired survivor size 2097152 bytes, new threshold 15 (max threshold 15)
[2022-05-19T10:04:16.243+0000][163][gc,age      ] GC(78) Age table with threshold 15 (max threshold 15)
[2022-05-19T10:04:16.243+0000][163][gc,age      ] GC(78) - age   1:         24 bytes,         24 total
[2022-05-19T10:04:16.243+0000][163][gc,phases   ] GC(78)   Pre Evacuate Collection Set: 0.2ms
[2022-05-19T10:04:16.243+0000][163][gc,phases   ] GC(78)   Merge Heap Roots: 0.2ms
[2022-05-19T10:04:16.244+0000][163][gc,phases   ] GC(78)   Evacuate Collection Set: 0.9ms
[2022-05-19T10:04:16.244+0000][163][gc,phases   ] GC(78)   Post Evacuate Collection Set: 0.6ms
[2022-05-19T10:04:16.244+0000][163][gc,phases   ] GC(78)   Other: 1.0ms
[2022-05-19T10:04:16.244+0000][163][gc,heap     ] GC(78) Eden regions: 1->0(5)
[2022-05-19T10:04:16.244+0000][163][gc,heap     ] GC(78) Survivor regions: 0->1(1)
[2022-05-19T10:04:16.244+0000][163][gc,heap     ] GC(78) Old regions: 79->79
[2022-05-19T10:04:16.245+0000][163][gc,heap     ] GC(78) Archive regions: 2->2
[2022-05-19T10:04:16.245+0000][163][gc,heap     ] GC(78) Humongous regions: 43->34
[2022-05-19T10:04:16.245+0000][163][gc,metaspace] GC(78) Metaspace: 101438K(102912K)->101438K(102912K) NonClass: 87464K(88384K)->87464K(88384K) Class: 13974K(14528K)->13974K(14528K)
[2022-05-19T10:04:16.245+0000][163][gc          ] GC(78) Pause Young (Concurrent Start) (G1 Humongous Allocation) 489M->453M(512M) 4.506ms
[2022-05-19T10:04:16.245+0000][163][gc,cpu      ] GC(78) User=0.00s Sys=0.00s Real=0.00s
[2022-05-19T10:04:16.245+0000][163][safepoint   ] Safepoint "G1TryInitiateConcMark", Time since last: 1435400 ns, Reaching safepoint: 212100 ns, At safepoint: 4811700 ns, Total: 5023800 ns
[2022-05-19T10:04:16.245+0000][163][gc          ] GC(79) Concurrent Mark Cycle
[2022-05-19T10:04:16.245+0000][163][gc,marking  ] GC(79) Concurrent Clear Claimed Marks
[2022-05-19T10:04:16.246+0000][163][gc,marking  ] GC(79) Concurrent Clear Claimed Marks 0.165ms
[2022-05-19T10:04:16.246+0000][163][gc,marking  ] GC(79) Concurrent Scan Root Regions
[2022-05-19T10:04:16.246+0000][163][gc,marking  ] GC(79) Concurrent Scan Root Regions 0.229ms
[2022-05-19T10:04:16.246+0000][163][gc,marking  ] GC(79) Concurrent Mark
[2022-05-19T10:04:16.246+0000][163][gc,marking  ] GC(79) Concurrent Mark From Roots
[2022-05-19T10:04:16.246+0000][163][gc,task     ] GC(79) Using 3 workers of 3 for marking
[2022-05-19T10:04:16.246+0000][163][gc,start    ] GC(80) Pause Young (Normal) (G1 Humongous Allocation)
[2022-05-19T10:04:16.247+0000][163][gc,task     ] GC(80) Using 10 workers of 10 for evacuation
[2022-05-19T10:04:16.247+0000][163][gc,age      ] GC(80) Desired survivor size 2097152 bytes, new threshold 15 (max threshold 15)
[2022-05-19T10:04:16.248+0000][163][gc,age      ] GC(80) Age table with threshold 15 (max threshold 15)
[2022-05-19T10:04:16.248+0000][163][gc,age      ] GC(80) - age   2:         24 bytes,         24 total
[2022-05-19T10:04:16.248+0000][163][gc,phases   ] GC(80)   Pre Evacuate Collection Set: 0.6ms
[2022-05-19T10:04:16.248+0000][163][gc,phases   ] GC(80)   Merge Heap Roots: 0.1ms
[2022-05-19T10:04:16.249+0000][163][gc,phases   ] GC(80)   Evacuate Collection Set: 0.4ms
[2022-05-19T10:04:16.249+0000][163][gc,phases   ] GC(80)   Post Evacuate Collection Set: 0.5ms
[2022-05-19T10:04:16.249+0000][163][gc,phases   ] GC(80)   Other: 1.2ms
[2022-05-19T10:04:16.249+0000][163][gc,heap     ] GC(80) Eden regions: 0->0(5)
[2022-05-19T10:04:16.249+0000][163][gc,heap     ] GC(80) Survivor regions: 1->1(1)
[2022-05-19T10:04:16.249+0000][163][gc,heap     ] GC(80) Old regions: 79->79
[2022-05-19T10:04:16.249+0000][163][gc,heap     ] GC(80) Archive regions: 2->2
[2022-05-19T10:04:16.249+0000][163][gc,heap     ] GC(80) Humongous regions: 34->34
[2022-05-19T10:04:16.249+0000][163][gc,metaspace] GC(80) Metaspace: 101438K(102912K)->101438K(102912K) NonClass: 87464K(88384K)->87464K(88384K) Class: 13974K(14528K)->13974K(14528K)
[2022-05-19T10:04:16.250+0000][163][gc          ] GC(80) Pause Young (Normal) (G1 Humongous Allocation) 453M->453M(512M) 3.620ms
[2022-05-19T10:04:16.250+0000][163][gc,cpu      ] GC(80) User=0.00s Sys=0.00s Real=0.00s
[2022-05-19T10:04:16.250+0000][163][gc,ergo     ] Attempting full compaction
[2022-05-19T10:04:16.250+0000][163][gc,task     ] GC(81) Using 10 workers of 10 for full compaction
[2022-05-19T10:04:16.258+0000][163][gc,start    ] GC(81) Pause Full (G1 Compaction Pause)
[2022-05-19T10:04:16.259+0000][163][gc,phases,start] GC(81) Phase 1: Mark live objects
[2022-05-19T10:04:16.279+0000][163][gc,phases      ] GC(81) Phase 1: Mark live objects 20.561ms
[2022-05-19T10:04:16.280+0000][163][gc,phases,start] GC(81) Phase 2: Prepare for compaction
[2022-05-19T10:04:16.283+0000][163][gc,phases      ] GC(81) Phase 2: Prepare for compaction 3.404ms
[2022-05-19T10:04:16.283+0000][163][gc,phases,start] GC(81) Phase 3: Adjust pointers
[2022-05-19T10:04:16.293+0000][163][gc,phases      ] GC(81) Phase 3: Adjust pointers 9.513ms
[2022-05-19T10:04:16.293+0000][163][gc,phases,start] GC(81) Phase 4: Compact heap
[2022-05-19T10:04:16.303+0000][163][gc,phases      ] GC(81) Phase 4: Compact heap 9.272ms
[2022-05-19T10:04:16.308+0000][163][gc,heap        ] GC(81) Eden regions: 0->0(7)
[2022-05-19T10:04:16.309+0000][163][gc,heap        ] GC(81) Survivor regions: 1->0(1)
[2022-05-19T10:04:16.309+0000][163][gc,heap        ] GC(81) Old regions: 79->52
[2022-05-19T10:04:16.309+0000][163][gc,heap        ] GC(81) Archive regions: 2->2
[2022-05-19T10:04:16.310+0000][163][gc,heap        ] GC(81) Humongous regions: 34->32
[2022-05-19T10:04:16.310+0000][163][gc,metaspace   ] GC(81) Metaspace: 101438K(102912K)->101358K(102912K) NonClass: 87464K(88384K)->87401K(88384K) Class: 13974K(14528K)->13956K(14528K)
[2022-05-19T10:04:16.310+0000][163][gc             ] GC(81) Pause Full (G1 Compaction Pause) 453M->319M(512M) 52.176ms
[2022-05-19T10:04:16.310+0000][163][gc,cpu         ] GC(81) User=0.37s Sys=0.01s Real=0.07s
[2022-05-19T10:04:16.311+0000][163][gc,ergo        ] Attempting maximum full compaction clearing soft references
[2022-05-19T10:04:16.311+0000][163][gc,task        ] GC(82) Using 10 workers of 10 for full compaction
[2022-05-19T10:04:16.311+0000][163][gc,start       ] GC(82) Pause Full (G1 Compaction Pause)
[2022-05-19T10:04:16.311+0000][163][gc,phases,start] GC(82) Phase 1: Mark live objects
[2022-05-19T10:04:16.336+0000][163][gc,phases      ] GC(82) Phase 1: Mark live objects 24.388ms
[2022-05-19T10:04:16.336+0000][163][gc,phases,start] GC(82) Phase 2: Prepare for compaction
[2022-05-19T10:04:16.340+0000][163][gc,phases      ] GC(82) Phase 2: Prepare for compaction 4.216ms
[2022-05-19T10:04:16.341+0000][163][gc,phases,start] GC(82) Phase 3: Adjust pointers
[2022-05-19T10:04:16.350+0000][163][gc,phases      ] GC(82) Phase 3: Adjust pointers 9.359ms
[2022-05-19T10:04:16.350+0000][163][gc,phases,start] GC(82) Phase 4: Compact heap
[2022-05-19T10:04:16.364+0000][163][gc,phases      ] GC(82) Phase 4: Compact heap 13.599ms
[2022-05-19T10:04:16.369+0000][163][gc,heap        ] GC(82) Eden regions: 0->0(7)
[2022-05-19T10:04:16.370+0000][163][gc,heap        ] GC(82) Survivor regions: 0->0(1)
[2022-05-19T10:04:16.370+0000][163][gc,heap        ] GC(82) Old regions: 52->49
[2022-05-19T10:04:16.370+0000][163][gc,heap        ] GC(82) Archive regions: 2->2
[2022-05-19T10:04:16.370+0000][163][gc,heap        ] GC(82) Humongous regions: 32->32
[2022-05-19T10:04:16.370+0000][163][gc,metaspace   ] GC(82) Metaspace: 101358K(102912K)->101358K(102912K) NonClass: 87401K(88384K)->87401K(88384K) Class: 13956K(14528K)->13956K(14528K)
[2022-05-19T10:04:16.370+0000][163][gc             ] GC(82) Pause Full (G1 Compaction Pause) 319M->316M(512M) 59.189ms
[2022-05-19T10:04:16.370+0000][163][gc,cpu         ] GC(82) User=0.35s Sys=0.06s Real=0.06s
[2022-05-19T10:04:16.371+0000][163][safepoint      ] Safepoint "G1CollectForAllocation", Time since last: 190800 ns, Reaching safepoint: 171400 ns, At safepoint: 125191600 ns, Total: 125363000 ns
[2022-05-19T10:04:16.371+0000][163][gc,marking     ] GC(79) Concurrent Mark From Roots 124.581ms
[2022-05-19T10:04:16.371+0000][163][gc,marking     ] GC(79) Concurrent Mark Abort
[2022-05-19T10:04:16.371+0000][163][gc             ] GC(79) Concurrent Mark Cycle 126.033ms
[2022-05-19T10:04:16.387+0000][163][gc,start       ] GC(83) Pause Young (Normal) (G1 Evacuation Pause)
[2022-05-19T10:04:16.387+0000][163][gc,task        ] GC(83) Using 10 workers of 10 for evacuation
[2022-05-19T10:04:16.387+0000][163][gc,age         ] GC(83) Desired survivor size 2097152 bytes, new threshold 15 (max threshold 15)
[2022-05-19T10:04:16.390+0000][163][gc,age         ] GC(83) Age table with threshold 15 (max threshold 15)
[2022-05-19T10:04:16.390+0000][163][gc,age         ] GC(83) - age   1:    4070792 bytes,    4070792 total
[2022-05-19T10:04:16.391+0000][163][gc,phases      ] GC(83)   Pre Evacuate Collection Set: 0.2ms
[2022-05-19T10:04:16.391+0000][163][gc,phases      ] GC(83)   Merge Heap Roots: 0.2ms
[2022-05-19T10:04:16.391+0000][163][gc,phases      ] GC(83)   Evacuate Collection Set: 1.6ms
[2022-05-19T10:04:16.391+0000][163][gc,phases      ] GC(83)   Post Evacuate Collection Set: 0.6ms
[2022-05-19T10:04:16.391+0000][163][gc,phases      ] GC(83)   Other: 1.0ms
[2022-05-19T10:04:16.391+0000][163][gc,heap        ] GC(83) Eden regions: 7->0(5)
[2022-05-19T10:04:16.391+0000][163][gc,heap        ] GC(83) Survivor regions: 0->1(1)
[2022-05-19T10:04:16.392+0000][163][gc,heap        ] GC(83) Old regions: 49->52
[2022-05-19T10:04:16.392+0000][163][gc,heap        ] GC(83) Archive regions: 2->2
[2022-05-19T10:04:16.392+0000][163][gc,heap        ] GC(83) Humongous regions: 49->49
[2022-05-19T10:04:16.392+0000][163][gc,metaspace   ] GC(83) Metaspace: 101359K(102912K)->101359K(102912K) NonClass: 87402K(88384K)->87402K(88384K) Class: 13956K(14528K)->13956K(14528K)
[2022-05-19T10:04:16.392+0000][163][gc             ] GC(83) Pause Young (Normal) (G1 Evacuation Pause) 412M->397M(512M) 5.055ms
[2022-05-19T10:04:16.392+0000][163][gc,cpu         ] GC(83) User=0.00s Sys=0.02s Real=0.01s
[2022-05-19T10:04:16.392+0000][163][safepoint      ] Safepoint "G1CollectForAllocation", Time since last: 13925900 ns, Reaching safepoint: 2327700 ns, At safepoint: 5381600 ns, Total: 7709300 ns
[2022-05-19T10:04:16.395+0000][163][gc,start       ] GC(84) Pause Young (Concurrent Start) (G1 Evacuation Pause)
[2022-05-19T10:04:16.395+0000][163][gc,task        ] GC(84) Using 10 workers of 10 for evacuation
[2022-05-19T10:04:16.396+0000][163][gc,age         ] GC(84) Desired survivor size 2097152 bytes, new threshold 1 (max threshold 15)
[2022-05-19T10:04:16.399+0000][163][gc,age         ] GC(84) Age table with threshold 1 (max threshold 15)
[2022-05-19T10:04:16.399+0000][163][gc,age         ] GC(84) - age   1:    3936208 bytes,    3936208 total
[2022-05-19T10:04:16.400+0000][163][gc,phases      ] GC(84)   Pre Evacuate Collection Set: 0.3ms
[2022-05-19T10:04:16.400+0000][163][gc,phases      ] GC(84)   Merge Heap Roots: 0.2ms
[2022-05-19T10:04:16.400+0000][163][gc,phases      ] GC(84)   Evacuate Collection Set: 2.6ms
[2022-05-19T10:04:16.400+0000][163][gc,phases      ] GC(84)   Post Evacuate Collection Set: 0.6ms
[2022-05-19T10:04:16.400+0000][163][gc,phases      ] GC(84)   Other: 0.8ms
[2022-05-19T10:04:16.400+0000][163][gc,heap        ] GC(84) Eden regions: 5->0(5)
[2022-05-19T10:04:16.400+0000][163][gc,heap        ] GC(84) Survivor regions: 1->1(1)
[2022-05-19T10:04:16.400+0000][163][gc,heap        ] GC(84) Old regions: 52->56
[2022-05-19T10:04:16.401+0000][163][gc,heap        ] GC(84) Archive regions: 2->2
[2022-05-19T10:04:16.401+0000][163][gc,heap        ] GC(84) Humongous regions: 49->49
[2022-05-19T10:04:16.401+0000][163][gc,metaspace   ] GC(84) Metaspace: 101359K(102912K)->101359K(102912K) NonClass: 87402K(88384K)->87402K(88384K) Class: 13956K(14528K)->13956K(14528K)
[2022-05-19T10:04:16.401+0000][163][gc             ] GC(84) Pause Young (Concurrent Start) (G1 Evacuation Pause) 417M->414M(512M) 5.863ms
[2022-05-19T10:04:16.401+0000][163][gc,cpu         ] GC(84) User=0.03s Sys=0.00s Real=0.01s
[2022-05-19T10:04:16.401+0000][163][safepoint      ] Safepoint "G1CollectForAllocation", Time since last: 2615800 ns, Reaching safepoint: 195900 ns, At safepoint: 6191300 ns, Total: 6387200 ns
[2022-05-19T10:04:16.401+0000][163][gc             ] GC(85) Concurrent Mark Cycle
[2022-05-19T10:04:16.402+0000][163][gc,marking     ] GC(85) Concurrent Clear Claimed Marks
[2022-05-19T10:04:16.402+0000][163][gc,marking     ] GC(85) Concurrent Clear Claimed Marks 0.182ms
[2022-05-19T10:04:16.402+0000][163][gc,marking     ] GC(85) Concurrent Scan Root Regions
[2022-05-19T10:04:16.403+0000][163][gc,marking     ] GC(85) Concurrent Scan Root Regions 0.997ms
[2022-05-19T10:04:16.403+0000][163][gc,marking     ] GC(85) Concurrent Mark
[2022-05-19T10:04:16.403+0000][163][gc,marking     ] GC(85) Concurrent Mark From Roots
[2022-05-19T10:04:16.403+0000][163][gc,task        ] GC(85) Using 3 workers of 3 for marking
[2022-05-19T10:04:16.404+0000][163][gc,start       ] GC(86) Pause Young (Normal) (G1 Evacuation Pause)
[2022-05-19T10:04:16.404+0000][163][gc,task        ] GC(86) Using 10 workers of 10 for evacuation
[2022-05-19T10:04:16.404+0000][163][gc,age         ] GC(86) Desired survivor size 2097152 bytes, new threshold 1 (max threshold 15)
[2022-05-19T10:04:16.408+0000][163][gc,age         ] GC(86) Age table with threshold 1 (max threshold 15)
[2022-05-19T10:04:16.408+0000][163][gc,age         ] GC(86) - age   1:    3934384 bytes,    3934384 total
[2022-05-19T10:04:16.408+0000][163][gc,phases      ] GC(86)   Pre Evacuate Collection Set: 0.2ms
[2022-05-19T10:04:16.408+0000][163][gc,phases      ] GC(86)   Merge Heap Roots: 0.2ms
[2022-05-19T10:04:16.408+0000][163][gc,phases      ] GC(86)   Evacuate Collection Set: 2.4ms
[2022-05-19T10:04:16.408+0000][163][gc,phases      ] GC(86)   Post Evacuate Collection Set: 0.6ms
[2022-05-19T10:04:16.409+0000][163][gc,phases      ] GC(86)   Other: 0.7ms
[2022-05-19T10:04:16.409+0000][163][gc,heap        ] GC(86) Eden regions: 5->0(5)
[2022-05-19T10:04:16.409+0000][163][gc,heap        ] GC(86) Survivor regions: 1->1(1)
[2022-05-19T10:04:16.409+0000][163][gc,heap        ] GC(86) Old regions: 56->60
[2022-05-19T10:04:16.409+0000][163][gc,heap        ] GC(86) Archive regions: 2->2
[2022-05-19T10:04:16.409+0000][163][gc,heap        ] GC(86) Humongous regions: 49->49
[2022-05-19T10:04:16.409+0000][163][gc,metaspace   ] GC(86) Metaspace: 101359K(102912K)->101359K(102912K) NonClass: 87402K(88384K)->87402K(88384K) Class: 13956K(14528K)->13956K(14528K)
[2022-05-19T10:04:16.410+0000][163][gc             ] GC(86) Pause Young (Normal) (G1 Evacuation Pause) 434M->432M(512M) 5.416ms
[2022-05-19T10:04:16.410+0000][163][gc,cpu         ] GC(86) User=0.03s Sys=0.00s Real=0.00s
[2022-05-19T10:04:16.410+0000][163][safepoint      ] Safepoint "G1CollectForAllocation", Time since last: 2485100 ns, Reaching safepoint: 248100 ns, At safepoint: 5849300 ns, Total: 6097400 ns
[2022-05-19T10:04:16.413+0000][163][gc,start       ] GC(87) Pause Young (Normal) (G1 Evacuation Pause)
[2022-05-19T10:04:16.413+0000][163][gc,task        ] GC(87) Using 10 workers of 10 for evacuation
[2022-05-19T10:04:16.413+0000][163][gc,age         ] GC(87) Desired survivor size 2097152 bytes, new threshold 1 (max threshold 15)
[2022-05-19T10:04:16.417+0000][163][gc,age         ] GC(87) Age table with threshold 1 (max threshold 15)
[2022-05-19T10:04:16.417+0000][163][gc,age         ] GC(87) - age   1:    3671416 bytes,    3671416 total
[2022-05-19T10:04:16.418+0000][163][gc,phases      ] GC(87)   Pre Evacuate Collection Set: 0.3ms
[2022-05-19T10:04:16.418+0000][163][gc,phases      ] GC(87)   Merge Heap Roots: 0.2ms
[2022-05-19T10:04:16.418+0000][163][gc,phases      ] GC(87)   Evacuate Collection Set: 2.6ms
[2022-05-19T10:04:16.418+0000][163][gc,phases      ] GC(87)   Post Evacuate Collection Set: 0.6ms
[2022-05-19T10:04:16.418+0000][163][gc,phases      ] GC(87)   Other: 1.2ms
[2022-05-19T10:04:16.418+0000][163][gc,heap        ] GC(87) Eden regions: 5->0(5)
[2022-05-19T10:04:16.419+0000][163][gc,heap        ] GC(87) Survivor regions: 1->1(1)
[2022-05-19T10:04:16.419+0000][163][gc,heap        ] GC(87) Old regions: 60->65
[2022-05-19T10:04:16.419+0000][163][gc,heap        ] GC(87) Archive regions: 2->2
[2022-05-19T10:04:16.419+0000][163][gc,heap        ] GC(87) Humongous regions: 49->49
[2022-05-19T10:04:16.419+0000][163][gc,metaspace   ] GC(87) Metaspace: 101359K(102912K)->101359K(102912K) NonClass: 87402K(88384K)->87402K(88384K) Class: 13956K(14528K)->13956K(14528K)
[2022-05-19T10:04:16.419+0000][163][gc             ] GC(87) Pause Young (Normal) (G1 Evacuation Pause) 452M->451M(512M) 6.427ms
[2022-05-19T10:04:16.419+0000][163][gc,cpu         ] GC(87) User=0.02s Sys=0.00s Real=0.00s
[2022-05-19T10:04:16.420+0000][163][safepoint      ] Safepoint "G1CollectForAllocation", Time since last: 2549000 ns, Reaching safepoint: 327600 ns, At safepoint: 6793700 ns, Total: 7121300 ns
[2022-05-19T10:04:16.460+0000][163][gc,marking     ] GC(85) Concurrent Mark From Roots 57.100ms
[2022-05-19T10:04:16.461+0000][163][gc,marking     ] GC(85) Concurrent Preclean
[2022-05-19T10:04:16.461+0000][163][gc,marking     ] GC(85) Concurrent Preclean 0.780ms
[2022-05-19T10:04:16.462+0000][163][gc,start       ] GC(85) Pause Remark
[2022-05-19T10:04:16.465+0000][163][gc             ] GC(85) Pause Remark 455M->362M(512M) 3.260ms
[2022-05-19T10:04:16.466+0000][163][gc,cpu         ] GC(85) User=0.02s Sys=0.00s Real=0.00s
[2022-05-19T10:04:16.466+0000][163][safepoint      ] Safepoint "G1Concurrent", Time since last: 42192300 ns, Reaching safepoint: 389500 ns, At safepoint: 3923000 ns, Total: 4312500 ns
[2022-05-19T10:04:16.466+0000][163][gc,marking     ] GC(85) Concurrent Mark 63.218ms
[2022-05-19T10:04:16.467+0000][163][gc,marking     ] GC(85) Concurrent Rebuild Remembered Sets
[2022-05-19T10:04:16.486+0000][163][gc,marking     ] GC(85) Concurrent Rebuild Remembered Sets 19.762ms
[2022-05-19T10:04:16.487+0000][163][gc,start       ] GC(85) Pause Cleanup
[2022-05-19T10:04:16.488+0000][163][gc             ] GC(85) Pause Cleanup 364M->364M(512M) 0.507ms
[2022-05-19T10:04:16.488+0000][163][gc,cpu         ] GC(85) User=0.00s Sys=0.00s Real=0.00s
[2022-05-19T10:04:16.488+0000][163][safepoint      ] Safepoint "G1Concurrent", Time since last: 20696700 ns, Reaching safepoint: 302600 ns, At safepoint: 905900 ns, Total: 1208500 ns
[2022-05-19T10:04:16.488+0000][163][gc,marking     ] GC(85) Concurrent Cleanup for Next Mark
[2022-05-19T10:04:16.489+0000][163][gc,marking     ] GC(85) Concurrent Cleanup for Next Mark 0.405ms
[2022-05-19T10:04:16.489+0000][163][gc             ] GC(85) Concurrent Mark Cycle 87.509ms
[2022-05-19T10:04:16.585+0000][163][gc,start       ] GC(88) Pause Young (Prepare Mixed) (G1 Evacuation Pause)
[2022-05-19T10:04:16.585+0000][163][gc,task        ] GC(88) Using 10 workers of 10 for evacuation
[2022-05-19T10:04:16.586+0000][163][gc,age         ] GC(88) Desired survivor size 2097152 bytes, new threshold 1 (max threshold 15)
[2022-05-19T10:04:16.588+0000][163][gc,age         ] GC(88) Age table with threshold 1 (max threshold 15)
[2022-05-19T10:04:16.588+0000][163][gc,age         ] GC(88) - age   1:    2410568 bytes,    2410568 total
[2022-05-19T10:04:16.588+0000][163][gc,phases      ] GC(88)   Pre Evacuate Collection Set: 0.2ms
[2022-05-19T10:04:16.588+0000][163][gc,phases      ] GC(88)   Merge Heap Roots: 0.2ms
[2022-05-19T10:04:16.589+0000][163][gc,phases      ] GC(88)   Evacuate Collection Set: 1.0ms
[2022-05-19T10:04:16.589+0000][163][gc,phases      ] GC(88)   Post Evacuate Collection Set: 0.6ms
[2022-05-19T10:04:16.589+0000][163][gc,phases      ] GC(88)   Other: 1.4ms
[2022-05-19T10:04:16.589+0000][163][gc,heap        ] GC(88) Eden regions: 5->0(5)
[2022-05-19T10:04:16.589+0000][163][gc,heap        ] GC(88) Survivor regions: 1->1(1)
[2022-05-19T10:04:16.589+0000][163][gc,heap        ] GC(88) Old regions: 58->59
[2022-05-19T10:04:16.590+0000][163][gc,heap        ] GC(88) Archive regions: 2->2
[2022-05-19T10:04:16.590+0000][163][gc,heap        ] GC(88) Humongous regions: 32->32
[2022-05-19T10:04:16.590+0000][163][gc,metaspace   ] GC(88) Metaspace: 101359K(102912K)->101359K(102912K) NonClass: 87402K(88384K)->87402K(88384K) Class: 13956K(14528K)->13956K(14528K)
[2022-05-19T10:04:16.590+0000][163][gc             ] GC(88) Pause Young (Prepare Mixed) (G1 Evacuation Pause) 378M->360M(512M) 5.133ms
[2022-05-19T10:04:16.590+0000][163][gc,cpu         ] GC(88) User=0.01s Sys=0.00s Real=0.01s
[2022-05-19T10:04:16.590+0000][163][safepoint      ] Safepoint "G1CollectForAllocation", Time since last: 96714600 ns, Reaching safepoint: 210900 ns, At safepoint: 5489500 ns, Total: 5700400 ns
[2022-05-19T10:04:16.746+0000][163][gc,start       ] GC(89) Pause Young (Mixed) (G1 Evacuation Pause)
[2022-05-19T10:04:16.746+0000][163][gc,task        ] GC(89) Using 10 workers of 10 for evacuation
[2022-05-19T10:04:16.747+0000][163][gc,age         ] GC(89) Desired survivor size 2097152 bytes, new threshold 1 (max threshold 15)
[2022-05-19T10:04:16.749+0000][163][gc,age         ] GC(89) Age table with threshold 1 (max threshold 15)
[2022-05-19T10:04:16.749+0000][163][gc,age         ] GC(89) - age   1:     296424 bytes,     296424 total
[2022-05-19T10:04:16.749+0000][163][gc,phases      ] GC(89)   Pre Evacuate Collection Set: 0.2ms
[2022-05-19T10:04:16.750+0000][163][gc,phases      ] GC(89)   Merge Heap Roots: 0.2ms
[2022-05-19T10:04:16.750+0000][163][gc,phases      ] GC(89)   Evacuate Collection Set: 1.1ms
[2022-05-19T10:04:16.750+0000][163][gc,phases      ] GC(89)   Post Evacuate Collection Set: 0.7ms
[2022-05-19T10:04:16.750+0000][163][gc,phases      ] GC(89)   Other: 1.3ms
[2022-05-19T10:04:16.750+0000][163][gc,heap        ] GC(89) Eden regions: 5->0(5)
[2022-05-19T10:04:16.751+0000][163][gc,heap        ] GC(89) Survivor regions: 1->1(1)
[2022-05-19T10:04:16.751+0000][163][gc,heap        ] GC(89) Old regions: 59->59
[2022-05-19T10:04:16.751+0000][163][gc,heap        ] GC(89) Archive regions: 2->2
[2022-05-19T10:04:16.751+0000][163][gc,heap        ] GC(89) Humongous regions: 32->32
[2022-05-19T10:04:16.751+0000][163][gc,metaspace   ] GC(89) Metaspace: 101359K(102912K)->101359K(102912K) NonClass: 87402K(88384K)->87402K(88384K) Class: 13956K(14528K)->13956K(14528K)
[2022-05-19T10:04:16.751+0000][163][gc             ] GC(89) Pause Young (Mixed) (G1 Evacuation Pause) 380M->357M(512M) 5.344ms
[2022-05-19T10:04:16.751+0000][163][gc,cpu         ] GC(89) User=0.01s Sys=0.00s Real=0.01s
[2022-05-19T10:04:16.752+0000][163][safepoint      ] Safepoint "G1CollectForAllocation", Time since last: 155366500 ns, Reaching safepoint: 194000 ns, At safepoint: 5734700 ns, Total: 5928700 ns
[2022-05-19T10:04:16.909+0000][163][gc,start       ] GC(90) Pause Young (Mixed) (G1 Evacuation Pause)
[2022-05-19T10:04:16.909+0000][163][gc,task        ] GC(90) Using 10 workers of 10 for evacuation
[2022-05-19T10:04:16.909+0000][163][gc,age         ] GC(90) Desired survivor size 2097152 bytes, new threshold 15 (max threshold 15)
[2022-05-19T10:04:16.911+0000][163][gc,age         ] GC(90) Age table with threshold 15 (max threshold 15)
[2022-05-19T10:04:16.911+0000][163][gc,age         ] GC(90) - age   1:     302184 bytes,     302184 total
[2022-05-19T10:04:16.911+0000][163][gc,age         ] GC(90) - age   2:     295792 bytes,     597976 total
[2022-05-19T10:04:16.912+0000][163][gc,phases      ] GC(90)   Pre Evacuate Collection Set: 0.2ms
[2022-05-19T10:04:16.912+0000][163][gc,phases      ] GC(90)   Merge Heap Roots: 0.2ms
[2022-05-19T10:04:16.912+0000][163][gc,phases      ] GC(90)   Evacuate Collection Set: 0.8ms
[2022-05-19T10:04:16.912+0000][163][gc,phases      ] GC(90)   Post Evacuate Collection Set: 0.5ms
[2022-05-19T10:04:16.912+0000][163][gc,phases      ] GC(90)   Other: 1.4ms
[2022-05-19T10:04:16.912+0000][163][gc,heap        ] GC(90) Eden regions: 5->0(9)
[2022-05-19T10:04:16.913+0000][163][gc,heap        ] GC(90) Survivor regions: 1->1(1)
[2022-05-19T10:04:16.913+0000][163][gc,heap        ] GC(90) Old regions: 59->52
[2022-05-19T10:04:16.913+0000][163][gc,heap        ] GC(90) Archive regions: 2->2
[2022-05-19T10:04:16.913+0000][163][gc,heap        ] GC(90) Humongous regions: 32->32
[2022-05-19T10:04:16.913+0000][163][gc,metaspace   ] GC(90) Metaspace: 101363K(102912K)->101363K(102912K) NonClass: 87405K(88384K)->87405K(88384K) Class: 13958K(14528K)->13958K(14528K)
[2022-05-19T10:04:16.913+0000][163][gc             ] GC(90) Pause Young (Mixed) (G1 Evacuation Pause) 377M->334M(512M) 4.963ms
[2022-05-19T10:04:16.914+0000][163][gc,cpu         ] GC(90) User=0.00s Sys=0.00s Real=0.01s
[2022-05-19T10:04:16.914+0000][163][safepoint      ] Safepoint "G1CollectForAllocation", Time since last: 156585900 ns, Reaching safepoint: 181600 ns, At safepoint: 5282400 ns, Total: 5464000 ns
[2022-05-19T10:04:17.191+0000][163][gc,start       ] GC(91) Pause Young (Concurrent Start) (G1 Evacuation Pause)
[2022-05-19T10:04:17.191+0000][163][gc,task        ] GC(91) Using 10 workers of 10 for evacuation
[2022-05-19T10:04:17.191+0000][163][gc,age         ] GC(91) Desired survivor size 4194304 bytes, new threshold 15 (max threshold 15)
[2022-05-19T10:04:17.194+0000][163][gc,age         ] GC(91) Age table with threshold 15 (max threshold 15)
[2022-05-19T10:04:17.194+0000][163][gc,age         ] GC(91) - age   1:     525408 bytes,     525408 total
[2022-05-19T10:04:17.194+0000][163][gc,age         ] GC(91) - age   2:     301488 bytes,     826896 total
[2022-05-19T10:04:17.194+0000][163][gc,age         ] GC(91) - age   3:     295792 bytes,    1122688 total
[2022-05-19T10:04:17.195+0000][163][gc,phases      ] GC(91)   Pre Evacuate Collection Set: 0.3ms
[2022-05-19T10:04:17.195+0000][163][gc,phases      ] GC(91)   Merge Heap Roots: 0.2ms
[2022-05-19T10:04:17.195+0000][163][gc,phases      ] GC(91)   Evacuate Collection Set: 1.1ms
[2022-05-19T10:04:17.195+0000][163][gc,phases      ] GC(91)   Post Evacuate Collection Set: 0.7ms
[2022-05-19T10:04:17.195+0000][163][gc,phases      ] GC(91)   Other: 1.5ms
[2022-05-19T10:04:17.195+0000][163][gc,heap        ] GC(91) Eden regions: 9->0(5)
[2022-05-19T10:04:17.195+0000][163][gc,heap        ] GC(91) Survivor regions: 1->1(2)
[2022-05-19T10:04:17.195+0000][163][gc,heap        ] GC(91) Old regions: 52->52
[2022-05-19T10:04:17.195+0000][163][gc,heap        ] GC(91) Archive regions: 2->2
[2022-05-19T10:04:17.196+0000][163][gc,heap        ] GC(91) Humongous regions: 32->32
[2022-05-19T10:04:17.196+0000][163][gc,metaspace   ] GC(91) Metaspace: 101363K(102912K)->101363K(102912K) NonClass: 87405K(88384K)->87405K(88384K) Class: 13958K(14528K)->13958K(14528K)
[2022-05-19T10:04:17.196+0000][163][gc             ] GC(91) Pause Young (Concurrent Start) (G1 Evacuation Pause) 370M->334M(512M) 4.997ms
[2022-05-19T10:04:17.196+0000][163][gc,cpu         ] GC(91) User=0.01s Sys=0.00s Real=0.00s
[2022-05-19T10:04:17.196+0000][163][gc             ] GC(92) Concurrent Mark Cycle
[2022-05-19T10:04:17.196+0000][163][gc,marking     ] GC(92) Concurrent Clear Claimed Marks
[2022-05-19T10:04:17.196+0000][163][safepoint      ] Safepoint "G1CollectForAllocation", Time since last: 276757100 ns, Reaching safepoint: 322600 ns, At safepoint: 5339800 ns, Total: 5662400 ns
[2022-05-19T10:04:17.197+0000][163][gc,marking     ] GC(92) Concurrent Clear Claimed Marks 0.235ms
[2022-05-19T10:04:17.197+0000][163][gc,marking     ] GC(92) Concurrent Scan Root Regions
[2022-05-19T10:04:17.198+0000][163][gc,marking     ] GC(92) Concurrent Scan Root Regions 0.979ms
[2022-05-19T10:04:17.198+0000][163][gc,marking     ] GC(92) Concurrent Mark
[2022-05-19T10:04:17.198+0000][163][gc,marking     ] GC(92) Concurrent Mark From Roots
[2022-05-19T10:04:17.198+0000][163][gc,task        ] GC(92) Using 3 workers of 3 for marking
[2022-05-19T10:04:17.247+0000][163][gc,marking     ] GC(92) Concurrent Mark From Roots 48.651ms
[2022-05-19T10:04:17.247+0000][163][gc,marking     ] GC(92) Concurrent Preclean
[2022-05-19T10:04:17.248+0000][163][gc,marking     ] GC(92) Concurrent Preclean 0.722ms
[2022-05-19T10:04:17.249+0000][163][gc,start       ] GC(92) Pause Remark
[2022-05-19T10:04:17.252+0000][163][gc             ] GC(92) Pause Remark 340M->320M(512M) 3.246ms
[2022-05-19T10:04:17.252+0000][163][gc,cpu         ] GC(92) User=0.02s Sys=0.00s Real=0.01s
[2022-05-19T10:04:17.252+0000][163][safepoint      ] Safepoint "G1Concurrent", Time since last: 52031100 ns, Reaching safepoint: 350100 ns, At safepoint: 3815300 ns, Total: 4165400 ns
[2022-05-19T10:04:17.253+0000][163][gc,marking     ] GC(92) Concurrent Mark 54.776ms
[2022-05-19T10:04:17.253+0000][163][gc,marking     ] GC(92) Concurrent Rebuild Remembered Sets
[2022-05-19T10:04:17.278+0000][163][gc,marking     ] GC(92) Concurrent Rebuild Remembered Sets 24.952ms
[2022-05-19T10:04:17.278+0000][163][gc,start       ] GC(92) Pause Cleanup
[2022-05-19T10:04:17.279+0000][163][gc             ] GC(92) Pause Cleanup 323M->323M(512M) 0.531ms
[2022-05-19T10:04:17.279+0000][163][gc,cpu         ] GC(92) User=0.00s Sys=0.00s Real=0.00s
[2022-05-19T10:04:17.279+0000][163][safepoint      ] Safepoint "G1Concurrent", Time since last: 25807300 ns, Reaching safepoint: 289200 ns, At safepoint: 1010500 ns, Total: 1299700 ns
[2022-05-19T10:04:17.280+0000][163][gc,marking     ] GC(92) Concurrent Cleanup for Next Mark
[2022-05-19T10:04:17.280+0000][163][gc,marking     ] GC(92) Concurrent Cleanup for Next Mark 0.508ms
[2022-05-19T10:04:17.280+0000][163][gc             ] GC(92) Concurrent Mark Cycle 84.287ms
[2022-05-19T10:04:17.364+0000][163][gc,start       ] GC(93) Pause Young (Prepare Mixed) (G1 Evacuation Pause)
[2022-05-19T10:04:17.364+0000][163][gc,task        ] GC(93) Using 10 workers of 10 for evacuation
[2022-05-19T10:04:17.365+0000][163][gc,age         ] GC(93) Desired survivor size 2097152 bytes, new threshold 15 (max threshold 15)
[2022-05-19T10:04:17.367+0000][163][gc,age         ] GC(93) Age table with threshold 15 (max threshold 15)
[2022-05-19T10:04:17.367+0000][163][gc,age         ] GC(93) - age   1:     263016 bytes,     263016 total
[2022-05-19T10:04:17.367+0000][163][gc,age         ] GC(93) - age   2:     524544 bytes,     787560 total
[2022-05-19T10:04:17.367+0000][163][gc,age         ] GC(93) - age   3:     301440 bytes,    1089000 total
[2022-05-19T10:04:17.367+0000][163][gc,age         ] GC(93) - age   4:     295712 bytes,    1384712 total
[2022-05-19T10:04:17.367+0000][163][gc,phases      ] GC(93)   Pre Evacuate Collection Set: 0.2ms
[2022-05-19T10:04:17.368+0000][163][gc,phases      ] GC(93)   Merge Heap Roots: 0.2ms
[2022-05-19T10:04:17.368+0000][163][gc,phases      ] GC(93)   Evacuate Collection Set: 0.8ms
[2022-05-19T10:04:17.368+0000][163][gc,phases      ] GC(93)   Post Evacuate Collection Set: 0.5ms
[2022-05-19T10:04:17.368+0000][163][gc,phases      ] GC(93)   Other: 1.5ms
[2022-05-19T10:04:17.368+0000][163][gc,heap        ] GC(93) Eden regions: 5->0(5)
[2022-05-19T10:04:17.368+0000][163][gc,heap        ] GC(93) Survivor regions: 1->1(1)
[2022-05-19T10:04:17.368+0000][163][gc,heap        ] GC(93) Old regions: 47->47
[2022-05-19T10:04:17.368+0000][163][gc,heap        ] GC(93) Archive regions: 2->2
[2022-05-19T10:04:17.368+0000][163][gc,heap        ] GC(93) Humongous regions: 32->32
[2022-05-19T10:04:17.369+0000][163][gc,metaspace   ] GC(93) Metaspace: 101363K(102912K)->101363K(102912K) NonClass: 87405K(88384K)->87405K(88384K) Class: 13958K(14528K)->13958K(14528K)
[2022-05-19T10:04:17.369+0000][163][gc             ] GC(93) Pause Young (Prepare Mixed) (G1 Evacuation Pause) 334M->315M(512M) 4.502ms
[2022-05-19T10:04:17.369+0000][163][gc,cpu         ] GC(93) User=0.01s Sys=0.00s Real=0.00s
[2022-05-19T10:04:17.369+0000][163][safepoint      ] Safepoint "G1CollectForAllocation", Time since last: 84466800 ns, Reaching safepoint: 194500 ns, At safepoint: 4781900 ns, Total: 4976400 ns
[2022-05-19T10:04:17.526+0000][163][gc,start       ] GC(94) Pause Young (Mixed) (G1 Evacuation Pause)
[2022-05-19T10:04:17.526+0000][163][gc,task        ] GC(94) Using 10 workers of 10 for evacuation
[2022-05-19T10:04:17.527+0000][163][gc,age         ] GC(94) Desired survivor size 2097152 bytes, new threshold 15 (max threshold 15)
[2022-05-19T10:04:17.529+0000][163][gc,age         ] GC(94) Age table with threshold 15 (max threshold 15)
[2022-05-19T10:04:17.529+0000][163][gc,age         ] GC(94) - age   1:     296000 bytes,     296000 total
[2022-05-19T10:04:17.529+0000][163][gc,age         ] GC(94) - age   2:     262272 bytes,     558272 total
[2022-05-19T10:04:17.529+0000][163][gc,age         ] GC(94) - age   3:     524544 bytes,    1082816 total
[2022-05-19T10:04:17.530+0000][163][gc,age         ] GC(94) - age   4:     301440 bytes,    1384256 total
[2022-05-19T10:04:17.530+0000][163][gc,age         ] GC(94) - age   5:     295712 bytes,    1679968 total
[2022-05-19T10:04:17.530+0000][163][gc,phases      ] GC(94)   Pre Evacuate Collection Set: 0.2ms
[2022-05-19T10:04:17.530+0000][163][gc,phases      ] GC(94)   Merge Heap Roots: 0.2ms
[2022-05-19T10:04:17.530+0000][163][gc,phases      ] GC(94)   Evacuate Collection Set: 0.8ms
[2022-05-19T10:04:17.531+0000][163][gc,phases      ] GC(94)   Post Evacuate Collection Set: 0.6ms
[2022-05-19T10:04:17.531+0000][163][gc,phases      ] GC(94)   Other: 2.3ms
[2022-05-19T10:04:17.531+0000][163][gc,heap        ] GC(94) Eden regions: 5->0(17)
[2022-05-19T10:04:17.531+0000][163][gc,heap        ] GC(94) Survivor regions: 1->1(1)
[2022-05-19T10:04:17.531+0000][163][gc,heap        ] GC(94) Old regions: 47->45
[2022-05-19T10:04:17.531+0000][163][gc,heap        ] GC(94) Archive regions: 2->2
[2022-05-19T10:04:17.532+0000][163][gc,heap        ] GC(94) Humongous regions: 32->32
[2022-05-19T10:04:17.532+0000][163][gc,metaspace   ] GC(94) Metaspace: 101363K(102912K)->101363K(102912K) NonClass: 87405K(88384K)->87405K(88384K) Class: 13958K(14528K)->13958K(14528K)
[2022-05-19T10:04:17.532+0000][163][gc             ] GC(94) Pause Young (Mixed) (G1 Evacuation Pause) 335M->307M(512M) 5.841ms
[2022-05-19T10:04:17.532+0000][163][gc,cpu         ] GC(94) User=0.01s Sys=0.00s Real=0.01s
[2022-05-19T10:04:17.532+0000][163][safepoint      ] Safepoint "G1CollectForAllocation", Time since last: 156791000 ns, Reaching safepoint: 259700 ns, At safepoint: 6125100 ns, Total: 6384800 ns
[2022-05-19T10:04:18.061+0000][163][gc,start       ] GC(95) Pause Young (Concurrent Start) (G1 Evacuation Pause)
[2022-05-19T10:04:18.061+0000][163][gc,task        ] GC(95) Using 10 workers of 10 for evacuation
[2022-05-19T10:04:18.061+0000][163][gc,age         ] GC(95) Desired survivor size 6291456 bytes, new threshold 15 (max threshold 15)
[2022-05-19T10:04:18.064+0000][163][gc,age         ] GC(95) Age table with threshold 15 (max threshold 15)
[2022-05-19T10:04:18.065+0000][163][gc,age         ] GC(95) - age   1:     988088 bytes,     988088 total
[2022-05-19T10:04:18.065+0000][163][gc,age         ] GC(95) - age   2:     295184 bytes,    1283272 total
[2022-05-19T10:04:18.065+0000][163][gc,age         ] GC(95) - age   3:     262272 bytes,    1545544 total
[2022-05-19T10:04:18.065+0000][163][gc,age         ] GC(95) - age   4:     524544 bytes,    2070088 total
[2022-05-19T10:04:18.066+0000][163][gc,age         ] GC(95) - age   5:     299664 bytes,    2369752 total
[2022-05-19T10:04:18.066+0000][163][gc,age         ] GC(95) - age   6:     295120 bytes,    2664872 total
[2022-05-19T10:04:18.066+0000][163][gc,phases      ] GC(95)   Pre Evacuate Collection Set: 0.3ms
[2022-05-19T10:04:18.066+0000][163][gc,phases      ] GC(95)   Merge Heap Roots: 0.3ms
[2022-05-19T10:04:18.066+0000][163][gc,phases      ] GC(95)   Evacuate Collection Set: 1.2ms
[2022-05-19T10:04:18.067+0000][163][gc,phases      ] GC(95)   Post Evacuate Collection Set: 0.8ms
[2022-05-19T10:04:18.067+0000][163][gc,phases      ] GC(95)   Other: 2.7ms
[2022-05-19T10:04:18.067+0000][163][gc,heap        ] GC(95) Eden regions: 17->0(5)
[2022-05-19T10:04:18.067+0000][163][gc,heap        ] GC(95) Survivor regions: 1->1(3)
[2022-05-19T10:04:18.067+0000][163][gc,heap        ] GC(95) Old regions: 45->45
[2022-05-19T10:04:18.068+0000][163][gc,heap        ] GC(95) Archive regions: 2->2
[2022-05-19T10:04:18.068+0000][163][gc,heap        ] GC(95) Humongous regions: 32->32
[2022-05-19T10:04:18.068+0000][163][gc,metaspace   ] GC(95) Metaspace: 101363K(102912K)->101363K(102912K) NonClass: 87405K(88384K)->87405K(88384K) Class: 13958K(14528K)->13958K(14528K)
[2022-05-19T10:04:18.068+0000][163][gc             ] GC(95) Pause Young (Concurrent Start) (G1 Evacuation Pause) 375M->308M(512M) 7.372ms
[2022-05-19T10:04:18.068+0000][163][gc,cpu         ] GC(95) User=0.01s Sys=0.00s Real=0.00s
[2022-05-19T10:04:18.068+0000][163][safepoint      ] Safepoint "G1CollectForAllocation", Time since last: 528303400 ns, Reaching safepoint: 282800 ns, At safepoint: 7790200 ns, Total: 8073000 ns
[2022-05-19T10:04:18.068+0000][163][gc             ] GC(96) Concurrent Mark Cycle
[2022-05-19T10:04:18.069+0000][163][gc,marking     ] GC(96) Concurrent Clear Claimed Marks
[2022-05-19T10:04:18.069+0000][163][gc,marking     ] GC(96) Concurrent Clear Claimed Marks 0.202ms
[2022-05-19T10:04:18.069+0000][163][gc,marking     ] GC(96) Concurrent Scan Root Regions
[2022-05-19T10:04:18.070+0000][163][gc,marking     ] GC(96) Concurrent Scan Root Regions 0.887ms
[2022-05-19T10:04:18.070+0000][163][gc,marking     ] GC(96) Concurrent Mark
[2022-05-19T10:04:18.070+0000][163][gc,marking     ] GC(96) Concurrent Mark From Roots
[2022-05-19T10:04:18.070+0000][163][gc,task        ] GC(96) Using 3 workers of 3 for marking
[2022-05-19T10:04:18.110+0000][163][gc,marking     ] GC(96) Concurrent Mark From Roots 40.008ms
[2022-05-19T10:04:18.111+0000][163][gc,marking     ] GC(96) Concurrent Preclean
[2022-05-19T10:04:18.111+0000][163][gc,marking     ] GC(96) Concurrent Preclean 0.617ms
[2022-05-19T10:04:18.112+0000][163][gc,start       ] GC(96) Pause Remark
[2022-05-19T10:04:18.115+0000][163][gc             ] GC(96) Pause Remark 313M->313M(512M) 3.240ms
[2022-05-19T10:04:18.116+0000][163][gc,cpu         ] GC(96) User=0.02s Sys=0.00s Real=0.00s
[2022-05-19T10:04:18.116+0000][163][safepoint      ] Safepoint "G1Concurrent", Time since last: 43090600 ns, Reaching safepoint: 319600 ns, At safepoint: 4186100 ns, Total: 4505700 ns
[2022-05-19T10:04:18.116+0000][163][gc,marking     ] GC(96) Concurrent Mark 46.132ms
[2022-05-19T10:04:18.117+0000][163][gc,marking     ] GC(96) Concurrent Rebuild Remembered Sets
[2022-05-19T10:04:18.142+0000][163][gc,marking     ] GC(96) Concurrent Rebuild Remembered Sets 24.926ms
[2022-05-19T10:04:18.142+0000][163][gc,start       ] GC(96) Pause Cleanup
[2022-05-19T10:04:18.143+0000][163][gc             ] GC(96) Pause Cleanup 316M->316M(512M) 0.556ms
[2022-05-19T10:04:18.143+0000][163][gc,cpu         ] GC(96) User=0.01s Sys=0.00s Real=0.00s
[2022-05-19T10:04:18.143+0000][163][safepoint      ] Safepoint "G1Concurrent", Time since last: 25880800 ns, Reaching safepoint: 363600 ns, At safepoint: 970300 ns, Total: 1333900 ns
[2022-05-19T10:04:18.144+0000][163][gc,marking     ] GC(96) Concurrent Cleanup for Next Mark
[2022-05-19T10:04:18.144+0000][163][gc,marking     ] GC(96) Concurrent Cleanup for Next Mark 0.398ms
[2022-05-19T10:04:18.144+0000][163][gc             ] GC(96) Concurrent Mark Cycle 75.609ms
[2022-05-19T10:04:18.238+0000][163][gc,start       ] GC(97) Pause Young (Prepare Mixed) (G1 Evacuation Pause)
[2022-05-19T10:04:18.239+0000][163][gc,task        ] GC(97) Using 10 workers of 10 for evacuation
[2022-05-19T10:04:18.239+0000][163][gc,age         ] GC(97) Desired survivor size 2097152 bytes, new threshold 5 (max threshold 15)
[2022-05-19T10:04:18.241+0000][163][gc,age         ] GC(97) Age table with threshold 5 (max threshold 15)
[2022-05-19T10:04:18.241+0000][163][gc,age         ] GC(97) - age   1:     295360 bytes,     295360 total
[2022-05-19T10:04:18.241+0000][163][gc,age         ] GC(97) - age   2:     987712 bytes,    1283072 total
[2022-05-19T10:04:18.242+0000][163][gc,age         ] GC(97) - age   3:     295184 bytes,    1578256 total
[2022-05-19T10:04:18.242+0000][163][gc,age         ] GC(97) - age   4:     262272 bytes,    1840528 total
[2022-05-19T10:04:18.242+0000][163][gc,age         ] GC(97) - age   5:     524544 bytes,    2365072 total
[2022-05-19T10:04:18.242+0000][163][gc,phases      ] GC(97)   Pre Evacuate Collection Set: 0.2ms
[2022-05-19T10:04:18.242+0000][163][gc,phases      ] GC(97)   Merge Heap Roots: 0.1ms
[2022-05-19T10:04:18.243+0000][163][gc,phases      ] GC(97)   Evacuate Collection Set: 0.9ms
[2022-05-19T10:04:18.243+0000][163][gc,phases      ] GC(97)   Post Evacuate Collection Set: 0.6ms
[2022-05-19T10:04:18.243+0000][163][gc,phases      ] GC(97)   Other: 2.0ms
[2022-05-19T10:04:18.243+0000][163][gc,heap        ] GC(97) Eden regions: 5->0(5)
[2022-05-19T10:04:18.243+0000][163][gc,heap        ] GC(97) Survivor regions: 1->1(1)
[2022-05-19T10:04:18.243+0000][163][gc,heap        ] GC(97) Old regions: 45->45
[2022-05-19T10:04:18.243+0000][163][gc,heap        ] GC(97) Archive regions: 2->2
[2022-05-19T10:04:18.243+0000][163][gc,heap        ] GC(97) Humongous regions: 32->32
[2022-05-19T10:04:18.243+0000][163][gc,metaspace   ] GC(97) Metaspace: 101363K(102912K)->101363K(102912K) NonClass: 87405K(88384K)->87405K(88384K) Class: 13958K(14528K)->13958K(14528K)
[2022-05-19T10:04:18.244+0000][163][gc             ] GC(97) Pause Young (Prepare Mixed) (G1 Evacuation Pause) 328M->308M(512M) 5.195ms
[2022-05-19T10:04:18.244+0000][163][gc,cpu         ] GC(97) User=0.01s Sys=0.00s Real=0.01s
[2022-05-19T10:04:18.244+0000][163][safepoint      ] Safepoint "G1CollectForAllocation", Time since last: 94908000 ns, Reaching safepoint: 195600 ns, At safepoint: 5476800 ns, Total: 5672400 ns
[2022-05-19T10:04:18.405+0000][163][gc,start       ] GC(98) Pause Young (Mixed) (G1 Evacuation Pause)
[2022-05-19T10:04:18.405+0000][163][gc,task        ] GC(98) Using 10 workers of 10 for evacuation
[2022-05-19T10:04:18.405+0000][163][gc,age         ] GC(98) Desired survivor size 2097152 bytes, new threshold 5 (max threshold 15)
[2022-05-19T10:04:18.408+0000][163][gc,age         ] GC(98) Age table with threshold 5 (max threshold 15)
[2022-05-19T10:04:18.408+0000][163][gc,age         ] GC(98) - age   1:     296176 bytes,     296176 total
[2022-05-19T10:04:18.408+0000][163][gc,age         ] GC(98) - age   2:     295056 bytes,     591232 total
[2022-05-19T10:04:18.409+0000][163][gc,age         ] GC(98) - age   3:     987104 bytes,    1578336 total
[2022-05-19T10:04:18.409+0000][163][gc,age         ] GC(98) - age   4:     295056 bytes,    1873392 total
[2022-05-19T10:04:18.409+0000][163][gc,age         ] GC(98) - age   5:     262272 bytes,    2135664 total
[2022-05-19T10:04:18.409+0000][163][gc,phases      ] GC(98)   Pre Evacuate Collection Set: 0.2ms
[2022-05-19T10:04:18.409+0000][163][gc,phases      ] GC(98)   Merge Heap Roots: 0.2ms
[2022-05-19T10:04:18.410+0000][163][gc,phases      ] GC(98)   Evacuate Collection Set: 1.1ms
[2022-05-19T10:04:18.410+0000][163][gc,phases      ] GC(98)   Post Evacuate Collection Set: 0.7ms
[2022-05-19T10:04:18.410+0000][163][gc,phases      ] GC(98)   Other: 2.6ms
[2022-05-19T10:04:18.410+0000][163][gc,heap        ] GC(98) Eden regions: 5->0(20)
[2022-05-19T10:04:18.410+0000][163][gc,heap        ] GC(98) Survivor regions: 1->1(1)
[2022-05-19T10:04:18.410+0000][163][gc,heap        ] GC(98) Old regions: 45->45
[2022-05-19T10:04:18.411+0000][163][gc,heap        ] GC(98) Archive regions: 2->2
[2022-05-19T10:04:18.411+0000][163][gc,heap        ] GC(98) Humongous regions: 32->32
[2022-05-19T10:04:18.411+0000][163][gc,metaspace   ] GC(98) Metaspace: 101363K(102912K)->101363K(102912K) NonClass: 87405K(88384K)->87405K(88384K) Class: 13958K(14528K)->13958K(14528K)
[2022-05-19T10:04:18.411+0000][163][gc             ] GC(98) Pause Young (Mixed) (G1 Evacuation Pause) 328M->305M(512M) 6.377ms
[2022-05-19T10:04:18.411+0000][163][gc,cpu         ] GC(98) User=0.02s Sys=0.00s Real=0.01s
[2022-05-19T10:04:18.411+0000][163][safepoint      ] Safepoint "G1CollectForAllocation", Time since last: 160491000 ns, Reaching safepoint: 179000 ns, At safepoint: 6711700 ns, Total: 6890700 ns
[2022-05-19T10:04:19.054+0000][163][gc,start       ] GC(99) Pause Young (Concurrent Start) (G1 Evacuation Pause)
[2022-05-19T10:04:19.054+0000][163][gc,task        ] GC(99) Using 10 workers of 10 for evacuation
[2022-05-19T10:04:19.055+0000][163][gc,age         ] GC(99) Desired survivor size 6291456 bytes, new threshold 15 (max threshold 15)
[2022-05-19T10:04:19.057+0000][163][gc,age         ] GC(99) Age table with threshold 15 (max threshold 15)
[2022-05-19T10:04:19.058+0000][163][gc,age         ] GC(99) - age   1:    1151280 bytes,    1151280 total
[2022-05-19T10:04:19.058+0000][163][gc,age         ] GC(99) - age   2:     295184 bytes,    1446464 total
[2022-05-19T10:04:19.058+0000][163][gc,age         ] GC(99) - age   3:     295056 bytes,    1741520 total
[2022-05-19T10:04:19.058+0000][163][gc,age         ] GC(99) - age   4:     984544 bytes,    2726064 total
[2022-05-19T10:04:19.059+0000][163][gc,age         ] GC(99) - age   5:     295056 bytes,    3021120 total
[2022-05-19T10:04:19.059+0000][163][gc,age         ] GC(99) - age   6:     262272 bytes,    3283392 total
[2022-05-19T10:04:19.059+0000][163][gc,phases      ] GC(99)   Pre Evacuate Collection Set: 0.3ms
[2022-05-19T10:04:19.059+0000][163][gc,phases      ] GC(99)   Merge Heap Roots: 0.2ms
[2022-05-19T10:04:19.059+0000][163][gc,phases      ] GC(99)   Evacuate Collection Set: 1.3ms
[2022-05-19T10:04:19.059+0000][163][gc,phases      ] GC(99)   Post Evacuate Collection Set: 0.7ms
[2022-05-19T10:04:19.060+0000][163][gc,phases      ] GC(99)   Other: 2.3ms
[2022-05-19T10:04:19.060+0000][163][gc,heap        ] GC(99) Eden regions: 20->0(5)
[2022-05-19T10:04:19.060+0000][163][gc,heap        ] GC(99) Survivor regions: 1->1(3)
[2022-05-19T10:04:19.060+0000][163][gc,heap        ] GC(99) Old regions: 45->45
[2022-05-19T10:04:19.060+0000][163][gc,heap        ] GC(99) Archive regions: 2->2
[2022-05-19T10:04:19.060+0000][163][gc,heap        ] GC(99) Humongous regions: 32->32
[2022-05-19T10:04:19.060+0000][163][gc,metaspace   ] GC(99) Metaspace: 101363K(102912K)->101363K(102912K) NonClass: 87405K(88384K)->87405K(88384K) Class: 13958K(14528K)->13958K(14528K)
[2022-05-19T10:04:19.060+0000][163][gc             ] GC(99) Pause Young (Concurrent Start) (G1 Evacuation Pause) 385M->306M(512M) 6.160ms
[2022-05-19T10:04:19.061+0000][163][gc,cpu         ] GC(99) User=0.02s Sys=0.00s Real=0.01s
[2022-05-19T10:04:19.061+0000][163][gc             ] GC(100) Concurrent Mark Cycle
[2022-05-19T10:04:19.061+0000][163][gc,marking     ] GC(100) Concurrent Clear Claimed Marks
[2022-05-19T10:04:19.061+0000][163][safepoint      ] Safepoint "G1CollectForAllocation", Time since last: 642710500 ns, Reaching safepoint: 195900 ns, At safepoint: 6502800 ns, Total: 6698700 ns
[2022-05-19T10:04:19.061+0000][163][gc,marking     ] GC(100) Concurrent Clear Claimed Marks 0.204ms
[2022-05-19T10:04:19.061+0000][163][gc,marking     ] GC(100) Concurrent Scan Root Regions
[2022-05-19T10:04:19.062+0000][163][gc,marking     ] GC(100) Concurrent Scan Root Regions 0.911ms
[2022-05-19T10:04:19.062+0000][163][gc,marking     ] GC(100) Concurrent Mark
[2022-05-19T10:04:19.062+0000][163][gc,marking     ] GC(100) Concurrent Mark From Roots
[2022-05-19T10:04:19.062+0000][163][gc,task        ] GC(100) Using 3 workers of 3 for marking
[2022-05-19T10:04:19.109+0000][163][gc,marking     ] GC(100) Concurrent Mark From Roots 47.099ms
[2022-05-19T10:04:19.110+0000][163][gc,marking     ] GC(100) Concurrent Preclean
[2022-05-19T10:04:19.110+0000][163][gc,marking     ] GC(100) Concurrent Preclean 0.629ms
[2022-05-19T10:04:19.111+0000][163][gc,start       ] GC(100) Pause Remark
[2022-05-19T10:04:19.114+0000][163][gc             ] GC(100) Pause Remark 312M->312M(512M) 2.864ms
[2022-05-19T10:04:19.114+0000][163][gc,cpu         ] GC(100) User=0.02s Sys=0.00s Real=0.00s
[2022-05-19T10:04:19.114+0000][163][safepoint      ] Safepoint "G1Concurrent", Time since last: 49849600 ns, Reaching safepoint: 257100 ns, At safepoint: 3315100 ns, Total: 3572200 ns
[2022-05-19T10:04:19.114+0000][163][gc,marking     ] GC(100) Concurrent Mark 52.112ms
[2022-05-19T10:04:19.115+0000][163][gc,marking     ] GC(100) Concurrent Rebuild Remembered Sets
[2022-05-19T10:04:19.143+0000][163][gc,marking     ] GC(100) Concurrent Rebuild Remembered Sets 28.142ms
[2022-05-19T10:04:19.143+0000][163][gc,start       ] GC(100) Pause Cleanup
[2022-05-19T10:04:19.144+0000][163][gc             ] GC(100) Pause Cleanup 315M->315M(512M) 0.459ms
[2022-05-19T10:04:19.144+0000][163][gc,cpu         ] GC(100) User=0.00s Sys=0.00s Real=0.00s
[2022-05-19T10:04:19.144+0000][163][safepoint      ] Safepoint "G1Concurrent", Time since last: 28872700 ns, Reaching safepoint: 300400 ns, At safepoint: 864000 ns, Total: 1164400 ns
[2022-05-19T10:04:19.144+0000][163][gc,marking     ] GC(100) Concurrent Cleanup for Next Mark
[2022-05-19T10:04:19.145+0000][163][gc,marking     ] GC(100) Concurrent Cleanup for Next Mark 0.376ms
[2022-05-19T10:04:19.145+0000][163][gc             ] GC(100) Concurrent Mark Cycle 84.278ms
[2022-05-19T10:04:19.238+0000][163][gc,start       ] GC(101) Pause Young (Prepare Mixed) (G1 Evacuation Pause)
[2022-05-19T10:04:19.239+0000][163][gc,task        ] GC(101) Using 10 workers of 10 for evacuation
[2022-05-19T10:04:19.239+0000][163][gc,age         ] GC(101) Desired survivor size 2097152 bytes, new threshold 4 (max threshold 15)
[2022-05-19T10:04:19.241+0000][163][gc,age         ] GC(101) Age table with threshold 4 (max threshold 15)
[2022-05-19T10:04:19.241+0000][163][gc,age         ] GC(101) - age   1:     296216 bytes,     296216 total
[2022-05-19T10:04:19.241+0000][163][gc,age         ] GC(101) - age   2:    1150064 bytes,    1446280 total
[2022-05-19T10:04:19.241+0000][163][gc,age         ] GC(101) - age   3:     295184 bytes,    1741464 total
[2022-05-19T10:04:19.241+0000][163][gc,age         ] GC(101) - age   4:     295056 bytes,    2036520 total
[2022-05-19T10:04:19.241+0000][163][gc,phases      ] GC(101)   Pre Evacuate Collection Set: 0.2ms
[2022-05-19T10:04:19.241+0000][163][gc,phases      ] GC(101)   Merge Heap Roots: 0.1ms
[2022-05-19T10:04:19.241+0000][163][gc,phases      ] GC(101)   Evacuate Collection Set: 0.8ms
[2022-05-19T10:04:19.242+0000][163][gc,phases      ] GC(101)   Post Evacuate Collection Set: 0.5ms
[2022-05-19T10:04:19.242+0000][163][gc,phases      ] GC(101)   Other: 1.1ms
[2022-05-19T10:04:19.242+0000][163][gc,heap        ] GC(101) Eden regions: 5->0(5)
[2022-05-19T10:04:19.242+0000][163][gc,heap        ] GC(101) Survivor regions: 1->1(1)
[2022-05-19T10:04:19.242+0000][163][gc,heap        ] GC(101) Old regions: 45->45
[2022-05-19T10:04:19.242+0000][163][gc,heap        ] GC(101) Archive regions: 2->2
[2022-05-19T10:04:19.242+0000][163][gc,heap        ] GC(101) Humongous regions: 32->32
[2022-05-19T10:04:19.242+0000][163][gc,metaspace   ] GC(101) Metaspace: 101363K(102912K)->101363K(102912K) NonClass: 87405K(88384K)->87405K(88384K) Class: 13958K(14528K)->13958K(14528K)
[2022-05-19T10:04:19.242+0000][163][gc             ] GC(101) Pause Young (Prepare Mixed) (G1 Evacuation Pause) 326M->307M(512M) 3.981ms
[2022-05-19T10:04:19.243+0000][163][gc,cpu         ] GC(101) User=0.00s Sys=0.01s Real=0.01s
[2022-05-19T10:04:19.243+0000][163][safepoint      ] Safepoint "G1CollectForAllocation", Time since last: 94111400 ns, Reaching safepoint: 190100 ns, At safepoint: 4279200 ns, Total: 4469300 ns
[2022-05-19T10:04:19.396+0000][163][gc,start       ] GC(102) Pause Young (Mixed) (G1 Evacuation Pause)
[2022-05-19T10:04:19.396+0000][163][gc,task        ] GC(102) Using 10 workers of 10 for evacuation
[2022-05-19T10:04:19.396+0000][163][gc,age         ] GC(102) Desired survivor size 2097152 bytes, new threshold 15 (max threshold 15)
[2022-05-19T10:04:19.399+0000][163][gc,age         ] GC(102) Age table with threshold 15 (max threshold 15)
[2022-05-19T10:04:19.399+0000][163][gc,age         ] GC(102) - age   1:     262688 bytes,     262688 total
[2022-05-19T10:04:19.399+0000][163][gc,age         ] GC(102) - age   2:     295928 bytes,     558616 total
[2022-05-19T10:04:19.399+0000][163][gc,age         ] GC(102) - age   3:    1150064 bytes,    1708680 total
[2022-05-19T10:04:19.399+0000][163][gc,age         ] GC(102) - age   4:     295056 bytes,    2003736 total
[2022-05-19T10:04:19.400+0000][163][gc,age         ] GC(102) - age   5:     295056 bytes,    2298792 total
[2022-05-19T10:04:19.400+0000][163][gc,phases      ] GC(102)   Pre Evacuate Collection Set: 0.2ms
[2022-05-19T10:04:19.400+0000][163][gc,phases      ] GC(102)   Merge Heap Roots: 0.1ms
[2022-05-19T10:04:19.401+0000][163][gc,phases      ] GC(102)   Evacuate Collection Set: 1.0ms
[2022-05-19T10:04:19.401+0000][163][gc,phases      ] GC(102)   Post Evacuate Collection Set: 0.8ms
[2022-05-19T10:04:19.401+0000][163][gc,phases      ] GC(102)   Other: 2.3ms
[2022-05-19T10:04:19.401+0000][163][gc,heap        ] GC(102) Eden regions: 5->0(23)
[2022-05-19T10:04:19.401+0000][163][gc,heap        ] GC(102) Survivor regions: 1->1(1)
[2022-05-19T10:04:19.402+0000][163][gc,heap        ] GC(102) Old regions: 45->44
[2022-05-19T10:04:19.402+0000][163][gc,heap        ] GC(102) Archive regions: 2->2
[2022-05-19T10:04:19.402+0000][163][gc,heap        ] GC(102) Humongous regions: 32->32
[2022-05-19T10:04:19.402+0000][163][gc,metaspace   ] GC(102) Metaspace: 101363K(102912K)->101363K(102912K) NonClass: 87405K(88384K)->87405K(88384K) Class: 13958K(14528K)->13958K(14528K)
[2022-05-19T10:04:19.402+0000][163][gc             ] GC(102) Pause Young (Mixed) (G1 Evacuation Pause) 327M->305M(512M) 6.641ms
[2022-05-19T10:04:19.402+0000][163][gc,cpu         ] GC(102) User=0.01s Sys=0.00s Real=0.01s
[2022-05-19T10:04:19.402+0000][163][safepoint      ] Safepoint "G1CollectForAllocation", Time since last: 152642200 ns, Reaching safepoint: 188100 ns, At safepoint: 6967400 ns, Total: 7155500 ns
[2022-05-19T10:04:20.124+0000][163][gc,start       ] GC(103) Pause Young (Concurrent Start) (G1 Evacuation Pause)
[2022-05-19T10:04:20.125+0000][163][gc,task        ] GC(103) Using 10 workers of 10 for evacuation
[2022-05-19T10:04:20.125+0000][163][gc,age         ] GC(103) Desired survivor size 6291456 bytes, new threshold 15 (max threshold 15)
[2022-05-19T10:04:20.128+0000][163][gc,age         ] GC(103) Age table with threshold 15 (max threshold 15)
[2022-05-19T10:04:20.128+0000][163][gc,age         ] GC(103) - age   1:    1348040 bytes,    1348040 total
[2022-05-19T10:04:20.128+0000][163][gc,age         ] GC(103) - age   2:     262400 bytes,    1610440 total
[2022-05-19T10:04:20.128+0000][163][gc,age         ] GC(103) - age   3:     295056 bytes,    1905496 total
[2022-05-19T10:04:20.128+0000][163][gc,age         ] GC(103) - age   4:    1147504 bytes,    3053000 total
[2022-05-19T10:04:20.129+0000][163][gc,age         ] GC(103) - age   5:     295056 bytes,    3348056 total
[2022-05-19T10:04:20.129+0000][163][gc,age         ] GC(103) - age   6:     295056 bytes,    3643112 total
[2022-05-19T10:04:20.129+0000][163][gc,phases      ] GC(103)   Pre Evacuate Collection Set: 0.2ms
[2022-05-19T10:04:20.129+0000][163][gc,phases      ] GC(103)   Merge Heap Roots: 0.2ms
[2022-05-19T10:04:20.129+0000][163][gc,phases      ] GC(103)   Evacuate Collection Set: 1.3ms
[2022-05-19T10:04:20.129+0000][163][gc,phases      ] GC(103)   Post Evacuate Collection Set: 0.6ms
[2022-05-19T10:04:20.130+0000][163][gc,phases      ] GC(103)   Other: 2.4ms
[2022-05-19T10:04:20.130+0000][163][gc,heap        ] GC(103) Eden regions: 23->0(7)
[2022-05-19T10:04:20.130+0000][163][gc,heap        ] GC(103) Survivor regions: 1->1(3)
[2022-05-19T10:04:20.130+0000][163][gc,heap        ] GC(103) Old regions: 44->44
[2022-05-19T10:04:20.130+0000][163][gc,heap        ] GC(103) Archive regions: 2->2
[2022-05-19T10:04:20.130+0000][163][gc,heap        ] GC(103) Humongous regions: 32->32
[2022-05-19T10:04:20.130+0000][163][gc,metaspace   ] GC(103) Metaspace: 101363K(102912K)->101363K(102912K) NonClass: 87405K(88384K)->87405K(88384K) Class: 13958K(14528K)->13958K(14528K)
[2022-05-19T10:04:20.131+0000][163][gc             ] GC(103) Pause Young (Concurrent Start) (G1 Evacuation Pause) 397M->306M(512M) 6.140ms
[2022-05-19T10:04:20.131+0000][163][gc,cpu         ] GC(103) User=0.00s Sys=0.01s Real=0.01s
[2022-05-19T10:04:20.131+0000][163][safepoint      ] Safepoint "G1CollectForAllocation", Time since last: 721680400 ns, Reaching safepoint: 190200 ns, At safepoint: 6466800 ns, Total: 6657000 ns
[2022-05-19T10:04:20.131+0000][163][gc             ] GC(104) Concurrent Mark Cycle
[2022-05-19T10:04:20.131+0000][163][gc,marking     ] GC(104) Concurrent Clear Claimed Marks
[2022-05-19T10:04:20.131+0000][163][gc,marking     ] GC(104) Concurrent Clear Claimed Marks 0.165ms
[2022-05-19T10:04:20.131+0000][163][gc,marking     ] GC(104) Concurrent Scan Root Regions
[2022-05-19T10:04:20.132+0000][163][gc,marking     ] GC(104) Concurrent Scan Root Regions 0.882ms
[2022-05-19T10:04:20.132+0000][163][gc,marking     ] GC(104) Concurrent Mark
[2022-05-19T10:04:20.133+0000][163][gc,marking     ] GC(104) Concurrent Mark From Roots
[2022-05-19T10:04:20.133+0000][163][gc,task        ] GC(104) Using 3 workers of 3 for marking
[2022-05-19T10:04:20.179+0000][163][gc,marking     ] GC(104) Concurrent Mark From Roots 46.312ms
[2022-05-19T10:04:20.179+0000][163][gc,marking     ] GC(104) Concurrent Preclean
[2022-05-19T10:04:20.180+0000][163][gc,marking     ] GC(104) Concurrent Preclean 0.739ms
[2022-05-19T10:04:20.181+0000][163][gc,start       ] GC(104) Pause Remark
[2022-05-19T10:04:20.184+0000][163][gc             ] GC(104) Pause Remark 312M->312M(512M) 3.099ms
[2022-05-19T10:04:20.184+0000][163][gc,cpu         ] GC(104) User=0.02s Sys=0.00s Real=0.00s
[2022-05-19T10:04:20.184+0000][163][safepoint      ] Safepoint "G1Concurrent", Time since last: 49374600 ns, Reaching safepoint: 314100 ns, At safepoint: 3759800 ns, Total: 4073900 ns
[2022-05-19T10:04:20.184+0000][163][gc,marking     ] GC(104) Concurrent Mark 52.080ms
[2022-05-19T10:04:20.185+0000][163][gc,marking     ] GC(104) Concurrent Rebuild Remembered Sets
[2022-05-19T10:04:20.206+0000][163][gc,marking     ] GC(104) Concurrent Rebuild Remembered Sets 21.503ms
[2022-05-19T10:04:20.207+0000][163][gc,start       ] GC(104) Pause Cleanup
[2022-05-19T10:04:20.207+0000][163][gc             ] GC(104) Pause Cleanup 314M->314M(512M) 0.488ms
[2022-05-19T10:04:20.207+0000][163][gc,cpu         ] GC(104) User=0.00s Sys=0.00s Real=0.00s
[2022-05-19T10:04:20.208+0000][163][safepoint      ] Safepoint "G1Concurrent", Time since last: 22161900 ns, Reaching safepoint: 288500 ns, At safepoint: 916800 ns, Total: 1205300 ns
[2022-05-19T10:04:20.208+0000][163][gc,marking     ] GC(104) Concurrent Cleanup for Next Mark
[2022-05-19T10:04:20.208+0000][163][gc,marking     ] GC(104) Concurrent Cleanup for Next Mark 0.395ms
[2022-05-19T10:04:20.209+0000][163][gc             ] GC(104) Concurrent Mark Cycle 77.753ms
[2022-05-19T10:04:20.365+0000][163][gc,start       ] GC(105) Pause Young (Prepare Mixed) (G1 Evacuation Pause)
[2022-05-19T10:04:20.366+0000][163][gc,task        ] GC(105) Using 10 workers of 10 for evacuation
[2022-05-19T10:04:20.366+0000][163][gc,age         ] GC(105) Desired survivor size 2097152 bytes, new threshold 4 (max threshold 15)
[2022-05-19T10:04:20.369+0000][163][gc,age         ] GC(105) Age table with threshold 4 (max threshold 15)
[2022-05-19T10:04:20.369+0000][163][gc,age         ] GC(105) - age   1:     427768 bytes,     427768 total
[2022-05-19T10:04:20.369+0000][163][gc,age         ] GC(105) - age   2:    1346768 bytes,    1774536 total
[2022-05-19T10:04:20.369+0000][163][gc,age         ] GC(105) - age   3:     262400 bytes,    2036936 total
[2022-05-19T10:04:20.370+0000][163][gc,age         ] GC(105) - age   4:     295056 bytes,    2331992 total
[2022-05-19T10:04:20.370+0000][163][gc,phases      ] GC(105)   Pre Evacuate Collection Set: 0.3ms
[2022-05-19T10:04:20.370+0000][163][gc,phases      ] GC(105)   Merge Heap Roots: 0.2ms
[2022-05-19T10:04:20.370+0000][163][gc,phases      ] GC(105)   Evacuate Collection Set: 1.0ms
[2022-05-19T10:04:20.371+0000][163][gc,phases      ] GC(105)   Post Evacuate Collection Set: 0.8ms
[2022-05-19T10:04:20.371+0000][163][gc,phases      ] GC(105)   Other: 2.3ms
[2022-05-19T10:04:20.371+0000][163][gc,heap        ] GC(105) Eden regions: 7->0(5)
[2022-05-19T10:04:20.371+0000][163][gc,heap        ] GC(105) Survivor regions: 1->1(1)
[2022-05-19T10:04:20.371+0000][163][gc,heap        ] GC(105) Old regions: 44->45
[2022-05-19T10:04:20.371+0000][163][gc,heap        ] GC(105) Archive regions: 2->2
[2022-05-19T10:04:20.372+0000][163][gc,heap        ] GC(105) Humongous regions: 32->32
[2022-05-19T10:04:20.372+0000][163][gc,metaspace   ] GC(105) Metaspace: 101363K(102912K)->101363K(102912K) NonClass: 87405K(88384K)->87405K(88384K) Class: 13958K(14528K)->13958K(14528K)
[2022-05-19T10:04:20.372+0000][163][gc             ] GC(105) Pause Young (Prepare Mixed) (G1 Evacuation Pause) 334M->307M(512M) 6.477ms
[2022-05-19T10:04:20.372+0000][163][gc,cpu         ] GC(105) User=0.01s Sys=0.00s Real=0.01s
[2022-05-19T10:04:20.372+0000][163][safepoint      ] Safepoint "G1CollectForAllocation", Time since last: 157458500 ns, Reaching safepoint: 260100 ns, At safepoint: 6871300 ns, Total: 7131400 ns
[2022-05-19T10:04:20.530+0000][163][gc,start       ] GC(106) Pause Young (Mixed) (G1 Evacuation Pause)
[2022-05-19T10:04:20.531+0000][163][gc,task        ] GC(106) Using 10 workers of 10 for evacuation
[2022-05-19T10:04:20.531+0000][163][gc,age         ] GC(106) Desired survivor size 2097152 bytes, new threshold 4 (max threshold 15)
[2022-05-19T10:04:20.533+0000][163][gc,age         ] GC(106) Age table with threshold 4 (max threshold 15)
[2022-05-19T10:04:20.534+0000][163][gc,age         ] GC(106) - age   1:     262672 bytes,     262672 total
[2022-05-19T10:04:20.534+0000][163][gc,age         ] GC(106) - age   2:     427304 bytes,     689976 total
[2022-05-19T10:04:20.534+0000][163][gc,age         ] GC(106) - age   3:    1346768 bytes,    2036744 total
[2022-05-19T10:04:20.534+0000][163][gc,age         ] GC(106) - age   4:     262272 bytes,    2299016 total
[2022-05-19T10:04:20.534+0000][163][gc,phases      ] GC(106)   Pre Evacuate Collection Set: 0.2ms
[2022-05-19T10:04:20.535+0000][163][gc,phases      ] GC(106)   Merge Heap Roots: 0.1ms
[2022-05-19T10:04:20.535+0000][163][gc,phases      ] GC(106)   Evacuate Collection Set: 1.3ms
[2022-05-19T10:04:20.535+0000][163][gc,phases      ] GC(106)   Post Evacuate Collection Set: 0.6ms
[2022-05-19T10:04:20.535+0000][163][gc,phases      ] GC(106)   Other: 1.9ms
[2022-05-19T10:04:20.535+0000][163][gc,heap        ] GC(106) Eden regions: 5->0(24)
[2022-05-19T10:04:20.536+0000][163][gc,heap        ] GC(106) Survivor regions: 1->1(1)
[2022-05-19T10:04:20.536+0000][163][gc,heap        ] GC(106) Old regions: 45->44
[2022-05-19T10:04:20.536+0000][163][gc,heap        ] GC(106) Archive regions: 2->2
[2022-05-19T10:04:20.536+0000][163][gc,heap        ] GC(106) Humongous regions: 32->32
[2022-05-19T10:04:20.536+0000][163][gc,metaspace   ] GC(106) Metaspace: 101363K(102912K)->101363K(102912K) NonClass: 87405K(88384K)->87405K(88384K) Class: 13958K(14528K)->13958K(14528K)
[2022-05-19T10:04:20.536+0000][163][gc             ] GC(106) Pause Young (Mixed) (G1 Evacuation Pause) 327M->305M(512M) 6.049ms
[2022-05-19T10:04:20.536+0000][163][gc,cpu         ] GC(106) User=0.01s Sys=0.00s Real=0.00s
[2022-05-19T10:04:20.537+0000][163][safepoint      ] Safepoint "G1CollectForAllocation", Time since last: 157752100 ns, Reaching safepoint: 187500 ns, At safepoint: 6347400 ns, Total: 6534900 ns
[2022-05-19T10:04:21.325+0000][163][gc,start       ] GC(107) Pause Young (Concurrent Start) (G1 Evacuation Pause)
[2022-05-19T10:04:21.325+0000][163][gc,task        ] GC(107) Using 10 workers of 10 for evacuation
[2022-05-19T10:04:21.325+0000][163][gc,age         ] GC(107) Desired survivor size 8388608 bytes, new threshold 15 (max threshold 15)
[2022-05-19T10:04:21.328+0000][163][gc,age         ] GC(107) Age table with threshold 15 (max threshold 15)
[2022-05-19T10:04:21.328+0000][163][gc,age         ] GC(107) - age   1:    2538904 bytes,    2538904 total
[2022-05-19T10:04:21.328+0000][163][gc,age         ] GC(107) - age   2:     262400 bytes,    2801304 total
[2022-05-19T10:04:21.328+0000][163][gc,age         ] GC(107) - age   3:     426192 bytes,    3227496 total
[2022-05-19T10:04:21.329+0000][163][gc,age         ] GC(107) - age   4:    1344208 bytes,    4571704 total
[2022-05-19T10:04:21.329+0000][163][gc,age         ] GC(107) - age   5:     262272 bytes,    4833976 total
[2022-05-19T10:04:21.329+0000][163][gc,phases      ] GC(107)   Pre Evacuate Collection Set: 0.3ms
[2022-05-19T10:04:21.329+0000][163][gc,phases      ] GC(107)   Merge Heap Roots: 0.2ms
[2022-05-19T10:04:21.329+0000][163][gc,phases      ] GC(107)   Evacuate Collection Set: 1.4ms
[2022-05-19T10:04:21.330+0000][163][gc,phases      ] GC(107)   Post Evacuate Collection Set: 0.6ms
[2022-05-19T10:04:21.330+0000][163][gc,phases      ] GC(107)   Other: 2.2ms
[2022-05-19T10:04:21.330+0000][163][gc,heap        ] GC(107) Eden regions: 24->0(14)
[2022-05-19T10:04:21.330+0000][163][gc,heap        ] GC(107) Survivor regions: 1->2(4)
[2022-05-19T10:04:21.330+0000][163][gc,heap        ] GC(107) Old regions: 44->44
[2022-05-19T10:04:21.330+0000][163][gc,heap        ] GC(107) Archive regions: 2->2
[2022-05-19T10:04:21.331+0000][163][gc,heap        ] GC(107) Humongous regions: 32->32
[2022-05-19T10:04:21.331+0000][163][gc,metaspace   ] GC(107) Metaspace: 101363K(102912K)->101363K(102912K) NonClass: 87405K(88384K)->87405K(88384K) Class: 13958K(14528K)->13958K(14528K)
[2022-05-19T10:04:21.331+0000][163][gc             ] GC(107) Pause Young (Concurrent Start) (G1 Evacuation Pause) 401M->308M(512M) 6.427ms
[2022-05-19T10:04:21.331+0000][163][gc,cpu         ] GC(107) User=0.01s Sys=0.00s Real=0.01s
[2022-05-19T10:04:21.331+0000][163][gc             ] GC(108) Concurrent Mark Cycle
[2022-05-19T10:04:21.331+0000][163][gc,marking     ] GC(108) Concurrent Clear Claimed Marks
[2022-05-19T10:04:21.331+0000][163][safepoint      ] Safepoint "G1CollectForAllocation", Time since last: 787681000 ns, Reaching safepoint: 262000 ns, At safepoint: 6854100 ns, Total: 7116100 ns
[2022-05-19T10:04:21.332+0000][163][gc,marking     ] GC(108) Concurrent Clear Claimed Marks 0.195ms
[2022-05-19T10:04:21.332+0000][163][gc,marking     ] GC(108) Concurrent Scan Root Regions
[2022-05-19T10:04:21.333+0000][163][gc,marking     ] GC(108) Concurrent Scan Root Regions 0.904ms
[2022-05-19T10:04:21.333+0000][163][gc,marking     ] GC(108) Concurrent Mark
[2022-05-19T10:04:21.333+0000][163][gc,marking     ] GC(108) Concurrent Mark From Roots
[2022-05-19T10:04:21.333+0000][163][gc,task        ] GC(108) Using 3 workers of 3 for marking
[2022-05-19T10:04:21.373+0000][163][gc,marking     ] GC(108) Concurrent Mark From Roots 39.745ms
[2022-05-19T10:04:21.373+0000][163][gc,marking     ] GC(108) Concurrent Preclean
[2022-05-19T10:04:21.374+0000][163][gc,marking     ] GC(108) Concurrent Preclean 0.597ms
[2022-05-19T10:04:21.374+0000][163][gc,start       ] GC(108) Pause Remark
[2022-05-19T10:04:21.377+0000][163][gc             ] GC(108) Pause Remark 313M->313M(512M) 2.954ms
[2022-05-19T10:04:21.377+0000][163][gc,cpu         ] GC(108) User=0.02s Sys=0.00s Real=0.00s
[2022-05-19T10:04:21.378+0000][163][safepoint      ] Safepoint "G1Concurrent", Time since last: 42651600 ns, Reaching safepoint: 251400 ns, At safepoint: 3422600 ns, Total: 3674000 ns
[2022-05-19T10:04:21.378+0000][163][gc,marking     ] GC(108) Concurrent Mark 44.948ms
[2022-05-19T10:04:21.378+0000][163][gc,marking     ] GC(108) Concurrent Rebuild Remembered Sets
[2022-05-19T10:04:21.402+0000][163][gc,marking     ] GC(108) Concurrent Rebuild Remembered Sets 23.886ms
[2022-05-19T10:04:21.403+0000][163][gc,start       ] GC(108) Pause Cleanup
[2022-05-19T10:04:21.403+0000][163][gc             ] GC(108) Pause Cleanup 315M->315M(512M) 0.391ms
[2022-05-19T10:04:21.403+0000][163][gc,cpu         ] GC(108) User=0.01s Sys=0.00s Real=0.00s
[2022-05-19T10:04:21.403+0000][163][safepoint      ] Safepoint "G1Concurrent", Time since last: 24652500 ns, Reaching safepoint: 254400 ns, At safepoint: 701500 ns, Total: 955900 ns
[2022-05-19T10:04:21.403+0000][163][gc,marking     ] GC(108) Concurrent Cleanup for Next Mark
[2022-05-19T10:04:21.404+0000][163][gc,marking     ] GC(108) Concurrent Cleanup for Next Mark 0.372ms
[2022-05-19T10:04:21.404+0000][163][gc             ] GC(108) Concurrent Mark Cycle 72.668ms
[2022-05-19T10:04:22.239+0000][163][gc,start       ] GC(109) Pause Young (Prepare Mixed) (G1 Evacuation Pause)
[2022-05-19T10:04:22.239+0000][163][gc,task        ] GC(109) Using 10 workers of 10 for evacuation
[2022-05-19T10:04:22.239+0000][163][gc,age         ] GC(109) Desired survivor size 8388608 bytes, new threshold 15 (max threshold 15)
[2022-05-19T10:04:22.242+0000][163][gc,age         ] GC(109) Age table with threshold 15 (max threshold 15)
[2022-05-19T10:04:22.242+0000][163][gc,age         ] GC(109) - age   1:    1414608 bytes,    1414608 total
[2022-05-19T10:04:22.242+0000][163][gc,age         ] GC(109) - age   2:    2534664 bytes,    3949272 total
[2022-05-19T10:04:22.243+0000][163][gc,age         ] GC(109) - age   3:     262272 bytes,    4211544 total
[2022-05-19T10:04:22.243+0000][163][gc,age         ] GC(109) - age   4:     426192 bytes,    4637736 total
[2022-05-19T10:04:22.243+0000][163][gc,age         ] GC(109) - age   5:    1344176 bytes,    5981912 total
[2022-05-19T10:04:22.243+0000][163][gc,age         ] GC(109) - age   6:     262272 bytes,    6244184 total
[2022-05-19T10:04:22.243+0000][163][gc,phases      ] GC(109)   Pre Evacuate Collection Set: 0.2ms
[2022-05-19T10:04:22.243+0000][163][gc,phases      ] GC(109)   Merge Heap Roots: 0.3ms
[2022-05-19T10:04:22.244+0000][163][gc,phases      ] GC(109)   Evacuate Collection Set: 1.2ms
[2022-05-19T10:04:22.244+0000][163][gc,phases      ] GC(109)   Post Evacuate Collection Set: 0.8ms
[2022-05-19T10:04:22.244+0000][163][gc,phases      ] GC(109)   Other: 1.7ms
[2022-05-19T10:04:22.244+0000][163][gc,heap        ] GC(109) Eden regions: 24->0(4)
[2022-05-19T10:04:22.244+0000][163][gc,heap        ] GC(109) Survivor regions: 2->2(4)
[2022-05-19T10:04:22.244+0000][163][gc,heap        ] GC(109) Old regions: 44->44
[2022-05-19T10:04:22.244+0000][163][gc,heap        ] GC(109) Archive regions: 2->2
[2022-05-19T10:04:22.244+0000][163][gc,heap        ] GC(109) Humongous regions: 32->32
[2022-05-19T10:04:22.244+0000][163][gc,metaspace   ] GC(109) Metaspace: 101363K(102912K)->101363K(102912K) NonClass: 87405K(88384K)->87405K(88384K) Class: 13958K(14528K)->13958K(14528K)
[2022-05-19T10:04:22.245+0000][163][gc             ] GC(109) Pause Young (Prepare Mixed) (G1 Evacuation Pause) 404M->309M(512M) 5.550ms
[2022-05-19T10:04:22.245+0000][163][gc,cpu         ] GC(109) User=0.00s Sys=0.01s Real=0.01s
[2022-05-19T10:04:22.245+0000][163][safepoint      ] Safepoint "G1CollectForAllocation", Time since last: 835512700 ns, Reaching safepoint: 228600 ns, At safepoint: 5866600 ns, Total: 6095200 ns
[2022-05-19T10:04:22.373+0000][163][gc,start       ] GC(110) Pause Young (Mixed) (G1 Evacuation Pause)
[2022-05-19T10:04:22.373+0000][163][gc,task        ] GC(110) Using 10 workers of 10 for evacuation
[2022-05-19T10:04:22.373+0000][163][gc,age         ] GC(110) Desired survivor size 2097152 bytes, new threshold 2 (max threshold 15)
[2022-05-19T10:04:22.377+0000][163][gc,age         ] GC(110) Age table with threshold 2 (max threshold 15)
[2022-05-19T10:04:22.377+0000][163][gc,age         ] GC(110) - age   1:     198792 bytes,     198792 total
[2022-05-19T10:04:22.377+0000][163][gc,age         ] GC(110) - age   2:    1412896 bytes,    1611688 total
[2022-05-19T10:04:22.377+0000][163][gc,phases      ] GC(110)   Pre Evacuate Collection Set: 0.2ms
[2022-05-19T10:04:22.378+0000][163][gc,phases      ] GC(110)   Merge Heap Roots: 0.2ms
[2022-05-19T10:04:22.378+0000][163][gc,phases      ] GC(110)   Evacuate Collection Set: 2.4ms
[2022-05-19T10:04:22.378+0000][163][gc,phases      ] GC(110)   Post Evacuate Collection Set: 0.6ms
[2022-05-19T10:04:22.378+0000][163][gc,phases      ] GC(110)   Other: 1.2ms
[2022-05-19T10:04:22.378+0000][163][gc,heap        ] GC(110) Eden regions: 4->0(24)
[2022-05-19T10:04:22.378+0000][163][gc,heap        ] GC(110) Survivor regions: 2->1(1)
[2022-05-19T10:04:22.379+0000][163][gc,heap        ] GC(110) Old regions: 44->45
[2022-05-19T10:04:22.379+0000][163][gc,heap        ] GC(110) Archive regions: 2->2
[2022-05-19T10:04:22.379+0000][163][gc,heap        ] GC(110) Humongous regions: 32->32
[2022-05-19T10:04:22.379+0000][163][gc,metaspace   ] GC(110) Metaspace: 101363K(102912K)->101363K(102912K) NonClass: 87405K(88384K)->87405K(88384K) Class: 13958K(14528K)->13958K(14528K)
[2022-05-19T10:04:22.379+0000][163][gc             ] GC(110) Pause Young (Mixed) (G1 Evacuation Pause) 325M->308M(512M) 6.387ms
[2022-05-19T10:04:22.380+0000][163][gc,cpu         ] GC(110) User=0.02s Sys=0.00s Real=0.00s
[2022-05-19T10:04:22.380+0000][163][safepoint      ] Safepoint "G1CollectForAllocation", Time since last: 127689600 ns, Reaching safepoint: 325100 ns, At safepoint: 6862700 ns, Total: 7187800 ns
[2022-05-19T10:04:23.140+0000][163][gc,start       ] GC(111) Pause Young (Concurrent Start) (G1 Evacuation Pause)
[2022-05-19T10:04:23.140+0000][163][gc,task        ] GC(111) Using 10 workers of 10 for evacuation
[2022-05-19T10:04:23.141+0000][163][gc,age         ] GC(111) Desired survivor size 8388608 bytes, new threshold 15 (max threshold 15)
[2022-05-19T10:04:23.144+0000][163][gc,age         ] GC(111) Age table with threshold 15 (max threshold 15)
[2022-05-19T10:04:23.144+0000][163][gc,age         ] GC(111) - age   1:    1381976 bytes,    1381976 total
[2022-05-19T10:04:23.144+0000][163][gc,age         ] GC(111) - age   2:     196704 bytes,    1578680 total
[2022-05-19T10:04:23.144+0000][163][gc,age         ] GC(111) - age   3:    1410240 bytes,    2988920 total
[2022-05-19T10:04:23.145+0000][163][gc,phases      ] GC(111)   Pre Evacuate Collection Set: 0.4ms
[2022-05-19T10:04:23.145+0000][163][gc,phases      ] GC(111)   Merge Heap Roots: 0.2ms
[2022-05-19T10:04:23.145+0000][163][gc,phases      ] GC(111)   Evacuate Collection Set: 1.5ms
[2022-05-19T10:04:23.145+0000][163][gc,phases      ] GC(111)   Post Evacuate Collection Set: 0.8ms
[2022-05-19T10:04:23.146+0000][163][gc,phases      ] GC(111)   Other: 1.8ms
[2022-05-19T10:04:23.146+0000][163][gc,heap        ] GC(111) Eden regions: 24->0(15)
[2022-05-19T10:04:23.146+0000][163][gc,heap        ] GC(111) Survivor regions: 1->1(4)
[2022-05-19T10:04:23.146+0000][163][gc,heap        ] GC(111) Old regions: 45->45
[2022-05-19T10:04:23.146+0000][163][gc,heap        ] GC(111) Archive regions: 2->2
[2022-05-19T10:04:23.146+0000][163][gc,heap        ] GC(111) Humongous regions: 32->32
[2022-05-19T10:04:23.147+0000][163][gc,metaspace   ] GC(111) Metaspace: 101364K(102912K)->101364K(102912K) NonClass: 87406K(88384K)->87406K(88384K) Class: 13958K(14528K)->13958K(14528K)
[2022-05-19T10:04:23.147+0000][163][gc             ] GC(111) Pause Young (Concurrent Start) (G1 Evacuation Pause) 404M->309M(512M) 6.702ms
[2022-05-19T10:04:23.147+0000][163][gc,cpu         ] GC(111) User=0.01s Sys=0.00s Real=0.00s
[2022-05-19T10:04:23.147+0000][163][safepoint      ] Safepoint "G1CollectForAllocation", Time since last: 760021200 ns, Reaching safepoint: 330500 ns, At safepoint: 7090700 ns, Total: 7421200 ns
[2022-05-19T10:04:23.147+0000][163][gc             ] GC(112) Concurrent Mark Cycle
[2022-05-19T10:04:23.148+0000][163][gc,marking     ] GC(112) Concurrent Clear Claimed Marks
[2022-05-19T10:04:23.148+0000][163][gc,marking     ] GC(112) Concurrent Clear Claimed Marks 0.204ms
[2022-05-19T10:04:23.148+0000][163][gc,marking     ] GC(112) Concurrent Scan Root Regions
[2022-05-19T10:04:23.149+0000][163][gc,marking     ] GC(112) Concurrent Scan Root Regions 1.411ms
[2022-05-19T10:04:23.149+0000][163][gc,marking     ] GC(112) Concurrent Mark
[2022-05-19T10:04:23.150+0000][163][gc,marking     ] GC(112) Concurrent Mark From Roots
[2022-05-19T10:04:23.150+0000][163][gc,task        ] GC(112) Using 3 workers of 3 for marking
[2022-05-19T10:04:23.210+0000][163][gc,marking     ] GC(112) Concurrent Mark From Roots 60.663ms
[2022-05-19T10:04:23.211+0000][163][gc,marking     ] GC(112) Concurrent Preclean
[2022-05-19T10:04:23.211+0000][163][gc,marking     ] GC(112) Concurrent Preclean 0.681ms
[2022-05-19T10:04:23.212+0000][163][gc,start       ] GC(112) Pause Remark
[2022-05-19T10:04:23.215+0000][163][gc             ] GC(112) Pause Remark 314M->314M(512M) 3.093ms
[2022-05-19T10:04:23.215+0000][163][gc,cpu         ] GC(112) User=0.02s Sys=0.00s Real=0.00s
[2022-05-19T10:04:23.215+0000][163][safepoint      ] Safepoint "G1Concurrent", Time since last: 64360200 ns, Reaching safepoint: 346700 ns, At safepoint: 3535400 ns, Total: 3882100 ns
[2022-05-19T10:04:23.216+0000][163][gc,marking     ] GC(112) Concurrent Mark 66.133ms
[2022-05-19T10:04:23.216+0000][163][gc,marking     ] GC(112) Concurrent Rebuild Remembered Sets
[2022-05-19T10:04:23.242+0000][163][gc,marking     ] GC(112) Concurrent Rebuild Remembered Sets 26.168ms
[2022-05-19T10:04:23.243+0000][163][gc,start       ] GC(112) Pause Cleanup
[2022-05-19T10:04:23.243+0000][163][gc             ] GC(112) Pause Cleanup 317M->317M(512M) 0.430ms
[2022-05-19T10:04:23.243+0000][163][gc,cpu         ] GC(112) User=0.00s Sys=0.00s Real=0.00s
[2022-05-19T10:04:23.243+0000][163][safepoint      ] Safepoint "G1Concurrent", Time since last: 26763400 ns, Reaching safepoint: 326700 ns, At safepoint: 804800 ns, Total: 1131500 ns
[2022-05-19T10:04:23.244+0000][163][gc,marking     ] GC(112) Concurrent Cleanup for Next Mark
[2022-05-19T10:04:23.244+0000][163][gc,marking     ] GC(112) Concurrent Cleanup for Next Mark 0.468ms
[2022-05-19T10:04:23.244+0000][163][gc             ] GC(112) Concurrent Mark Cycle 97.012ms
[2022-05-19T10:04:24.031+0000][163][gc,start       ] GC(113) Pause Young (Prepare Mixed) (G1 Evacuation Pause)
[2022-05-19T10:04:24.031+0000][163][gc,task        ] GC(113) Using 10 workers of 10 for evacuation
[2022-05-19T10:04:24.031+0000][163][gc,age         ] GC(113) Desired survivor size 8388608 bytes, new threshold 15 (max threshold 15)
[2022-05-19T10:04:24.033+0000][163][gc,age         ] GC(113) Age table with threshold 15 (max threshold 15)
[2022-05-19T10:04:24.033+0000][163][gc,age         ] GC(113) - age   1:    1445536 bytes,    1445536 total
[2022-05-19T10:04:24.034+0000][163][gc,age         ] GC(113) - age   2:    1379000 bytes,    2824536 total
[2022-05-19T10:04:24.034+0000][163][gc,age         ] GC(113) - age   3:     196704 bytes,    3021240 total
[2022-05-19T10:04:24.034+0000][163][gc,age         ] GC(113) - age   4:    1410184 bytes,    4431424 total
[2022-05-19T10:04:24.034+0000][163][gc,phases      ] GC(113)   Pre Evacuate Collection Set: 0.2ms
[2022-05-19T10:04:24.034+0000][163][gc,phases      ] GC(113)   Merge Heap Roots: 0.2ms
[2022-05-19T10:04:24.034+0000][163][gc,phases      ] GC(113)   Evacuate Collection Set: 1.0ms
[2022-05-19T10:04:24.035+0000][163][gc,phases      ] GC(113)   Post Evacuate Collection Set: 0.6ms
[2022-05-19T10:04:24.035+0000][163][gc,phases      ] GC(113)   Other: 1.4ms
[2022-05-19T10:04:24.035+0000][163][gc,heap        ] GC(113) Eden regions: 25->0(4)
[2022-05-19T10:04:24.035+0000][163][gc,heap        ] GC(113) Survivor regions: 1->2(4)
[2022-05-19T10:04:24.035+0000][163][gc,heap        ] GC(113) Old regions: 45->45
[2022-05-19T10:04:24.035+0000][163][gc,heap        ] GC(113) Archive regions: 2->2
[2022-05-19T10:04:24.035+0000][163][gc,heap        ] GC(113) Humongous regions: 32->32
[2022-05-19T10:04:24.035+0000][163][gc,metaspace   ] GC(113) Metaspace: 101364K(102912K)->101364K(102912K) NonClass: 87406K(88384K)->87406K(88384K) Class: 13958K(14528K)->13958K(14528K)
[2022-05-19T10:04:24.036+0000][163][gc             ] GC(113) Pause Young (Prepare Mixed) (G1 Evacuation Pause) 409M->310M(512M) 4.931ms
[2022-05-19T10:04:24.036+0000][163][gc,cpu         ] GC(113) User=0.02s Sys=0.00s Real=0.00s
[2022-05-19T10:04:24.036+0000][163][safepoint      ] Safepoint "G1CollectForAllocation", Time since last: 787138300 ns, Reaching safepoint: 181900 ns, At safepoint: 5305500 ns, Total: 5487400 ns
[2022-05-19T10:04:24.162+0000][163][gc,start       ] GC(114) Pause Young (Mixed) (G1 Evacuation Pause)
[2022-05-19T10:04:24.163+0000][163][gc,task        ] GC(114) Using 10 workers of 10 for evacuation
[2022-05-19T10:04:24.163+0000][163][gc,age         ] GC(114) Desired survivor size 2097152 bytes, new threshold 2 (max threshold 15)
[2022-05-19T10:04:24.165+0000][163][gc,age         ] GC(114) Age table with threshold 2 (max threshold 15)
[2022-05-19T10:04:24.165+0000][163][gc,age         ] GC(114) - age   1:     232000 bytes,     232000 total
[2022-05-19T10:04:24.166+0000][163][gc,age         ] GC(114) - age   2:    1445248 bytes,    1677248 total
[2022-05-19T10:04:24.166+0000][163][gc,phases      ] GC(114)   Pre Evacuate Collection Set: 0.2ms
[2022-05-19T10:04:24.166+0000][163][gc,phases      ] GC(114)   Merge Heap Roots: 0.2ms
[2022-05-19T10:04:24.166+0000][163][gc,phases      ] GC(114)   Evacuate Collection Set: 1.4ms
[2022-05-19T10:04:24.166+0000][163][gc,phases      ] GC(114)   Post Evacuate Collection Set: 0.6ms
[2022-05-19T10:04:24.166+0000][163][gc,phases      ] GC(114)   Other: 1.0ms
[2022-05-19T10:04:24.166+0000][163][gc,heap        ] GC(114) Eden regions: 4->0(24)
[2022-05-19T10:04:24.167+0000][163][gc,heap        ] GC(114) Survivor regions: 2->1(1)
[2022-05-19T10:04:24.167+0000][163][gc,heap        ] GC(114) Old regions: 45->46
[2022-05-19T10:04:24.167+0000][163][gc,heap        ] GC(114) Archive regions: 2->2
[2022-05-19T10:04:24.167+0000][163][gc,heap        ] GC(114) Humongous regions: 32->32
[2022-05-19T10:04:24.167+0000][163][gc,metaspace   ] GC(114) Metaspace: 101364K(102912K)->101364K(102912K) NonClass: 87406K(88384K)->87406K(88384K) Class: 13958K(14528K)->13958K(14528K)
[2022-05-19T10:04:24.167+0000][163][gc             ] GC(114) Pause Young (Mixed) (G1 Evacuation Pause) 326M->310M(512M) 4.924ms
[2022-05-19T10:04:24.167+0000][163][gc,cpu         ] GC(114) User=0.02s Sys=0.00s Real=0.00s
[2022-05-19T10:04:24.168+0000][163][safepoint      ] Safepoint "G1CollectForAllocation", Time since last: 126209000 ns, Reaching safepoint: 187000 ns, At safepoint: 5282100 ns, Total: 5469100 ns
[2022-05-19T10:04:24.535+0000][163][gc,start       ] GC(115) Pause Young (Concurrent Start) (G1 Evacuation Pause)
[2022-05-19T10:04:24.535+0000][163][gc,task        ] GC(115) Using 10 workers of 10 for evacuation
[2022-05-19T10:04:24.535+0000][163][gc,age         ] GC(115) Desired survivor size 8388608 bytes, new threshold 15 (max threshold 15)
[2022-05-19T10:04:24.538+0000][163][gc,age         ] GC(115) Age table with threshold 15 (max threshold 15)
[2022-05-19T10:04:24.538+0000][163][gc,age         ] GC(115) - age   1:    6080336 bytes,    6080336 total
[2022-05-19T10:04:24.539+0000][163][gc,age         ] GC(115) - age   2:     231504 bytes,    6311840 total
[2022-05-19T10:04:24.539+0000][163][gc,age         ] GC(115) - age   3:    1445120 bytes,    7756960 total
[2022-05-19T10:04:24.539+0000][163][gc,phases      ] GC(115)   Pre Evacuate Collection Set: 0.2ms
[2022-05-19T10:04:24.539+0000][163][gc,phases      ] GC(115)   Merge Heap Roots: 0.2ms
[2022-05-19T10:04:24.540+0000][163][gc,phases      ] GC(115)   Evacuate Collection Set: 1.6ms
[2022-05-19T10:04:24.540+0000][163][gc,phases      ] GC(115)   Post Evacuate Collection Set: 0.6ms
[2022-05-19T10:04:24.540+0000][163][gc,phases      ] GC(115)   Other: 1.7ms
[2022-05-19T10:04:24.540+0000][163][gc,heap        ] GC(115) Eden regions: 24->0(4)
[2022-05-19T10:04:24.540+0000][163][gc,heap        ] GC(115) Survivor regions: 1->2(4)
[2022-05-19T10:04:24.541+0000][163][gc,heap        ] GC(115) Old regions: 46->46
[2022-05-19T10:04:24.541+0000][163][gc,heap        ] GC(115) Archive regions: 2->2
[2022-05-19T10:04:24.541+0000][163][gc,heap        ] GC(115) Humongous regions: 32->32
[2022-05-19T10:04:24.541+0000][163][gc,metaspace   ] GC(115) Metaspace: 101373K(102912K)->101373K(102912K) NonClass: 87415K(88384K)->87415K(88384K) Class: 13958K(14528K)->13958K(14528K)
[2022-05-19T10:04:24.541+0000][163][gc             ] GC(115) Pause Young (Concurrent Start) (G1 Evacuation Pause) 406M->315M(512M) 6.413ms
[2022-05-19T10:04:24.541+0000][163][gc,cpu         ] GC(115) User=0.01s Sys=0.00s Real=0.01s
[2022-05-19T10:04:24.542+0000][163][gc             ] GC(116) Concurrent Mark Cycle
[2022-05-19T10:04:24.542+0000][163][safepoint      ] Safepoint "G1CollectForAllocation", Time since last: 366872100 ns, Reaching safepoint: 273000 ns, At safepoint: 6760800 ns, Total: 7033800 ns
[2022-05-19T10:04:24.542+0000][163][gc,marking     ] GC(116) Concurrent Clear Claimed Marks
[2022-05-19T10:04:24.542+0000][163][gc,marking     ] GC(116) Concurrent Clear Claimed Marks 0.325ms
[2022-05-19T10:04:24.542+0000][163][gc,marking     ] GC(116) Concurrent Scan Root Regions
[2022-05-19T10:04:24.543+0000][163][gc,marking     ] GC(116) Concurrent Scan Root Regions 1.052ms
[2022-05-19T10:04:24.543+0000][163][gc,marking     ] GC(116) Concurrent Mark
[2022-05-19T10:04:24.543+0000][163][gc,marking     ] GC(116) Concurrent Mark From Roots
[2022-05-19T10:04:24.544+0000][163][gc,task        ] GC(116) Using 3 workers of 3 for marking
[2022-05-19T10:04:24.585+0000][163][gc,marking     ] GC(116) Concurrent Mark From Roots 41.225ms
[2022-05-19T10:04:24.585+0000][163][gc,marking     ] GC(116) Concurrent Preclean
[2022-05-19T10:04:24.586+0000][163][gc,marking     ] GC(116) Concurrent Preclean 0.639ms
[2022-05-19T10:04:24.586+0000][163][gc,start       ] GC(116) Pause Remark
[2022-05-19T10:04:24.589+0000][163][gc             ] GC(116) Pause Remark 326M->326M(512M) 3.119ms
[2022-05-19T10:04:24.590+0000][163][gc,cpu         ] GC(116) User=0.01s Sys=0.00s Real=0.00s
[2022-05-19T10:04:24.590+0000][163][safepoint      ] Safepoint "G1Concurrent", Time since last: 44348600 ns, Reaching safepoint: 306400 ns, At safepoint: 3846500 ns, Total: 4152900 ns
[2022-05-19T10:04:24.590+0000][163][gc,marking     ] GC(116) Concurrent Mark 47.017ms
[2022-05-19T10:04:24.591+0000][163][gc,marking     ] GC(116) Concurrent Rebuild Remembered Sets
[2022-05-19T10:04:24.615+0000][163][gc,start       ] GC(117) Pause Young (Normal) (G1 Evacuation Pause)
[2022-05-19T10:04:24.616+0000][163][gc,task        ] GC(117) Using 10 workers of 10 for evacuation
[2022-05-19T10:04:24.616+0000][163][gc,age         ] GC(117) Desired survivor size 2097152 bytes, new threshold 1 (max threshold 15)
[2022-05-19T10:04:24.618+0000][163][gc,age         ] GC(117) Age table with threshold 1 (max threshold 15)
[2022-05-19T10:04:24.619+0000][163][gc,age         ] GC(117) - age   1:    1125528 bytes,    1125528 total
[2022-05-19T10:04:24.619+0000][163][gc,phases      ] GC(117)   Pre Evacuate Collection Set: 0.2ms
[2022-05-19T10:04:24.619+0000][163][gc,phases      ] GC(117)   Merge Heap Roots: 0.1ms
[2022-05-19T10:04:24.619+0000][163][gc,phases      ] GC(117)   Evacuate Collection Set: 1.3ms
[2022-05-19T10:04:24.620+0000][163][gc,phases      ] GC(117)   Post Evacuate Collection Set: 0.6ms
[2022-05-19T10:04:24.620+0000][163][gc,phases      ] GC(117)   Other: 1.5ms
[2022-05-19T10:04:24.620+0000][163][gc,heap        ] GC(117) Eden regions: 4->0(19)
[2022-05-19T10:04:24.620+0000][163][gc,heap        ] GC(117) Survivor regions: 2->1(1)
[2022-05-19T10:04:24.621+0000][163][gc,heap        ] GC(117) Old regions: 46->47
[2022-05-19T10:04:24.621+0000][163][gc,heap        ] GC(117) Archive regions: 2->2
[2022-05-19T10:04:24.621+0000][163][gc,heap        ] GC(117) Humongous regions: 32->32
[2022-05-19T10:04:24.621+0000][163][gc,metaspace   ] GC(117) Metaspace: 101373K(102912K)->101373K(102912K) NonClass: 87415K(88384K)->87415K(88384K) Class: 13958K(14528K)->13958K(14528K)
[2022-05-19T10:04:24.621+0000][163][gc             ] GC(117) Pause Young (Normal) (G1 Evacuation Pause) 331M->316M(512M) 6.110ms
[2022-05-19T10:04:24.622+0000][163][gc,cpu         ] GC(117) User=0.01s Sys=0.00s Real=0.01s
[2022-05-19T10:04:24.622+0000][163][safepoint      ] Safepoint "G1CollectForAllocation", Time since last: 24716800 ns, Reaching safepoint: 447600 ns, At safepoint: 6484300 ns, Total: 6931900 ns
[2022-05-19T10:04:24.622+0000][163][gc,marking     ] GC(116) Concurrent Rebuild Remembered Sets 31.748ms
[2022-05-19T10:04:24.623+0000][163][gc,start       ] GC(116) Pause Cleanup
[2022-05-19T10:04:24.623+0000][163][gc             ] GC(116) Pause Cleanup 316M->316M(512M) 0.308ms
[2022-05-19T10:04:24.623+0000][163][gc,cpu         ] GC(116) User=0.00s Sys=0.00s Real=0.00s
[2022-05-19T10:04:24.623+0000][163][safepoint      ] Safepoint "G1Concurrent", Time since last: 799800 ns, Reaching safepoint: 249100 ns, At safepoint: 604400 ns, Total: 853500 ns
[2022-05-19T10:04:24.623+0000][163][gc,marking     ] GC(116) Concurrent Cleanup for Next Mark
[2022-05-19T10:04:24.624+0000][163][gc,marking     ] GC(116) Concurrent Cleanup for Next Mark 0.381ms
[2022-05-19T10:04:24.624+0000][163][gc             ] GC(116) Concurrent Mark Cycle 82.617ms
[2022-05-19T10:04:24.927+0000][163][gc,start       ] GC(118) Pause Young (Prepare Mixed) (G1 Evacuation Pause)
[2022-05-19T10:04:24.928+0000][163][gc,task        ] GC(118) Using 10 workers of 10 for evacuation
[2022-05-19T10:04:24.928+0000][163][gc,age         ] GC(118) Desired survivor size 6291456 bytes, new threshold 15 (max threshold 15)
[2022-05-19T10:04:24.930+0000][163][gc,age         ] GC(118) Age table with threshold 15 (max threshold 15)
[2022-05-19T10:04:24.930+0000][163][gc,age         ] GC(118) - age   1:    2332448 bytes,    2332448 total
[2022-05-19T10:04:24.930+0000][163][gc,age         ] GC(118) - age   2:     297744 bytes,    2630192 total
[2022-05-19T10:04:24.930+0000][163][gc,phases      ] GC(118)   Pre Evacuate Collection Set: 0.2ms
[2022-05-19T10:04:24.930+0000][163][gc,phases      ] GC(118)   Merge Heap Roots: 0.1ms
[2022-05-19T10:04:24.930+0000][163][gc,phases      ] GC(118)   Evacuate Collection Set: 0.8ms
[2022-05-19T10:04:24.931+0000][163][gc,phases      ] GC(118)   Post Evacuate Collection Set: 0.6ms
[2022-05-19T10:04:24.931+0000][163][gc,phases      ] GC(118)   Other: 1.1ms
[2022-05-19T10:04:24.931+0000][163][gc,heap        ] GC(118) Eden regions: 19->0(5)
[2022-05-19T10:04:24.931+0000][163][gc,heap        ] GC(118) Survivor regions: 1->1(3)
[2022-05-19T10:04:24.931+0000][163][gc,heap        ] GC(118) Old regions: 47->47
[2022-05-19T10:04:24.931+0000][163][gc,heap        ] GC(118) Archive regions: 2->2
[2022-05-19T10:04:24.931+0000][163][gc,heap        ] GC(118) Humongous regions: 32->32
[2022-05-19T10:04:24.931+0000][163][gc,metaspace   ] GC(118) Metaspace: 101374K(102912K)->101374K(102912K) NonClass: 87416K(88384K)->87416K(88384K) Class: 13958K(14528K)->13958K(14528K)
[2022-05-19T10:04:24.932+0000][163][gc             ] GC(118) Pause Young (Prepare Mixed) (G1 Evacuation Pause) 392M->317M(512M) 4.258ms
[2022-05-19T10:04:24.932+0000][163][gc,cpu         ] GC(118) User=0.01s Sys=0.00s Real=0.01s
[2022-05-19T10:04:24.932+0000][163][safepoint      ] Safepoint "G1CollectForAllocation", Time since last: 303640000 ns, Reaching safepoint: 319300 ns, At safepoint: 4597900 ns, Total: 4917200 ns
[2022-05-19T10:04:25.010+0000][163][gc,start       ] GC(119) Pause Young (Mixed) (G1 Evacuation Pause)
[2022-05-19T10:04:25.010+0000][163][gc,task        ] GC(119) Using 10 workers of 10 for evacuation
[2022-05-19T10:04:25.010+0000][163][gc,age         ] GC(119) Desired survivor size 2097152 bytes, new threshold 1 (max threshold 15)
[2022-05-19T10:04:25.013+0000][163][gc,age         ] GC(119) Age table with threshold 1 (max threshold 15)
[2022-05-19T10:04:25.014+0000][163][gc,age         ] GC(119) - age   1:     535624 bytes,     535624 total
[2022-05-19T10:04:25.014+0000][163][gc,phases      ] GC(119)   Pre Evacuate Collection Set: 0.2ms
[2022-05-19T10:04:25.014+0000][163][gc,phases      ] GC(119)   Merge Heap Roots: 0.2ms
[2022-05-19T10:04:25.014+0000][163][gc,phases      ] GC(119)   Evacuate Collection Set: 2.2ms
[2022-05-19T10:04:25.014+0000][163][gc,phases      ] GC(119)   Post Evacuate Collection Set: 0.6ms
[2022-05-19T10:04:25.014+0000][163][gc,phases      ] GC(119)   Other: 1.1ms
[2022-05-19T10:04:25.015+0000][163][gc,heap        ] GC(119) Eden regions: 5->0(22)
[2022-05-19T10:04:25.015+0000][163][gc,heap        ] GC(119) Survivor regions: 1->1(1)
[2022-05-19T10:04:25.015+0000][163][gc,heap        ] GC(119) Old regions: 47->48
[2022-05-19T10:04:25.015+0000][163][gc,heap        ] GC(119) Archive regions: 2->2
[2022-05-19T10:04:25.015+0000][163][gc,heap        ] GC(119) Humongous regions: 32->32
[2022-05-19T10:04:25.015+0000][163][gc,metaspace   ] GC(119) Metaspace: 101374K(102912K)->101374K(102912K) NonClass: 87416K(88384K)->87416K(88384K) Class: 13958K(14528K)->13958K(14528K)
[2022-05-19T10:04:25.016+0000][163][gc             ] GC(119) Pause Young (Mixed) (G1 Evacuation Pause) 337M->317M(512M) 6.004ms
[2022-05-19T10:04:25.016+0000][163][gc,cpu         ] GC(119) User=0.02s Sys=0.00s Real=0.01s
[2022-05-19T10:04:25.016+0000][163][safepoint      ] Safepoint "G1CollectForAllocation", Time since last: 77391800 ns, Reaching safepoint: 275100 ns, At safepoint: 6387600 ns, Total: 6662700 ns
[2022-05-19T10:04:25.356+0000][163][gc,start       ] GC(120) Pause Young (Concurrent Start) (G1 Evacuation Pause)
[2022-05-19T10:04:25.356+0000][163][gc,task        ] GC(120) Using 10 workers of 10 for evacuation
[2022-05-19T10:04:25.356+0000][163][gc,age         ] GC(120) Desired survivor size 6291456 bytes, new threshold 15 (max threshold 15)
[2022-05-19T10:04:25.359+0000][163][gc,age         ] GC(120) Age table with threshold 15 (max threshold 15)
[2022-05-19T10:04:25.359+0000][163][gc,age         ] GC(120) - age   1:    3202936 bytes,    3202936 total
[2022-05-19T10:04:25.359+0000][163][gc,age         ] GC(120) - age   2:     330872 bytes,    3533808 total
[2022-05-19T10:04:25.359+0000][163][gc,phases      ] GC(120)   Pre Evacuate Collection Set: 0.2ms
[2022-05-19T10:04:25.360+0000][163][gc,phases      ] GC(120)   Merge Heap Roots: 0.1ms
[2022-05-19T10:04:25.360+0000][163][gc,phases      ] GC(120)   Evacuate Collection Set: 1.2ms
[2022-05-19T10:04:25.360+0000][163][gc,phases      ] GC(120)   Post Evacuate Collection Set: 0.6ms
[2022-05-19T10:04:25.360+0000][163][gc,phases      ] GC(120)   Other: 1.2ms
[2022-05-19T10:04:25.360+0000][163][gc,heap        ] GC(120) Eden regions: 22->0(19)
[2022-05-19T10:04:25.360+0000][163][gc,heap        ] GC(120) Survivor regions: 1->1(3)
[2022-05-19T10:04:25.360+0000][163][gc,heap        ] GC(120) Old regions: 48->48
[2022-05-19T10:04:25.361+0000][163][gc,heap        ] GC(120) Archive regions: 2->2
[2022-05-19T10:04:25.361+0000][163][gc,heap        ] GC(120) Humongous regions: 32->32
[2022-05-19T10:04:25.361+0000][163][gc,metaspace   ] GC(120) Metaspace: 101375K(102912K)->101375K(102912K) NonClass: 87416K(88384K)->87416K(88384K) Class: 13958K(14528K)->13958K(14528K)
[2022-05-19T10:04:25.361+0000][163][gc             ] GC(120) Pause Young (Concurrent Start) (G1 Evacuation Pause) 405M->320M(512M) 4.946ms
[2022-05-19T10:04:25.361+0000][163][gc,cpu         ] GC(120) User=0.02s Sys=0.00s Real=0.01s
[2022-05-19T10:04:25.361+0000][163][gc             ] GC(121) Concurrent Mark Cycle
[2022-05-19T10:04:25.361+0000][163][gc,marking     ] GC(121) Concurrent Clear Claimed Marks
[2022-05-19T10:04:25.361+0000][163][safepoint      ] Safepoint "G1CollectForAllocation", Time since last: 339705300 ns, Reaching safepoint: 301800 ns, At safepoint: 5254900 ns, Total: 5556700 ns
[2022-05-19T10:04:25.362+0000][163][gc,marking     ] GC(121) Concurrent Clear Claimed Marks 0.206ms
[2022-05-19T10:04:25.362+0000][163][gc,marking     ] GC(121) Concurrent Scan Root Regions
[2022-05-19T10:04:25.363+0000][163][gc,marking     ] GC(121) Concurrent Scan Root Regions 1.037ms
[2022-05-19T10:04:25.363+0000][163][gc,marking     ] GC(121) Concurrent Mark
[2022-05-19T10:04:25.363+0000][163][gc,marking     ] GC(121) Concurrent Mark From Roots
[2022-05-19T10:04:25.363+0000][163][gc,task        ] GC(121) Using 3 workers of 3 for marking
[2022-05-19T10:04:25.410+0000][163][gc,marking     ] GC(121) Concurrent Mark From Roots 46.910ms
[2022-05-19T10:04:25.410+0000][163][gc,marking     ] GC(121) Concurrent Preclean
[2022-05-19T10:04:25.411+0000][163][gc,marking     ] GC(121) Concurrent Preclean 0.628ms
[2022-05-19T10:04:25.411+0000][163][gc,start       ] GC(121) Pause Remark
[2022-05-19T10:04:25.414+0000][163][gc             ] GC(121) Pause Remark 331M->331M(512M) 2.822ms
[2022-05-19T10:04:25.414+0000][163][gc,cpu         ] GC(121) User=0.01s Sys=0.00s Real=0.00s
[2022-05-19T10:04:25.415+0000][163][safepoint      ] Safepoint "G1Concurrent", Time since last: 49854400 ns, Reaching safepoint: 259700 ns, At safepoint: 3403200 ns, Total: 3662900 ns
[2022-05-19T10:04:25.415+0000][163][gc,marking     ] GC(121) Concurrent Mark 52.012ms
[2022-05-19T10:04:25.415+0000][163][gc,marking     ] GC(121) Concurrent Rebuild Remembered Sets
[2022-05-19T10:04:25.435+0000][163][gc,marking     ] GC(121) Concurrent Rebuild Remembered Sets 19.666ms
[2022-05-19T10:04:25.435+0000][163][gc,start       ] GC(121) Pause Cleanup
[2022-05-19T10:04:25.436+0000][163][gc             ] GC(121) Pause Cleanup 335M->335M(512M) 0.479ms
[2022-05-19T10:04:25.436+0000][163][gc,cpu         ] GC(121) User=0.00s Sys=0.00s Real=0.00s
[2022-05-19T10:04:25.436+0000][163][safepoint      ] Safepoint "G1Concurrent", Time since last: 20397600 ns, Reaching safepoint: 290100 ns, At safepoint: 958500 ns, Total: 1248600 ns
[2022-05-19T10:04:25.437+0000][163][gc,marking     ] GC(121) Concurrent Cleanup for Next Mark
[2022-05-19T10:04:25.437+0000][163][gc,marking     ] GC(121) Concurrent Cleanup for Next Mark 0.483ms
[2022-05-19T10:04:25.437+0000][163][gc             ] GC(121) Concurrent Mark Cycle 76.078ms
[2022-05-19T10:04:26.001+0000][163][gc,start       ] GC(122) Pause Young (Prepare Mixed) (G1 Evacuation Pause)
[2022-05-19T10:04:26.001+0000][163][gc,task        ] GC(122) Using 10 workers of 10 for evacuation
[2022-05-19T10:04:26.001+0000][163][gc,age         ] GC(122) Desired survivor size 6291456 bytes, new threshold 15 (max threshold 15)
[2022-05-19T10:04:26.004+0000][163][gc,age         ] GC(122) Age table with threshold 15 (max threshold 15)
[2022-05-19T10:04:26.004+0000][163][gc,age         ] GC(122) - age   1:    2803440 bytes,    2803440 total
[2022-05-19T10:04:26.005+0000][163][gc,age         ] GC(122) - age   2:    2017200 bytes,    4820640 total
[2022-05-19T10:04:26.005+0000][163][gc,age         ] GC(122) - age   3:     330848 bytes,    5151488 total
[2022-05-19T10:04:26.005+0000][163][gc,phases      ] GC(122)   Pre Evacuate Collection Set: 0.2ms
[2022-05-19T10:04:26.005+0000][163][gc,phases      ] GC(122)   Merge Heap Roots: 0.2ms
[2022-05-19T10:04:26.006+0000][163][gc,phases      ] GC(122)   Evacuate Collection Set: 1.1ms
[2022-05-19T10:04:26.006+0000][163][gc,phases      ] GC(122)   Post Evacuate Collection Set: 0.8ms
[2022-05-19T10:04:26.006+0000][163][gc,phases      ] GC(122)   Other: 2.1ms
[2022-05-19T10:04:26.006+0000][163][gc,heap        ] GC(122) Eden regions: 22->0(4)
[2022-05-19T10:04:26.007+0000][163][gc,heap        ] GC(122) Survivor regions: 1->2(3)
[2022-05-19T10:04:26.007+0000][163][gc,heap        ] GC(122) Old regions: 48->48
[2022-05-19T10:04:26.007+0000][163][gc,heap        ] GC(122) Archive regions: 2->2
[2022-05-19T10:04:26.007+0000][163][gc,heap        ] GC(122) Humongous regions: 32->32
[2022-05-19T10:04:26.008+0000][163][gc,metaspace   ] GC(122) Metaspace: 101375K(102912K)->101375K(102912K) NonClass: 87417K(88384K)->87417K(88384K) Class: 13958K(14528K)->13958K(14528K)
[2022-05-19T10:04:26.008+0000][163][gc             ] GC(122) Pause Young (Prepare Mixed) (G1 Evacuation Pause) 408M->322M(512M) 7.078ms
[2022-05-19T10:04:26.008+0000][163][gc,cpu         ] GC(122) User=0.02s Sys=0.00s Real=0.00s
[2022-05-19T10:04:26.008+0000][163][safepoint      ] Safepoint "G1CollectForAllocation", Time since last: 563932600 ns, Reaching safepoint: 289400 ns, At safepoint: 7479300 ns, Total: 7768700 ns
[2022-05-19T10:04:26.135+0000][163][gc,start       ] GC(123) Pause Young (Mixed) (G1 Evacuation Pause)
[2022-05-19T10:04:26.135+0000][163][gc,task        ] GC(123) Using 10 workers of 10 for evacuation
[2022-05-19T10:04:26.136+0000][163][gc,age         ] GC(123) Desired survivor size 2097152 bytes, new threshold 1 (max threshold 15)
[2022-05-19T10:04:26.138+0000][163][gc,age         ] GC(123) Age table with threshold 1 (max threshold 15)
[2022-05-19T10:04:26.139+0000][163][gc,age         ] GC(123) - age   1:     196992 bytes,     196992 total
[2022-05-19T10:04:26.139+0000][163][gc,phases      ] GC(123)   Pre Evacuate Collection Set: 0.2ms
[2022-05-19T10:04:26.139+0000][163][gc,phases      ] GC(123)   Merge Heap Roots: 0.2ms
[2022-05-19T10:04:26.139+0000][163][gc,phases      ] GC(123)   Evacuate Collection Set: 1.7ms
[2022-05-19T10:04:26.140+0000][163][gc,phases      ] GC(123)   Post Evacuate Collection Set: 0.7ms
[2022-05-19T10:04:26.140+0000][163][gc,phases      ] GC(123)   Other: 1.3ms
[2022-05-19T10:04:26.140+0000][163][gc,heap        ] GC(123) Eden regions: 4->0(21)
[2022-05-19T10:04:26.140+0000][163][gc,heap        ] GC(123) Survivor regions: 2->1(1)
[2022-05-19T10:04:26.140+0000][163][gc,heap        ] GC(123) Old regions: 48->49
[2022-05-19T10:04:26.140+0000][163][gc,heap        ] GC(123) Archive regions: 2->2
[2022-05-19T10:04:26.140+0000][163][gc,heap        ] GC(123) Humongous regions: 32->32
[2022-05-19T10:04:26.141+0000][163][gc,metaspace   ] GC(123) Metaspace: 101375K(102912K)->101375K(102912K) NonClass: 87417K(88384K)->87417K(88384K) Class: 13958K(14528K)->13958K(14528K)
[2022-05-19T10:04:26.141+0000][163][gc             ] GC(123) Pause Young (Mixed) (G1 Evacuation Pause) 338M->321M(512M) 5.702ms
[2022-05-19T10:04:26.141+0000][163][gc,cpu         ] GC(123) User=0.02s Sys=0.00s Real=0.01s
[2022-05-19T10:04:26.141+0000][163][safepoint      ] Safepoint "G1CollectForAllocation", Time since last: 126656900 ns, Reaching safepoint: 190200 ns, At safepoint: 6010100 ns, Total: 6200300 ns
[2022-05-19T10:04:26.804+0000][163][gc,start       ] GC(124) Pause Young (Concurrent Start) (G1 Evacuation Pause)
[2022-05-19T10:04:26.804+0000][163][gc,task        ] GC(124) Using 10 workers of 10 for evacuation
[2022-05-19T10:04:26.804+0000][163][gc,age         ] GC(124) Desired survivor size 6291456 bytes, new threshold 15 (max threshold 15)
[2022-05-19T10:04:26.807+0000][163][gc,age         ] GC(124) Age table with threshold 15 (max threshold 15)
[2022-05-19T10:04:26.807+0000][163][gc,age         ] GC(124) - age   1:    1250528 bytes,    1250528 total
[2022-05-19T10:04:26.807+0000][163][gc,age         ] GC(124) - age   2:     196704 bytes,    1447232 total
[2022-05-19T10:04:26.808+0000][163][gc,phases      ] GC(124)   Pre Evacuate Collection Set: 0.3ms
[2022-05-19T10:04:26.808+0000][163][gc,phases      ] GC(124)   Merge Heap Roots: 0.2ms
[2022-05-19T10:04:26.808+0000][163][gc,phases      ] GC(124)   Evacuate Collection Set: 1.2ms
[2022-05-19T10:04:26.808+0000][163][gc,phases      ] GC(124)   Post Evacuate Collection Set: 0.5ms
[2022-05-19T10:04:26.809+0000][163][gc,phases      ] GC(124)   Other: 1.7ms
[2022-05-19T10:04:26.809+0000][163][gc,heap        ] GC(124) Eden regions: 21->0(21)
[2022-05-19T10:04:26.809+0000][163][gc,heap        ] GC(124) Survivor regions: 1->1(3)
[2022-05-19T10:04:26.809+0000][163][gc,heap        ] GC(124) Old regions: 49->49
[2022-05-19T10:04:26.809+0000][163][gc,heap        ] GC(124) Archive regions: 2->2
[2022-05-19T10:04:26.810+0000][163][gc,heap        ] GC(124) Humongous regions: 32->32
[2022-05-19T10:04:26.810+0000][163][gc,metaspace   ] GC(124) Metaspace: 101375K(102912K)->101375K(102912K) NonClass: 87417K(88384K)->87417K(88384K) Class: 13958K(14528K)->13958K(14528K)
[2022-05-19T10:04:26.810+0000][163][gc             ] GC(124) Pause Young (Concurrent Start) (G1 Evacuation Pause) 405M->322M(512M) 6.145ms
[2022-05-19T10:04:26.810+0000][163][gc,cpu         ] GC(124) User=0.01s Sys=0.00s Real=0.01s
[2022-05-19T10:04:26.810+0000][163][safepoint      ] Safepoint "G1CollectForAllocation", Time since last: 662668200 ns, Reaching safepoint: 181500 ns, At safepoint: 6627000 ns, Total: 6808500 ns
[2022-05-19T10:04:26.810+0000][163][gc             ] GC(125) Concurrent Mark Cycle
[2022-05-19T10:04:26.811+0000][163][gc,marking     ] GC(125) Concurrent Clear Claimed Marks
[2022-05-19T10:04:26.811+0000][163][gc,marking     ] GC(125) Concurrent Clear Claimed Marks 0.192ms
[2022-05-19T10:04:26.811+0000][163][gc,marking     ] GC(125) Concurrent Scan Root Regions
[2022-05-19T10:04:26.812+0000][163][gc,marking     ] GC(125) Concurrent Scan Root Regions 0.941ms
[2022-05-19T10:04:26.812+0000][163][gc,marking     ] GC(125) Concurrent Mark
[2022-05-19T10:04:26.812+0000][163][gc,marking     ] GC(125) Concurrent Mark From Roots
[2022-05-19T10:04:26.812+0000][163][gc,task        ] GC(125) Using 3 workers of 3 for marking
[2022-05-19T10:04:26.852+0000][163][gc,marking     ] GC(125) Concurrent Mark From Roots 39.308ms
[2022-05-19T10:04:26.852+0000][163][gc,marking     ] GC(125) Concurrent Preclean
[2022-05-19T10:04:26.853+0000][163][gc,marking     ] GC(125) Concurrent Preclean 0.815ms
[2022-05-19T10:04:26.854+0000][163][gc,start       ] GC(125) Pause Remark
[2022-05-19T10:04:26.857+0000][163][gc             ] GC(125) Pause Remark 328M->328M(512M) 3.644ms
[2022-05-19T10:04:26.858+0000][163][gc,cpu         ] GC(125) User=0.02s Sys=0.01s Real=0.00s
[2022-05-19T10:04:26.858+0000][163][safepoint      ] Safepoint "G1Concurrent", Time since last: 42684500 ns, Reaching safepoint: 409100 ns, At safepoint: 4311100 ns, Total: 4720200 ns
[2022-05-19T10:04:26.858+0000][163][gc,marking     ] GC(125) Concurrent Mark 46.005ms
[2022-05-19T10:04:26.858+0000][163][gc,marking     ] GC(125) Concurrent Rebuild Remembered Sets
[2022-05-19T10:04:26.882+0000][163][gc,marking     ] GC(125) Concurrent Rebuild Remembered Sets 23.172ms
[2022-05-19T10:04:26.882+0000][163][gc,start       ] GC(125) Pause Cleanup
[2022-05-19T10:04:26.883+0000][163][gc             ] GC(125) Pause Cleanup 330M->330M(512M) 0.578ms
[2022-05-19T10:04:26.883+0000][163][gc,cpu         ] GC(125) User=0.00s Sys=0.00s Real=0.00s
[2022-05-19T10:04:26.883+0000][163][safepoint      ] Safepoint "G1Concurrent", Time since last: 24258800 ns, Reaching safepoint: 383700 ns, At safepoint: 1041600 ns, Total: 1425300 ns
[2022-05-19T10:04:26.884+0000][163][gc,marking     ] GC(125) Concurrent Cleanup for Next Mark
[2022-05-19T10:04:26.884+0000][163][gc,marking     ] GC(125) Concurrent Cleanup for Next Mark 0.331ms
[2022-05-19T10:04:26.884+0000][163][gc             ] GC(125) Concurrent Mark Cycle 73.746ms
[2022-05-19T10:04:27.473+0000][163][gc,start       ] GC(126) Pause Young (Prepare Mixed) (G1 Evacuation Pause)
[2022-05-19T10:04:27.473+0000][163][gc,task        ] GC(126) Using 10 workers of 10 for evacuation
[2022-05-19T10:04:27.473+0000][163][gc,age         ] GC(126) Desired survivor size 6291456 bytes, new threshold 15 (max threshold 15)
[2022-05-19T10:04:27.475+0000][163][gc,age         ] GC(126) Age table with threshold 15 (max threshold 15)
[2022-05-19T10:04:27.475+0000][163][gc,age         ] GC(126) - age   1:    1215224 bytes,    1215224 total
[2022-05-19T10:04:27.476+0000][163][gc,age         ] GC(126) - age   2:    1249872 bytes,    2465096 total
[2022-05-19T10:04:27.476+0000][163][gc,age         ] GC(126) - age   3:     196704 bytes,    2661800 total
[2022-05-19T10:04:27.476+0000][163][gc,phases      ] GC(126)   Pre Evacuate Collection Set: 0.2ms
[2022-05-19T10:04:27.476+0000][163][gc,phases      ] GC(126)   Merge Heap Roots: 0.2ms
[2022-05-19T10:04:27.476+0000][163][gc,phases      ] GC(126)   Evacuate Collection Set: 0.8ms
[2022-05-19T10:04:27.477+0000][163][gc,phases      ] GC(126)   Post Evacuate Collection Set: 0.7ms
[2022-05-19T10:04:27.477+0000][163][gc,phases      ] GC(126)   Other: 1.6ms
[2022-05-19T10:04:27.477+0000][163][gc,heap        ] GC(126) Eden regions: 21->0(5)
[2022-05-19T10:04:27.477+0000][163][gc,heap        ] GC(126) Survivor regions: 1->1(3)
[2022-05-19T10:04:27.477+0000][163][gc,heap        ] GC(126) Old regions: 49->49
[2022-05-19T10:04:27.477+0000][163][gc,heap        ] GC(126) Archive regions: 2->2
[2022-05-19T10:04:27.477+0000][163][gc,heap        ] GC(126) Humongous regions: 32->32
[2022-05-19T10:04:27.477+0000][163][gc,metaspace   ] GC(126) Metaspace: 101375K(102912K)->101375K(102912K) NonClass: 87417K(88384K)->87417K(88384K) Class: 13958K(14528K)->13958K(14528K)
[2022-05-19T10:04:27.477+0000][163][gc             ] GC(126) Pause Young (Prepare Mixed) (G1 Evacuation Pause) 406M->323M(512M) 4.833ms
[2022-05-19T10:04:27.478+0000][163][gc,cpu         ] GC(126) User=0.02s Sys=0.00s Real=0.00s
[2022-05-19T10:04:27.478+0000][163][safepoint      ] Safepoint "G1CollectForAllocation", Time since last: 588900100 ns, Reaching safepoint: 192800 ns, At safepoint: 5183300 ns, Total: 5376100 ns
[2022-05-19T10:04:27.646+0000][163][gc,start       ] GC(127) Pause Young (Mixed) (G1 Evacuation Pause)
[2022-05-19T10:04:27.646+0000][163][gc,task        ] GC(127) Using 10 workers of 10 for evacuation
[2022-05-19T10:04:27.646+0000][163][gc,age         ] GC(127) Desired survivor size 2097152 bytes, new threshold 2 (max threshold 15)
[2022-05-19T10:04:27.649+0000][163][gc,age         ] GC(127) Age table with threshold 2 (max threshold 15)
[2022-05-19T10:04:27.649+0000][163][gc,age         ] GC(127) - age   1:     296272 bytes,     296272 total
[2022-05-19T10:04:27.649+0000][163][gc,age         ] GC(127) - age   2:    1214664 bytes,    1510936 total
[2022-05-19T10:04:27.650+0000][163][gc,phases      ] GC(127)   Pre Evacuate Collection Set: 0.3ms
[2022-05-19T10:04:27.650+0000][163][gc,phases      ] GC(127)   Merge Heap Roots: 0.2ms
[2022-05-19T10:04:27.650+0000][163][gc,phases      ] GC(127)   Evacuate Collection Set: 1.2ms
[2022-05-19T10:04:27.650+0000][163][gc,phases      ] GC(127)   Post Evacuate Collection Set: 0.6ms
[2022-05-19T10:04:27.650+0000][163][gc,phases      ] GC(127)   Other: 1.5ms
[2022-05-19T10:04:27.651+0000][163][gc,heap        ] GC(127) Eden regions: 5->0(23)
[2022-05-19T10:04:27.651+0000][163][gc,heap        ] GC(127) Survivor regions: 1->1(1)
[2022-05-19T10:04:27.651+0000][163][gc,heap        ] GC(127) Old regions: 49->48
[2022-05-19T10:04:27.651+0000][163][gc,heap        ] GC(127) Archive regions: 2->2
[2022-05-19T10:04:27.651+0000][163][gc,heap        ] GC(127) Humongous regions: 32->32
[2022-05-19T10:04:27.651+0000][163][gc,metaspace   ] GC(127) Metaspace: 101375K(102912K)->101375K(102912K) NonClass: 87417K(88384K)->87417K(88384K) Class: 13958K(14528K)->13958K(14528K)
[2022-05-19T10:04:27.651+0000][163][gc             ] GC(127) Pause Young (Mixed) (G1 Evacuation Pause) 343M->322M(512M) 5.460ms
[2022-05-19T10:04:27.651+0000][163][gc,cpu         ] GC(127) User=0.02s Sys=0.00s Real=0.01s
[2022-05-19T10:04:27.652+0000][163][safepoint      ] Safepoint "G1CollectForAllocation", Time since last: 167871500 ns, Reaching safepoint: 186300 ns, At safepoint: 5776300 ns, Total: 5962600 ns
[2022-05-19T10:04:28.368+0000][163][gc,start       ] GC(128) Pause Young (Concurrent Start) (G1 Evacuation Pause)
[2022-05-19T10:04:28.368+0000][163][gc,task        ] GC(128) Using 10 workers of 10 for evacuation
[2022-05-19T10:04:28.369+0000][163][gc,age         ] GC(128) Desired survivor size 6291456 bytes, new threshold 15 (max threshold 15)
[2022-05-19T10:04:28.372+0000][163][gc,age         ] GC(128) Age table with threshold 15 (max threshold 15)
[2022-05-19T10:04:28.372+0000][163][gc,age         ] GC(128) - age   1:    1283520 bytes,    1283520 total
[2022-05-19T10:04:28.372+0000][163][gc,age         ] GC(128) - age   2:     295904 bytes,    1579424 total
[2022-05-19T10:04:28.372+0000][163][gc,age         ] GC(128) - age   3:    1213368 bytes,    2792792 total
[2022-05-19T10:04:28.373+0000][163][gc,phases      ] GC(128)   Pre Evacuate Collection Set: 0.3ms
[2022-05-19T10:04:28.373+0000][163][gc,phases      ] GC(128)   Merge Heap Roots: 0.2ms
[2022-05-19T10:04:28.373+0000][163][gc,phases      ] GC(128)   Evacuate Collection Set: 1.5ms
[2022-05-19T10:04:28.373+0000][163][gc,phases      ] GC(128)   Post Evacuate Collection Set: 0.8ms
[2022-05-19T10:04:28.373+0000][163][gc,phases      ] GC(128)   Other: 1.7ms
[2022-05-19T10:04:28.374+0000][163][gc,heap        ] GC(128) Eden regions: 23->0(23)
[2022-05-19T10:04:28.374+0000][163][gc,heap        ] GC(128) Survivor regions: 1->1(3)
[2022-05-19T10:04:28.374+0000][163][gc,heap        ] GC(128) Old regions: 48->48
[2022-05-19T10:04:28.374+0000][163][gc,heap        ] GC(128) Archive regions: 2->2
[2022-05-19T10:04:28.374+0000][163][gc,heap        ] GC(128) Humongous regions: 32->32
[2022-05-19T10:04:28.374+0000][163][gc,metaspace   ] GC(128) Metaspace: 101375K(102912K)->101375K(102912K) NonClass: 87417K(88384K)->87417K(88384K) Class: 13958K(14528K)->13958K(14528K)
[2022-05-19T10:04:28.375+0000][163][gc             ] GC(128) Pause Young (Concurrent Start) (G1 Evacuation Pause) 414M->323M(512M) 6.602ms
[2022-05-19T10:04:28.375+0000][163][gc,cpu         ] GC(128) User=0.01s Sys=0.00s Real=0.01s
[2022-05-19T10:04:28.375+0000][163][safepoint      ] Safepoint "G1CollectForAllocation", Time since last: 716180300 ns, Reaching safepoint: 229700 ns, At safepoint: 7030600 ns, Total: 7260300 ns
[2022-05-19T10:04:28.375+0000][163][gc             ] GC(129) Concurrent Mark Cycle
[2022-05-19T10:04:28.375+0000][163][gc,marking     ] GC(129) Concurrent Clear Claimed Marks
[2022-05-19T10:04:28.376+0000][163][gc,marking     ] GC(129) Concurrent Clear Claimed Marks 0.203ms
[2022-05-19T10:04:28.376+0000][163][gc,marking     ] GC(129) Concurrent Scan Root Regions
[2022-05-19T10:04:28.377+0000][163][gc,marking     ] GC(129) Concurrent Scan Root Regions 0.959ms
[2022-05-19T10:04:28.377+0000][163][gc,marking     ] GC(129) Concurrent Mark
[2022-05-19T10:04:28.377+0000][163][gc,marking     ] GC(129) Concurrent Mark From Roots
[2022-05-19T10:04:28.377+0000][163][gc,task        ] GC(129) Using 3 workers of 3 for marking
[2022-05-19T10:04:28.425+0000][163][gc,marking     ] GC(129) Concurrent Mark From Roots 48.344ms
[2022-05-19T10:04:28.426+0000][163][gc,marking     ] GC(129) Concurrent Preclean
[2022-05-19T10:04:28.427+0000][163][gc,marking     ] GC(129) Concurrent Preclean 0.919ms
[2022-05-19T10:04:28.427+0000][163][gc,start       ] GC(129) Pause Remark
[2022-05-19T10:04:28.431+0000][163][gc             ] GC(129) Pause Remark 329M->329M(512M) 3.543ms
[2022-05-19T10:04:28.431+0000][163][gc,cpu         ] GC(129) User=0.02s Sys=0.00s Real=0.01s
[2022-05-19T10:04:28.432+0000][163][safepoint      ] Safepoint "G1Concurrent", Time since last: 51943500 ns, Reaching safepoint: 368300 ns, At safepoint: 4229200 ns, Total: 4597500 ns
[2022-05-19T10:04:28.432+0000][163][gc,marking     ] GC(129) Concurrent Mark 55.086ms
[2022-05-19T10:04:28.432+0000][163][gc,marking     ] GC(129) Concurrent Rebuild Remembered Sets
[2022-05-19T10:04:28.453+0000][163][gc,marking     ] GC(129) Concurrent Rebuild Remembered Sets 20.495ms
[2022-05-19T10:04:28.453+0000][163][gc,start       ] GC(129) Pause Cleanup
[2022-05-19T10:04:28.454+0000][163][gc             ] GC(129) Pause Cleanup 330M->330M(512M) 0.514ms
[2022-05-19T10:04:28.454+0000][163][gc,cpu         ] GC(129) User=0.00s Sys=0.00s Real=0.00s
[2022-05-19T10:04:28.455+0000][163][safepoint      ] Safepoint "G1Concurrent", Time since last: 21512600 ns, Reaching safepoint: 285800 ns, At safepoint: 1139600 ns, Total: 1425400 ns
[2022-05-19T10:04:28.455+0000][163][gc,marking     ] GC(129) Concurrent Cleanup for Next Mark
[2022-05-19T10:04:28.455+0000][163][gc,marking     ] GC(129) Concurrent Cleanup for Next Mark 0.601ms
[2022-05-19T10:04:28.456+0000][163][gc             ] GC(129) Concurrent Mark Cycle 80.564ms
[2022-05-19T10:04:29.115+0000][163][gc,start       ] GC(130) Pause Young (Prepare Mixed) (G1 Evacuation Pause)
[2022-05-19T10:04:29.115+0000][163][gc,task        ] GC(130) Using 10 workers of 10 for evacuation
[2022-05-19T10:04:29.116+0000][163][gc,age         ] GC(130) Desired survivor size 6291456 bytes, new threshold 15 (max threshold 15)
[2022-05-19T10:04:29.118+0000][163][gc,age         ] GC(130) Age table with threshold 15 (max threshold 15)
[2022-05-19T10:04:29.118+0000][163][gc,age         ] GC(130) - age   1:    1281632 bytes,    1281632 total
[2022-05-19T10:04:29.118+0000][163][gc,age         ] GC(130) - age   2:    1281456 bytes,    2563088 total
[2022-05-19T10:04:29.119+0000][163][gc,age         ] GC(130) - age   3:     295120 bytes,    2858208 total
[2022-05-19T10:04:29.119+0000][163][gc,age         ] GC(130) - age   4:    1213192 bytes,    4071400 total
[2022-05-19T10:04:29.119+0000][163][gc,phases      ] GC(130)   Pre Evacuate Collection Set: 0.2ms
[2022-05-19T10:04:29.119+0000][163][gc,phases      ] GC(130)   Merge Heap Roots: 0.1ms
[2022-05-19T10:04:29.119+0000][163][gc,phases      ] GC(130)   Evacuate Collection Set: 1.0ms
[2022-05-19T10:04:29.120+0000][163][gc,phases      ] GC(130)   Post Evacuate Collection Set: 0.7ms
[2022-05-19T10:04:29.120+0000][163][gc,phases      ] GC(130)   Other: 2.2ms
[2022-05-19T10:04:29.120+0000][163][gc,heap        ] GC(130) Eden regions: 23->0(5)
[2022-05-19T10:04:29.120+0000][163][gc,heap        ] GC(130) Survivor regions: 1->1(3)
[2022-05-19T10:04:29.120+0000][163][gc,heap        ] GC(130) Old regions: 48->48
[2022-05-19T10:04:29.120+0000][163][gc,heap        ] GC(130) Archive regions: 2->2
[2022-05-19T10:04:29.121+0000][163][gc,heap        ] GC(130) Humongous regions: 32->32
[2022-05-19T10:04:29.121+0000][163][gc,metaspace   ] GC(130) Metaspace: 101375K(102912K)->101375K(102912K) NonClass: 87417K(88384K)->87417K(88384K) Class: 13958K(14528K)->13958K(14528K)
[2022-05-19T10:04:29.121+0000][163][gc             ] GC(130) Pause Young (Prepare Mixed) (G1 Evacuation Pause) 415M->324M(512M) 5.911ms
[2022-05-19T10:04:29.121+0000][163][gc,cpu         ] GC(130) User=0.01s Sys=0.00s Real=0.01s
[2022-05-19T10:04:29.121+0000][163][safepoint      ] Safepoint "G1CollectForAllocation", Time since last: 660142400 ns, Reaching safepoint: 194600 ns, At safepoint: 6218900 ns, Total: 6413500 ns
[2022-05-19T10:04:29.275+0000][163][gc,start       ] GC(131) Pause Young (Mixed) (G1 Evacuation Pause)
[2022-05-19T10:04:29.275+0000][163][gc,task        ] GC(131) Using 10 workers of 10 for evacuation
[2022-05-19T10:04:29.276+0000][163][gc,age         ] GC(131) Desired survivor size 2097152 bytes, new threshold 2 (max threshold 15)
[2022-05-19T10:04:29.278+0000][163][gc,age         ] GC(131) Age table with threshold 2 (max threshold 15)
[2022-05-19T10:04:29.278+0000][163][gc,age         ] GC(131) - age   1:     298672 bytes,     298672 total
[2022-05-19T10:04:29.279+0000][163][gc,age         ] GC(131) - age   2:    1281328 bytes,    1580000 total
[2022-05-19T10:04:29.279+0000][163][gc,phases      ] GC(131)   Pre Evacuate Collection Set: 0.2ms
[2022-05-19T10:04:29.279+0000][163][gc,phases      ] GC(131)   Merge Heap Roots: 0.2ms
[2022-05-19T10:04:29.279+0000][163][gc,phases      ] GC(131)   Evacuate Collection Set: 1.4ms
[2022-05-19T10:04:29.279+0000][163][gc,phases      ] GC(131)   Post Evacuate Collection Set: 0.7ms
[2022-05-19T10:04:29.279+0000][163][gc,phases      ] GC(131)   Other: 1.1ms
[2022-05-19T10:04:29.280+0000][163][gc,heap        ] GC(131) Eden regions: 5->0(22)
[2022-05-19T10:04:29.280+0000][163][gc,heap        ] GC(131) Survivor regions: 1->1(1)
[2022-05-19T10:04:29.280+0000][163][gc,heap        ] GC(131) Old regions: 48->49
[2022-05-19T10:04:29.280+0000][163][gc,heap        ] GC(131) Archive regions: 2->2
[2022-05-19T10:04:29.280+0000][163][gc,heap        ] GC(131) Humongous regions: 32->32
[2022-05-19T10:04:29.280+0000][163][gc,metaspace   ] GC(131) Metaspace: 101375K(102912K)->101375K(102912K) NonClass: 87417K(88384K)->87417K(88384K) Class: 13958K(14528K)->13958K(14528K)
[2022-05-19T10:04:29.281+0000][163][gc             ] GC(131) Pause Young (Mixed) (G1 Evacuation Pause) 344M->323M(512M) 5.302ms
[2022-05-19T10:04:29.281+0000][163][gc,cpu         ] GC(131) User=0.02s Sys=0.00s Real=0.01s
[2022-05-19T10:04:29.281+0000][163][safepoint      ] Safepoint "G1CollectForAllocation", Time since last: 153852000 ns, Reaching safepoint: 192000 ns, At safepoint: 5683800 ns, Total: 5875800 ns
[2022-05-19T10:04:29.963+0000][163][gc,start       ] GC(132) Pause Young (Concurrent Start) (G1 Evacuation Pause)
[2022-05-19T10:04:29.963+0000][163][gc,task        ] GC(132) Using 10 workers of 10 for evacuation
[2022-05-19T10:04:29.964+0000][163][gc,age         ] GC(132) Desired survivor size 6291456 bytes, new threshold 15 (max threshold 15)
[2022-05-19T10:04:29.967+0000][163][gc,age         ] GC(132) Age table with threshold 15 (max threshold 15)
[2022-05-19T10:04:29.967+0000][163][gc,age         ] GC(132) - age   1:    1248888 bytes,    1248888 total
[2022-05-19T10:04:29.967+0000][163][gc,age         ] GC(132) - age   2:     298296 bytes,    1547184 total
[2022-05-19T10:04:29.967+0000][163][gc,age         ] GC(132) - age   3:    1278640 bytes,    2825824 total
[2022-05-19T10:04:29.967+0000][163][gc,phases      ] GC(132)   Pre Evacuate Collection Set: 0.3ms
[2022-05-19T10:04:29.968+0000][163][gc,phases      ] GC(132)   Merge Heap Roots: 0.2ms
[2022-05-19T10:04:29.968+0000][163][gc,phases      ] GC(132)   Evacuate Collection Set: 1.4ms
[2022-05-19T10:04:29.968+0000][163][gc,phases      ] GC(132)   Post Evacuate Collection Set: 0.9ms
[2022-05-19T10:04:29.968+0000][163][gc,phases      ] GC(132)   Other: 1.7ms
[2022-05-19T10:04:29.968+0000][163][gc,heap        ] GC(132) Eden regions: 22->0(22)
[2022-05-19T10:04:29.969+0000][163][gc,heap        ] GC(132) Survivor regions: 1->1(3)
[2022-05-19T10:04:29.969+0000][163][gc,heap        ] GC(132) Old regions: 49->49
[2022-05-19T10:04:29.969+0000][163][gc,heap        ] GC(132) Archive regions: 2->2
[2022-05-19T10:04:29.969+0000][163][gc,heap        ] GC(132) Humongous regions: 32->32
[2022-05-19T10:04:29.969+0000][163][gc,metaspace   ] GC(132) Metaspace: 101375K(102912K)->101375K(102912K) NonClass: 87417K(88384K)->87417K(88384K) Class: 13958K(14528K)->13958K(14528K)
[2022-05-19T10:04:29.969+0000][163][gc             ] GC(132) Pause Young (Concurrent Start) (G1 Evacuation Pause) 411M->324M(512M) 6.388ms
[2022-05-19T10:04:29.970+0000][163][gc,cpu         ] GC(132) User=0.01s Sys=0.00s Real=0.00s
[2022-05-19T10:04:29.970+0000][163][safepoint      ] Safepoint "G1CollectForAllocation", Time since last: 681717900 ns, Reaching safepoint: 378300 ns, At safepoint: 6774400 ns, Total: 7152700 ns
[2022-05-19T10:04:29.970+0000][163][gc             ] GC(133) Concurrent Mark Cycle
[2022-05-19T10:04:29.970+0000][163][gc,marking     ] GC(133) Concurrent Clear Claimed Marks
[2022-05-19T10:04:29.970+0000][163][gc,marking     ] GC(133) Concurrent Clear Claimed Marks 0.200ms
[2022-05-19T10:04:29.970+0000][163][gc,marking     ] GC(133) Concurrent Scan Root Regions
[2022-05-19T10:04:29.971+0000][163][gc,marking     ] GC(133) Concurrent Scan Root Regions 0.948ms
[2022-05-19T10:04:29.972+0000][163][gc,marking     ] GC(133) Concurrent Mark
[2022-05-19T10:04:29.972+0000][163][gc,marking     ] GC(133) Concurrent Mark From Roots
[2022-05-19T10:04:29.972+0000][163][gc,task        ] GC(133) Using 3 workers of 3 for marking
[2022-05-19T10:04:30.015+0000][163][gc,marking     ] GC(133) Concurrent Mark From Roots 43.781ms
[2022-05-19T10:04:30.016+0000][163][gc,marking     ] GC(133) Concurrent Preclean
[2022-05-19T10:04:30.016+0000][163][gc,marking     ] GC(133) Concurrent Preclean 0.640ms
[2022-05-19T10:04:30.017+0000][163][gc,start       ] GC(133) Pause Remark
[2022-05-19T10:04:30.020+0000][163][gc             ] GC(133) Pause Remark 330M->330M(512M) 3.114ms
[2022-05-19T10:04:30.021+0000][163][gc,cpu         ] GC(133) User=0.01s Sys=0.01s Real=0.01s
[2022-05-19T10:04:30.021+0000][163][safepoint      ] Safepoint "G1Concurrent", Time since last: 47038700 ns, Reaching safepoint: 360700 ns, At safepoint: 3685000 ns, Total: 4045700 ns
[2022-05-19T10:04:30.021+0000][163][gc,marking     ] GC(133) Concurrent Mark 49.628ms
[2022-05-19T10:04:30.021+0000][163][gc,marking     ] GC(133) Concurrent Rebuild Remembered Sets
[2022-05-19T10:04:30.044+0000][163][gc,marking     ] GC(133) Concurrent Rebuild Remembered Sets 22.226ms
[2022-05-19T10:04:30.044+0000][163][gc,start       ] GC(133) Pause Cleanup
[2022-05-19T10:04:30.045+0000][163][gc             ] GC(133) Pause Cleanup 332M->332M(512M) 0.523ms
[2022-05-19T10:04:30.045+0000][163][gc,cpu         ] GC(133) User=0.00s Sys=0.00s Real=0.00s
[2022-05-19T10:04:30.046+0000][163][safepoint      ] Safepoint "G1Concurrent", Time since last: 23259000 ns, Reaching safepoint: 368700 ns, At safepoint: 1187800 ns, Total: 1556500 ns
[2022-05-19T10:04:30.046+0000][163][gc,marking     ] GC(133) Concurrent Cleanup for Next Mark
[2022-05-19T10:04:30.046+0000][163][gc,marking     ] GC(133) Concurrent Cleanup for Next Mark 0.427ms
[2022-05-19T10:04:30.047+0000][163][gc             ] GC(133) Concurrent Mark Cycle 76.825ms
[2022-05-19T10:04:30.675+0000][163][gc,start       ] GC(134) Pause Young (Prepare Mixed) (G1 Evacuation Pause)
[2022-05-19T10:04:30.676+0000][163][gc,task        ] GC(134) Using 10 workers of 10 for evacuation
[2022-05-19T10:04:30.676+0000][163][gc,age         ] GC(134) Desired survivor size 6291456 bytes, new threshold 15 (max threshold 15)
[2022-05-19T10:04:30.678+0000][163][gc,age         ] GC(134) Age table with threshold 15 (max threshold 15)
[2022-05-19T10:04:30.678+0000][163][gc,age         ] GC(134) - age   1:    1247216 bytes,    1247216 total
[2022-05-19T10:04:30.678+0000][163][gc,age         ] GC(134) - age   2:    1247536 bytes,    2494752 total
[2022-05-19T10:04:30.678+0000][163][gc,age         ] GC(134) - age   3:     298296 bytes,    2793048 total
[2022-05-19T10:04:30.679+0000][163][gc,age         ] GC(134) - age   4:    1278608 bytes,    4071656 total
[2022-05-19T10:04:30.679+0000][163][gc,phases      ] GC(134)   Pre Evacuate Collection Set: 0.2ms
[2022-05-19T10:04:30.679+0000][163][gc,phases      ] GC(134)   Merge Heap Roots: 0.1ms
[2022-05-19T10:04:30.679+0000][163][gc,phases      ] GC(134)   Evacuate Collection Set: 1.0ms
[2022-05-19T10:04:30.679+0000][163][gc,phases      ] GC(134)   Post Evacuate Collection Set: 0.5ms
[2022-05-19T10:04:30.680+0000][163][gc,phases      ] GC(134)   Other: 1.7ms
[2022-05-19T10:04:30.680+0000][163][gc,heap        ] GC(134) Eden regions: 22->0(5)
[2022-05-19T10:04:30.680+0000][163][gc,heap        ] GC(134) Survivor regions: 1->1(3)
[2022-05-19T10:04:30.680+0000][163][gc,heap        ] GC(134) Old regions: 49->49
[2022-05-19T10:04:30.680+0000][163][gc,heap        ] GC(134) Archive regions: 2->2
[2022-05-19T10:04:30.680+0000][163][gc,heap        ] GC(134) Humongous regions: 32->32
[2022-05-19T10:04:30.680+0000][163][gc,metaspace   ] GC(134) Metaspace: 101375K(102912K)->101375K(102912K) NonClass: 87417K(88384K)->87417K(88384K) Class: 13958K(14528K)->13958K(14528K)
[2022-05-19T10:04:30.680+0000][163][gc             ] GC(134) Pause Young (Prepare Mixed) (G1 Evacuation Pause) 412M->326M(512M) 5.096ms
[2022-05-19T10:04:30.681+0000][163][gc,cpu         ] GC(134) User=0.00s Sys=0.01s Real=0.01s
[2022-05-19T10:04:30.681+0000][163][safepoint      ] Safepoint "G1CollectForAllocation", Time since last: 629496500 ns, Reaching safepoint: 196700 ns, At safepoint: 5379100 ns, Total: 5575800 ns
[2022-05-19T10:04:30.834+0000][163][gc,start       ] GC(135) Pause Young (Mixed) (G1 Evacuation Pause)
[2022-05-19T10:04:30.834+0000][163][gc,task        ] GC(135) Using 10 workers of 10 for evacuation
[2022-05-19T10:04:30.835+0000][163][gc,age         ] GC(135) Desired survivor size 2097152 bytes, new threshold 2 (max threshold 15)
[2022-05-19T10:04:30.837+0000][163][gc,age         ] GC(135) Age table with threshold 2 (max threshold 15)
[2022-05-19T10:04:30.838+0000][163][gc,age         ] GC(135) - age   1:     296168 bytes,     296168 total
[2022-05-19T10:04:30.838+0000][163][gc,age         ] GC(135) - age   2:    1246800 bytes,    1542968 total
[2022-05-19T10:04:30.838+0000][163][gc,phases      ] GC(135)   Pre Evacuate Collection Set: 0.2ms
[2022-05-19T10:04:30.838+0000][163][gc,phases      ] GC(135)   Merge Heap Roots: 0.1ms
[2022-05-19T10:04:30.838+0000][163][gc,phases      ] GC(135)   Evacuate Collection Set: 1.8ms
[2022-05-19T10:04:30.838+0000][163][gc,phases      ] GC(135)   Post Evacuate Collection Set: 0.6ms
[2022-05-19T10:04:30.839+0000][163][gc,phases      ] GC(135)   Other: 1.1ms
[2022-05-19T10:04:30.839+0000][163][gc,heap        ] GC(135) Eden regions: 5->0(22)
[2022-05-19T10:04:30.839+0000][163][gc,heap        ] GC(135) Survivor regions: 1->1(1)
[2022-05-19T10:04:30.839+0000][163][gc,heap        ] GC(135) Old regions: 49->49
[2022-05-19T10:04:30.839+0000][163][gc,heap        ] GC(135) Archive regions: 2->2
[2022-05-19T10:04:30.839+0000][163][gc,heap        ] GC(135) Humongous regions: 32->32
[2022-05-19T10:04:30.839+0000][163][gc,metaspace   ] GC(135) Metaspace: 101375K(102912K)->101375K(102912K) NonClass: 87417K(88384K)->87417K(88384K) Class: 13958K(14528K)->13958K(14528K)
[2022-05-19T10:04:30.839+0000][163][gc             ] GC(135) Pause Young (Mixed) (G1 Evacuation Pause) 346M->326M(512M) 5.222ms
[2022-05-19T10:04:30.840+0000][163][gc,cpu         ] GC(135) User=0.01s Sys=0.00s Real=0.00s
[2022-05-19T10:04:30.840+0000][163][safepoint      ] Safepoint "G1CollectForAllocation", Time since last: 153227400 ns, Reaching safepoint: 186800 ns, At safepoint: 5498800 ns, Total: 5685600 ns
[2022-05-19T10:04:31.516+0000][163][gc,start       ] GC(136) Pause Young (Concurrent Start) (G1 Evacuation Pause)
[2022-05-19T10:04:31.516+0000][163][gc,task        ] GC(136) Using 10 workers of 10 for evacuation
[2022-05-19T10:04:31.517+0000][163][gc,age         ] GC(136) Desired survivor size 6291456 bytes, new threshold 15 (max threshold 15)
[2022-05-19T10:04:31.519+0000][163][gc,age         ] GC(136) Age table with threshold 15 (max threshold 15)
[2022-05-19T10:04:31.520+0000][163][gc,age         ] GC(136) - age   1:    1251560 bytes,    1251560 total
[2022-05-19T10:04:31.520+0000][163][gc,age         ] GC(136) - age   2:     295680 bytes,    1547240 total
[2022-05-19T10:04:31.520+0000][163][gc,age         ] GC(136) - age   3:    1246640 bytes,    2793880 total
[2022-05-19T10:04:31.520+0000][163][gc,phases      ] GC(136)   Pre Evacuate Collection Set: 0.2ms
[2022-05-19T10:04:31.521+0000][163][gc,phases      ] GC(136)   Merge Heap Roots: 0.1ms
[2022-05-19T10:04:31.521+0000][163][gc,phases      ] GC(136)   Evacuate Collection Set: 1.2ms
[2022-05-19T10:04:31.521+0000][163][gc,phases      ] GC(136)   Post Evacuate Collection Set: 0.7ms
[2022-05-19T10:04:31.521+0000][163][gc,phases      ] GC(136)   Other: 2.2ms
[2022-05-19T10:04:31.522+0000][163][gc,heap        ] GC(136) Eden regions: 22->0(22)
[2022-05-19T10:04:31.522+0000][163][gc,heap        ] GC(136) Survivor regions: 1->1(3)
[2022-05-19T10:04:31.522+0000][163][gc,heap        ] GC(136) Old regions: 49->49
[2022-05-19T10:04:31.522+0000][163][gc,heap        ] GC(136) Archive regions: 2->2
[2022-05-19T10:04:31.522+0000][163][gc,heap        ] GC(136) Humongous regions: 32->32
[2022-05-19T10:04:31.523+0000][163][gc,metaspace   ] GC(136) Metaspace: 101375K(102912K)->101375K(102912K) NonClass: 87417K(88384K)->87417K(88384K) Class: 13958K(14528K)->13958K(14528K)
[2022-05-19T10:04:31.523+0000][163][gc             ] GC(136) Pause Young (Concurrent Start) (G1 Evacuation Pause) 414M->327M(512M) 6.708ms
[2022-05-19T10:04:31.523+0000][163][gc,cpu         ] GC(136) User=0.01s Sys=0.00s Real=0.01s
[2022-05-19T10:04:31.523+0000][163][gc             ] GC(137) Concurrent Mark Cycle
[2022-05-19T10:04:31.523+0000][163][gc,marking     ] GC(137) Concurrent Clear Claimed Marks
[2022-05-19T10:04:31.523+0000][163][safepoint      ] Safepoint "G1CollectForAllocation", Time since last: 676107000 ns, Reaching safepoint: 188000 ns, At safepoint: 7066400 ns, Total: 7254400 ns
[2022-05-19T10:04:31.523+0000][163][gc,marking     ] GC(137) Concurrent Clear Claimed Marks 0.210ms
[2022-05-19T10:04:31.524+0000][163][gc,marking     ] GC(137) Concurrent Scan Root Regions
[2022-05-19T10:04:31.525+0000][163][gc,marking     ] GC(137) Concurrent Scan Root Regions 0.978ms
[2022-05-19T10:04:31.525+0000][163][gc,marking     ] GC(137) Concurrent Mark
[2022-05-19T10:04:31.525+0000][163][gc,marking     ] GC(137) Concurrent Mark From Roots
[2022-05-19T10:04:31.525+0000][163][gc,task        ] GC(137) Using 3 workers of 3 for marking
[2022-05-19T10:04:31.566+0000][163][gc,marking     ] GC(137) Concurrent Mark From Roots 41.244ms
[2022-05-19T10:04:31.566+0000][163][gc,marking     ] GC(137) Concurrent Preclean
[2022-05-19T10:04:31.567+0000][163][gc,marking     ] GC(137) Concurrent Preclean 0.641ms
[2022-05-19T10:04:31.567+0000][163][gc,start       ] GC(137) Pause Remark
[2022-05-19T10:04:31.570+0000][163][gc             ] GC(137) Pause Remark 333M->333M(512M) 2.968ms
[2022-05-19T10:04:31.571+0000][163][gc,cpu         ] GC(137) User=0.02s Sys=0.00s Real=0.01s
[2022-05-19T10:04:31.571+0000][163][safepoint      ] Safepoint "G1Concurrent", Time since last: 44179600 ns, Reaching safepoint: 267900 ns, At safepoint: 3591600 ns, Total: 3859500 ns
[2022-05-19T10:04:31.571+0000][163][gc,marking     ] GC(137) Concurrent Mark 46.618ms
[2022-05-19T10:04:31.572+0000][163][gc,marking     ] GC(137) Concurrent Rebuild Remembered Sets
[2022-05-19T10:04:31.591+0000][163][gc,marking     ] GC(137) Concurrent Rebuild Remembered Sets 19.436ms
[2022-05-19T10:04:31.592+0000][163][gc,start       ] GC(137) Pause Cleanup
[2022-05-19T10:04:31.592+0000][163][gc             ] GC(137) Pause Cleanup 335M->335M(512M) 0.392ms
[2022-05-19T10:04:31.592+0000][163][gc,cpu         ] GC(137) User=0.00s Sys=0.00s Real=0.00s
[2022-05-19T10:04:31.592+0000][163][safepoint      ] Safepoint "G1Concurrent", Time since last: 20270200 ns, Reaching safepoint: 283400 ns, At safepoint: 906900 ns, Total: 1190300 ns
[2022-05-19T10:04:31.593+0000][163][gc,marking     ] GC(137) Concurrent Cleanup for Next Mark
[2022-05-19T10:04:31.593+0000][163][gc,marking     ] GC(137) Concurrent Cleanup for Next Mark 0.398ms
[2022-05-19T10:04:31.593+0000][163][gc             ] GC(137) Concurrent Mark Cycle 70.379ms
[2022-05-19T10:04:32.242+0000][163][gc,start       ] GC(138) Pause Young (Prepare Mixed) (G1 Evacuation Pause)
[2022-05-19T10:04:32.242+0000][163][gc,task        ] GC(138) Using 10 workers of 10 for evacuation
[2022-05-19T10:04:32.243+0000][163][gc,age         ] GC(138) Desired survivor size 6291456 bytes, new threshold 15 (max threshold 15)
[2022-05-19T10:04:32.245+0000][163][gc,age         ] GC(138) Age table with threshold 15 (max threshold 15)
[2022-05-19T10:04:32.245+0000][163][gc,age         ] GC(138) - age   1:    1248968 bytes,    1248968 total
[2022-05-19T10:04:32.245+0000][163][gc,age         ] GC(138) - age   2:    1249824 bytes,    2498792 total
[2022-05-19T10:04:32.245+0000][163][gc,age         ] GC(138) - age   3:     295240 bytes,    2794032 total
[2022-05-19T10:04:32.246+0000][163][gc,age         ] GC(138) - age   4:    1245856 bytes,    4039888 total
[2022-05-19T10:04:32.246+0000][163][gc,phases      ] GC(138)   Pre Evacuate Collection Set: 0.2ms
[2022-05-19T10:04:32.246+0000][163][gc,phases      ] GC(138)   Merge Heap Roots: 0.2ms
[2022-05-19T10:04:32.246+0000][163][gc,phases      ] GC(138)   Evacuate Collection Set: 0.9ms
[2022-05-19T10:04:32.246+0000][163][gc,phases      ] GC(138)   Post Evacuate Collection Set: 0.6ms
[2022-05-19T10:04:32.246+0000][163][gc,phases      ] GC(138)   Other: 1.8ms
[2022-05-19T10:04:32.246+0000][163][gc,heap        ] GC(138) Eden regions: 22->0(5)
[2022-05-19T10:04:32.247+0000][163][gc,heap        ] GC(138) Survivor regions: 1->1(3)
[2022-05-19T10:04:32.247+0000][163][gc,heap        ] GC(138) Old regions: 49->49
[2022-05-19T10:04:32.247+0000][163][gc,heap        ] GC(138) Archive regions: 2->2
[2022-05-19T10:04:32.247+0000][163][gc,heap        ] GC(138) Humongous regions: 32->32
[2022-05-19T10:04:32.247+0000][163][gc,metaspace   ] GC(138) Metaspace: 101375K(102912K)->101375K(102912K) NonClass: 87417K(88384K)->87417K(88384K) Class: 13958K(14528K)->13958K(14528K)
[2022-05-19T10:04:32.247+0000][163][gc             ] GC(138) Pause Young (Prepare Mixed) (G1 Evacuation Pause) 415M->328M(512M) 5.137ms
[2022-05-19T10:04:32.247+0000][163][gc,cpu         ] GC(138) User=0.01s Sys=0.00s Real=0.00s
[2022-05-19T10:04:32.248+0000][163][safepoint      ] Safepoint "G1CollectForAllocation", Time since last: 649472300 ns, Reaching safepoint: 188500 ns, At safepoint: 5449300 ns, Total: 5637800 ns
[2022-05-19T10:04:32.402+0000][163][gc,start       ] GC(139) Pause Young (Mixed) (G1 Evacuation Pause)
[2022-05-19T10:04:32.402+0000][163][gc,task        ] GC(139) Using 10 workers of 10 for evacuation
[2022-05-19T10:04:32.402+0000][163][gc,age         ] GC(139) Desired survivor size 2097152 bytes, new threshold 2 (max threshold 15)
[2022-05-19T10:04:32.405+0000][163][gc,age         ] GC(139) Age table with threshold 2 (max threshold 15)
[2022-05-19T10:04:32.405+0000][163][gc,age         ] GC(139) - age   1:     295496 bytes,     295496 total
[2022-05-19T10:04:32.405+0000][163][gc,age         ] GC(139) - age   2:    1248624 bytes,    1544120 total
[2022-05-19T10:04:32.406+0000][163][gc,phases      ] GC(139)   Pre Evacuate Collection Set: 0.2ms
[2022-05-19T10:04:32.406+0000][163][gc,phases      ] GC(139)   Merge Heap Roots: 0.1ms
[2022-05-19T10:04:32.406+0000][163][gc,phases      ] GC(139)   Evacuate Collection Set: 1.4ms
[2022-05-19T10:04:32.406+0000][163][gc,phases      ] GC(139)   Post Evacuate Collection Set: 0.6ms
[2022-05-19T10:04:32.407+0000][163][gc,phases      ] GC(139)   Other: 1.8ms
[2022-05-19T10:04:32.407+0000][163][gc,heap        ] GC(139) Eden regions: 5->0(22)
[2022-05-19T10:04:32.407+0000][163][gc,heap        ] GC(139) Survivor regions: 1->1(1)
[2022-05-19T10:04:32.407+0000][163][gc,heap        ] GC(139) Old regions: 49->49
[2022-05-19T10:04:32.407+0000][163][gc,heap        ] GC(139) Archive regions: 2->2
[2022-05-19T10:04:32.407+0000][163][gc,heap        ] GC(139) Humongous regions: 32->32
[2022-05-19T10:04:32.407+0000][163][gc,metaspace   ] GC(139) Metaspace: 101375K(102912K)->101375K(102912K) NonClass: 87417K(88384K)->87417K(88384K) Class: 13958K(14528K)->13958K(14528K)
[2022-05-19T10:04:32.408+0000][163][gc             ] GC(139) Pause Young (Mixed) (G1 Evacuation Pause) 348M->327M(512M) 5.942ms
[2022-05-19T10:04:32.408+0000][163][gc,cpu         ] GC(139) User=0.01s Sys=0.00s Real=0.00s
[2022-05-19T10:04:32.408+0000][163][safepoint      ] Safepoint "G1CollectForAllocation", Time since last: 153758600 ns, Reaching safepoint: 257800 ns, At safepoint: 6285100 ns, Total: 6542900 ns
[2022-05-19T10:04:33.086+0000][163][gc,start       ] GC(140) Pause Young (Concurrent Start) (G1 Evacuation Pause)
[2022-05-19T10:04:33.086+0000][163][gc,task        ] GC(140) Using 10 workers of 10 for evacuation
[2022-05-19T10:04:33.087+0000][163][gc,age         ] GC(140) Desired survivor size 6291456 bytes, new threshold 15 (max threshold 15)
[2022-05-19T10:04:33.090+0000][163][gc,age         ] GC(140) Age table with threshold 15 (max threshold 15)
[2022-05-19T10:04:33.090+0000][163][gc,age         ] GC(140) - age   1:    1253104 bytes,    1253104 total
[2022-05-19T10:04:33.090+0000][163][gc,age         ] GC(140) - age   2:     295184 bytes,    1548288 total
[2022-05-19T10:04:33.091+0000][163][gc,age         ] GC(140) - age   3:    1246064 bytes,    2794352 total
[2022-05-19T10:04:33.091+0000][163][gc,phases      ] GC(140)   Pre Evacuate Collection Set: 0.4ms
[2022-05-19T10:04:33.091+0000][163][gc,phases      ] GC(140)   Merge Heap Roots: 0.2ms
[2022-05-19T10:04:33.091+0000][163][gc,phases      ] GC(140)   Evacuate Collection Set: 1.3ms
[2022-05-19T10:04:33.092+0000][163][gc,phases      ] GC(140)   Post Evacuate Collection Set: 0.9ms
[2022-05-19T10:04:33.092+0000][163][gc,phases      ] GC(140)   Other: 2.1ms
[2022-05-19T10:04:33.092+0000][163][gc,heap        ] GC(140) Eden regions: 22->0(23)
[2022-05-19T10:04:33.092+0000][163][gc,heap        ] GC(140) Survivor regions: 1->1(3)
[2022-05-19T10:04:33.092+0000][163][gc,heap        ] GC(140) Old regions: 49->49
[2022-05-19T10:04:33.092+0000][163][gc,heap        ] GC(140) Archive regions: 2->2
[2022-05-19T10:04:33.093+0000][163][gc,heap        ] GC(140) Humongous regions: 32->32
[2022-05-19T10:04:33.093+0000][163][gc,metaspace   ] GC(140) Metaspace: 101375K(102912K)->101375K(102912K) NonClass: 87417K(88384K)->87417K(88384K) Class: 13958K(14528K)->13958K(14528K)
[2022-05-19T10:04:33.093+0000][163][gc             ] GC(140) Pause Young (Concurrent Start) (G1 Evacuation Pause) 415M->329M(512M) 6.880ms
[2022-05-19T10:04:33.093+0000][163][gc,cpu         ] GC(140) User=0.01s Sys=0.00s Real=0.01s
[2022-05-19T10:04:33.093+0000][163][safepoint      ] Safepoint "G1CollectForAllocation", Time since last: 677719800 ns, Reaching safepoint: 249100 ns, At safepoint: 7272500 ns, Total: 7521600 ns
[2022-05-19T10:04:33.093+0000][163][gc             ] GC(141) Concurrent Mark Cycle
[2022-05-19T10:04:33.093+0000][163][gc,marking     ] GC(141) Concurrent Clear Claimed Marks
[2022-05-19T10:04:33.094+0000][163][gc,marking     ] GC(141) Concurrent Clear Claimed Marks 0.157ms
[2022-05-19T10:04:33.094+0000][163][gc,marking     ] GC(141) Concurrent Scan Root Regions
[2022-05-19T10:04:33.095+0000][163][gc,marking     ] GC(141) Concurrent Scan Root Regions 0.904ms
[2022-05-19T10:04:33.095+0000][163][gc,marking     ] GC(141) Concurrent Mark
[2022-05-19T10:04:33.095+0000][163][gc,marking     ] GC(141) Concurrent Mark From Roots
[2022-05-19T10:04:33.095+0000][163][gc,task        ] GC(141) Using 3 workers of 3 for marking
[2022-05-19T10:04:33.135+0000][163][gc,marking     ] GC(141) Concurrent Mark From Roots 40.266ms
[2022-05-19T10:04:33.135+0000][163][gc,marking     ] GC(141) Concurrent Preclean
[2022-05-19T10:04:33.136+0000][163][gc,marking     ] GC(141) Concurrent Preclean 0.645ms
[2022-05-19T10:04:33.137+0000][163][gc,start       ] GC(141) Pause Remark
[2022-05-19T10:04:33.140+0000][163][gc             ] GC(141) Pause Remark 335M->335M(512M) 3.206ms
[2022-05-19T10:04:33.140+0000][163][gc,cpu         ] GC(141) User=0.02s Sys=0.00s Real=0.01s
[2022-05-19T10:04:33.140+0000][163][safepoint      ] Safepoint "G1Concurrent", Time since last: 43290400 ns, Reaching safepoint: 299400 ns, At safepoint: 3722900 ns, Total: 4022300 ns
[2022-05-19T10:04:33.141+0000][163][gc,marking     ] GC(141) Concurrent Mark 46.004ms
[2022-05-19T10:04:33.141+0000][163][gc,marking     ] GC(141) Concurrent Rebuild Remembered Sets
[2022-05-19T10:04:33.163+0000][163][gc,marking     ] GC(141) Concurrent Rebuild Remembered Sets 21.967ms
[2022-05-19T10:04:33.164+0000][163][gc,start       ] GC(141) Pause Cleanup
[2022-05-19T10:04:33.164+0000][163][gc             ] GC(141) Pause Cleanup 336M->336M(512M) 0.545ms
[2022-05-19T10:04:33.165+0000][163][gc,cpu         ] GC(141) User=0.00s Sys=0.00s Real=0.00s
[2022-05-19T10:04:33.165+0000][163][safepoint      ] Safepoint "G1Concurrent", Time since last: 22907600 ns, Reaching safepoint: 357800 ns, At safepoint: 1141500 ns, Total: 1499300 ns
[2022-05-19T10:04:33.165+0000][163][gc,marking     ] GC(141) Concurrent Cleanup for Next Mark
[2022-05-19T10:04:33.166+0000][163][gc,marking     ] GC(141) Concurrent Cleanup for Next Mark 0.435ms
[2022-05-19T10:04:33.166+0000][163][gc             ] GC(141) Concurrent Mark Cycle 72.733ms
[2022-05-19T10:04:33.843+0000][163][gc,start       ] GC(142) Pause Young (Normal) (G1 Evacuation Pause)
[2022-05-19T10:04:33.843+0000][163][gc,task        ] GC(142) Using 10 workers of 10 for evacuation
[2022-05-19T10:04:33.843+0000][163][gc,age         ] GC(142) Desired survivor size 6291456 bytes, new threshold 15 (max threshold 15)
[2022-05-19T10:04:33.845+0000][163][gc,age         ] GC(142) Age table with threshold 15 (max threshold 15)
[2022-05-19T10:04:33.846+0000][163][gc,age         ] GC(142) - age   1:    1313192 bytes,    1313192 total
[2022-05-19T10:04:33.846+0000][163][gc,age         ] GC(142) - age   2:    1251440 bytes,    2564632 total
[2022-05-19T10:04:33.846+0000][163][gc,age         ] GC(142) - age   3:     295056 bytes,    2859688 total
[2022-05-19T10:04:33.846+0000][163][gc,age         ] GC(142) - age   4:    1246008 bytes,    4105696 total
[2022-05-19T10:04:33.846+0000][163][gc,phases      ] GC(142)   Pre Evacuate Collection Set: 0.2ms
[2022-05-19T10:04:33.846+0000][163][gc,phases      ] GC(142)   Merge Heap Roots: 0.2ms
[2022-05-19T10:04:33.847+0000][163][gc,phases      ] GC(142)   Evacuate Collection Set: 0.9ms
[2022-05-19T10:04:33.847+0000][163][gc,phases      ] GC(142)   Post Evacuate Collection Set: 0.5ms
[2022-05-19T10:04:33.847+0000][163][gc,phases      ] GC(142)   Other: 1.8ms
[2022-05-19T10:04:33.847+0000][163][gc,heap        ] GC(142) Eden regions: 23->0(23)
[2022-05-19T10:04:33.847+0000][163][gc,heap        ] GC(142) Survivor regions: 1->1(3)
[2022-05-19T10:04:33.847+0000][163][gc,heap        ] GC(142) Old regions: 49->49
[2022-05-19T10:04:33.847+0000][163][gc,heap        ] GC(142) Archive regions: 2->2
[2022-05-19T10:04:33.848+0000][163][gc,heap        ] GC(142) Humongous regions: 32->32
[2022-05-19T10:04:33.848+0000][163][gc,metaspace   ] GC(142) Metaspace: 101375K(102912K)->101375K(102912K) NonClass: 87417K(88384K)->87417K(88384K) Class: 13958K(14528K)->13958K(14528K)
[2022-05-19T10:04:33.848+0000][163][gc             ] GC(142) Pause Young (Normal) (G1 Evacuation Pause) 421M->330M(512M) 5.024ms
[2022-05-19T10:04:33.848+0000][163][gc,cpu         ] GC(142) User=0.01s Sys=0.00s Real=0.00s
[2022-05-19T10:04:33.848+0000][163][safepoint      ] Safepoint "G1CollectForAllocation", Time since last: 677643300 ns, Reaching safepoint: 187500 ns, At safepoint: 5295500 ns, Total: 5483000 ns
[2022-05-19T10:04:34.558+0000][163][gc,start       ] GC(143) Pause Young (Concurrent Start) (G1 Evacuation Pause)
[2022-05-19T10:04:34.558+0000][163][gc,task        ] GC(143) Using 10 workers of 10 for evacuation
[2022-05-19T10:04:34.558+0000][163][gc,age         ] GC(143) Desired survivor size 6291456 bytes, new threshold 15 (max threshold 15)
[2022-05-19T10:04:34.561+0000][163][gc,age         ] GC(143) Age table with threshold 15 (max threshold 15)
[2022-05-19T10:04:34.562+0000][163][gc,age         ] GC(143) - age   1:    1313208 bytes,    1313208 total
[2022-05-19T10:04:34.562+0000][163][gc,age         ] GC(143) - age   2:    1312624 bytes,    2625832 total
[2022-05-19T10:04:34.562+0000][163][gc,age         ] GC(143) - age   3:    1250176 bytes,    3876008 total
[2022-05-19T10:04:34.562+0000][163][gc,age         ] GC(143) - age   4:     295056 bytes,    4171064 total
[2022-05-19T10:04:34.562+0000][163][gc,age         ] GC(143) - age   5:    1246008 bytes,    5417072 total
[2022-05-19T10:04:34.563+0000][163][gc,phases      ] GC(143)   Pre Evacuate Collection Set: 0.3ms
[2022-05-19T10:04:34.563+0000][163][gc,phases      ] GC(143)   Merge Heap Roots: 0.2ms
[2022-05-19T10:04:34.563+0000][163][gc,phases      ] GC(143)   Evacuate Collection Set: 1.7ms
[2022-05-19T10:04:34.563+0000][163][gc,phases      ] GC(143)   Post Evacuate Collection Set: 0.7ms
[2022-05-19T10:04:34.563+0000][163][gc,phases      ] GC(143)   Other: 2.1ms
[2022-05-19T10:04:34.564+0000][163][gc,heap        ] GC(143) Eden regions: 23->0(21)
[2022-05-19T10:04:34.564+0000][163][gc,heap        ] GC(143) Survivor regions: 1->2(3)
[2022-05-19T10:04:34.564+0000][163][gc,heap        ] GC(143) Old regions: 49->49
[2022-05-19T10:04:34.564+0000][163][gc,heap        ] GC(143) Archive regions: 2->2
[2022-05-19T10:04:34.564+0000][163][gc,heap        ] GC(143) Humongous regions: 32->32
[2022-05-19T10:04:34.564+0000][163][gc,metaspace   ] GC(143) Metaspace: 101375K(102912K)->101375K(102912K) NonClass: 87417K(88384K)->87417K(88384K) Class: 13958K(14528K)->13958K(14528K)
[2022-05-19T10:04:34.565+0000][163][gc             ] GC(143) Pause Young (Concurrent Start) (G1 Evacuation Pause) 422M->331M(512M) 6.891ms
[2022-05-19T10:04:34.565+0000][163][gc,cpu         ] GC(143) User=0.02s Sys=0.00s Real=0.01s
[2022-05-19T10:04:34.565+0000][163][gc             ] GC(144) Concurrent Mark Cycle
[2022-05-19T10:04:34.565+0000][163][safepoint      ] Safepoint "G1CollectForAllocation", Time since last: 709303200 ns, Reaching safepoint: 304400 ns, At safepoint: 7222600 ns, Total: 7527000 ns
[2022-05-19T10:04:34.565+0000][163][gc,marking     ] GC(144) Concurrent Clear Claimed Marks
[2022-05-19T10:04:34.565+0000][163][gc,marking     ] GC(144) Concurrent Clear Claimed Marks 0.305ms
[2022-05-19T10:04:34.565+0000][163][gc,marking     ] GC(144) Concurrent Scan Root Regions
[2022-05-19T10:04:34.566+0000][163][gc,marking     ] GC(144) Concurrent Scan Root Regions 0.945ms
[2022-05-19T10:04:34.566+0000][163][gc,marking     ] GC(144) Concurrent Mark
[2022-05-19T10:04:34.567+0000][163][gc,marking     ] GC(144) Concurrent Mark From Roots
[2022-05-19T10:04:34.567+0000][163][gc,task        ] GC(144) Using 3 workers of 3 for marking
[2022-05-19T10:04:34.610+0000][163][gc,marking     ] GC(144) Concurrent Mark From Roots 43.123ms
[2022-05-19T10:04:34.610+0000][163][gc,marking     ] GC(144) Concurrent Preclean
[2022-05-19T10:04:34.611+0000][163][gc,marking     ] GC(144) Concurrent Preclean 0.673ms
[2022-05-19T10:04:34.611+0000][163][gc,start       ] GC(144) Pause Remark
[2022-05-19T10:04:34.615+0000][163][gc             ] GC(144) Pause Remark 337M->337M(512M) 3.420ms
[2022-05-19T10:04:34.615+0000][163][gc,cpu         ] GC(144) User=0.02s Sys=0.00s Real=0.00s
[2022-05-19T10:04:34.615+0000][163][safepoint      ] Safepoint "G1Concurrent", Time since last: 46120300 ns, Reaching safepoint: 433700 ns, At safepoint: 4058700 ns, Total: 4492400 ns
[2022-05-19T10:04:34.616+0000][163][gc,marking     ] GC(144) Concurrent Mark 49.332ms
[2022-05-19T10:04:34.616+0000][163][gc,marking     ] GC(144) Concurrent Rebuild Remembered Sets
[2022-05-19T10:04:34.639+0000][163][gc,marking     ] GC(144) Concurrent Rebuild Remembered Sets 23.233ms
[2022-05-19T10:04:34.640+0000][163][gc,start       ] GC(144) Pause Cleanup
[2022-05-19T10:04:34.641+0000][163][gc             ] GC(144) Pause Cleanup 339M->339M(512M) 0.504ms
[2022-05-19T10:04:34.641+0000][163][gc,cpu         ] GC(144) User=0.00s Sys=0.00s Real=0.01s
[2022-05-19T10:04:34.641+0000][163][safepoint      ] Safepoint "G1Concurrent", Time since last: 24200900 ns, Reaching safepoint: 421000 ns, At safepoint: 1035400 ns, Total: 1456400 ns
[2022-05-19T10:04:34.641+0000][163][gc,marking     ] GC(144) Concurrent Cleanup for Next Mark
[2022-05-19T10:04:34.642+0000][163][gc,marking     ] GC(144) Concurrent Cleanup for Next Mark 0.461ms
[2022-05-19T10:04:34.642+0000][163][gc             ] GC(144) Concurrent Mark Cycle 77.426ms
[2022-05-19T10:04:35.264+0000][163][gc,start       ] GC(145) Pause Young (Normal) (G1 Evacuation Pause)
[2022-05-19T10:04:35.264+0000][163][gc,task        ] GC(145) Using 10 workers of 10 for evacuation
[2022-05-19T10:04:35.264+0000][163][gc,age         ] GC(145) Desired survivor size 6291456 bytes, new threshold 15 (max threshold 15)
[2022-05-19T10:04:35.267+0000][163][gc,age         ] GC(145) Age table with threshold 15 (max threshold 15)
[2022-05-19T10:04:35.267+0000][163][gc,age         ] GC(145) - age   1:    1187736 bytes,    1187736 total
[2022-05-19T10:04:35.268+0000][163][gc,age         ] GC(145) - age   2:    1311488 bytes,    2499224 total
[2022-05-19T10:04:35.268+0000][163][gc,age         ] GC(145) - age   3:    1311424 bytes,    3810648 total
[2022-05-19T10:04:35.268+0000][163][gc,age         ] GC(145) - age   4:    1246040 bytes,    5056688 total
[2022-05-19T10:04:35.268+0000][163][gc,age         ] GC(145) - age   5:     295056 bytes,    5351744 total
[2022-05-19T10:04:35.269+0000][163][gc,age         ] GC(145) - age   6:    1246008 bytes,    6597752 total
[2022-05-19T10:04:35.269+0000][163][gc,phases      ] GC(145)   Pre Evacuate Collection Set: 0.3ms
[2022-05-19T10:04:35.269+0000][163][gc,phases      ] GC(145)   Merge Heap Roots: 0.3ms
[2022-05-19T10:04:35.269+0000][163][gc,phases      ] GC(145)   Evacuate Collection Set: 1.3ms
[2022-05-19T10:04:35.270+0000][163][gc,phases      ] GC(145)   Post Evacuate Collection Set: 0.8ms
[2022-05-19T10:04:35.270+0000][163][gc,phases      ] GC(145)   Other: 2.8ms
[2022-05-19T10:04:35.270+0000][163][gc,heap        ] GC(145) Eden regions: 21->0(21)
[2022-05-19T10:04:35.270+0000][163][gc,heap        ] GC(145) Survivor regions: 2->2(3)
[2022-05-19T10:04:35.270+0000][163][gc,heap        ] GC(145) Old regions: 49->49
[2022-05-19T10:04:35.271+0000][163][gc,heap        ] GC(145) Archive regions: 2->2
[2022-05-19T10:04:35.271+0000][163][gc,heap        ] GC(145) Humongous regions: 32->32
[2022-05-19T10:04:35.271+0000][163][gc,metaspace   ] GC(145) Metaspace: 101375K(102912K)->101375K(102912K) NonClass: 87417K(88384K)->87417K(88384K) Class: 13958K(14528K)->13958K(14528K)
[2022-05-19T10:04:35.271+0000][163][gc             ] GC(145) Pause Young (Normal) (G1 Evacuation Pause) 415M->332M(512M) 7.558ms
[2022-05-19T10:04:35.271+0000][163][gc,cpu         ] GC(145) User=0.02s Sys=0.00s Real=0.01s
[2022-05-19T10:04:35.271+0000][163][safepoint      ] Safepoint "G1CollectForAllocation", Time since last: 622168700 ns, Reaching safepoint: 267300 ns, At safepoint: 7896400 ns, Total: 8163700 ns
[2022-05-19T10:04:35.928+0000][163][gc,start       ] GC(146) Pause Young (Concurrent Start) (G1 Evacuation Pause)
[2022-05-19T10:04:35.928+0000][163][gc,task        ] GC(146) Using 10 workers of 10 for evacuation
[2022-05-19T10:04:35.928+0000][163][gc,age         ] GC(146) Desired survivor size 6291456 bytes, new threshold 6 (max threshold 15)
[2022-05-19T10:04:35.932+0000][163][gc,age         ] GC(146) Age table with threshold 6 (max threshold 15)
[2022-05-19T10:04:35.932+0000][163][gc,age         ] GC(146) - age   1:    1216392 bytes,    1216392 total
[2022-05-19T10:04:35.933+0000][163][gc,age         ] GC(146) - age   2:    1184904 bytes,    2401296 total
[2022-05-19T10:04:35.933+0000][163][gc,age         ] GC(146) - age   3:    1311360 bytes,    3712656 total
[2022-05-19T10:04:35.933+0000][163][gc,age         ] GC(146) - age   4:    1311392 bytes,    5024048 total
[2022-05-19T10:04:35.933+0000][163][gc,age         ] GC(146) - age   5:    1246040 bytes,    6270088 total
[2022-05-19T10:04:35.934+0000][163][gc,age         ] GC(146) - age   6:     295056 bytes,    6565144 total
[2022-05-19T10:04:35.934+0000][163][gc,phases      ] GC(146)   Pre Evacuate Collection Set: 0.3ms
[2022-05-19T10:04:35.934+0000][163][gc,phases      ] GC(146)   Merge Heap Roots: 0.2ms
[2022-05-19T10:04:35.934+0000][163][gc,phases      ] GC(146)   Evacuate Collection Set: 1.9ms
[2022-05-19T10:04:35.934+0000][163][gc,phases      ] GC(146)   Post Evacuate Collection Set: 0.9ms
[2022-05-19T10:04:35.935+0000][163][gc,phases      ] GC(146)   Other: 2.7ms
[2022-05-19T10:04:35.935+0000][163][gc,heap        ] GC(146) Eden regions: 21->0(7)
[2022-05-19T10:04:35.935+0000][163][gc,heap        ] GC(146) Survivor regions: 2->2(3)
[2022-05-19T10:04:35.935+0000][163][gc,heap        ] GC(146) Old regions: 49->50
[2022-05-19T10:04:35.935+0000][163][gc,heap        ] GC(146) Archive regions: 2->2
[2022-05-19T10:04:35.935+0000][163][gc,heap        ] GC(146) Humongous regions: 32->32
[2022-05-19T10:04:35.935+0000][163][gc,metaspace   ] GC(146) Metaspace: 101375K(102912K)->101375K(102912K) NonClass: 87417K(88384K)->87417K(88384K) Class: 13958K(14528K)->13958K(14528K)
[2022-05-19T10:04:35.935+0000][163][gc             ] GC(146) Pause Young (Concurrent Start) (G1 Evacuation Pause) 416M->333M(512M) 7.574ms
[2022-05-19T10:04:35.936+0000][163][gc,cpu         ] GC(146) User=0.02s Sys=0.00s Real=0.01s
[2022-05-19T10:04:35.936+0000][163][safepoint      ] Safepoint "G1CollectForAllocation", Time since last: 656049500 ns, Reaching safepoint: 284100 ns, At safepoint: 7902000 ns, Total: 8186100 ns
[2022-05-19T10:04:35.936+0000][163][gc             ] GC(147) Concurrent Mark Cycle
[2022-05-19T10:04:35.936+0000][163][gc,marking     ] GC(147) Concurrent Clear Claimed Marks
[2022-05-19T10:04:35.936+0000][163][gc,marking     ] GC(147) Concurrent Clear Claimed Marks 0.192ms
[2022-05-19T10:04:35.936+0000][163][gc,marking     ] GC(147) Concurrent Scan Root Regions
[2022-05-19T10:04:35.937+0000][163][gc,marking     ] GC(147) Concurrent Scan Root Regions 0.897ms
[2022-05-19T10:04:35.937+0000][163][gc,marking     ] GC(147) Concurrent Mark
[2022-05-19T10:04:35.937+0000][163][gc,marking     ] GC(147) Concurrent Mark From Roots
[2022-05-19T10:04:35.937+0000][163][gc,task        ] GC(147) Using 3 workers of 3 for marking
[2022-05-19T10:04:35.985+0000][163][gc,marking     ] GC(147) Concurrent Mark From Roots 47.988ms
[2022-05-19T10:04:35.986+0000][163][gc,marking     ] GC(147) Concurrent Preclean
[2022-05-19T10:04:35.986+0000][163][gc,marking     ] GC(147) Concurrent Preclean 0.651ms
[2022-05-19T10:04:35.987+0000][163][gc,start       ] GC(147) Pause Remark
[2022-05-19T10:04:35.990+0000][163][gc             ] GC(147) Pause Remark 338M->338M(512M) 2.946ms
[2022-05-19T10:04:35.990+0000][163][gc,cpu         ] GC(147) User=0.02s Sys=0.00s Real=0.01s
[2022-05-19T10:04:35.990+0000][163][safepoint      ] Safepoint "G1Concurrent", Time since last: 50984300 ns, Reaching safepoint: 263500 ns, At safepoint: 3454500 ns, Total: 3718000 ns
[2022-05-19T10:04:35.991+0000][163][gc,marking     ] GC(147) Concurrent Mark 53.273ms
[2022-05-19T10:04:35.991+0000][163][gc,marking     ] GC(147) Concurrent Rebuild Remembered Sets
[2022-05-19T10:04:36.011+0000][163][gc,marking     ] GC(147) Concurrent Rebuild Remembered Sets 19.909ms
[2022-05-19T10:04:36.011+0000][163][gc,start       ] GC(147) Pause Cleanup
[2022-05-19T10:04:36.012+0000][163][gc             ] GC(147) Pause Cleanup 341M->341M(512M) 0.389ms
[2022-05-19T10:04:36.012+0000][163][gc,cpu         ] GC(147) User=0.00s Sys=0.00s Real=0.00s
[2022-05-19T10:04:36.012+0000][163][safepoint      ] Safepoint "G1Concurrent", Time since last: 20586600 ns, Reaching safepoint: 364000 ns, At safepoint: 834800 ns, Total: 1198800 ns
[2022-05-19T10:04:36.012+0000][163][gc,marking     ] GC(147) Concurrent Cleanup for Next Mark
[2022-05-19T10:04:36.013+0000][163][gc,marking     ] GC(147) Concurrent Cleanup for Next Mark 0.409ms
[2022-05-19T10:04:36.013+0000][163][gc             ] GC(147) Concurrent Mark Cycle 77.402ms
[2022-05-19T10:04:36.173+0000][163][gc,start       ] GC(148) Pause Young (Normal) (G1 Evacuation Pause)
[2022-05-19T10:04:36.173+0000][163][gc,task        ] GC(148) Using 10 workers of 10 for evacuation
[2022-05-19T10:04:36.173+0000][163][gc,age         ] GC(148) Desired survivor size 4194304 bytes, new threshold 4 (max threshold 15)
[2022-05-19T10:04:36.176+0000][163][gc,age         ] GC(148) Age table with threshold 4 (max threshold 15)
[2022-05-19T10:04:36.176+0000][163][gc,age         ] GC(148) - age   1:     426480 bytes,     426480 total
[2022-05-19T10:04:36.176+0000][163][gc,age         ] GC(148) - age   2:    1215944 bytes,    1642424 total
[2022-05-19T10:04:36.176+0000][163][gc,age         ] GC(148) - age   3:    1184904 bytes,    2827328 total
[2022-05-19T10:04:36.176+0000][163][gc,age         ] GC(148) - age   4:    1311360 bytes,    4138688 total
[2022-05-19T10:04:36.176+0000][163][gc,phases      ] GC(148)   Pre Evacuate Collection Set: 0.2ms
[2022-05-19T10:04:36.177+0000][163][gc,phases      ] GC(148)   Merge Heap Roots: 0.2ms
[2022-05-19T10:04:36.177+0000][163][gc,phases      ] GC(148)   Evacuate Collection Set: 1.2ms
[2022-05-19T10:04:36.177+0000][163][gc,phases      ] GC(148)   Post Evacuate Collection Set: 0.6ms
[2022-05-19T10:04:36.177+0000][163][gc,phases      ] GC(148)   Other: 1.5ms
[2022-05-19T10:04:36.177+0000][163][gc,heap        ] GC(148) Eden regions: 7->0(22)
[2022-05-19T10:04:36.177+0000][163][gc,heap        ] GC(148) Survivor regions: 2->1(2)
[2022-05-19T10:04:36.178+0000][163][gc,heap        ] GC(148) Old regions: 50->50
[2022-05-19T10:04:36.178+0000][163][gc,heap        ] GC(148) Archive regions: 2->2
[2022-05-19T10:04:36.178+0000][163][gc,heap        ] GC(148) Humongous regions: 32->32
[2022-05-19T10:04:36.178+0000][163][gc,metaspace   ] GC(148) Metaspace: 101375K(102912K)->101375K(102912K) NonClass: 87417K(88384K)->87417K(88384K) Class: 13958K(14528K)->13958K(14528K)
[2022-05-19T10:04:36.178+0000][163][gc             ] GC(148) Pause Young (Normal) (G1 Evacuation Pause) 361M->334M(512M) 5.215ms
[2022-05-19T10:04:36.178+0000][163][gc,cpu         ] GC(148) User=0.01s Sys=0.00s Real=0.00s
[2022-05-19T10:04:36.178+0000][163][safepoint      ] Safepoint "G1CollectForAllocation", Time since last: 160425600 ns, Reaching safepoint: 174600 ns, At safepoint: 5565000 ns, Total: 5739600 ns
[2022-05-19T10:04:36.877+0000][163][gc,start       ] GC(149) Pause Young (Concurrent Start) (G1 Evacuation Pause)
[2022-05-19T10:04:36.878+0000][163][gc,task        ] GC(149) Using 10 workers of 10 for evacuation
[2022-05-19T10:04:36.878+0000][163][gc,age         ] GC(149) Desired survivor size 6291456 bytes, new threshold 15 (max threshold 15)
[2022-05-19T10:04:36.882+0000][163][gc,age         ] GC(149) Age table with threshold 15 (max threshold 15)
[2022-05-19T10:04:36.882+0000][163][gc,age         ] GC(149) - age   1:    1282440 bytes,    1282440 total
[2022-05-19T10:04:36.882+0000][163][gc,age         ] GC(149) - age   2:     426192 bytes,    1708632 total
[2022-05-19T10:04:36.882+0000][163][gc,age         ] GC(149) - age   3:    1213448 bytes,    2922080 total
[2022-05-19T10:04:36.883+0000][163][gc,age         ] GC(149) - age   4:    1184872 bytes,    4106952 total
[2022-05-19T10:04:36.883+0000][163][gc,age         ] GC(149) - age   5:    1311360 bytes,    5418312 total
[2022-05-19T10:04:36.883+0000][163][gc,phases      ] GC(149)   Pre Evacuate Collection Set: 0.4ms
[2022-05-19T10:04:36.884+0000][163][gc,phases      ] GC(149)   Merge Heap Roots: 0.2ms
[2022-05-19T10:04:36.884+0000][163][gc,phases      ] GC(149)   Evacuate Collection Set: 1.8ms
[2022-05-19T10:04:36.884+0000][163][gc,phases      ] GC(149)   Post Evacuate Collection Set: 0.9ms
[2022-05-19T10:04:36.884+0000][163][gc,phases      ] GC(149)   Other: 2.6ms
[2022-05-19T10:04:36.884+0000][163][gc,heap        ] GC(149) Eden regions: 22->0(14)
[2022-05-19T10:04:36.884+0000][163][gc,heap        ] GC(149) Survivor regions: 1->2(3)
[2022-05-19T10:04:36.884+0000][163][gc,heap        ] GC(149) Old regions: 50->50
[2022-05-19T10:04:36.885+0000][163][gc,heap        ] GC(149) Archive regions: 2->2
[2022-05-19T10:04:36.885+0000][163][gc,heap        ] GC(149) Humongous regions: 32->32
[2022-05-19T10:04:36.885+0000][163][gc,metaspace   ] GC(149) Metaspace: 101375K(102912K)->101375K(102912K) NonClass: 87417K(88384K)->87417K(88384K) Class: 13958K(14528K)->13958K(14528K)
[2022-05-19T10:04:36.885+0000][163][gc             ] GC(149) Pause Young (Concurrent Start) (G1 Evacuation Pause) 422M->335M(512M) 7.608ms
[2022-05-19T10:04:36.885+0000][163][gc,cpu         ] GC(149) User=0.02s Sys=0.00s Real=0.01s
[2022-05-19T10:04:36.885+0000][163][gc             ] GC(150) Concurrent Mark Cycle
[2022-05-19T10:04:36.885+0000][163][gc,marking     ] GC(150) Concurrent Clear Claimed Marks
[2022-05-19T10:04:36.885+0000][163][safepoint      ] Safepoint "G1CollectForAllocation", Time since last: 698553300 ns, Reaching safepoint: 392900 ns, At safepoint: 7948900 ns, Total: 8341800 ns
[2022-05-19T10:04:36.886+0000][163][gc,marking     ] GC(150) Concurrent Clear Claimed Marks 0.217ms
[2022-05-19T10:04:36.886+0000][163][gc,marking     ] GC(150) Concurrent Scan Root Regions
[2022-05-19T10:04:36.887+0000][163][gc,marking     ] GC(150) Concurrent Scan Root Regions 0.972ms
[2022-05-19T10:04:36.887+0000][163][gc,marking     ] GC(150) Concurrent Mark
[2022-05-19T10:04:36.887+0000][163][gc,marking     ] GC(150) Concurrent Mark From Roots
[2022-05-19T10:04:36.887+0000][163][gc,task        ] GC(150) Using 3 workers of 3 for marking
[2022-05-19T10:04:36.933+0000][163][gc,marking     ] GC(150) Concurrent Mark From Roots 46.355ms
[2022-05-19T10:04:36.934+0000][163][gc,marking     ] GC(150) Concurrent Preclean
[2022-05-19T10:04:36.935+0000][163][gc,marking     ] GC(150) Concurrent Preclean 1.044ms
[2022-05-19T10:04:36.936+0000][163][gc,start       ] GC(150) Pause Remark
[2022-05-19T10:04:36.939+0000][163][gc             ] GC(150) Pause Remark 340M->340M(512M) 3.399ms
[2022-05-19T10:04:36.940+0000][163][gc,cpu         ] GC(150) User=0.02s Sys=0.00s Real=0.00s
[2022-05-19T10:04:36.940+0000][163][safepoint      ] Safepoint "G1Concurrent", Time since last: 50188800 ns, Reaching safepoint: 402400 ns, At safepoint: 3972000 ns, Total: 4374400 ns
[2022-05-19T10:04:36.940+0000][163][gc,marking     ] GC(150) Concurrent Mark 53.143ms
[2022-05-19T10:04:36.940+0000][163][gc,marking     ] GC(150) Concurrent Rebuild Remembered Sets
[2022-05-19T10:04:36.963+0000][163][gc,marking     ] GC(150) Concurrent Rebuild Remembered Sets 22.438ms
[2022-05-19T10:04:36.963+0000][163][gc,start       ] GC(150) Pause Cleanup
[2022-05-19T10:04:36.964+0000][163][gc             ] GC(150) Pause Cleanup 342M->342M(512M) 0.409ms
[2022-05-19T10:04:36.964+0000][163][gc,cpu         ] GC(150) User=0.00s Sys=0.00s Real=0.00s
[2022-05-19T10:04:36.964+0000][163][safepoint      ] Safepoint "G1Concurrent", Time since last: 23312700 ns, Reaching safepoint: 309300 ns, At safepoint: 844900 ns, Total: 1154200 ns
[2022-05-19T10:04:36.964+0000][163][gc,marking     ] GC(150) Concurrent Cleanup for Next Mark
[2022-05-19T10:04:36.965+0000][163][gc,marking     ] GC(150) Concurrent Cleanup for Next Mark 0.390ms
[2022-05-19T10:04:36.965+0000][163][gc             ] GC(150) Concurrent Mark Cycle 79.830ms
[2022-05-19T10:04:37.540+0000][163][gc,start       ] GC(151) Pause Young (Normal) (G1 Evacuation Pause)
[2022-05-19T10:04:37.540+0000][163][gc,task        ] GC(151) Using 10 workers of 10 for evacuation
[2022-05-19T10:04:37.540+0000][163][gc,age         ] GC(151) Desired survivor size 6291456 bytes, new threshold 15 (max threshold 15)
[2022-05-19T10:04:37.543+0000][163][gc,age         ] GC(151) Age table with threshold 15 (max threshold 15)
[2022-05-19T10:04:37.543+0000][163][gc,age         ] GC(151) - age   1:    2455392 bytes,    2455392 total
[2022-05-19T10:04:37.543+0000][163][gc,age         ] GC(151) - age   2:    1281832 bytes,    3737224 total
[2022-05-19T10:04:37.543+0000][163][gc,age         ] GC(151) - age   3:     426192 bytes,    4163416 total
[2022-05-19T10:04:37.544+0000][163][gc,age         ] GC(151) - age   4:    1213256 bytes,    5376672 total
[2022-05-19T10:04:37.544+0000][163][gc,age         ] GC(151) - age   5:    1180256 bytes,    6556928 total
[2022-05-19T10:04:37.544+0000][163][gc,age         ] GC(151) - age   6:    1311360 bytes,    7868288 total
[2022-05-19T10:04:37.544+0000][163][gc,phases      ] GC(151)   Pre Evacuate Collection Set: 0.2ms
[2022-05-19T10:04:37.544+0000][163][gc,phases      ] GC(151)   Merge Heap Roots: 0.1ms
[2022-05-19T10:04:37.544+0000][163][gc,phases      ] GC(151)   Evacuate Collection Set: 1.3ms
[2022-05-19T10:04:37.545+0000][163][gc,phases      ] GC(151)   Post Evacuate Collection Set: 0.6ms
[2022-05-19T10:04:37.545+0000][163][gc,phases      ] GC(151)   Other: 2.0ms
[2022-05-19T10:04:37.545+0000][163][gc,heap        ] GC(151) Eden regions: 20->0(20)
[2022-05-19T10:04:37.545+0000][163][gc,heap        ] GC(151) Survivor regions: 2->2(3)
[2022-05-19T10:04:37.545+0000][163][gc,heap        ] GC(151) Old regions: 50->50
[2022-05-19T10:04:37.545+0000][163][gc,heap        ] GC(151) Archive regions: 2->2
[2022-05-19T10:04:37.546+0000][163][gc,heap        ] GC(151) Humongous regions: 32->32
[2022-05-19T10:04:37.546+0000][163][gc,metaspace   ] GC(151) Metaspace: 101375K(102912K)->101375K(102912K) NonClass: 87417K(88384K)->87417K(88384K) Class: 13958K(14528K)->13958K(14528K)
[2022-05-19T10:04:37.546+0000][163][gc             ] GC(151) Pause Young (Normal) (G1 Evacuation Pause) 415M->338M(512M) 5.877ms
[2022-05-19T10:04:37.546+0000][163][gc,cpu         ] GC(151) User=0.01s Sys=0.00s Real=0.01s
[2022-05-19T10:04:37.546+0000][163][safepoint      ] Safepoint "G1CollectForAllocation", Time since last: 575445400 ns, Reaching safepoint: 195900 ns, At safepoint: 6228600 ns, Total: 6424500 ns
[2022-05-19T10:04:38.198+0000][163][gc,start       ] GC(152) Pause Young (Concurrent Start) (G1 Evacuation Pause)
[2022-05-19T10:04:38.198+0000][163][gc,task        ] GC(152) Using 10 workers of 10 for evacuation
[2022-05-19T10:04:38.198+0000][163][gc,age         ] GC(152) Desired survivor size 6291456 bytes, new threshold 5 (max threshold 15)
[2022-05-19T10:04:38.201+0000][163][gc,age         ] GC(152) Age table with threshold 5 (max threshold 15)
[2022-05-19T10:04:38.202+0000][163][gc,age         ] GC(152) - age   1:    1117600 bytes,    1117600 total
[2022-05-19T10:04:38.202+0000][163][gc,age         ] GC(152) - age   2:    2454584 bytes,    3572184 total
[2022-05-19T10:04:38.202+0000][163][gc,age         ] GC(152) - age   3:    1279528 bytes,    4851712 total
[2022-05-19T10:04:38.203+0000][163][gc,age         ] GC(152) - age   4:     426192 bytes,    5277904 total
[2022-05-19T10:04:38.203+0000][163][gc,age         ] GC(152) - age   5:    1213224 bytes,    6491128 total
[2022-05-19T10:04:38.203+0000][163][gc,phases      ] GC(152)   Pre Evacuate Collection Set: 0.3ms
[2022-05-19T10:04:38.203+0000][163][gc,phases      ] GC(152)   Merge Heap Roots: 0.2ms
[2022-05-19T10:04:38.204+0000][163][gc,phases      ] GC(152)   Evacuate Collection Set: 1.8ms
[2022-05-19T10:04:38.204+0000][163][gc,phases      ] GC(152)   Post Evacuate Collection Set: 0.7ms
[2022-05-19T10:04:38.204+0000][163][gc,phases      ] GC(152)   Other: 2.5ms
[2022-05-19T10:04:38.204+0000][163][gc,heap        ] GC(152) Eden regions: 20->0(4)
[2022-05-19T10:04:38.204+0000][163][gc,heap        ] GC(152) Survivor regions: 2->2(3)
[2022-05-19T10:04:38.204+0000][163][gc,heap        ] GC(152) Old regions: 50->51
[2022-05-19T10:04:38.204+0000][163][gc,heap        ] GC(152) Archive regions: 2->2
[2022-05-19T10:04:38.204+0000][163][gc,heap        ] GC(152) Humongous regions: 32->32
[2022-05-19T10:04:38.205+0000][163][gc,metaspace   ] GC(152) Metaspace: 101375K(102912K)->101375K(102912K) NonClass: 87417K(88384K)->87417K(88384K) Class: 13958K(14528K)->13958K(14528K)
[2022-05-19T10:04:38.205+0000][163][gc             ] GC(152) Pause Young (Concurrent Start) (G1 Evacuation Pause) 418M->339M(512M) 7.066ms
[2022-05-19T10:04:38.205+0000][163][gc,cpu         ] GC(152) User=0.00s Sys=0.02s Real=0.01s
[2022-05-19T10:04:38.205+0000][163][gc             ] GC(153) Concurrent Mark Cycle
[2022-05-19T10:04:38.205+0000][163][gc,marking     ] GC(153) Concurrent Clear Claimed Marks
[2022-05-19T10:04:38.205+0000][163][safepoint      ] Safepoint "G1CollectForAllocation", Time since last: 651146700 ns, Reaching safepoint: 308300 ns, At safepoint: 7439900 ns, Total: 7748200 ns
[2022-05-19T10:04:38.205+0000][163][gc,marking     ] GC(153) Concurrent Clear Claimed Marks 0.209ms
[2022-05-19T10:04:38.206+0000][163][gc,marking     ] GC(153) Concurrent Scan Root Regions
[2022-05-19T10:04:38.206+0000][163][gc,marking     ] GC(153) Concurrent Scan Root Regions 0.929ms
[2022-05-19T10:04:38.207+0000][163][gc,marking     ] GC(153) Concurrent Mark
[2022-05-19T10:04:38.207+0000][163][gc,marking     ] GC(153) Concurrent Mark From Roots
[2022-05-19T10:04:38.207+0000][163][gc,task        ] GC(153) Using 3 workers of 3 for marking
[2022-05-19T10:04:38.249+0000][163][gc,marking     ] GC(153) Concurrent Mark From Roots 41.954ms
[2022-05-19T10:04:38.249+0000][163][gc,marking     ] GC(153) Concurrent Preclean
[2022-05-19T10:04:38.250+0000][163][gc,marking     ] GC(153) Concurrent Preclean 0.637ms
[2022-05-19T10:04:38.250+0000][163][gc,start       ] GC(153) Pause Remark
[2022-05-19T10:04:38.253+0000][163][gc             ] GC(153) Pause Remark 343M->343M(512M) 3.082ms
[2022-05-19T10:04:38.254+0000][163][gc,cpu         ] GC(153) User=0.02s Sys=0.00s Real=0.00s
[2022-05-19T10:04:38.254+0000][163][safepoint      ] Safepoint "G1Concurrent", Time since last: 44836900 ns, Reaching safepoint: 314000 ns, At safepoint: 3565800 ns, Total: 3879800 ns
[2022-05-19T10:04:38.254+0000][163][gc,marking     ] GC(153) Concurrent Mark 47.320ms
[2022-05-19T10:04:38.254+0000][163][gc,marking     ] GC(153) Concurrent Rebuild Remembered Sets
[2022-05-19T10:04:38.274+0000][163][gc,marking     ] GC(153) Concurrent Rebuild Remembered Sets 20.042ms
[2022-05-19T10:04:38.275+0000][163][gc,start       ] GC(153) Pause Cleanup
[2022-05-19T10:04:38.275+0000][163][gc             ] GC(153) Pause Cleanup 346M->346M(512M) 0.415ms
[2022-05-19T10:04:38.275+0000][163][gc,cpu         ] GC(153) User=0.00s Sys=0.00s Real=0.00s
[2022-05-19T10:04:38.276+0000][163][safepoint      ] Safepoint "G1Concurrent", Time since last: 20762300 ns, Reaching safepoint: 255300 ns, At safepoint: 1024100 ns, Total: 1279400 ns
[2022-05-19T10:04:38.276+0000][163][gc,marking     ] GC(153) Concurrent Cleanup for Next Mark
[2022-05-19T10:04:38.276+0000][163][gc,marking     ] GC(153) Concurrent Cleanup for Next Mark 0.440ms
[2022-05-19T10:04:38.277+0000][163][gc             ] GC(153) Concurrent Mark Cycle 71.615ms
[2022-05-19T10:04:38.343+0000][163][gc,start       ] GC(154) Pause Young (Prepare Mixed) (G1 Evacuation Pause)
[2022-05-19T10:04:38.343+0000][163][gc,task        ] GC(154) Using 10 workers of 10 for evacuation
[2022-05-19T10:04:38.344+0000][163][gc,age         ] GC(154) Desired survivor size 2097152 bytes, new threshold 2 (max threshold 15)
[2022-05-19T10:04:38.346+0000][163][gc,age         ] GC(154) Age table with threshold 2 (max threshold 15)
[2022-05-19T10:04:38.346+0000][163][gc,age         ] GC(154) - age   1:     262776 bytes,     262776 total
[2022-05-19T10:04:38.346+0000][163][gc,age         ] GC(154) - age   2:    1117280 bytes,    1380056 total
[2022-05-19T10:04:38.346+0000][163][gc,phases      ] GC(154)   Pre Evacuate Collection Set: 0.2ms
[2022-05-19T10:04:38.346+0000][163][gc,phases      ] GC(154)   Merge Heap Roots: 0.1ms
[2022-05-19T10:04:38.347+0000][163][gc,phases      ] GC(154)   Evacuate Collection Set: 1.2ms
[2022-05-19T10:04:38.347+0000][163][gc,phases      ] GC(154)   Post Evacuate Collection Set: 0.5ms
[2022-05-19T10:04:38.347+0000][163][gc,phases      ] GC(154)   Other: 1.2ms
[2022-05-19T10:04:38.347+0000][163][gc,heap        ] GC(154) Eden regions: 4->0(5)
[2022-05-19T10:04:38.347+0000][163][gc,heap        ] GC(154) Survivor regions: 2->1(1)
[2022-05-19T10:04:38.347+0000][163][gc,heap        ] GC(154) Old regions: 51->52
[2022-05-19T10:04:38.347+0000][163][gc,heap        ] GC(154) Archive regions: 2->2
[2022-05-19T10:04:38.347+0000][163][gc,heap        ] GC(154) Humongous regions: 32->32
[2022-05-19T10:04:38.347+0000][163][gc,metaspace   ] GC(154) Metaspace: 101375K(102912K)->101375K(102912K) NonClass: 87417K(88384K)->87417K(88384K) Class: 13958K(14528K)->13958K(14528K)
[2022-05-19T10:04:38.348+0000][163][gc             ] GC(154) Pause Young (Prepare Mixed) (G1 Evacuation Pause) 355M->339M(512M) 4.402ms
[2022-05-19T10:04:38.348+0000][163][gc,cpu         ] GC(154) User=0.01s Sys=0.01s Real=0.00s
[2022-05-19T10:04:38.348+0000][163][safepoint      ] Safepoint "G1CollectForAllocation", Time since last: 67212600 ns, Reaching safepoint: 182300 ns, At safepoint: 4685400 ns, Total: 4867700 ns
[2022-05-19T10:04:38.510+0000][163][gc,start       ] GC(155) Pause Young (Mixed) (G1 Evacuation Pause)
[2022-05-19T10:04:38.510+0000][163][gc,task        ] GC(155) Using 10 workers of 10 for evacuation
[2022-05-19T10:04:38.511+0000][163][gc,age         ] GC(155) Desired survivor size 2097152 bytes, new threshold 15 (max threshold 15)
[2022-05-19T10:04:38.513+0000][163][gc,age         ] GC(155) Age table with threshold 15 (max threshold 15)
[2022-05-19T10:04:38.514+0000][163][gc,age         ] GC(155) - age   1:     328312 bytes,     328312 total
[2022-05-19T10:04:38.514+0000][163][gc,age         ] GC(155) - age   2:     262272 bytes,     590584 total
[2022-05-19T10:04:38.514+0000][163][gc,age         ] GC(155) - age   3:    1117280 bytes,    1707864 total
[2022-05-19T10:04:38.514+0000][163][gc,phases      ] GC(155)   Pre Evacuate Collection Set: 0.2ms
[2022-05-19T10:04:38.515+0000][163][gc,phases      ] GC(155)   Merge Heap Roots: 0.2ms
[2022-05-19T10:04:38.515+0000][163][gc,phases      ] GC(155)   Evacuate Collection Set: 1.3ms
[2022-05-19T10:04:38.515+0000][163][gc,phases      ] GC(155)   Post Evacuate Collection Set: 0.9ms
[2022-05-19T10:04:38.515+0000][163][gc,phases      ] GC(155)   Other: 1.6ms
[2022-05-19T10:04:38.515+0000][163][gc,heap        ] GC(155) Eden regions: 5->0(20)
[2022-05-19T10:04:38.515+0000][163][gc,heap        ] GC(155) Survivor regions: 1->1(1)
[2022-05-19T10:04:38.516+0000][163][gc,heap        ] GC(155) Old regions: 52->52
[2022-05-19T10:04:38.516+0000][163][gc,heap        ] GC(155) Archive regions: 2->2
[2022-05-19T10:04:38.516+0000][163][gc,heap        ] GC(155) Humongous regions: 32->32
[2022-05-19T10:04:38.516+0000][163][gc,metaspace   ] GC(155) Metaspace: 101375K(102912K)->101375K(102912K) NonClass: 87417K(88384K)->87417K(88384K) Class: 13958K(14528K)->13958K(14528K)
[2022-05-19T10:04:38.516+0000][163][gc             ] GC(155) Pause Young (Mixed) (G1 Evacuation Pause) 359M->338M(512M) 6.112ms
[2022-05-19T10:04:38.517+0000][163][gc,cpu         ] GC(155) User=0.01s Sys=0.00s Real=0.00s
[2022-05-19T10:04:38.517+0000][163][safepoint      ] Safepoint "G1CollectForAllocation", Time since last: 162069600 ns, Reaching safepoint: 255700 ns, At safepoint: 6529100 ns, Total: 6784800 ns
[2022-05-19T10:04:39.149+0000][163][gc,start       ] GC(156) Pause Young (Concurrent Start) (G1 Evacuation Pause)
[2022-05-19T10:04:39.149+0000][163][gc,task        ] GC(156) Using 10 workers of 10 for evacuation
[2022-05-19T10:04:39.149+0000][163][gc,age         ] GC(156) Desired survivor size 6291456 bytes, new threshold 15 (max threshold 15)
[2022-05-19T10:04:39.152+0000][163][gc,age         ] GC(156) Age table with threshold 15 (max threshold 15)
[2022-05-19T10:04:39.152+0000][163][gc,age         ] GC(156) - age   1:    1150336 bytes,    1150336 total
[2022-05-19T10:04:39.152+0000][163][gc,age         ] GC(156) - age   2:     327968 bytes,    1478304 total
[2022-05-19T10:04:39.152+0000][163][gc,age         ] GC(156) - age   3:     262272 bytes,    1740576 total
[2022-05-19T10:04:39.152+0000][163][gc,age         ] GC(156) - age   4:    1114720 bytes,    2855296 total
[2022-05-19T10:04:39.153+0000][163][gc,phases      ] GC(156)   Pre Evacuate Collection Set: 0.3ms
[2022-05-19T10:04:39.153+0000][163][gc,phases      ] GC(156)   Merge Heap Roots: 0.2ms
[2022-05-19T10:04:39.153+0000][163][gc,phases      ] GC(156)   Evacuate Collection Set: 1.4ms
[2022-05-19T10:04:39.153+0000][163][gc,phases      ] GC(156)   Post Evacuate Collection Set: 0.6ms
[2022-05-19T10:04:39.153+0000][163][gc,phases      ] GC(156)   Other: 1.5ms
[2022-05-19T10:04:39.154+0000][163][gc,heap        ] GC(156) Eden regions: 20->0(20)
[2022-05-19T10:04:39.154+0000][163][gc,heap        ] GC(156) Survivor regions: 1->1(3)
[2022-05-19T10:04:39.154+0000][163][gc,heap        ] GC(156) Old regions: 52->52
[2022-05-19T10:04:39.154+0000][163][gc,heap        ] GC(156) Archive regions: 2->2
[2022-05-19T10:04:39.154+0000][163][gc,heap        ] GC(156) Humongous regions: 32->32
[2022-05-19T10:04:39.154+0000][163][gc,metaspace   ] GC(156) Metaspace: 101375K(102912K)->101375K(102912K) NonClass: 87417K(88384K)->87417K(88384K) Class: 13958K(14528K)->13958K(14528K)
[2022-05-19T10:04:39.154+0000][163][gc             ] GC(156) Pause Young (Concurrent Start) (G1 Evacuation Pause) 418M->339M(512M) 5.418ms
[2022-05-19T10:04:39.154+0000][163][gc,cpu         ] GC(156) User=0.01s Sys=0.00s Real=0.01s
[2022-05-19T10:04:39.155+0000][163][gc             ] GC(157) Concurrent Mark Cycle
[2022-05-19T10:04:39.155+0000][163][gc,marking     ] GC(157) Concurrent Clear Claimed Marks
[2022-05-19T10:04:39.155+0000][163][safepoint      ] Safepoint "G1CollectForAllocation", Time since last: 631983200 ns, Reaching safepoint: 193100 ns, At safepoint: 5741500 ns, Total: 5934600 ns
[2022-05-19T10:04:39.155+0000][163][gc,marking     ] GC(157) Concurrent Clear Claimed Marks 0.207ms
[2022-05-19T10:04:39.155+0000][163][gc,marking     ] GC(157) Concurrent Scan Root Regions
[2022-05-19T10:04:39.156+0000][163][gc,marking     ] GC(157) Concurrent Scan Root Regions 1.273ms
[2022-05-19T10:04:39.157+0000][163][gc,marking     ] GC(157) Concurrent Mark
[2022-05-19T10:04:39.157+0000][163][gc,marking     ] GC(157) Concurrent Mark From Roots
[2022-05-19T10:04:39.157+0000][163][gc,task        ] GC(157) Using 3 workers of 3 for marking
[2022-05-19T10:04:39.203+0000][163][gc,marking     ] GC(157) Concurrent Mark From Roots 45.877ms
[2022-05-19T10:04:39.203+0000][163][gc,marking     ] GC(157) Concurrent Preclean
[2022-05-19T10:04:39.203+0000][163][gc,marking     ] GC(157) Concurrent Preclean 0.564ms
[2022-05-19T10:04:39.204+0000][163][gc,start       ] GC(157) Pause Remark
[2022-05-19T10:04:39.207+0000][163][gc             ] GC(157) Pause Remark 345M->345M(512M) 3.046ms
[2022-05-19T10:04:39.207+0000][163][gc,cpu         ] GC(157) User=0.02s Sys=0.00s Real=0.00s
[2022-05-19T10:04:39.208+0000][163][safepoint      ] Safepoint "G1Concurrent", Time since last: 49031800 ns, Reaching safepoint: 279800 ns, At safepoint: 3618800 ns, Total: 3898600 ns
[2022-05-19T10:04:39.208+0000][163][gc,marking     ] GC(157) Concurrent Mark 51.178ms
[2022-05-19T10:04:39.208+0000][163][gc,marking     ] GC(157) Concurrent Rebuild Remembered Sets
[2022-05-19T10:04:39.232+0000][163][gc,marking     ] GC(157) Concurrent Rebuild Remembered Sets 23.653ms
[2022-05-19T10:04:39.232+0000][163][gc,start       ] GC(157) Pause Cleanup
[2022-05-19T10:04:39.233+0000][163][gc             ] GC(157) Pause Cleanup 347M->347M(512M) 0.405ms
[2022-05-19T10:04:39.233+0000][163][gc,cpu         ] GC(157) User=0.00s Sys=0.00s Real=0.00s
[2022-05-19T10:04:39.233+0000][163][safepoint      ] Safepoint "G1Concurrent", Time since last: 24252700 ns, Reaching safepoint: 306600 ns, At safepoint: 816500 ns, Total: 1123100 ns
[2022-05-19T10:04:39.233+0000][163][gc,marking     ] GC(157) Concurrent Cleanup for Next Mark
[2022-05-19T10:04:39.233+0000][163][gc,marking     ] GC(157) Concurrent Cleanup for Next Mark 0.360ms
[2022-05-19T10:04:39.234+0000][163][gc             ] GC(157) Concurrent Mark Cycle 79.109ms
[2022-05-19T10:04:39.793+0000][163][gc,start       ] GC(158) Pause Young (Prepare Mixed) (G1 Evacuation Pause)
[2022-05-19T10:04:39.793+0000][163][gc,task        ] GC(158) Using 10 workers of 10 for evacuation
[2022-05-19T10:04:39.793+0000][163][gc,age         ] GC(158) Desired survivor size 6291456 bytes, new threshold 15 (max threshold 15)
[2022-05-19T10:04:39.796+0000][163][gc,age         ] GC(158) Age table with threshold 15 (max threshold 15)
[2022-05-19T10:04:39.796+0000][163][gc,age         ] GC(158) - age   1:    1116248 bytes,    1116248 total
[2022-05-19T10:04:39.796+0000][163][gc,age         ] GC(158) - age   2:    1148960 bytes,    2265208 total
[2022-05-19T10:04:39.797+0000][163][gc,age         ] GC(158) - age   3:     327840 bytes,    2593048 total
[2022-05-19T10:04:39.797+0000][163][gc,age         ] GC(158) - age   4:     262272 bytes,    2855320 total
[2022-05-19T10:04:39.797+0000][163][gc,age         ] GC(158) - age   5:    1114688 bytes,    3970008 total
[2022-05-19T10:04:39.798+0000][163][gc,phases      ] GC(158)   Pre Evacuate Collection Set: 0.3ms
[2022-05-19T10:04:39.798+0000][163][gc,phases      ] GC(158)   Merge Heap Roots: 0.2ms
[2022-05-19T10:04:39.798+0000][163][gc,phases      ] GC(158)   Evacuate Collection Set: 0.9ms
[2022-05-19T10:04:39.798+0000][163][gc,phases      ] GC(158)   Post Evacuate Collection Set: 0.9ms
[2022-05-19T10:04:39.798+0000][163][gc,phases      ] GC(158)   Other: 2.4ms
[2022-05-19T10:04:39.798+0000][163][gc,heap        ] GC(158) Eden regions: 20->0(5)
[2022-05-19T10:04:39.798+0000][163][gc,heap        ] GC(158) Survivor regions: 1->1(3)
[2022-05-19T10:04:39.798+0000][163][gc,heap        ] GC(158) Old regions: 52->52
[2022-05-19T10:04:39.799+0000][163][gc,heap        ] GC(158) Archive regions: 2->2
[2022-05-19T10:04:39.799+0000][163][gc,heap        ] GC(158) Humongous regions: 32->32
[2022-05-19T10:04:39.799+0000][163][gc,metaspace   ] GC(158) Metaspace: 101375K(102912K)->101375K(102912K) NonClass: 87417K(88384K)->87417K(88384K) Class: 13958K(14528K)->13958K(14528K)
[2022-05-19T10:04:39.799+0000][163][gc             ] GC(158) Pause Young (Prepare Mixed) (G1 Evacuation Pause) 419M->341M(512M) 6.137ms
[2022-05-19T10:04:39.799+0000][163][gc,cpu         ] GC(158) User=0.02s Sys=0.00s Real=0.00s
[2022-05-19T10:04:39.799+0000][163][safepoint      ] Safepoint "G1CollectForAllocation", Time since last: 559606100 ns, Reaching safepoint: 246400 ns, At safepoint: 6481400 ns, Total: 6727800 ns
[2022-05-19T10:04:39.954+0000][163][gc,start       ] GC(159) Pause Young (Mixed) (G1 Evacuation Pause)
[2022-05-19T10:04:39.954+0000][163][gc,task        ] GC(159) Using 10 workers of 10 for evacuation
[2022-05-19T10:04:39.954+0000][163][gc,age         ] GC(159) Desired survivor size 2097152 bytes, new threshold 2 (max threshold 15)
[2022-05-19T10:04:39.957+0000][163][gc,age         ] GC(159) Age table with threshold 2 (max threshold 15)
[2022-05-19T10:04:39.958+0000][163][gc,age         ] GC(159) - age   1:     302808 bytes,     302808 total
[2022-05-19T10:04:39.958+0000][163][gc,age         ] GC(159) - age   2:    1115824 bytes,    1418632 total
[2022-05-19T10:04:39.958+0000][163][gc,phases      ] GC(159)   Pre Evacuate Collection Set: 0.2ms
[2022-05-19T10:04:39.958+0000][163][gc,phases      ] GC(159)   Merge Heap Roots: 0.3ms
[2022-05-19T10:04:39.958+0000][163][gc,phases      ] GC(159)   Evacuate Collection Set: 1.4ms
[2022-05-19T10:04:39.959+0000][163][gc,phases      ] GC(159)   Post Evacuate Collection Set: 0.8ms
[2022-05-19T10:04:39.959+0000][163][gc,phases      ] GC(159)   Other: 1.7ms
[2022-05-19T10:04:39.959+0000][163][gc,heap        ] GC(159) Eden regions: 5->0(19)
[2022-05-19T10:04:39.959+0000][163][gc,heap        ] GC(159) Survivor regions: 1->1(1)
[2022-05-19T10:04:39.959+0000][163][gc,heap        ] GC(159) Old regions: 52->53
[2022-05-19T10:04:39.960+0000][163][gc,heap        ] GC(159) Archive regions: 2->2
[2022-05-19T10:04:39.960+0000][163][gc,heap        ] GC(159) Humongous regions: 32->32
[2022-05-19T10:04:39.960+0000][163][gc,metaspace   ] GC(159) Metaspace: 101375K(102912K)->101375K(102912K) NonClass: 87417K(88384K)->87417K(88384K) Class: 13958K(14528K)->13958K(14528K)
[2022-05-19T10:04:39.960+0000][163][gc             ] GC(159) Pause Young (Mixed) (G1 Evacuation Pause) 361M->340M(512M) 6.289ms
[2022-05-19T10:04:39.960+0000][163][gc,cpu         ] GC(159) User=0.02s Sys=0.00s Real=0.01s
[2022-05-19T10:04:39.960+0000][163][safepoint      ] Safepoint "G1CollectForAllocation", Time since last: 154203600 ns, Reaching safepoint: 235700 ns, At safepoint: 6656400 ns, Total: 6892100 ns
[2022-05-19T10:04:40.427+0000][163][gc,start       ] GC(160) Pause Young (Concurrent Start) (G1 Humongous Allocation)
[2022-05-19T10:04:40.427+0000][163][gc,task        ] GC(160) Using 10 workers of 10 for evacuation
[2022-05-19T10:04:40.427+0000][163][gc,age         ] GC(160) Desired survivor size 6291456 bytes, new threshold 15 (max threshold 15)
[2022-05-19T10:04:40.430+0000][163][gc,age         ] GC(160) Age table with threshold 15 (max threshold 15)
[2022-05-19T10:04:40.430+0000][163][gc,age         ] GC(160) - age   1:     887680 bytes,     887680 total
[2022-05-19T10:04:40.430+0000][163][gc,age         ] GC(160) - age   2:     302480 bytes,    1190160 total
[2022-05-19T10:04:40.431+0000][163][gc,age         ] GC(160) - age   3:    1115696 bytes,    2305856 total
[2022-05-19T10:04:40.431+0000][163][gc,phases      ] GC(160)   Pre Evacuate Collection Set: 0.3ms
[2022-05-19T10:04:40.431+0000][163][gc,phases      ] GC(160)   Merge Heap Roots: 0.2ms
[2022-05-19T10:04:40.431+0000][163][gc,phases      ] GC(160)   Evacuate Collection Set: 1.2ms
[2022-05-19T10:04:40.431+0000][163][gc,phases      ] GC(160)   Post Evacuate Collection Set: 0.8ms
[2022-05-19T10:04:40.431+0000][163][gc,phases      ] GC(160)   Other: 1.4ms
[2022-05-19T10:04:40.432+0000][163][gc,heap        ] GC(160) Eden regions: 15->0(19)
[2022-05-19T10:04:40.432+0000][163][gc,heap        ] GC(160) Survivor regions: 1->1(3)
[2022-05-19T10:04:40.432+0000][163][gc,heap        ] GC(160) Old regions: 53->53
[2022-05-19T10:04:40.432+0000][163][gc,heap        ] GC(160) Archive regions: 2->2
[2022-05-19T10:04:40.432+0000][163][gc,heap        ] GC(160) Humongous regions: 32->32
[2022-05-19T10:04:40.432+0000][163][gc,metaspace   ] GC(160) Metaspace: 101375K(102912K)->101375K(102912K) NonClass: 87417K(88384K)->87417K(88384K) Class: 13958K(14528K)->13958K(14528K)
[2022-05-19T10:04:40.432+0000][163][gc             ] GC(160) Pause Young (Concurrent Start) (G1 Humongous Allocation) 400M->341M(512M) 5.501ms
[2022-05-19T10:04:40.433+0000][163][gc,cpu         ] GC(160) User=0.01s Sys=0.00s Real=0.01s
[2022-05-19T10:04:40.433+0000][163][safepoint      ] Safepoint "G1TryInitiateConcMark", Time since last: 466324000 ns, Reaching safepoint: 230500 ns, At safepoint: 5845300 ns, Total: 6075800 ns
[2022-05-19T10:04:40.433+0000][163][gc             ] GC(161) Concurrent Mark Cycle
[2022-05-19T10:04:40.433+0000][163][gc,marking     ] GC(161) Concurrent Clear Claimed Marks
[2022-05-19T10:04:40.433+0000][163][gc,marking     ] GC(161) Concurrent Clear Claimed Marks 0.235ms
[2022-05-19T10:04:40.433+0000][163][gc,marking     ] GC(161) Concurrent Scan Root Regions
[2022-05-19T10:04:40.435+0000][163][gc,marking     ] GC(161) Concurrent Scan Root Regions 1.680ms
[2022-05-19T10:04:40.435+0000][163][gc,marking     ] GC(161) Concurrent Mark
[2022-05-19T10:04:40.436+0000][163][gc,marking     ] GC(161) Concurrent Mark From Roots
[2022-05-19T10:04:40.436+0000][163][gc,task        ] GC(161) Using 3 workers of 3 for marking
[2022-05-19T10:04:40.486+0000][163][gc,marking     ] GC(161) Concurrent Mark From Roots 50.260ms
[2022-05-19T10:04:40.486+0000][163][gc,marking     ] GC(161) Concurrent Preclean
[2022-05-19T10:04:40.487+0000][163][gc,marking     ] GC(161) Concurrent Preclean 0.607ms
[2022-05-19T10:04:40.487+0000][163][gc,start       ] GC(161) Pause Remark
[2022-05-19T10:04:40.490+0000][163][gc             ] GC(161) Pause Remark 379M->379M(512M) 3.151ms
[2022-05-19T10:04:40.491+0000][163][gc,cpu         ] GC(161) User=0.02s Sys=0.00s Real=0.01s
[2022-05-19T10:04:40.491+0000][163][safepoint      ] Safepoint "G1Concurrent", Time since last: 54176000 ns, Reaching safepoint: 324000 ns, At safepoint: 3619400 ns, Total: 3943400 ns
[2022-05-19T10:04:40.491+0000][163][gc,marking     ] GC(161) Concurrent Mark 55.620ms
[2022-05-19T10:04:40.491+0000][163][gc,marking     ] GC(161) Concurrent Rebuild Remembered Sets
[2022-05-19T10:04:40.514+0000][163][gc,marking     ] GC(161) Concurrent Rebuild Remembered Sets 23.088ms
[2022-05-19T10:04:40.515+0000][163][gc,start       ] GC(161) Pause Cleanup
[2022-05-19T10:04:40.515+0000][163][gc             ] GC(161) Pause Cleanup 379M->379M(512M) 0.386ms
[2022-05-19T10:04:40.515+0000][163][gc,cpu         ] GC(161) User=0.00s Sys=0.00s Real=0.00s
[2022-05-19T10:04:40.516+0000][163][safepoint      ] Safepoint "G1Concurrent", Time since last: 23672600 ns, Reaching safepoint: 204800 ns, At safepoint: 820300 ns, Total: 1025100 ns
[2022-05-19T10:04:40.516+0000][163][gc,marking     ] GC(161) Concurrent Cleanup for Next Mark
[2022-05-19T10:04:40.516+0000][163][gc,marking     ] GC(161) Concurrent Cleanup for Next Mark 0.345ms
[2022-05-19T10:04:40.516+0000][163][gc             ] GC(161) Concurrent Mark Cycle 83.516ms
[2022-05-19T10:04:40.853+0000][163][gc,start       ] GC(162) Pause Young (Normal) (G1 Evacuation Pause)
[2022-05-19T10:04:40.854+0000][163][gc,task        ] GC(162) Using 10 workers of 10 for evacuation
[2022-05-19T10:04:40.854+0000][163][gc,age         ] GC(162) Desired survivor size 6291456 bytes, new threshold 15 (max threshold 15)
[2022-05-19T10:04:40.857+0000][163][gc,age         ] GC(162) Age table with threshold 15 (max threshold 15)
[2022-05-19T10:04:40.857+0000][163][gc,age         ] GC(162) - age   1:    2827904 bytes,    2827904 total
[2022-05-19T10:04:40.857+0000][163][gc,age         ] GC(162) - age   2:     886976 bytes,    3714880 total
[2022-05-19T10:04:40.858+0000][163][gc,age         ] GC(162) - age   3:     302160 bytes,    4017040 total
[2022-05-19T10:04:40.858+0000][163][gc,age         ] GC(162) - age   4:    1114720 bytes,    5131760 total
[2022-05-19T10:04:40.858+0000][163][gc,phases      ] GC(162)   Pre Evacuate Collection Set: 0.2ms
[2022-05-19T10:04:40.858+0000][163][gc,phases      ] GC(162)   Merge Heap Roots: 0.3ms
[2022-05-19T10:04:40.858+0000][163][gc,phases      ] GC(162)   Evacuate Collection Set: 1.3ms
[2022-05-19T10:04:40.858+0000][163][gc,phases      ] GC(162)   Post Evacuate Collection Set: 0.8ms
[2022-05-19T10:04:40.859+0000][163][gc,phases      ] GC(162)   Other: 2.0ms
[2022-05-19T10:04:40.859+0000][163][gc,heap        ] GC(162) Eden regions: 19->0(17)
[2022-05-19T10:04:40.859+0000][163][gc,heap        ] GC(162) Survivor regions: 1->2(3)
[2022-05-19T10:04:40.859+0000][163][gc,heap        ] GC(162) Old regions: 53->53
[2022-05-19T10:04:40.859+0000][163][gc,heap        ] GC(162) Archive regions: 2->2
[2022-05-19T10:04:40.859+0000][163][gc,heap        ] GC(162) Humongous regions: 41->32
[2022-05-19T10:04:40.860+0000][163][gc,metaspace   ] GC(162) Metaspace: 101376K(102912K)->101376K(102912K) NonClass: 87418K(88384K)->87418K(88384K) Class: 13958K(14528K)->13958K(14528K)
[2022-05-19T10:04:40.860+0000][163][gc             ] GC(162) Pause Young (Normal) (G1 Evacuation Pause) 453M->344M(512M) 6.383ms
[2022-05-19T10:04:40.860+0000][163][gc,cpu         ] GC(162) User=0.02s Sys=0.00s Real=0.00s
[2022-05-19T10:04:40.860+0000][163][safepoint      ] Safepoint "G1CollectForAllocation", Time since last: 337541500 ns, Reaching safepoint: 233400 ns, At safepoint: 6767100 ns, Total: 7000500 ns
[2022-05-19T10:04:41.415+0000][163][gc,start       ] GC(163) Pause Young (Concurrent Start) (G1 Evacuation Pause)
[2022-05-19T10:04:41.415+0000][163][gc,task        ] GC(163) Using 10 workers of 10 for evacuation
[2022-05-19T10:04:41.416+0000][163][gc,age         ] GC(163) Desired survivor size 6291456 bytes, new threshold 15 (max threshold 15)
[2022-05-19T10:04:41.418+0000][163][gc,age         ] GC(163) Age table with threshold 15 (max threshold 15)
[2022-05-19T10:04:41.419+0000][163][gc,age         ] GC(163) - age   1:    4625160 bytes,    4625160 total
[2022-05-19T10:04:41.419+0000][163][gc,age         ] GC(163) - age   2:     288376 bytes,    4913536 total
[2022-05-19T10:04:41.419+0000][163][gc,age         ] GC(163) - age   3:     886848 bytes,    5800384 total
[2022-05-19T10:04:41.419+0000][163][gc,age         ] GC(163) - age   4:     300896 bytes,    6101280 total
[2022-05-19T10:04:41.419+0000][163][gc,age         ] GC(163) - age   5:    1114720 bytes,    7216000 total
[2022-05-19T10:04:41.419+0000][163][gc,phases      ] GC(163)   Pre Evacuate Collection Set: 0.3ms
[2022-05-19T10:04:41.419+0000][163][gc,phases      ] GC(163)   Merge Heap Roots: 0.2ms
[2022-05-19T10:04:41.419+0000][163][gc,phases      ] GC(163)   Evacuate Collection Set: 1.7ms
[2022-05-19T10:04:41.420+0000][163][gc,phases      ] GC(163)   Post Evacuate Collection Set: 0.7ms
[2022-05-19T10:04:41.420+0000][163][gc,phases      ] GC(163)   Other: 1.3ms
[2022-05-19T10:04:41.420+0000][163][gc,heap        ] GC(163) Eden regions: 17->0(6)
[2022-05-19T10:04:41.420+0000][163][gc,heap        ] GC(163) Survivor regions: 2->2(3)
[2022-05-19T10:04:41.420+0000][163][gc,heap        ] GC(163) Old regions: 53->53
[2022-05-19T10:04:41.420+0000][163][gc,heap        ] GC(163) Archive regions: 2->2
[2022-05-19T10:04:41.420+0000][163][gc,heap        ] GC(163) Humongous regions: 32->32
[2022-05-19T10:04:41.421+0000][163][gc,metaspace   ] GC(163) Metaspace: 101429K(102912K)->101429K(102912K) NonClass: 87471K(88384K)->87471K(88384K) Class: 13958K(14528K)->13958K(14528K)
[2022-05-19T10:04:41.421+0000][163][gc             ] GC(163) Pause Young (Concurrent Start) (G1 Evacuation Pause) 412M->346M(512M) 5.487ms
[2022-05-19T10:04:41.421+0000][163][gc,cpu         ] GC(163) User=0.01s Sys=0.00s Real=0.01s
[2022-05-19T10:04:41.421+0000][163][gc             ] GC(164) Concurrent Mark Cycle
[2022-05-19T10:04:41.421+0000][163][gc,marking     ] GC(164) Concurrent Clear Claimed Marks
[2022-05-19T10:04:41.421+0000][163][safepoint      ] Safepoint "G1CollectForAllocation", Time since last: 554877200 ns, Reaching safepoint: 198500 ns, At safepoint: 5930500 ns, Total: 6129000 ns
[2022-05-19T10:04:41.422+0000][163][gc,marking     ] GC(164) Concurrent Clear Claimed Marks 0.226ms
[2022-05-19T10:04:41.422+0000][163][gc,marking     ] GC(164) Concurrent Scan Root Regions
[2022-05-19T10:04:41.423+0000][163][gc,marking     ] GC(164) Concurrent Scan Root Regions 1.033ms
[2022-05-19T10:04:41.423+0000][163][gc,marking     ] GC(164) Concurrent Mark
[2022-05-19T10:04:41.423+0000][163][gc,marking     ] GC(164) Concurrent Mark From Roots
[2022-05-19T10:04:41.423+0000][163][gc,task        ] GC(164) Using 3 workers of 3 for marking
[2022-05-19T10:04:41.465+0000][163][gc,marking     ] GC(164) Concurrent Mark From Roots 42.267ms
[2022-05-19T10:04:41.466+0000][163][gc,marking     ] GC(164) Concurrent Preclean
[2022-05-19T10:04:41.466+0000][163][gc,marking     ] GC(164) Concurrent Preclean 0.680ms
[2022-05-19T10:04:41.467+0000][163][gc,start       ] GC(164) Pause Remark
[2022-05-19T10:04:41.470+0000][163][gc             ] GC(164) Pause Remark 351M->247M(512M) 2.946ms
[2022-05-19T10:04:41.470+0000][163][gc,cpu         ] GC(164) User=0.02s Sys=0.00s Real=0.01s
[2022-05-19T10:04:41.470+0000][163][safepoint      ] Safepoint "G1Concurrent", Time since last: 45452100 ns, Reaching safepoint: 277300 ns, At safepoint: 3555000 ns, Total: 3832300 ns
[2022-05-19T10:04:41.471+0000][163][gc,marking     ] GC(164) Concurrent Mark 47.639ms
[2022-05-19T10:04:41.471+0000][163][gc,marking     ] GC(164) Concurrent Rebuild Remembered Sets
[2022-05-19T10:04:41.490+0000][163][gc,marking     ] GC(164) Concurrent Rebuild Remembered Sets 19.575ms
[2022-05-19T10:04:41.491+0000][163][gc,start       ] GC(164) Pause Cleanup
[2022-05-19T10:04:41.491+0000][163][gc             ] GC(164) Pause Cleanup 251M->251M(512M) 0.427ms
[2022-05-19T10:04:41.492+0000][163][gc,cpu         ] GC(164) User=0.00s Sys=0.00s Real=0.00s
[2022-05-19T10:04:41.492+0000][163][safepoint      ] Safepoint "G1Concurrent", Time since last: 20386300 ns, Reaching safepoint: 263500 ns, At safepoint: 859200 ns, Total: 1122700 ns
[2022-05-19T10:04:41.492+0000][163][gc,marking     ] GC(164) Concurrent Cleanup for Next Mark
[2022-05-19T10:04:41.492+0000][163][gc,marking     ] GC(164) Concurrent Cleanup for Next Mark 0.357ms
[2022-05-19T10:04:41.493+0000][163][gc             ] GC(164) Concurrent Mark Cycle 71.527ms
[2022-05-19T10:04:41.544+0000][163][gc,start       ] GC(165) Pause Young (Prepare Mixed) (G1 Evacuation Pause)
[2022-05-19T10:04:41.544+0000][163][gc,task        ] GC(165) Using 10 workers of 10 for evacuation
[2022-05-19T10:04:41.544+0000][163][gc,age         ] GC(165) Desired survivor size 2097152 bytes, new threshold 1 (max threshold 15)
[2022-05-19T10:04:41.547+0000][163][gc,age         ] GC(165) Age table with threshold 1 (max threshold 15)
[2022-05-19T10:04:41.547+0000][163][gc,age         ] GC(165) - age   1:      34808 bytes,      34808 total
[2022-05-19T10:04:41.547+0000][163][gc,phases      ] GC(165)   Pre Evacuate Collection Set: 0.2ms
[2022-05-19T10:04:41.547+0000][163][gc,phases      ] GC(165)   Merge Heap Roots: 0.1ms
[2022-05-19T10:04:41.547+0000][163][gc,phases      ] GC(165)   Evacuate Collection Set: 1.2ms
[2022-05-19T10:04:41.547+0000][163][gc,phases      ] GC(165)   Post Evacuate Collection Set: 0.5ms
[2022-05-19T10:04:41.547+0000][163][gc,phases      ] GC(165)   Other: 0.8ms
[2022-05-19T10:04:41.547+0000][163][gc,heap        ] GC(165) Eden regions: 6->0(5)
[2022-05-19T10:04:41.547+0000][163][gc,heap        ] GC(165) Survivor regions: 2->1(1)
[2022-05-19T10:04:41.548+0000][163][gc,heap        ] GC(165) Old regions: 53->54
[2022-05-19T10:04:41.548+0000][163][gc,heap        ] GC(165) Archive regions: 2->2
[2022-05-19T10:04:41.548+0000][163][gc,heap        ] GC(165) Humongous regions: 6->6
[2022-05-19T10:04:41.548+0000][163][gc,metaspace   ] GC(165) Metaspace: 101429K(102912K)->101429K(102912K) NonClass: 87471K(88384K)->87471K(88384K) Class: 13958K(14528K)->13958K(14528K)
[2022-05-19T10:04:41.548+0000][163][gc             ] GC(165) Pause Young (Prepare Mixed) (G1 Evacuation Pause) 266M->242M(512M) 3.984ms
[2022-05-19T10:04:41.548+0000][163][gc,cpu         ] GC(165) User=0.01s Sys=0.00s Real=0.00s
[2022-05-19T10:04:41.548+0000][163][safepoint      ] Safepoint "G1CollectForAllocation", Time since last: 51903900 ns, Reaching safepoint: 180000 ns, At safepoint: 4256200 ns, Total: 4436200 ns
[2022-05-19T10:04:41.643+0000][163][gc,start       ] GC(166) Pause Young (Mixed) (G1 Evacuation Pause)
[2022-05-19T10:04:41.643+0000][163][gc,task        ] GC(166) Using 10 workers of 10 for evacuation
[2022-05-19T10:04:41.644+0000][163][gc,age         ] GC(166) Desired survivor size 2097152 bytes, new threshold 15 (max threshold 15)
[2022-05-19T10:04:41.646+0000][163][gc,age         ] GC(166) Age table with threshold 15 (max threshold 15)
[2022-05-19T10:04:41.646+0000][163][gc,age         ] GC(166) - age   1:      25464 bytes,      25464 total
[2022-05-19T10:04:41.646+0000][163][gc,age         ] GC(166) - age   2:      14968 bytes,      40432 total
[2022-05-19T10:04:41.646+0000][163][gc,phases      ] GC(166)   Pre Evacuate Collection Set: 0.2ms
[2022-05-19T10:04:41.647+0000][163][gc,phases      ] GC(166)   Merge Heap Roots: 0.2ms
[2022-05-19T10:04:41.647+0000][163][gc,phases      ] GC(166)   Evacuate Collection Set: 1.1ms
[2022-05-19T10:04:41.647+0000][163][gc,phases      ] GC(166)   Post Evacuate Collection Set: 0.6ms
[2022-05-19T10:04:41.647+0000][163][gc,phases      ] GC(166)   Other: 1.3ms
[2022-05-19T10:04:41.647+0000][163][gc,heap        ] GC(166) Eden regions: 5->0(42)
[2022-05-19T10:04:41.647+0000][163][gc,heap        ] GC(166) Survivor regions: 1->1(1)
[2022-05-19T10:04:41.647+0000][163][gc,heap        ] GC(166) Old regions: 54->54
[2022-05-19T10:04:41.647+0000][163][gc,heap        ] GC(166) Archive regions: 2->2
[2022-05-19T10:04:41.648+0000][163][gc,heap        ] GC(166) Humongous regions: 6->6
[2022-05-19T10:04:41.648+0000][163][gc,metaspace   ] GC(166) Metaspace: 101429K(102912K)->101429K(102912K) NonClass: 87471K(88384K)->87471K(88384K) Class: 13958K(14528K)->13958K(14528K)
[2022-05-19T10:04:41.648+0000][163][gc             ] GC(166) Pause Young (Mixed) (G1 Evacuation Pause) 262M->241M(512M) 4.721ms
[2022-05-19T10:04:41.648+0000][163][gc,cpu         ] GC(166) User=0.01s Sys=0.00s Real=0.00s
[2022-05-19T10:04:41.648+0000][163][safepoint      ] Safepoint "G1CollectForAllocation", Time since last: 94528600 ns, Reaching safepoint: 242200 ns, At safepoint: 5013200 ns, Total: 5255400 ns
[2022-05-19T10:04:42.649+0000][163][safepoint      ] Safepoint "Cleanup", Time since last: 1000306400 ns, Reaching safepoint: 292900 ns, At safepoint: 9300 ns, Total: 302200 ns
[2022-05-19T10:04:44.650+0000][163][safepoint      ] Safepoint "Cleanup", Time since last: 2000718300 ns, Reaching safepoint: 189600 ns, At safepoint: 6500 ns, Total: 196100 ns
[2022-05-19T10:04:46.651+0000][163][safepoint      ] Safepoint "Cleanup", Time since last: 2000623300 ns, Reaching safepoint: 312000 ns, At safepoint: 12200 ns, Total: 324200 ns
[2022-05-19T10:04:49.652+0000][163][safepoint      ] Safepoint "Cleanup", Time since last: 3000745100 ns, Reaching safepoint: 278700 ns, At safepoint: 30900 ns, Total: 309600 ns
[2022-05-19T10:04:56.653+0000][163][safepoint      ] Safepoint "Cleanup", Time since last: 7001356800 ns, Reaching safepoint: 337700 ns, At safepoint: 6100 ns, Total: 343800 ns
[2022-05-19T10:04:59.654+0000][163][safepoint      ] Safepoint "Cleanup", Time since last: 3000738800 ns, Reaching safepoint: 277600 ns, At safepoint: 20700 ns, Total: 298300 ns
[2022-05-19T10:05:06.656+0000][163][safepoint      ] Safepoint "Cleanup", Time since last: 7001367100 ns, Reaching safepoint: 270400 ns, At safepoint: 23900 ns, Total: 294300 ns
[2022-05-19T10:05:11.657+0000][163][safepoint      ] Safepoint "Cleanup", Time since last: 5001000300 ns, Reaching safepoint: 196100 ns, At safepoint: 7400 ns, Total: 203500 ns
[2022-05-19T10:05:14.658+0000][163][safepoint      ] Safepoint "Cleanup", Time since last: 3000646600 ns, Reaching safepoint: 247000 ns, At safepoint: 13900 ns, Total: 260900 ns
[2022-05-19T10:05:15.659+0000][163][safepoint      ] Safepoint "Cleanup", Time since last: 1000424500 ns, Reaching safepoint: 211300 ns, At safepoint: 9500 ns, Total: 220800 ns
[2022-05-19T10:05:16.659+0000][163][safepoint      ] Safepoint "Cleanup", Time since last: 1000445500 ns, Reaching safepoint: 270400 ns, At safepoint: 7400 ns, Total: 277800 ns
[2022-05-19T10:05:22.661+0000][163][safepoint      ] Safepoint "Cleanup", Time since last: 6001201300 ns, Reaching safepoint: 217700 ns, At safepoint: 6400 ns, Total: 224100 ns
[2022-05-19T10:05:26.371+0000][163][safepoint      ] Safepoint "Cleanup", Time since last: 3709673000 ns, Reaching safepoint: 241500 ns, At safepoint: 45100 ns, Total: 286600 ns
[2022-05-19T10:05:26.875+0000][163][gc,start       ] GC(167) Pause Young (Normal) (G1 Evacuation Pause)
[2022-05-19T10:05:26.876+0000][163][gc,task        ] GC(167) Using 10 workers of 10 for evacuation
[2022-05-19T10:05:26.876+0000][163][gc,age         ] GC(167) Desired survivor size 12582912 bytes, new threshold 15 (max threshold 15)
[2022-05-19T10:05:26.880+0000][163][gc,age         ] GC(167) Age table with threshold 15 (max threshold 15)
[2022-05-19T10:05:26.880+0000][163][gc,age         ] GC(167) - age   1:   15558888 bytes,   15558888 total
[2022-05-19T10:05:26.880+0000][163][gc,age         ] GC(167) - age   2:      11608 bytes,   15570496 total
[2022-05-19T10:05:26.880+0000][163][gc,age         ] GC(167) - age   3:      14528 bytes,   15585024 total
[2022-05-19T10:05:26.881+0000][163][gc,phases      ] GC(167)   Pre Evacuate Collection Set: 0.2ms
[2022-05-19T10:05:26.881+0000][163][gc,phases      ] GC(167)   Merge Heap Roots: 0.2ms
[2022-05-19T10:05:26.881+0000][163][gc,phases      ] GC(167)   Evacuate Collection Set: 2.1ms
[2022-05-19T10:05:26.882+0000][163][gc,phases      ] GC(167)   Post Evacuate Collection Set: 1.0ms
[2022-05-19T10:05:26.882+0000][163][gc,phases      ] GC(167)   Other: 2.0ms
[2022-05-19T10:05:26.882+0000][163][gc,heap        ] GC(167) Eden regions: 42->0(33)
[2022-05-19T10:05:26.882+0000][163][gc,heap        ] GC(167) Survivor regions: 1->4(6)
[2022-05-19T10:05:26.882+0000][163][gc,heap        ] GC(167) Old regions: 54->54
[2022-05-19T10:05:26.882+0000][163][gc,heap        ] GC(167) Archive regions: 2->2
[2022-05-19T10:05:26.883+0000][163][gc,heap        ] GC(167) Humongous regions: 14->9
[2022-05-19T10:05:26.883+0000][163][gc,metaspace   ] GC(167) Metaspace: 101551K(103040K)->101551K(103040K) NonClass: 87587K(88512K)->87587K(88512K) Class: 13963K(14528K)->13963K(14528K)
[2022-05-19T10:05:26.883+0000][163][gc             ] GC(167) Pause Young (Normal) (G1 Evacuation Pause) 441M->268M(512M) 7.781ms
[2022-05-19T10:05:26.883+0000][163][gc,cpu         ] GC(167) User=0.02s Sys=0.00s Real=0.01s
[2022-05-19T10:05:26.884+0000][163][safepoint      ] Safepoint "G1CollectForAllocation", Time since last: 504238500 ns, Reaching safepoint: 267800 ns, At safepoint: 8269900 ns, Total: 8537700 ns
[2022-05-19T10:05:27.818+0000][163][gc,start       ] GC(168) Pause Young (Normal) (G1 Evacuation Pause)
[2022-05-19T10:05:27.818+0000][163][gc,task        ] GC(168) Using 10 workers of 10 for evacuation
[2022-05-19T10:05:27.818+0000][163][gc,age         ] GC(168) Desired survivor size 10485760 bytes, new threshold 1 (max threshold 15)
[2022-05-19T10:05:27.822+0000][163][gc,age         ] GC(168) Age table with threshold 1 (max threshold 15)
[2022-05-19T10:05:27.822+0000][163][gc,age         ] GC(168) - age   1:    4684312 bytes,    4684312 total
[2022-05-19T10:05:27.822+0000][163][gc,phases      ] GC(168)   Pre Evacuate Collection Set: 0.2ms
[2022-05-19T10:05:27.822+0000][163][gc,phases      ] GC(168)   Merge Heap Roots: 0.2ms
[2022-05-19T10:05:27.822+0000][163][gc,phases      ] GC(168)   Evacuate Collection Set: 2.3ms
[2022-05-19T10:05:27.822+0000][163][gc,phases      ] GC(168)   Post Evacuate Collection Set: 0.6ms
[2022-05-19T10:05:27.822+0000][163][gc,phases      ] GC(168)   Other: 0.9ms
[2022-05-19T10:05:27.823+0000][163][gc,heap        ] GC(168) Eden regions: 33->0(31)
[2022-05-19T10:05:27.823+0000][163][gc,heap        ] GC(168) Survivor regions: 4->2(5)
[2022-05-19T10:05:27.823+0000][163][gc,heap        ] GC(168) Old regions: 54->58
[2022-05-19T10:05:27.823+0000][163][gc,heap        ] GC(168) Archive regions: 2->2
[2022-05-19T10:05:27.823+0000][163][gc,heap        ] GC(168) Humongous regions: 9->9
[2022-05-19T10:05:27.823+0000][163][gc,metaspace   ] GC(168) Metaspace: 101551K(103040K)->101551K(103040K) NonClass: 87587K(88512K)->87587K(88512K) Class: 13963K(14528K)->13963K(14528K)
[2022-05-19T10:05:27.823+0000][163][gc             ] GC(168) Pause Young (Normal) (G1 Evacuation Pause) 400M->271M(512M) 5.516ms
[2022-05-19T10:05:27.823+0000][163][gc,cpu         ] GC(168) User=0.02s Sys=0.00s Real=0.01s
[2022-05-19T10:05:27.824+0000][163][safepoint      ] Safepoint "G1CollectForAllocation", Time since last: 934036500 ns, Reaching safepoint: 183900 ns, At safepoint: 5804700 ns, Total: 5988600 ns
[2022-05-19T10:05:28.778+0000][163][gc,start       ] GC(169) Pause Young (Concurrent Start) (G1 Evacuation Pause)
[2022-05-19T10:05:28.778+0000][163][gc,task        ] GC(169) Using 10 workers of 10 for evacuation
[2022-05-19T10:05:28.778+0000][163][gc,age         ] GC(169) Desired survivor size 10485760 bytes, new threshold 15 (max threshold 15)
[2022-05-19T10:05:28.781+0000][163][gc,age         ] GC(169) Age table with threshold 15 (max threshold 15)
[2022-05-19T10:05:28.782+0000][163][gc,age         ] GC(169) - age   1:    1570288 bytes,    1570288 total
[2022-05-19T10:05:28.782+0000][163][gc,age         ] GC(169) - age   2:    4679208 bytes,    6249496 total
[2022-05-19T10:05:28.782+0000][163][gc,phases      ] GC(169)   Pre Evacuate Collection Set: 0.3ms
[2022-05-19T10:05:28.782+0000][163][gc,phases      ] GC(169)   Merge Heap Roots: 0.2ms
[2022-05-19T10:05:28.783+0000][163][gc,phases      ] GC(169)   Evacuate Collection Set: 1.7ms
[2022-05-19T10:05:28.783+0000][163][gc,phases      ] GC(169)   Post Evacuate Collection Set: 0.7ms
[2022-05-19T10:05:28.783+0000][163][gc,phases      ] GC(169)   Other: 1.5ms
[2022-05-19T10:05:28.783+0000][163][gc,heap        ] GC(169) Eden regions: 31->0(7)
[2022-05-19T10:05:28.783+0000][163][gc,heap        ] GC(169) Survivor regions: 2->2(5)
[2022-05-19T10:05:28.783+0000][163][gc,heap        ] GC(169) Old regions: 58->58
[2022-05-19T10:05:28.783+0000][163][gc,heap        ] GC(169) Archive regions: 2->2
[2022-05-19T10:05:28.784+0000][163][gc,heap        ] GC(169) Humongous regions: 9->9
[2022-05-19T10:05:28.784+0000][163][gc,metaspace   ] GC(169) Metaspace: 101617K(103104K)->101617K(103104K) NonClass: 87645K(88576K)->87645K(88576K) Class: 13972K(14528K)->13972K(14528K)
[2022-05-19T10:05:28.784+0000][163][gc             ] GC(169) Pause Young (Concurrent Start) (G1 Evacuation Pause) 395M->273M(512M) 6.412ms
[2022-05-19T10:05:28.784+0000][163][gc,cpu         ] GC(169) User=0.01s Sys=0.00s Real=0.01s
[2022-05-19T10:05:28.785+0000][163][gc             ] GC(170) Concurrent Mark Cycle
[2022-05-19T10:05:28.785+0000][163][gc,marking     ] GC(170) Concurrent Clear Claimed Marks
[2022-05-19T10:05:28.785+0000][163][safepoint      ] Safepoint "G1CollectForAllocation", Time since last: 953941300 ns, Reaching safepoint: 207400 ns, At safepoint: 6971500 ns, Total: 7178900 ns
[2022-05-19T10:05:28.785+0000][163][gc,marking     ] GC(170) Concurrent Clear Claimed Marks 0.277ms
[2022-05-19T10:05:28.785+0000][163][gc,marking     ] GC(170) Concurrent Scan Root Regions
[2022-05-19T10:05:28.786+0000][163][gc,marking     ] GC(170) Concurrent Scan Root Regions 1.020ms
[2022-05-19T10:05:28.787+0000][163][gc,marking     ] GC(170) Concurrent Mark
[2022-05-19T10:05:28.787+0000][163][gc,marking     ] GC(170) Concurrent Mark From Roots
[2022-05-19T10:05:28.787+0000][163][gc,task        ] GC(170) Using 3 workers of 3 for marking
[2022-05-19T10:05:28.835+0000][163][gc,marking     ] GC(170) Concurrent Mark From Roots 48.796ms
[2022-05-19T10:05:28.836+0000][163][gc,marking     ] GC(170) Concurrent Preclean
[2022-05-19T10:05:28.836+0000][163][gc,marking     ] GC(170) Concurrent Preclean 0.787ms
[2022-05-19T10:05:28.837+0000][163][gc,start       ] GC(170) Pause Remark
[2022-05-19T10:05:28.840+0000][163][gc             ] GC(170) Pause Remark 278M->214M(512M) 3.158ms
[2022-05-19T10:05:28.840+0000][163][gc,cpu         ] GC(170) User=0.01s Sys=0.01s Real=0.01s
[2022-05-19T10:05:28.841+0000][163][safepoint      ] Safepoint "G1Concurrent", Time since last: 52060900 ns, Reaching safepoint: 302000 ns, At safepoint: 3586100 ns, Total: 3888100 ns
[2022-05-19T10:05:28.841+0000][163][gc,marking     ] GC(170) Concurrent Mark 54.252ms
[2022-05-19T10:05:28.841+0000][163][gc,marking     ] GC(170) Concurrent Rebuild Remembered Sets
[2022-05-19T10:05:28.862+0000][163][gc,marking     ] GC(170) Concurrent Rebuild Remembered Sets 20.747ms
[2022-05-19T10:05:28.862+0000][163][gc,start       ] GC(170) Pause Cleanup
[2022-05-19T10:05:28.863+0000][163][gc             ] GC(170) Pause Cleanup 216M->216M(512M) 0.360ms
[2022-05-19T10:05:28.863+0000][163][gc,cpu         ] GC(170) User=0.00s Sys=0.00s Real=0.00s
[2022-05-19T10:05:28.863+0000][163][safepoint      ] Safepoint "G1Concurrent", Time since last: 21322800 ns, Reaching safepoint: 261200 ns, At safepoint: 661000 ns, Total: 922200 ns
[2022-05-19T10:05:28.863+0000][163][gc,marking     ] GC(170) Concurrent Cleanup for Next Mark
[2022-05-19T10:05:28.863+0000][163][gc,marking     ] GC(170) Concurrent Cleanup for Next Mark 0.346ms
[2022-05-19T10:05:28.864+0000][163][gc             ] GC(170) Concurrent Mark Cycle 78.899ms
[2022-05-19T10:05:28.999+0000][163][gc,start       ] GC(171) Pause Young (Prepare Mixed) (G1 Evacuation Pause)
[2022-05-19T10:05:29.000+0000][163][gc,task        ] GC(171) Using 10 workers of 10 for evacuation
[2022-05-19T10:05:29.000+0000][163][gc,age         ] GC(171) Desired survivor size 4194304 bytes, new threshold 2 (max threshold 15)
[2022-05-19T10:05:29.003+0000][163][gc,age         ] GC(171) Age table with threshold 2 (max threshold 15)
[2022-05-19T10:05:29.003+0000][163][gc,age         ] GC(171) - age   1:    2651032 bytes,    2651032 total
[2022-05-19T10:05:29.003+0000][163][gc,age         ] GC(171) - age   2:    1567160 bytes,    4218192 total
[2022-05-19T10:05:29.004+0000][163][gc,phases      ] GC(171)   Pre Evacuate Collection Set: 0.3ms
[2022-05-19T10:05:29.004+0000][163][gc,phases      ] GC(171)   Merge Heap Roots: 0.2ms
[2022-05-19T10:05:29.004+0000][163][gc,phases      ] GC(171)   Evacuate Collection Set: 1.3ms
[2022-05-19T10:05:29.004+0000][163][gc,phases      ] GC(171)   Post Evacuate Collection Set: 1.1ms
[2022-05-19T10:05:29.004+0000][163][gc,phases      ] GC(171)   Other: 1.7ms
[2022-05-19T10:05:29.005+0000][163][gc,heap        ] GC(171) Eden regions: 7->0(4)
[2022-05-19T10:05:29.005+0000][163][gc,heap        ] GC(171) Survivor regions: 2->2(2)
[2022-05-19T10:05:29.005+0000][163][gc,heap        ] GC(171) Old regions: 42->42
[2022-05-19T10:05:29.005+0000][163][gc,heap        ] GC(171) Archive regions: 2->2
[2022-05-19T10:05:29.005+0000][163][gc,heap        ] GC(171) Humongous regions: 9->9
[2022-05-19T10:05:29.005+0000][163][gc,metaspace   ] GC(171) Metaspace: 101617K(103104K)->101617K(103104K) NonClass: 87645K(88576K)->87645K(88576K) Class: 13972K(14528K)->13972K(14528K)
[2022-05-19T10:05:29.006+0000][163][gc             ] GC(171) Pause Young (Prepare Mixed) (G1 Evacuation Pause) 237M->210M(512M) 6.447ms
[2022-05-19T10:05:29.006+0000][163][gc,cpu         ] GC(171) User=0.01s Sys=0.01s Real=0.01s
[2022-05-19T10:05:29.006+0000][163][safepoint      ] Safepoint "G1CollectForAllocation", Time since last: 135981400 ns, Reaching safepoint: 306500 ns, At safepoint: 6929800 ns, Total: 7236300 ns
[2022-05-19T10:05:29.126+0000][163][gc,start       ] GC(172) Pause Young (Mixed) (G1 Evacuation Pause)
[2022-05-19T10:05:29.126+0000][163][gc,task        ] GC(172) Using 10 workers of 10 for evacuation
[2022-05-19T10:05:29.126+0000][163][gc,age         ] GC(172) Desired survivor size 2097152 bytes, new threshold 1 (max threshold 15)
[2022-05-19T10:05:29.130+0000][163][gc,age         ] GC(172) Age table with threshold 1 (max threshold 15)
[2022-05-19T10:05:29.130+0000][163][gc,age         ] GC(172) - age   1:     206216 bytes,     206216 total
[2022-05-19T10:05:29.130+0000][163][gc,phases      ] GC(172)   Pre Evacuate Collection Set: 0.3ms
[2022-05-19T10:05:29.131+0000][163][gc,phases      ] GC(172)   Merge Heap Roots: 0.3ms
[2022-05-19T10:05:29.131+0000][163][gc,phases      ] GC(172)   Evacuate Collection Set: 2.0ms
[2022-05-19T10:05:29.131+0000][163][gc,phases      ] GC(172)   Post Evacuate Collection Set: 0.7ms
[2022-05-19T10:05:29.131+0000][163][gc,phases      ] GC(172)   Other: 1.4ms
[2022-05-19T10:05:29.132+0000][163][gc,heap        ] GC(172) Eden regions: 4->0(58)
[2022-05-19T10:05:29.132+0000][163][gc,heap        ] GC(172) Survivor regions: 2->1(1)
[2022-05-19T10:05:29.132+0000][163][gc,heap        ] GC(172) Old regions: 42->32
[2022-05-19T10:05:29.132+0000][163][gc,heap        ] GC(172) Archive regions: 2->2
[2022-05-19T10:05:29.133+0000][163][gc,heap        ] GC(172) Humongous regions: 9->9
[2022-05-19T10:05:29.133+0000][163][gc,metaspace   ] GC(172) Metaspace: 101617K(103104K)->101617K(103104K) NonClass: 87645K(88576K)->87645K(88576K) Class: 13972K(14528K)->13972K(14528K)
[2022-05-19T10:05:29.133+0000][163][gc             ] GC(172) Pause Young (Mixed) (G1 Evacuation Pause) 226M->166M(512M) 7.240ms
[2022-05-19T10:05:29.133+0000][163][gc,cpu         ] GC(172) User=0.02s Sys=0.00s Real=0.01s
[2022-05-19T10:05:29.133+0000][163][safepoint      ] Safepoint "G1CollectForAllocation", Time since last: 119049000 ns, Reaching safepoint: 352000 ns, At safepoint: 7733300 ns, Total: 8085300 ns
[2022-05-19T10:05:30.134+0000][163][safepoint      ] Safepoint "Cleanup", Time since last: 1000386100 ns, Reaching safepoint: 278700 ns, At safepoint: 23100 ns, Total: 301800 ns
[2022-05-19T10:05:30.912+0000][163][gc,start       ] GC(173) Pause Young (Normal) (G1 Evacuation Pause)
[2022-05-19T10:05:30.913+0000][163][gc,task        ] GC(173) Using 10 workers of 10 for evacuation
[2022-05-19T10:05:30.913+0000][163][gc,age         ] GC(173) Desired survivor size 16777216 bytes, new threshold 15 (max threshold 15)
[2022-05-19T10:05:30.917+0000][163][gc,age         ] GC(173) Age table with threshold 15 (max threshold 15)
[2022-05-19T10:05:30.917+0000][163][gc,age         ] GC(173) - age   1:   11532840 bytes,   11532840 total
[2022-05-19T10:05:30.917+0000][163][gc,age         ] GC(173) - age   2:     200456 bytes,   11733296 total
[2022-05-19T10:05:30.917+0000][163][gc,phases      ] GC(173)   Pre Evacuate Collection Set: 0.2ms
[2022-05-19T10:05:30.918+0000][163][gc,phases      ] GC(173)   Merge Heap Roots: 0.2ms
[2022-05-19T10:05:30.918+0000][163][gc,phases      ] GC(173)   Evacuate Collection Set: 1.7ms
[2022-05-19T10:05:30.918+0000][163][gc,phases      ] GC(173)   Post Evacuate Collection Set: 1.0ms
[2022-05-19T10:05:30.918+0000][163][gc,phases      ] GC(173)   Other: 1.9ms
[2022-05-19T10:05:30.918+0000][163][gc,heap        ] GC(173) Eden regions: 58->0(52)
[2022-05-19T10:05:30.919+0000][163][gc,heap        ] GC(173) Survivor regions: 1->3(8)
[2022-05-19T10:05:30.919+0000][163][gc,heap        ] GC(173) Old regions: 32->32
[2022-05-19T10:05:30.919+0000][163][gc,heap        ] GC(173) Archive regions: 2->2
[2022-05-19T10:05:30.919+0000][163][gc,heap        ] GC(173) Humongous regions: 18->12
[2022-05-19T10:05:30.919+0000][163][gc,metaspace   ] GC(173) Metaspace: 101618K(103104K)->101618K(103104K) NonClass: 87645K(88576K)->87645K(88576K) Class: 13972K(14528K)->13972K(14528K)
[2022-05-19T10:05:30.920+0000][163][gc             ] GC(173) Pause Young (Normal) (G1 Evacuation Pause) 434M->189M(512M) 7.133ms
[2022-05-19T10:05:30.920+0000][163][gc,cpu         ] GC(173) User=0.02s Sys=0.00s Real=0.00s
[2022-05-19T10:05:30.920+0000][163][safepoint      ] Safepoint "G1CollectForAllocation", Time since last: 778100900 ns, Reaching safepoint: 227200 ns, At safepoint: 7601300 ns, Total: 7828500 ns
[2022-05-19T10:05:32.489+0000][163][gc,start       ] GC(174) Pause Young (Normal) (G1 Evacuation Pause)
[2022-05-19T10:05:32.490+0000][163][gc,task        ] GC(174) Using 10 workers of 10 for evacuation
[2022-05-19T10:05:32.490+0000][163][gc,age         ] GC(174) Desired survivor size 14680064 bytes, new threshold 15 (max threshold 15)
[2022-05-19T10:05:32.493+0000][163][gc,age         ] GC(174) Age table with threshold 15 (max threshold 15)
[2022-05-19T10:05:32.493+0000][163][gc,age         ] GC(174) - age   1:    2212456 bytes,    2212456 total
[2022-05-19T10:05:32.494+0000][163][gc,age         ] GC(174) - age   2:   11521168 bytes,   13733624 total
[2022-05-19T10:05:32.494+0000][163][gc,age         ] GC(174) - age   3:     200456 bytes,   13934080 total
[2022-05-19T10:05:32.494+0000][163][gc,phases      ] GC(174)   Pre Evacuate Collection Set: 0.2ms
[2022-05-19T10:05:32.494+0000][163][gc,phases      ] GC(174)   Merge Heap Roots: 0.2ms
[2022-05-19T10:05:32.495+0000][163][gc,phases      ] GC(174)   Evacuate Collection Set: 1.8ms
[2022-05-19T10:05:32.495+0000][163][gc,phases      ] GC(174)   Post Evacuate Collection Set: 0.7ms
[2022-05-19T10:05:32.495+0000][163][gc,phases      ] GC(174)   Other: 1.9ms
[2022-05-19T10:05:32.495+0000][163][gc,heap        ] GC(174) Eden regions: 52->0(52)
[2022-05-19T10:05:32.495+0000][163][gc,heap        ] GC(174) Survivor regions: 3->4(7)
[2022-05-19T10:05:32.495+0000][163][gc,heap        ] GC(174) Old regions: 32->32
[2022-05-19T10:05:32.496+0000][163][gc,heap        ] GC(174) Archive regions: 2->2
[2022-05-19T10:05:32.496+0000][163][gc,heap        ] GC(174) Humongous regions: 12->12
[2022-05-19T10:05:32.496+0000][163][gc,metaspace   ] GC(174) Metaspace: 101618K(103104K)->101618K(103104K) NonClass: 87645K(88576K)->87645K(88576K) Class: 13972K(14528K)->13972K(14528K)
[2022-05-19T10:05:32.496+0000][163][gc             ] GC(174) Pause Young (Normal) (G1 Evacuation Pause) 397M->191M(512M) 6.679ms
[2022-05-19T10:05:32.496+0000][163][gc,cpu         ] GC(174) User=0.02s Sys=0.00s Real=0.01s
[2022-05-19T10:05:32.496+0000][163][safepoint      ] Safepoint "G1CollectForAllocation", Time since last: 1569137000 ns, Reaching safepoint: 192500 ns, At safepoint: 6991400 ns, Total: 7183900 ns
[2022-05-19T10:05:33.393+0000][163][gc,start       ] GC(175) Pause Young (Concurrent Start) (G1 Humongous Allocation)
[2022-05-19T10:05:33.393+0000][163][gc,task        ] GC(175) Using 10 workers of 10 for evacuation
[2022-05-19T10:05:33.393+0000][163][gc,age         ] GC(175) Desired survivor size 14680064 bytes, new threshold 15 (max threshold 15)
[2022-05-19T10:05:33.397+0000][163][gc,age         ] GC(175) Age table with threshold 15 (max threshold 15)
[2022-05-19T10:05:33.397+0000][163][gc,age         ] GC(175) - age   1:    1299480 bytes,    1299480 total
[2022-05-19T10:05:33.397+0000][163][gc,age         ] GC(175) - age   2:    2207472 bytes,    3506952 total
[2022-05-19T10:05:33.397+0000][163][gc,age         ] GC(175) - age   3:   11506392 bytes,   15013344 total
[2022-05-19T10:05:33.397+0000][163][gc,age         ] GC(175) - age   4:     200456 bytes,   15213800 total
[2022-05-19T10:05:33.398+0000][163][gc,phases      ] GC(175)   Pre Evacuate Collection Set: 0.3ms
[2022-05-19T10:05:33.398+0000][163][gc,phases      ] GC(175)   Merge Heap Roots: 0.2ms
[2022-05-19T10:05:33.398+0000][163][gc,phases      ] GC(175)   Evacuate Collection Set: 2.4ms
[2022-05-19T10:05:33.398+0000][163][gc,phases      ] GC(175)   Post Evacuate Collection Set: 0.7ms
[2022-05-19T10:05:33.398+0000][163][gc,phases      ] GC(175)   Other: 1.5ms
[2022-05-19T10:05:33.398+0000][163][gc,heap        ] GC(175) Eden regions: 30->0(2)
[2022-05-19T10:05:33.398+0000][163][gc,heap        ] GC(175) Survivor regions: 4->4(7)
[2022-05-19T10:05:33.398+0000][163][gc,heap        ] GC(175) Old regions: 32->32
[2022-05-19T10:05:33.399+0000][163][gc,heap        ] GC(175) Archive regions: 2->2
[2022-05-19T10:05:33.399+0000][163][gc,heap        ] GC(175) Humongous regions: 12->12
[2022-05-19T10:05:33.399+0000][163][gc,metaspace   ] GC(175) Metaspace: 101618K(103104K)->101618K(103104K) NonClass: 87645K(88576K)->87645K(88576K) Class: 13972K(14528K)->13972K(14528K)
[2022-05-19T10:05:33.399+0000][163][gc             ] GC(175) Pause Young (Concurrent Start) (G1 Humongous Allocation) 309M->193M(512M) 6.192ms
[2022-05-19T10:05:33.399+0000][163][gc,cpu         ] GC(175) User=0.02s Sys=0.00s Real=0.00s
[2022-05-19T10:05:33.399+0000][163][gc             ] GC(176) Concurrent Mark Cycle
[2022-05-19T10:05:33.399+0000][163][gc,marking     ] GC(176) Concurrent Clear Claimed Marks
[2022-05-19T10:05:33.399+0000][163][safepoint      ] Safepoint "G1TryInitiateConcMark", Time since last: 896102800 ns, Reaching safepoint: 192600 ns, At safepoint: 6537000 ns, Total: 6729600 ns
[2022-05-19T10:05:33.400+0000][163][gc,marking     ] GC(176) Concurrent Clear Claimed Marks 0.220ms
[2022-05-19T10:05:33.400+0000][163][gc,marking     ] GC(176) Concurrent Scan Root Regions
[2022-05-19T10:05:33.401+0000][163][gc,marking     ] GC(176) Concurrent Scan Root Regions 1.437ms
[2022-05-19T10:05:33.401+0000][163][gc,marking     ] GC(176) Concurrent Mark
[2022-05-19T10:05:33.401+0000][163][gc,marking     ] GC(176) Concurrent Mark From Roots
[2022-05-19T10:05:33.402+0000][163][gc,task        ] GC(176) Using 3 workers of 3 for marking
[2022-05-19T10:05:33.445+0000][163][gc,marking     ] GC(176) Concurrent Mark From Roots 43.703ms
[2022-05-19T10:05:33.445+0000][163][gc,marking     ] GC(176) Concurrent Preclean
[2022-05-19T10:05:33.446+0000][163][gc,marking     ] GC(176) Concurrent Preclean 0.565ms
[2022-05-19T10:05:33.447+0000][163][gc,start       ] GC(176) Pause Remark
[2022-05-19T10:05:33.449+0000][163][gc             ] GC(176) Pause Remark 202M->190M(512M) 2.916ms
[2022-05-19T10:05:33.450+0000][163][gc,cpu         ] GC(176) User=0.02s Sys=0.00s Real=0.00s
[2022-05-19T10:05:33.450+0000][163][safepoint      ] Safepoint "G1Concurrent", Time since last: 47070700 ns, Reaching safepoint: 311500 ns, At safepoint: 3378700 ns, Total: 3690200 ns
[2022-05-19T10:05:33.450+0000][163][gc,marking     ] GC(176) Concurrent Mark 48.873ms
[2022-05-19T10:05:33.450+0000][163][gc,marking     ] GC(176) Concurrent Rebuild Remembered Sets
[2022-05-19T10:05:33.471+0000][163][gc,marking     ] GC(176) Concurrent Rebuild Remembered Sets 20.504ms
[2022-05-19T10:05:33.472+0000][163][gc,start       ] GC(176) Pause Cleanup
[2022-05-19T10:05:33.472+0000][163][gc             ] GC(176) Pause Cleanup 192M->192M(512M) 0.411ms
[2022-05-19T10:05:33.472+0000][163][gc,cpu         ] GC(176) User=0.00s Sys=0.00s Real=0.00s
[2022-05-19T10:05:33.472+0000][163][safepoint      ] Safepoint "G1Concurrent", Time since last: 21298500 ns, Reaching safepoint: 283400 ns, At safepoint: 839300 ns, Total: 1122700 ns
[2022-05-19T10:05:33.472+0000][163][gc,marking     ] GC(176) Concurrent Cleanup for Next Mark
[2022-05-19T10:05:33.473+0000][163][gc,marking     ] GC(176) Concurrent Cleanup for Next Mark 0.303ms
[2022-05-19T10:05:33.473+0000][163][gc             ] GC(176) Concurrent Mark Cycle 73.817ms
[2022-05-19T10:05:33.478+0000][163][gc,start       ] GC(177) Pause Young (Prepare Mixed) (G1 Evacuation Pause)
[2022-05-19T10:05:33.479+0000][163][gc,task        ] GC(177) Using 10 workers of 10 for evacuation
[2022-05-19T10:05:33.479+0000][163][gc,age         ] GC(177) Desired survivor size 2097152 bytes, new threshold 2 (max threshold 15)
[2022-05-19T10:05:33.482+0000][163][gc,age         ] GC(177) Age table with threshold 2 (max threshold 15)
[2022-05-19T10:05:33.482+0000][163][gc,age         ] GC(177) - age   1:    3637680 bytes,    3637680 total
[2022-05-19T10:05:33.483+0000][163][gc,age         ] GC(177) - age   2:     381232 bytes,    4018912 total
[2022-05-19T10:05:33.483+0000][163][gc,phases      ] GC(177)   Pre Evacuate Collection Set: 0.2ms
[2022-05-19T10:05:33.483+0000][163][gc,phases      ] GC(177)   Merge Heap Roots: 0.1ms
[2022-05-19T10:05:33.483+0000][163][gc,phases      ] GC(177)   Evacuate Collection Set: 2.1ms
[2022-05-19T10:05:33.483+0000][163][gc,phases      ] GC(177)   Post Evacuate Collection Set: 0.6ms
[2022-05-19T10:05:33.484+0000][163][gc,phases      ] GC(177)   Other: 1.5ms
[2022-05-19T10:05:33.484+0000][163][gc,heap        ] GC(177) Eden regions: 2->0(5)
[2022-05-19T10:05:33.484+0000][163][gc,heap        ] GC(177) Survivor regions: 4->1(1)
[2022-05-19T10:05:33.484+0000][163][gc,heap        ] GC(177) Old regions: 32->35
[2022-05-19T10:05:33.484+0000][163][gc,heap        ] GC(177) Archive regions: 2->2
[2022-05-19T10:05:33.485+0000][163][gc,heap        ] GC(177) Humongous regions: 10->6
[2022-05-19T10:05:33.485+0000][163][gc,metaspace   ] GC(177) Metaspace: 101618K(103104K)->101618K(103104K) NonClass: 87645K(88576K)->87645K(88576K) Class: 13972K(14528K)->13972K(14528K)
[2022-05-19T10:05:33.485+0000][163][gc             ] GC(177) Pause Young (Prepare Mixed) (G1 Evacuation Pause) 193M->170M(512M) 6.470ms
[2022-05-19T10:05:33.485+0000][163][gc,cpu         ] GC(177) User=0.02s Sys=0.00s Real=0.01s
[2022-05-19T10:05:33.485+0000][163][safepoint      ] Safepoint "G1CollectForAllocation", Time since last: 5826000 ns, Reaching safepoint: 179400 ns, At safepoint: 6751500 ns, Total: 6930900 ns
[2022-05-19T10:05:34.486+0000][163][safepoint      ] Safepoint "Cleanup", Time since last: 1000308900 ns, Reaching safepoint: 281700 ns, At safepoint: 11700 ns, Total: 293400 ns
[2022-05-19T10:05:36.487+0000][163][safepoint      ] Safepoint "Cleanup", Time since last: 2000597500 ns, Reaching safepoint: 217200 ns, At safepoint: 7700 ns, Total: 224900 ns
[2022-05-19T10:05:44.488+0000][163][safepoint      ] Safepoint "Cleanup", Time since last: 8001430600 ns, Reaching safepoint: 193200 ns, At safepoint: 7200 ns, Total: 200400 ns
[2022-05-19T10:05:46.489+0000][163][safepoint      ] Safepoint "Cleanup", Time since last: 2000605200 ns, Reaching safepoint: 315700 ns, At safepoint: 10900 ns, Total: 326600 ns
[2022-05-19T10:05:51.490+0000][163][safepoint      ] Safepoint "Cleanup", Time since last: 5000985100 ns, Reaching safepoint: 222700 ns, At safepoint: 8000 ns, Total: 230700 ns
[2022-05-19T10:06:01.493+0000][163][safepoint      ] Safepoint "Cleanup", Time since last: 10001759100 ns, Reaching safepoint: 332600 ns, At safepoint: 9500 ns, Total: 342100 ns
[2022-05-19T10:06:03.944+0000][163][gc,start       ] GC(178) Pause Young (Mixed) (G1 Evacuation Pause)
[2022-05-19T10:06:03.944+0000][163][gc,task        ] GC(178) Using 10 workers of 10 for evacuation
[2022-05-19T10:06:03.945+0000][163][gc,age         ] GC(178) Desired survivor size 2097152 bytes, new threshold 1 (max threshold 15)
[2022-05-19T10:06:03.949+0000][163][gc,age         ] GC(178) Age table with threshold 1 (max threshold 15)
[2022-05-19T10:06:03.950+0000][163][gc,age         ] GC(178) - age   1:    4166904 bytes,    4166904 total
[2022-05-19T10:06:03.950+0000][163][gc,phases      ] GC(178)   Pre Evacuate Collection Set: 0.4ms
[2022-05-19T10:06:03.950+0000][163][gc,phases      ] GC(178)   Merge Heap Roots: 0.3ms
[2022-05-19T10:06:03.951+0000][163][gc,phases      ] GC(178)   Evacuate Collection Set: 3.0ms
[2022-05-19T10:06:03.951+0000][163][gc,phases      ] GC(178)   Post Evacuate Collection Set: 1.0ms
[2022-05-19T10:06:03.951+0000][163][gc,phases      ] GC(178)   Other: 1.7ms
[2022-05-19T10:06:03.952+0000][163][gc,heap        ] GC(178) Eden regions: 5->0(33)
[2022-05-19T10:06:03.952+0000][163][gc,heap        ] GC(178) Survivor regions: 1->1(1)
[2022-05-19T10:06:03.952+0000][163][gc,heap        ] GC(178) Old regions: 35->37
[2022-05-19T10:06:03.952+0000][163][gc,heap        ] GC(178) Archive regions: 2->2
[2022-05-19T10:06:03.952+0000][163][gc,heap        ] GC(178) Humongous regions: 6->6
[2022-05-19T10:06:03.953+0000][163][gc,metaspace   ] GC(178) Metaspace: 101635K(103104K)->101635K(103104K) NonClass: 87661K(88576K)->87661K(88576K) Class: 13973K(14528K)->13973K(14528K)
[2022-05-19T10:06:03.953+0000][163][gc             ] GC(178) Pause Young (Mixed) (G1 Evacuation Pause) 190M->177M(512M) 9.021ms
[2022-05-19T10:06:03.953+0000][163][gc,cpu         ] GC(178) User=0.03s Sys=0.00s Real=0.01s
[2022-05-19T10:06:03.953+0000][163][safepoint      ] Safepoint "G1CollectForAllocation", Time since last: 2450998400 ns, Reaching safepoint: 275500 ns, At safepoint: 9545300 ns, Total: 9820800 ns
[2022-05-19T10:06:04.867+0000][163][gc,start       ] GC(179) Pause Young (Normal) (G1 Evacuation Pause)
[2022-05-19T10:06:04.868+0000][163][gc,task        ] GC(179) Using 10 workers of 10 for evacuation
[2022-05-19T10:06:04.868+0000][163][gc,age         ] GC(179) Desired survivor size 10485760 bytes, new threshold 15 (max threshold 15)
[2022-05-19T10:06:04.871+0000][163][gc,age         ] GC(179) Age table with threshold 15 (max threshold 15)
[2022-05-19T10:06:04.871+0000][163][gc,age         ] GC(179) - age   1:    2577856 bytes,    2577856 total
[2022-05-19T10:06:04.872+0000][163][gc,age         ] GC(179) - age   2:    4161512 bytes,    6739368 total
[2022-05-19T10:06:04.872+0000][163][gc,phases      ] GC(179)   Pre Evacuate Collection Set: 0.2ms
[2022-05-19T10:06:04.872+0000][163][gc,phases      ] GC(179)   Merge Heap Roots: 0.2ms
[2022-05-19T10:06:04.873+0000][163][gc,phases      ] GC(179)   Evacuate Collection Set: 1.4ms
[2022-05-19T10:06:04.873+0000][163][gc,phases      ] GC(179)   Post Evacuate Collection Set: 1.0ms
[2022-05-19T10:06:04.873+0000][163][gc,phases      ] GC(179)   Other: 1.8ms
[2022-05-19T10:06:04.873+0000][163][gc,heap        ] GC(179) Eden regions: 33->0(34)
[2022-05-19T10:06:04.873+0000][163][gc,heap        ] GC(179) Survivor regions: 1->2(5)
[2022-05-19T10:06:04.874+0000][163][gc,heap        ] GC(179) Old regions: 37->37
[2022-05-19T10:06:04.874+0000][163][gc,heap        ] GC(179) Archive regions: 2->2
[2022-05-19T10:06:04.874+0000][163][gc,heap        ] GC(179) Humongous regions: 14->9
[2022-05-19T10:06:04.874+0000][163][gc,metaspace   ] GC(179) Metaspace: 101637K(103104K)->101637K(103104K) NonClass: 87663K(88576K)->87663K(88576K) Class: 13973K(14528K)->13973K(14528K)
[2022-05-19T10:06:04.874+0000][163][gc             ] GC(179) Pause Young (Normal) (G1 Evacuation Pause) 341M->191M(512M) 6.850ms
[2022-05-19T10:06:04.874+0000][163][gc,cpu         ] GC(179) User=0.01s Sys=0.01s Real=0.01s
[2022-05-19T10:06:04.875+0000][163][safepoint      ] Safepoint "G1CollectForAllocation", Time since last: 913778900 ns, Reaching safepoint: 270400 ns, At safepoint: 7200600 ns, Total: 7471000 ns
[2022-05-19T10:06:05.867+0000][163][gc,start       ] GC(180) Pause Young (Normal) (G1 Evacuation Pause)
[2022-05-19T10:06:05.868+0000][163][gc,task        ] GC(180) Using 10 workers of 10 for evacuation
[2022-05-19T10:06:05.868+0000][163][gc,age         ] GC(180) Desired survivor size 10485760 bytes, new threshold 15 (max threshold 15)
[2022-05-19T10:06:05.870+0000][163][gc,age         ] GC(180) Age table with threshold 15 (max threshold 15)
[2022-05-19T10:06:05.871+0000][163][gc,age         ] GC(180) - age   1:    1501696 bytes,    1501696 total
[2022-05-19T10:06:05.871+0000][163][gc,age         ] GC(180) - age   2:    2567640 bytes,    4069336 total
[2022-05-19T10:06:05.871+0000][163][gc,age         ] GC(180) - age   3:    4160192 bytes,    8229528 total
[2022-05-19T10:06:05.871+0000][163][gc,phases      ] GC(180)   Pre Evacuate Collection Set: 0.2ms
[2022-05-19T10:06:05.871+0000][163][gc,phases      ] GC(180)   Merge Heap Roots: 0.1ms
[2022-05-19T10:06:05.871+0000][163][gc,phases      ] GC(180)   Evacuate Collection Set: 1.2ms
[2022-05-19T10:06:05.872+0000][163][gc,phases      ] GC(180)   Post Evacuate Collection Set: 0.7ms
[2022-05-19T10:06:05.872+0000][163][gc,phases      ] GC(180)   Other: 1.6ms
[2022-05-19T10:06:05.872+0000][163][gc,heap        ] GC(180) Eden regions: 34->0(37)
[2022-05-19T10:06:05.872+0000][163][gc,heap        ] GC(180) Survivor regions: 2->2(5)
[2022-05-19T10:06:05.872+0000][163][gc,heap        ] GC(180) Old regions: 37->37
[2022-05-19T10:06:05.872+0000][163][gc,heap        ] GC(180) Archive regions: 2->2
[2022-05-19T10:06:05.873+0000][163][gc,heap        ] GC(180) Humongous regions: 9->9
[2022-05-19T10:06:05.873+0000][163][gc,metaspace   ] GC(180) Metaspace: 101637K(103104K)->101637K(103104K) NonClass: 87663K(88576K)->87663K(88576K) Class: 13973K(14528K)->13973K(14528K)
[2022-05-19T10:06:05.873+0000][163][gc             ] GC(180) Pause Young (Normal) (G1 Evacuation Pause) 327M->193M(512M) 5.699ms
[2022-05-19T10:06:05.873+0000][163][gc,cpu         ] GC(180) User=0.01s Sys=0.01s Real=0.01s
[2022-05-19T10:06:05.873+0000][163][safepoint      ] Safepoint "G1CollectForAllocation", Time since last: 992441500 ns, Reaching safepoint: 184900 ns, At safepoint: 6103400 ns, Total: 6288300 ns
[2022-05-19T10:06:06.922+0000][163][gc,start       ] GC(181) Pause Young (Concurrent Start) (G1 Humongous Allocation)
[2022-05-19T10:06:06.922+0000][163][gc,task        ] GC(181) Using 10 workers of 10 for evacuation
[2022-05-19T10:06:06.922+0000][163][gc,age         ] GC(181) Desired survivor size 10485760 bytes, new threshold 15 (max threshold 15)
[2022-05-19T10:06:06.925+0000][163][gc,age         ] GC(181) Age table with threshold 15 (max threshold 15)
[2022-05-19T10:06:06.926+0000][163][gc,age         ] GC(181) - age   1:    1664712 bytes,    1664712 total
[2022-05-19T10:06:06.926+0000][163][gc,age         ] GC(181) - age   2:    1489224 bytes,    3153936 total
[2022-05-19T10:06:06.926+0000][163][gc,age         ] GC(181) - age   3:    2547368 bytes,    5701304 total
[2022-05-19T10:06:06.926+0000][163][gc,age         ] GC(181) - age   4:    4159536 bytes,    9860840 total
[2022-05-19T10:06:06.926+0000][163][gc,phases      ] GC(181)   Pre Evacuate Collection Set: 0.3ms
[2022-05-19T10:06:06.926+0000][163][gc,phases      ] GC(181)   Merge Heap Roots: 0.2ms
[2022-05-19T10:06:06.926+0000][163][gc,phases      ] GC(181)   Evacuate Collection Set: 1.7ms
[2022-05-19T10:06:06.927+0000][163][gc,phases      ] GC(181)   Post Evacuate Collection Set: 0.6ms
[2022-05-19T10:06:06.927+0000][163][gc,phases      ] GC(181)   Other: 1.6ms
[2022-05-19T10:06:06.927+0000][163][gc,heap        ] GC(181) Eden regions: 37->0(3)
[2022-05-19T10:06:06.927+0000][163][gc,heap        ] GC(181) Survivor regions: 2->3(5)
[2022-05-19T10:06:06.927+0000][163][gc,heap        ] GC(181) Old regions: 37->37
[2022-05-19T10:06:06.927+0000][163][gc,heap        ] GC(181) Archive regions: 2->2
[2022-05-19T10:06:06.927+0000][163][gc,heap        ] GC(181) Humongous regions: 9->9
[2022-05-19T10:06:06.927+0000][163][gc,metaspace   ] GC(181) Metaspace: 101637K(103104K)->101637K(103104K) NonClass: 87663K(88576K)->87663K(88576K) Class: 13973K(14528K)->13973K(14528K)
[2022-05-19T10:06:06.928+0000][163][gc             ] GC(181) Pause Young (Concurrent Start) (G1 Humongous Allocation) 340M->195M(512M) 5.679ms
[2022-05-19T10:06:06.928+0000][163][gc,cpu         ] GC(181) User=0.02s Sys=0.00s Real=0.00s
[2022-05-19T10:06:06.928+0000][163][gc             ] GC(182) Concurrent Mark Cycle
[2022-05-19T10:06:06.928+0000][163][gc,marking     ] GC(182) Concurrent Clear Claimed Marks
[2022-05-19T10:06:06.928+0000][163][safepoint      ] Safepoint "G1TryInitiateConcMark", Time since last: 1048329400 ns, Reaching safepoint: 193000 ns, At safepoint: 6048500 ns, Total: 6241500 ns
[2022-05-19T10:06:06.928+0000][163][gc,marking     ] GC(182) Concurrent Clear Claimed Marks 0.218ms
[2022-05-19T10:06:06.929+0000][163][gc,marking     ] GC(182) Concurrent Scan Root Regions
[2022-05-19T10:06:06.930+0000][163][gc,marking     ] GC(182) Concurrent Scan Root Regions 0.977ms
[2022-05-19T10:06:06.930+0000][163][gc,marking     ] GC(182) Concurrent Mark
[2022-05-19T10:06:06.930+0000][163][gc,marking     ] GC(182) Concurrent Mark From Roots
[2022-05-19T10:06:06.930+0000][163][gc,task        ] GC(182) Using 3 workers of 3 for marking
[2022-05-19T10:06:06.973+0000][163][gc,marking     ] GC(182) Concurrent Mark From Roots 42.756ms
[2022-05-19T10:06:06.973+0000][163][gc,marking     ] GC(182) Concurrent Preclean
[2022-05-19T10:06:06.974+0000][163][gc,marking     ] GC(182) Concurrent Preclean 0.548ms
[2022-05-19T10:06:06.974+0000][163][gc,start       ] GC(182) Pause Remark
[2022-05-19T10:06:06.978+0000][163][gc             ] GC(182) Pause Remark 207M->207M(512M) 3.383ms
[2022-05-19T10:06:06.978+0000][163][gc,cpu         ] GC(182) User=0.02s Sys=0.00s Real=0.00s
[2022-05-19T10:06:06.978+0000][163][safepoint      ] Safepoint "G1Concurrent", Time since last: 45978900 ns, Reaching safepoint: 342100 ns, At safepoint: 3874200 ns, Total: 4216300 ns
[2022-05-19T10:06:06.978+0000][163][gc,marking     ] GC(182) Concurrent Mark 48.646ms
[2022-05-19T10:06:06.979+0000][163][gc,marking     ] GC(182) Concurrent Rebuild Remembered Sets
[2022-05-19T10:06:07.001+0000][163][gc,marking     ] GC(182) Concurrent Rebuild Remembered Sets 21.890ms
[2022-05-19T10:06:07.001+0000][163][gc,start       ] GC(182) Pause Cleanup
[2022-05-19T10:06:07.002+0000][163][gc             ] GC(182) Pause Cleanup 210M->210M(512M) 0.548ms
[2022-05-19T10:06:07.002+0000][163][gc,cpu         ] GC(182) User=0.00s Sys=0.00s Real=0.00s
[2022-05-19T10:06:07.002+0000][163][safepoint      ] Safepoint "G1Concurrent", Time since last: 22814900 ns, Reaching safepoint: 338900 ns, At safepoint: 1177100 ns, Total: 1516000 ns
[2022-05-19T10:06:07.003+0000][163][gc,marking     ] GC(182) Concurrent Cleanup for Next Mark
[2022-05-19T10:06:07.003+0000][163][gc,marking     ] GC(182) Concurrent Cleanup for Next Mark 0.500ms
[2022-05-19T10:06:07.004+0000][163][gc             ] GC(182) Concurrent Mark Cycle 75.728ms
[2022-05-19T10:06:07.006+0000][163][gc,start       ] GC(183) Pause Young (Prepare Mixed) (G1 Evacuation Pause)
[2022-05-19T10:06:07.006+0000][163][gc,task        ] GC(183) Using 10 workers of 10 for evacuation
[2022-05-19T10:06:07.006+0000][163][gc,age         ] GC(183) Desired survivor size 2097152 bytes, new threshold 2 (max threshold 15)
[2022-05-19T10:06:07.010+0000][163][gc,age         ] GC(183) Age table with threshold 2 (max threshold 15)
[2022-05-19T10:06:07.010+0000][163][gc,age         ] GC(183) - age   1:    4025584 bytes,    4025584 total
[2022-05-19T10:06:07.010+0000][163][gc,age         ] GC(183) - age   2:      45112 bytes,    4070696 total
[2022-05-19T10:06:07.010+0000][163][gc,phases      ] GC(183)   Pre Evacuate Collection Set: 0.2ms
[2022-05-19T10:06:07.010+0000][163][gc,phases      ] GC(183)   Merge Heap Roots: 0.2ms
[2022-05-19T10:06:07.011+0000][163][gc,phases      ] GC(183)   Evacuate Collection Set: 2.1ms
[2022-05-19T10:06:07.011+0000][163][gc,phases      ] GC(183)   Post Evacuate Collection Set: 0.8ms
[2022-05-19T10:06:07.011+0000][163][gc,phases      ] GC(183)   Other: 1.4ms
[2022-05-19T10:06:07.011+0000][163][gc,heap        ] GC(183) Eden regions: 3->0(5)
[2022-05-19T10:06:07.011+0000][163][gc,heap        ] GC(183) Survivor regions: 3->1(1)
[2022-05-19T10:06:07.012+0000][163][gc,heap        ] GC(183) Old regions: 37->40
[2022-05-19T10:06:07.012+0000][163][gc,heap        ] GC(183) Archive regions: 2->2
[2022-05-19T10:06:07.012+0000][163][gc,heap        ] GC(183) Humongous regions: 10->6
[2022-05-19T10:06:07.012+0000][163][gc,metaspace   ] GC(183) Metaspace: 101637K(103104K)->101637K(103104K) NonClass: 87663K(88576K)->87663K(88576K) Class: 13973K(14528K)->13973K(14528K)
[2022-05-19T10:06:07.012+0000][163][gc             ] GC(183) Pause Young (Prepare Mixed) (G1 Evacuation Pause) 211M->187M(512M) 6.622ms
[2022-05-19T10:06:07.012+0000][163][gc,cpu         ] GC(183) User=0.03s Sys=0.00s Real=0.01s
[2022-05-19T10:06:07.013+0000][163][safepoint      ] Safepoint "G1CollectForAllocation", Time since last: 2854200 ns, Reaching safepoint: 217500 ns, At safepoint: 7052400 ns, Total: 7269900 ns
[2022-05-19T10:06:07.135+0000][163][gc,start       ] GC(184) Pause Young (Mixed) (G1 Evacuation Pause)
[2022-05-19T10:06:07.136+0000][163][gc,task        ] GC(184) Using 10 workers of 10 for evacuation
[2022-05-19T10:06:07.136+0000][163][gc,age         ] GC(184) Desired survivor size 2097152 bytes, new threshold 1 (max threshold 15)
[2022-05-19T10:06:07.139+0000][163][gc,age         ] GC(184) Age table with threshold 1 (max threshold 15)
[2022-05-19T10:06:07.139+0000][163][gc,age         ] GC(184) - age   1:    3747272 bytes,    3747272 total
[2022-05-19T10:06:07.139+0000][163][gc,phases      ] GC(184)   Pre Evacuate Collection Set: 0.2ms
[2022-05-19T10:06:07.139+0000][163][gc,phases      ] GC(184)   Merge Heap Roots: 0.2ms
[2022-05-19T10:06:07.140+0000][163][gc,phases      ] GC(184)   Evacuate Collection Set: 1.6ms
[2022-05-19T10:06:07.140+0000][163][gc,phases      ] GC(184)   Post Evacuate Collection Set: 0.6ms
[2022-05-19T10:06:07.140+0000][163][gc,phases      ] GC(184)   Other: 1.2ms
[2022-05-19T10:06:07.140+0000][163][gc,heap        ] GC(184) Eden regions: 5->0(30)
[2022-05-19T10:06:07.141+0000][163][gc,heap        ] GC(184) Survivor regions: 1->1(1)
[2022-05-19T10:06:07.141+0000][163][gc,heap        ] GC(184) Old regions: 40->40
[2022-05-19T10:06:07.141+0000][163][gc,heap        ] GC(184) Archive regions: 2->2
[2022-05-19T10:06:07.141+0000][163][gc,heap        ] GC(184) Humongous regions: 6->6
[2022-05-19T10:06:07.141+0000][163][gc,metaspace   ] GC(184) Metaspace: 101637K(103104K)->101637K(103104K) NonClass: 87663K(88576K)->87663K(88576K) Class: 13973K(14528K)->13973K(14528K)
[2022-05-19T10:06:07.141+0000][163][gc             ] GC(184) Pause Young (Mixed) (G1 Evacuation Pause) 207M->188M(512M) 5.982ms
[2022-05-19T10:06:07.141+0000][163][gc,cpu         ] GC(184) User=0.02s Sys=0.00s Real=0.01s
[2022-05-19T10:06:07.142+0000][163][safepoint      ] Safepoint "G1CollectForAllocation", Time since last: 122546400 ns, Reaching safepoint: 188000 ns, At safepoint: 6365600 ns, Total: 6553600 ns
[2022-05-19T10:06:08.110+0000][163][gc,start       ] GC(185) Pause Young (Normal) (G1 Evacuation Pause)
[2022-05-19T10:06:08.110+0000][163][gc,task        ] GC(185) Using 10 workers of 10 for evacuation
[2022-05-19T10:06:08.110+0000][163][gc,age         ] GC(185) Desired survivor size 8388608 bytes, new threshold 15 (max threshold 15)
[2022-05-19T10:06:08.113+0000][163][gc,age         ] GC(185) Age table with threshold 15 (max threshold 15)
[2022-05-19T10:06:08.113+0000][163][gc,age         ] GC(185) - age   1:    7799888 bytes,    7799888 total
[2022-05-19T10:06:08.114+0000][163][gc,age         ] GC(185) - age   2:     525216 bytes,    8325104 total
[2022-05-19T10:06:08.114+0000][163][gc,phases      ] GC(185)   Pre Evacuate Collection Set: 0.2ms
[2022-05-19T10:06:08.114+0000][163][gc,phases      ] GC(185)   Merge Heap Roots: 0.2ms
[2022-05-19T10:06:08.114+0000][163][gc,phases      ] GC(185)   Evacuate Collection Set: 1.3ms
[2022-05-19T10:06:08.114+0000][163][gc,phases      ] GC(185)   Post Evacuate Collection Set: 0.8ms
[2022-05-19T10:06:08.115+0000][163][gc,phases      ] GC(185)   Other: 1.6ms
[2022-05-19T10:06:08.115+0000][163][gc,heap        ] GC(185) Eden regions: 30->0(31)
[2022-05-19T10:06:08.115+0000][163][gc,heap        ] GC(185) Survivor regions: 1->3(4)
[2022-05-19T10:06:08.115+0000][163][gc,heap        ] GC(185) Old regions: 40->40
[2022-05-19T10:06:08.115+0000][163][gc,heap        ] GC(185) Archive regions: 2->2
[2022-05-19T10:06:08.116+0000][163][gc,heap        ] GC(185) Humongous regions: 7->7
[2022-05-19T10:06:08.116+0000][163][gc,metaspace   ] GC(185) Metaspace: 101637K(103104K)->101637K(103104K) NonClass: 87663K(88576K)->87663K(88576K) Class: 13973K(14528K)->13973K(14528K)
[2022-05-19T10:06:08.116+0000][163][gc             ] GC(185) Pause Young (Normal) (G1 Evacuation Pause) 312M->197M(512M) 6.032ms
[2022-05-19T10:06:08.116+0000][163][gc,cpu         ] GC(185) User=0.02s Sys=0.00s Real=0.01s
[2022-05-19T10:06:08.116+0000][163][safepoint      ] Safepoint "G1CollectForAllocation", Time since last: 967784000 ns, Reaching safepoint: 236400 ns, At safepoint: 6342400 ns, Total: 6578800 ns
[2022-05-19T10:06:09.117+0000][163][safepoint      ] Safepoint "Cleanup", Time since last: 1000243900 ns, Reaching safepoint: 291800 ns, At safepoint: 24600 ns, Total: 316400 ns
[2022-05-19T10:06:09.262+0000][163][gc,start       ] GC(186) Pause Young (Normal) (G1 Evacuation Pause)
[2022-05-19T10:06:09.263+0000][163][gc,task        ] GC(186) Using 10 workers of 10 for evacuation
[2022-05-19T10:06:09.263+0000][163][gc,age         ] GC(186) Desired survivor size 10485760 bytes, new threshold 15 (max threshold 15)
[2022-05-19T10:06:09.266+0000][163][gc,age         ] GC(186) Age table with threshold 15 (max threshold 15)
[2022-05-19T10:06:09.266+0000][163][gc,age         ] GC(186) - age   1:    8754424 bytes,    8754424 total
[2022-05-19T10:06:09.266+0000][163][gc,age         ] GC(186) - age   2:    2935944 bytes,   11690368 total
[2022-05-19T10:06:09.266+0000][163][gc,age         ] GC(186) - age   3:     525216 bytes,   12215584 total
[2022-05-19T10:06:09.266+0000][163][gc,phases      ] GC(186)   Pre Evacuate Collection Set: 0.2ms
[2022-05-19T10:06:09.266+0000][163][gc,phases      ] GC(186)   Merge Heap Roots: 0.1ms
[2022-05-19T10:06:09.266+0000][163][gc,phases      ] GC(186)   Evacuate Collection Set: 1.6ms
[2022-05-19T10:06:09.267+0000][163][gc,phases      ] GC(186)   Post Evacuate Collection Set: 0.6ms
[2022-05-19T10:06:09.267+0000][163][gc,phases      ] GC(186)   Other: 1.1ms
[2022-05-19T10:06:09.267+0000][163][gc,heap        ] GC(186) Eden regions: 31->0(33)
[2022-05-19T10:06:09.267+0000][163][gc,heap        ] GC(186) Survivor regions: 3->4(5)
[2022-05-19T10:06:09.267+0000][163][gc,heap        ] GC(186) Old regions: 40->40
[2022-05-19T10:06:09.267+0000][163][gc,heap        ] GC(186) Archive regions: 2->2
[2022-05-19T10:06:09.267+0000][163][gc,heap        ] GC(186) Humongous regions: 7->7
[2022-05-19T10:06:09.267+0000][163][gc,metaspace   ] GC(186) Metaspace: 101637K(103104K)->101637K(103104K) NonClass: 87663K(88576K)->87663K(88576K) Class: 13973K(14528K)->13973K(14528K)
[2022-05-19T10:06:09.268+0000][163][gc             ] GC(186) Pause Young (Normal) (G1 Evacuation Pause) 321M->201M(512M) 5.133ms
[2022-05-19T10:06:09.268+0000][163][gc,cpu         ] GC(186) User=0.01s Sys=0.00s Real=0.00s
[2022-05-19T10:06:09.268+0000][163][safepoint      ] Safepoint "G1CollectForAllocation", Time since last: 145666100 ns, Reaching safepoint: 187000 ns, At safepoint: 5442200 ns, Total: 5629200 ns
[2022-05-19T10:06:10.268+0000][163][safepoint      ] Safepoint "Cleanup", Time since last: 1000283700 ns, Reaching safepoint: 274300 ns, At safepoint: 25000 ns, Total: 299300 ns
[2022-05-19T10:06:10.408+0000][163][gc,start       ] GC(187) Pause Young (Concurrent Start) (G1 Evacuation Pause)
[2022-05-19T10:06:10.409+0000][163][gc,task        ] GC(187) Using 10 workers of 10 for evacuation
[2022-05-19T10:06:10.409+0000][163][gc,age         ] GC(187) Desired survivor size 10485760 bytes, new threshold 2 (max threshold 15)
[2022-05-19T10:06:10.413+0000][163][gc,age         ] GC(187) Age table with threshold 2 (max threshold 15)
[2022-05-19T10:06:10.413+0000][163][gc,age         ] GC(187) - age   1:    8724736 bytes,    8724736 total
[2022-05-19T10:06:10.413+0000][163][gc,age         ] GC(187) - age   2:    3131112 bytes,   11855848 total
[2022-05-19T10:06:10.414+0000][163][gc,phases      ] GC(187)   Pre Evacuate Collection Set: 0.3ms
[2022-05-19T10:06:10.414+0000][163][gc,phases      ] GC(187)   Merge Heap Roots: 0.2ms
[2022-05-19T10:06:10.414+0000][163][gc,phases      ] GC(187)   Evacuate Collection Set: 2.4ms
[2022-05-19T10:06:10.415+0000][163][gc,phases      ] GC(187)   Post Evacuate Collection Set: 0.8ms
[2022-05-19T10:06:10.415+0000][163][gc,phases      ] GC(187)   Other: 1.8ms
[2022-05-19T10:06:10.415+0000][163][gc,heap        ] GC(187) Eden regions: 33->0(3)
[2022-05-19T10:06:10.415+0000][163][gc,heap        ] GC(187) Survivor regions: 4->3(5)
[2022-05-19T10:06:10.415+0000][163][gc,heap        ] GC(187) Old regions: 40->41
[2022-05-19T10:06:10.416+0000][163][gc,heap        ] GC(187) Archive regions: 2->2
[2022-05-19T10:06:10.416+0000][163][gc,heap        ] GC(187) Humongous regions: 7->7
[2022-05-19T10:06:10.416+0000][163][gc,metaspace   ] GC(187) Metaspace: 101637K(103104K)->101637K(103104K) NonClass: 87663K(88576K)->87663K(88576K) Class: 13973K(14528K)->13973K(14528K)
[2022-05-19T10:06:10.416+0000][163][gc             ] GC(187) Pause Young (Concurrent Start) (G1 Evacuation Pause) 333M->203M(512M) 7.916ms
[2022-05-19T10:06:10.416+0000][163][gc,cpu         ] GC(187) User=0.02s Sys=0.00s Real=0.01s
[2022-05-19T10:06:10.417+0000][163][gc             ] GC(188) Concurrent Mark Cycle
[2022-05-19T10:06:10.417+0000][163][gc,marking     ] GC(188) Concurrent Clear Claimed Marks
[2022-05-19T10:06:10.417+0000][163][safepoint      ] Safepoint "G1CollectForAllocation", Time since last: 139445800 ns, Reaching safepoint: 259800 ns, At safepoint: 8358800 ns, Total: 8618600 ns
[2022-05-19T10:06:10.417+0000][163][gc,marking     ] GC(188) Concurrent Clear Claimed Marks 0.249ms
[2022-05-19T10:06:10.417+0000][163][gc,marking     ] GC(188) Concurrent Scan Root Regions
[2022-05-19T10:06:10.418+0000][163][gc,marking     ] GC(188) Concurrent Scan Root Regions 1.070ms
[2022-05-19T10:06:10.418+0000][163][gc,marking     ] GC(188) Concurrent Mark
[2022-05-19T10:06:10.419+0000][163][gc,marking     ] GC(188) Concurrent Mark From Roots
[2022-05-19T10:06:10.419+0000][163][gc,task        ] GC(188) Using 3 workers of 3 for marking
[2022-05-19T10:06:10.462+0000][163][gc,marking     ] GC(188) Concurrent Mark From Roots 43.099ms
[2022-05-19T10:06:10.462+0000][163][gc,marking     ] GC(188) Concurrent Preclean
[2022-05-19T10:06:10.463+0000][163][gc,marking     ] GC(188) Concurrent Preclean 0.595ms
[2022-05-19T10:06:10.463+0000][163][gc,start       ] GC(188) Pause Remark
[2022-05-19T10:06:10.467+0000][163][gc             ] GC(188) Pause Remark 208M->208M(512M) 3.477ms
[2022-05-19T10:06:10.467+0000][163][gc,cpu         ] GC(188) User=0.02s Sys=0.00s Real=0.00s
[2022-05-19T10:06:10.467+0000][163][safepoint      ] Safepoint "G1Concurrent", Time since last: 46433200 ns, Reaching safepoint: 312400 ns, At safepoint: 4116800 ns, Total: 4429200 ns
[2022-05-19T10:06:10.468+0000][163][gc,marking     ] GC(188) Concurrent Mark 49.172ms
[2022-05-19T10:06:10.468+0000][163][gc,marking     ] GC(188) Concurrent Rebuild Remembered Sets
[2022-05-19T10:06:10.490+0000][163][gc,marking     ] GC(188) Concurrent Rebuild Remembered Sets 21.772ms
[2022-05-19T10:06:10.490+0000][163][gc,start       ] GC(188) Pause Cleanup
[2022-05-19T10:06:10.491+0000][163][gc             ] GC(188) Pause Cleanup 209M->209M(512M) 0.367ms
[2022-05-19T10:06:10.491+0000][163][gc,cpu         ] GC(188) User=0.00s Sys=0.00s Real=0.01s
[2022-05-19T10:06:10.491+0000][163][safepoint      ] Safepoint "G1Concurrent", Time since last: 22513400 ns, Reaching safepoint: 271100 ns, At safepoint: 721900 ns, Total: 993000 ns
[2022-05-19T10:06:10.491+0000][163][gc,marking     ] GC(188) Concurrent Cleanup for Next Mark
[2022-05-19T10:06:10.491+0000][163][gc,marking     ] GC(188) Concurrent Cleanup for Next Mark 0.427ms
[2022-05-19T10:06:10.492+0000][163][gc             ] GC(188) Concurrent Mark Cycle 75.216ms
[2022-05-19T10:06:10.563+0000][163][gc,start       ] GC(189) Pause Young (Prepare Mixed) (G1 Evacuation Pause)
[2022-05-19T10:06:10.563+0000][163][gc,task        ] GC(189) Using 10 workers of 10 for evacuation
[2022-05-19T10:06:10.563+0000][163][gc,age         ] GC(189) Desired survivor size 2097152 bytes, new threshold 1 (max threshold 15)
[2022-05-19T10:06:10.566+0000][163][gc,age         ] GC(189) Age table with threshold 1 (max threshold 15)
[2022-05-19T10:06:10.567+0000][163][gc,age         ] GC(189) - age   1:     308752 bytes,     308752 total
[2022-05-19T10:06:10.567+0000][163][gc,phases      ] GC(189)   Pre Evacuate Collection Set: 0.2ms
[2022-05-19T10:06:10.567+0000][163][gc,phases      ] GC(189)   Merge Heap Roots: 0.2ms
[2022-05-19T10:06:10.567+0000][163][gc,phases      ] GC(189)   Evacuate Collection Set: 2.0ms
[2022-05-19T10:06:10.568+0000][163][gc,phases      ] GC(189)   Post Evacuate Collection Set: 0.7ms
[2022-05-19T10:06:10.568+0000][163][gc,phases      ] GC(189)   Other: 1.4ms
[2022-05-19T10:06:10.568+0000][163][gc,heap        ] GC(189) Eden regions: 3->0(5)
[2022-05-19T10:06:10.568+0000][163][gc,heap        ] GC(189) Survivor regions: 3->1(1)
[2022-05-19T10:06:10.568+0000][163][gc,heap        ] GC(189) Old regions: 41->44
[2022-05-19T10:06:10.568+0000][163][gc,heap        ] GC(189) Archive regions: 2->2
[2022-05-19T10:06:10.568+0000][163][gc,heap        ] GC(189) Humongous regions: 7->7
[2022-05-19T10:06:10.569+0000][163][gc,metaspace   ] GC(189) Metaspace: 101637K(103104K)->101637K(103104K) NonClass: 87663K(88576K)->87663K(88576K) Class: 13973K(14528K)->13973K(14528K)
[2022-05-19T10:06:10.569+0000][163][gc             ] GC(189) Pause Young (Prepare Mixed) (G1 Evacuation Pause) 215M->204M(512M) 6.074ms
[2022-05-19T10:06:10.569+0000][163][gc,cpu         ] GC(189) User=0.02s Sys=0.00s Real=0.00s
[2022-05-19T10:06:10.569+0000][163][safepoint      ] Safepoint "G1CollectForAllocation", Time since last: 71435000 ns, Reaching safepoint: 207800 ns, At safepoint: 6387100 ns, Total: 6594900 ns
[2022-05-19T10:06:10.796+0000][163][gc,start       ] GC(190) Pause Young (Mixed) (G1 Evacuation Pause)
[2022-05-19T10:06:10.796+0000][163][gc,task        ] GC(190) Using 10 workers of 10 for evacuation
[2022-05-19T10:06:10.796+0000][163][gc,age         ] GC(190) Desired survivor size 2097152 bytes, new threshold 15 (max threshold 15)
[2022-05-19T10:06:10.800+0000][163][gc,age         ] GC(190) Age table with threshold 15 (max threshold 15)
[2022-05-19T10:06:10.800+0000][163][gc,age         ] GC(190) - age   1:     784704 bytes,     784704 total
[2022-05-19T10:06:10.800+0000][163][gc,age         ] GC(190) - age   2:     203368 bytes,     988072 total
[2022-05-19T10:06:10.800+0000][163][gc,phases      ] GC(190)   Pre Evacuate Collection Set: 0.2ms
[2022-05-19T10:06:10.800+0000][163][gc,phases      ] GC(190)   Merge Heap Roots: 0.1ms
[2022-05-19T10:06:10.800+0000][163][gc,phases      ] GC(190)   Evacuate Collection Set: 2.5ms
[2022-05-19T10:06:10.801+0000][163][gc,phases      ] GC(190)   Post Evacuate Collection Set: 0.6ms
[2022-05-19T10:06:10.801+0000][163][gc,phases      ] GC(190)   Other: 0.9ms
[2022-05-19T10:06:10.801+0000][163][gc,heap        ] GC(190) Eden regions: 5->0(41)
[2022-05-19T10:06:10.801+0000][163][gc,heap        ] GC(190) Survivor regions: 1->1(1)
[2022-05-19T10:06:10.801+0000][163][gc,heap        ] GC(190) Old regions: 44->39
[2022-05-19T10:06:10.801+0000][163][gc,heap        ] GC(190) Archive regions: 2->2
[2022-05-19T10:06:10.801+0000][163][gc,heap        ] GC(190) Humongous regions: 7->7
[2022-05-19T10:06:10.801+0000][163][gc,metaspace   ] GC(190) Metaspace: 101638K(103104K)->101638K(103104K) NonClass: 87664K(88576K)->87664K(88576K) Class: 13973K(14528K)->13973K(14528K)
[2022-05-19T10:06:10.801+0000][163][gc             ] GC(190) Pause Young (Mixed) (G1 Evacuation Pause) 224M->186M(512M) 5.546ms
[2022-05-19T10:06:10.802+0000][163][gc,cpu         ] GC(190) User=0.03s Sys=0.00s Real=0.01s
[2022-05-19T10:06:10.802+0000][163][safepoint      ] Safepoint "G1CollectForAllocation", Time since last: 226806200 ns, Reaching safepoint: 178900 ns, At safepoint: 5851700 ns, Total: 6030600 ns
[2022-05-19T10:06:11.802+0000][163][safepoint      ] Safepoint "Cleanup", Time since last: 1000277400 ns, Reaching safepoint: 410400 ns, At safepoint: 39100 ns, Total: 449500 ns
[2022-05-19T10:06:14.803+0000][163][safepoint      ] Safepoint "Cleanup", Time since last: 3000680600 ns, Reaching safepoint: 202700 ns, At safepoint: 19600 ns, Total: 222300 ns
[2022-05-19T10:06:15.804+0000][163][safepoint      ] Safepoint "Cleanup", Time since last: 1000340500 ns, Reaching safepoint: 303200 ns, At safepoint: 23200 ns, Total: 326400 ns
[2022-05-19T10:06:17.805+0000][163][safepoint      ] Safepoint "Cleanup", Time since last: 2000528900 ns, Reaching safepoint: 305300 ns, At safepoint: 26200 ns, Total: 331500 ns
[2022-05-19T10:06:19.806+0000][163][safepoint      ] Safepoint "Cleanup", Time since last: 2000491800 ns, Reaching safepoint: 187800 ns, At safepoint: 31300 ns, Total: 219100 ns
[2022-05-19T10:06:22.807+0000][163][safepoint      ] Safepoint "Cleanup", Time since last: 3000674700 ns, Reaching safepoint: 326700 ns, At safepoint: 23900 ns, Total: 350600 ns
[2022-05-19T10:06:27.808+0000][163][safepoint      ] Safepoint "Cleanup", Time since last: 5001162800 ns, Reaching safepoint: 197100 ns, At safepoint: 7200 ns, Total: 204300 ns
[2022-05-19T10:06:30.809+0000][163][safepoint      ] Safepoint "Cleanup", Time since last: 3000718000 ns, Reaching safepoint: 211300 ns, At safepoint: 20700 ns, Total: 232000 ns
[2022-05-19T10:06:33.810+0000][163][safepoint      ] Safepoint "Cleanup", Time since last: 3000802800 ns, Reaching safepoint: 230200 ns, At safepoint: 6700 ns, Total: 236900 ns
[2022-05-19T10:06:36.811+0000][163][safepoint      ] Safepoint "Cleanup", Time since last: 3000652500 ns, Reaching safepoint: 255100 ns, At safepoint: 19000 ns, Total: 274100 ns
[2022-05-19T10:06:41.812+0000][163][safepoint      ] Safepoint "Cleanup", Time since last: 5001077300 ns, Reaching safepoint: 309300 ns, At safepoint: 23500 ns, Total: 332800 ns
[2022-05-19T10:06:42.183+0000][163][gc,start       ] GC(191) Pause Young (Normal) (G1 Evacuation Pause)
[2022-05-19T10:06:42.183+0000][163][gc,task        ] GC(191) Using 10 workers of 10 for evacuation
[2022-05-19T10:06:42.184+0000][163][gc,age         ] GC(191) Desired survivor size 12582912 bytes, new threshold 15 (max threshold 15)
[2022-05-19T10:06:42.188+0000][163][gc,age         ] GC(191) Age table with threshold 15 (max threshold 15)
[2022-05-19T10:06:42.188+0000][163][gc,age         ] GC(191) - age   1:   13142816 bytes,   13142816 total
[2022-05-19T10:06:42.188+0000][163][gc,age         ] GC(191) - age   2:     533904 bytes,   13676720 total
[2022-05-19T10:06:42.189+0000][163][gc,age         ] GC(191) - age   3:     203272 bytes,   13879992 total
[2022-05-19T10:06:42.189+0000][163][gc,phases      ] GC(191)   Pre Evacuate Collection Set: 0.3ms
[2022-05-19T10:06:42.189+0000][163][gc,phases      ] GC(191)   Merge Heap Roots: 0.3ms
[2022-05-19T10:06:42.189+0000][163][gc,phases      ] GC(191)   Evacuate Collection Set: 2.5ms
[2022-05-19T10:06:42.190+0000][163][gc,phases      ] GC(191)   Post Evacuate Collection Set: 0.8ms
[2022-05-19T10:06:42.190+0000][163][gc,phases      ] GC(191)   Other: 2.1ms
[2022-05-19T10:06:42.190+0000][163][gc,heap        ] GC(191) Eden regions: 41->0(40)
[2022-05-19T10:06:42.190+0000][163][gc,heap        ] GC(191) Survivor regions: 1->4(6)
[2022-05-19T10:06:42.190+0000][163][gc,heap        ] GC(191) Old regions: 39->39
[2022-05-19T10:06:42.191+0000][163][gc,heap        ] GC(191) Archive regions: 2->2
[2022-05-19T10:06:42.191+0000][163][gc,heap        ] GC(191) Humongous regions: 7->7
[2022-05-19T10:06:42.191+0000][163][gc,metaspace   ] GC(191) Metaspace: 101763K(103232K)->101763K(103232K) NonClass: 87789K(88704K)->87789K(88704K) Class: 13973K(14528K)->13973K(14528K)
[2022-05-19T10:06:42.191+0000][163][gc             ] GC(191) Pause Young (Normal) (G1 Evacuation Pause) 350M->199M(512M) 8.017ms
[2022-05-19T10:06:42.191+0000][163][gc,cpu         ] GC(191) User=0.02s Sys=0.00s Real=0.01s
[2022-05-19T10:06:42.191+0000][163][safepoint      ] Safepoint "G1CollectForAllocation", Time since last: 370308900 ns, Reaching safepoint: 250600 ns, At safepoint: 8373400 ns, Total: 8624000 ns
[2022-05-19T10:06:43.192+0000][163][safepoint      ] Safepoint "Cleanup", Time since last: 1000349800 ns, Reaching safepoint: 261700 ns, At safepoint: 7400 ns, Total: 269100 ns
[2022-05-19T10:06:44.193+0000][163][safepoint      ] Safepoint "Cleanup", Time since last: 1000416600 ns, Reaching safepoint: 183400 ns, At safepoint: 7700 ns, Total: 191100 ns
[2022-05-19T10:06:45.193+0000][163][safepoint      ] Safepoint "Cleanup", Time since last: 1000414500 ns, Reaching safepoint: 174900 ns, At safepoint: 13500 ns, Total: 188400 ns
[2022-05-19T10:06:46.194+0000][163][safepoint      ] Safepoint "Cleanup", Time since last: 1000334000 ns, Reaching safepoint: 173800 ns, At safepoint: 8000 ns, Total: 181800 ns
[2022-05-19T10:06:47.194+0000][163][safepoint      ] Safepoint "Cleanup", Time since last: 1000277500 ns, Reaching safepoint: 216200 ns, At safepoint: 7700 ns, Total: 223900 ns
[2022-05-19T10:06:48.195+0000][163][safepoint      ] Safepoint "Cleanup", Time since last: 1000396600 ns, Reaching safepoint: 193700 ns, At safepoint: 8900 ns, Total: 202600 ns
[2022-05-19T10:07:12.811+0000][163][gc,start       ] GC(192) Pause Young (Concurrent Start) (G1 Humongous Allocation)
[2022-05-19T10:07:12.811+0000][163][gc,task        ] GC(192) Using 10 workers of 10 for evacuation
[2022-05-19T10:07:12.812+0000][163][gc,age         ] GC(192) Desired survivor size 12582912 bytes, new threshold 1 (max threshold 15)
[2022-05-19T10:07:12.816+0000][163][gc,age         ] GC(192) Age table with threshold 1 (max threshold 15)
[2022-05-19T10:07:12.817+0000][163][gc,age         ] GC(192) - age   1:   12813168 bytes,   12813168 total
[2022-05-19T10:07:12.817+0000][163][gc,phases      ] GC(192)   Pre Evacuate Collection Set: 0.3ms
[2022-05-19T10:07:12.817+0000][163][gc,phases      ] GC(192)   Merge Heap Roots: 0.2ms
[2022-05-19T10:07:12.818+0000][163][gc,phases      ] GC(192)   Evacuate Collection Set: 3.0ms
[2022-05-19T10:07:12.818+0000][163][gc,phases      ] GC(192)   Post Evacuate Collection Set: 0.8ms
[2022-05-19T10:07:12.818+0000][163][gc,phases      ] GC(192)   Other: 1.6ms
[2022-05-19T10:07:12.818+0000][163][gc,heap        ] GC(192) Eden regions: 23->0(2)
[2022-05-19T10:07:12.818+0000][163][gc,heap        ] GC(192) Survivor regions: 4->4(6)
[2022-05-19T10:07:12.819+0000][163][gc,heap        ] GC(192) Old regions: 39->40
[2022-05-19T10:07:12.819+0000][163][gc,heap        ] GC(192) Archive regions: 2->2
[2022-05-19T10:07:12.819+0000][163][gc,heap        ] GC(192) Humongous regions: 7->7
[2022-05-19T10:07:12.819+0000][163][gc,metaspace   ] GC(192) Metaspace: 101843K(103296K)->101843K(103296K) NonClass: 87868K(88768K)->87868K(88768K) Class: 13974K(14528K)->13974K(14528K)
[2022-05-19T10:07:12.819+0000][163][gc             ] GC(192) Pause Young (Concurrent Start) (G1 Humongous Allocation) 288M->204M(512M) 8.064ms
[2022-05-19T10:07:12.819+0000][163][gc,cpu         ] GC(192) User=0.03s Sys=0.00s Real=0.00s
[2022-05-19T10:07:12.820+0000][163][gc             ] GC(193) Concurrent Mark Cycle
[2022-05-19T10:07:12.820+0000][163][gc,marking     ] GC(193) Concurrent Clear Claimed Marks
[2022-05-19T10:07:12.820+0000][163][safepoint      ] Safepoint "G1TryInitiateConcMark", Time since last: 24615981900 ns, Reaching safepoint: 203000 ns, At safepoint: 8424600 ns, Total: 8627600 ns
[2022-05-19T10:07:12.820+0000][163][gc,marking     ] GC(193) Concurrent Clear Claimed Marks 0.288ms
[2022-05-19T10:07:12.820+0000][163][gc,marking     ] GC(193) Concurrent Scan Root Regions
[2022-05-19T10:07:12.822+0000][163][gc,marking     ] GC(193) Concurrent Scan Root Regions 1.856ms
[2022-05-19T10:07:12.822+0000][163][gc,marking     ] GC(193) Concurrent Mark
[2022-05-19T10:07:12.823+0000][163][gc,marking     ] GC(193) Concurrent Mark From Roots
[2022-05-19T10:07:12.823+0000][163][gc,task        ] GC(193) Using 3 workers of 3 for marking
[2022-05-19T10:07:12.868+0000][163][gc,marking     ] GC(193) Concurrent Mark From Roots 45.122ms
[2022-05-19T10:07:12.868+0000][163][gc,marking     ] GC(193) Concurrent Preclean
[2022-05-19T10:07:12.869+0000][163][gc,marking     ] GC(193) Concurrent Preclean 0.565ms
[2022-05-19T10:07:12.869+0000][163][gc,start       ] GC(193) Pause Remark
[2022-05-19T10:07:12.872+0000][163][gc             ] GC(193) Pause Remark 212M->212M(512M) 3.264ms
[2022-05-19T10:07:12.873+0000][163][gc,cpu         ] GC(193) User=0.02s Sys=0.00s Real=0.01s
[2022-05-19T10:07:12.873+0000][163][safepoint      ] Safepoint "G1Concurrent", Time since last: 49158900 ns, Reaching safepoint: 271500 ns, At safepoint: 3860300 ns, Total: 4131800 ns
[2022-05-19T10:07:12.873+0000][163][gc,marking     ] GC(193) Concurrent Mark 50.732ms
[2022-05-19T10:07:12.873+0000][163][gc,marking     ] GC(193) Concurrent Rebuild Remembered Sets
[2022-05-19T10:07:12.894+0000][163][gc,marking     ] GC(193) Concurrent Rebuild Remembered Sets 20.599ms
[2022-05-19T10:07:12.895+0000][163][gc,start       ] GC(193) Pause Cleanup
[2022-05-19T10:07:12.895+0000][163][gc             ] GC(193) Pause Cleanup 215M->215M(512M) 0.430ms
[2022-05-19T10:07:12.895+0000][163][gc,cpu         ] GC(193) User=0.01s Sys=0.00s Real=0.00s
[2022-05-19T10:07:12.896+0000][163][safepoint      ] Safepoint "G1Concurrent", Time since last: 21486100 ns, Reaching safepoint: 292900 ns, At safepoint: 933600 ns, Total: 1226500 ns
[2022-05-19T10:07:12.896+0000][163][gc,marking     ] GC(193) Concurrent Cleanup for Next Mark
[2022-05-19T10:07:12.896+0000][163][gc,marking     ] GC(193) Concurrent Cleanup for Next Mark 0.345ms
[2022-05-19T10:07:12.896+0000][163][gc             ] GC(193) Concurrent Mark Cycle 76.843ms
[2022-05-19T10:07:12.924+0000][163][gc,start       ] GC(194) Pause Young (Prepare Mixed) (G1 Evacuation Pause)
[2022-05-19T10:07:12.924+0000][163][gc,task        ] GC(194) Using 10 workers of 10 for evacuation
[2022-05-19T10:07:12.924+0000][163][gc,age         ] GC(194) Desired survivor size 2097152 bytes, new threshold 1 (max threshold 15)
[2022-05-19T10:07:12.927+0000][163][gc,age         ] GC(194) Age table with threshold 1 (max threshold 15)
[2022-05-19T10:07:12.927+0000][163][gc,age         ] GC(194) - age   1:    1042392 bytes,    1042392 total
[2022-05-19T10:07:12.927+0000][163][gc,phases      ] GC(194)   Pre Evacuate Collection Set: 0.2ms
[2022-05-19T10:07:12.928+0000][163][gc,phases      ] GC(194)   Merge Heap Roots: 0.1ms
[2022-05-19T10:07:12.928+0000][163][gc,phases      ] GC(194)   Evacuate Collection Set: 1.8ms
[2022-05-19T10:07:12.928+0000][163][gc,phases      ] GC(194)   Post Evacuate Collection Set: 0.6ms
[2022-05-19T10:07:12.928+0000][163][gc,phases      ] GC(194)   Other: 1.0ms
[2022-05-19T10:07:12.928+0000][163][gc,heap        ] GC(194) Eden regions: 2->0(5)
[2022-05-19T10:07:12.928+0000][163][gc,heap        ] GC(194) Survivor regions: 4->1(1)
[2022-05-19T10:07:12.929+0000][163][gc,heap        ] GC(194) Old regions: 40->44
[2022-05-19T10:07:12.929+0000][163][gc,heap        ] GC(194) Archive regions: 2->2
[2022-05-19T10:07:12.929+0000][163][gc,heap        ] GC(194) Humongous regions: 9->8
[2022-05-19T10:07:12.929+0000][163][gc,metaspace   ] GC(194) Metaspace: 101843K(103296K)->101843K(103296K) NonClass: 87868K(88768K)->87868K(88768K) Class: 13974K(14528K)->13974K(14528K)
[2022-05-19T10:07:12.929+0000][163][gc             ] GC(194) Pause Young (Prepare Mixed) (G1 Evacuation Pause) 220M->209M(512M) 5.155ms
[2022-05-19T10:07:12.929+0000][163][gc,cpu         ] GC(194) User=0.02s Sys=0.00s Real=0.00s
[2022-05-19T10:07:12.929+0000][163][safepoint      ] Safepoint "G1CollectForAllocation", Time since last: 28097800 ns, Reaching safepoint: 180200 ns, At safepoint: 5422200 ns, Total: 5602400 ns
[2022-05-19T10:07:13.016+0000][163][gc,start       ] GC(195) Pause Young (Mixed) (G1 Evacuation Pause)
[2022-05-19T10:07:13.016+0000][163][gc,task        ] GC(195) Using 10 workers of 10 for evacuation
[2022-05-19T10:07:13.017+0000][163][gc,age         ] GC(195) Desired survivor size 2097152 bytes, new threshold 15 (max threshold 15)
[2022-05-19T10:07:13.020+0000][163][gc,age         ] GC(195) Age table with threshold 15 (max threshold 15)
[2022-05-19T10:07:13.020+0000][163][gc,age         ] GC(195) - age   1:    3229184 bytes,    3229184 total
[2022-05-19T10:07:13.020+0000][163][gc,age         ] GC(195) - age   2:     554816 bytes,    3784000 total
[2022-05-19T10:07:13.021+0000][163][gc,phases      ] GC(195)   Pre Evacuate Collection Set: 0.2ms
[2022-05-19T10:07:13.021+0000][163][gc,phases      ] GC(195)   Merge Heap Roots: 0.2ms
[2022-05-19T10:07:13.021+0000][163][gc,phases      ] GC(195)   Evacuate Collection Set: 1.8ms
[2022-05-19T10:07:13.021+0000][163][gc,phases      ] GC(195)   Post Evacuate Collection Set: 0.6ms
[2022-05-19T10:07:13.022+0000][163][gc,phases      ] GC(195)   Other: 1.8ms
[2022-05-19T10:07:13.022+0000][163][gc,heap        ] GC(195) Eden regions: 5->0(38)
[2022-05-19T10:07:13.022+0000][163][gc,heap        ] GC(195) Survivor regions: 1->1(1)
[2022-05-19T10:07:13.022+0000][163][gc,heap        ] GC(195) Old regions: 44->44
[2022-05-19T10:07:13.023+0000][163][gc,heap        ] GC(195) Archive regions: 2->2
[2022-05-19T10:07:13.023+0000][163][gc,heap        ] GC(195) Humongous regions: 8->8
[2022-05-19T10:07:13.023+0000][163][gc,metaspace   ] GC(195) Metaspace: 101843K(103296K)->101843K(103296K) NonClass: 87868K(88768K)->87868K(88768K) Class: 13974K(14528K)->13974K(14528K)
[2022-05-19T10:07:13.023+0000][163][gc             ] GC(195) Pause Young (Mixed) (G1 Evacuation Pause) 229M->213M(512M) 7.101ms
[2022-05-19T10:07:13.023+0000][163][gc,cpu         ] GC(195) User=0.02s Sys=0.00s Real=0.01s
[2022-05-19T10:07:13.023+0000][163][safepoint      ] Safepoint "G1CollectForAllocation", Time since last: 86472500 ns, Reaching safepoint: 194900 ns, At safepoint: 7485700 ns, Total: 7680600 ns
[2022-05-19T10:07:14.132+0000][163][gc,start       ] GC(196) Pause Young (Normal) (G1 Evacuation Pause)
[2022-05-19T10:07:14.132+0000][163][gc,task        ] GC(196) Using 10 workers of 10 for evacuation
[2022-05-19T10:07:14.133+0000][163][gc,age         ] GC(196) Desired survivor size 10485760 bytes, new threshold 15 (max threshold 15)
[2022-05-19T10:07:14.136+0000][163][gc,age         ] GC(196) Age table with threshold 15 (max threshold 15)
[2022-05-19T10:07:14.136+0000][163][gc,age         ] GC(196) - age   1:   13230504 bytes,   13230504 total
[2022-05-19T10:07:14.137+0000][163][gc,age         ] GC(196) - age   2:     328024 bytes,   13558528 total
[2022-05-19T10:07:14.137+0000][163][gc,age         ] GC(196) - age   3:     196864 bytes,   13755392 total
[2022-05-19T10:07:14.137+0000][163][gc,phases      ] GC(196)   Pre Evacuate Collection Set: 0.2ms
[2022-05-19T10:07:14.137+0000][163][gc,phases      ] GC(196)   Merge Heap Roots: 0.1ms
[2022-05-19T10:07:14.138+0000][163][gc,phases      ] GC(196)   Evacuate Collection Set: 2.1ms
[2022-05-19T10:07:14.138+0000][163][gc,phases      ] GC(196)   Post Evacuate Collection Set: 0.8ms
[2022-05-19T10:07:14.138+0000][163][gc,phases      ] GC(196)   Other: 2.2ms
[2022-05-19T10:07:14.138+0000][163][gc,heap        ] GC(196) Eden regions: 38->0(36)
[2022-05-19T10:07:14.138+0000][163][gc,heap        ] GC(196) Survivor regions: 1->4(5)
[2022-05-19T10:07:14.138+0000][163][gc,heap        ] GC(196) Old regions: 44->44
[2022-05-19T10:07:14.138+0000][163][gc,heap        ] GC(196) Archive regions: 2->2
[2022-05-19T10:07:14.139+0000][163][gc,heap        ] GC(196) Humongous regions: 8->8
[2022-05-19T10:07:14.139+0000][163][gc,metaspace   ] GC(196) Metaspace: 101843K(103296K)->101843K(103296K) NonClass: 87868K(88768K)->87868K(88768K) Class: 13974K(14528K)->13974K(14528K)
[2022-05-19T10:07:14.139+0000][163][gc             ] GC(196) Pause Young (Normal) (G1 Evacuation Pause) 365M->225M(512M) 6.895ms
[2022-05-19T10:07:14.139+0000][163][gc,cpu         ] GC(196) User=0.02s Sys=0.00s Real=0.00s
[2022-05-19T10:07:14.139+0000][163][safepoint      ] Safepoint "G1CollectForAllocation", Time since last: 1108375500 ns, Reaching safepoint: 184200 ns, At safepoint: 7201000 ns, Total: 7385200 ns
[2022-05-19T10:07:16.140+0000][163][safepoint      ] Safepoint "Cleanup", Time since last: 2000391200 ns, Reaching safepoint: 403100 ns, At safepoint: 13900 ns, Total: 417000 ns
[2022-05-19T10:07:23.141+0000][163][safepoint      ] Safepoint "Cleanup", Time since last: 7001245400 ns, Reaching safepoint: 277300 ns, At safepoint: 11800 ns, Total: 289100 ns
[2022-05-19T10:07:45.145+0000][163][safepoint      ] Safepoint "Cleanup", Time since last: 22003188400 ns, Reaching safepoint: 345600 ns, At safepoint: 43300 ns, Total: 388900 ns
[2022-05-19T10:07:45.340+0000][163][gc,start       ] GC(197) Pause Young (Normal) (G1 Evacuation Pause)
[2022-05-19T10:07:45.340+0000][163][gc,task        ] GC(197) Using 10 workers of 10 for evacuation
[2022-05-19T10:07:45.340+0000][163][gc,age         ] GC(197) Desired survivor size 10485760 bytes, new threshold 1 (max threshold 15)
[2022-05-19T10:07:45.348+0000][163][gc,age         ] GC(197) Age table with threshold 1 (max threshold 15)
[2022-05-19T10:07:45.348+0000][163][gc,age         ] GC(197) - age   1:   20370408 bytes,   20370408 total
[2022-05-19T10:07:45.348+0000][163][gc,phases      ] GC(197)   Pre Evacuate Collection Set: 0.2ms
[2022-05-19T10:07:45.349+0000][163][gc,phases      ] GC(197)   Merge Heap Roots: 0.1ms
[2022-05-19T10:07:45.349+0000][163][gc,phases      ] GC(197)   Evacuate Collection Set: 6.1ms
[2022-05-19T10:07:45.349+0000][163][gc,phases      ] GC(197)   Post Evacuate Collection Set: 0.7ms
[2022-05-19T10:07:45.349+0000][163][gc,phases      ] GC(197)   Other: 1.6ms
[2022-05-19T10:07:45.350+0000][163][gc,heap        ] GC(197) Eden regions: 36->0(20)
[2022-05-19T10:07:45.350+0000][163][gc,heap        ] GC(197) Survivor regions: 4->5(5)
[2022-05-19T10:07:45.350+0000][163][gc,heap        ] GC(197) Old regions: 44->53
[2022-05-19T10:07:45.350+0000][163][gc,heap        ] GC(197) Archive regions: 2->2
[2022-05-19T10:07:45.351+0000][163][gc,heap        ] GC(197) Humongous regions: 8->8
[2022-05-19T10:07:45.351+0000][163][gc,metaspace   ] GC(197) Metaspace: 101855K(103296K)->101855K(103296K) NonClass: 87880K(88768K)->87880K(88768K) Class: 13974K(14528K)->13974K(14528K)
[2022-05-19T10:07:45.351+0000][163][gc             ] GC(197) Pause Young (Normal) (G1 Evacuation Pause) 369M->264M(512M) 11.408ms
[2022-05-19T10:07:45.351+0000][163][gc,cpu         ] GC(197) User=0.05s Sys=0.01s Real=0.02s
[2022-05-19T10:07:45.351+0000][163][safepoint      ] Safepoint "G1CollectForAllocation", Time since last: 194297600 ns, Reaching safepoint: 188600 ns, At safepoint: 11863600 ns, Total: 12052200 ns
[2022-05-19T10:07:46.087+0000][163][gc,start       ] GC(198) Pause Young (Concurrent Start) (G1 Evacuation Pause)
[2022-05-19T10:07:46.088+0000][163][gc,task        ] GC(198) Using 10 workers of 10 for evacuation
[2022-05-19T10:07:46.088+0000][163][gc,age         ] GC(198) Desired survivor size 8388608 bytes, new threshold 1 (max threshold 15)
[2022-05-19T10:07:46.092+0000][163][gc,age         ] GC(198) Age table with threshold 1 (max threshold 15)
[2022-05-19T10:07:46.093+0000][163][gc,age         ] GC(198) - age   1:    1628600 bytes,    1628600 total
[2022-05-19T10:07:46.093+0000][163][gc,phases      ] GC(198)   Pre Evacuate Collection Set: 0.3ms
[2022-05-19T10:07:46.093+0000][163][gc,phases      ] GC(198)   Merge Heap Roots: 0.1ms
[2022-05-19T10:07:46.093+0000][163][gc,phases      ] GC(198)   Evacuate Collection Set: 3.0ms
[2022-05-19T10:07:46.093+0000][163][gc,phases      ] GC(198)   Post Evacuate Collection Set: 1.1ms
[2022-05-19T10:07:46.094+0000][163][gc,phases      ] GC(198)   Other: 1.0ms
[2022-05-19T10:07:46.094+0000][163][gc,heap        ] GC(198) Eden regions: 20->0(5)
[2022-05-19T10:07:46.094+0000][163][gc,heap        ] GC(198) Survivor regions: 5->1(4)
[2022-05-19T10:07:46.094+0000][163][gc,heap        ] GC(198) Old regions: 53->58
[2022-05-19T10:07:46.094+0000][163][gc,heap        ] GC(198) Archive regions: 2->2
[2022-05-19T10:07:46.094+0000][163][gc,heap        ] GC(198) Humongous regions: 8->8
[2022-05-19T10:07:46.094+0000][163][gc,metaspace   ] GC(198) Metaspace: 101860K(103296K)->101860K(103296K) NonClass: 87885K(88768K)->87885K(88768K) Class: 13974K(14528K)->13974K(14528K)
[2022-05-19T10:07:46.095+0000][163][gc             ] GC(198) Pause Young (Concurrent Start) (G1 Evacuation Pause) 344M->267M(512M) 7.050ms
[2022-05-19T10:07:46.095+0000][163][gc,cpu         ] GC(198) User=0.05s Sys=0.00s Real=0.01s
[2022-05-19T10:07:46.095+0000][163][gc             ] GC(199) Concurrent Mark Cycle
[2022-05-19T10:07:46.095+0000][163][safepoint      ] Safepoint "G1CollectForAllocation", Time since last: 735782000 ns, Reaching safepoint: 195100 ns, At safepoint: 7417800 ns, Total: 7612900 ns
[2022-05-19T10:07:46.095+0000][163][gc,marking     ] GC(199) Concurrent Clear Claimed Marks
[2022-05-19T10:07:46.095+0000][163][gc,marking     ] GC(199) Concurrent Clear Claimed Marks 0.353ms
[2022-05-19T10:07:46.096+0000][163][gc,marking     ] GC(199) Concurrent Scan Root Regions
[2022-05-19T10:07:46.097+0000][163][gc,marking     ] GC(199) Concurrent Scan Root Regions 1.209ms
[2022-05-19T10:07:46.097+0000][163][gc,marking     ] GC(199) Concurrent Mark
[2022-05-19T10:07:46.097+0000][163][gc,marking     ] GC(199) Concurrent Mark From Roots
[2022-05-19T10:07:46.097+0000][163][gc,task        ] GC(199) Using 3 workers of 3 for marking
[2022-05-19T10:07:46.143+0000][163][gc,marking     ] GC(199) Concurrent Mark From Roots 45.594ms
[2022-05-19T10:07:46.143+0000][163][gc,marking     ] GC(199) Concurrent Preclean
[2022-05-19T10:07:46.144+0000][163][gc,marking     ] GC(199) Concurrent Preclean 0.706ms
[2022-05-19T10:07:46.144+0000][163][gc,start       ] GC(199) Pause Remark
[2022-05-19T10:07:46.148+0000][163][gc             ] GC(199) Pause Remark 279M->267M(512M) 3.426ms
[2022-05-19T10:07:46.148+0000][163][gc,cpu         ] GC(199) User=0.02s Sys=0.00s Real=0.00s
[2022-05-19T10:07:46.148+0000][163][safepoint      ] Safepoint "G1Concurrent", Time since last: 49007900 ns, Reaching safepoint: 282400 ns, At safepoint: 4044800 ns, Total: 4327200 ns
[2022-05-19T10:07:46.148+0000][163][gc,marking     ] GC(199) Concurrent Mark 51.551ms
[2022-05-19T10:07:46.149+0000][163][gc,marking     ] GC(199) Concurrent Rebuild Remembered Sets
[2022-05-19T10:07:46.175+0000][163][gc,marking     ] GC(199) Concurrent Rebuild Remembered Sets 26.597ms
[2022-05-19T10:07:46.176+0000][163][gc,start       ] GC(199) Pause Cleanup
[2022-05-19T10:07:46.176+0000][163][gc             ] GC(199) Pause Cleanup 271M->271M(512M) 0.513ms
[2022-05-19T10:07:46.176+0000][163][gc,cpu         ] GC(199) User=0.00s Sys=0.00s Real=0.00s
[2022-05-19T10:07:46.177+0000][163][safepoint      ] Safepoint "G1Concurrent", Time since last: 27310500 ns, Reaching safepoint: 286100 ns, At safepoint: 855700 ns, Total: 1141800 ns
[2022-05-19T10:07:46.177+0000][163][gc,marking     ] GC(199) Concurrent Cleanup for Next Mark
[2022-05-19T10:07:46.177+0000][163][gc,marking     ] GC(199) Concurrent Cleanup for Next Mark 0.449ms
[2022-05-19T10:07:46.178+0000][163][gc             ] GC(199) Concurrent Mark Cycle 82.789ms
[2022-05-19T10:07:46.187+0000][163][gc,start       ] GC(200) Pause Young (Prepare Mixed) (G1 Evacuation Pause)
[2022-05-19T10:07:46.187+0000][163][gc,task        ] GC(200) Using 10 workers of 10 for evacuation
[2022-05-19T10:07:46.187+0000][163][gc,age         ] GC(200) Desired survivor size 2097152 bytes, new threshold 15 (max threshold 15)
[2022-05-19T10:07:46.189+0000][163][gc,age         ] GC(200) Age table with threshold 15 (max threshold 15)
[2022-05-19T10:07:46.189+0000][163][gc,age         ] GC(200) - age   1:      27456 bytes,      27456 total
[2022-05-19T10:07:46.189+0000][163][gc,age         ] GC(200) - age   2:    1610288 bytes,    1637744 total
[2022-05-19T10:07:46.190+0000][163][gc,phases      ] GC(200)   Pre Evacuate Collection Set: 0.2ms
[2022-05-19T10:07:46.190+0000][163][gc,phases      ] GC(200)   Merge Heap Roots: 0.1ms
[2022-05-19T10:07:46.190+0000][163][gc,phases      ] GC(200)   Evacuate Collection Set: 0.7ms
[2022-05-19T10:07:46.190+0000][163][gc,phases      ] GC(200)   Post Evacuate Collection Set: 0.7ms
[2022-05-19T10:07:46.190+0000][163][gc,phases      ] GC(200)   Other: 1.0ms
[2022-05-19T10:07:46.190+0000][163][gc,heap        ] GC(200) Eden regions: 5->0(5)
[2022-05-19T10:07:46.190+0000][163][gc,heap        ] GC(200) Survivor regions: 1->1(1)
[2022-05-19T10:07:46.191+0000][163][gc,heap        ] GC(200) Old regions: 55->55
[2022-05-19T10:07:46.191+0000][163][gc,heap        ] GC(200) Archive regions: 2->2
[2022-05-19T10:07:46.191+0000][163][gc,heap        ] GC(200) Humongous regions: 8->8
[2022-05-19T10:07:46.191+0000][163][gc,metaspace   ] GC(200) Metaspace: 101860K(103296K)->101860K(103296K) NonClass: 87885K(88768K)->87885K(88768K) Class: 13974K(14528K)->13974K(14528K)
[2022-05-19T10:07:46.191+0000][163][gc             ] GC(200) Pause Young (Prepare Mixed) (G1 Evacuation Pause) 275M->255M(512M) 4.332ms
[2022-05-19T10:07:46.191+0000][163][gc,cpu         ] GC(200) User=0.02s Sys=0.00s Real=0.01s
[2022-05-19T10:07:46.192+0000][163][safepoint      ] Safepoint "G1CollectForAllocation", Time since last: 9935600 ns, Reaching safepoint: 183800 ns, At safepoint: 4873300 ns, Total: 5057100 ns
[2022-05-19T10:07:46.282+0000][163][gc,start       ] GC(201) Pause Young (Mixed) (G1 Evacuation Pause)
[2022-05-19T10:07:46.282+0000][163][gc,task        ] GC(201) Using 10 workers of 10 for evacuation
[2022-05-19T10:07:46.283+0000][163][gc,age         ] GC(201) Desired survivor size 2097152 bytes, new threshold 15 (max threshold 15)
[2022-05-19T10:07:46.287+0000][163][gc,age         ] GC(201) Age table with threshold 15 (max threshold 15)
[2022-05-19T10:07:46.287+0000][163][gc,age         ] GC(201) - age   1:      33968 bytes,      33968 total
[2022-05-19T10:07:46.287+0000][163][gc,age         ] GC(201) - age   2:       5544 bytes,      39512 total
[2022-05-19T10:07:46.287+0000][163][gc,age         ] GC(201) - age   3:    1610288 bytes,    1649800 total
[2022-05-19T10:07:46.287+0000][163][gc,phases      ] GC(201)   Pre Evacuate Collection Set: 0.4ms
[2022-05-19T10:07:46.288+0000][163][gc,phases      ] GC(201)   Merge Heap Roots: 0.2ms
[2022-05-19T10:07:46.288+0000][163][gc,phases      ] GC(201)   Evacuate Collection Set: 2.4ms
[2022-05-19T10:07:46.288+0000][163][gc,phases      ] GC(201)   Post Evacuate Collection Set: 0.7ms
[2022-05-19T10:07:46.288+0000][163][gc,phases      ] GC(201)   Other: 1.7ms
[2022-05-19T10:07:46.288+0000][163][gc,heap        ] GC(201) Eden regions: 5->0(32)
[2022-05-19T10:07:46.288+0000][163][gc,heap        ] GC(201) Survivor regions: 1->1(1)
[2022-05-19T10:07:46.288+0000][163][gc,heap        ] GC(201) Old regions: 55->52
[2022-05-19T10:07:46.289+0000][163][gc,heap        ] GC(201) Archive regions: 2->2
[2022-05-19T10:07:46.289+0000][163][gc,heap        ] GC(201) Humongous regions: 8->8
[2022-05-19T10:07:46.289+0000][163][gc,metaspace   ] GC(201) Metaspace: 101860K(103296K)->101860K(103296K) NonClass: 87885K(88768K)->87885K(88768K) Class: 13974K(14528K)->13974K(14528K)
[2022-05-19T10:07:46.289+0000][163][gc             ] GC(201) Pause Young (Mixed) (G1 Evacuation Pause) 275M->242M(512M) 6.987ms
[2022-05-19T10:07:46.289+0000][163][gc,cpu         ] GC(201) User=0.03s Sys=0.00s Real=0.00s
[2022-05-19T10:07:46.289+0000][163][safepoint      ] Safepoint "G1CollectForAllocation", Time since last: 90095300 ns, Reaching safepoint: 292400 ns, At safepoint: 7431400 ns, Total: 7723800 ns
[2022-05-19T10:07:46.915+0000][163][gc,start       ] GC(202) Pause Young (Normal) (G1 Evacuation Pause)
[2022-05-19T10:07:46.915+0000][163][gc,task        ] GC(202) Using 10 workers of 10 for evacuation
[2022-05-19T10:07:46.916+0000][163][gc,age         ] GC(202) Desired survivor size 10485760 bytes, new threshold 15 (max threshold 15)
[2022-05-19T10:07:46.917+0000][163][gc,age         ] GC(202) Age table with threshold 15 (max threshold 15)
[2022-05-19T10:07:46.918+0000][163][gc,age         ] GC(202) - age   1:      62328 bytes,      62328 total
[2022-05-19T10:07:46.918+0000][163][gc,age         ] GC(202) - age   2:       4528 bytes,      66856 total
[2022-05-19T10:07:46.918+0000][163][gc,age         ] GC(202) - age   3:       5544 bytes,      72400 total
[2022-05-19T10:07:46.918+0000][163][gc,age         ] GC(202) - age   4:    1608408 bytes,    1680808 total
[2022-05-19T10:07:46.919+0000][163][gc,phases      ] GC(202)   Pre Evacuate Collection Set: 0.2ms
[2022-05-19T10:07:46.919+0000][163][gc,phases      ] GC(202)   Merge Heap Roots: 0.1ms
[2022-05-19T10:07:46.919+0000][163][gc,phases      ] GC(202)   Evacuate Collection Set: 0.7ms
[2022-05-19T10:07:46.919+0000][163][gc,phases      ] GC(202)   Post Evacuate Collection Set: 0.7ms
[2022-05-19T10:07:46.919+0000][163][gc,phases      ] GC(202)   Other: 1.7ms
[2022-05-19T10:07:46.919+0000][163][gc,heap        ] GC(202) Eden regions: 32->0(34)
[2022-05-19T10:07:46.919+0000][163][gc,heap        ] GC(202) Survivor regions: 1->1(5)
[2022-05-19T10:07:46.920+0000][163][gc,heap        ] GC(202) Old regions: 52->52
[2022-05-19T10:07:46.920+0000][163][gc,heap        ] GC(202) Archive regions: 2->2
[2022-05-19T10:07:46.920+0000][163][gc,heap        ] GC(202) Humongous regions: 8->8
[2022-05-19T10:07:46.920+0000][163][gc,metaspace   ] GC(202) Metaspace: 101860K(103296K)->101860K(103296K) NonClass: 87885K(88768K)->87885K(88768K) Class: 13974K(14528K)->13974K(14528K)
[2022-05-19T10:07:46.920+0000][163][gc             ] GC(202) Pause Young (Normal) (G1 Evacuation Pause) 370M->242M(512M) 4.841ms
[2022-05-19T10:07:46.920+0000][163][gc,cpu         ] GC(202) User=0.01s Sys=0.00s Real=0.00s
[2022-05-19T10:07:46.920+0000][163][safepoint      ] Safepoint "G1CollectForAllocation", Time since last: 625466800 ns, Reaching safepoint: 232200 ns, At safepoint: 5175800 ns, Total: 5408000 ns
[2022-05-19T10:07:47.367+0000][163][gc,start       ] GC(203) Pause Young (Normal) (G1 Evacuation Pause)
[2022-05-19T10:07:47.367+0000][163][gc,task        ] GC(203) Using 10 workers of 10 for evacuation
[2022-05-19T10:07:47.368+0000][163][gc,age         ] GC(203) Desired survivor size 10485760 bytes, new threshold 15 (max threshold 15)
[2022-05-19T10:07:47.369+0000][163][gc,age         ] GC(203) Age table with threshold 15 (max threshold 15)
[2022-05-19T10:07:47.369+0000][163][gc,age         ] GC(203) - age   1:      74368 bytes,      74368 total
[2022-05-19T10:07:47.370+0000][163][gc,age         ] GC(203) - age   2:      41672 bytes,     116040 total
[2022-05-19T10:07:47.370+0000][163][gc,age         ] GC(203) - age   3:       4528 bytes,     120568 total
[2022-05-19T10:07:47.370+0000][163][gc,age         ] GC(203) - age   4:       5544 bytes,     126112 total
[2022-05-19T10:07:47.370+0000][163][gc,age         ] GC(203) - age   5:    1605744 bytes,    1731856 total
[2022-05-19T10:07:47.370+0000][163][gc,phases      ] GC(203)   Pre Evacuate Collection Set: 0.2ms
[2022-05-19T10:07:47.370+0000][163][gc,phases      ] GC(203)   Merge Heap Roots: 0.1ms
[2022-05-19T10:07:47.370+0000][163][gc,phases      ] GC(203)   Evacuate Collection Set: 0.6ms
[2022-05-19T10:07:47.370+0000][163][gc,phases      ] GC(203)   Post Evacuate Collection Set: 0.6ms
[2022-05-19T10:07:47.371+0000][163][gc,phases      ] GC(203)   Other: 1.3ms
[2022-05-19T10:07:47.371+0000][163][gc,heap        ] GC(203) Eden regions: 34->0(36)
[2022-05-19T10:07:47.371+0000][163][gc,heap        ] GC(203) Survivor regions: 1->1(5)
[2022-05-19T10:07:47.371+0000][163][gc,heap        ] GC(203) Old regions: 52->52
[2022-05-19T10:07:47.371+0000][163][gc,heap        ] GC(203) Archive regions: 2->2
[2022-05-19T10:07:47.371+0000][163][gc,heap        ] GC(203) Humongous regions: 8->8
[2022-05-19T10:07:47.371+0000][163][gc,metaspace   ] GC(203) Metaspace: 101860K(103296K)->101860K(103296K) NonClass: 87885K(88768K)->87885K(88768K) Class: 13974K(14528K)->13974K(14528K)
[2022-05-19T10:07:47.371+0000][163][gc             ] GC(203) Pause Young (Normal) (G1 Evacuation Pause) 378M->242M(512M) 4.137ms
[2022-05-19T10:07:47.372+0000][163][gc,cpu         ] GC(203) User=0.01s Sys=0.00s Real=0.01s
[2022-05-19T10:07:47.372+0000][163][safepoint      ] Safepoint "G1CollectForAllocation", Time since last: 446707600 ns, Reaching safepoint: 183500 ns, At safepoint: 4411500 ns, Total: 4595000 ns
[2022-05-19T10:07:48.372+0000][163][safepoint      ] Safepoint "Cleanup", Time since last: 1000218500 ns, Reaching safepoint: 184100 ns, At safepoint: 20200 ns, Total: 204300 ns
[2022-05-19T10:07:48.929+0000][163][gc,start       ] GC(204) Pause Young (Concurrent Start) (G1 Evacuation Pause)
[2022-05-19T10:07:48.929+0000][163][gc,task        ] GC(204) Using 10 workers of 10 for evacuation
[2022-05-19T10:07:48.930+0000][163][gc,age         ] GC(204) Desired survivor size 10485760 bytes, new threshold 15 (max threshold 15)
[2022-05-19T10:07:48.932+0000][163][gc,age         ] GC(204) Age table with threshold 15 (max threshold 15)
[2022-05-19T10:07:48.932+0000][163][gc,age         ] GC(204) - age   1:    2853848 bytes,    2853848 total
[2022-05-19T10:07:48.933+0000][163][gc,age         ] GC(204) - age   3:        496 bytes,    2854344 total
[2022-05-19T10:07:48.933+0000][163][gc,age         ] GC(204) - age   6:     881144 bytes,    3735488 total
[2022-05-19T10:07:48.933+0000][163][gc,phases      ] GC(204)   Pre Evacuate Collection Set: 0.3ms
[2022-05-19T10:07:48.933+0000][163][gc,phases      ] GC(204)   Merge Heap Roots: 0.2ms
[2022-05-19T10:07:48.933+0000][163][gc,phases      ] GC(204)   Evacuate Collection Set: 1.2ms
[2022-05-19T10:07:48.933+0000][163][gc,phases      ] GC(204)   Post Evacuate Collection Set: 0.6ms
[2022-05-19T10:07:48.933+0000][163][gc,phases      ] GC(204)   Other: 1.5ms
[2022-05-19T10:07:48.933+0000][163][gc,heap        ] GC(204) Eden regions: 36->0(9)
[2022-05-19T10:07:48.934+0000][163][gc,heap        ] GC(204) Survivor regions: 1->1(5)
[2022-05-19T10:07:48.934+0000][163][gc,heap        ] GC(204) Old regions: 52->52
[2022-05-19T10:07:48.934+0000][163][gc,heap        ] GC(204) Archive regions: 2->2
[2022-05-19T10:07:48.934+0000][163][gc,heap        ] GC(204) Humongous regions: 8->8
[2022-05-19T10:07:48.934+0000][163][gc,metaspace   ] GC(204) Metaspace: 101869K(103360K)->101869K(103360K) NonClass: 87894K(88832K)->87894K(88832K) Class: 13974K(14528K)->13974K(14528K)
[2022-05-19T10:07:48.934+0000][163][gc             ] GC(204) Pause Young (Concurrent Start) (G1 Evacuation Pause) 386M->244M(512M) 4.997ms
[2022-05-19T10:07:48.934+0000][163][gc,cpu         ] GC(204) User=0.01s Sys=0.00s Real=0.01s
[2022-05-19T10:07:48.934+0000][163][gc             ] GC(205) Concurrent Mark Cycle
[2022-05-19T10:07:48.935+0000][163][gc,marking     ] GC(205) Concurrent Clear Claimed Marks
[2022-05-19T10:07:48.934+0000][163][safepoint      ] Safepoint "G1CollectForAllocation", Time since last: 556917200 ns, Reaching safepoint: 188000 ns, At safepoint: 5331400 ns, Total: 5519400 ns
[2022-05-19T10:07:48.935+0000][163][gc,marking     ] GC(205) Concurrent Clear Claimed Marks 0.196ms
[2022-05-19T10:07:48.935+0000][163][gc,marking     ] GC(205) Concurrent Scan Root Regions
[2022-05-19T10:07:48.936+0000][163][gc,marking     ] GC(205) Concurrent Scan Root Regions 1.022ms
[2022-05-19T10:07:48.936+0000][163][gc,marking     ] GC(205) Concurrent Mark
[2022-05-19T10:07:48.936+0000][163][gc,marking     ] GC(205) Concurrent Mark From Roots
[2022-05-19T10:07:48.936+0000][163][gc,task        ] GC(205) Using 3 workers of 3 for marking
[2022-05-19T10:07:48.976+0000][163][gc,marking     ] GC(205) Concurrent Mark From Roots 39.703ms
[2022-05-19T10:07:48.976+0000][163][gc,marking     ] GC(205) Concurrent Preclean
[2022-05-19T10:07:48.977+0000][163][gc,marking     ] GC(205) Concurrent Preclean 0.580ms
[2022-05-19T10:07:48.977+0000][163][gc,start       ] GC(205) Pause Remark
[2022-05-19T10:07:48.980+0000][163][gc             ] GC(205) Pause Remark 251M->243M(512M) 2.980ms
[2022-05-19T10:07:48.981+0000][163][gc,cpu         ] GC(205) User=0.02s Sys=0.00s Real=0.01s
[2022-05-19T10:07:48.981+0000][163][safepoint      ] Safepoint "G1Concurrent", Time since last: 42660000 ns, Reaching safepoint: 255700 ns, At safepoint: 3432500 ns, Total: 3688200 ns
[2022-05-19T10:07:48.981+0000][163][gc,marking     ] GC(205) Concurrent Mark 44.863ms
[2022-05-19T10:07:48.981+0000][163][gc,marking     ] GC(205) Concurrent Rebuild Remembered Sets
[2022-05-19T10:07:49.006+0000][163][gc,marking     ] GC(205) Concurrent Rebuild Remembered Sets 24.466ms
[2022-05-19T10:07:49.006+0000][163][gc,start       ] GC(205) Pause Cleanup
[2022-05-19T10:07:49.007+0000][163][gc             ] GC(205) Pause Cleanup 246M->246M(512M) 0.382ms
[2022-05-19T10:07:49.007+0000][163][gc,cpu         ] GC(205) User=0.00s Sys=0.00s Real=0.00s
[2022-05-19T10:07:49.007+0000][163][safepoint      ] Safepoint "G1Concurrent", Time since last: 25094600 ns, Reaching safepoint: 253400 ns, At safepoint: 778300 ns, Total: 1031700 ns
[2022-05-19T10:07:49.007+0000][163][gc,marking     ] GC(205) Concurrent Cleanup for Next Mark
[2022-05-19T10:07:49.007+0000][163][gc,marking     ] GC(205) Concurrent Cleanup for Next Mark 0.308ms
[2022-05-19T10:07:49.008+0000][163][gc             ] GC(205) Concurrent Mark Cycle 73.179ms
[2022-05-19T10:07:49.190+0000][163][gc,start       ] GC(206) Pause Young (Prepare Mixed) (G1 Evacuation Pause)
[2022-05-19T10:07:49.191+0000][163][gc,task        ] GC(206) Using 10 workers of 10 for evacuation
[2022-05-19T10:07:49.191+0000][163][gc,age         ] GC(206) Desired survivor size 4194304 bytes, new threshold 15 (max threshold 15)
[2022-05-19T10:07:49.194+0000][163][gc,age         ] GC(206) Age table with threshold 15 (max threshold 15)
[2022-05-19T10:07:49.194+0000][163][gc,age         ] GC(206) - age   1:    3419912 bytes,    3419912 total
[2022-05-19T10:07:49.195+0000][163][gc,age         ] GC(206) - age   2:    1488672 bytes,    4908584 total
[2022-05-19T10:07:49.195+0000][163][gc,age         ] GC(206) - age   4:        472 bytes,    4909056 total
[2022-05-19T10:07:49.195+0000][163][gc,age         ] GC(206) - age   7:      23608 bytes,    4932664 total
[2022-05-19T10:07:49.195+0000][163][gc,phases      ] GC(206)   Pre Evacuate Collection Set: 0.3ms
[2022-05-19T10:07:49.196+0000][163][gc,phases      ] GC(206)   Merge Heap Roots: 0.2ms
[2022-05-19T10:07:49.196+0000][163][gc,phases      ] GC(206)   Evacuate Collection Set: 1.1ms
[2022-05-19T10:07:49.196+0000][163][gc,phases      ] GC(206)   Post Evacuate Collection Set: 0.9ms
[2022-05-19T10:07:49.196+0000][163][gc,phases      ] GC(206)   Other: 2.5ms
[2022-05-19T10:07:49.197+0000][163][gc,heap        ] GC(206) Eden regions: 9->0(4)
[2022-05-19T10:07:49.197+0000][163][gc,heap        ] GC(206) Survivor regions: 1->2(2)
[2022-05-19T10:07:49.197+0000][163][gc,heap        ] GC(206) Old regions: 52->52
[2022-05-19T10:07:49.197+0000][163][gc,heap        ] GC(206) Archive regions: 2->2
[2022-05-19T10:07:49.198+0000][163][gc,heap        ] GC(206) Humongous regions: 6->6
[2022-05-19T10:07:49.198+0000][163][gc,metaspace   ] GC(206) Metaspace: 101869K(103360K)->101869K(103360K) NonClass: 87894K(88832K)->87894K(88832K) Class: 13974K(14528K)->13974K(14528K)
[2022-05-19T10:07:49.198+0000][163][gc             ] GC(206) Pause Young (Prepare Mixed) (G1 Evacuation Pause) 272M->237M(512M) 7.492ms
[2022-05-19T10:07:49.198+0000][163][gc,cpu         ] GC(206) User=0.02s Sys=0.00s Real=0.01s
[2022-05-19T10:07:49.198+0000][163][safepoint      ] Safepoint "G1CollectForAllocation", Time since last: 183287600 ns, Reaching safepoint: 193100 ns, At safepoint: 7806000 ns, Total: 7999100 ns
[2022-05-19T10:07:49.302+0000][163][gc,start       ] GC(207) Pause Young (Mixed) (G1 Evacuation Pause)
[2022-05-19T10:07:49.302+0000][163][gc,task        ] GC(207) Using 10 workers of 10 for evacuation
[2022-05-19T10:07:49.302+0000][163][gc,age         ] GC(207) Desired survivor size 2097152 bytes, new threshold 1 (max threshold 15)
[2022-05-19T10:07:49.306+0000][163][gc,age         ] GC(207) Age table with threshold 1 (max threshold 15)
[2022-05-19T10:07:49.307+0000][163][gc,age         ] GC(207) - age   1:    2118848 bytes,    2118848 total
[2022-05-19T10:07:49.307+0000][163][gc,phases      ] GC(207)   Pre Evacuate Collection Set: 0.2ms
[2022-05-19T10:07:49.307+0000][163][gc,phases      ] GC(207)   Merge Heap Roots: 0.2ms
[2022-05-19T10:07:49.307+0000][163][gc,phases      ] GC(207)   Evacuate Collection Set: 2.6ms
[2022-05-19T10:07:49.308+0000][163][gc,phases      ] GC(207)   Post Evacuate Collection Set: 0.6ms
[2022-05-19T10:07:49.308+0000][163][gc,phases      ] GC(207)   Other: 1.7ms
[2022-05-19T10:07:49.308+0000][163][gc,heap        ] GC(207) Eden regions: 4->0(5)
[2022-05-19T10:07:49.308+0000][163][gc,heap        ] GC(207) Survivor regions: 2->1(1)
[2022-05-19T10:07:49.309+0000][163][gc,heap        ] GC(207) Old regions: 52->41
[2022-05-19T10:07:49.309+0000][163][gc,heap        ] GC(207) Archive regions: 2->2
[2022-05-19T10:07:49.309+0000][163][gc,heap        ] GC(207) Humongous regions: 6->6
[2022-05-19T10:07:49.309+0000][163][gc,metaspace   ] GC(207) Metaspace: 101869K(103360K)->101869K(103360K) NonClass: 87894K(88832K)->87894K(88832K) Class: 13974K(14528K)->13974K(14528K)
[2022-05-19T10:07:49.309+0000][163][gc             ] GC(207) Pause Young (Mixed) (G1 Evacuation Pause) 253M->193M(512M) 7.720ms
[2022-05-19T10:07:49.310+0000][163][gc,cpu         ] GC(207) User=0.03s Sys=0.00s Real=0.00s
[2022-05-19T10:07:49.310+0000][163][safepoint      ] Safepoint "G1CollectForAllocation", Time since last: 103232200 ns, Reaching safepoint: 187800 ns, At safepoint: 8129100 ns, Total: 8316900 ns
[2022-05-19T10:07:49.453+0000][163][gc,start       ] GC(208) Pause Young (Mixed) (G1 Evacuation Pause)
[2022-05-19T10:07:49.454+0000][163][gc,task        ] GC(208) Using 10 workers of 10 for evacuation
[2022-05-19T10:07:49.454+0000][163][gc,age         ] GC(208) Desired survivor size 2097152 bytes, new threshold 1 (max threshold 15)
[2022-05-19T10:07:49.458+0000][163][gc,age         ] GC(208) Age table with threshold 1 (max threshold 15)
[2022-05-19T10:07:49.458+0000][163][gc,age         ] GC(208) - age   1:    2388656 bytes,    2388656 total
[2022-05-19T10:07:49.458+0000][163][gc,phases      ] GC(208)   Pre Evacuate Collection Set: 0.2ms
[2022-05-19T10:07:49.459+0000][163][gc,phases      ] GC(208)   Merge Heap Roots: 0.2ms
[2022-05-19T10:07:49.459+0000][163][gc,phases      ] GC(208)   Evacuate Collection Set: 2.1ms
[2022-05-19T10:07:49.459+0000][163][gc,phases      ] GC(208)   Post Evacuate Collection Set: 0.9ms
[2022-05-19T10:07:49.459+0000][163][gc,phases      ] GC(208)   Other: 1.8ms
[2022-05-19T10:07:49.460+0000][163][gc,heap        ] GC(208) Eden regions: 5->0(50)
[2022-05-19T10:07:49.460+0000][163][gc,heap        ] GC(208) Survivor regions: 1->1(1)
[2022-05-19T10:07:49.460+0000][163][gc,heap        ] GC(208) Old regions: 41->40
[2022-05-19T10:07:49.460+0000][163][gc,heap        ] GC(208) Archive regions: 2->2
[2022-05-19T10:07:49.461+0000][163][gc,heap        ] GC(208) Humongous regions: 6->6
[2022-05-19T10:07:49.461+0000][163][gc,metaspace   ] GC(208) Metaspace: 101869K(103360K)->101869K(103360K) NonClass: 87894K(88832K)->87894K(88832K) Class: 13974K(14528K)->13974K(14528K)
[2022-05-19T10:07:49.461+0000][163][gc             ] GC(208) Pause Young (Mixed) (G1 Evacuation Pause) 213M->185M(512M) 7.957ms
[2022-05-19T10:07:49.461+0000][163][gc,cpu         ] GC(208) User=0.02s Sys=0.00s Real=0.01s
[2022-05-19T10:07:49.462+0000][163][safepoint      ] Safepoint "G1CollectForAllocation", Time since last: 143140600 ns, Reaching safepoint: 285000 ns, At safepoint: 8533000 ns, Total: 8818000 ns
[2022-05-19T10:07:50.284+0000][163][gc,start       ] GC(209) Pause Young (Normal) (G1 Humongous Allocation)
[2022-05-19T10:07:50.285+0000][163][gc,task        ] GC(209) Using 10 workers of 10 for evacuation
[2022-05-19T10:07:50.285+0000][163][gc,age         ] GC(209) Desired survivor size 14680064 bytes, new threshold 15 (max threshold 15)
[2022-05-19T10:07:50.294+0000][163][gc,age         ] GC(209) Age table with threshold 15 (max threshold 15)
[2022-05-19T10:07:50.295+0000][163][gc,age         ] GC(209) - age   1:   28747568 bytes,   28747568 total
[2022-05-19T10:07:50.295+0000][163][gc,age         ] GC(209) - age   2:     148040 bytes,   28895608 total
[2022-05-19T10:07:50.295+0000][163][gc             ] GC(209) To-space exhausted
[2022-05-19T10:07:50.295+0000][163][gc,phases      ] GC(209)   Pre Evacuate Collection Set: 0.3ms
[2022-05-19T10:07:50.296+0000][163][gc,phases      ] GC(209)   Merge Heap Roots: 0.3ms
[2022-05-19T10:07:50.296+0000][163][gc,phases      ] GC(209)   Evacuate Collection Set: 7.7ms
[2022-05-19T10:07:50.296+0000][163][gc,phases      ] GC(209)   Post Evacuate Collection Set: 0.7ms
[2022-05-19T10:07:50.296+0000][163][gc,phases      ] GC(209)   Other: 2.2ms
[2022-05-19T10:07:50.297+0000][163][gc,heap        ] GC(209) Eden regions: 44->0(14)
[2022-05-19T10:07:50.297+0000][163][gc,heap        ] GC(209) Survivor regions: 1->7(7)
[2022-05-19T10:07:50.297+0000][163][gc,heap        ] GC(209) Old regions: 40->53
[2022-05-19T10:07:50.297+0000][163][gc,heap        ] GC(209) Archive regions: 2->2
[2022-05-19T10:07:50.297+0000][163][gc,heap        ] GC(209) Humongous regions: 25->15
[2022-05-19T10:07:50.297+0000][163][gc,metaspace   ] GC(209) Metaspace: 101870K(103360K)->101870K(103360K) NonClass: 87895K(88832K)->87895K(88832K) Class: 13974K(14528K)->13974K(14528K)
[2022-05-19T10:07:50.298+0000][163][gc             ] GC(209) Pause Young (Normal) (G1 Humongous Allocation) 434M->300M(512M) 13.378ms
[2022-05-19T10:07:50.298+0000][163][gc,cpu         ] GC(209) User=0.08s Sys=0.00s Real=0.01s
[2022-05-19T10:07:50.298+0000][163][safepoint      ] Safepoint "G1CollectForAllocation", Time since last: 822170200 ns, Reaching safepoint: 279000 ns, At safepoint: 13737600 ns, Total: 14016600 ns
[2022-05-19T10:07:50.300+0000][163][gc,start       ] GC(210) Pause Young (Concurrent Start) (G1 Humongous Allocation)
[2022-05-19T10:07:50.300+0000][163][gc,task        ] GC(210) Using 10 workers of 10 for evacuation
[2022-05-19T10:07:50.300+0000][163][gc,age         ] GC(210) Desired survivor size 6291456 bytes, new threshold 1 (max threshold 15)
[2022-05-19T10:07:50.305+0000][163][gc,age         ] GC(210) Age table with threshold 1 (max threshold 15)
[2022-05-19T10:07:50.305+0000][163][gc,phases      ] GC(210)   Pre Evacuate Collection Set: 0.2ms
[2022-05-19T10:07:50.306+0000][163][gc,phases      ] GC(210)   Merge Heap Roots: 0.1ms
[2022-05-19T10:07:50.306+0000][163][gc,phases      ] GC(210)   Evacuate Collection Set: 3.6ms
[2022-05-19T10:07:50.306+0000][163][gc,phases      ] GC(210)   Post Evacuate Collection Set: 0.7ms
[2022-05-19T10:07:50.306+0000][163][gc,phases      ] GC(210)   Other: 1.0ms
[2022-05-19T10:07:50.306+0000][163][gc,heap        ] GC(210) Eden regions: 0->0(6)
[2022-05-19T10:07:50.307+0000][163][gc,heap        ] GC(210) Survivor regions: 7->0(3)
[2022-05-19T10:07:50.307+0000][163][gc,heap        ] GC(210) Old regions: 53->61
[2022-05-19T10:07:50.307+0000][163][gc,heap        ] GC(210) Archive regions: 2->2
[2022-05-19T10:07:50.307+0000][163][gc,heap        ] GC(210) Humongous regions: 24->24
[2022-05-19T10:07:50.307+0000][163][gc,metaspace   ] GC(210) Metaspace: 101870K(103360K)->101870K(103360K) NonClass: 87895K(88832K)->87895K(88832K) Class: 13974K(14528K)->13974K(14528K)
[2022-05-19T10:07:50.308+0000][163][gc             ] GC(210) Pause Young (Concurrent Start) (G1 Humongous Allocation) 336M->336M(512M) 7.851ms
[2022-05-19T10:07:50.308+0000][163][gc,cpu         ] GC(210) User=0.04s Sys=0.00s Real=0.01s
[2022-05-19T10:07:50.308+0000][163][safepoint      ] Safepoint "G1TryInitiateConcMark", Time since last: 1462800 ns, Reaching safepoint: 225900 ns, At safepoint: 8173700 ns, Total: 8399600 ns
[2022-05-19T10:07:50.308+0000][163][gc             ] GC(211) Concurrent Mark Cycle
[2022-05-19T10:07:50.308+0000][163][gc,marking     ] GC(211) Concurrent Clear Claimed Marks
[2022-05-19T10:07:50.308+0000][163][gc,marking     ] GC(211) Concurrent Clear Claimed Marks 0.213ms
[2022-05-19T10:07:50.308+0000][163][gc,marking     ] GC(211) Concurrent Scan Root Regions
[2022-05-19T10:07:50.310+0000][163][gc,marking     ] GC(211) Concurrent Scan Root Regions 1.570ms
[2022-05-19T10:07:50.310+0000][163][gc,marking     ] GC(211) Concurrent Mark
[2022-05-19T10:07:50.311+0000][163][gc,marking     ] GC(211) Concurrent Mark From Roots
[2022-05-19T10:07:50.311+0000][163][gc,task        ] GC(211) Using 3 workers of 3 for marking
[2022-05-19T10:07:50.353+0000][163][gc,start       ] GC(212) Pause Young (Normal) (G1 Humongous Allocation)
[2022-05-19T10:07:50.353+0000][163][gc,task        ] GC(212) Using 10 workers of 10 for evacuation
[2022-05-19T10:07:50.353+0000][163][gc,age         ] GC(212) Desired survivor size 2097152 bytes, new threshold 15 (max threshold 15)
[2022-05-19T10:07:50.355+0000][163][gc,age         ] GC(212) Age table with threshold 15 (max threshold 15)
[2022-05-19T10:07:50.355+0000][163][gc,age         ] GC(212) - age   1:         24 bytes,         24 total
[2022-05-19T10:07:50.355+0000][163][gc,phases      ] GC(212)   Pre Evacuate Collection Set: 0.2ms
[2022-05-19T10:07:50.355+0000][163][gc,phases      ] GC(212)   Merge Heap Roots: 0.2ms
[2022-05-19T10:07:50.355+0000][163][gc,phases      ] GC(212)   Evacuate Collection Set: 0.6ms
[2022-05-19T10:07:50.356+0000][163][gc,phases      ] GC(212)   Post Evacuate Collection Set: 0.5ms
[2022-05-19T10:07:50.356+0000][163][gc,phases      ] GC(212)   Other: 1.2ms
[2022-05-19T10:07:50.356+0000][163][gc,heap        ] GC(212) Eden regions: 1->0(5)
[2022-05-19T10:07:50.356+0000][163][gc,heap        ] GC(212) Survivor regions: 0->1(1)
[2022-05-19T10:07:50.356+0000][163][gc,heap        ] GC(212) Old regions: 61->61
[2022-05-19T10:07:50.356+0000][163][gc,heap        ] GC(212) Archive regions: 2->2
[2022-05-19T10:07:50.356+0000][163][gc,heap        ] GC(212) Humongous regions: 50->32
[2022-05-19T10:07:50.356+0000][163][gc,metaspace   ] GC(212) Metaspace: 101870K(103360K)->101870K(103360K) NonClass: 87895K(88832K)->87895K(88832K) Class: 13974K(14528K)->13974K(14528K)
[2022-05-19T10:07:50.356+0000][163][gc             ] GC(212) Pause Young (Normal) (G1 Humongous Allocation) 440M->368M(512M) 3.854ms
[2022-05-19T10:07:50.357+0000][163][gc,cpu         ] GC(212) User=0.00s Sys=0.00s Real=0.00s
[2022-05-19T10:07:50.357+0000][163][gc,ergo        ] Attempting full compaction
[2022-05-19T10:07:50.357+0000][163][gc,task        ] GC(213) Using 10 workers of 10 for full compaction
[2022-05-19T10:07:50.357+0000][163][gc,start       ] GC(213) Pause Full (G1 Compaction Pause)
[2022-05-19T10:07:50.357+0000][163][gc,phases,start] GC(213) Phase 1: Mark live objects
[2022-05-19T10:07:50.379+0000][163][gc,phases      ] GC(213) Phase 1: Mark live objects 21.486ms
[2022-05-19T10:07:50.379+0000][163][gc,phases,start] GC(213) Phase 2: Prepare for compaction
[2022-05-19T10:07:50.381+0000][163][gc,phases      ] GC(213) Phase 2: Prepare for compaction 1.928ms
[2022-05-19T10:07:50.381+0000][163][gc,phases,start] GC(213) Phase 3: Adjust pointers
[2022-05-19T10:07:50.391+0000][163][gc,phases      ] GC(213) Phase 3: Adjust pointers 9.277ms
[2022-05-19T10:07:50.391+0000][163][gc,phases,start] GC(213) Phase 4: Compact heap
[2022-05-19T10:07:50.397+0000][163][gc,phases      ] GC(213) Phase 4: Compact heap 5.583ms
[2022-05-19T10:07:50.403+0000][163][gc,heap        ] GC(213) Eden regions: 0->0(9)
[2022-05-19T10:07:50.403+0000][163][gc,heap        ] GC(213) Survivor regions: 1->0(1)
[2022-05-19T10:07:50.403+0000][163][gc,heap        ] GC(213) Old regions: 61->55
[2022-05-19T10:07:50.403+0000][163][gc,heap        ] GC(213) Archive regions: 2->2
[2022-05-19T10:07:50.404+0000][163][gc,heap        ] GC(213) Humongous regions: 32->32
[2022-05-19T10:07:50.404+0000][163][gc,metaspace   ] GC(213) Metaspace: 101870K(103360K)->101870K(103360K) NonClass: 87895K(88832K)->87895K(88832K) Class: 13974K(14528K)->13974K(14528K)
[2022-05-19T10:07:50.404+0000][163][gc             ] GC(213) Pause Full (G1 Compaction Pause) 368M->332M(512M) 46.905ms
[2022-05-19T10:07:50.404+0000][163][gc,cpu         ] GC(213) User=0.24s Sys=0.06s Real=0.05s
[2022-05-19T10:07:50.404+0000][163][safepoint      ] Safepoint "G1CollectForAllocation", Time since last: 43378800 ns, Reaching safepoint: 1313300 ns, At safepoint: 51653900 ns, Total: 52967200 ns
[2022-05-19T10:07:50.404+0000][163][gc,marking     ] GC(211) Concurrent Mark From Roots 93.701ms
[2022-05-19T10:07:50.405+0000][163][gc,marking     ] GC(211) Concurrent Mark Abort
[2022-05-19T10:07:50.405+0000][163][gc             ] GC(211) Concurrent Mark Cycle 96.912ms
[2022-05-19T10:07:50.417+0000][163][gc,start       ] GC(214) Pause Young (Normal) (G1 Evacuation Pause)
[2022-05-19T10:07:50.417+0000][163][gc,task        ] GC(214) Using 10 workers of 10 for evacuation
[2022-05-19T10:07:50.417+0000][163][gc,age         ] GC(214) Desired survivor size 4194304 bytes, new threshold 15 (max threshold 15)
[2022-05-19T10:07:50.420+0000][163][gc,age         ] GC(214) Age table with threshold 15 (max threshold 15)
[2022-05-19T10:07:50.420+0000][163][gc,age         ] GC(214) - age   1:    7869840 bytes,    7869840 total
[2022-05-19T10:07:50.420+0000][163][gc,phases      ] GC(214)   Pre Evacuate Collection Set: 0.2ms
[2022-05-19T10:07:50.420+0000][163][gc,phases      ] GC(214)   Merge Heap Roots: 0.1ms
[2022-05-19T10:07:50.420+0000][163][gc,phases      ] GC(214)   Evacuate Collection Set: 1.6ms
[2022-05-19T10:07:50.420+0000][163][gc,phases      ] GC(214)   Post Evacuate Collection Set: 0.5ms
[2022-05-19T10:07:50.421+0000][163][gc,phases      ] GC(214)   Other: 0.9ms
[2022-05-19T10:07:50.421+0000][163][gc,heap        ] GC(214) Eden regions: 9->0(4)
[2022-05-19T10:07:50.421+0000][163][gc,heap        ] GC(214) Survivor regions: 0->2(2)
[2022-05-19T10:07:50.421+0000][163][gc,heap        ] GC(214) Old regions: 55->57
[2022-05-19T10:07:50.421+0000][163][gc,heap        ] GC(214) Archive regions: 2->2
[2022-05-19T10:07:50.421+0000][163][gc,heap        ] GC(214) Humongous regions: 49->49
[2022-05-19T10:07:50.421+0000][163][gc,metaspace   ] GC(214) Metaspace: 101870K(103360K)->101870K(103360K) NonClass: 87895K(88832K)->87895K(88832K) Class: 13974K(14528K)->13974K(14528K)
[2022-05-19T10:07:50.421+0000][163][gc             ] GC(214) Pause Young (Normal) (G1 Evacuation Pause) 436M->413M(512M) 4.638ms
[2022-05-19T10:07:50.421+0000][163][gc,cpu         ] GC(214) User=0.02s Sys=0.00s Real=0.01s
[2022-05-19T10:07:50.422+0000][163][safepoint      ] Safepoint "G1CollectForAllocation", Time since last: 12359400 ns, Reaching safepoint: 195500 ns, At safepoint: 4914100 ns, Total: 5109600 ns
[2022-05-19T10:07:50.424+0000][163][gc,start       ] GC(215) Pause Young (Concurrent Start) (G1 Evacuation Pause)
[2022-05-19T10:07:50.424+0000][163][gc,task        ] GC(215) Using 10 workers of 10 for evacuation
[2022-05-19T10:07:50.424+0000][163][gc,age         ] GC(215) Desired survivor size 2097152 bytes, new threshold 1 (max threshold 15)
[2022-05-19T10:07:50.428+0000][163][gc,age         ] GC(215) Age table with threshold 1 (max threshold 15)
[2022-05-19T10:07:50.428+0000][163][gc,age         ] GC(215) - age   1:    3935832 bytes,    3935832 total
[2022-05-19T10:07:50.428+0000][163][gc,phases      ] GC(215)   Pre Evacuate Collection Set: 0.3ms
[2022-05-19T10:07:50.428+0000][163][gc,phases      ] GC(215)   Merge Heap Roots: 0.2ms
[2022-05-19T10:07:50.428+0000][163][gc,phases      ] GC(215)   Evacuate Collection Set: 2.6ms
[2022-05-19T10:07:50.428+0000][163][gc,phases      ] GC(215)   Post Evacuate Collection Set: 0.5ms
[2022-05-19T10:07:50.429+0000][163][gc,phases      ] GC(215)   Other: 0.9ms
[2022-05-19T10:07:50.429+0000][163][gc,heap        ] GC(215) Eden regions: 4->0(5)
[2022-05-19T10:07:50.429+0000][163][gc,heap        ] GC(215) Survivor regions: 2->1(1)
[2022-05-19T10:07:50.429+0000][163][gc,heap        ] GC(215) Old regions: 57->61
[2022-05-19T10:07:50.429+0000][163][gc,heap        ] GC(215) Archive regions: 2->2
[2022-05-19T10:07:50.429+0000][163][gc,heap        ] GC(215) Humongous regions: 49->49
[2022-05-19T10:07:50.429+0000][163][gc,metaspace   ] GC(215) Metaspace: 101870K(103360K)->101870K(103360K) NonClass: 87895K(88832K)->87895K(88832K) Class: 13974K(14528K)->13974K(14528K)
[2022-05-19T10:07:50.430+0000][163][gc             ] GC(215) Pause Young (Concurrent Start) (G1 Evacuation Pause) 429M->427M(512M) 5.810ms
[2022-05-19T10:07:50.430+0000][163][gc,cpu         ] GC(215) User=0.03s Sys=0.00s Real=0.00s
[2022-05-19T10:07:50.430+0000][163][gc             ] GC(216) Concurrent Mark Cycle
[2022-05-19T10:07:50.430+0000][163][safepoint      ] Safepoint "G1CollectForAllocation", Time since last: 1882300 ns, Reaching safepoint: 187800 ns, At safepoint: 6164600 ns, Total: 6352400 ns
[2022-05-19T10:07:50.430+0000][163][gc,marking     ] GC(216) Concurrent Clear Claimed Marks
[2022-05-19T10:07:50.430+0000][163][gc,marking     ] GC(216) Concurrent Clear Claimed Marks 0.307ms
[2022-05-19T10:07:50.430+0000][163][gc,marking     ] GC(216) Concurrent Scan Root Regions
[2022-05-19T10:07:50.431+0000][163][gc,marking     ] GC(216) Concurrent Scan Root Regions 0.917ms
[2022-05-19T10:07:50.432+0000][163][gc,marking     ] GC(216) Concurrent Mark
[2022-05-19T10:07:50.432+0000][163][gc,marking     ] GC(216) Concurrent Mark From Roots
[2022-05-19T10:07:50.432+0000][163][gc,task        ] GC(216) Using 3 workers of 3 for marking
[2022-05-19T10:07:50.433+0000][163][gc,start       ] GC(217) Pause Young (Normal) (G1 Evacuation Pause)
[2022-05-19T10:07:50.433+0000][163][gc,task        ] GC(217) Using 10 workers of 10 for evacuation
[2022-05-19T10:07:50.433+0000][163][gc,age         ] GC(217) Desired survivor size 2097152 bytes, new threshold 1 (max threshold 15)
[2022-05-19T10:07:50.436+0000][163][gc,age         ] GC(217) Age table with threshold 1 (max threshold 15)
[2022-05-19T10:07:50.436+0000][163][gc,age         ] GC(217) - age   1:    3672008 bytes,    3672008 total
[2022-05-19T10:07:50.436+0000][163][gc,phases      ] GC(217)   Pre Evacuate Collection Set: 0.2ms
[2022-05-19T10:07:50.436+0000][163][gc,phases      ] GC(217)   Merge Heap Roots: 0.1ms
[2022-05-19T10:07:50.437+0000][163][gc,phases      ] GC(217)   Evacuate Collection Set: 2.3ms
[2022-05-19T10:07:50.437+0000][163][gc,phases      ] GC(217)   Post Evacuate Collection Set: 0.5ms
[2022-05-19T10:07:50.437+0000][163][gc,phases      ] GC(217)   Other: 0.7ms
[2022-05-19T10:07:50.437+0000][163][gc,heap        ] GC(217) Eden regions: 5->0(5)
[2022-05-19T10:07:50.437+0000][163][gc,heap        ] GC(217) Survivor regions: 1->1(1)
[2022-05-19T10:07:50.437+0000][163][gc,heap        ] GC(217) Old regions: 61->65
[2022-05-19T10:07:50.437+0000][163][gc,heap        ] GC(217) Archive regions: 2->2
[2022-05-19T10:07:50.437+0000][163][gc,heap        ] GC(217) Humongous regions: 49->49
[2022-05-19T10:07:50.437+0000][163][gc,metaspace   ] GC(217) Metaspace: 101870K(103360K)->101870K(103360K) NonClass: 87895K(88832K)->87895K(88832K) Class: 13974K(14528K)->13974K(14528K)
[2022-05-19T10:07:50.438+0000][163][gc             ] GC(217) Pause Young (Normal) (G1 Evacuation Pause) 446M->444M(512M) 4.983ms
[2022-05-19T10:07:50.438+0000][163][gc,cpu         ] GC(217) User=0.01s Sys=0.01s Real=0.00s
[2022-05-19T10:07:50.438+0000][163][safepoint      ] Safepoint "G1CollectForAllocation", Time since last: 2459100 ns, Reaching safepoint: 226200 ns, At safepoint: 5326300 ns, Total: 5552500 ns
[2022-05-19T10:07:50.480+0000][163][gc,marking     ] GC(216) Concurrent Mark From Roots 48.072ms
[2022-05-19T10:07:50.480+0000][163][gc,marking     ] GC(216) Concurrent Preclean
[2022-05-19T10:07:50.480+0000][163][gc,marking     ] GC(216) Concurrent Preclean 0.564ms
[2022-05-19T10:07:50.481+0000][163][gc,start       ] GC(216) Pause Remark
[2022-05-19T10:07:50.484+0000][163][gc             ] GC(216) Pause Remark 464M->375M(512M) 3.521ms
[2022-05-19T10:07:50.485+0000][163][gc,cpu         ] GC(216) User=0.02s Sys=0.00s Real=0.00s
[2022-05-19T10:07:50.485+0000][163][safepoint      ] Safepoint "G1Concurrent", Time since last: 42788200 ns, Reaching safepoint: 255500 ns, At safepoint: 3965000 ns, Total: 4220500 ns
[2022-05-19T10:07:50.485+0000][163][gc,marking     ] GC(216) Concurrent Mark 53.664ms
[2022-05-19T10:07:50.485+0000][163][gc,marking     ] GC(216) Concurrent Rebuild Remembered Sets
[2022-05-19T10:07:50.488+0000][163][gc,start       ] GC(218) Pause Young (Normal) (G1 Evacuation Pause)
[2022-05-19T10:07:50.488+0000][163][gc,task        ] GC(218) Using 10 workers of 10 for evacuation
[2022-05-19T10:07:50.488+0000][163][gc,age         ] GC(218) Desired survivor size 2097152 bytes, new threshold 1 (max threshold 15)
[2022-05-19T10:07:50.491+0000][163][gc,age         ] GC(218) Age table with threshold 1 (max threshold 15)
[2022-05-19T10:07:50.492+0000][163][gc,age         ] GC(218) - age   1:    3775200 bytes,    3775200 total
[2022-05-19T10:07:50.492+0000][163][gc,phases      ] GC(218)   Pre Evacuate Collection Set: 0.2ms
[2022-05-19T10:07:50.492+0000][163][gc,phases      ] GC(218)   Merge Heap Roots: 0.1ms
[2022-05-19T10:07:50.492+0000][163][gc,phases      ] GC(218)   Evacuate Collection Set: 2.4ms
[2022-05-19T10:07:50.492+0000][163][gc,phases      ] GC(218)   Post Evacuate Collection Set: 0.6ms
[2022-05-19T10:07:50.492+0000][163][gc,phases      ] GC(218)   Other: 0.8ms
[2022-05-19T10:07:50.493+0000][163][gc,heap        ] GC(218) Eden regions: 5->0(5)
[2022-05-19T10:07:50.493+0000][163][gc,heap        ] GC(218) Survivor regions: 1->1(1)
[2022-05-19T10:07:50.493+0000][163][gc,heap        ] GC(218) Old regions: 59->64
[2022-05-19T10:07:50.493+0000][163][gc,heap        ] GC(218) Archive regions: 2->2
[2022-05-19T10:07:50.493+0000][163][gc,heap        ] GC(218) Humongous regions: 32->32
[2022-05-19T10:07:50.493+0000][163][gc,metaspace   ] GC(218) Metaspace: 101870K(103360K)->101870K(103360K) NonClass: 87895K(88832K)->87895K(88832K) Class: 13974K(14528K)->13974K(14528K)
[2022-05-19T10:07:50.493+0000][163][gc             ] GC(218) Pause Young (Normal) (G1 Evacuation Pause) 375M->372M(512M) 5.627ms
[2022-05-19T10:07:50.493+0000][163][gc,cpu         ] GC(218) User=0.03s Sys=0.00s Real=0.01s
[2022-05-19T10:07:50.494+0000][163][safepoint      ] Safepoint "G1CollectForAllocation", Time since last: 2375300 ns, Reaching safepoint: 379600 ns, At safepoint: 5947000 ns, Total: 6326600 ns
[2022-05-19T10:07:50.515+0000][163][gc,marking     ] GC(216) Concurrent Rebuild Remembered Sets 29.237ms
[2022-05-19T10:07:50.515+0000][163][gc,start       ] GC(216) Pause Cleanup
[2022-05-19T10:07:50.515+0000][163][gc             ] GC(216) Pause Cleanup 374M->374M(512M) 0.322ms
[2022-05-19T10:07:50.516+0000][163][gc,cpu         ] GC(216) User=0.00s Sys=0.00s Real=0.00s
[2022-05-19T10:07:50.516+0000][163][safepoint      ] Safepoint "G1Concurrent", Time since last: 21216000 ns, Reaching safepoint: 252800 ns, At safepoint: 607100 ns, Total: 859900 ns
[2022-05-19T10:07:50.516+0000][163][gc,marking     ] GC(216) Concurrent Cleanup for Next Mark
[2022-05-19T10:07:50.516+0000][163][gc,marking     ] GC(216) Concurrent Cleanup for Next Mark 0.344ms
[2022-05-19T10:07:50.516+0000][163][gc             ] GC(216) Concurrent Mark Cycle 86.445ms
[2022-05-19T10:07:50.655+0000][163][gc,start       ] GC(219) Pause Young (Prepare Mixed) (G1 Evacuation Pause)
[2022-05-19T10:07:50.655+0000][163][gc,task        ] GC(219) Using 10 workers of 10 for evacuation
[2022-05-19T10:07:50.656+0000][163][gc,age         ] GC(219) Desired survivor size 2097152 bytes, new threshold 1 (max threshold 15)
[2022-05-19T10:07:50.658+0000][163][gc,age         ] GC(219) Age table with threshold 1 (max threshold 15)
[2022-05-19T10:07:50.658+0000][163][gc,age         ] GC(219) - age   1:     296952 bytes,     296952 total
[2022-05-19T10:07:50.659+0000][163][gc,phases      ] GC(219)   Pre Evacuate Collection Set: 0.2ms
[2022-05-19T10:07:50.659+0000][163][gc,phases      ] GC(219)   Merge Heap Roots: 0.2ms
[2022-05-19T10:07:50.659+0000][163][gc,phases      ] GC(219)   Evacuate Collection Set: 1.1ms
[2022-05-19T10:07:50.659+0000][163][gc,phases      ] GC(219)   Post Evacuate Collection Set: 0.7ms
[2022-05-19T10:07:50.660+0000][163][gc,phases      ] GC(219)   Other: 1.5ms
[2022-05-19T10:07:50.660+0000][163][gc,heap        ] GC(219) Eden regions: 5->0(5)
[2022-05-19T10:07:50.660+0000][163][gc,heap        ] GC(219) Survivor regions: 1->1(1)
[2022-05-19T10:07:50.660+0000][163][gc,heap        ] GC(219) Old regions: 64->65
[2022-05-19T10:07:50.660+0000][163][gc,heap        ] GC(219) Archive regions: 2->2
[2022-05-19T10:07:50.661+0000][163][gc,heap        ] GC(219) Humongous regions: 32->32
[2022-05-19T10:07:50.661+0000][163][gc,metaspace   ] GC(219) Metaspace: 101870K(103360K)->101870K(103360K) NonClass: 87895K(88832K)->87895K(88832K) Class: 13974K(14528K)->13974K(14528K)
[2022-05-19T10:07:50.661+0000][163][gc             ] GC(219) Pause Young (Prepare Mixed) (G1 Evacuation Pause) 392M->373M(512M) 5.936ms
[2022-05-19T10:07:50.661+0000][163][gc,cpu         ] GC(219) User=0.02s Sys=0.00s Real=0.01s
[2022-05-19T10:07:50.661+0000][163][safepoint      ] Safepoint "G1CollectForAllocation", Time since last: 139024900 ns, Reaching safepoint: 236500 ns, At safepoint: 6341800 ns, Total: 6578300 ns
[2022-05-19T10:07:50.836+0000][163][gc,start       ] GC(220) Pause Young (Mixed) (G1 Evacuation Pause)
[2022-05-19T10:07:50.836+0000][163][gc,task        ] GC(220) Using 10 workers of 10 for evacuation
[2022-05-19T10:07:50.836+0000][163][gc,age         ] GC(220) Desired survivor size 2097152 bytes, new threshold 15 (max threshold 15)
[2022-05-19T10:07:50.838+0000][163][gc,age         ] GC(220) Age table with threshold 15 (max threshold 15)
[2022-05-19T10:07:50.839+0000][163][gc,age         ] GC(220) - age   1:     295960 bytes,     295960 total
[2022-05-19T10:07:50.839+0000][163][gc,age         ] GC(220) - age   2:     296576 bytes,     592536 total
[2022-05-19T10:07:50.839+0000][163][gc,phases      ] GC(220)   Pre Evacuate Collection Set: 0.2ms
[2022-05-19T10:07:50.839+0000][163][gc,phases      ] GC(220)   Merge Heap Roots: 0.1ms
[2022-05-19T10:07:50.839+0000][163][gc,phases      ] GC(220)   Evacuate Collection Set: 1.2ms
[2022-05-19T10:07:50.839+0000][163][gc,phases      ] GC(220)   Post Evacuate Collection Set: 0.6ms
[2022-05-19T10:07:50.839+0000][163][gc,phases      ] GC(220)   Other: 1.1ms
[2022-05-19T10:07:50.840+0000][163][gc,heap        ] GC(220) Eden regions: 5->0(7)
[2022-05-19T10:07:50.840+0000][163][gc,heap        ] GC(220) Survivor regions: 1->1(1)
[2022-05-19T10:07:50.840+0000][163][gc,heap        ] GC(220) Old regions: 65->55
[2022-05-19T10:07:50.840+0000][163][gc,heap        ] GC(220) Archive regions: 2->2
[2022-05-19T10:07:50.840+0000][163][gc,heap        ] GC(220) Humongous regions: 32->32
[2022-05-19T10:07:50.840+0000][163][gc,metaspace   ] GC(220) Metaspace: 101870K(103360K)->101870K(103360K) NonClass: 87895K(88832K)->87895K(88832K) Class: 13974K(14528K)->13974K(14528K)
[2022-05-19T10:07:50.840+0000][163][gc             ] GC(220) Pause Young (Mixed) (G1 Evacuation Pause) 393M->333M(512M) 4.633ms
[2022-05-19T10:07:50.840+0000][163][gc,cpu         ] GC(220) User=0.01s Sys=0.00s Real=0.00s
[2022-05-19T10:07:50.841+0000][163][safepoint      ] Safepoint "G1CollectForAllocation", Time since last: 174176200 ns, Reaching safepoint: 227100 ns, At safepoint: 4949200 ns, Total: 5176300 ns
[2022-05-19T10:07:51.068+0000][163][gc,start       ] GC(221) Pause Young (Concurrent Start) (G1 Evacuation Pause)
[2022-05-19T10:07:51.068+0000][163][gc,task        ] GC(221) Using 10 workers of 10 for evacuation
[2022-05-19T10:07:51.068+0000][163][gc,age         ] GC(221) Desired survivor size 2097152 bytes, new threshold 15 (max threshold 15)
[2022-05-19T10:07:51.070+0000][163][gc,age         ] GC(221) Age table with threshold 15 (max threshold 15)
[2022-05-19T10:07:51.070+0000][163][gc,age         ] GC(221) - age   1:     428776 bytes,     428776 total
[2022-05-19T10:07:51.071+0000][163][gc,age         ] GC(221) - age   2:     295456 bytes,     724232 total
[2022-05-19T10:07:51.071+0000][163][gc,age         ] GC(221) - age   3:     295904 bytes,    1020136 total
[2022-05-19T10:07:51.071+0000][163][gc,phases      ] GC(221)   Pre Evacuate Collection Set: 0.3ms
[2022-05-19T10:07:51.071+0000][163][gc,phases      ] GC(221)   Merge Heap Roots: 0.1ms
[2022-05-19T10:07:51.071+0000][163][gc,phases      ] GC(221)   Evacuate Collection Set: 1.0ms
[2022-05-19T10:07:51.071+0000][163][gc,phases      ] GC(221)   Post Evacuate Collection Set: 0.6ms
[2022-05-19T10:07:51.071+0000][163][gc,phases      ] GC(221)   Other: 1.4ms
[2022-05-19T10:07:51.072+0000][163][gc,heap        ] GC(221) Eden regions: 7->0(5)
[2022-05-19T10:07:51.072+0000][163][gc,heap        ] GC(221) Survivor regions: 1->1(1)
[2022-05-19T10:07:51.072+0000][163][gc,heap        ] GC(221) Old regions: 55->55
[2022-05-19T10:07:51.072+0000][163][gc,heap        ] GC(221) Archive regions: 2->2
[2022-05-19T10:07:51.072+0000][163][gc,heap        ] GC(221) Humongous regions: 32->32
[2022-05-19T10:07:51.072+0000][163][gc,metaspace   ] GC(221) Metaspace: 101870K(103360K)->101870K(103360K) NonClass: 87895K(88832K)->87895K(88832K) Class: 13974K(14528K)->13974K(14528K)
[2022-05-19T10:07:51.072+0000][163][gc             ] GC(221) Pause Young (Concurrent Start) (G1 Evacuation Pause) 361M->333M(512M) 4.591ms
[2022-05-19T10:07:51.072+0000][163][gc,cpu         ] GC(221) User=0.01s Sys=0.00s Real=0.01s
[2022-05-19T10:07:51.073+0000][163][gc             ] GC(222) Concurrent Mark Cycle
[2022-05-19T10:07:51.073+0000][163][gc,marking     ] GC(222) Concurrent Clear Claimed Marks
[2022-05-19T10:07:51.073+0000][163][safepoint      ] Safepoint "G1CollectForAllocation", Time since last: 226790600 ns, Reaching safepoint: 196400 ns, At safepoint: 4920200 ns, Total: 5116600 ns
[2022-05-19T10:07:51.073+0000][163][gc,marking     ] GC(222) Concurrent Clear Claimed Marks 0.183ms
[2022-05-19T10:07:51.073+0000][163][gc,marking     ] GC(222) Concurrent Scan Root Regions
[2022-05-19T10:07:51.074+0000][163][gc,marking     ] GC(222) Concurrent Scan Root Regions 0.891ms
[2022-05-19T10:07:51.074+0000][163][gc,marking     ] GC(222) Concurrent Mark
[2022-05-19T10:07:51.074+0000][163][gc,marking     ] GC(222) Concurrent Mark From Roots
[2022-05-19T10:07:51.074+0000][163][gc,task        ] GC(222) Using 3 workers of 3 for marking
[2022-05-19T10:07:51.119+0000][163][gc,marking     ] GC(222) Concurrent Mark From Roots 44.816ms
[2022-05-19T10:07:51.119+0000][163][gc,marking     ] GC(222) Concurrent Preclean
[2022-05-19T10:07:51.120+0000][163][gc,marking     ] GC(222) Concurrent Preclean 0.662ms
[2022-05-19T10:07:51.121+0000][163][gc,start       ] GC(222) Pause Remark
[2022-05-19T10:07:51.124+0000][163][gc             ] GC(222) Pause Remark 338M->322M(512M) 3.183ms
[2022-05-19T10:07:51.124+0000][163][gc,cpu         ] GC(222) User=0.02s Sys=0.00s Real=0.00s
[2022-05-19T10:07:51.124+0000][163][safepoint      ] Safepoint "G1Concurrent", Time since last: 47776800 ns, Reaching safepoint: 283300 ns, At safepoint: 3806100 ns, Total: 4089400 ns
[2022-05-19T10:07:51.125+0000][163][gc,marking     ] GC(222) Concurrent Mark 50.526ms
[2022-05-19T10:07:51.125+0000][163][gc,marking     ] GC(222) Concurrent Rebuild Remembered Sets
[2022-05-19T10:07:51.149+0000][163][gc,marking     ] GC(222) Concurrent Rebuild Remembered Sets 24.235ms
[2022-05-19T10:07:51.150+0000][163][gc,start       ] GC(222) Pause Cleanup
[2022-05-19T10:07:51.150+0000][163][gc             ] GC(222) Pause Cleanup 326M->326M(512M) 0.457ms
[2022-05-19T10:07:51.151+0000][163][gc,cpu         ] GC(222) User=0.00s Sys=0.00s Real=0.00s
[2022-05-19T10:07:51.151+0000][163][safepoint      ] Safepoint "G1Concurrent", Time since last: 25112600 ns, Reaching safepoint: 354900 ns, At safepoint: 933300 ns, Total: 1288200 ns
[2022-05-19T10:07:51.151+0000][163][gc,marking     ] GC(222) Concurrent Cleanup for Next Mark
[2022-05-19T10:07:51.151+0000][163][gc,marking     ] GC(222) Concurrent Cleanup for Next Mark 0.387ms
[2022-05-19T10:07:51.152+0000][163][gc             ] GC(222) Concurrent Mark Cycle 79.172ms
[2022-05-19T10:07:51.240+0000][163][gc,start       ] GC(223) Pause Young (Prepare Mixed) (G1 Evacuation Pause)
[2022-05-19T10:07:51.240+0000][163][gc,task        ] GC(223) Using 10 workers of 10 for evacuation
[2022-05-19T10:07:51.240+0000][163][gc,age         ] GC(223) Desired survivor size 2097152 bytes, new threshold 15 (max threshold 15)
[2022-05-19T10:07:51.242+0000][163][gc,age         ] GC(223) Age table with threshold 15 (max threshold 15)
[2022-05-19T10:07:51.242+0000][163][gc,age         ] GC(223) - age   1:     262584 bytes,     262584 total
[2022-05-19T10:07:51.242+0000][163][gc,age         ] GC(223) - age   2:     428464 bytes,     691048 total
[2022-05-19T10:07:51.242+0000][163][gc,age         ] GC(223) - age   3:     295432 bytes,     986480 total
[2022-05-19T10:07:51.243+0000][163][gc,age         ] GC(223) - age   4:     295904 bytes,    1282384 total
[2022-05-19T10:07:51.243+0000][163][gc,phases      ] GC(223)   Pre Evacuate Collection Set: 0.2ms
[2022-05-19T10:07:51.243+0000][163][gc,phases      ] GC(223)   Merge Heap Roots: 0.2ms
[2022-05-19T10:07:51.243+0000][163][gc,phases      ] GC(223)   Evacuate Collection Set: 0.7ms
[2022-05-19T10:07:51.243+0000][163][gc,phases      ] GC(223)   Post Evacuate Collection Set: 0.5ms
[2022-05-19T10:07:51.243+0000][163][gc,phases      ] GC(223)   Other: 1.7ms
[2022-05-19T10:07:51.243+0000][163][gc,heap        ] GC(223) Eden regions: 5->0(5)
[2022-05-19T10:07:51.244+0000][163][gc,heap        ] GC(223) Survivor regions: 1->1(1)
[2022-05-19T10:07:51.244+0000][163][gc,heap        ] GC(223) Old regions: 51->51
[2022-05-19T10:07:51.244+0000][163][gc,heap        ] GC(223) Archive regions: 2->2
[2022-05-19T10:07:51.244+0000][163][gc,heap        ] GC(223) Humongous regions: 32->32
[2022-05-19T10:07:51.244+0000][163][gc,metaspace   ] GC(223) Metaspace: 101870K(103360K)->101870K(103360K) NonClass: 87895K(88832K)->87895K(88832K) Class: 13974K(14528K)->13974K(14528K)
[2022-05-19T10:07:51.244+0000][163][gc             ] GC(223) Pause Young (Prepare Mixed) (G1 Evacuation Pause) 337M->317M(512M) 4.930ms
[2022-05-19T10:07:51.245+0000][163][gc,cpu         ] GC(223) User=0.00s Sys=0.01s Real=0.01s
[2022-05-19T10:07:51.245+0000][163][safepoint      ] Safepoint "G1CollectForAllocation", Time since last: 88528200 ns, Reaching safepoint: 186200 ns, At safepoint: 5267700 ns, Total: 5453900 ns
[2022-05-19T10:07:51.402+0000][163][gc,start       ] GC(224) Pause Young (Mixed) (G1 Evacuation Pause)
[2022-05-19T10:07:51.403+0000][163][gc,task        ] GC(224) Using 10 workers of 10 for evacuation
[2022-05-19T10:07:51.403+0000][163][gc,age         ] GC(224) Desired survivor size 2097152 bytes, new threshold 15 (max threshold 15)
[2022-05-19T10:07:51.405+0000][163][gc,age         ] GC(224) Age table with threshold 15 (max threshold 15)
[2022-05-19T10:07:51.405+0000][163][gc,age         ] GC(224) - age   1:     296456 bytes,     296456 total
[2022-05-19T10:07:51.405+0000][163][gc,age         ] GC(224) - age   2:     262272 bytes,     558728 total
[2022-05-19T10:07:51.406+0000][163][gc,age         ] GC(224) - age   3:     427776 bytes,     986504 total
[2022-05-19T10:07:51.406+0000][163][gc,age         ] GC(224) - age   4:     295432 bytes,    1281936 total
[2022-05-19T10:07:51.406+0000][163][gc,age         ] GC(224) - age   5:     295904 bytes,    1577840 total
[2022-05-19T10:07:51.406+0000][163][gc,phases      ] GC(224)   Pre Evacuate Collection Set: 0.2ms
[2022-05-19T10:07:51.407+0000][163][gc,phases      ] GC(224)   Merge Heap Roots: 0.1ms
[2022-05-19T10:07:51.407+0000][163][gc,phases      ] GC(224)   Evacuate Collection Set: 0.9ms
[2022-05-19T10:07:51.407+0000][163][gc,phases      ] GC(224)   Post Evacuate Collection Set: 0.6ms
[2022-05-19T10:07:51.407+0000][163][gc,phases      ] GC(224)   Other: 2.3ms
[2022-05-19T10:07:51.407+0000][163][gc,heap        ] GC(224) Eden regions: 5->0(13)
[2022-05-19T10:07:51.407+0000][163][gc,heap        ] GC(224) Survivor regions: 1->1(1)
[2022-05-19T10:07:51.407+0000][163][gc,heap        ] GC(224) Old regions: 51->50
[2022-05-19T10:07:51.407+0000][163][gc,heap        ] GC(224) Archive regions: 2->2
[2022-05-19T10:07:51.408+0000][163][gc,heap        ] GC(224) Humongous regions: 32->32
[2022-05-19T10:07:51.408+0000][163][gc,metaspace   ] GC(224) Metaspace: 101870K(103360K)->101870K(103360K) NonClass: 87895K(88832K)->87895K(88832K) Class: 13974K(14528K)->13974K(14528K)
[2022-05-19T10:07:51.408+0000][163][gc             ] GC(224) Pause Young (Mixed) (G1 Evacuation Pause) 337M->314M(512M) 5.542ms
[2022-05-19T10:07:51.408+0000][163][gc,cpu         ] GC(224) User=0.01s Sys=0.00s Real=0.00s
[2022-05-19T10:07:51.408+0000][163][safepoint      ] Safepoint "G1CollectForAllocation", Time since last: 157275200 ns, Reaching safepoint: 229200 ns, At safepoint: 5823000 ns, Total: 6052200 ns
[2022-05-19T10:07:51.829+0000][163][gc,start       ] GC(225) Pause Young (Concurrent Start) (G1 Evacuation Pause)
[2022-05-19T10:07:51.829+0000][163][gc,task        ] GC(225) Using 10 workers of 10 for evacuation
[2022-05-19T10:07:51.829+0000][163][gc,age         ] GC(225) Desired survivor size 4194304 bytes, new threshold 15 (max threshold 15)
[2022-05-19T10:07:51.832+0000][163][gc,age         ] GC(225) Age table with threshold 15 (max threshold 15)
[2022-05-19T10:07:51.832+0000][163][gc,age         ] GC(225) - age   1:     756288 bytes,     756288 total
[2022-05-19T10:07:51.832+0000][163][gc,age         ] GC(225) - age   2:     295312 bytes,    1051600 total
[2022-05-19T10:07:51.832+0000][163][gc,age         ] GC(225) - age   3:     262272 bytes,    1313872 total
[2022-05-19T10:07:51.832+0000][163][gc,age         ] GC(225) - age   4:     427680 bytes,    1741552 total
[2022-05-19T10:07:51.832+0000][163][gc,age         ] GC(225) - age   5:     295432 bytes,    2036984 total
[2022-05-19T10:07:51.832+0000][163][gc,age         ] GC(225) - age   6:     295120 bytes,    2332104 total
[2022-05-19T10:07:51.833+0000][163][gc,phases      ] GC(225)   Pre Evacuate Collection Set: 0.3ms
[2022-05-19T10:07:51.833+0000][163][gc,phases      ] GC(225)   Merge Heap Roots: 0.1ms
[2022-05-19T10:07:51.833+0000][163][gc,phases      ] GC(225)   Evacuate Collection Set: 1.2ms
[2022-05-19T10:07:51.833+0000][163][gc,phases      ] GC(225)   Post Evacuate Collection Set: 0.5ms
[2022-05-19T10:07:51.833+0000][163][gc,phases      ] GC(225)   Other: 1.6ms
[2022-05-19T10:07:51.833+0000][163][gc,heap        ] GC(225) Eden regions: 13->0(5)
[2022-05-19T10:07:51.833+0000][163][gc,heap        ] GC(225) Survivor regions: 1->1(2)
[2022-05-19T10:07:51.834+0000][163][gc,heap        ] GC(225) Old regions: 50->50
[2022-05-19T10:07:51.834+0000][163][gc,heap        ] GC(225) Archive regions: 2->2
[2022-05-19T10:07:51.834+0000][163][gc,heap        ] GC(225) Humongous regions: 32->32
[2022-05-19T10:07:51.834+0000][163][gc,metaspace   ] GC(225) Metaspace: 101870K(103360K)->101870K(103360K) NonClass: 87895K(88832K)->87895K(88832K) Class: 13974K(14528K)->13974K(14528K)
[2022-05-19T10:07:51.834+0000][163][gc             ] GC(225) Pause Young (Concurrent Start) (G1 Evacuation Pause) 366M->314M(512M) 5.099ms
[2022-05-19T10:07:51.834+0000][163][gc,cpu         ] GC(225) User=0.00s Sys=0.01s Real=0.01s
[2022-05-19T10:07:51.834+0000][163][gc             ] GC(226) Concurrent Mark Cycle
[2022-05-19T10:07:51.834+0000][163][safepoint      ] Safepoint "G1CollectForAllocation", Time since last: 420554900 ns, Reaching safepoint: 204300 ns, At safepoint: 5426900 ns, Total: 5631200 ns
[2022-05-19T10:07:51.834+0000][163][gc,marking     ] GC(226) Concurrent Clear Claimed Marks
[2022-05-19T10:07:51.835+0000][163][gc,marking     ] GC(226) Concurrent Clear Claimed Marks 0.332ms
[2022-05-19T10:07:51.835+0000][163][gc,marking     ] GC(226) Concurrent Scan Root Regions
[2022-05-19T10:07:51.836+0000][163][gc,marking     ] GC(226) Concurrent Scan Root Regions 1.124ms
[2022-05-19T10:07:51.836+0000][163][gc,marking     ] GC(226) Concurrent Mark
[2022-05-19T10:07:51.836+0000][163][gc,marking     ] GC(226) Concurrent Mark From Roots
[2022-05-19T10:07:51.836+0000][163][gc,task        ] GC(226) Using 3 workers of 3 for marking
[2022-05-19T10:07:51.884+0000][163][gc,marking     ] GC(226) Concurrent Mark From Roots 47.917ms
[2022-05-19T10:07:51.884+0000][163][gc,marking     ] GC(226) Concurrent Preclean
[2022-05-19T10:07:51.885+0000][163][gc,marking     ] GC(226) Concurrent Preclean 0.796ms
[2022-05-19T10:07:51.886+0000][163][gc,start       ] GC(226) Pause Remark
[2022-05-19T10:07:51.890+0000][163][gc             ] GC(226) Pause Remark 319M->319M(512M) 3.957ms
[2022-05-19T10:07:51.890+0000][163][gc,cpu         ] GC(226) User=0.02s Sys=0.00s Real=0.00s
[2022-05-19T10:07:51.890+0000][163][safepoint      ] Safepoint "G1Concurrent", Time since last: 51270300 ns, Reaching safepoint: 334800 ns, At safepoint: 4565900 ns, Total: 4900700 ns
[2022-05-19T10:07:51.891+0000][163][gc,marking     ] GC(226) Concurrent Mark 54.449ms
[2022-05-19T10:07:51.891+0000][163][gc,marking     ] GC(226) Concurrent Rebuild Remembered Sets
[2022-05-19T10:07:51.915+0000][163][gc,marking     ] GC(226) Concurrent Rebuild Remembered Sets 24.616ms
[2022-05-19T10:07:51.916+0000][163][gc,start       ] GC(226) Pause Cleanup
[2022-05-19T10:07:51.916+0000][163][gc             ] GC(226) Pause Cleanup 321M->321M(512M) 0.341ms
[2022-05-19T10:07:51.917+0000][163][gc,cpu         ] GC(226) User=0.00s Sys=0.00s Real=0.00s
[2022-05-19T10:07:51.917+0000][163][safepoint      ] Safepoint "G1Concurrent", Time since last: 25252700 ns, Reaching safepoint: 288000 ns, At safepoint: 698400 ns, Total: 986400 ns
[2022-05-19T10:07:51.917+0000][163][gc,marking     ] GC(226) Concurrent Cleanup for Next Mark
[2022-05-19T10:07:51.917+0000][163][gc,marking     ] GC(226) Concurrent Cleanup for Next Mark 0.441ms
[2022-05-19T10:07:51.918+0000][163][gc             ] GC(226) Concurrent Mark Cycle 83.272ms
[2022-05-19T10:07:52.027+0000][163][gc,start       ] GC(227) Pause Young (Prepare Mixed) (G1 Evacuation Pause)
[2022-05-19T10:07:52.028+0000][163][gc,task        ] GC(227) Using 10 workers of 10 for evacuation
[2022-05-19T10:07:52.028+0000][163][gc,age         ] GC(227) Desired survivor size 2097152 bytes, new threshold 6 (max threshold 15)
[2022-05-19T10:07:52.030+0000][163][gc,age         ] GC(227) Age table with threshold 6 (max threshold 15)
[2022-05-19T10:07:52.030+0000][163][gc,age         ] GC(227) - age   1:     264544 bytes,     264544 total
[2022-05-19T10:07:52.030+0000][163][gc,age         ] GC(227) - age   2:     755880 bytes,    1020424 total
[2022-05-19T10:07:52.031+0000][163][gc,age         ] GC(227) - age   3:     295312 bytes,    1315736 total
[2022-05-19T10:07:52.031+0000][163][gc,age         ] GC(227) - age   4:     262272 bytes,    1578008 total
[2022-05-19T10:07:52.031+0000][163][gc,age         ] GC(227) - age   5:     426192 bytes,    2004200 total
[2022-05-19T10:07:52.031+0000][163][gc,age         ] GC(227) - age   6:     295240 bytes,    2299440 total
[2022-05-19T10:07:52.031+0000][163][gc,phases      ] GC(227)   Pre Evacuate Collection Set: 0.2ms
[2022-05-19T10:07:52.032+0000][163][gc,phases      ] GC(227)   Merge Heap Roots: 0.2ms
[2022-05-19T10:07:52.032+0000][163][gc,phases      ] GC(227)   Evacuate Collection Set: 1.0ms
[2022-05-19T10:07:52.032+0000][163][gc,phases      ] GC(227)   Post Evacuate Collection Set: 0.6ms
[2022-05-19T10:07:52.032+0000][163][gc,phases      ] GC(227)   Other: 2.0ms
[2022-05-19T10:07:52.032+0000][163][gc,heap        ] GC(227) Eden regions: 5->0(5)
[2022-05-19T10:07:52.032+0000][163][gc,heap        ] GC(227) Survivor regions: 1->1(1)
[2022-05-19T10:07:52.032+0000][163][gc,heap        ] GC(227) Old regions: 50->50
[2022-05-19T10:07:52.033+0000][163][gc,heap        ] GC(227) Archive regions: 2->2
[2022-05-19T10:07:52.033+0000][163][gc,heap        ] GC(227) Humongous regions: 32->32
[2022-05-19T10:07:52.033+0000][163][gc,metaspace   ] GC(227) Metaspace: 101870K(103360K)->101870K(103360K) NonClass: 87895K(88832K)->87895K(88832K) Class: 13974K(14528K)->13974K(14528K)
[2022-05-19T10:07:52.033+0000][163][gc             ] GC(227) Pause Young (Prepare Mixed) (G1 Evacuation Pause) 334M->315M(512M) 5.687ms
[2022-05-19T10:07:52.033+0000][163][gc,cpu         ] GC(227) User=0.00s Sys=0.01s Real=0.01s
[2022-05-19T10:07:52.033+0000][163][safepoint      ] Safepoint "G1CollectForAllocation", Time since last: 110445300 ns, Reaching safepoint: 221600 ns, At safepoint: 6079000 ns, Total: 6300600 ns
[2022-05-19T10:07:52.217+0000][163][gc,start       ] GC(228) Pause Young (Mixed) (G1 Evacuation Pause)
[2022-05-19T10:07:52.217+0000][163][gc,task        ] GC(228) Using 10 workers of 10 for evacuation
[2022-05-19T10:07:52.218+0000][163][gc,age         ] GC(228) Desired survivor size 2097152 bytes, new threshold 6 (max threshold 15)
[2022-05-19T10:07:52.220+0000][163][gc,age         ] GC(228) Age table with threshold 6 (max threshold 15)
[2022-05-19T10:07:52.220+0000][163][gc,age         ] GC(228) - age   1:     296384 bytes,     296384 total
[2022-05-19T10:07:52.220+0000][163][gc,age         ] GC(228) - age   2:     264256 bytes,     560640 total
[2022-05-19T10:07:52.221+0000][163][gc,age         ] GC(228) - age   3:     755008 bytes,    1315648 total
[2022-05-19T10:07:52.221+0000][163][gc,age         ] GC(228) - age   4:     295312 bytes,    1610960 total
[2022-05-19T10:07:52.221+0000][163][gc,age         ] GC(228) - age   5:     262272 bytes,    1873232 total
[2022-05-19T10:07:52.221+0000][163][gc,age         ] GC(228) - age   6:     426192 bytes,    2299424 total
[2022-05-19T10:07:52.221+0000][163][gc,phases      ] GC(228)   Pre Evacuate Collection Set: 0.3ms
[2022-05-19T10:07:52.221+0000][163][gc,phases      ] GC(228)   Merge Heap Roots: 0.2ms
[2022-05-19T10:07:52.222+0000][163][gc,phases      ] GC(228)   Evacuate Collection Set: 1.2ms
[2022-05-19T10:07:52.222+0000][163][gc,phases      ] GC(228)   Post Evacuate Collection Set: 0.6ms
[2022-05-19T10:07:52.222+0000][163][gc,phases      ] GC(228)   Other: 2.5ms
[2022-05-19T10:07:52.222+0000][163][gc,heap        ] GC(228) Eden regions: 5->0(16)
[2022-05-19T10:07:52.222+0000][163][gc,heap        ] GC(228) Survivor regions: 1->1(1)
[2022-05-19T10:07:52.222+0000][163][gc,heap        ] GC(228) Old regions: 50->49
[2022-05-19T10:07:52.222+0000][163][gc,heap        ] GC(228) Archive regions: 2->2
[2022-05-19T10:07:52.222+0000][163][gc,heap        ] GC(228) Humongous regions: 32->32
[2022-05-19T10:07:52.223+0000][163][gc,metaspace   ] GC(228) Metaspace: 101870K(103360K)->101870K(103360K) NonClass: 87895K(88832K)->87895K(88832K) Class: 13974K(14528K)->13974K(14528K)
[2022-05-19T10:07:52.223+0000][163][gc             ] GC(228) Pause Young (Mixed) (G1 Evacuation Pause) 335M->315M(512M) 6.002ms
[2022-05-19T10:07:52.223+0000][163][gc,cpu         ] GC(228) User=0.01s Sys=0.00s Real=0.01s
[2022-05-19T10:07:52.223+0000][163][safepoint      ] Safepoint "G1CollectForAllocation", Time since last: 182750700 ns, Reaching safepoint: 358600 ns, At safepoint: 6343000 ns, Total: 6701600 ns
[2022-05-19T10:07:52.757+0000][163][gc,start       ] GC(229) Pause Young (Concurrent Start) (G1 Evacuation Pause)
[2022-05-19T10:07:52.758+0000][163][gc,task        ] GC(229) Using 10 workers of 10 for evacuation
[2022-05-19T10:07:52.758+0000][163][gc,age         ] GC(229) Desired survivor size 6291456 bytes, new threshold 15 (max threshold 15)
[2022-05-19T10:07:52.760+0000][163][gc,age         ] GC(229) Age table with threshold 15 (max threshold 15)
[2022-05-19T10:07:52.760+0000][163][gc,age         ] GC(229) - age   1:     953272 bytes,     953272 total
[2022-05-19T10:07:52.760+0000][163][gc,age         ] GC(229) - age   2:     295056 bytes,    1248328 total
[2022-05-19T10:07:52.761+0000][163][gc,age         ] GC(229) - age   3:     264160 bytes,    1512488 total
[2022-05-19T10:07:52.761+0000][163][gc,age         ] GC(229) - age   4:     754096 bytes,    2266584 total
[2022-05-19T10:07:52.761+0000][163][gc,age         ] GC(229) - age   5:     295312 bytes,    2561896 total
[2022-05-19T10:07:52.761+0000][163][gc,age         ] GC(229) - age   6:     262272 bytes,    2824168 total
[2022-05-19T10:07:52.761+0000][163][gc,age         ] GC(229) - age   7:     426192 bytes,    3250360 total
[2022-05-19T10:07:52.762+0000][163][gc,phases      ] GC(229)   Pre Evacuate Collection Set: 0.3ms
[2022-05-19T10:07:52.762+0000][163][gc,phases      ] GC(229)   Merge Heap Roots: 0.1ms
[2022-05-19T10:07:52.762+0000][163][gc,phases      ] GC(229)   Evacuate Collection Set: 1.2ms
[2022-05-19T10:07:52.762+0000][163][gc,phases      ] GC(229)   Post Evacuate Collection Set: 0.5ms
[2022-05-19T10:07:52.762+0000][163][gc,phases      ] GC(229)   Other: 2.2ms
[2022-05-19T10:07:52.762+0000][163][gc,heap        ] GC(229) Eden regions: 16->0(8)
[2022-05-19T10:07:52.762+0000][163][gc,heap        ] GC(229) Survivor regions: 1->1(3)
[2022-05-19T10:07:52.762+0000][163][gc,heap        ] GC(229) Old regions: 49->49
[2022-05-19T10:07:52.763+0000][163][gc,heap        ] GC(229) Archive regions: 2->2
[2022-05-19T10:07:52.763+0000][163][gc,heap        ] GC(229) Humongous regions: 32->32
[2022-05-19T10:07:52.763+0000][163][gc,metaspace   ] GC(229) Metaspace: 101870K(103360K)->101870K(103360K) NonClass: 87895K(88832K)->87895K(88832K) Class: 13974K(14528K)->13974K(14528K)
[2022-05-19T10:07:52.763+0000][163][gc             ] GC(229) Pause Young (Concurrent Start) (G1 Evacuation Pause) 379M->316M(512M) 5.761ms
[2022-05-19T10:07:52.763+0000][163][gc,cpu         ] GC(229) User=0.01s Sys=0.00s Real=0.01s
[2022-05-19T10:07:52.763+0000][163][gc             ] GC(230) Concurrent Mark Cycle
[2022-05-19T10:07:52.763+0000][163][gc,marking     ] GC(230) Concurrent Clear Claimed Marks
[2022-05-19T10:07:52.763+0000][163][safepoint      ] Safepoint "G1CollectForAllocation", Time since last: 533981600 ns, Reaching safepoint: 329600 ns, At safepoint: 6111100 ns, Total: 6440700 ns
[2022-05-19T10:07:52.764+0000][163][gc,marking     ] GC(230) Concurrent Clear Claimed Marks 0.212ms
[2022-05-19T10:07:52.764+0000][163][gc,marking     ] GC(230) Concurrent Scan Root Regions
[2022-05-19T10:07:52.765+0000][163][gc,marking     ] GC(230) Concurrent Scan Root Regions 0.916ms
[2022-05-19T10:07:52.765+0000][163][gc,marking     ] GC(230) Concurrent Mark
[2022-05-19T10:07:52.765+0000][163][gc,marking     ] GC(230) Concurrent Mark From Roots
[2022-05-19T10:07:52.765+0000][163][gc,task        ] GC(230) Using 3 workers of 3 for marking
[2022-05-19T10:07:52.807+0000][163][gc,marking     ] GC(230) Concurrent Mark From Roots 42.134ms
[2022-05-19T10:07:52.808+0000][163][gc,marking     ] GC(230) Concurrent Preclean
[2022-05-19T10:07:52.808+0000][163][gc,marking     ] GC(230) Concurrent Preclean 0.688ms
[2022-05-19T10:07:52.809+0000][163][gc,start       ] GC(230) Pause Remark
[2022-05-19T10:07:52.812+0000][163][gc             ] GC(230) Pause Remark 320M->320M(512M) 3.191ms
[2022-05-19T10:07:52.812+0000][163][gc,cpu         ] GC(230) User=0.02s Sys=0.00s Real=0.01s
[2022-05-19T10:07:52.813+0000][163][safepoint      ] Safepoint "G1Concurrent", Time since last: 45189200 ns, Reaching safepoint: 259700 ns, At safepoint: 3880200 ns, Total: 4139900 ns
[2022-05-19T10:07:52.813+0000][163][gc,marking     ] GC(230) Concurrent Mark 48.058ms
[2022-05-19T10:07:52.813+0000][163][gc,marking     ] GC(230) Concurrent Rebuild Remembered Sets
[2022-05-19T10:07:52.837+0000][163][gc,marking     ] GC(230) Concurrent Rebuild Remembered Sets 23.920ms
[2022-05-19T10:07:52.838+0000][163][gc,start       ] GC(230) Pause Cleanup
[2022-05-19T10:07:52.838+0000][163][gc             ] GC(230) Pause Cleanup 324M->324M(512M) 0.445ms
[2022-05-19T10:07:52.838+0000][163][gc,cpu         ] GC(230) User=0.00s Sys=0.00s Real=0.00s
[2022-05-19T10:07:52.838+0000][163][safepoint      ] Safepoint "G1Concurrent", Time since last: 24716700 ns, Reaching safepoint: 281900 ns, At safepoint: 838400 ns, Total: 1120300 ns
[2022-05-19T10:07:52.839+0000][163][gc,marking     ] GC(230) Concurrent Cleanup for Next Mark
[2022-05-19T10:07:52.839+0000][163][gc,marking     ] GC(230) Concurrent Cleanup for Next Mark 0.337ms
[2022-05-19T10:07:52.839+0000][163][gc             ] GC(230) Concurrent Mark Cycle 75.891ms
[2022-05-19T10:07:53.044+0000][163][gc,start       ] GC(231) Pause Young (Prepare Mixed) (G1 Evacuation Pause)
[2022-05-19T10:07:53.045+0000][163][gc,task        ] GC(231) Using 10 workers of 10 for evacuation
[2022-05-19T10:07:53.045+0000][163][gc,age         ] GC(231) Desired survivor size 4194304 bytes, new threshold 15 (max threshold 15)
[2022-05-19T10:07:53.048+0000][163][gc,age         ] GC(231) Age table with threshold 15 (max threshold 15)
[2022-05-19T10:07:53.048+0000][163][gc,age         ] GC(231) - age   1:     428584 bytes,     428584 total
[2022-05-19T10:07:53.048+0000][163][gc,age         ] GC(231) - age   2:     952824 bytes,    1381408 total
[2022-05-19T10:07:53.048+0000][163][gc,age         ] GC(231) - age   3:     295056 bytes,    1676464 total
[2022-05-19T10:07:53.049+0000][163][gc,age         ] GC(231) - age   4:     262456 bytes,    1938920 total
[2022-05-19T10:07:53.049+0000][163][gc,age         ] GC(231) - age   5:     754096 bytes,    2693016 total
[2022-05-19T10:07:53.049+0000][163][gc,age         ] GC(231) - age   6:     295312 bytes,    2988328 total
[2022-05-19T10:07:53.049+0000][163][gc,age         ] GC(231) - age   7:     262272 bytes,    3250600 total
[2022-05-19T10:07:53.050+0000][163][gc,age         ] GC(231) - age   8:     426192 bytes,    3676792 total
[2022-05-19T10:07:53.050+0000][163][gc,phases      ] GC(231)   Pre Evacuate Collection Set: 0.2ms
[2022-05-19T10:07:53.050+0000][163][gc,phases      ] GC(231)   Merge Heap Roots: 0.2ms
[2022-05-19T10:07:53.050+0000][163][gc,phases      ] GC(231)   Evacuate Collection Set: 1.1ms
[2022-05-19T10:07:53.050+0000][163][gc,phases      ] GC(231)   Post Evacuate Collection Set: 0.7ms
[2022-05-19T10:07:53.051+0000][163][gc,phases      ] GC(231)   Other: 3.5ms
[2022-05-19T10:07:53.051+0000][163][gc,heap        ] GC(231) Eden regions: 8->0(5)
[2022-05-19T10:07:53.051+0000][163][gc,heap        ] GC(231) Survivor regions: 1->1(2)
[2022-05-19T10:07:53.051+0000][163][gc,heap        ] GC(231) Old regions: 49->49
[2022-05-19T10:07:53.052+0000][163][gc,heap        ] GC(231) Archive regions: 2->2
[2022-05-19T10:07:53.052+0000][163][gc,heap        ] GC(231) Humongous regions: 32->32
[2022-05-19T10:07:53.052+0000][163][gc,metaspace   ] GC(231) Metaspace: 101870K(103360K)->101870K(103360K) NonClass: 87895K(88832K)->87895K(88832K) Class: 13974K(14528K)->13974K(14528K)
[2022-05-19T10:07:53.052+0000][163][gc             ] GC(231) Pause Young (Prepare Mixed) (G1 Evacuation Pause) 348M->316M(512M) 8.056ms
[2022-05-19T10:07:53.052+0000][163][gc,cpu         ] GC(231) User=0.01s Sys=0.00s Real=0.01s
[2022-05-19T10:07:53.053+0000][163][safepoint      ] Safepoint "G1CollectForAllocation", Time since last: 205466700 ns, Reaching safepoint: 210600 ns, At safepoint: 8454900 ns, Total: 8665500 ns
[2022-05-19T10:07:53.225+0000][163][gc,start       ] GC(232) Pause Young (Mixed) (G1 Evacuation Pause)
[2022-05-19T10:07:53.226+0000][163][gc,task        ] GC(232) Using 10 workers of 10 for evacuation
[2022-05-19T10:07:53.226+0000][163][gc,age         ] GC(232) Desired survivor size 2097152 bytes, new threshold 5 (max threshold 15)
[2022-05-19T10:07:53.229+0000][163][gc,age         ] GC(232) Age table with threshold 5 (max threshold 15)
[2022-05-19T10:07:53.229+0000][163][gc,age         ] GC(232) - age   1:     295552 bytes,     295552 total
[2022-05-19T10:07:53.229+0000][163][gc,age         ] GC(232) - age   2:     428208 bytes,     723760 total
[2022-05-19T10:07:53.229+0000][163][gc,age         ] GC(232) - age   3:     952824 bytes,    1676584 total
[2022-05-19T10:07:53.229+0000][163][gc,age         ] GC(232) - age   4:     295056 bytes,    1971640 total
[2022-05-19T10:07:53.230+0000][163][gc,age         ] GC(232) - age   5:     262456 bytes,    2234096 total
[2022-05-19T10:07:53.230+0000][163][gc,phases      ] GC(232)   Pre Evacuate Collection Set: 0.2ms
[2022-05-19T10:07:53.230+0000][163][gc,phases      ] GC(232)   Merge Heap Roots: 0.2ms
[2022-05-19T10:07:53.230+0000][163][gc,phases      ] GC(232)   Evacuate Collection Set: 1.3ms
[2022-05-19T10:07:53.230+0000][163][gc,phases      ] GC(232)   Post Evacuate Collection Set: 0.7ms
[2022-05-19T10:07:53.230+0000][163][gc,phases      ] GC(232)   Other: 1.9ms
[2022-05-19T10:07:53.230+0000][163][gc,heap        ] GC(232) Eden regions: 5->0(19)
[2022-05-19T10:07:53.231+0000][163][gc,heap        ] GC(232) Survivor regions: 1->1(1)
[2022-05-19T10:07:53.231+0000][163][gc,heap        ] GC(232) Old regions: 49->48
[2022-05-19T10:07:53.231+0000][163][gc,heap        ] GC(232) Archive regions: 2->2
[2022-05-19T10:07:53.231+0000][163][gc,heap        ] GC(232) Humongous regions: 32->32
[2022-05-19T10:07:53.231+0000][163][gc,metaspace   ] GC(232) Metaspace: 101870K(103360K)->101870K(103360K) NonClass: 87895K(88832K)->87895K(88832K) Class: 13974K(14528K)->13974K(14528K)
[2022-05-19T10:07:53.231+0000][163][gc             ] GC(232) Pause Young (Mixed) (G1 Evacuation Pause) 336M->313M(512M) 5.790ms
[2022-05-19T10:07:53.231+0000][163][gc,cpu         ] GC(232) User=0.02s Sys=0.00s Real=0.01s
[2022-05-19T10:07:53.232+0000][163][safepoint      ] Safepoint "G1CollectForAllocation", Time since last: 172625700 ns, Reaching safepoint: 188700 ns, At safepoint: 6099200 ns, Total: 6287900 ns
[2022-05-19T10:07:53.862+0000][163][gc,start       ] GC(233) Pause Young (Concurrent Start) (G1 Evacuation Pause)
[2022-05-19T10:07:53.862+0000][163][gc,task        ] GC(233) Using 10 workers of 10 for evacuation
[2022-05-19T10:07:53.863+0000][163][gc,age         ] GC(233) Desired survivor size 6291456 bytes, new threshold 15 (max threshold 15)
[2022-05-19T10:07:53.866+0000][163][gc,age         ] GC(233) Age table with threshold 15 (max threshold 15)
[2022-05-19T10:07:53.866+0000][163][gc,age         ] GC(233) - age   1:    1084904 bytes,    1084904 total
[2022-05-19T10:07:53.866+0000][163][gc,age         ] GC(233) - age   2:     295056 bytes,    1379960 total
[2022-05-19T10:07:53.866+0000][163][gc,age         ] GC(233) - age   3:     427696 bytes,    1807656 total
[2022-05-19T10:07:53.867+0000][163][gc,age         ] GC(233) - age   4:     950800 bytes,    2758456 total
[2022-05-19T10:07:53.867+0000][163][gc,age         ] GC(233) - age   5:     295056 bytes,    3053512 total
[2022-05-19T10:07:53.867+0000][163][gc,age         ] GC(233) - age   6:     262456 bytes,    3315968 total
[2022-05-19T10:07:53.867+0000][163][gc,phases      ] GC(233)   Pre Evacuate Collection Set: 0.3ms
[2022-05-19T10:07:53.867+0000][163][gc,phases      ] GC(233)   Merge Heap Roots: 0.2ms
[2022-05-19T10:07:53.867+0000][163][gc,phases      ] GC(233)   Evacuate Collection Set: 1.7ms
[2022-05-19T10:07:53.868+0000][163][gc,phases      ] GC(233)   Post Evacuate Collection Set: 0.6ms
[2022-05-19T10:07:53.868+0000][163][gc,phases      ] GC(233)   Other: 2.2ms
[2022-05-19T10:07:53.868+0000][163][gc,heap        ] GC(233) Eden regions: 19->0(11)
[2022-05-19T10:07:53.868+0000][163][gc,heap        ] GC(233) Survivor regions: 1->1(3)
[2022-05-19T10:07:53.868+0000][163][gc,heap        ] GC(233) Old regions: 48->48
[2022-05-19T10:07:53.868+0000][163][gc,heap        ] GC(233) Archive regions: 2->2
[2022-05-19T10:07:53.868+0000][163][gc,heap        ] GC(233) Humongous regions: 32->32
[2022-05-19T10:07:53.869+0000][163][gc,metaspace   ] GC(233) Metaspace: 101870K(103360K)->101870K(103360K) NonClass: 87895K(88832K)->87895K(88832K) Class: 13974K(14528K)->13974K(14528K)
[2022-05-19T10:07:53.869+0000][163][gc             ] GC(233) Pause Young (Concurrent Start) (G1 Evacuation Pause) 389M->314M(512M) 6.531ms
[2022-05-19T10:07:53.869+0000][163][gc,cpu         ] GC(233) User=0.01s Sys=0.00s Real=0.00s
[2022-05-19T10:07:53.869+0000][163][gc             ] GC(234) Concurrent Mark Cycle
[2022-05-19T10:07:53.869+0000][163][safepoint      ] Safepoint "G1CollectForAllocation", Time since last: 630349900 ns, Reaching safepoint: 242700 ns, At safepoint: 6879600 ns, Total: 7122300 ns
[2022-05-19T10:07:53.869+0000][163][gc,marking     ] GC(234) Concurrent Clear Claimed Marks
[2022-05-19T10:07:53.869+0000][163][gc,marking     ] GC(234) Concurrent Clear Claimed Marks 0.366ms
[2022-05-19T10:07:53.870+0000][163][gc,marking     ] GC(234) Concurrent Scan Root Regions
[2022-05-19T10:07:53.871+0000][163][gc,marking     ] GC(234) Concurrent Scan Root Regions 1.120ms
[2022-05-19T10:07:53.871+0000][163][gc,marking     ] GC(234) Concurrent Mark
[2022-05-19T10:07:53.871+0000][163][gc,marking     ] GC(234) Concurrent Mark From Roots
[2022-05-19T10:07:53.871+0000][163][gc,task        ] GC(234) Using 3 workers of 3 for marking
[2022-05-19T10:07:53.927+0000][163][gc,marking     ] GC(234) Concurrent Mark From Roots 55.514ms
[2022-05-19T10:07:53.927+0000][163][gc,marking     ] GC(234) Concurrent Preclean
[2022-05-19T10:07:53.928+0000][163][gc,marking     ] GC(234) Concurrent Preclean 1.073ms
[2022-05-19T10:07:53.928+0000][163][gc,start       ] GC(234) Pause Remark
[2022-05-19T10:07:53.933+0000][163][gc             ] GC(234) Pause Remark 319M->319M(512M) 4.096ms
[2022-05-19T10:07:53.933+0000][163][gc,cpu         ] GC(234) User=0.03s Sys=0.00s Real=0.01s
[2022-05-19T10:07:53.933+0000][163][safepoint      ] Safepoint "G1Concurrent", Time since last: 59148100 ns, Reaching safepoint: 297200 ns, At safepoint: 5042400 ns, Total: 5339600 ns
[2022-05-19T10:07:53.934+0000][163][gc,marking     ] GC(234) Concurrent Mark 63.214ms
[2022-05-19T10:07:53.934+0000][163][gc,marking     ] GC(234) Concurrent Rebuild Remembered Sets
[2022-05-19T10:07:53.961+0000][163][gc,marking     ] GC(234) Concurrent Rebuild Remembered Sets 26.206ms
[2022-05-19T10:07:53.961+0000][163][gc,start       ] GC(234) Pause Cleanup
[2022-05-19T10:07:53.962+0000][163][gc             ] GC(234) Pause Cleanup 322M->322M(512M) 0.391ms
[2022-05-19T10:07:53.962+0000][163][gc,cpu         ] GC(234) User=0.00s Sys=0.00s Real=0.00s
[2022-05-19T10:07:53.962+0000][163][safepoint      ] Safepoint "G1Concurrent", Time since last: 27347600 ns, Reaching safepoint: 270300 ns, At safepoint: 853600 ns, Total: 1123900 ns
[2022-05-19T10:07:53.962+0000][163][gc,marking     ] GC(234) Concurrent Cleanup for Next Mark
[2022-05-19T10:07:53.963+0000][163][gc,marking     ] GC(234) Concurrent Cleanup for Next Mark 0.377ms
[2022-05-19T10:07:53.963+0000][163][gc             ] GC(234) Concurrent Mark Cycle 93.854ms
[2022-05-19T10:07:54.252+0000][163][gc,start       ] GC(235) Pause Young (Prepare Mixed) (G1 Evacuation Pause)
[2022-05-19T10:07:54.253+0000][163][gc,task        ] GC(235) Using 10 workers of 10 for evacuation
[2022-05-19T10:07:54.253+0000][163][gc,age         ] GC(235) Desired survivor size 4194304 bytes, new threshold 15 (max threshold 15)
[2022-05-19T10:07:54.255+0000][163][gc,age         ] GC(235) Age table with threshold 15 (max threshold 15)
[2022-05-19T10:07:54.255+0000][163][gc,age         ] GC(235) - age   1:     691624 bytes,     691624 total
[2022-05-19T10:07:54.256+0000][163][gc,age         ] GC(235) - age   2:    1083264 bytes,    1774888 total
[2022-05-19T10:07:54.256+0000][163][gc,age         ] GC(235) - age   3:     295056 bytes,    2069944 total
[2022-05-19T10:07:54.256+0000][163][gc,age         ] GC(235) - age   4:     426408 bytes,    2496352 total
[2022-05-19T10:07:54.256+0000][163][gc,age         ] GC(235) - age   5:     950800 bytes,    3447152 total
[2022-05-19T10:07:54.257+0000][163][gc,age         ] GC(235) - age   6:     295056 bytes,    3742208 total
[2022-05-19T10:07:54.257+0000][163][gc,age         ] GC(235) - age   7:     262456 bytes,    4004664 total
[2022-05-19T10:07:54.257+0000][163][gc,phases      ] GC(235)   Pre Evacuate Collection Set: 0.2ms
[2022-05-19T10:07:54.257+0000][163][gc,phases      ] GC(235)   Merge Heap Roots: 0.1ms
[2022-05-19T10:07:54.257+0000][163][gc,phases      ] GC(235)   Evacuate Collection Set: 0.9ms
[2022-05-19T10:07:54.258+0000][163][gc,phases      ] GC(235)   Post Evacuate Collection Set: 0.7ms
[2022-05-19T10:07:54.258+0000][163][gc,phases      ] GC(235)   Other: 2.9ms
[2022-05-19T10:07:54.258+0000][163][gc,heap        ] GC(235) Eden regions: 11->0(5)
[2022-05-19T10:07:54.258+0000][163][gc,heap        ] GC(235) Survivor regions: 1->1(2)
[2022-05-19T10:07:54.258+0000][163][gc,heap        ] GC(235) Old regions: 48->48
[2022-05-19T10:07:54.258+0000][163][gc,heap        ] GC(235) Archive regions: 2->2
[2022-05-19T10:07:54.258+0000][163][gc,heap        ] GC(235) Humongous regions: 32->32
[2022-05-19T10:07:54.258+0000][163][gc,metaspace   ] GC(235) Metaspace: 101870K(103360K)->101870K(103360K) NonClass: 87895K(88832K)->87895K(88832K) Class: 13974K(14528K)->13974K(14528K)
[2022-05-19T10:07:54.259+0000][163][gc             ] GC(235) Pause Young (Prepare Mixed) (G1 Evacuation Pause) 358M->315M(512M) 6.325ms
[2022-05-19T10:07:54.259+0000][163][gc,cpu         ] GC(235) User=0.02s Sys=0.00s Real=0.00s
[2022-05-19T10:07:54.259+0000][163][safepoint      ] Safepoint "G1CollectForAllocation", Time since last: 290107400 ns, Reaching safepoint: 189600 ns, At safepoint: 6599800 ns, Total: 6789400 ns
[2022-05-19T10:07:54.419+0000][163][gc,start       ] GC(236) Pause Young (Mixed) (G1 Evacuation Pause)
[2022-05-19T10:07:54.419+0000][163][gc,task        ] GC(236) Using 10 workers of 10 for evacuation
[2022-05-19T10:07:54.419+0000][163][gc,age         ] GC(236) Desired survivor size 2097152 bytes, new threshold 4 (max threshold 15)
[2022-05-19T10:07:54.421+0000][163][gc,age         ] GC(236) Age table with threshold 4 (max threshold 15)
[2022-05-19T10:07:54.422+0000][163][gc,age         ] GC(236) - age   1:     295472 bytes,     295472 total
[2022-05-19T10:07:54.422+0000][163][gc,age         ] GC(236) - age   2:     691240 bytes,     986712 total
[2022-05-19T10:07:54.422+0000][163][gc,age         ] GC(236) - age   3:    1083136 bytes,    2069848 total
[2022-05-19T10:07:54.422+0000][163][gc,age         ] GC(236) - age   4:     295056 bytes,    2364904 total
[2022-05-19T10:07:54.422+0000][163][gc,phases      ] GC(236)   Pre Evacuate Collection Set: 0.2ms
[2022-05-19T10:07:54.422+0000][163][gc,phases      ] GC(236)   Merge Heap Roots: 0.1ms
[2022-05-19T10:07:54.423+0000][163][gc,phases      ] GC(236)   Evacuate Collection Set: 1.2ms
[2022-05-19T10:07:54.423+0000][163][gc,phases      ] GC(236)   Post Evacuate Collection Set: 0.6ms
[2022-05-19T10:07:54.423+0000][163][gc,phases      ] GC(236)   Other: 1.6ms
[2022-05-19T10:07:54.423+0000][163][gc,heap        ] GC(236) Eden regions: 5->0(21)
[2022-05-19T10:07:54.423+0000][163][gc,heap        ] GC(236) Survivor regions: 1->1(1)
[2022-05-19T10:07:54.423+0000][163][gc,heap        ] GC(236) Old regions: 48->48
[2022-05-19T10:07:54.423+0000][163][gc,heap        ] GC(236) Archive regions: 2->2
[2022-05-19T10:07:54.423+0000][163][gc,heap        ] GC(236) Humongous regions: 32->32
[2022-05-19T10:07:54.423+0000][163][gc,metaspace   ] GC(236) Metaspace: 101870K(103360K)->101870K(103360K) NonClass: 87895K(88832K)->87895K(88832K) Class: 13974K(14528K)->13974K(14528K)
[2022-05-19T10:07:54.424+0000][163][gc             ] GC(236) Pause Young (Mixed) (G1 Evacuation Pause) 335M->315M(512M) 4.971ms
[2022-05-19T10:07:54.424+0000][163][gc,cpu         ] GC(236) User=0.01s Sys=0.00s Real=0.01s
[2022-05-19T10:07:54.424+0000][163][safepoint      ] Safepoint "G1CollectForAllocation", Time since last: 159489000 ns, Reaching safepoint: 190600 ns, At safepoint: 5242400 ns, Total: 5433000 ns
[2022-05-19T10:07:55.094+0000][163][gc,start       ] GC(237) Pause Young (Concurrent Start) (G1 Evacuation Pause)
[2022-05-19T10:07:55.094+0000][163][gc,task        ] GC(237) Using 10 workers of 10 for evacuation
[2022-05-19T10:07:55.094+0000][163][gc,age         ] GC(237) Desired survivor size 6291456 bytes, new threshold 15 (max threshold 15)
[2022-05-19T10:07:55.097+0000][163][gc,age         ] GC(237) Age table with threshold 15 (max threshold 15)
[2022-05-19T10:07:55.097+0000][163][gc,age         ] GC(237) - age   1:    1217672 bytes,    1217672 total
[2022-05-19T10:07:55.097+0000][163][gc,age         ] GC(237) - age   2:     295184 bytes,    1512856 total
[2022-05-19T10:07:55.097+0000][163][gc,age         ] GC(237) - age   3:     688464 bytes,    2201320 total
[2022-05-19T10:07:55.097+0000][163][gc,age         ] GC(237) - age   4:    1081936 bytes,    3283256 total
[2022-05-19T10:07:55.097+0000][163][gc,age         ] GC(237) - age   5:     295056 bytes,    3578312 total
[2022-05-19T10:07:55.098+0000][163][gc,phases      ] GC(237)   Pre Evacuate Collection Set: 0.2ms
[2022-05-19T10:07:55.098+0000][163][gc,phases      ] GC(237)   Merge Heap Roots: 0.2ms
[2022-05-19T10:07:55.098+0000][163][gc,phases      ] GC(237)   Evacuate Collection Set: 1.3ms
[2022-05-19T10:07:55.098+0000][163][gc,phases      ] GC(237)   Post Evacuate Collection Set: 0.5ms
[2022-05-19T10:07:55.098+0000][163][gc,phases      ] GC(237)   Other: 1.6ms
[2022-05-19T10:07:55.099+0000][163][gc,heap        ] GC(237) Eden regions: 21->0(15)
[2022-05-19T10:07:55.099+0000][163][gc,heap        ] GC(237) Survivor regions: 1->1(3)
[2022-05-19T10:07:55.099+0000][163][gc,heap        ] GC(237) Old regions: 48->48
[2022-05-19T10:07:55.099+0000][163][gc,heap        ] GC(237) Archive regions: 2->2
[2022-05-19T10:07:55.099+0000][163][gc,heap        ] GC(237) Humongous regions: 32->32
[2022-05-19T10:07:55.099+0000][163][gc,metaspace   ] GC(237) Metaspace: 101870K(103360K)->101870K(103360K) NonClass: 87895K(88832K)->87895K(88832K) Class: 13974K(14528K)->13974K(14528K)
[2022-05-19T10:07:55.100+0000][163][gc             ] GC(237) Pause Young (Concurrent Start) (G1 Evacuation Pause) 399M->316M(512M) 5.700ms
[2022-05-19T10:07:55.100+0000][163][gc,cpu         ] GC(237) User=0.01s Sys=0.00s Real=0.00s
[2022-05-19T10:07:55.100+0000][163][gc             ] GC(238) Concurrent Mark Cycle
[2022-05-19T10:07:55.100+0000][163][gc,marking     ] GC(238) Concurrent Clear Claimed Marks
[2022-05-19T10:07:55.100+0000][163][safepoint      ] Safepoint "G1CollectForAllocation", Time since last: 669812800 ns, Reaching safepoint: 187900 ns, At safepoint: 6088100 ns, Total: 6276000 ns
[2022-05-19T10:07:55.100+0000][163][gc,marking     ] GC(238) Concurrent Clear Claimed Marks 0.224ms
[2022-05-19T10:07:55.100+0000][163][gc,marking     ] GC(238) Concurrent Scan Root Regions
[2022-05-19T10:07:55.102+0000][163][gc,marking     ] GC(238) Concurrent Scan Root Regions 1.285ms
[2022-05-19T10:07:55.102+0000][163][gc,marking     ] GC(238) Concurrent Mark
[2022-05-19T10:07:55.102+0000][163][gc,marking     ] GC(238) Concurrent Mark From Roots
[2022-05-19T10:07:55.102+0000][163][gc,task        ] GC(238) Using 3 workers of 3 for marking
[2022-05-19T10:07:55.153+0000][163][gc,marking     ] GC(238) Concurrent Mark From Roots 51.170ms
[2022-05-19T10:07:55.154+0000][163][gc,marking     ] GC(238) Concurrent Preclean
[2022-05-19T10:07:55.154+0000][163][gc,marking     ] GC(238) Concurrent Preclean 0.778ms
[2022-05-19T10:07:55.155+0000][163][gc,start       ] GC(238) Pause Remark
[2022-05-19T10:07:55.159+0000][163][gc             ] GC(238) Pause Remark 322M->322M(512M) 3.421ms
[2022-05-19T10:07:55.159+0000][163][gc,cpu         ] GC(238) User=0.03s Sys=0.00s Real=0.00s
[2022-05-19T10:07:55.159+0000][163][safepoint      ] Safepoint "G1Concurrent", Time since last: 54983900 ns, Reaching safepoint: 296700 ns, At safepoint: 4111400 ns, Total: 4408100 ns
[2022-05-19T10:07:55.160+0000][163][gc,marking     ] GC(238) Concurrent Mark 57.521ms
[2022-05-19T10:07:55.160+0000][163][gc,marking     ] GC(238) Concurrent Rebuild Remembered Sets
[2022-05-19T10:07:55.183+0000][163][gc,marking     ] GC(238) Concurrent Rebuild Remembered Sets 23.220ms
[2022-05-19T10:07:55.184+0000][163][gc,start       ] GC(238) Pause Cleanup
[2022-05-19T10:07:55.184+0000][163][gc             ] GC(238) Pause Cleanup 324M->324M(512M) 0.356ms
[2022-05-19T10:07:55.184+0000][163][gc,cpu         ] GC(238) User=0.00s Sys=0.00s Real=0.00s
[2022-05-19T10:07:55.185+0000][163][safepoint      ] Safepoint "G1Concurrent", Time since last: 24232900 ns, Reaching safepoint: 302800 ns, At safepoint: 899100 ns, Total: 1201900 ns
[2022-05-19T10:07:55.185+0000][163][gc,marking     ] GC(238) Concurrent Cleanup for Next Mark
[2022-05-19T10:07:55.185+0000][163][gc,marking     ] GC(238) Concurrent Cleanup for Next Mark 0.333ms
[2022-05-19T10:07:55.185+0000][163][gc             ] GC(238) Concurrent Mark Cycle 85.531ms
[2022-05-19T10:07:55.966+0000][163][gc,start       ] GC(239) Pause Young (Prepare Mixed) (G1 Evacuation Pause)
[2022-05-19T10:07:55.966+0000][163][gc,task        ] GC(239) Using 10 workers of 10 for evacuation
[2022-05-19T10:07:55.966+0000][163][gc,age         ] GC(239) Desired survivor size 6291456 bytes, new threshold 15 (max threshold 15)
[2022-05-19T10:07:55.969+0000][163][gc,age         ] GC(239) Age table with threshold 15 (max threshold 15)
[2022-05-19T10:07:55.969+0000][163][gc,age         ] GC(239) - age   1:    1185280 bytes,    1185280 total
[2022-05-19T10:07:55.969+0000][163][gc,age         ] GC(239) - age   2:    1213368 bytes,    2398648 total
[2022-05-19T10:07:55.969+0000][163][gc,age         ] GC(239) - age   3:     295056 bytes,    2693704 total
[2022-05-19T10:07:55.970+0000][163][gc,age         ] GC(239) - age   4:     688464 bytes,    3382168 total
[2022-05-19T10:07:55.970+0000][163][gc,age         ] GC(239) - age   5:    1081904 bytes,    4464072 total
[2022-05-19T10:07:55.970+0000][163][gc,age         ] GC(239) - age   6:     295056 bytes,    4759128 total
[2022-05-19T10:07:55.970+0000][163][gc,phases      ] GC(239)   Pre Evacuate Collection Set: 0.2ms
[2022-05-19T10:07:55.970+0000][163][gc,phases      ] GC(239)   Merge Heap Roots: 0.2ms
[2022-05-19T10:07:55.970+0000][163][gc,phases      ] GC(239)   Evacuate Collection Set: 1.1ms
[2022-05-19T10:07:55.971+0000][163][gc,phases      ] GC(239)   Post Evacuate Collection Set: 0.8ms
[2022-05-19T10:07:55.971+0000][163][gc,phases      ] GC(239)   Other: 1.8ms
[2022-05-19T10:07:55.971+0000][163][gc,heap        ] GC(239) Eden regions: 21->0(4)
[2022-05-19T10:07:55.971+0000][163][gc,heap        ] GC(239) Survivor regions: 1->2(3)
[2022-05-19T10:07:55.971+0000][163][gc,heap        ] GC(239) Old regions: 48->48
[2022-05-19T10:07:55.971+0000][163][gc,heap        ] GC(239) Archive regions: 2->2
[2022-05-19T10:07:55.972+0000][163][gc,heap        ] GC(239) Humongous regions: 32->32
[2022-05-19T10:07:55.972+0000][163][gc,metaspace   ] GC(239) Metaspace: 101870K(103360K)->101870K(103360K) NonClass: 87895K(88832K)->87895K(88832K) Class: 13974K(14528K)->13974K(14528K)
[2022-05-19T10:07:55.972+0000][163][gc             ] GC(239) Pause Young (Prepare Mixed) (G1 Evacuation Pause) 400M->317M(512M) 5.940ms
[2022-05-19T10:07:55.972+0000][163][gc,cpu         ] GC(239) User=0.01s Sys=0.00s Real=0.01s
[2022-05-19T10:07:55.972+0000][163][safepoint      ] Safepoint "G1CollectForAllocation", Time since last: 781017300 ns, Reaching safepoint: 241200 ns, At safepoint: 6372700 ns, Total: 6613900 ns
[2022-05-19T10:07:56.112+0000][163][gc,start       ] GC(240) Pause Young (Mixed) (G1 Evacuation Pause)
[2022-05-19T10:07:56.112+0000][163][gc,task        ] GC(240) Using 10 workers of 10 for evacuation
[2022-05-19T10:07:56.112+0000][163][gc,age         ] GC(240) Desired survivor size 2097152 bytes, new threshold 2 (max threshold 15)
[2022-05-19T10:07:56.115+0000][163][gc,age         ] GC(240) Age table with threshold 2 (max threshold 15)
[2022-05-19T10:07:56.115+0000][163][gc,age         ] GC(240) - age   1:     263064 bytes,     263064 total
[2022-05-19T10:07:56.115+0000][163][gc,age         ] GC(240) - age   2:    1184928 bytes,    1447992 total
[2022-05-19T10:07:56.115+0000][163][gc,phases      ] GC(240)   Pre Evacuate Collection Set: 0.2ms
[2022-05-19T10:07:56.115+0000][163][gc,phases      ] GC(240)   Merge Heap Roots: 0.2ms
[2022-05-19T10:07:56.115+0000][163][gc,phases      ] GC(240)   Evacuate Collection Set: 1.3ms
[2022-05-19T10:07:56.116+0000][163][gc,phases      ] GC(240)   Post Evacuate Collection Set: 0.6ms
[2022-05-19T10:07:56.116+0000][163][gc,phases      ] GC(240)   Other: 1.0ms
[2022-05-19T10:07:56.116+0000][163][gc,heap        ] GC(240) Eden regions: 4->0(22)
[2022-05-19T10:07:56.116+0000][163][gc,heap        ] GC(240) Survivor regions: 2->1(1)
[2022-05-19T10:07:56.116+0000][163][gc,heap        ] GC(240) Old regions: 48->48
[2022-05-19T10:07:56.116+0000][163][gc,heap        ] GC(240) Archive regions: 2->2
[2022-05-19T10:07:56.116+0000][163][gc,heap        ] GC(240) Humongous regions: 32->32
[2022-05-19T10:07:56.116+0000][163][gc,metaspace   ] GC(240) Metaspace: 101870K(103360K)->101870K(103360K) NonClass: 87895K(88832K)->87895K(88832K) Class: 13974K(14528K)->13974K(14528K)
[2022-05-19T10:07:56.117+0000][163][gc             ] GC(240) Pause Young (Mixed) (G1 Evacuation Pause) 333M->315M(512M) 4.623ms
[2022-05-19T10:07:56.117+0000][163][gc,cpu         ] GC(240) User=0.02s Sys=0.00s Real=0.00s
[2022-05-19T10:07:56.117+0000][163][safepoint      ] Safepoint "G1CollectForAllocation", Time since last: 139353200 ns, Reaching safepoint: 189600 ns, At safepoint: 4927400 ns, Total: 5117000 ns
[2022-05-19T10:07:56.864+0000][163][gc,start       ] GC(241) Pause Young (Concurrent Start) (G1 Evacuation Pause)
[2022-05-19T10:07:56.865+0000][163][gc,task        ] GC(241) Using 10 workers of 10 for evacuation
[2022-05-19T10:07:56.865+0000][163][gc,age         ] GC(241) Desired survivor size 6291456 bytes, new threshold 15 (max threshold 15)
[2022-05-19T10:07:56.868+0000][163][gc,age         ] GC(241) Age table with threshold 15 (max threshold 15)
[2022-05-19T10:07:56.868+0000][163][gc,age         ] GC(241) - age   1:    1250040 bytes,    1250040 total
[2022-05-19T10:07:56.868+0000][163][gc,age         ] GC(241) - age   2:     262464 bytes,    1512504 total
[2022-05-19T10:07:56.869+0000][163][gc,age         ] GC(241) - age   3:    1181776 bytes,    2694280 total
[2022-05-19T10:07:56.869+0000][163][gc,phases      ] GC(241)   Pre Evacuate Collection Set: 0.3ms
[2022-05-19T10:07:56.869+0000][163][gc,phases      ] GC(241)   Merge Heap Roots: 0.1ms
[2022-05-19T10:07:56.869+0000][163][gc,phases      ] GC(241)   Evacuate Collection Set: 1.2ms
[2022-05-19T10:07:56.870+0000][163][gc,phases      ] GC(241)   Post Evacuate Collection Set: 0.9ms
[2022-05-19T10:07:56.870+0000][163][gc,phases      ] GC(241)   Other: 2.1ms
[2022-05-19T10:07:56.870+0000][163][gc,heap        ] GC(241) Eden regions: 22->0(22)
[2022-05-19T10:07:56.870+0000][163][gc,heap        ] GC(241) Survivor regions: 1->1(3)
[2022-05-19T10:07:56.870+0000][163][gc,heap        ] GC(241) Old regions: 48->48
[2022-05-19T10:07:56.870+0000][163][gc,heap        ] GC(241) Archive regions: 2->2
[2022-05-19T10:07:56.871+0000][163][gc,heap        ] GC(241) Humongous regions: 32->32
[2022-05-19T10:07:56.871+0000][163][gc,metaspace   ] GC(241) Metaspace: 101870K(103360K)->101870K(103360K) NonClass: 87895K(88832K)->87895K(88832K) Class: 13974K(14528K)->13974K(14528K)
[2022-05-19T10:07:56.871+0000][163][gc             ] GC(241) Pause Young (Concurrent Start) (G1 Evacuation Pause) 403M->316M(512M) 6.483ms
[2022-05-19T10:07:56.871+0000][163][gc,cpu         ] GC(241) User=0.01s Sys=0.00s Real=0.01s
[2022-05-19T10:07:56.871+0000][163][gc             ] GC(242) Concurrent Mark Cycle
[2022-05-19T10:07:56.871+0000][163][safepoint      ] Safepoint "G1CollectForAllocation", Time since last: 747451900 ns, Reaching safepoint: 223700 ns, At safepoint: 6868000 ns, Total: 7091700 ns
[2022-05-19T10:07:56.871+0000][163][gc,marking     ] GC(242) Concurrent Clear Claimed Marks
[2022-05-19T10:07:56.872+0000][163][gc,marking     ] GC(242) Concurrent Clear Claimed Marks 0.330ms
[2022-05-19T10:07:56.872+0000][163][gc,marking     ] GC(242) Concurrent Scan Root Regions
[2022-05-19T10:07:56.873+0000][163][gc,marking     ] GC(242) Concurrent Scan Root Regions 0.949ms
[2022-05-19T10:07:56.873+0000][163][gc,marking     ] GC(242) Concurrent Mark
[2022-05-19T10:07:56.873+0000][163][gc,marking     ] GC(242) Concurrent Mark From Roots
[2022-05-19T10:07:56.873+0000][163][gc,task        ] GC(242) Using 3 workers of 3 for marking
[2022-05-19T10:07:56.922+0000][163][gc,marking     ] GC(242) Concurrent Mark From Roots 48.737ms
[2022-05-19T10:07:56.922+0000][163][gc,marking     ] GC(242) Concurrent Preclean
[2022-05-19T10:07:56.923+0000][163][gc,marking     ] GC(242) Concurrent Preclean 0.789ms
[2022-05-19T10:07:56.923+0000][163][gc,start       ] GC(242) Pause Remark
[2022-05-19T10:07:56.927+0000][163][gc             ] GC(242) Pause Remark 322M->322M(512M) 3.534ms
[2022-05-19T10:07:56.927+0000][163][gc,cpu         ] GC(242) User=0.02s Sys=0.00s Real=0.00s
[2022-05-19T10:07:56.928+0000][163][safepoint      ] Safepoint "G1Concurrent", Time since last: 51863400 ns, Reaching safepoint: 288200 ns, At safepoint: 4182700 ns, Total: 4470900 ns
[2022-05-19T10:07:56.928+0000][163][gc,marking     ] GC(242) Concurrent Mark 54.959ms
[2022-05-19T10:07:56.928+0000][163][gc,marking     ] GC(242) Concurrent Rebuild Remembered Sets
[2022-05-19T10:07:56.949+0000][163][gc,marking     ] GC(242) Concurrent Rebuild Remembered Sets 20.659ms
[2022-05-19T10:07:56.950+0000][163][gc,start       ] GC(242) Pause Cleanup
[2022-05-19T10:07:56.950+0000][163][gc             ] GC(242) Pause Cleanup 323M->323M(512M) 0.435ms
[2022-05-19T10:07:56.950+0000][163][gc,cpu         ] GC(242) User=0.00s Sys=0.00s Real=0.00s
[2022-05-19T10:07:56.951+0000][163][safepoint      ] Safepoint "G1Concurrent", Time since last: 21598900 ns, Reaching safepoint: 298800 ns, At safepoint: 963400 ns, Total: 1262200 ns
[2022-05-19T10:07:56.951+0000][163][gc,marking     ] GC(242) Concurrent Cleanup for Next Mark
[2022-05-19T10:07:56.951+0000][163][gc,marking     ] GC(242) Concurrent Cleanup for Next Mark 0.398ms
[2022-05-19T10:07:56.951+0000][163][gc             ] GC(242) Concurrent Mark Cycle 80.027ms
[2022-05-19T10:07:57.767+0000][163][gc,start       ] GC(243) Pause Young (Normal) (G1 Evacuation Pause)
[2022-05-19T10:07:57.767+0000][163][gc,task        ] GC(243) Using 10 workers of 10 for evacuation
[2022-05-19T10:07:57.767+0000][163][gc,age         ] GC(243) Desired survivor size 6291456 bytes, new threshold 15 (max threshold 15)
[2022-05-19T10:07:57.771+0000][163][gc,age         ] GC(243) Age table with threshold 15 (max threshold 15)
[2022-05-19T10:07:57.771+0000][163][gc,age         ] GC(243) - age   1:    1248464 bytes,    1248464 total
[2022-05-19T10:07:57.772+0000][163][gc,age         ] GC(243) - age   2:    1248696 bytes,    2497160 total
[2022-05-19T10:07:57.772+0000][163][gc,age         ] GC(243) - age   3:     262272 bytes,    2759432 total
[2022-05-19T10:07:57.772+0000][163][gc,age         ] GC(243) - age   4:    1180648 bytes,    3940080 total
[2022-05-19T10:07:57.772+0000][163][gc,phases      ] GC(243)   Pre Evacuate Collection Set: 0.4ms
[2022-05-19T10:07:57.773+0000][163][gc,phases      ] GC(243)   Merge Heap Roots: 0.2ms
[2022-05-19T10:07:57.773+0000][163][gc,phases      ] GC(243)   Evacuate Collection Set: 1.6ms
[2022-05-19T10:07:57.773+0000][163][gc,phases      ] GC(243)   Post Evacuate Collection Set: 1.1ms
[2022-05-19T10:07:57.773+0000][163][gc,phases      ] GC(243)   Other: 2.4ms
[2022-05-19T10:07:57.773+0000][163][gc,heap        ] GC(243) Eden regions: 22->0(22)
[2022-05-19T10:07:57.774+0000][163][gc,heap        ] GC(243) Survivor regions: 1->1(3)
[2022-05-19T10:07:57.774+0000][163][gc,heap        ] GC(243) Old regions: 48->48
[2022-05-19T10:07:57.774+0000][163][gc,heap        ] GC(243) Archive regions: 2->2
[2022-05-19T10:07:57.774+0000][163][gc,heap        ] GC(243) Humongous regions: 32->32
[2022-05-19T10:07:57.774+0000][163][gc,metaspace   ] GC(243) Metaspace: 101870K(103360K)->101870K(103360K) NonClass: 87895K(88832K)->87895K(88832K) Class: 13974K(14528K)->13974K(14528K)
[2022-05-19T10:07:57.774+0000][163][gc             ] GC(243) Pause Young (Normal) (G1 Evacuation Pause) 404M->317M(512M) 7.845ms
[2022-05-19T10:07:57.775+0000][163][gc,cpu         ] GC(243) User=0.01s Sys=0.01s Real=0.01s
[2022-05-19T10:07:57.775+0000][163][safepoint      ] Safepoint "G1CollectForAllocation", Time since last: 815737900 ns, Reaching safepoint: 254500 ns, At safepoint: 8316600 ns, Total: 8571100 ns
[2022-05-19T10:07:58.587+0000][163][gc,start       ] GC(244) Pause Young (Concurrent Start) (G1 Evacuation Pause)
[2022-05-19T10:07:58.588+0000][163][gc,task        ] GC(244) Using 10 workers of 10 for evacuation
[2022-05-19T10:07:58.588+0000][163][gc,age         ] GC(244) Desired survivor size 6291456 bytes, new threshold 15 (max threshold 15)
[2022-05-19T10:07:58.591+0000][163][gc,age         ] GC(244) Age table with threshold 15 (max threshold 15)
[2022-05-19T10:07:58.591+0000][163][gc,age         ] GC(244) - age   1:    2004336 bytes,    2004336 total
[2022-05-19T10:07:58.591+0000][163][gc,age         ] GC(244) - age   2:    1246640 bytes,    3250976 total
[2022-05-19T10:07:58.592+0000][163][gc,age         ] GC(244) - age   3:    1246296 bytes,    4497272 total
[2022-05-19T10:07:58.592+0000][163][gc,age         ] GC(244) - age   4:     262272 bytes,    4759544 total
[2022-05-19T10:07:58.592+0000][163][gc,age         ] GC(244) - age   5:    1180648 bytes,    5940192 total
[2022-05-19T10:07:58.592+0000][163][gc,phases      ] GC(244)   Pre Evacuate Collection Set: 0.3ms
[2022-05-19T10:07:58.592+0000][163][gc,phases      ] GC(244)   Merge Heap Roots: 0.2ms
[2022-05-19T10:07:58.593+0000][163][gc,phases      ] GC(244)   Evacuate Collection Set: 2.0ms
[2022-05-19T10:07:58.593+0000][163][gc,phases      ] GC(244)   Post Evacuate Collection Set: 0.7ms
[2022-05-19T10:07:58.593+0000][163][gc,phases      ] GC(244)   Other: 1.8ms
[2022-05-19T10:07:58.593+0000][163][gc,heap        ] GC(244) Eden regions: 22->0(12)
[2022-05-19T10:07:58.593+0000][163][gc,heap        ] GC(244) Survivor regions: 1->2(3)
[2022-05-19T10:07:58.593+0000][163][gc,heap        ] GC(244) Old regions: 48->48
[2022-05-19T10:07:58.594+0000][163][gc,heap        ] GC(244) Archive regions: 2->2
[2022-05-19T10:07:58.594+0000][163][gc,heap        ] GC(244) Humongous regions: 32->32
[2022-05-19T10:07:58.594+0000][163][gc,metaspace   ] GC(244) Metaspace: 101870K(103360K)->101870K(103360K) NonClass: 87895K(88832K)->87895K(88832K) Class: 13974K(14528K)->13974K(14528K)
[2022-05-19T10:07:58.594+0000][163][gc             ] GC(244) Pause Young (Concurrent Start) (G1 Evacuation Pause) 405M->319M(512M) 6.617ms
[2022-05-19T10:07:58.594+0000][163][gc,cpu         ] GC(244) User=0.01s Sys=0.01s Real=0.01s
[2022-05-19T10:07:58.594+0000][163][gc             ] GC(245) Concurrent Mark Cycle
[2022-05-19T10:07:58.594+0000][163][gc,marking     ] GC(245) Concurrent Clear Claimed Marks
[2022-05-19T10:07:58.594+0000][163][safepoint      ] Safepoint "G1CollectForAllocation", Time since last: 812280000 ns, Reaching safepoint: 196200 ns, At safepoint: 6960100 ns, Total: 7156300 ns
[2022-05-19T10:07:58.595+0000][163][gc,marking     ] GC(245) Concurrent Clear Claimed Marks 0.237ms
[2022-05-19T10:07:58.595+0000][163][gc,marking     ] GC(245) Concurrent Scan Root Regions
[2022-05-19T10:07:58.596+0000][163][gc,marking     ] GC(245) Concurrent Scan Root Regions 1.093ms
[2022-05-19T10:07:58.596+0000][163][gc,marking     ] GC(245) Concurrent Mark
[2022-05-19T10:07:58.596+0000][163][gc,marking     ] GC(245) Concurrent Mark From Roots
[2022-05-19T10:07:58.596+0000][163][gc,task        ] GC(245) Using 3 workers of 3 for marking
[2022-05-19T10:07:58.644+0000][163][gc,marking     ] GC(245) Concurrent Mark From Roots 47.429ms
[2022-05-19T10:07:58.644+0000][163][gc,marking     ] GC(245) Concurrent Preclean
[2022-05-19T10:07:58.645+0000][163][gc,marking     ] GC(245) Concurrent Preclean 1.111ms
[2022-05-19T10:07:58.646+0000][163][gc,start       ] GC(245) Pause Remark
[2022-05-19T10:07:58.649+0000][163][gc             ] GC(245) Pause Remark 326M->326M(512M) 3.585ms
[2022-05-19T10:07:58.650+0000][163][gc,cpu         ] GC(245) User=0.03s Sys=0.00s Real=0.00s
[2022-05-19T10:07:58.650+0000][163][safepoint      ] Safepoint "G1Concurrent", Time since last: 51244700 ns, Reaching safepoint: 352100 ns, At safepoint: 4045400 ns, Total: 4397500 ns
[2022-05-19T10:07:58.650+0000][163][gc,marking     ] GC(245) Concurrent Mark 54.065ms
[2022-05-19T10:07:58.650+0000][163][gc,marking     ] GC(245) Concurrent Rebuild Remembered Sets
[2022-05-19T10:07:58.675+0000][163][gc,marking     ] GC(245) Concurrent Rebuild Remembered Sets 24.386ms
[2022-05-19T10:07:58.675+0000][163][gc,start       ] GC(245) Pause Cleanup
[2022-05-19T10:07:58.676+0000][163][gc             ] GC(245) Pause Cleanup 328M->328M(512M) 0.416ms
[2022-05-19T10:07:58.676+0000][163][gc,cpu         ] GC(245) User=0.00s Sys=0.00s Real=0.00s
[2022-05-19T10:07:58.676+0000][163][safepoint      ] Safepoint "G1Concurrent", Time since last: 25096200 ns, Reaching safepoint: 312100 ns, At safepoint: 932400 ns, Total: 1244500 ns
[2022-05-19T10:07:58.677+0000][163][gc,marking     ] GC(245) Concurrent Cleanup for Next Mark
[2022-05-19T10:07:58.677+0000][163][gc,marking     ] GC(245) Concurrent Cleanup for Next Mark 0.414ms
[2022-05-19T10:07:58.677+0000][163][gc             ] GC(245) Concurrent Mark Cycle 82.849ms
[2022-05-19T10:07:59.307+0000][163][gc,start       ] GC(246) Pause Young (Normal) (G1 Evacuation Pause)
[2022-05-19T10:07:59.308+0000][163][gc,task        ] GC(246) Using 10 workers of 10 for evacuation
[2022-05-19T10:07:59.308+0000][163][gc,age         ] GC(246) Desired survivor size 6291456 bytes, new threshold 15 (max threshold 15)
[2022-05-19T10:07:59.311+0000][163][gc,age         ] GC(246) Age table with threshold 15 (max threshold 15)
[2022-05-19T10:07:59.311+0000][163][gc,age         ] GC(246) - age   1:    5263032 bytes,    5263032 total
[2022-05-19T10:07:59.311+0000][163][gc,age         ] GC(246) - age   2:    2002272 bytes,    7265304 total
[2022-05-19T10:07:59.312+0000][163][gc,age         ] GC(246) - age   3:    1245856 bytes,    8511160 total
[2022-05-19T10:07:59.312+0000][163][gc,age         ] GC(246) - age   4:    1246264 bytes,    9757424 total
[2022-05-19T10:07:59.312+0000][163][gc,age         ] GC(246) - age   5:     262272 bytes,   10019696 total
[2022-05-19T10:07:59.312+0000][163][gc,age         ] GC(246) - age   6:    1180648 bytes,   11200344 total
[2022-05-19T10:07:59.313+0000][163][gc,phases      ] GC(246)   Pre Evacuate Collection Set: 0.2ms
[2022-05-19T10:07:59.313+0000][163][gc,phases      ] GC(246)   Merge Heap Roots: 0.1ms
[2022-05-19T10:07:59.313+0000][163][gc,phases      ] GC(246)   Evacuate Collection Set: 1.7ms
[2022-05-19T10:07:59.313+0000][163][gc,phases      ] GC(246)   Post Evacuate Collection Set: 0.7ms
[2022-05-19T10:07:59.313+0000][163][gc,phases      ] GC(246)   Other: 2.7ms
[2022-05-19T10:07:59.313+0000][163][gc,heap        ] GC(246) Eden regions: 21->0(20)
[2022-05-19T10:07:59.313+0000][163][gc,heap        ] GC(246) Survivor regions: 2->3(3)
[2022-05-19T10:07:59.313+0000][163][gc,heap        ] GC(246) Old regions: 48->48
[2022-05-19T10:07:59.313+0000][163][gc,heap        ] GC(246) Archive regions: 2->2
[2022-05-19T10:07:59.314+0000][163][gc,heap        ] GC(246) Humongous regions: 32->32
[2022-05-19T10:07:59.314+0000][163][gc,metaspace   ] GC(246) Metaspace: 101875K(103360K)->101875K(103360K) NonClass: 87899K(88832K)->87899K(88832K) Class: 13976K(14528K)->13976K(14528K)
[2022-05-19T10:07:59.314+0000][163][gc             ] GC(246) Pause Young (Normal) (G1 Evacuation Pause) 403M->324M(512M) 6.554ms
[2022-05-19T10:07:59.314+0000][163][gc,cpu         ] GC(246) User=0.02s Sys=0.00s Real=0.01s
[2022-05-19T10:07:59.314+0000][163][safepoint      ] Safepoint "G1CollectForAllocation", Time since last: 631066300 ns, Reaching safepoint: 222900 ns, At safepoint: 6879400 ns, Total: 7102300 ns
[2022-05-19T10:07:59.939+0000][163][gc,start       ] GC(247) Pause Young (Concurrent Start) (G1 Evacuation Pause)
[2022-05-19T10:07:59.939+0000][163][gc,task        ] GC(247) Using 10 workers of 10 for evacuation
[2022-05-19T10:07:59.940+0000][163][gc,age         ] GC(247) Desired survivor size 6291456 bytes, new threshold 2 (max threshold 15)
[2022-05-19T10:07:59.943+0000][163][gc,age         ] GC(247) Age table with threshold 2 (max threshold 15)
[2022-05-19T10:07:59.944+0000][163][gc,age         ] GC(247) - age   1:    1152824 bytes,    1152824 total
[2022-05-19T10:07:59.944+0000][163][gc,age         ] GC(247) - age   2:    5261240 bytes,    6414064 total
[2022-05-19T10:07:59.944+0000][163][gc,phases      ] GC(247)   Pre Evacuate Collection Set: 0.3ms
[2022-05-19T10:07:59.944+0000][163][gc,phases      ] GC(247)   Merge Heap Roots: 0.2ms
[2022-05-19T10:07:59.944+0000][163][gc,phases      ] GC(247)   Evacuate Collection Set: 2.2ms
[2022-05-19T10:07:59.945+0000][163][gc,phases      ] GC(247)   Post Evacuate Collection Set: 0.6ms
[2022-05-19T10:07:59.945+0000][163][gc,phases      ] GC(247)   Other: 1.9ms
[2022-05-19T10:07:59.945+0000][163][gc,heap        ] GC(247) Eden regions: 20->0(10)
[2022-05-19T10:07:59.945+0000][163][gc,heap        ] GC(247) Survivor regions: 3->2(3)
[2022-05-19T10:07:59.945+0000][163][gc,heap        ] GC(247) Old regions: 48->50
[2022-05-19T10:07:59.945+0000][163][gc,heap        ] GC(247) Archive regions: 2->2
[2022-05-19T10:07:59.945+0000][163][gc,heap        ] GC(247) Humongous regions: 32->32
[2022-05-19T10:07:59.946+0000][163][gc,metaspace   ] GC(247) Metaspace: 101875K(103360K)->101875K(103360K) NonClass: 87899K(88832K)->87899K(88832K) Class: 13976K(14528K)->13976K(14528K)
[2022-05-19T10:07:59.946+0000][163][gc             ] GC(247) Pause Young (Concurrent Start) (G1 Evacuation Pause) 404M->325M(512M) 6.772ms
[2022-05-19T10:07:59.946+0000][163][gc,cpu         ] GC(247) User=0.02s Sys=0.00s Real=0.01s
[2022-05-19T10:07:59.946+0000][163][gc             ] GC(248) Concurrent Mark Cycle
[2022-05-19T10:07:59.946+0000][163][gc,marking     ] GC(248) Concurrent Clear Claimed Marks
[2022-05-19T10:07:59.946+0000][163][safepoint      ] Safepoint "G1CollectForAllocation", Time since last: 624323400 ns, Reaching safepoint: 432700 ns, At safepoint: 7198500 ns, Total: 7631200 ns
[2022-05-19T10:07:59.946+0000][163][gc,marking     ] GC(248) Concurrent Clear Claimed Marks 0.268ms
[2022-05-19T10:07:59.947+0000][163][gc,marking     ] GC(248) Concurrent Scan Root Regions
[2022-05-19T10:07:59.948+0000][163][gc,marking     ] GC(248) Concurrent Scan Root Regions 1.730ms
[2022-05-19T10:07:59.949+0000][163][gc,marking     ] GC(248) Concurrent Mark
[2022-05-19T10:07:59.949+0000][163][gc,marking     ] GC(248) Concurrent Mark From Roots
[2022-05-19T10:07:59.949+0000][163][gc,task        ] GC(248) Using 3 workers of 3 for marking
[2022-05-19T10:07:59.993+0000][163][gc,marking     ] GC(248) Concurrent Mark From Roots 44.519ms
[2022-05-19T10:07:59.994+0000][163][gc,marking     ] GC(248) Concurrent Preclean
[2022-05-19T10:07:59.994+0000][163][gc,marking     ] GC(248) Concurrent Preclean 0.574ms
[2022-05-19T10:07:59.995+0000][163][gc,start       ] GC(248) Pause Remark
[2022-05-19T10:07:59.998+0000][163][gc             ] GC(248) Pause Remark 331M->331M(512M) 2.871ms
[2022-05-19T10:07:59.998+0000][163][gc,cpu         ] GC(248) User=0.02s Sys=0.00s Real=0.00s
[2022-05-19T10:07:59.998+0000][163][safepoint      ] Safepoint "G1Concurrent", Time since last: 48412100 ns, Reaching safepoint: 254000 ns, At safepoint: 3292000 ns, Total: 3546000 ns
[2022-05-19T10:07:59.998+0000][163][gc,marking     ] GC(248) Concurrent Mark 49.523ms
[2022-05-19T10:07:59.998+0000][163][gc,marking     ] GC(248) Concurrent Rebuild Remembered Sets
[2022-05-19T10:08:00.021+0000][163][gc,marking     ] GC(248) Concurrent Rebuild Remembered Sets 22.745ms
[2022-05-19T10:08:00.022+0000][163][gc,start       ] GC(248) Pause Cleanup
[2022-05-19T10:08:00.022+0000][163][gc             ] GC(248) Pause Cleanup 333M->333M(512M) 0.557ms
[2022-05-19T10:08:00.023+0000][163][gc,cpu         ] GC(248) User=0.00s Sys=0.00s Real=0.00s
[2022-05-19T10:08:00.023+0000][163][safepoint      ] Safepoint "G1Concurrent", Time since last: 23451200 ns, Reaching safepoint: 368300 ns, At safepoint: 1127900 ns, Total: 1496200 ns
[2022-05-19T10:08:00.023+0000][163][gc,marking     ] GC(248) Concurrent Cleanup for Next Mark
[2022-05-19T10:08:00.024+0000][163][gc,marking     ] GC(248) Concurrent Cleanup for Next Mark 0.450ms
[2022-05-19T10:08:00.024+0000][163][gc             ] GC(248) Concurrent Mark Cycle 77.864ms
[2022-05-19T10:08:00.587+0000][163][gc,start       ] GC(249) Pause Young (Prepare Mixed) (G1 Evacuation Pause)
[2022-05-19T10:08:00.588+0000][163][gc,task        ] GC(249) Using 10 workers of 10 for evacuation
[2022-05-19T10:08:00.588+0000][163][gc,age         ] GC(249) Desired survivor size 6291456 bytes, new threshold 2 (max threshold 15)
[2022-05-19T10:08:00.591+0000][163][gc,age         ] GC(249) Age table with threshold 2 (max threshold 15)
[2022-05-19T10:08:00.591+0000][163][gc,age         ] GC(249) - age   1:    1083640 bytes,    1083640 total
[2022-05-19T10:08:00.591+0000][163][gc,age         ] GC(249) - age   2:    1151232 bytes,    2234872 total
[2022-05-19T10:08:00.591+0000][163][gc,phases      ] GC(249)   Pre Evacuate Collection Set: 0.2ms
[2022-05-19T10:08:00.591+0000][163][gc,phases      ] GC(249)   Merge Heap Roots: 0.1ms
[2022-05-19T10:08:00.592+0000][163][gc,phases      ] GC(249)   Evacuate Collection Set: 1.4ms
[2022-05-19T10:08:00.592+0000][163][gc,phases      ] GC(249)   Post Evacuate Collection Set: 0.6ms
[2022-05-19T10:08:00.592+0000][163][gc,phases      ] GC(249)   Other: 1.6ms
[2022-05-19T10:08:00.592+0000][163][gc,heap        ] GC(249) Eden regions: 19->0(5)
[2022-05-19T10:08:00.592+0000][163][gc,heap        ] GC(249) Survivor regions: 2->1(3)
[2022-05-19T10:08:00.592+0000][163][gc,heap        ] GC(249) Old regions: 50->51
[2022-05-19T10:08:00.592+0000][163][gc,heap        ] GC(249) Archive regions: 2->2
[2022-05-19T10:08:00.592+0000][163][gc,heap        ] GC(249) Humongous regions: 32->32
[2022-05-19T10:08:00.593+0000][163][gc,metaspace   ] GC(249) Metaspace: 101875K(103360K)->101875K(103360K) NonClass: 87899K(88832K)->87899K(88832K) Class: 13976K(14528K)->13976K(14528K)
[2022-05-19T10:08:00.593+0000][163][gc             ] GC(249) Pause Young (Prepare Mixed) (G1 Evacuation Pause) 401M->326M(512M) 5.540ms
[2022-05-19T10:08:00.593+0000][163][gc,cpu         ] GC(249) User=0.02s Sys=0.00s Real=0.01s
[2022-05-19T10:08:00.593+0000][163][safepoint      ] Safepoint "G1CollectForAllocation", Time since last: 563940800 ns, Reaching safepoint: 284100 ns, At safepoint: 5868700 ns, Total: 6152800 ns
[2022-05-19T10:08:00.757+0000][163][gc,start       ] GC(250) Pause Young (Mixed) (G1 Evacuation Pause)
[2022-05-19T10:08:00.757+0000][163][gc,task        ] GC(250) Using 10 workers of 10 for evacuation
[2022-05-19T10:08:00.757+0000][163][gc,age         ] GC(250) Desired survivor size 2097152 bytes, new threshold 2 (max threshold 15)
[2022-05-19T10:08:00.760+0000][163][gc,age         ] GC(250) Age table with threshold 2 (max threshold 15)
[2022-05-19T10:08:00.760+0000][163][gc,age         ] GC(250) - age   1:     263472 bytes,     263472 total
[2022-05-19T10:08:00.760+0000][163][gc,age         ] GC(250) - age   2:    1083296 bytes,    1346768 total
[2022-05-19T10:08:00.760+0000][163][gc,phases      ] GC(250)   Pre Evacuate Collection Set: 0.2ms
[2022-05-19T10:08:00.761+0000][163][gc,phases      ] GC(250)   Merge Heap Roots: 0.1ms
[2022-05-19T10:08:00.761+0000][163][gc,phases      ] GC(250)   Evacuate Collection Set: 1.1ms
[2022-05-19T10:08:00.761+0000][163][gc,phases      ] GC(250)   Post Evacuate Collection Set: 0.5ms
[2022-05-19T10:08:00.761+0000][163][gc,phases      ] GC(250)   Other: 1.8ms
[2022-05-19T10:08:00.761+0000][163][gc,heap        ] GC(250) Eden regions: 5->0(20)
[2022-05-19T10:08:00.762+0000][163][gc,heap        ] GC(250) Survivor regions: 1->1(1)
[2022-05-19T10:08:00.762+0000][163][gc,heap        ] GC(250) Old regions: 51->51
[2022-05-19T10:08:00.762+0000][163][gc,heap        ] GC(250) Archive regions: 2->2
[2022-05-19T10:08:00.762+0000][163][gc,heap        ] GC(250) Humongous regions: 32->32
[2022-05-19T10:08:00.762+0000][163][gc,metaspace   ] GC(250) Metaspace: 101875K(103360K)->101875K(103360K) NonClass: 87899K(88832K)->87899K(88832K) Class: 13976K(14528K)->13976K(14528K)
[2022-05-19T10:08:00.762+0000][163][gc             ] GC(250) Pause Young (Mixed) (G1 Evacuation Pause) 346M->324M(512M) 5.514ms
[2022-05-19T10:08:00.762+0000][163][gc,cpu         ] GC(250) User=0.01s Sys=0.00s Real=0.01s
[2022-05-19T10:08:00.763+0000][163][safepoint      ] Safepoint "G1CollectForAllocation", Time since last: 163441300 ns, Reaching safepoint: 190800 ns, At safepoint: 5789800 ns, Total: 5980600 ns
[2022-05-19T10:08:01.406+0000][163][gc,start       ] GC(251) Pause Young (Concurrent Start) (G1 Evacuation Pause)
[2022-05-19T10:08:01.407+0000][163][gc,task        ] GC(251) Using 10 workers of 10 for evacuation
[2022-05-19T10:08:01.407+0000][163][gc,age         ] GC(251) Desired survivor size 6291456 bytes, new threshold 15 (max threshold 15)
[2022-05-19T10:08:01.410+0000][163][gc,age         ] GC(251) Age table with threshold 15 (max threshold 15)
[2022-05-19T10:08:01.410+0000][163][gc,age         ] GC(251) - age   1:    1215432 bytes,    1215432 total
[2022-05-19T10:08:01.410+0000][163][gc,age         ] GC(251) - age   2:     263088 bytes,    1478520 total
[2022-05-19T10:08:01.411+0000][163][gc,age         ] GC(251) - age   3:    1082000 bytes,    2560520 total
[2022-05-19T10:08:01.411+0000][163][gc,phases      ] GC(251)   Pre Evacuate Collection Set: 0.2ms
[2022-05-19T10:08:01.411+0000][163][gc,phases      ] GC(251)   Merge Heap Roots: 0.2ms
[2022-05-19T10:08:01.411+0000][163][gc,phases      ] GC(251)   Evacuate Collection Set: 1.2ms
[2022-05-19T10:08:01.412+0000][163][gc,phases      ] GC(251)   Post Evacuate Collection Set: 0.8ms
[2022-05-19T10:08:01.412+0000][163][gc,phases      ] GC(251)   Other: 2.1ms
[2022-05-19T10:08:01.412+0000][163][gc,heap        ] GC(251) Eden regions: 20->0(20)
[2022-05-19T10:08:01.412+0000][163][gc,heap        ] GC(251) Survivor regions: 1->1(3)
[2022-05-19T10:08:01.412+0000][163][gc,heap        ] GC(251) Old regions: 51->51
[2022-05-19T10:08:01.413+0000][163][gc,heap        ] GC(251) Archive regions: 2->2
[2022-05-19T10:08:01.413+0000][163][gc,heap        ] GC(251) Humongous regions: 32->32
[2022-05-19T10:08:01.413+0000][163][gc,metaspace   ] GC(251) Metaspace: 101890K(103360K)->101890K(103360K) NonClass: 87912K(88832K)->87912K(88832K) Class: 13977K(14528K)->13977K(14528K)
[2022-05-19T10:08:01.413+0000][163][gc             ] GC(251) Pause Young (Concurrent Start) (G1 Evacuation Pause) 404M->325M(512M) 6.509ms
[2022-05-19T10:08:01.413+0000][163][gc,cpu         ] GC(251) User=0.01s Sys=0.00s Real=0.01s
[2022-05-19T10:08:01.413+0000][163][safepoint      ] Safepoint "G1CollectForAllocation", Time since last: 643691700 ns, Reaching safepoint: 222000 ns, At safepoint: 6873600 ns, Total: 7095600 ns
[2022-05-19T10:08:01.413+0000][163][gc             ] GC(252) Concurrent Mark Cycle
[2022-05-19T10:08:01.414+0000][163][gc,marking     ] GC(252) Concurrent Clear Claimed Marks
[2022-05-19T10:08:01.414+0000][163][gc,marking     ] GC(252) Concurrent Clear Claimed Marks 0.162ms
[2022-05-19T10:08:01.414+0000][163][gc,marking     ] GC(252) Concurrent Scan Root Regions
[2022-05-19T10:08:01.415+0000][163][gc,marking     ] GC(252) Concurrent Scan Root Regions 0.966ms
[2022-05-19T10:08:01.415+0000][163][gc,marking     ] GC(252) Concurrent Mark
[2022-05-19T10:08:01.415+0000][163][gc,marking     ] GC(252) Concurrent Mark From Roots
[2022-05-19T10:08:01.415+0000][163][gc,task        ] GC(252) Using 3 workers of 3 for marking
[2022-05-19T10:08:01.455+0000][163][gc,marking     ] GC(252) Concurrent Mark From Roots 39.822ms
[2022-05-19T10:08:01.455+0000][163][gc,marking     ] GC(252) Concurrent Preclean
[2022-05-19T10:08:01.456+0000][163][gc,marking     ] GC(252) Concurrent Preclean 0.555ms
[2022-05-19T10:08:01.456+0000][163][gc,start       ] GC(252) Pause Remark
[2022-05-19T10:08:01.459+0000][163][gc             ] GC(252) Pause Remark 331M->331M(512M) 3.123ms
[2022-05-19T10:08:01.460+0000][163][gc,cpu         ] GC(252) User=0.02s Sys=0.01s Real=0.00s
[2022-05-19T10:08:01.460+0000][163][safepoint      ] Safepoint "G1Concurrent", Time since last: 42660300 ns, Reaching safepoint: 297300 ns, At safepoint: 3678700 ns, Total: 3976000 ns
[2022-05-19T10:08:01.460+0000][163][gc,marking     ] GC(252) Concurrent Mark 45.302ms
[2022-05-19T10:08:01.460+0000][163][gc,marking     ] GC(252) Concurrent Rebuild Remembered Sets
[2022-05-19T10:08:01.486+0000][163][gc,marking     ] GC(252) Concurrent Rebuild Remembered Sets 25.270ms
[2022-05-19T10:08:01.486+0000][163][gc,start       ] GC(252) Pause Cleanup
[2022-05-19T10:08:01.487+0000][163][gc             ] GC(252) Pause Cleanup 333M->333M(512M) 0.507ms
[2022-05-19T10:08:01.487+0000][163][gc,cpu         ] GC(252) User=0.01s Sys=0.00s Real=0.00s
[2022-05-19T10:08:01.488+0000][163][safepoint      ] Safepoint "G1Concurrent", Time since last: 26113100 ns, Reaching safepoint: 428800 ns, At safepoint: 1123300 ns, Total: 1552100 ns
[2022-05-19T10:08:01.488+0000][163][gc,marking     ] GC(252) Concurrent Cleanup for Next Mark
[2022-05-19T10:08:01.489+0000][163][gc,marking     ] GC(252) Concurrent Cleanup for Next Mark 0.618ms
[2022-05-19T10:08:01.489+0000][163][gc             ] GC(252) Concurrent Mark Cycle 75.638ms
[2022-05-19T10:08:02.103+0000][163][gc,start       ] GC(253) Pause Young (Prepare Mixed) (G1 Evacuation Pause)
[2022-05-19T10:08:02.103+0000][163][gc,task        ] GC(253) Using 10 workers of 10 for evacuation
[2022-05-19T10:08:02.104+0000][163][gc,age         ] GC(253) Desired survivor size 6291456 bytes, new threshold 15 (max threshold 15)
[2022-05-19T10:08:02.107+0000][163][gc,age         ] GC(253) Age table with threshold 15 (max threshold 15)
[2022-05-19T10:08:02.107+0000][163][gc,age         ] GC(253) - age   1:    1150808 bytes,    1150808 total
[2022-05-19T10:08:02.107+0000][163][gc,age         ] GC(253) - age   2:    1213288 bytes,    2364096 total
[2022-05-19T10:08:02.107+0000][163][gc,age         ] GC(253) - age   3:     262336 bytes,    2626432 total
[2022-05-19T10:08:02.107+0000][163][gc,age         ] GC(253) - age   4:    1081872 bytes,    3708304 total
[2022-05-19T10:08:02.108+0000][163][gc,phases      ] GC(253)   Pre Evacuate Collection Set: 0.2ms
[2022-05-19T10:08:02.108+0000][163][gc,phases      ] GC(253)   Merge Heap Roots: 0.1ms
[2022-05-19T10:08:02.108+0000][163][gc,phases      ] GC(253)   Evacuate Collection Set: 1.3ms
[2022-05-19T10:08:02.108+0000][163][gc,phases      ] GC(253)   Post Evacuate Collection Set: 1.0ms
[2022-05-19T10:08:02.108+0000][163][gc,phases      ] GC(253)   Other: 2.1ms
[2022-05-19T10:08:02.108+0000][163][gc,heap        ] GC(253) Eden regions: 20->0(5)
[2022-05-19T10:08:02.109+0000][163][gc,heap        ] GC(253) Survivor regions: 1->1(3)
[2022-05-19T10:08:02.109+0000][163][gc,heap        ] GC(253) Old regions: 51->51
[2022-05-19T10:08:02.109+0000][163][gc,heap        ] GC(253) Archive regions: 2->2
[2022-05-19T10:08:02.109+0000][163][gc,heap        ] GC(253) Humongous regions: 32->32
[2022-05-19T10:08:02.109+0000][163][gc,metaspace   ] GC(253) Metaspace: 101890K(103360K)->101890K(103360K) NonClass: 87912K(88832K)->87912K(88832K) Class: 13977K(14528K)->13977K(14528K)
[2022-05-19T10:08:02.109+0000][163][gc             ] GC(253) Pause Young (Prepare Mixed) (G1 Evacuation Pause) 405M->326M(512M) 6.231ms
[2022-05-19T10:08:02.109+0000][163][gc,cpu         ] GC(253) User=0.01s Sys=0.00s Real=0.00s
[2022-05-19T10:08:02.109+0000][163][safepoint      ] Safepoint "G1CollectForAllocation", Time since last: 615117200 ns, Reaching safepoint: 190100 ns, At safepoint: 6534900 ns, Total: 6725000 ns
[2022-05-19T10:08:02.271+0000][163][gc,start       ] GC(254) Pause Young (Mixed) (G1 Evacuation Pause)
[2022-05-19T10:08:02.271+0000][163][gc,task        ] GC(254) Using 10 workers of 10 for evacuation
[2022-05-19T10:08:02.272+0000][163][gc,age         ] GC(254) Desired survivor size 2097152 bytes, new threshold 2 (max threshold 15)
[2022-05-19T10:08:02.275+0000][163][gc,age         ] GC(254) Age table with threshold 2 (max threshold 15)
[2022-05-19T10:08:02.275+0000][163][gc,age         ] GC(254) - age   1:     295400 bytes,     295400 total
[2022-05-19T10:08:02.275+0000][163][gc,age         ] GC(254) - age   2:    1150368 bytes,    1445768 total
[2022-05-19T10:08:02.275+0000][163][gc,phases      ] GC(254)   Pre Evacuate Collection Set: 0.2ms
[2022-05-19T10:08:02.276+0000][163][gc,phases      ] GC(254)   Merge Heap Roots: 0.2ms
[2022-05-19T10:08:02.276+0000][163][gc,phases      ] GC(254)   Evacuate Collection Set: 1.9ms
[2022-05-19T10:08:02.276+0000][163][gc,phases      ] GC(254)   Post Evacuate Collection Set: 0.7ms
[2022-05-19T10:08:02.276+0000][163][gc,phases      ] GC(254)   Other: 1.7ms
[2022-05-19T10:08:02.276+0000][163][gc,heap        ] GC(254) Eden regions: 5->0(20)
[2022-05-19T10:08:02.277+0000][163][gc,heap        ] GC(254) Survivor regions: 1->1(1)
[2022-05-19T10:08:02.277+0000][163][gc,heap        ] GC(254) Old regions: 51->51
[2022-05-19T10:08:02.277+0000][163][gc,heap        ] GC(254) Archive regions: 2->2
[2022-05-19T10:08:02.277+0000][163][gc,heap        ] GC(254) Humongous regions: 32->32
[2022-05-19T10:08:02.277+0000][163][gc,metaspace   ] GC(254) Metaspace: 101890K(103360K)->101890K(103360K) NonClass: 87912K(88832K)->87912K(88832K) Class: 13977K(14528K)->13977K(14528K)
[2022-05-19T10:08:02.277+0000][163][gc             ] GC(254) Pause Young (Mixed) (G1 Evacuation Pause) 346M->326M(512M) 6.369ms
[2022-05-19T10:08:02.277+0000][163][gc,cpu         ] GC(254) User=0.02s Sys=0.00s Real=0.00s
[2022-05-19T10:08:02.278+0000][163][safepoint      ] Safepoint "G1CollectForAllocation", Time since last: 161242700 ns, Reaching safepoint: 185300 ns, At safepoint: 6714200 ns, Total: 6899500 ns
[2022-05-19T10:08:02.932+0000][163][gc,start       ] GC(255) Pause Young (Concurrent Start) (G1 Evacuation Pause)
[2022-05-19T10:08:02.933+0000][163][gc,task        ] GC(255) Using 10 workers of 10 for evacuation
[2022-05-19T10:08:02.933+0000][163][gc,age         ] GC(255) Desired survivor size 6291456 bytes, new threshold 15 (max threshold 15)
[2022-05-19T10:08:02.935+0000][163][gc,age         ] GC(255) Age table with threshold 15 (max threshold 15)
[2022-05-19T10:08:02.935+0000][163][gc,age         ] GC(255) - age   1:    1119952 bytes,    1119952 total
[2022-05-19T10:08:02.935+0000][163][gc,age         ] GC(255) - age   2:     295056 bytes,    1415008 total
[2022-05-19T10:08:02.936+0000][163][gc,age         ] GC(255) - age   3:    1148976 bytes,    2563984 total
[2022-05-19T10:08:02.936+0000][163][gc,phases      ] GC(255)   Pre Evacuate Collection Set: 0.3ms
[2022-05-19T10:08:02.936+0000][163][gc,phases      ] GC(255)   Merge Heap Roots: 0.1ms
[2022-05-19T10:08:02.936+0000][163][gc,phases      ] GC(255)   Evacuate Collection Set: 1.1ms
[2022-05-19T10:08:02.937+0000][163][gc,phases      ] GC(255)   Post Evacuate Collection Set: 0.5ms
[2022-05-19T10:08:02.937+0000][163][gc,phases      ] GC(255)   Other: 1.7ms
[2022-05-19T10:08:02.937+0000][163][gc,heap        ] GC(255) Eden regions: 20->0(20)
[2022-05-19T10:08:02.937+0000][163][gc,heap        ] GC(255) Survivor regions: 1->1(3)
[2022-05-19T10:08:02.937+0000][163][gc,heap        ] GC(255) Old regions: 51->51
[2022-05-19T10:08:02.937+0000][163][gc,heap        ] GC(255) Archive regions: 2->2
[2022-05-19T10:08:02.938+0000][163][gc,heap        ] GC(255) Humongous regions: 32->32
[2022-05-19T10:08:02.938+0000][163][gc,metaspace   ] GC(255) Metaspace: 101890K(103360K)->101890K(103360K) NonClass: 87912K(88832K)->87912K(88832K) Class: 13977K(14528K)->13977K(14528K)
[2022-05-19T10:08:02.938+0000][163][gc             ] GC(255) Pause Young (Concurrent Start) (G1 Evacuation Pause) 406M->327M(512M) 5.724ms
[2022-05-19T10:08:02.938+0000][163][gc,cpu         ] GC(255) User=0.01s Sys=0.00s Real=0.00s
[2022-05-19T10:08:02.938+0000][163][gc             ] GC(256) Concurrent Mark Cycle
[2022-05-19T10:08:02.938+0000][163][gc,marking     ] GC(256) Concurrent Clear Claimed Marks
[2022-05-19T10:08:02.938+0000][163][safepoint      ] Safepoint "G1CollectForAllocation", Time since last: 654408700 ns, Reaching safepoint: 190800 ns, At safepoint: 6045900 ns, Total: 6236700 ns
[2022-05-19T10:08:02.939+0000][163][gc,marking     ] GC(256) Concurrent Clear Claimed Marks 0.251ms
[2022-05-19T10:08:02.939+0000][163][gc,marking     ] GC(256) Concurrent Scan Root Regions
[2022-05-19T10:08:02.940+0000][163][gc,marking     ] GC(256) Concurrent Scan Root Regions 1.271ms
[2022-05-19T10:08:02.940+0000][163][gc,marking     ] GC(256) Concurrent Mark
[2022-05-19T10:08:02.940+0000][163][gc,marking     ] GC(256) Concurrent Mark From Roots
[2022-05-19T10:08:02.941+0000][163][gc,task        ] GC(256) Using 3 workers of 3 for marking
[2022-05-19T10:08:02.984+0000][163][gc,marking     ] GC(256) Concurrent Mark From Roots 43.860ms
[2022-05-19T10:08:02.985+0000][163][gc,marking     ] GC(256) Concurrent Preclean
[2022-05-19T10:08:02.985+0000][163][gc,marking     ] GC(256) Concurrent Preclean 0.672ms
[2022-05-19T10:08:02.986+0000][163][gc,start       ] GC(256) Pause Remark
[2022-05-19T10:08:02.989+0000][163][gc             ] GC(256) Pause Remark 333M->333M(512M) 3.482ms
[2022-05-19T10:08:02.990+0000][163][gc,cpu         ] GC(256) User=0.02s Sys=0.00s Real=0.00s
[2022-05-19T10:08:02.990+0000][163][safepoint      ] Safepoint "G1Concurrent", Time since last: 47462400 ns, Reaching safepoint: 290100 ns, At safepoint: 4382600 ns, Total: 4672700 ns
[2022-05-19T10:08:02.991+0000][163][gc,marking     ] GC(256) Concurrent Mark 50.261ms
[2022-05-19T10:08:02.991+0000][163][gc,marking     ] GC(256) Concurrent Rebuild Remembered Sets
[2022-05-19T10:08:03.013+0000][163][gc,marking     ] GC(256) Concurrent Rebuild Remembered Sets 21.971ms
[2022-05-19T10:08:03.013+0000][163][gc,start       ] GC(256) Pause Cleanup
[2022-05-19T10:08:03.014+0000][163][gc             ] GC(256) Pause Cleanup 335M->335M(512M) 0.350ms
[2022-05-19T10:08:03.014+0000][163][gc,cpu         ] GC(256) User=0.00s Sys=0.00s Real=0.00s
[2022-05-19T10:08:03.014+0000][163][safepoint      ] Safepoint "G1Concurrent", Time since last: 22677300 ns, Reaching safepoint: 271600 ns, At safepoint: 761500 ns, Total: 1033100 ns
[2022-05-19T10:08:03.014+0000][163][gc,marking     ] GC(256) Concurrent Cleanup for Next Mark
[2022-05-19T10:08:03.015+0000][163][gc,marking     ] GC(256) Concurrent Cleanup for Next Mark 0.341ms
[2022-05-19T10:08:03.015+0000][163][gc             ] GC(256) Concurrent Mark Cycle 76.517ms
[2022-05-19T10:08:03.629+0000][163][gc,start       ] GC(257) Pause Young (Normal) (G1 Evacuation Pause)
[2022-05-19T10:08:03.630+0000][163][gc,task        ] GC(257) Using 10 workers of 10 for evacuation
[2022-05-19T10:08:03.630+0000][163][gc,age         ] GC(257) Desired survivor size 6291456 bytes, new threshold 15 (max threshold 15)
[2022-05-19T10:08:03.632+0000][163][gc,age         ] GC(257) Age table with threshold 15 (max threshold 15)
[2022-05-19T10:08:03.632+0000][163][gc,age         ] GC(257) - age   1:    1116720 bytes,    1116720 total
[2022-05-19T10:08:03.632+0000][163][gc,age         ] GC(257) - age   2:    1119120 bytes,    2235840 total
[2022-05-19T10:08:03.633+0000][163][gc,age         ] GC(257) - age   3:     295056 bytes,    2530896 total
[2022-05-19T10:08:03.633+0000][163][gc,age         ] GC(257) - age   4:    1147688 bytes,    3678584 total
[2022-05-19T10:08:03.633+0000][163][gc,phases      ] GC(257)   Pre Evacuate Collection Set: 0.2ms
[2022-05-19T10:08:03.634+0000][163][gc,phases      ] GC(257)   Merge Heap Roots: 0.2ms
[2022-05-19T10:08:03.634+0000][163][gc,phases      ] GC(257)   Evacuate Collection Set: 0.8ms
[2022-05-19T10:08:03.634+0000][163][gc,phases      ] GC(257)   Post Evacuate Collection Set: 0.6ms
[2022-05-19T10:08:03.634+0000][163][gc,phases      ] GC(257)   Other: 2.0ms
[2022-05-19T10:08:03.634+0000][163][gc,heap        ] GC(257) Eden regions: 20->0(20)
[2022-05-19T10:08:03.634+0000][163][gc,heap        ] GC(257) Survivor regions: 1->1(3)
[2022-05-19T10:08:03.634+0000][163][gc,heap        ] GC(257) Old regions: 51->51
[2022-05-19T10:08:03.634+0000][163][gc,heap        ] GC(257) Archive regions: 2->2
[2022-05-19T10:08:03.635+0000][163][gc,heap        ] GC(257) Humongous regions: 32->32
[2022-05-19T10:08:03.635+0000][163][gc,metaspace   ] GC(257) Metaspace: 101890K(103360K)->101890K(103360K) NonClass: 87912K(88832K)->87912K(88832K) Class: 13977K(14528K)->13977K(14528K)
[2022-05-19T10:08:03.635+0000][163][gc             ] GC(257) Pause Young (Normal) (G1 Evacuation Pause) 407M->328M(512M) 5.313ms
[2022-05-19T10:08:03.635+0000][163][gc,cpu         ] GC(257) User=0.00s Sys=0.01s Real=0.01s
[2022-05-19T10:08:03.635+0000][163][safepoint      ] Safepoint "G1CollectForAllocation", Time since last: 615179400 ns, Reaching safepoint: 194500 ns, At safepoint: 5591400 ns, Total: 5785900 ns
[2022-05-19T10:08:04.295+0000][163][gc,start       ] GC(258) Pause Young (Concurrent Start) (G1 Evacuation Pause)
[2022-05-19T10:08:04.296+0000][163][gc,task        ] GC(258) Using 10 workers of 10 for evacuation
[2022-05-19T10:08:04.296+0000][163][gc,age         ] GC(258) Desired survivor size 6291456 bytes, new threshold 15 (max threshold 15)
[2022-05-19T10:08:04.299+0000][163][gc,age         ] GC(258) Age table with threshold 15 (max threshold 15)
[2022-05-19T10:08:04.299+0000][163][gc,age         ] GC(258) - age   1:    1153816 bytes,    1153816 total
[2022-05-19T10:08:04.299+0000][163][gc,age         ] GC(258) - age   2:    1114976 bytes,    2268792 total
[2022-05-19T10:08:04.300+0000][163][gc,age         ] GC(258) - age   3:    1114936 bytes,    3383728 total
[2022-05-19T10:08:04.300+0000][163][gc,age         ] GC(258) - age   4:     295056 bytes,    3678784 total
[2022-05-19T10:08:04.300+0000][163][gc,age         ] GC(258) - age   5:    1147656 bytes,    4826440 total
[2022-05-19T10:08:04.300+0000][163][gc,phases      ] GC(258)   Pre Evacuate Collection Set: 0.3ms
[2022-05-19T10:08:04.300+0000][163][gc,phases      ] GC(258)   Merge Heap Roots: 0.2ms
[2022-05-19T10:08:04.300+0000][163][gc,phases      ] GC(258)   Evacuate Collection Set: 1.4ms
[2022-05-19T10:08:04.301+0000][163][gc,phases      ] GC(258)   Post Evacuate Collection Set: 0.6ms
[2022-05-19T10:08:04.301+0000][163][gc,phases      ] GC(258)   Other: 2.4ms
[2022-05-19T10:08:04.301+0000][163][gc,heap        ] GC(258) Eden regions: 20->0(19)
[2022-05-19T10:08:04.301+0000][163][gc,heap        ] GC(258) Survivor regions: 1->2(3)
[2022-05-19T10:08:04.301+0000][163][gc,heap        ] GC(258) Old regions: 51->51
[2022-05-19T10:08:04.301+0000][163][gc,heap        ] GC(258) Archive regions: 2->2
[2022-05-19T10:08:04.301+0000][163][gc,heap        ] GC(258) Humongous regions: 32->32
[2022-05-19T10:08:04.302+0000][163][gc,metaspace   ] GC(258) Metaspace: 101890K(103360K)->101890K(103360K) NonClass: 87912K(88832K)->87912K(88832K) Class: 13977K(14528K)->13977K(14528K)
[2022-05-19T10:08:04.302+0000][163][gc             ] GC(258) Pause Young (Concurrent Start) (G1 Evacuation Pause) 408M->330M(512M) 6.418ms
[2022-05-19T10:08:04.302+0000][163][gc,cpu         ] GC(258) User=0.02s Sys=0.00s Real=0.01s
[2022-05-19T10:08:04.302+0000][163][safepoint      ] Safepoint "G1CollectForAllocation", Time since last: 660044700 ns, Reaching safepoint: 190100 ns, At safepoint: 6736400 ns, Total: 6926500 ns
[2022-05-19T10:08:04.302+0000][163][gc             ] GC(259) Concurrent Mark Cycle
[2022-05-19T10:08:04.302+0000][163][gc,marking     ] GC(259) Concurrent Clear Claimed Marks
[2022-05-19T10:08:04.302+0000][163][gc,marking     ] GC(259) Concurrent Clear Claimed Marks 0.146ms
[2022-05-19T10:08:04.303+0000][163][gc,marking     ] GC(259) Concurrent Scan Root Regions
[2022-05-19T10:08:04.303+0000][163][gc,marking     ] GC(259) Concurrent Scan Root Regions 0.921ms
[2022-05-19T10:08:04.304+0000][163][gc,marking     ] GC(259) Concurrent Mark
[2022-05-19T10:08:04.304+0000][163][gc,marking     ] GC(259) Concurrent Mark From Roots
[2022-05-19T10:08:04.304+0000][163][gc,task        ] GC(259) Using 3 workers of 3 for marking
[2022-05-19T10:08:04.346+0000][163][gc,marking     ] GC(259) Concurrent Mark From Roots 41.995ms
[2022-05-19T10:08:04.346+0000][163][gc,marking     ] GC(259) Concurrent Preclean
[2022-05-19T10:08:04.347+0000][163][gc,marking     ] GC(259) Concurrent Preclean 0.590ms
[2022-05-19T10:08:04.347+0000][163][gc,start       ] GC(259) Pause Remark
[2022-05-19T10:08:04.350+0000][163][gc             ] GC(259) Pause Remark 334M->334M(512M) 3.307ms
[2022-05-19T10:08:04.351+0000][163][gc,cpu         ] GC(259) User=0.01s Sys=0.01s Real=0.01s
[2022-05-19T10:08:04.351+0000][163][safepoint      ] Safepoint "G1Concurrent", Time since last: 44781900 ns, Reaching safepoint: 284500 ns, At safepoint: 3855800 ns, Total: 4140300 ns
[2022-05-19T10:08:04.351+0000][163][gc,marking     ] GC(259) Concurrent Mark 47.587ms
[2022-05-19T10:08:04.351+0000][163][gc,marking     ] GC(259) Concurrent Rebuild Remembered Sets
[2022-05-19T10:08:04.371+0000][163][gc,marking     ] GC(259) Concurrent Rebuild Remembered Sets 19.558ms
[2022-05-19T10:08:04.372+0000][163][gc,start       ] GC(259) Pause Cleanup
[2022-05-19T10:08:04.372+0000][163][gc             ] GC(259) Pause Cleanup 337M->337M(512M) 0.392ms
[2022-05-19T10:08:04.372+0000][163][gc,cpu         ] GC(259) User=0.00s Sys=0.00s Real=0.00s
[2022-05-19T10:08:04.372+0000][163][safepoint      ] Safepoint "G1Concurrent", Time since last: 20421300 ns, Reaching safepoint: 256100 ns, At safepoint: 868800 ns, Total: 1124900 ns
[2022-05-19T10:08:04.373+0000][163][gc,marking     ] GC(259) Concurrent Cleanup for Next Mark
[2022-05-19T10:08:04.373+0000][163][gc,marking     ] GC(259) Concurrent Cleanup for Next Mark 0.369ms
[2022-05-19T10:08:04.373+0000][163][gc             ] GC(259) Concurrent Mark Cycle 71.236ms
[2022-05-19T10:08:04.982+0000][163][gc,start       ] GC(260) Pause Young (Normal) (G1 Evacuation Pause)
[2022-05-19T10:08:04.983+0000][163][gc,task        ] GC(260) Using 10 workers of 10 for evacuation
[2022-05-19T10:08:04.983+0000][163][gc,age         ] GC(260) Desired survivor size 6291456 bytes, new threshold 15 (max threshold 15)
[2022-05-19T10:08:04.985+0000][163][gc,age         ] GC(260) Age table with threshold 15 (max threshold 15)
[2022-05-19T10:08:04.986+0000][163][gc,age         ] GC(260) - age   1:    1084640 bytes,    1084640 total
[2022-05-19T10:08:04.986+0000][163][gc,age         ] GC(260) - age   2:    1151376 bytes,    2236016 total
[2022-05-19T10:08:04.986+0000][163][gc,age         ] GC(260) - age   3:    1114656 bytes,    3350672 total
[2022-05-19T10:08:04.986+0000][163][gc,age         ] GC(260) - age   4:    1114904 bytes,    4465576 total
[2022-05-19T10:08:04.987+0000][163][gc,age         ] GC(260) - age   5:     295056 bytes,    4760632 total
[2022-05-19T10:08:04.987+0000][163][gc,age         ] GC(260) - age   6:    1147656 bytes,    5908288 total
[2022-05-19T10:08:04.987+0000][163][gc,phases      ] GC(260)   Pre Evacuate Collection Set: 0.2ms
[2022-05-19T10:08:04.987+0000][163][gc,phases      ] GC(260)   Merge Heap Roots: 0.1ms
[2022-05-19T10:08:04.988+0000][163][gc,phases      ] GC(260)   Evacuate Collection Set: 1.1ms
[2022-05-19T10:08:04.988+0000][163][gc,phases      ] GC(260)   Post Evacuate Collection Set: 0.6ms
[2022-05-19T10:08:04.988+0000][163][gc,phases      ] GC(260)   Other: 2.7ms
[2022-05-19T10:08:04.988+0000][163][gc,heap        ] GC(260) Eden regions: 19->0(19)
[2022-05-19T10:08:04.988+0000][163][gc,heap        ] GC(260) Survivor regions: 2->2(3)
[2022-05-19T10:08:04.988+0000][163][gc,heap        ] GC(260) Old regions: 51->51
[2022-05-19T10:08:04.989+0000][163][gc,heap        ] GC(260) Archive regions: 2->2
[2022-05-19T10:08:04.989+0000][163][gc,heap        ] GC(260) Humongous regions: 32->32
[2022-05-19T10:08:04.989+0000][163][gc,metaspace   ] GC(260) Metaspace: 101890K(103360K)->101890K(103360K) NonClass: 87912K(88832K)->87912K(88832K) Class: 13977K(14528K)->13977K(14528K)
[2022-05-19T10:08:04.989+0000][163][gc             ] GC(260) Pause Young (Normal) (G1 Evacuation Pause) 406M->331M(512M) 6.566ms
[2022-05-19T10:08:04.989+0000][163][gc,cpu         ] GC(260) User=0.02s Sys=0.00s Real=0.00s
[2022-05-19T10:08:04.989+0000][163][safepoint      ] Safepoint "G1CollectForAllocation", Time since last: 609777600 ns, Reaching safepoint: 185900 ns, At safepoint: 6891900 ns, Total: 7077800 ns
[2022-05-19T10:08:05.597+0000][163][gc,start       ] GC(261) Pause Young (Concurrent Start) (G1 Evacuation Pause)
[2022-05-19T10:08:05.597+0000][163][gc,task        ] GC(261) Using 10 workers of 10 for evacuation
[2022-05-19T10:08:05.597+0000][163][gc,age         ] GC(261) Desired survivor size 6291456 bytes, new threshold 15 (max threshold 15)
[2022-05-19T10:08:05.600+0000][163][gc,age         ] GC(261) Age table with threshold 15 (max threshold 15)
[2022-05-19T10:08:05.601+0000][163][gc,age         ] GC(261) - age   1:    1049784 bytes,    1049784 total
[2022-05-19T10:08:05.601+0000][163][gc,age         ] GC(261) - age   2:    1084208 bytes,    2133992 total
[2022-05-19T10:08:05.601+0000][163][gc,age         ] GC(261) - age   3:    1151184 bytes,    3285176 total
[2022-05-19T10:08:05.601+0000][163][gc,age         ] GC(261) - age   4:    1114656 bytes,    4399832 total
[2022-05-19T10:08:05.601+0000][163][gc,age         ] GC(261) - age   5:    1114904 bytes,    5514736 total
[2022-05-19T10:08:05.602+0000][163][gc,age         ] GC(261) - age   6:     295056 bytes,    5809792 total
[2022-05-19T10:08:05.602+0000][163][gc,age         ] GC(261) - age   7:    1147656 bytes,    6957448 total
[2022-05-19T10:08:05.602+0000][163][gc,phases      ] GC(261)   Pre Evacuate Collection Set: 0.3ms
[2022-05-19T10:08:05.602+0000][163][gc,phases      ] GC(261)   Merge Heap Roots: 0.2ms
[2022-05-19T10:08:05.602+0000][163][gc,phases      ] GC(261)   Evacuate Collection Set: 1.6ms
[2022-05-19T10:08:05.603+0000][163][gc,phases      ] GC(261)   Post Evacuate Collection Set: 0.7ms
[2022-05-19T10:08:05.603+0000][163][gc,phases      ] GC(261)   Other: 2.4ms
[2022-05-19T10:08:05.603+0000][163][gc,heap        ] GC(261) Eden regions: 19->0(19)
[2022-05-19T10:08:05.603+0000][163][gc,heap        ] GC(261) Survivor regions: 2->2(3)
[2022-05-19T10:08:05.603+0000][163][gc,heap        ] GC(261) Old regions: 51->51
[2022-05-19T10:08:05.603+0000][163][gc,heap        ] GC(261) Archive regions: 2->2
[2022-05-19T10:08:05.604+0000][163][gc,heap        ] GC(261) Humongous regions: 32->32
[2022-05-19T10:08:05.604+0000][163][gc,metaspace   ] GC(261) Metaspace: 101890K(103360K)->101890K(103360K) NonClass: 87912K(88832K)->87912K(88832K) Class: 13977K(14528K)->13977K(14528K)
[2022-05-19T10:08:05.604+0000][163][gc             ] GC(261) Pause Young (Concurrent Start) (G1 Evacuation Pause) 407M->332M(512M) 7.091ms
[2022-05-19T10:08:05.604+0000][163][gc,cpu         ] GC(261) User=0.00s Sys=0.01s Real=0.01s
[2022-05-19T10:08:05.604+0000][163][safepoint      ] Safepoint "G1CollectForAllocation", Time since last: 607183500 ns, Reaching safepoint: 203900 ns, At safepoint: 7531000 ns, Total: 7734900 ns
[2022-05-19T10:08:05.604+0000][163][gc             ] GC(262) Concurrent Mark Cycle
[2022-05-19T10:08:05.605+0000][163][gc,marking     ] GC(262) Concurrent Clear Claimed Marks
[2022-05-19T10:08:05.605+0000][163][gc,marking     ] GC(262) Concurrent Clear Claimed Marks 0.266ms
[2022-05-19T10:08:05.605+0000][163][gc,marking     ] GC(262) Concurrent Scan Root Regions
[2022-05-19T10:08:05.607+0000][163][gc,marking     ] GC(262) Concurrent Scan Root Regions 1.538ms
[2022-05-19T10:08:05.607+0000][163][gc,marking     ] GC(262) Concurrent Mark
[2022-05-19T10:08:05.607+0000][163][gc,marking     ] GC(262) Concurrent Mark From Roots
[2022-05-19T10:08:05.607+0000][163][gc,task        ] GC(262) Using 3 workers of 3 for marking
[2022-05-19T10:08:05.657+0000][163][gc,marking     ] GC(262) Concurrent Mark From Roots 50.198ms
[2022-05-19T10:08:05.658+0000][163][gc,marking     ] GC(262) Concurrent Preclean
[2022-05-19T10:08:05.658+0000][163][gc,marking     ] GC(262) Concurrent Preclean 0.844ms
[2022-05-19T10:08:05.659+0000][163][gc,start       ] GC(262) Pause Remark
[2022-05-19T10:08:05.662+0000][163][gc             ] GC(262) Pause Remark 337M->337M(512M) 3.268ms
[2022-05-19T10:08:05.663+0000][163][gc,cpu         ] GC(262) User=0.02s Sys=0.00s Real=0.01s
[2022-05-19T10:08:05.663+0000][163][safepoint      ] Safepoint "G1Concurrent", Time since last: 54555700 ns, Reaching safepoint: 394500 ns, At safepoint: 3888500 ns, Total: 4283000 ns
[2022-05-19T10:08:05.663+0000][163][gc,marking     ] GC(262) Concurrent Mark 56.674ms
[2022-05-19T10:08:05.664+0000][163][gc,marking     ] GC(262) Concurrent Rebuild Remembered Sets
[2022-05-19T10:08:05.683+0000][163][gc,marking     ] GC(262) Concurrent Rebuild Remembered Sets 19.073ms
[2022-05-19T10:08:05.684+0000][163][gc,start       ] GC(262) Pause Cleanup
[2022-05-19T10:08:05.684+0000][163][gc             ] GC(262) Pause Cleanup 339M->339M(512M) 0.550ms
[2022-05-19T10:08:05.684+0000][163][gc,cpu         ] GC(262) User=0.00s Sys=0.00s Real=0.00s
[2022-05-19T10:08:05.685+0000][163][safepoint      ] Safepoint "G1Concurrent", Time since last: 20169900 ns, Reaching safepoint: 251900 ns, At safepoint: 1125900 ns, Total: 1377800 ns
[2022-05-19T10:08:05.685+0000][163][gc,marking     ] GC(262) Concurrent Cleanup for Next Mark
[2022-05-19T10:08:05.685+0000][163][gc,marking     ] GC(262) Concurrent Cleanup for Next Mark 0.476ms
[2022-05-19T10:08:05.686+0000][163][gc             ] GC(262) Concurrent Mark Cycle 81.388ms
[2022-05-19T10:08:06.308+0000][163][gc,start       ] GC(263) Pause Young (Normal) (G1 Evacuation Pause)
[2022-05-19T10:08:06.309+0000][163][gc,task        ] GC(263) Using 10 workers of 10 for evacuation
[2022-05-19T10:08:06.309+0000][163][gc,age         ] GC(263) Desired survivor size 6291456 bytes, new threshold 7 (max threshold 15)
[2022-05-19T10:08:06.312+0000][163][gc,age         ] GC(263) Age table with threshold 7 (max threshold 15)
[2022-05-19T10:08:06.313+0000][163][gc,age         ] GC(263) - age   1:    1091224 bytes,    1091224 total
[2022-05-19T10:08:06.313+0000][163][gc,age         ] GC(263) - age   2:    1049216 bytes,    2140440 total
[2022-05-19T10:08:06.313+0000][163][gc,age         ] GC(263) - age   3:    1081936 bytes,    3222376 total
[2022-05-19T10:08:06.314+0000][163][gc,age         ] GC(263) - age   4:    1147504 bytes,    4369880 total
[2022-05-19T10:08:06.314+0000][163][gc,age         ] GC(263) - age   5:    1114656 bytes,    5484536 total
[2022-05-19T10:08:06.315+0000][163][gc,age         ] GC(263) - age   6:    1114904 bytes,    6599440 total
[2022-05-19T10:08:06.315+0000][163][gc,age         ] GC(263) - age   7:     295056 bytes,    6894496 total
[2022-05-19T10:08:06.315+0000][163][gc,phases      ] GC(263)   Pre Evacuate Collection Set: 0.3ms
[2022-05-19T10:08:06.316+0000][163][gc,phases      ] GC(263)   Merge Heap Roots: 0.2ms
[2022-05-19T10:08:06.316+0000][163][gc,phases      ] GC(263)   Evacuate Collection Set: 1.7ms
[2022-05-19T10:08:06.316+0000][163][gc,phases      ] GC(263)   Post Evacuate Collection Set: 1.0ms
[2022-05-19T10:08:06.316+0000][163][gc,phases      ] GC(263)   Other: 3.7ms
[2022-05-19T10:08:06.317+0000][163][gc,heap        ] GC(263) Eden regions: 19->0(19)
[2022-05-19T10:08:06.317+0000][163][gc,heap        ] GC(263) Survivor regions: 2->2(3)
[2022-05-19T10:08:06.317+0000][163][gc,heap        ] GC(263) Old regions: 51->51
[2022-05-19T10:08:06.317+0000][163][gc,heap        ] GC(263) Archive regions: 2->2
[2022-05-19T10:08:06.318+0000][163][gc,heap        ] GC(263) Humongous regions: 32->32
[2022-05-19T10:08:06.318+0000][163][gc,metaspace   ] GC(263) Metaspace: 101898K(103360K)->101898K(103360K) NonClass: 87921K(88832K)->87921K(88832K) Class: 13977K(14528K)->13977K(14528K)
[2022-05-19T10:08:06.318+0000][163][gc             ] GC(263) Pause Young (Normal) (G1 Evacuation Pause) 408M->333M(512M) 9.662ms
[2022-05-19T10:08:06.318+0000][163][gc,cpu         ] GC(263) User=0.02s Sys=0.00s Real=0.01s
[2022-05-19T10:08:06.318+0000][163][safepoint      ] Safepoint "G1CollectForAllocation", Time since last: 623507800 ns, Reaching safepoint: 222000 ns, At safepoint: 10025500 ns, Total: 10247500 ns
[2022-05-19T10:08:06.958+0000][163][gc,start       ] GC(264) Pause Young (Concurrent Start) (G1 Evacuation Pause)
[2022-05-19T10:08:06.959+0000][163][gc,task        ] GC(264) Using 10 workers of 10 for evacuation
[2022-05-19T10:08:06.959+0000][163][gc,age         ] GC(264) Desired survivor size 6291456 bytes, new threshold 6 (max threshold 15)
[2022-05-19T10:08:06.962+0000][163][gc,age         ] GC(264) Age table with threshold 6 (max threshold 15)
[2022-05-19T10:08:06.963+0000][163][gc,age         ] GC(264) - age   1:    1118344 bytes,    1118344 total
[2022-05-19T10:08:06.963+0000][163][gc,age         ] GC(264) - age   2:    1088504 bytes,    2206848 total
[2022-05-19T10:08:06.963+0000][163][gc,age         ] GC(264) - age   3:    1049088 bytes,    3255936 total
[2022-05-19T10:08:06.964+0000][163][gc,age         ] GC(264) - age   4:    1081904 bytes,    4337840 total
[2022-05-19T10:08:06.964+0000][163][gc,age         ] GC(264) - age   5:    1147504 bytes,    5485344 total
[2022-05-19T10:08:06.964+0000][163][gc,age         ] GC(264) - age   6:    1114656 bytes,    6600000 total
[2022-05-19T10:08:06.964+0000][163][gc,phases      ] GC(264)   Pre Evacuate Collection Set: 0.3ms
[2022-05-19T10:08:06.965+0000][163][gc,phases      ] GC(264)   Merge Heap Roots: 0.2ms
[2022-05-19T10:08:06.965+0000][163][gc,phases      ] GC(264)   Evacuate Collection Set: 2.1ms
[2022-05-19T10:08:06.965+0000][163][gc,phases      ] GC(264)   Post Evacuate Collection Set: 0.7ms
[2022-05-19T10:08:06.965+0000][163][gc,phases      ] GC(264)   Other: 2.8ms
[2022-05-19T10:08:06.965+0000][163][gc,heap        ] GC(264) Eden regions: 19->0(19)
[2022-05-19T10:08:06.965+0000][163][gc,heap        ] GC(264) Survivor regions: 2->2(3)
[2022-05-19T10:08:06.966+0000][163][gc,heap        ] GC(264) Old regions: 51->51
[2022-05-19T10:08:06.966+0000][163][gc,heap        ] GC(264) Archive regions: 2->2
[2022-05-19T10:08:06.966+0000][163][gc,heap        ] GC(264) Humongous regions: 32->32
[2022-05-19T10:08:06.966+0000][163][gc,metaspace   ] GC(264) Metaspace: 101898K(103360K)->101898K(103360K) NonClass: 87921K(88832K)->87921K(88832K) Class: 13977K(14528K)->13977K(14528K)
[2022-05-19T10:08:06.966+0000][163][gc             ] GC(264) Pause Young (Concurrent Start) (G1 Evacuation Pause) 409M->334M(512M) 7.651ms
[2022-05-19T10:08:06.966+0000][163][gc,cpu         ] GC(264) User=0.02s Sys=0.00s Real=0.01s
[2022-05-19T10:08:06.966+0000][163][gc             ] GC(265) Concurrent Mark Cycle
[2022-05-19T10:08:06.967+0000][163][gc,marking     ] GC(265) Concurrent Clear Claimed Marks
[2022-05-19T10:08:06.966+0000][163][safepoint      ] Safepoint "G1CollectForAllocation", Time since last: 639782500 ns, Reaching safepoint: 178200 ns, At safepoint: 8001500 ns, Total: 8179700 ns
[2022-05-19T10:08:06.967+0000][163][gc,marking     ] GC(265) Concurrent Clear Claimed Marks 0.229ms
[2022-05-19T10:08:06.967+0000][163][gc,marking     ] GC(265) Concurrent Scan Root Regions
[2022-05-19T10:08:06.968+0000][163][gc,marking     ] GC(265) Concurrent Scan Root Regions 0.852ms
[2022-05-19T10:08:06.968+0000][163][gc,marking     ] GC(265) Concurrent Mark
[2022-05-19T10:08:06.968+0000][163][gc,marking     ] GC(265) Concurrent Mark From Roots
[2022-05-19T10:08:06.968+0000][163][gc,task        ] GC(265) Using 3 workers of 3 for marking
[2022-05-19T10:08:07.010+0000][163][gc,marking     ] GC(265) Concurrent Mark From Roots 42.292ms
[2022-05-19T10:08:07.011+0000][163][gc,marking     ] GC(265) Concurrent Preclean
[2022-05-19T10:08:07.012+0000][163][gc,marking     ] GC(265) Concurrent Preclean 0.842ms
[2022-05-19T10:08:07.012+0000][163][gc,start       ] GC(265) Pause Remark
[2022-05-19T10:08:07.015+0000][163][gc             ] GC(265) Pause Remark 339M->339M(512M) 3.055ms
[2022-05-19T10:08:07.016+0000][163][gc,cpu         ] GC(265) User=0.02s Sys=0.00s Real=0.00s
[2022-05-19T10:08:07.016+0000][163][safepoint      ] Safepoint "G1Concurrent", Time since last: 45573300 ns, Reaching safepoint: 297300 ns, At safepoint: 3603800 ns, Total: 3901100 ns
[2022-05-19T10:08:07.016+0000][163][gc,marking     ] GC(265) Concurrent Mark 48.138ms
[2022-05-19T10:08:07.016+0000][163][gc,marking     ] GC(265) Concurrent Rebuild Remembered Sets
[2022-05-19T10:08:07.041+0000][163][gc,marking     ] GC(265) Concurrent Rebuild Remembered Sets 24.800ms
[2022-05-19T10:08:07.042+0000][163][gc,start       ] GC(265) Pause Cleanup
[2022-05-19T10:08:07.042+0000][163][gc             ] GC(265) Pause Cleanup 342M->342M(512M) 0.382ms
[2022-05-19T10:08:07.042+0000][163][gc,cpu         ] GC(265) User=0.00s Sys=0.00s Real=0.00s
[2022-05-19T10:08:07.043+0000][163][safepoint      ] Safepoint "G1Concurrent", Time since last: 25604800 ns, Reaching safepoint: 323200 ns, At safepoint: 780500 ns, Total: 1103700 ns
[2022-05-19T10:08:07.043+0000][163][gc,marking     ] GC(265) Concurrent Cleanup for Next Mark
[2022-05-19T10:08:07.044+0000][163][gc,marking     ] GC(265) Concurrent Cleanup for Next Mark 0.690ms
[2022-05-19T10:08:07.044+0000][163][gc             ] GC(265) Concurrent Mark Cycle 77.918ms
[2022-05-19T10:08:07.625+0000][163][gc,start       ] GC(266) Pause Young (Normal) (G1 Evacuation Pause)
[2022-05-19T10:08:07.625+0000][163][gc,task        ] GC(266) Using 10 workers of 10 for evacuation
[2022-05-19T10:08:07.625+0000][163][gc,age         ] GC(266) Desired survivor size 6291456 bytes, new threshold 6 (max threshold 15)
[2022-05-19T10:08:07.628+0000][163][gc,age         ] GC(266) Age table with threshold 6 (max threshold 15)
[2022-05-19T10:08:07.628+0000][163][gc,age         ] GC(266) - age   1:    1049824 bytes,    1049824 total
[2022-05-19T10:08:07.628+0000][163][gc,age         ] GC(266) - age   2:    1117536 bytes,    2167360 total
[2022-05-19T10:08:07.628+0000][163][gc,age         ] GC(266) - age   3:    1088288 bytes,    3255648 total
[2022-05-19T10:08:07.629+0000][163][gc,age         ] GC(266) - age   4:    1049088 bytes,    4304736 total
[2022-05-19T10:08:07.629+0000][163][gc,age         ] GC(266) - age   5:    1081904 bytes,    5386640 total
[2022-05-19T10:08:07.629+0000][163][gc,age         ] GC(266) - age   6:    1147504 bytes,    6534144 total
[2022-05-19T10:08:07.629+0000][163][gc,phases      ] GC(266)   Pre Evacuate Collection Set: 0.2ms
[2022-05-19T10:08:07.629+0000][163][gc,phases      ] GC(266)   Merge Heap Roots: 0.2ms
[2022-05-19T10:08:07.629+0000][163][gc,phases      ] GC(266)   Evacuate Collection Set: 1.3ms
[2022-05-19T10:08:07.630+0000][163][gc,phases      ] GC(266)   Post Evacuate Collection Set: 0.7ms
[2022-05-19T10:08:07.630+0000][163][gc,phases      ] GC(266)   Other: 2.1ms
[2022-05-19T10:08:07.630+0000][163][gc,heap        ] GC(266) Eden regions: 19->0(19)
[2022-05-19T10:08:07.630+0000][163][gc,heap        ] GC(266) Survivor regions: 2->2(3)
[2022-05-19T10:08:07.630+0000][163][gc,heap        ] GC(266) Old regions: 51->51
[2022-05-19T10:08:07.631+0000][163][gc,heap        ] GC(266) Archive regions: 2->2
[2022-05-19T10:08:07.631+0000][163][gc,heap        ] GC(266) Humongous regions: 32->32
[2022-05-19T10:08:07.631+0000][163][gc,metaspace   ] GC(266) Metaspace: 101898K(103360K)->101898K(103360K) NonClass: 87921K(88832K)->87921K(88832K) Class: 13977K(14528K)->13977K(14528K)
[2022-05-19T10:08:07.631+0000][163][gc             ] GC(266) Pause Young (Normal) (G1 Evacuation Pause) 410M->335M(512M) 6.659ms
[2022-05-19T10:08:07.632+0000][163][gc,cpu         ] GC(266) User=0.02s Sys=0.00s Real=0.01s
[2022-05-19T10:08:07.632+0000][163][safepoint      ] Safepoint "G1CollectForAllocation", Time since last: 581934400 ns, Reaching safepoint: 283700 ns, At safepoint: 7068600 ns, Total: 7352300 ns
[2022-05-19T10:08:08.266+0000][163][gc,start       ] GC(267) Pause Young (Concurrent Start) (G1 Evacuation Pause)
[2022-05-19T10:08:08.266+0000][163][gc,task        ] GC(267) Using 10 workers of 10 for evacuation
[2022-05-19T10:08:08.267+0000][163][gc,age         ] GC(267) Desired survivor size 6291456 bytes, new threshold 6 (max threshold 15)
[2022-05-19T10:08:08.270+0000][163][gc,age         ] GC(267) Age table with threshold 6 (max threshold 15)
[2022-05-19T10:08:08.270+0000][163][gc,age         ] GC(267) - age   1:    1084744 bytes,    1084744 total
[2022-05-19T10:08:08.270+0000][163][gc,age         ] GC(267) - age   2:    1049216 bytes,    2133960 total
[2022-05-19T10:08:08.270+0000][163][gc,age         ] GC(267) - age   3:    1115344 bytes,    3249304 total
[2022-05-19T10:08:08.270+0000][163][gc,age         ] GC(267) - age   4:    1088256 bytes,    4337560 total
[2022-05-19T10:08:08.271+0000][163][gc,age         ] GC(267) - age   5:    1049088 bytes,    5386648 total
[2022-05-19T10:08:08.271+0000][163][gc,age         ] GC(267) - age   6:    1081904 bytes,    6468552 total
[2022-05-19T10:08:08.271+0000][163][gc,phases      ] GC(267)   Pre Evacuate Collection Set: 0.3ms
[2022-05-19T10:08:08.271+0000][163][gc,phases      ] GC(267)   Merge Heap Roots: 0.2ms
[2022-05-19T10:08:08.271+0000][163][gc,phases      ] GC(267)   Evacuate Collection Set: 1.7ms
[2022-05-19T10:08:08.271+0000][163][gc,phases      ] GC(267)   Post Evacuate Collection Set: 0.6ms
[2022-05-19T10:08:08.272+0000][163][gc,phases      ] GC(267)   Other: 2.5ms
[2022-05-19T10:08:08.272+0000][163][gc,heap        ] GC(267) Eden regions: 19->0(18)
[2022-05-19T10:08:08.272+0000][163][gc,heap        ] GC(267) Survivor regions: 2->2(3)
[2022-05-19T10:08:08.272+0000][163][gc,heap        ] GC(267) Old regions: 51->52
[2022-05-19T10:08:08.272+0000][163][gc,heap        ] GC(267) Archive regions: 2->2
[2022-05-19T10:08:08.272+0000][163][gc,heap        ] GC(267) Humongous regions: 32->32
[2022-05-19T10:08:08.272+0000][163][gc,metaspace   ] GC(267) Metaspace: 101898K(103360K)->101898K(103360K) NonClass: 87921K(88832K)->87921K(88832K) Class: 13977K(14528K)->13977K(14528K)
[2022-05-19T10:08:08.273+0000][163][gc             ] GC(267) Pause Young (Concurrent Start) (G1 Evacuation Pause) 411M->336M(512M) 6.687ms
[2022-05-19T10:08:08.273+0000][163][gc,cpu         ] GC(267) User=0.01s Sys=0.01s Real=0.01s
[2022-05-19T10:08:08.273+0000][163][safepoint      ] Safepoint "G1CollectForAllocation", Time since last: 633797700 ns, Reaching safepoint: 197300 ns, At safepoint: 7137800 ns, Total: 7335100 ns
[2022-05-19T10:08:08.273+0000][163][gc             ] GC(268) Concurrent Mark Cycle
[2022-05-19T10:08:08.273+0000][163][gc,marking     ] GC(268) Concurrent Clear Claimed Marks
[2022-05-19T10:08:08.274+0000][163][gc,marking     ] GC(268) Concurrent Clear Claimed Marks 0.237ms
[2022-05-19T10:08:08.274+0000][163][gc,marking     ] GC(268) Concurrent Scan Root Regions
[2022-05-19T10:08:08.275+0000][163][gc,marking     ] GC(268) Concurrent Scan Root Regions 1.490ms
[2022-05-19T10:08:08.275+0000][163][gc,marking     ] GC(268) Concurrent Mark
[2022-05-19T10:08:08.276+0000][163][gc,marking     ] GC(268) Concurrent Mark From Roots
[2022-05-19T10:08:08.276+0000][163][gc,task        ] GC(268) Using 3 workers of 3 for marking
[2022-05-19T10:08:08.326+0000][163][gc,marking     ] GC(268) Concurrent Mark From Roots 50.586ms
[2022-05-19T10:08:08.326+0000][163][gc,marking     ] GC(268) Concurrent Preclean
[2022-05-19T10:08:08.327+0000][163][gc,marking     ] GC(268) Concurrent Preclean 0.778ms
[2022-05-19T10:08:08.328+0000][163][gc,start       ] GC(268) Pause Remark
[2022-05-19T10:08:08.332+0000][163][gc             ] GC(268) Pause Remark 341M->341M(512M) 4.485ms
[2022-05-19T10:08:08.333+0000][163][gc,cpu         ] GC(268) User=0.03s Sys=0.00s Real=0.01s
[2022-05-19T10:08:08.333+0000][163][safepoint      ] Safepoint "G1Concurrent", Time since last: 54528300 ns, Reaching safepoint: 316900 ns, At safepoint: 5196400 ns, Total: 5513300 ns
[2022-05-19T10:08:08.333+0000][163][gc,marking     ] GC(268) Concurrent Mark 57.898ms
[2022-05-19T10:08:08.334+0000][163][gc,marking     ] GC(268) Concurrent Rebuild Remembered Sets
[2022-05-19T10:08:08.359+0000][163][gc,marking     ] GC(268) Concurrent Rebuild Remembered Sets 25.218ms
[2022-05-19T10:08:08.359+0000][163][gc,start       ] GC(268) Pause Cleanup
[2022-05-19T10:08:08.360+0000][163][gc             ] GC(268) Pause Cleanup 343M->343M(512M) 0.439ms
[2022-05-19T10:08:08.360+0000][163][gc,cpu         ] GC(268) User=0.00s Sys=0.00s Real=0.00s
[2022-05-19T10:08:08.360+0000][163][safepoint      ] Safepoint "G1Concurrent", Time since last: 26109300 ns, Reaching safepoint: 306900 ns, At safepoint: 920000 ns, Total: 1226900 ns
[2022-05-19T10:08:08.361+0000][163][gc,marking     ] GC(268) Concurrent Cleanup for Next Mark
[2022-05-19T10:08:08.361+0000][163][gc,marking     ] GC(268) Concurrent Cleanup for Next Mark 0.389ms
[2022-05-19T10:08:08.361+0000][163][gc             ] GC(268) Concurrent Mark Cycle 88.199ms
[2022-05-19T10:08:08.898+0000][163][gc,start       ] GC(269) Pause Young (Normal) (G1 Evacuation Pause)
[2022-05-19T10:08:08.899+0000][163][gc,task        ] GC(269) Using 10 workers of 10 for evacuation
[2022-05-19T10:08:08.899+0000][163][gc,age         ] GC(269) Desired survivor size 6291456 bytes, new threshold 6 (max threshold 15)
[2022-05-19T10:08:08.902+0000][163][gc,age         ] GC(269) Age table with threshold 6 (max threshold 15)
[2022-05-19T10:08:08.902+0000][163][gc,age         ] GC(269) - age   1:    1022664 bytes,    1022664 total
[2022-05-19T10:08:08.902+0000][163][gc,age         ] GC(269) - age   2:    1083200 bytes,    2105864 total
[2022-05-19T10:08:08.903+0000][163][gc,age         ] GC(269) - age   3:    1049088 bytes,    3154952 total
[2022-05-19T10:08:08.903+0000][163][gc,age         ] GC(269) - age   4:    1115312 bytes,    4270264 total
[2022-05-19T10:08:08.903+0000][163][gc,age         ] GC(269) - age   5:    1084152 bytes,    5354416 total
[2022-05-19T10:08:08.903+0000][163][gc,age         ] GC(269) - age   6:    1049088 bytes,    6403504 total
[2022-05-19T10:08:08.903+0000][163][gc,phases      ] GC(269)   Pre Evacuate Collection Set: 0.2ms
[2022-05-19T10:08:08.903+0000][163][gc,phases      ] GC(269)   Merge Heap Roots: 0.2ms
[2022-05-19T10:08:08.904+0000][163][gc,phases      ] GC(269)   Evacuate Collection Set: 1.3ms
[2022-05-19T10:08:08.904+0000][163][gc,phases      ] GC(269)   Post Evacuate Collection Set: 0.8ms
[2022-05-19T10:08:08.904+0000][163][gc,phases      ] GC(269)   Other: 2.5ms
[2022-05-19T10:08:08.904+0000][163][gc,heap        ] GC(269) Eden regions: 18->0(18)
[2022-05-19T10:08:08.904+0000][163][gc,heap        ] GC(269) Survivor regions: 2->2(3)
[2022-05-19T10:08:08.904+0000][163][gc,heap        ] GC(269) Old regions: 52->52
[2022-05-19T10:08:08.905+0000][163][gc,heap        ] GC(269) Archive regions: 2->2
[2022-05-19T10:08:08.905+0000][163][gc,heap        ] GC(269) Humongous regions: 32->32
[2022-05-19T10:08:08.905+0000][163][gc,metaspace   ] GC(269) Metaspace: 101898K(103360K)->101898K(103360K) NonClass: 87921K(88832K)->87921K(88832K) Class: 13977K(14528K)->13977K(14528K)
[2022-05-19T10:08:08.905+0000][163][gc             ] GC(269) Pause Young (Normal) (G1 Evacuation Pause) 408M->337M(512M) 6.619ms
[2022-05-19T10:08:08.905+0000][163][gc,cpu         ] GC(269) User=0.01s Sys=0.00s Real=0.01s
[2022-05-19T10:08:08.905+0000][163][safepoint      ] Safepoint "G1CollectForAllocation", Time since last: 537847900 ns, Reaching safepoint: 199900 ns, At safepoint: 7009800 ns, Total: 7209700 ns
[2022-05-19T10:08:09.629+0000][163][gc,start       ] GC(270) Pause Young (Concurrent Start) (G1 Evacuation Pause)
[2022-05-19T10:08:09.629+0000][163][gc,task        ] GC(270) Using 10 workers of 10 for evacuation
[2022-05-19T10:08:09.629+0000][163][gc,age         ] GC(270) Desired survivor size 6291456 bytes, new threshold 6 (max threshold 15)
[2022-05-19T10:08:09.632+0000][163][gc,age         ] GC(270) Age table with threshold 6 (max threshold 15)
[2022-05-19T10:08:09.633+0000][163][gc,age         ] GC(270) - age   1:    1083832 bytes,    1083832 total
[2022-05-19T10:08:09.633+0000][163][gc,age         ] GC(270) - age   2:    1022152 bytes,    2105984 total
[2022-05-19T10:08:09.633+0000][163][gc,age         ] GC(270) - age   3:    1081936 bytes,    3187920 total
[2022-05-19T10:08:09.634+0000][163][gc,age         ] GC(270) - age   4:    1049088 bytes,    4237008 total
[2022-05-19T10:08:09.634+0000][163][gc,age         ] GC(270) - age   5:    1115312 bytes,    5352320 total
[2022-05-19T10:08:09.634+0000][163][gc,age         ] GC(270) - age   6:    1084152 bytes,    6436472 total
[2022-05-19T10:08:09.634+0000][163][gc,phases      ] GC(270)   Pre Evacuate Collection Set: 0.4ms
[2022-05-19T10:08:09.634+0000][163][gc,phases      ] GC(270)   Merge Heap Roots: 0.3ms
[2022-05-19T10:08:09.634+0000][163][gc,phases      ] GC(270)   Evacuate Collection Set: 1.7ms
[2022-05-19T10:08:09.635+0000][163][gc,phases      ] GC(270)   Post Evacuate Collection Set: 0.7ms
[2022-05-19T10:08:09.635+0000][163][gc,phases      ] GC(270)   Other: 2.6ms
[2022-05-19T10:08:09.635+0000][163][gc,heap        ] GC(270) Eden regions: 18->0(18)
[2022-05-19T10:08:09.635+0000][163][gc,heap        ] GC(270) Survivor regions: 2->2(3)
[2022-05-19T10:08:09.635+0000][163][gc,heap        ] GC(270) Old regions: 52->52
[2022-05-19T10:08:09.635+0000][163][gc,heap        ] GC(270) Archive regions: 2->2
[2022-05-19T10:08:09.636+0000][163][gc,heap        ] GC(270) Humongous regions: 32->32
[2022-05-19T10:08:09.636+0000][163][gc,metaspace   ] GC(270) Metaspace: 101898K(103360K)->101898K(103360K) NonClass: 87921K(88832K)->87921K(88832K) Class: 13977K(14528K)->13977K(14528K)
[2022-05-19T10:08:09.636+0000][163][gc             ] GC(270) Pause Young (Concurrent Start) (G1 Evacuation Pause) 409M->338M(512M) 7.385ms
[2022-05-19T10:08:09.636+0000][163][gc,cpu         ] GC(270) User=0.02s Sys=0.00s Real=0.01s
[2022-05-19T10:08:09.636+0000][163][safepoint      ] Safepoint "G1CollectForAllocation", Time since last: 722910500 ns, Reaching safepoint: 196200 ns, At safepoint: 7734500 ns, Total: 7930700 ns
[2022-05-19T10:08:09.636+0000][163][gc             ] GC(271) Concurrent Mark Cycle
[2022-05-19T10:08:09.637+0000][163][gc,marking     ] GC(271) Concurrent Clear Claimed Marks
[2022-05-19T10:08:09.637+0000][163][gc,marking     ] GC(271) Concurrent Clear Claimed Marks 0.194ms
[2022-05-19T10:08:09.637+0000][163][gc,marking     ] GC(271) Concurrent Scan Root Regions
[2022-05-19T10:08:09.638+0000][163][gc,marking     ] GC(271) Concurrent Scan Root Regions 0.962ms
[2022-05-19T10:08:09.638+0000][163][gc,marking     ] GC(271) Concurrent Mark
[2022-05-19T10:08:09.638+0000][163][gc,marking     ] GC(271) Concurrent Mark From Roots
[2022-05-19T10:08:09.638+0000][163][gc,task        ] GC(271) Using 3 workers of 3 for marking
[2022-05-19T10:08:09.686+0000][163][gc,marking     ] GC(271) Concurrent Mark From Roots 47.982ms
[2022-05-19T10:08:09.687+0000][163][gc,marking     ] GC(271) Concurrent Preclean
[2022-05-19T10:08:09.687+0000][163][gc,marking     ] GC(271) Concurrent Preclean 0.688ms
[2022-05-19T10:08:09.688+0000][163][gc,start       ] GC(271) Pause Remark
[2022-05-19T10:08:09.691+0000][163][gc             ] GC(271) Pause Remark 342M->342M(512M) 3.277ms
[2022-05-19T10:08:09.691+0000][163][gc,cpu         ] GC(271) User=0.02s Sys=0.00s Real=0.01s
[2022-05-19T10:08:09.692+0000][163][safepoint      ] Safepoint "G1Concurrent", Time since last: 51297000 ns, Reaching safepoint: 287600 ns, At safepoint: 3795000 ns, Total: 4082600 ns
[2022-05-19T10:08:09.692+0000][163][gc,marking     ] GC(271) Concurrent Mark 53.794ms
[2022-05-19T10:08:09.692+0000][163][gc,marking     ] GC(271) Concurrent Rebuild Remembered Sets
[2022-05-19T10:08:09.720+0000][163][gc,marking     ] GC(271) Concurrent Rebuild Remembered Sets 27.877ms
[2022-05-19T10:08:09.721+0000][163][gc,start       ] GC(271) Pause Cleanup
[2022-05-19T10:08:09.721+0000][163][gc             ] GC(271) Pause Cleanup 345M->345M(512M) 0.459ms
[2022-05-19T10:08:09.721+0000][163][gc,cpu         ] GC(271) User=0.00s Sys=0.00s Real=0.00s
[2022-05-19T10:08:09.722+0000][163][safepoint      ] Safepoint "G1Concurrent", Time since last: 28830200 ns, Reaching safepoint: 329000 ns, At safepoint: 975400 ns, Total: 1304400 ns
[2022-05-19T10:08:09.722+0000][163][gc,marking     ] GC(271) Concurrent Cleanup for Next Mark
[2022-05-19T10:08:09.722+0000][163][gc,marking     ] GC(271) Concurrent Cleanup for Next Mark 0.444ms
[2022-05-19T10:08:09.723+0000][163][gc             ] GC(271) Concurrent Mark Cycle 86.484ms
[2022-05-19T10:08:10.424+0000][163][gc,start       ] GC(272) Pause Young (Normal) (G1 Evacuation Pause)
[2022-05-19T10:08:10.425+0000][163][gc,task        ] GC(272) Using 10 workers of 10 for evacuation
[2022-05-19T10:08:10.433+0000][163][gc,age         ] GC(272) Desired survivor size 6291456 bytes, new threshold 6 (max threshold 15)
[2022-05-19T10:08:10.444+0000][163][gc,age         ] GC(272) Age table with threshold 6 (max threshold 15)
[2022-05-19T10:08:10.444+0000][163][gc,age         ] GC(272) - age   1:    1019248 bytes,    1019248 total
[2022-05-19T10:08:10.444+0000][163][gc,age         ] GC(272) - age   2:    1082072 bytes,    2101320 total
[2022-05-19T10:08:10.444+0000][163][gc,age         ] GC(272) - age   3:    1020984 bytes,    3122304 total
[2022-05-19T10:08:10.444+0000][163][gc,age         ] GC(272) - age   4:    1081904 bytes,    4204208 total
[2022-05-19T10:08:10.445+0000][163][gc,age         ] GC(272) - age   5:    1049088 bytes,    5253296 total
[2022-05-19T10:08:10.445+0000][163][gc,age         ] GC(272) - age   6:    1115312 bytes,    6368608 total
[2022-05-19T10:08:10.445+0000][163][gc,phases      ] GC(272)   Pre Evacuate Collection Set: 0.1ms
[2022-05-19T10:08:10.445+0000][163][gc,phases      ] GC(272)   Merge Heap Roots: 0.1ms
[2022-05-19T10:08:10.445+0000][163][gc,phases      ] GC(272)   Evacuate Collection Set: 3.5ms
[2022-05-19T10:08:10.445+0000][163][gc,phases      ] GC(272)   Post Evacuate Collection Set: 0.7ms
[2022-05-19T10:08:10.446+0000][163][gc,phases      ] GC(272)   Other: 16.6ms
[2022-05-19T10:08:10.446+0000][163][gc,heap        ] GC(272) Eden regions: 18->0(17)
[2022-05-19T10:08:10.446+0000][163][gc,heap        ] GC(272) Survivor regions: 2->2(3)
[2022-05-19T10:08:10.446+0000][163][gc,heap        ] GC(272) Old regions: 52->53
[2022-05-19T10:08:10.446+0000][163][gc,heap        ] GC(272) Archive regions: 2->2
[2022-05-19T10:08:10.447+0000][163][gc,heap        ] GC(272) Humongous regions: 32->32
[2022-05-19T10:08:10.447+0000][163][gc,metaspace   ] GC(272) Metaspace: 101898K(103360K)->101898K(103360K) NonClass: 87921K(88832K)->87921K(88832K) Class: 13977K(14528K)->13977K(14528K)
[2022-05-19T10:08:10.447+0000][163][gc             ] GC(272) Pause Young (Normal) (G1 Evacuation Pause) 410M->339M(512M) 22.794ms
[2022-05-19T10:08:10.447+0000][163][gc,cpu         ] GC(272) User=0.02s Sys=0.00s Real=0.02s
[2022-05-19T10:08:10.447+0000][163][safepoint      ] Safepoint "G1CollectForAllocation", Time since last: 702021400 ns, Reaching safepoint: 226900 ns, At safepoint: 23330900 ns, Total: 23557800 ns
[2022-05-19T10:08:11.101+0000][163][gc,start       ] GC(273) Pause Young (Concurrent Start) (G1 Evacuation Pause)
[2022-05-19T10:08:11.101+0000][163][gc,task        ] GC(273) Using 10 workers of 10 for evacuation
[2022-05-19T10:08:11.101+0000][163][gc,age         ] GC(273) Desired survivor size 6291456 bytes, new threshold 6 (max threshold 15)
[2022-05-19T10:08:11.104+0000][163][gc,age         ] GC(273) Age table with threshold 6 (max threshold 15)
[2022-05-19T10:08:11.104+0000][163][gc,age         ] GC(273) - age   1:     956088 bytes,     956088 total
[2022-05-19T10:08:11.105+0000][163][gc,age         ] GC(273) - age   2:    1016368 bytes,    1972456 total
[2022-05-19T10:08:11.105+0000][163][gc,age         ] GC(273) - age   3:    1081976 bytes,    3054432 total
[2022-05-19T10:08:11.105+0000][163][gc,age         ] GC(273) - age   4:    1020952 bytes,    4075384 total
[2022-05-19T10:08:11.105+0000][163][gc,age         ] GC(273) - age   5:    1081904 bytes,    5157288 total
[2022-05-19T10:08:11.105+0000][163][gc,age         ] GC(273) - age   6:    1049088 bytes,    6206376 total
[2022-05-19T10:08:11.106+0000][163][gc,phases      ] GC(273)   Pre Evacuate Collection Set: 0.3ms
[2022-05-19T10:08:11.106+0000][163][gc,phases      ] GC(273)   Merge Heap Roots: 0.2ms
[2022-05-19T10:08:11.106+0000][163][gc,phases      ] GC(273)   Evacuate Collection Set: 1.8ms
[2022-05-19T10:08:11.106+0000][163][gc,phases      ] GC(273)   Post Evacuate Collection Set: 0.6ms
[2022-05-19T10:08:11.106+0000][163][gc,phases      ] GC(273)   Other: 2.1ms
[2022-05-19T10:08:11.107+0000][163][gc,heap        ] GC(273) Eden regions: 17->0(17)
[2022-05-19T10:08:11.107+0000][163][gc,heap        ] GC(273) Survivor regions: 2->2(3)
[2022-05-19T10:08:11.107+0000][163][gc,heap        ] GC(273) Old regions: 53->53
[2022-05-19T10:08:11.107+0000][163][gc,heap        ] GC(273) Archive regions: 2->2
[2022-05-19T10:08:11.107+0000][163][gc,heap        ] GC(273) Humongous regions: 32->32
[2022-05-19T10:08:11.107+0000][163][gc,metaspace   ] GC(273) Metaspace: 101898K(103360K)->101898K(103360K) NonClass: 87921K(88832K)->87921K(88832K) Class: 13977K(14528K)->13977K(14528K)
[2022-05-19T10:08:11.108+0000][163][gc             ] GC(273) Pause Young (Concurrent Start) (G1 Evacuation Pause) 407M->340M(512M) 6.933ms
[2022-05-19T10:08:11.108+0000][163][gc,cpu         ] GC(273) User=0.02s Sys=0.00s Real=0.00s
[2022-05-19T10:08:11.108+0000][163][safepoint      ] Safepoint "G1CollectForAllocation", Time since last: 653063100 ns, Reaching safepoint: 206600 ns, At safepoint: 7378100 ns, Total: 7584700 ns
[2022-05-19T10:08:11.108+0000][163][gc             ] GC(274) Concurrent Mark Cycle
[2022-05-19T10:08:11.108+0000][163][gc,marking     ] GC(274) Concurrent Clear Claimed Marks
[2022-05-19T10:08:11.109+0000][163][gc,marking     ] GC(274) Concurrent Clear Claimed Marks 0.252ms
[2022-05-19T10:08:11.109+0000][163][gc,marking     ] GC(274) Concurrent Scan Root Regions
[2022-05-19T10:08:11.110+0000][163][gc,marking     ] GC(274) Concurrent Scan Root Regions 1.299ms
[2022-05-19T10:08:11.110+0000][163][gc,marking     ] GC(274) Concurrent Mark
[2022-05-19T10:08:11.110+0000][163][gc,marking     ] GC(274) Concurrent Mark From Roots
[2022-05-19T10:08:11.111+0000][163][gc,task        ] GC(274) Using 3 workers of 3 for marking
[2022-05-19T10:08:11.165+0000][163][gc,marking     ] GC(274) Concurrent Mark From Roots 54.604ms
[2022-05-19T10:08:11.165+0000][163][gc,marking     ] GC(274) Concurrent Preclean
[2022-05-19T10:08:11.166+0000][163][gc,marking     ] GC(274) Concurrent Preclean 0.751ms
[2022-05-19T10:08:11.167+0000][163][gc,start       ] GC(274) Pause Remark
[2022-05-19T10:08:11.170+0000][163][gc             ] GC(274) Pause Remark 345M->345M(512M) 3.222ms
[2022-05-19T10:08:11.170+0000][163][gc,cpu         ] GC(274) User=0.03s Sys=0.00s Real=0.00s
[2022-05-19T10:08:11.170+0000][163][safepoint      ] Safepoint "G1Concurrent", Time since last: 58281700 ns, Reaching safepoint: 284400 ns, At safepoint: 3629400 ns, Total: 3913800 ns
[2022-05-19T10:08:11.170+0000][163][gc,marking     ] GC(274) Concurrent Mark 60.127ms
[2022-05-19T10:08:11.171+0000][163][gc,marking     ] GC(274) Concurrent Rebuild Remembered Sets
[2022-05-19T10:08:11.199+0000][163][gc,marking     ] GC(274) Concurrent Rebuild Remembered Sets 28.321ms
[2022-05-19T10:08:11.199+0000][163][gc,start       ] GC(274) Pause Cleanup
[2022-05-19T10:08:11.200+0000][163][gc             ] GC(274) Pause Cleanup 348M->348M(512M) 0.360ms
[2022-05-19T10:08:11.200+0000][163][gc,cpu         ] GC(274) User=0.00s Sys=0.00s Real=0.00s
[2022-05-19T10:08:11.200+0000][163][safepoint      ] Safepoint "G1Concurrent", Time since last: 28872600 ns, Reaching safepoint: 276000 ns, At safepoint: 679700 ns, Total: 955700 ns
[2022-05-19T10:08:11.200+0000][163][gc,marking     ] GC(274) Concurrent Cleanup for Next Mark
[2022-05-19T10:08:11.201+0000][163][gc,marking     ] GC(274) Concurrent Cleanup for Next Mark 0.464ms
[2022-05-19T10:08:11.201+0000][163][gc             ] GC(274) Concurrent Mark Cycle 92.826ms
[2022-05-19T10:08:11.766+0000][163][gc,start       ] GC(275) Pause Young (Normal) (G1 Evacuation Pause)
[2022-05-19T10:08:11.766+0000][163][gc,task        ] GC(275) Using 10 workers of 10 for evacuation
[2022-05-19T10:08:11.766+0000][163][gc,age         ] GC(275) Desired survivor size 6291456 bytes, new threshold 15 (max threshold 15)
[2022-05-19T10:08:11.769+0000][163][gc,age         ] GC(275) Age table with threshold 15 (max threshold 15)
[2022-05-19T10:08:11.769+0000][163][gc,age         ] GC(275) - age   1:     990376 bytes,     990376 total
[2022-05-19T10:08:11.769+0000][163][gc,age         ] GC(275) - age   2:     954728 bytes,    1945104 total
[2022-05-19T10:08:11.769+0000][163][gc,age         ] GC(275) - age   3:    1016336 bytes,    2961440 total
[2022-05-19T10:08:11.769+0000][163][gc,age         ] GC(275) - age   4:    1081976 bytes,    4043416 total
[2022-05-19T10:08:11.769+0000][163][gc,age         ] GC(275) - age   5:    1016336 bytes,    5059752 total
[2022-05-19T10:08:11.770+0000][163][gc,age         ] GC(275) - age   6:    1081904 bytes,    6141656 total
[2022-05-19T10:08:11.770+0000][163][gc,age         ] GC(275) - age   7:    1049088 bytes,    7190744 total
[2022-05-19T10:08:11.770+0000][163][gc,phases      ] GC(275)   Pre Evacuate Collection Set: 0.2ms
[2022-05-19T10:08:11.770+0000][163][gc,phases      ] GC(275)   Merge Heap Roots: 0.1ms
[2022-05-19T10:08:11.770+0000][163][gc,phases      ] GC(275)   Evacuate Collection Set: 1.4ms
[2022-05-19T10:08:11.770+0000][163][gc,phases      ] GC(275)   Post Evacuate Collection Set: 0.6ms
[2022-05-19T10:08:11.770+0000][163][gc,phases      ] GC(275)   Other: 1.8ms
[2022-05-19T10:08:11.771+0000][163][gc,heap        ] GC(275) Eden regions: 17->0(17)
[2022-05-19T10:08:11.771+0000][163][gc,heap        ] GC(275) Survivor regions: 2->2(3)
[2022-05-19T10:08:11.771+0000][163][gc,heap        ] GC(275) Old regions: 53->53
[2022-05-19T10:08:11.771+0000][163][gc,heap        ] GC(275) Archive regions: 2->2
[2022-05-19T10:08:11.771+0000][163][gc,heap        ] GC(275) Humongous regions: 32->32
[2022-05-19T10:08:11.771+0000][163][gc,metaspace   ] GC(275) Metaspace: 101898K(103360K)->101898K(103360K) NonClass: 87921K(88832K)->87921K(88832K) Class: 13977K(14528K)->13977K(14528K)
[2022-05-19T10:08:11.771+0000][163][gc             ] GC(275) Pause Young (Normal) (G1 Evacuation Pause) 408M->341M(512M) 5.627ms
[2022-05-19T10:08:11.772+0000][163][gc,cpu         ] GC(275) User=0.01s Sys=0.00s Real=0.01s
[2022-05-19T10:08:11.772+0000][163][safepoint      ] Safepoint "G1CollectForAllocation", Time since last: 565517400 ns, Reaching safepoint: 226700 ns, At safepoint: 6011400 ns, Total: 6238100 ns
[2022-05-19T10:08:12.510+0000][163][gc,start       ] GC(276) Pause Young (Concurrent Start) (G1 Evacuation Pause)
[2022-05-19T10:08:12.510+0000][163][gc,task        ] GC(276) Using 10 workers of 10 for evacuation
[2022-05-19T10:08:12.510+0000][163][gc,age         ] GC(276) Desired survivor size 6291456 bytes, new threshold 7 (max threshold 15)
[2022-05-19T10:08:12.513+0000][163][gc,age         ] GC(276) Age table with threshold 7 (max threshold 15)
[2022-05-19T10:08:12.513+0000][163][gc,age         ] GC(276) - age   1:     985984 bytes,     985984 total
[2022-05-19T10:08:12.513+0000][163][gc,age         ] GC(276) - age   2:     989784 bytes,    1975768 total
[2022-05-19T10:08:12.513+0000][163][gc,age         ] GC(276) - age   3:     953048 bytes,    2928816 total
[2022-05-19T10:08:12.513+0000][163][gc,age         ] GC(276) - age   4:    1016336 bytes,    3945152 total
[2022-05-19T10:08:12.514+0000][163][gc,age         ] GC(276) - age   5:    1081976 bytes,    5027128 total
[2022-05-19T10:08:12.514+0000][163][gc,age         ] GC(276) - age   6:    1016336 bytes,    6043464 total
[2022-05-19T10:08:12.514+0000][163][gc,age         ] GC(276) - age   7:    1081904 bytes,    7125368 total
[2022-05-19T10:08:12.514+0000][163][gc,phases      ] GC(276)   Pre Evacuate Collection Set: 0.3ms
[2022-05-19T10:08:12.514+0000][163][gc,phases      ] GC(276)   Merge Heap Roots: 0.2ms
[2022-05-19T10:08:12.514+0000][163][gc,phases      ] GC(276)   Evacuate Collection Set: 1.7ms
[2022-05-19T10:08:12.515+0000][163][gc,phases      ] GC(276)   Post Evacuate Collection Set: 0.6ms
[2022-05-19T10:08:12.515+0000][163][gc,phases      ] GC(276)   Other: 1.6ms
[2022-05-19T10:08:12.515+0000][163][gc,heap        ] GC(276) Eden regions: 17->0(17)
[2022-05-19T10:08:12.516+0000][163][gc,heap        ] GC(276) Survivor regions: 2->2(3)
[2022-05-19T10:08:12.516+0000][163][gc,heap        ] GC(276) Old regions: 53->53
[2022-05-19T10:08:12.516+0000][163][gc,heap        ] GC(276) Archive regions: 2->2
[2022-05-19T10:08:12.516+0000][163][gc,heap        ] GC(276) Humongous regions: 32->32
[2022-05-19T10:08:12.516+0000][163][gc,metaspace   ] GC(276) Metaspace: 101898K(103360K)->101898K(103360K) NonClass: 87921K(88832K)->87921K(88832K) Class: 13977K(14528K)->13977K(14528K)
[2022-05-19T10:08:12.517+0000][163][gc             ] GC(276) Pause Young (Concurrent Start) (G1 Evacuation Pause) 409M->342M(512M) 6.868ms
[2022-05-19T10:08:12.517+0000][163][gc,cpu         ] GC(276) User=0.01s Sys=0.01s Real=0.01s
[2022-05-19T10:08:12.517+0000][163][gc             ] GC(277) Concurrent Mark Cycle
[2022-05-19T10:08:12.517+0000][163][gc,marking     ] GC(277) Concurrent Clear Claimed Marks
[2022-05-19T10:08:12.517+0000][163][safepoint      ] Safepoint "G1CollectForAllocation", Time since last: 737786200 ns, Reaching safepoint: 205100 ns, At safepoint: 7302300 ns, Total: 7507400 ns
[2022-05-19T10:08:12.518+0000][163][gc,marking     ] GC(277) Concurrent Clear Claimed Marks 0.248ms
[2022-05-19T10:08:12.518+0000][163][gc,marking     ] GC(277) Concurrent Scan Root Regions
[2022-05-19T10:08:12.519+0000][163][gc,marking     ] GC(277) Concurrent Scan Root Regions 1.089ms
[2022-05-19T10:08:12.519+0000][163][gc,marking     ] GC(277) Concurrent Mark
[2022-05-19T10:08:12.519+0000][163][gc,marking     ] GC(277) Concurrent Mark From Roots
[2022-05-19T10:08:12.519+0000][163][gc,task        ] GC(277) Using 3 workers of 3 for marking
[2022-05-19T10:08:12.576+0000][163][gc,marking     ] GC(277) Concurrent Mark From Roots 56.376ms
[2022-05-19T10:08:12.576+0000][163][gc,marking     ] GC(277) Concurrent Preclean
[2022-05-19T10:08:12.577+0000][163][gc,marking     ] GC(277) Concurrent Preclean 0.841ms
[2022-05-19T10:08:12.577+0000][163][gc,start       ] GC(277) Pause Remark
[2022-05-19T10:08:12.581+0000][163][gc             ] GC(277) Pause Remark 346M->346M(512M) 3.405ms
[2022-05-19T10:08:12.581+0000][163][gc,cpu         ] GC(277) User=0.02s Sys=0.00s Real=0.01s
[2022-05-19T10:08:12.581+0000][163][safepoint      ] Safepoint "G1Concurrent", Time since last: 59839200 ns, Reaching safepoint: 313300 ns, At safepoint: 3914600 ns, Total: 4227900 ns
[2022-05-19T10:08:12.581+0000][163][gc,marking     ] GC(277) Concurrent Mark 62.349ms
[2022-05-19T10:08:12.582+0000][163][gc,marking     ] GC(277) Concurrent Rebuild Remembered Sets
[2022-05-19T10:08:12.609+0000][163][gc,marking     ] GC(277) Concurrent Rebuild Remembered Sets 26.925ms
[2022-05-19T10:08:12.609+0000][163][gc,start       ] GC(277) Pause Cleanup
[2022-05-19T10:08:12.610+0000][163][gc             ] GC(277) Pause Cleanup 348M->348M(512M) 0.498ms
[2022-05-19T10:08:12.610+0000][163][gc,cpu         ] GC(277) User=0.00s Sys=0.00s Real=0.00s
[2022-05-19T10:08:12.610+0000][163][safepoint      ] Safepoint "G1Concurrent", Time since last: 27736700 ns, Reaching safepoint: 314200 ns, At safepoint: 948300 ns, Total: 1262500 ns
[2022-05-19T10:08:12.610+0000][163][gc,marking     ] GC(277) Concurrent Cleanup for Next Mark
[2022-05-19T10:08:12.611+0000][163][gc,marking     ] GC(277) Concurrent Cleanup for Next Mark 0.458ms
[2022-05-19T10:08:12.611+0000][163][gc             ] GC(277) Concurrent Mark Cycle 93.986ms
