[2022-05-24T00:54:28.635+0000][164][gc] Using G1
[2022-05-24T00:54:28.669+0000][164][gc,init] Version: 17.0.2+8 (release)
[2022-05-24T00:54:28.670+0000][164][gc,init] CPUs: 12 total, 12 available
[2022-05-24T00:54:28.670+0000][164][gc,init] Memory: 25532M
[2022-05-24T00:54:28.670+0000][164][gc,init] Large Page Support: Disabled
[2022-05-24T00:54:28.670+0000][164][gc,init] NUMA Support: Disabled
[2022-05-24T00:54:28.670+0000][164][gc,init] Compressed Oops: Enabled (32-bit)
[2022-05-24T00:54:28.671+0000][164][gc,init] Heap Region Size: 4M
[2022-05-24T00:54:28.671+0000][164][gc,init] Heap Min Capacity: 512M
[2022-05-24T00:54:28.671+0000][164][gc,init] Heap Initial Capacity: 512M
[2022-05-24T00:54:28.672+0000][164][gc,init] Heap Max Capacity: 512M
[2022-05-24T00:54:28.672+0000][164][gc,init] Pre-touch: Enabled
[2022-05-24T00:54:28.672+0000][164][gc,init] Parallel Workers: 10
[2022-05-24T00:54:28.672+0000][164][gc,init] Concurrent Workers: 3
[2022-05-24T00:54:28.672+0000][164][gc,init] Concurrent Refinement Workers: 10
[2022-05-24T00:54:28.672+0000][164][gc,init] Periodic GC: Disabled
[2022-05-24T00:54:28.672+0000][164][gc,metaspace] CDS archive(s) mapped at: [0x0000000800000000-0x0000000800bd2000-0x0000000800bd2000), size 12394496, SharedBaseAddress: 0x0000000800000000, ArchiveRelocationMode: 0.
[2022-05-24T00:54:28.673+0000][164][gc,metaspace] Compressed class space mapped at: 0x0000000800c00000-0x0000000840c00000, reserved size: 1073741824
[2022-05-24T00:54:28.673+0000][164][gc,metaspace] Narrow klass base: 0x0000000800000000, Narrow klass shift: 0, Narrow klass range: 0x100000000
[2022-05-24T00:54:28.997+0000][164][safepoint   ] Safepoint "ICBufferFull", Time since last: 319301100 ns, Reaching safepoint: 139400 ns, At safepoint: 29400 ns, Total: 168800 ns
[2022-05-24T00:54:29.224+0000][164][gc,start    ] GC(0) Pause Young (Normal) (G1 Evacuation Pause)
[2022-05-24T00:54:29.225+0000][164][gc,task     ] GC(0) Using 10 workers of 10 for evacuation
[2022-05-24T00:54:29.225+0000][164][gc,age      ] GC(0) Desired survivor size 2097152 bytes, new threshold 15 (max threshold 15)
[2022-05-24T00:54:29.228+0000][164][gc,age      ] GC(0) Age table with threshold 15 (max threshold 15)
[2022-05-24T00:54:29.228+0000][164][gc,age      ] GC(0) - age   1:    4189560 bytes,    4189560 total
[2022-05-24T00:54:29.228+0000][164][gc,phases   ] GC(0)   Pre Evacuate Collection Set: 0.2ms
[2022-05-24T00:54:29.228+0000][164][gc,phases   ] GC(0)   Merge Heap Roots: 0.2ms
[2022-05-24T00:54:29.229+0000][164][gc,phases   ] GC(0)   Evacuate Collection Set: 1.6ms
[2022-05-24T00:54:29.229+0000][164][gc,phases   ] GC(0)   Post Evacuate Collection Set: 0.7ms
[2022-05-24T00:54:29.229+0000][164][gc,phases   ] GC(0)   Other: 1.3ms
[2022-05-24T00:54:29.229+0000][164][gc,heap     ] GC(0) Eden regions: 6->0(5)
[2022-05-24T00:54:29.229+0000][164][gc,heap     ] GC(0) Survivor regions: 0->1(1)
[2022-05-24T00:54:29.229+0000][164][gc,heap     ] GC(0) Old regions: 0->1
[2022-05-24T00:54:29.229+0000][164][gc,heap     ] GC(0) Archive regions: 2->2
[2022-05-24T00:54:29.230+0000][164][gc,heap     ] GC(0) Humongous regions: 0->0
[2022-05-24T00:54:29.230+0000][164][gc,metaspace] GC(0) Metaspace: 9323K(9536K)->9323K(9536K) NonClass: 8255K(8384K)->8255K(8384K) Class: 1068K(1152K)->1068K(1152K)
[2022-05-24T00:54:29.230+0000][164][gc          ] GC(0) Pause Young (Normal) (G1 Evacuation Pause) 27M->8M(512M) 5.585ms
[2022-05-24T00:54:29.230+0000][164][gc,cpu      ] GC(0) User=0.02s Sys=0.01s Real=0.00s
[2022-05-24T00:54:29.230+0000][164][safepoint   ] Safepoint "G1CollectForAllocation", Time since last: 226606900 ns, Reaching safepoint: 233100 ns, At safepoint: 6110900 ns, Total: 6344000 ns
[2022-05-24T00:54:29.475+0000][164][gc,start    ] GC(1) Pause Young (Normal) (G1 Evacuation Pause)
[2022-05-24T00:54:29.475+0000][164][gc,task     ] GC(1) Using 10 workers of 10 for evacuation
[2022-05-24T00:54:29.475+0000][164][gc,age      ] GC(1) Desired survivor size 2097152 bytes, new threshold 1 (max threshold 15)
[2022-05-24T00:54:29.479+0000][164][gc,age      ] GC(1) Age table with threshold 1 (max threshold 15)
[2022-05-24T00:54:29.479+0000][164][gc,age      ] GC(1) - age   1:    1873720 bytes,    1873720 total
[2022-05-24T00:54:29.479+0000][164][gc,phases   ] GC(1)   Pre Evacuate Collection Set: 0.2ms
[2022-05-24T00:54:29.479+0000][164][gc,phases   ] GC(1)   Merge Heap Roots: 0.2ms
[2022-05-24T00:54:29.479+0000][164][gc,phases   ] GC(1)   Evacuate Collection Set: 2.1ms
[2022-05-24T00:54:29.480+0000][164][gc,phases   ] GC(1)   Post Evacuate Collection Set: 0.7ms
[2022-05-24T00:54:29.480+0000][164][gc,phases   ] GC(1)   Other: 1.4ms
[2022-05-24T00:54:29.480+0000][164][gc,heap     ] GC(1) Eden regions: 5->0(11)
[2022-05-24T00:54:29.480+0000][164][gc,heap     ] GC(1) Survivor regions: 1->1(1)
[2022-05-24T00:54:29.480+0000][164][gc,heap     ] GC(1) Old regions: 1->2
[2022-05-24T00:54:29.481+0000][164][gc,heap     ] GC(1) Archive regions: 2->2
[2022-05-24T00:54:29.481+0000][164][gc,heap     ] GC(1) Humongous regions: 0->0
[2022-05-24T00:54:29.481+0000][164][gc,metaspace] GC(1) Metaspace: 12682K(12928K)->12682K(12928K) NonClass: 11126K(11264K)->11126K(11264K) Class: 1555K(1664K)->1555K(1664K)
[2022-05-24T00:54:29.481+0000][164][gc          ] GC(1) Pause Young (Normal) (G1 Evacuation Pause) 28M->10M(512M) 6.315ms
[2022-05-24T00:54:29.481+0000][164][gc,cpu      ] GC(1) User=0.02s Sys=0.01s Real=0.00s
[2022-05-24T00:54:29.481+0000][164][safepoint   ] Safepoint "G1CollectForAllocation", Time since last: 244292100 ns, Reaching safepoint: 229600 ns, At safepoint: 6708600 ns, Total: 6938200 ns
[2022-05-24T00:54:29.638+0000][164][safepoint   ] Safepoint "ICBufferFull", Time since last: 156424800 ns, Reaching safepoint: 180800 ns, At safepoint: 4700 ns, Total: 185500 ns
[2022-05-24T00:54:29.897+0000][164][gc,start    ] GC(2) Pause Young (Normal) (G1 Evacuation Pause)
[2022-05-24T00:54:29.898+0000][164][gc,task     ] GC(2) Using 10 workers of 10 for evacuation
[2022-05-24T00:54:29.898+0000][164][gc,age      ] GC(2) Desired survivor size 4194304 bytes, new threshold 15 (max threshold 15)
[2022-05-24T00:54:29.901+0000][164][gc,age      ] GC(2) Age table with threshold 15 (max threshold 15)
[2022-05-24T00:54:29.901+0000][164][gc,age      ] GC(2) - age   1:    1243016 bytes,    1243016 total
[2022-05-24T00:54:29.901+0000][164][gc,age      ] GC(2) - age   2:    1839008 bytes,    3082024 total
[2022-05-24T00:54:29.901+0000][164][gc,phases   ] GC(2)   Pre Evacuate Collection Set: 0.2ms
[2022-05-24T00:54:29.901+0000][164][gc,phases   ] GC(2)   Merge Heap Roots: 0.2ms
[2022-05-24T00:54:29.902+0000][164][gc,phases   ] GC(2)   Evacuate Collection Set: 1.5ms
[2022-05-24T00:54:29.902+0000][164][gc,phases   ] GC(2)   Post Evacuate Collection Set: 1.2ms
[2022-05-24T00:54:29.902+0000][164][gc,phases   ] GC(2)   Other: 1.0ms
[2022-05-24T00:54:29.902+0000][164][gc,heap     ] GC(2) Eden regions: 11->0(56)
[2022-05-24T00:54:29.902+0000][164][gc,heap     ] GC(2) Survivor regions: 1->1(2)
[2022-05-24T00:54:29.902+0000][164][gc,heap     ] GC(2) Old regions: 2->2
[2022-05-24T00:54:29.903+0000][164][gc,heap     ] GC(2) Archive regions: 2->2
[2022-05-24T00:54:29.903+0000][164][gc,heap     ] GC(2) Humongous regions: 0->0
[2022-05-24T00:54:29.903+0000][164][gc,metaspace] GC(2) Metaspace: 15133K(15424K)->15133K(15424K) NonClass: 13349K(13504K)->13349K(13504K) Class: 1783K(1920K)->1783K(1920K)
[2022-05-24T00:54:29.903+0000][164][gc          ] GC(2) Pause Young (Normal) (G1 Evacuation Pause) 54M->11M(512M) 5.680ms
[2022-05-24T00:54:29.903+0000][164][gc,cpu      ] GC(2) User=0.03s Sys=0.01s Real=0.00s
[2022-05-24T00:54:29.903+0000][164][safepoint   ] Safepoint "G1CollectForAllocation", Time since last: 259166700 ns, Reaching safepoint: 195200 ns, At safepoint: 6101000 ns, Total: 6296200 ns
[2022-05-24T00:54:30.132+0000][164][safepoint   ] Safepoint "ICBufferFull", Time since last: 228719900 ns, Reaching safepoint: 289200 ns, At safepoint: 7800 ns, Total: 297000 ns
[2022-05-24T00:54:30.134+0000][164][safepoint   ] Safepoint "ICBufferFull", Time since last: 909300 ns, Reaching safepoint: 240400 ns, At safepoint: 28000 ns, Total: 268400 ns
[2022-05-24T00:54:30.136+0000][164][safepoint   ] Safepoint "ICBufferFull", Time since last: 2091200 ns, Reaching safepoint: 310000 ns, At safepoint: 58700 ns, Total: 368700 ns
[2022-05-24T00:54:30.138+0000][164][safepoint   ] Safepoint "ICBufferFull", Time since last: 1539900 ns, Reaching safepoint: 224600 ns, At safepoint: 6800 ns, Total: 231400 ns
[2022-05-24T00:54:30.139+0000][164][safepoint   ] Safepoint "ICBufferFull", Time since last: 1002300 ns, Reaching safepoint: 245200 ns, At safepoint: 7100 ns, Total: 252300 ns
[2022-05-24T00:54:30.325+0000][164][safepoint   ] Safepoint "ICBufferFull", Time since last: 185623600 ns, Reaching safepoint: 210200 ns, At safepoint: 6400 ns, Total: 216600 ns
[2022-05-24T00:54:30.460+0000][164][gc,start    ] GC(3) Pause Young (Normal) (G1 Evacuation Pause)
[2022-05-24T00:54:30.460+0000][164][gc,task     ] GC(3) Using 10 workers of 10 for evacuation
[2022-05-24T00:54:30.461+0000][164][gc,age      ] GC(3) Desired survivor size 16777216 bytes, new threshold 15 (max threshold 15)
[2022-05-24T00:54:30.464+0000][164][gc,age      ] GC(3) Age table with threshold 15 (max threshold 15)
[2022-05-24T00:54:30.465+0000][164][gc,age      ] GC(3) - age   1:    3765552 bytes,    3765552 total
[2022-05-24T00:54:30.465+0000][164][gc,age      ] GC(3) - age   2:    1222176 bytes,    4987728 total
[2022-05-24T00:54:30.465+0000][164][gc,age      ] GC(3) - age   3:    1837488 bytes,    6825216 total
[2022-05-24T00:54:30.465+0000][164][gc,phases   ] GC(3)   Pre Evacuate Collection Set: 0.2ms
[2022-05-24T00:54:30.465+0000][164][gc,phases   ] GC(3)   Merge Heap Roots: 0.2ms
[2022-05-24T00:54:30.465+0000][164][gc,phases   ] GC(3)   Evacuate Collection Set: 2.5ms
[2022-05-24T00:54:30.466+0000][164][gc,phases   ] GC(3)   Post Evacuate Collection Set: 0.8ms
[2022-05-24T00:54:30.466+0000][164][gc,phases   ] GC(3)   Other: 1.2ms
[2022-05-24T00:54:30.466+0000][164][gc,heap     ] GC(3) Eden regions: 56->0(74)
[2022-05-24T00:54:30.466+0000][164][gc,heap     ] GC(3) Survivor regions: 1->2(8)
[2022-05-24T00:54:30.466+0000][164][gc,heap     ] GC(3) Old regions: 2->2
[2022-05-24T00:54:30.466+0000][164][gc,heap     ] GC(3) Archive regions: 2->2
[2022-05-24T00:54:30.466+0000][164][gc,heap     ] GC(3) Humongous regions: 0->0
[2022-05-24T00:54:30.467+0000][164][gc,metaspace] GC(3) Metaspace: 17947K(18240K)->17947K(18240K) NonClass: 15778K(15936K)->15778K(15936K) Class: 2168K(2304K)->2168K(2304K)
[2022-05-24T00:54:30.467+0000][164][gc          ] GC(3) Pause Young (Normal) (G1 Evacuation Pause) 235M->15M(512M) 6.582ms
[2022-05-24T00:54:30.467+0000][164][gc,cpu      ] GC(3) User=0.02s Sys=0.01s Real=0.01s
[2022-05-24T00:54:30.467+0000][164][safepoint   ] Safepoint "G1CollectForAllocation", Time since last: 134941100 ns, Reaching safepoint: 245400 ns, At safepoint: 6928700 ns, Total: 7174100 ns
[2022-05-24T00:54:30.868+0000][164][gc,start    ] GC(4) Pause Young (Normal) (G1 Evacuation Pause)
[2022-05-24T00:54:30.868+0000][164][gc,task     ] GC(4) Using 10 workers of 10 for evacuation
[2022-05-24T00:54:30.868+0000][164][gc,age      ] GC(4) Desired survivor size 20971520 bytes, new threshold 15 (max threshold 15)
[2022-05-24T00:54:30.872+0000][164][gc,age      ] GC(4) Age table with threshold 15 (max threshold 15)
[2022-05-24T00:54:30.872+0000][164][gc,age      ] GC(4) - age   1:    4354320 bytes,    4354320 total
[2022-05-24T00:54:30.872+0000][164][gc,age      ] GC(4) - age   2:    3728528 bytes,    8082848 total
[2022-05-24T00:54:30.873+0000][164][gc,age      ] GC(4) - age   3:    1222000 bytes,    9304848 total
[2022-05-24T00:54:30.873+0000][164][gc,age      ] GC(4) - age   4:    1837488 bytes,   11142336 total
[2022-05-24T00:54:30.873+0000][164][gc,phases   ] GC(4)   Pre Evacuate Collection Set: 0.2ms
[2022-05-24T00:54:30.873+0000][164][gc,phases   ] GC(4)   Merge Heap Roots: 0.2ms
[2022-05-24T00:54:30.873+0000][164][gc,phases   ] GC(4)   Evacuate Collection Set: 2.6ms
[2022-05-24T00:54:30.874+0000][164][gc,phases   ] GC(4)   Post Evacuate Collection Set: 0.9ms
[2022-05-24T00:54:30.874+0000][164][gc,phases   ] GC(4)   Other: 1.8ms
[2022-05-24T00:54:30.874+0000][164][gc,heap     ] GC(4) Eden regions: 74->0(73)
[2022-05-24T00:54:30.874+0000][164][gc,heap     ] GC(4) Survivor regions: 2->3(10)
[2022-05-24T00:54:30.874+0000][164][gc,heap     ] GC(4) Old regions: 2->2
[2022-05-24T00:54:30.874+0000][164][gc,heap     ] GC(4) Archive regions: 2->2
[2022-05-24T00:54:30.874+0000][164][gc,heap     ] GC(4) Humongous regions: 0->0
[2022-05-24T00:54:30.874+0000][164][gc,metaspace] GC(4) Metaspace: 19319K(19648K)->19319K(19648K) NonClass: 16964K(17152K)->16964K(17152K) Class: 2355K(2496K)->2355K(2496K)
[2022-05-24T00:54:30.875+0000][164][gc          ] GC(4) Pause Young (Normal) (G1 Evacuation Pause) 311M->19M(512M) 7.021ms
[2022-05-24T00:54:30.875+0000][164][gc,cpu      ] GC(4) User=0.04s Sys=0.00s Real=0.01s
[2022-05-24T00:54:30.875+0000][164][safepoint   ] Safepoint "G1CollectForAllocation", Time since last: 400215000 ns, Reaching safepoint: 185500 ns, At safepoint: 7333400 ns, Total: 7518900 ns
[2022-05-24T00:54:31.171+0000][164][gc,start    ] GC(5) Pause Young (Normal) (G1 Evacuation Pause)
[2022-05-24T00:54:31.171+0000][164][gc,task     ] GC(5) Using 10 workers of 10 for evacuation
[2022-05-24T00:54:31.172+0000][164][gc,age      ] GC(5) Desired survivor size 20971520 bytes, new threshold 15 (max threshold 15)
[2022-05-24T00:54:31.175+0000][164][gc,age      ] GC(5) Age table with threshold 15 (max threshold 15)
[2022-05-24T00:54:31.176+0000][164][gc,age      ] GC(5) - age   1:    2449272 bytes,    2449272 total
[2022-05-24T00:54:31.176+0000][164][gc,age      ] GC(5) - age   2:    4144024 bytes,    6593296 total
[2022-05-24T00:54:31.176+0000][164][gc,age      ] GC(5) - age   3:    3728048 bytes,   10321344 total
[2022-05-24T00:54:31.176+0000][164][gc,age      ] GC(5) - age   4:    1221936 bytes,   11543280 total
[2022-05-24T00:54:31.177+0000][164][gc,age      ] GC(5) - age   5:    1837424 bytes,   13380704 total
[2022-05-24T00:54:31.177+0000][164][gc,phases   ] GC(5)   Pre Evacuate Collection Set: 0.2ms
[2022-05-24T00:54:31.177+0000][164][gc,phases   ] GC(5)   Merge Heap Roots: 0.1ms
[2022-05-24T00:54:31.177+0000][164][gc,phases   ] GC(5)   Evacuate Collection Set: 2.5ms
[2022-05-24T00:54:31.177+0000][164][gc,phases   ] GC(5)   Post Evacuate Collection Set: 0.7ms
[2022-05-24T00:54:31.178+0000][164][gc,phases   ] GC(5)   Other: 2.4ms
[2022-05-24T00:54:31.178+0000][164][gc,heap     ] GC(5) Eden regions: 73->0(72)
[2022-05-24T00:54:31.178+0000][164][gc,heap     ] GC(5) Survivor regions: 3->4(10)
[2022-05-24T00:54:31.178+0000][164][gc,heap     ] GC(5) Old regions: 2->2
[2022-05-24T00:54:31.178+0000][164][gc,heap     ] GC(5) Archive regions: 2->2
[2022-05-24T00:54:31.178+0000][164][gc,heap     ] GC(5) Humongous regions: 0->0
[2022-05-24T00:54:31.178+0000][164][gc,metaspace] GC(5) Metaspace: 19830K(20288K)->19830K(20288K) NonClass: 17386K(17664K)->17386K(17664K) Class: 2443K(2624K)->2443K(2624K)
[2022-05-24T00:54:31.178+0000][164][gc          ] GC(5) Pause Young (Normal) (G1 Evacuation Pause) 311M->21M(512M) 7.501ms
[2022-05-24T00:54:31.179+0000][164][gc,cpu      ] GC(5) User=0.04s Sys=0.00s Real=0.01s
[2022-05-24T00:54:31.179+0000][164][safepoint   ] Safepoint "G1CollectForAllocation", Time since last: 295831800 ns, Reaching safepoint: 281700 ns, At safepoint: 7831700 ns, Total: 8113400 ns
[2022-05-24T00:54:31.481+0000][164][gc,start    ] GC(6) Pause Young (Normal) (G1 Evacuation Pause)
[2022-05-24T00:54:31.482+0000][164][gc,task     ] GC(6) Using 10 workers of 10 for evacuation
[2022-05-24T00:54:31.482+0000][164][gc,age      ] GC(6) Desired survivor size 20971520 bytes, new threshold 15 (max threshold 15)
[2022-05-24T00:54:31.486+0000][164][gc,age      ] GC(6) Age table with threshold 15 (max threshold 15)
[2022-05-24T00:54:31.486+0000][164][gc,age      ] GC(6) - age   1:    2456824 bytes,    2456824 total
[2022-05-24T00:54:31.486+0000][164][gc,age      ] GC(6) - age   2:     661072 bytes,    3117896 total
[2022-05-24T00:54:31.487+0000][164][gc,age      ] GC(6) - age   3:    4139640 bytes,    7257536 total
[2022-05-24T00:54:31.487+0000][164][gc,age      ] GC(6) - age   4:    3725368 bytes,   10982904 total
[2022-05-24T00:54:31.487+0000][164][gc,age      ] GC(6) - age   5:    1221832 bytes,   12204736 total
[2022-05-24T00:54:31.487+0000][164][gc,age      ] GC(6) - age   6:    1837424 bytes,   14042160 total
[2022-05-24T00:54:31.487+0000][164][gc,phases   ] GC(6)   Pre Evacuate Collection Set: 0.2ms
[2022-05-24T00:54:31.488+0000][164][gc,phases   ] GC(6)   Merge Heap Roots: 0.2ms
[2022-05-24T00:54:31.488+0000][164][gc,phases   ] GC(6)   Evacuate Collection Set: 2.7ms
[2022-05-24T00:54:31.488+0000][164][gc,phases   ] GC(6)   Post Evacuate Collection Set: 0.8ms
[2022-05-24T00:54:31.488+0000][164][gc,phases   ] GC(6)   Other: 2.1ms
[2022-05-24T00:54:31.488+0000][164][gc,heap     ] GC(6) Eden regions: 72->0(72)
[2022-05-24T00:54:31.488+0000][164][gc,heap     ] GC(6) Survivor regions: 4->4(10)
[2022-05-24T00:54:31.489+0000][164][gc,heap     ] GC(6) Old regions: 2->2
[2022-05-24T00:54:31.489+0000][164][gc,heap     ] GC(6) Archive regions: 2->2
[2022-05-24T00:54:31.489+0000][164][gc,heap     ] GC(6) Humongous regions: 0->0
[2022-05-24T00:54:31.489+0000][164][gc,metaspace] GC(6) Metaspace: 20983K(21504K)->20983K(21504K) NonClass: 18388K(18688K)->18388K(18688K) Class: 2594K(2816K)->2594K(2816K)
[2022-05-24T00:54:31.489+0000][164][gc          ] GC(6) Pause Young (Normal) (G1 Evacuation Pause) 309M->22M(512M) 7.640ms
[2022-05-24T00:54:31.489+0000][164][gc,cpu      ] GC(6) User=0.03s Sys=0.00s Real=0.01s
[2022-05-24T00:54:31.489+0000][164][safepoint   ] Safepoint "G1CollectForAllocation", Time since last: 302499100 ns, Reaching safepoint: 171600 ns, At safepoint: 7931600 ns, Total: 8103200 ns
[2022-05-24T00:54:31.510+0000][164][gc,start    ] GC(7) Pause Young (Concurrent Start) (Metadata GC Threshold)
[2022-05-24T00:54:31.510+0000][164][gc,task     ] GC(7) Using 10 workers of 10 for evacuation
[2022-05-24T00:54:31.510+0000][164][gc,age      ] GC(7) Desired survivor size 20971520 bytes, new threshold 15 (max threshold 15)
[2022-05-24T00:54:31.514+0000][164][gc,age      ] GC(7) Age table with threshold 15 (max threshold 15)
[2022-05-24T00:54:31.515+0000][164][gc,age      ] GC(7) - age   1:     155680 bytes,     155680 total
[2022-05-24T00:54:31.515+0000][164][gc,age      ] GC(7) - age   2:    2071920 bytes,    2227600 total
[2022-05-24T00:54:31.515+0000][164][gc,age      ] GC(7) - age   3:     661072 bytes,    2888672 total
[2022-05-24T00:54:31.515+0000][164][gc,age      ] GC(7) - age   4:    4139640 bytes,    7028312 total
[2022-05-24T00:54:31.515+0000][164][gc,age      ] GC(7) - age   5:    3725368 bytes,   10753680 total
[2022-05-24T00:54:31.515+0000][164][gc,age      ] GC(7) - age   6:    1221832 bytes,   11975512 total
[2022-05-24T00:54:31.516+0000][164][gc,age      ] GC(7) - age   7:    1837424 bytes,   13812936 total
[2022-05-24T00:54:31.516+0000][164][gc,phases   ] GC(7)   Pre Evacuate Collection Set: 0.2ms
[2022-05-24T00:54:31.516+0000][164][gc,phases   ] GC(7)   Merge Heap Roots: 0.2ms
[2022-05-24T00:54:31.516+0000][164][gc,phases   ] GC(7)   Evacuate Collection Set: 2.7ms
[2022-05-24T00:54:31.516+0000][164][gc,phases   ] GC(7)   Post Evacuate Collection Set: 0.7ms
[2022-05-24T00:54:31.516+0000][164][gc,phases   ] GC(7)   Other: 1.9ms
[2022-05-24T00:54:31.516+0000][164][gc,heap     ] GC(7) Eden regions: 7->0(72)
[2022-05-24T00:54:31.517+0000][164][gc,heap     ] GC(7) Survivor regions: 4->4(10)
[2022-05-24T00:54:31.517+0000][164][gc,heap     ] GC(7) Old regions: 2->2
[2022-05-24T00:54:31.517+0000][164][gc,heap     ] GC(7) Archive regions: 2->2
[2022-05-24T00:54:31.517+0000][164][gc,heap     ] GC(7) Humongous regions: 0->0
[2022-05-24T00:54:31.517+0000][164][gc,metaspace] GC(7) Metaspace: 20987K(21504K)->20987K(21504K) NonClass: 18392K(18688K)->18392K(18688K) Class: 2594K(2816K)->2594K(2816K)
[2022-05-24T00:54:31.517+0000][164][gc          ] GC(7) Pause Young (Concurrent Start) (Metadata GC Threshold) 48M->22M(512M) 7.135ms
[2022-05-24T00:54:31.517+0000][164][gc,cpu      ] GC(7) User=0.01s Sys=0.01s Real=0.01s
[2022-05-24T00:54:31.518+0000][164][gc          ] GC(8) Concurrent Mark Cycle
[2022-05-24T00:54:31.518+0000][164][safepoint   ] Safepoint "CollectForMetadataAllocation", Time since last: 20520400 ns, Reaching safepoint: 173900 ns, At safepoint: 7576000 ns, Total: 7749900 ns
[2022-05-24T00:54:31.518+0000][164][gc,marking  ] GC(8) Concurrent Clear Claimed Marks
[2022-05-24T00:54:31.518+0000][164][gc,marking  ] GC(8) Concurrent Clear Claimed Marks 0.314ms
[2022-05-24T00:54:31.518+0000][164][gc,marking  ] GC(8) Concurrent Scan Root Regions
[2022-05-24T00:54:31.520+0000][164][gc,marking  ] GC(8) Concurrent Scan Root Regions 2.254ms
[2022-05-24T00:54:31.521+0000][164][gc,marking  ] GC(8) Concurrent Mark
[2022-05-24T00:54:31.521+0000][164][gc,marking  ] GC(8) Concurrent Mark From Roots
[2022-05-24T00:54:31.521+0000][164][gc,task     ] GC(8) Using 3 workers of 3 for marking
[2022-05-24T00:54:31.525+0000][164][gc,marking  ] GC(8) Concurrent Mark From Roots 4.398ms
[2022-05-24T00:54:31.525+0000][164][gc,marking  ] GC(8) Concurrent Preclean
[2022-05-24T00:54:31.526+0000][164][gc,marking  ] GC(8) Concurrent Preclean 0.452ms
[2022-05-24T00:54:31.526+0000][164][gc,start    ] GC(8) Pause Remark
[2022-05-24T00:54:31.528+0000][164][gc          ] GC(8) Pause Remark 30M->30M(512M) 2.209ms
[2022-05-24T00:54:31.529+0000][164][gc,cpu      ] GC(8) User=0.01s Sys=0.00s Real=0.00s
[2022-05-24T00:54:31.529+0000][164][safepoint   ] Safepoint "G1Concurrent", Time since last: 8295000 ns, Reaching safepoint: 251600 ns, At safepoint: 2640000 ns, Total: 2891600 ns
[2022-05-24T00:54:31.529+0000][164][gc,marking  ] GC(8) Concurrent Mark 8.400ms
[2022-05-24T00:54:31.529+0000][164][gc,marking  ] GC(8) Concurrent Rebuild Remembered Sets
[2022-05-24T00:54:31.531+0000][164][gc,marking  ] GC(8) Concurrent Rebuild Remembered Sets 2.069ms
[2022-05-24T00:54:31.532+0000][164][gc,start    ] GC(8) Pause Cleanup
[2022-05-24T00:54:31.532+0000][164][gc          ] GC(8) Pause Cleanup 32M->32M(512M) 0.305ms
[2022-05-24T00:54:31.532+0000][164][gc,cpu      ] GC(8) User=0.00s Sys=0.00s Real=0.00s
[2022-05-24T00:54:31.532+0000][164][safepoint   ] Safepoint "G1Concurrent", Time since last: 2570500 ns, Reaching safepoint: 159100 ns, At safepoint: 646000 ns, Total: 805100 ns
[2022-05-24T00:54:31.532+0000][164][gc,marking  ] GC(8) Concurrent Cleanup for Next Mark
[2022-05-24T00:54:31.533+0000][164][gc,marking  ] GC(8) Concurrent Cleanup for Next Mark 0.382ms
[2022-05-24T00:54:31.533+0000][164][gc          ] GC(8) Concurrent Mark Cycle 15.360ms
[2022-05-24T00:54:32.183+0000][164][safepoint   ] Safepoint "ICBufferFull", Time since last: 650006200 ns, Reaching safepoint: 352500 ns, At safepoint: 22000 ns, Total: 374500 ns
[2022-05-24T00:54:32.189+0000][164][safepoint   ] Safepoint "ICBufferFull", Time since last: 5947800 ns, Reaching safepoint: 169800 ns, At safepoint: 4700 ns, Total: 174500 ns
[2022-05-24T00:54:32.190+0000][164][safepoint   ] Safepoint "ICBufferFull", Time since last: 811500 ns, Reaching safepoint: 154400 ns, At safepoint: 4500 ns, Total: 158900 ns
[2022-05-24T00:54:32.191+0000][164][safepoint   ] Safepoint "ICBufferFull", Time since last: 741100 ns, Reaching safepoint: 159800 ns, At safepoint: 4400 ns, Total: 164200 ns
[2022-05-24T00:54:32.202+0000][164][safepoint   ] Safepoint "ICBufferFull", Time since last: 11700600 ns, Reaching safepoint: 174300 ns, At safepoint: 4900 ns, Total: 179200 ns
[2022-05-24T00:54:32.204+0000][164][safepoint   ] Safepoint "ICBufferFull", Time since last: 940300 ns, Reaching safepoint: 157300 ns, At safepoint: 4500 ns, Total: 161800 ns
[2022-05-24T00:54:32.230+0000][164][safepoint   ] Safepoint "ICBufferFull", Time since last: 26073500 ns, Reaching safepoint: 181300 ns, At safepoint: 17500 ns, Total: 198800 ns
[2022-05-24T00:54:32.235+0000][164][safepoint   ] Safepoint "ICBufferFull", Time since last: 4628900 ns, Reaching safepoint: 178300 ns, At safepoint: 17600 ns, Total: 195900 ns
[2022-05-24T00:54:32.242+0000][164][safepoint   ] Safepoint "ICBufferFull", Time since last: 6755700 ns, Reaching safepoint: 179100 ns, At safepoint: 17200 ns, Total: 196300 ns
[2022-05-24T00:54:32.290+0000][164][safepoint   ] Safepoint "ICBufferFull", Time since last: 48455900 ns, Reaching safepoint: 183700 ns, At safepoint: 5100 ns, Total: 188800 ns
[2022-05-24T00:54:32.292+0000][164][safepoint   ] Safepoint "ICBufferFull", Time since last: 1121900 ns, Reaching safepoint: 273700 ns, At safepoint: 40800 ns, Total: 314500 ns
[2022-05-24T00:54:32.306+0000][164][safepoint   ] Safepoint "ICBufferFull", Time since last: 14088300 ns, Reaching safepoint: 176300 ns, At safepoint: 5000 ns, Total: 181300 ns
[2022-05-24T00:54:33.195+0000][164][safepoint   ] Safepoint "ICBufferFull", Time since last: 888497500 ns, Reaching safepoint: 191900 ns, At safepoint: 7100 ns, Total: 199000 ns
[2022-05-24T00:54:33.311+0000][164][gc,start    ] GC(9) Pause Young (Normal) (G1 Evacuation Pause)
[2022-05-24T00:54:33.312+0000][164][gc,task     ] GC(9) Using 10 workers of 10 for evacuation
[2022-05-24T00:54:33.312+0000][164][gc,age      ] GC(9) Desired survivor size 20971520 bytes, new threshold 15 (max threshold 15)
[2022-05-24T00:54:33.322+0000][164][gc,age      ] GC(9) Age table with threshold 15 (max threshold 15)
[2022-05-24T00:54:33.323+0000][164][gc,age      ] GC(9) - age   1:   19110208 bytes,   19110208 total
[2022-05-24T00:54:33.323+0000][164][gc,age      ] GC(9) - age   2:     126920 bytes,   19237128 total
[2022-05-24T00:54:33.323+0000][164][gc,age      ] GC(9) - age   3:    2036784 bytes,   21273912 total
[2022-05-24T00:54:33.323+0000][164][gc,age      ] GC(9) - age   4:     646032 bytes,   21919944 total
[2022-05-24T00:54:33.323+0000][164][gc,age      ] GC(9) - age   5:    4117936 bytes,   26037880 total
[2022-05-24T00:54:33.323+0000][164][gc,age      ] GC(9) - age   6:    3647912 bytes,   29685792 total
[2022-05-24T00:54:33.324+0000][164][gc,age      ] GC(9) - age   7:    1167072 bytes,   30852864 total
[2022-05-24T00:54:33.324+0000][164][gc,age      ] GC(9) - age   8:    1829440 bytes,   32682304 total
[2022-05-24T00:54:33.324+0000][164][gc,phases   ] GC(9)   Pre Evacuate Collection Set: 0.2ms
[2022-05-24T00:54:33.324+0000][164][gc,phases   ] GC(9)   Merge Heap Roots: 0.2ms
[2022-05-24T00:54:33.324+0000][164][gc,phases   ] GC(9)   Evacuate Collection Set: 8.7ms
[2022-05-24T00:54:33.324+0000][164][gc,phases   ] GC(9)   Post Evacuate Collection Set: 1.3ms
[2022-05-24T00:54:33.325+0000][164][gc,phases   ] GC(9)   Other: 2.1ms
[2022-05-24T00:54:33.325+0000][164][gc,heap     ] GC(9) Eden regions: 72->0(68)
[2022-05-24T00:54:33.325+0000][164][gc,heap     ] GC(9) Survivor regions: 4->8(10)
[2022-05-24T00:54:33.325+0000][164][gc,heap     ] GC(9) Old regions: 2->2
[2022-05-24T00:54:33.325+0000][164][gc,heap     ] GC(9) Archive regions: 2->2
[2022-05-24T00:54:33.325+0000][164][gc,heap     ] GC(9) Humongous regions: 0->0
[2022-05-24T00:54:33.325+0000][164][gc,metaspace] GC(9) Metaspace: 30751K(31680K)->30751K(31680K) NonClass: 26796K(27392K)->26796K(27392K) Class: 3954K(4288K)->3954K(4288K)
[2022-05-24T00:54:33.326+0000][164][gc          ] GC(9) Pause Young (Normal) (G1 Evacuation Pause) 310M->40M(512M) 14.296ms
[2022-05-24T00:54:33.326+0000][164][gc,cpu      ] GC(9) User=0.13s Sys=0.00s Real=0.02s
[2022-05-24T00:54:33.326+0000][164][safepoint   ] Safepoint "G1CollectForAllocation", Time since last: 116370600 ns, Reaching safepoint: 237600 ns, At safepoint: 14688800 ns, Total: 14926400 ns
[2022-05-24T00:54:33.865+0000][164][gc,start    ] GC(10) Pause Young (Concurrent Start) (Metadata GC Threshold)
[2022-05-24T00:54:33.865+0000][164][gc,task     ] GC(10) Using 10 workers of 10 for evacuation
[2022-05-24T00:54:33.865+0000][164][gc,age      ] GC(10) Desired survivor size 20971520 bytes, new threshold 3 (max threshold 15)
[2022-05-24T00:54:33.876+0000][164][gc,age      ] GC(10) Age table with threshold 3 (max threshold 15)
[2022-05-24T00:54:33.877+0000][164][gc,age      ] GC(10) - age   1:    9339776 bytes,    9339776 total
[2022-05-24T00:54:33.877+0000][164][gc,age      ] GC(10) - age   2:   18521056 bytes,   27860832 total
[2022-05-24T00:54:33.877+0000][164][gc,age      ] GC(10) - age   3:     126920 bytes,   27987752 total
[2022-05-24T00:54:33.877+0000][164][gc,phases   ] GC(10)   Pre Evacuate Collection Set: 0.2ms
[2022-05-24T00:54:33.878+0000][164][gc,phases   ] GC(10)   Merge Heap Roots: 0.2ms
[2022-05-24T00:54:33.878+0000][164][gc,phases   ] GC(10)   Evacuate Collection Set: 9.4ms
[2022-05-24T00:54:33.878+0000][164][gc,phases   ] GC(10)   Post Evacuate Collection Set: 1.1ms
[2022-05-24T00:54:33.878+0000][164][gc,phases   ] GC(10)   Other: 1.8ms
[2022-05-24T00:54:33.878+0000][164][gc,heap     ] GC(10) Eden regions: 26->0(68)
[2022-05-24T00:54:33.878+0000][164][gc,heap     ] GC(10) Survivor regions: 8->8(10)
[2022-05-24T00:54:33.878+0000][164][gc,heap     ] GC(10) Old regions: 2->5
[2022-05-24T00:54:33.879+0000][164][gc,heap     ] GC(10) Archive regions: 2->2
[2022-05-24T00:54:33.879+0000][164][gc,heap     ] GC(10) Humongous regions: 0->0
[2022-05-24T00:54:33.879+0000][164][gc,metaspace] GC(10) Metaspace: 35079K(35968K)->35079K(35968K) NonClass: 30419K(30976K)->30419K(30976K) Class: 4659K(4992K)->4659K(4992K)
[2022-05-24T00:54:33.879+0000][164][gc          ] GC(10) Pause Young (Concurrent Start) (Metadata GC Threshold) 144M->50M(512M) 14.174ms
[2022-05-24T00:54:33.879+0000][164][gc,cpu      ] GC(10) User=0.10s Sys=0.00s Real=0.01s
[2022-05-24T00:54:33.879+0000][164][gc          ] GC(11) Concurrent Mark Cycle
[2022-05-24T00:54:33.879+0000][164][safepoint   ] Safepoint "CollectForMetadataAllocation", Time since last: 538600400 ns, Reaching safepoint: 173600 ns, At safepoint: 14554400 ns, Total: 14728000 ns
[2022-05-24T00:54:33.879+0000][164][gc,marking  ] GC(11) Concurrent Clear Claimed Marks
[2022-05-24T00:54:33.880+0000][164][gc,marking  ] GC(11) Concurrent Clear Claimed Marks 0.344ms
[2022-05-24T00:54:33.880+0000][164][gc,marking  ] GC(11) Concurrent Scan Root Regions
[2022-05-24T00:54:33.887+0000][164][gc,marking  ] GC(11) Concurrent Scan Root Regions 7.180ms
[2022-05-24T00:54:33.887+0000][164][gc,marking  ] GC(11) Concurrent Mark
[2022-05-24T00:54:33.888+0000][164][gc,marking  ] GC(11) Concurrent Mark From Roots
[2022-05-24T00:54:33.888+0000][164][gc,task     ] GC(11) Using 3 workers of 3 for marking
[2022-05-24T00:54:33.892+0000][164][safepoint   ] Safepoint "CollectForMetadataAllocation", Time since last: 10952100 ns, Reaching safepoint: 1323600 ns, At safepoint: 96700 ns, Total: 1420300 ns
[2022-05-24T00:54:33.893+0000][164][gc,marking  ] GC(11) Concurrent Mark From Roots 5.128ms
[2022-05-24T00:54:33.893+0000][164][gc,marking  ] GC(11) Concurrent Preclean
[2022-05-24T00:54:33.893+0000][164][gc,marking  ] GC(11) Concurrent Preclean 0.454ms
[2022-05-24T00:54:33.894+0000][164][gc,start    ] GC(11) Pause Remark
[2022-05-24T00:54:33.896+0000][164][gc          ] GC(11) Pause Remark 52M->52M(512M) 2.142ms
[2022-05-24T00:54:33.896+0000][164][gc,cpu      ] GC(11) User=0.01s Sys=0.00s Real=0.00s
[2022-05-24T00:54:33.896+0000][164][safepoint   ] Safepoint "G1Concurrent", Time since last: 1864900 ns, Reaching safepoint: 246900 ns, At safepoint: 2592000 ns, Total: 2838900 ns
[2022-05-24T00:54:33.897+0000][164][gc,marking  ] GC(11) Concurrent Mark 9.185ms
[2022-05-24T00:54:33.897+0000][164][gc,marking  ] GC(11) Concurrent Rebuild Remembered Sets
[2022-05-24T00:54:33.900+0000][164][gc,marking  ] GC(11) Concurrent Rebuild Remembered Sets 3.752ms
[2022-05-24T00:54:33.901+0000][164][gc,start    ] GC(11) Pause Cleanup
[2022-05-24T00:54:33.902+0000][164][gc          ] GC(11) Pause Cleanup 52M->52M(512M) 0.450ms
[2022-05-24T00:54:33.902+0000][164][gc,cpu      ] GC(11) User=0.00s Sys=0.00s Real=0.00s
[2022-05-24T00:54:33.902+0000][164][safepoint   ] Safepoint "G1Concurrent", Time since last: 4463400 ns, Reaching safepoint: 306700 ns, At safepoint: 898400 ns, Total: 1205100 ns
[2022-05-24T00:54:33.902+0000][164][gc,marking  ] GC(11) Concurrent Cleanup for Next Mark
[2022-05-24T00:54:33.903+0000][164][gc,marking  ] GC(11) Concurrent Cleanup for Next Mark 0.433ms
[2022-05-24T00:54:33.903+0000][164][gc          ] GC(11) Concurrent Mark Cycle 23.668ms
[2022-05-24T00:54:34.730+0000][164][safepoint   ] Safepoint "ICBufferFull", Time since last: 827396400 ns, Reaching safepoint: 263100 ns, At safepoint: 30200 ns, Total: 293300 ns
[2022-05-24T00:54:35.261+0000][164][gc,start    ] GC(12) Pause Young (Concurrent Start) (G1 Evacuation Pause)
[2022-05-24T00:54:35.261+0000][164][gc,task     ] GC(12) Using 10 workers of 10 for evacuation
[2022-05-24T00:54:35.262+0000][164][gc,age      ] GC(12) Desired survivor size 20971520 bytes, new threshold 2 (max threshold 15)
[2022-05-24T00:54:35.273+0000][164][gc,age      ] GC(12) Age table with threshold 2 (max threshold 15)
[2022-05-24T00:54:35.273+0000][164][gc,age      ] GC(12) - age   1:    6128824 bytes,    6128824 total
[2022-05-24T00:54:35.273+0000][164][gc,age      ] GC(12) - age   2:    9189088 bytes,   15317912 total
[2022-05-24T00:54:35.273+0000][164][gc,phases   ] GC(12)   Pre Evacuate Collection Set: 0.3ms
[2022-05-24T00:54:35.274+0000][164][gc,phases   ] GC(12)   Merge Heap Roots: 0.2ms
[2022-05-24T00:54:35.274+0000][164][gc,phases   ] GC(12)   Evacuate Collection Set: 9.0ms
[2022-05-24T00:54:35.274+0000][164][gc,phases   ] GC(12)   Post Evacuate Collection Set: 1.2ms
[2022-05-24T00:54:35.274+0000][164][gc,phases   ] GC(12)   Other: 1.6ms
[2022-05-24T00:54:35.274+0000][164][gc,heap     ] GC(12) Eden regions: 68->0(71)
[2022-05-24T00:54:35.275+0000][164][gc,heap     ] GC(12) Survivor regions: 8->5(10)
[2022-05-24T00:54:35.275+0000][164][gc,heap     ] GC(12) Old regions: 5->9
[2022-05-24T00:54:35.275+0000][164][gc,heap     ] GC(12) Archive regions: 2->2
[2022-05-24T00:54:35.275+0000][164][gc,heap     ] GC(12) Humongous regions: 0->0
[2022-05-24T00:54:35.275+0000][164][gc,metaspace] GC(12) Metaspace: 52313K(53568K)->52313K(53568K) NonClass: 45213K(45952K)->45213K(45952K) Class: 7099K(7616K)->7099K(7616K)
[2022-05-24T00:54:35.275+0000][164][gc          ] GC(12) Pause Young (Concurrent Start) (G1 Evacuation Pause) 322M->56M(512M) 14.185ms
[2022-05-24T00:54:35.275+0000][164][gc,cpu      ] GC(12) User=0.13s Sys=0.00s Real=0.02s
[2022-05-24T00:54:35.276+0000][164][gc          ] GC(13) Concurrent Mark Cycle
[2022-05-24T00:54:35.276+0000][164][gc,marking  ] GC(13) Concurrent Clear Claimed Marks
[2022-05-24T00:54:35.276+0000][164][safepoint   ] Safepoint "G1CollectForAllocation", Time since last: 530788500 ns, Reaching safepoint: 191500 ns, At safepoint: 14532100 ns, Total: 14723600 ns
[2022-05-24T00:54:35.276+0000][164][gc,marking  ] GC(13) Concurrent Clear Claimed Marks 0.229ms
[2022-05-24T00:54:35.276+0000][164][gc,marking  ] GC(13) Concurrent Scan Root Regions
[2022-05-24T00:54:35.286+0000][164][gc,marking  ] GC(13) Concurrent Scan Root Regions 9.818ms
[2022-05-24T00:54:35.286+0000][164][gc,marking  ] GC(13) Concurrent Mark
[2022-05-24T00:54:35.287+0000][164][gc,marking  ] GC(13) Concurrent Mark From Roots
[2022-05-24T00:54:35.287+0000][164][gc,task     ] GC(13) Using 3 workers of 3 for marking
[2022-05-24T00:54:35.296+0000][164][gc,marking  ] GC(13) Concurrent Mark From Roots 9.003ms
[2022-05-24T00:54:35.296+0000][164][gc,marking  ] GC(13) Concurrent Preclean
[2022-05-24T00:54:35.296+0000][164][gc,marking  ] GC(13) Concurrent Preclean 0.491ms
[2022-05-24T00:54:35.297+0000][164][gc,start    ] GC(13) Pause Remark
[2022-05-24T00:54:35.300+0000][164][gc          ] GC(13) Pause Remark 64M->64M(512M) 2.710ms
[2022-05-24T00:54:35.300+0000][164][gc,cpu      ] GC(13) User=0.01s Sys=0.01s Real=0.00s
[2022-05-24T00:54:35.300+0000][164][safepoint   ] Safepoint "G1Concurrent", Time since last: 20924800 ns, Reaching safepoint: 360800 ns, At safepoint: 3201100 ns, Total: 3561900 ns
[2022-05-24T00:54:35.300+0000][164][gc,marking  ] GC(13) Concurrent Mark 13.977ms
[2022-05-24T00:54:35.301+0000][164][gc,marking  ] GC(13) Concurrent Rebuild Remembered Sets
[2022-05-24T00:54:35.311+0000][164][gc,marking  ] GC(13) Concurrent Rebuild Remembered Sets 10.522ms
[2022-05-24T00:54:35.312+0000][164][gc,start    ] GC(13) Pause Cleanup
[2022-05-24T00:54:35.312+0000][164][gc          ] GC(13) Pause Cleanup 66M->66M(512M) 0.358ms
[2022-05-24T00:54:35.312+0000][164][gc,cpu      ] GC(13) User=0.00s Sys=0.00s Real=0.00s
[2022-05-24T00:54:35.312+0000][164][safepoint   ] Safepoint "G1Concurrent", Time since last: 11267000 ns, Reaching safepoint: 281200 ns, At safepoint: 681200 ns, Total: 962400 ns
[2022-05-24T00:54:35.313+0000][164][gc,marking  ] GC(13) Concurrent Cleanup for Next Mark
[2022-05-24T00:54:35.313+0000][164][gc,marking  ] GC(13) Concurrent Cleanup for Next Mark 0.383ms
[2022-05-24T00:54:35.313+0000][164][gc          ] GC(13) Concurrent Mark Cycle 37.509ms
[2022-05-24T00:54:36.181+0000][164][safepoint   ] Safepoint "ICBufferFull", Time since last: 868152600 ns, Reaching safepoint: 771200 ns, At safepoint: 7900 ns, Total: 779100 ns
[2022-05-24T00:54:37.114+0000][164][safepoint   ] Safepoint "ICBufferFull", Time since last: 932143300 ns, Reaching safepoint: 313500 ns, At safepoint: 23600 ns, Total: 337100 ns
[2022-05-24T00:54:37.735+0000][164][safepoint   ] Safepoint "ICBufferFull", Time since last: 620669700 ns, Reaching safepoint: 322300 ns, At safepoint: 36800 ns, Total: 359100 ns
[2022-05-24T00:54:37.738+0000][164][gc,start    ] GC(14) Pause Young (Normal) (G1 Evacuation Pause)
[2022-05-24T00:54:37.739+0000][164][gc,task     ] GC(14) Using 10 workers of 10 for evacuation
[2022-05-24T00:54:37.739+0000][164][gc,age      ] GC(14) Desired survivor size 20971520 bytes, new threshold 15 (max threshold 15)
[2022-05-24T00:54:37.751+0000][164][gc,age      ] GC(14) Age table with threshold 15 (max threshold 15)
[2022-05-24T00:54:37.751+0000][164][gc,age      ] GC(14) - age   1:   13652832 bytes,   13652832 total
[2022-05-24T00:54:37.751+0000][164][gc,age      ] GC(14) - age   2:    5847376 bytes,   19500208 total
[2022-05-24T00:54:37.751+0000][164][gc,age      ] GC(14) - age   3:    9169416 bytes,   28669624 total
[2022-05-24T00:54:37.752+0000][164][gc,phases   ] GC(14)   Pre Evacuate Collection Set: 0.2ms
[2022-05-24T00:54:37.752+0000][164][gc,phases   ] GC(14)   Merge Heap Roots: 0.2ms
[2022-05-24T00:54:37.752+0000][164][gc,phases   ] GC(14)   Evacuate Collection Set: 9.2ms
[2022-05-24T00:54:37.752+0000][164][gc,phases   ] GC(14)   Post Evacuate Collection Set: 2.1ms
[2022-05-24T00:54:37.752+0000][164][gc,phases   ] GC(14)   Other: 1.7ms
[2022-05-24T00:54:37.753+0000][164][gc,heap     ] GC(14) Eden regions: 71->0(68)
[2022-05-24T00:54:37.753+0000][164][gc,heap     ] GC(14) Survivor regions: 5->8(10)
[2022-05-24T00:54:37.753+0000][164][gc,heap     ] GC(14) Old regions: 9->9
[2022-05-24T00:54:37.753+0000][164][gc,heap     ] GC(14) Archive regions: 2->2
[2022-05-24T00:54:37.753+0000][164][gc,heap     ] GC(14) Humongous regions: 0->0
[2022-05-24T00:54:37.753+0000][164][gc,metaspace] GC(14) Metaspace: 85573K(87168K)->85573K(87168K) NonClass: 73684K(74624K)->73684K(74624K) Class: 11889K(12544K)->11889K(12544K)
[2022-05-24T00:54:37.754+0000][164][gc          ] GC(14) Pause Young (Normal) (G1 Evacuation Pause) 340M->68M(512M) 15.278ms
[2022-05-24T00:54:37.754+0000][164][gc,cpu      ] GC(14) User=0.11s Sys=0.00s Real=0.02s
[2022-05-24T00:54:37.754+0000][164][safepoint   ] Safepoint "G1CollectForAllocation", Time since last: 3308700 ns, Reaching safepoint: 182000 ns, At safepoint: 15787700 ns, Total: 15969700 ns
[2022-05-24T00:54:38.265+0000][164][safepoint   ] Safepoint "ICBufferFull", Time since last: 510381900 ns, Reaching safepoint: 183000 ns, At safepoint: 18800 ns, Total: 201800 ns
[2022-05-24T00:54:38.454+0000][164][gc,start    ] GC(15) Pause Young (Concurrent Start) (Metadata GC Threshold)
[2022-05-24T00:54:38.455+0000][164][gc,task     ] GC(15) Using 10 workers of 10 for evacuation
[2022-05-24T00:54:38.455+0000][164][gc,age      ] GC(15) Desired survivor size 20971520 bytes, new threshold 3 (max threshold 15)
[2022-05-24T00:54:38.466+0000][164][gc,age      ] GC(15) Age table with threshold 3 (max threshold 15)
[2022-05-24T00:54:38.466+0000][164][gc,age      ] GC(15) - age   1:     798048 bytes,     798048 total
[2022-05-24T00:54:38.467+0000][164][gc,age      ] GC(15) - age   2:   13372624 bytes,   14170672 total
[2022-05-24T00:54:38.467+0000][164][gc,age      ] GC(15) - age   3:    5821656 bytes,   19992328 total
[2022-05-24T00:54:38.467+0000][164][gc,phases   ] GC(15)   Pre Evacuate Collection Set: 0.3ms
[2022-05-24T00:54:38.468+0000][164][gc,phases   ] GC(15)   Merge Heap Roots: 0.2ms
[2022-05-24T00:54:38.468+0000][164][gc,phases   ] GC(15)   Evacuate Collection Set: 8.7ms
[2022-05-24T00:54:38.468+0000][164][gc,phases   ] GC(15)   Post Evacuate Collection Set: 1.5ms
[2022-05-24T00:54:38.468+0000][164][gc,phases   ] GC(15)   Other: 2.3ms
[2022-05-24T00:54:38.469+0000][164][gc,heap     ] GC(15) Eden regions: 5->0(70)
[2022-05-24T00:54:38.469+0000][164][gc,heap     ] GC(15) Survivor regions: 8->6(10)
[2022-05-24T00:54:38.469+0000][164][gc,heap     ] GC(15) Old regions: 9->12
[2022-05-24T00:54:38.469+0000][164][gc,heap     ] GC(15) Archive regions: 2->2
[2022-05-24T00:54:38.469+0000][164][gc,heap     ] GC(15) Humongous regions: 0->0
[2022-05-24T00:54:38.469+0000][164][gc,metaspace] GC(15) Metaspace: 87697K(89280K)->87697K(89280K) NonClass: 75485K(76416K)->75485K(76416K) Class: 12211K(12864K)->12211K(12864K)
[2022-05-24T00:54:38.470+0000][164][gc          ] GC(15) Pause Young (Concurrent Start) (Metadata GC Threshold) 87M->70M(512M) 15.158ms
[2022-05-24T00:54:38.470+0000][164][gc,cpu      ] GC(15) User=0.09s Sys=0.01s Real=0.01s
[2022-05-24T00:54:38.470+0000][164][gc          ] GC(16) Concurrent Mark Cycle
[2022-05-24T00:54:38.470+0000][164][gc,marking  ] GC(16) Concurrent Clear Claimed Marks
[2022-05-24T00:54:38.470+0000][164][safepoint   ] Safepoint "CollectForMetadataAllocation", Time since last: 189391800 ns, Reaching safepoint: 255700 ns, At safepoint: 15556500 ns, Total: 15812200 ns
[2022-05-24T00:54:38.470+0000][164][gc,marking  ] GC(16) Concurrent Clear Claimed Marks 0.242ms
[2022-05-24T00:54:38.471+0000][164][gc,marking  ] GC(16) Concurrent Scan Root Regions
[2022-05-24T00:54:38.479+0000][164][gc,marking  ] GC(16) Concurrent Scan Root Regions 8.776ms
[2022-05-24T00:54:38.480+0000][164][gc,marking  ] GC(16) Concurrent Mark
[2022-05-24T00:54:38.480+0000][164][gc,marking  ] GC(16) Concurrent Mark From Roots
[2022-05-24T00:54:38.480+0000][164][gc,task     ] GC(16) Using 3 workers of 3 for marking
[2022-05-24T00:54:38.489+0000][164][safepoint   ] Safepoint "CollectForMetadataAllocation", Time since last: 18840000 ns, Reaching safepoint: 378200 ns, At safepoint: 158100 ns, Total: 536300 ns
[2022-05-24T00:54:38.502+0000][164][gc,marking  ] GC(16) Concurrent Mark From Roots 22.081ms
[2022-05-24T00:54:38.502+0000][164][gc,marking  ] GC(16) Concurrent Preclean
[2022-05-24T00:54:38.503+0000][164][gc,marking  ] GC(16) Concurrent Preclean 0.710ms
[2022-05-24T00:54:38.504+0000][164][gc,start    ] GC(16) Pause Remark
[2022-05-24T00:54:38.507+0000][164][gc          ] GC(16) Pause Remark 82M->82M(512M) 3.204ms
[2022-05-24T00:54:38.507+0000][164][gc,cpu      ] GC(16) User=0.01s Sys=0.00s Real=0.01s
[2022-05-24T00:54:38.508+0000][164][safepoint   ] Safepoint "G1Concurrent", Time since last: 13952200 ns, Reaching safepoint: 308600 ns, At safepoint: 4165200 ns, Total: 4473800 ns
[2022-05-24T00:54:38.508+0000][164][gc,marking  ] GC(16) Concurrent Mark 28.387ms
[2022-05-24T00:54:38.508+0000][164][gc,marking  ] GC(16) Concurrent Rebuild Remembered Sets
[2022-05-24T00:54:38.524+0000][164][gc,marking  ] GC(16) Concurrent Rebuild Remembered Sets 15.680ms
[2022-05-24T00:54:38.525+0000][164][gc,start    ] GC(16) Pause Cleanup
[2022-05-24T00:54:38.525+0000][164][gc          ] GC(16) Pause Cleanup 87M->87M(512M) 0.377ms
[2022-05-24T00:54:38.525+0000][164][gc,cpu      ] GC(16) User=0.00s Sys=0.00s Real=0.00s
[2022-05-24T00:54:38.526+0000][164][safepoint   ] Safepoint "G1Concurrent", Time since last: 16711200 ns, Reaching safepoint: 352900 ns, At safepoint: 976300 ns, Total: 1329200 ns
[2022-05-24T00:54:38.526+0000][164][gc,marking  ] GC(16) Concurrent Cleanup for Next Mark
[2022-05-24T00:54:38.527+0000][164][gc,marking  ] GC(16) Concurrent Cleanup for Next Mark 0.566ms
[2022-05-24T00:54:38.527+0000][164][gc          ] GC(16) Concurrent Mark Cycle 57.081ms
[2022-05-24T00:54:39.197+0000][164][safepoint   ] Safepoint "ICBufferFull", Time since last: 670682700 ns, Reaching safepoint: 234400 ns, At safepoint: 32100 ns, Total: 266500 ns
[2022-05-24T00:54:39.402+0000][164][safepoint   ] Safepoint "ICBufferFull", Time since last: 204821700 ns, Reaching safepoint: 208000 ns, At safepoint: 6200 ns, Total: 214200 ns
[2022-05-24T00:54:39.809+0000][164][gc,start    ] GC(17) Pause Young (Concurrent Start) (G1 Evacuation Pause)
[2022-05-24T00:54:39.810+0000][164][gc,task     ] GC(17) Using 10 workers of 10 for evacuation
[2022-05-24T00:54:39.810+0000][164][gc,age      ] GC(17) Desired survivor size 20971520 bytes, new threshold 15 (max threshold 15)
[2022-05-24T00:54:39.820+0000][164][gc,age      ] GC(17) Age table with threshold 15 (max threshold 15)
[2022-05-24T00:54:39.821+0000][164][gc,age      ] GC(17) - age   1:    4938728 bytes,    4938728 total
[2022-05-24T00:54:39.821+0000][164][gc,age      ] GC(17) - age   2:     608880 bytes,    5547608 total
[2022-05-24T00:54:39.821+0000][164][gc,age      ] GC(17) - age   3:   13256448 bytes,   18804056 total
[2022-05-24T00:54:39.821+0000][164][gc,age      ] GC(17) - age   4:    5727248 bytes,   24531304 total
[2022-05-24T00:54:39.822+0000][164][gc,phases   ] GC(17)   Pre Evacuate Collection Set: 0.3ms
[2022-05-24T00:54:39.822+0000][164][gc,phases   ] GC(17)   Merge Heap Roots: 0.2ms
[2022-05-24T00:54:39.822+0000][164][gc,phases   ] GC(17)   Evacuate Collection Set: 8.7ms
[2022-05-24T00:54:39.822+0000][164][gc,phases   ] GC(17)   Post Evacuate Collection Set: 1.5ms
[2022-05-24T00:54:39.822+0000][164][gc,phases   ] GC(17)   Other: 1.7ms
[2022-05-24T00:54:39.822+0000][164][gc,heap     ] GC(17) Eden regions: 70->0(69)
[2022-05-24T00:54:39.822+0000][164][gc,heap     ] GC(17) Survivor regions: 6->7(10)
[2022-05-24T00:54:39.823+0000][164][gc,heap     ] GC(17) Old regions: 12->12
[2022-05-24T00:54:39.823+0000][164][gc,heap     ] GC(17) Archive regions: 2->2
[2022-05-24T00:54:39.823+0000][164][gc,heap     ] GC(17) Humongous regions: 6->6
[2022-05-24T00:54:39.823+0000][164][gc,metaspace] GC(17) Metaspace: 93108K(94592K)->93108K(94592K) NonClass: 80037K(80896K)->80037K(80896K) Class: 13071K(13696K)->13071K(13696K)
[2022-05-24T00:54:39.823+0000][164][gc          ] GC(17) Pause Young (Concurrent Start) (G1 Evacuation Pause) 374M->98M(512M) 13.610ms
[2022-05-24T00:54:39.823+0000][164][gc,cpu      ] GC(17) User=0.10s Sys=0.00s Real=0.01s
[2022-05-24T00:54:39.823+0000][164][gc          ] GC(18) Concurrent Mark Cycle
[2022-05-24T00:54:39.823+0000][164][gc,marking  ] GC(18) Concurrent Clear Claimed Marks
[2022-05-24T00:54:39.823+0000][164][safepoint   ] Safepoint "G1CollectForAllocation", Time since last: 407439100 ns, Reaching safepoint: 217600 ns, At safepoint: 13954100 ns, Total: 14171700 ns
[2022-05-24T00:54:39.824+0000][164][gc,marking  ] GC(18) Concurrent Clear Claimed Marks 0.209ms
[2022-05-24T00:54:39.824+0000][164][gc,marking  ] GC(18) Concurrent Scan Root Regions
[2022-05-24T00:54:39.831+0000][164][gc,marking  ] GC(18) Concurrent Scan Root Regions 6.687ms
[2022-05-24T00:54:39.831+0000][164][gc,marking  ] GC(18) Concurrent Mark
[2022-05-24T00:54:39.831+0000][164][gc,marking  ] GC(18) Concurrent Mark From Roots
[2022-05-24T00:54:39.831+0000][164][gc,task     ] GC(18) Using 3 workers of 3 for marking
[2022-05-24T00:54:39.860+0000][164][gc,marking  ] GC(18) Concurrent Mark From Roots 28.695ms
[2022-05-24T00:54:39.860+0000][164][gc,marking  ] GC(18) Concurrent Preclean
[2022-05-24T00:54:39.861+0000][164][gc,marking  ] GC(18) Concurrent Preclean 0.734ms
[2022-05-24T00:54:39.861+0000][164][gc,start    ] GC(18) Pause Remark
[2022-05-24T00:54:39.864+0000][164][gc          ] GC(18) Pause Remark 182M->182M(512M) 2.785ms
[2022-05-24T00:54:39.864+0000][164][gc,cpu      ] GC(18) User=0.03s Sys=0.01s Real=0.01s
[2022-05-24T00:54:39.865+0000][164][safepoint   ] Safepoint "G1Concurrent", Time since last: 37760700 ns, Reaching safepoint: 274000 ns, At safepoint: 3306900 ns, Total: 3580900 ns
[2022-05-24T00:54:39.865+0000][164][gc,marking  ] GC(18) Concurrent Mark 33.965ms
[2022-05-24T00:54:39.865+0000][164][gc,marking  ] GC(18) Concurrent Rebuild Remembered Sets
[2022-05-24T00:54:39.880+0000][164][gc,marking  ] GC(18) Concurrent Rebuild Remembered Sets 14.618ms
[2022-05-24T00:54:39.880+0000][164][gc,start    ] GC(18) Pause Cleanup
[2022-05-24T00:54:39.881+0000][164][gc          ] GC(18) Pause Cleanup 186M->186M(512M) 0.340ms
[2022-05-24T00:54:39.881+0000][164][gc,cpu      ] GC(18) User=0.00s Sys=0.00s Real=0.00s
[2022-05-24T00:54:39.881+0000][164][safepoint   ] Safepoint "G1Concurrent", Time since last: 15286700 ns, Reaching safepoint: 274500 ns, At safepoint: 706000 ns, Total: 980500 ns
[2022-05-24T00:54:39.881+0000][164][gc,marking  ] GC(18) Concurrent Cleanup for Next Mark
[2022-05-24T00:54:39.882+0000][164][gc,marking  ] GC(18) Concurrent Cleanup for Next Mark 0.389ms
[2022-05-24T00:54:39.882+0000][164][gc          ] GC(18) Concurrent Mark Cycle 58.434ms
[2022-05-24T00:54:40.567+0000][164][safepoint   ] Safepoint "ICBufferFull", Time since last: 685529200 ns, Reaching safepoint: 312000 ns, At safepoint: 58600 ns, Total: 370600 ns
[2022-05-24T00:54:41.528+0000][164][safepoint   ] Safepoint "ICBufferFull", Time since last: 961227900 ns, Reaching safepoint: 221000 ns, At safepoint: 19800 ns, Total: 240800 ns
[2022-05-24T00:54:42.529+0000][164][safepoint   ] Safepoint "Cleanup", Time since last: 1000356500 ns, Reaching safepoint: 234600 ns, At safepoint: 9900 ns, Total: 244500 ns
[2022-05-24T00:54:44.530+0000][164][safepoint   ] Safepoint "Cleanup", Time since last: 2000464100 ns, Reaching safepoint: 275500 ns, At safepoint: 23400 ns, Total: 298900 ns
[2022-05-24T00:54:45.530+0000][164][safepoint   ] Safepoint "Cleanup", Time since last: 1000553200 ns, Reaching safepoint: 232400 ns, At safepoint: 6300 ns, Total: 238700 ns
[2022-05-24T00:54:46.531+0000][164][safepoint   ] Safepoint "Cleanup", Time since last: 1000470900 ns, Reaching safepoint: 257400 ns, At safepoint: 7800 ns, Total: 265200 ns
[2022-05-24T00:54:48.532+0000][164][safepoint   ] Safepoint "Cleanup", Time since last: 2000662200 ns, Reaching safepoint: 254900 ns, At safepoint: 6100 ns, Total: 261000 ns
[2022-05-24T00:54:49.533+0000][164][safepoint   ] Safepoint "Cleanup", Time since last: 1000518900 ns, Reaching safepoint: 242300 ns, At safepoint: 5500 ns, Total: 247800 ns
[2022-05-24T00:54:54.534+0000][164][safepoint   ] Safepoint "Cleanup", Time since last: 5000998800 ns, Reaching safepoint: 263700 ns, At safepoint: 5800 ns, Total: 269500 ns
[2022-05-24T00:54:59.535+0000][164][safepoint   ] Safepoint "Cleanup", Time since last: 5000985000 ns, Reaching safepoint: 231100 ns, At safepoint: 6500 ns, Total: 237600 ns
[2022-05-24T00:55:03.536+0000][164][safepoint   ] Safepoint "Cleanup", Time since last: 4000871000 ns, Reaching safepoint: 169900 ns, At safepoint: 5900 ns, Total: 175800 ns
[2022-05-24T00:55:08.538+0000][164][safepoint   ] Safepoint "Cleanup", Time since last: 5000844400 ns, Reaching safepoint: 252800 ns, At safepoint: 30500 ns, Total: 283300 ns
[2022-05-24T00:55:09.539+0000][164][safepoint   ] Safepoint "Cleanup", Time since last: 1000377200 ns, Reaching safepoint: 386000 ns, At safepoint: 36800 ns, Total: 422800 ns
[2022-05-24T00:55:10.539+0000][164][safepoint   ] Safepoint "Cleanup", Time since last: 1000465000 ns, Reaching safepoint: 182600 ns, At safepoint: 5800 ns, Total: 188400 ns
[2022-05-24T00:55:12.540+0000][164][safepoint   ] Safepoint "Cleanup", Time since last: 2000486300 ns, Reaching safepoint: 258100 ns, At safepoint: 19600 ns, Total: 277700 ns
[2022-05-24T00:55:13.541+0000][164][safepoint   ] Safepoint "Cleanup", Time since last: 1000472300 ns, Reaching safepoint: 227300 ns, At safepoint: 5900 ns, Total: 233200 ns
[2022-05-24T00:55:14.541+0000][164][safepoint   ] Safepoint "Cleanup", Time since last: 1000392400 ns, Reaching safepoint: 185100 ns, At safepoint: 6500 ns, Total: 191600 ns
[2022-05-24T00:55:17.542+0000][164][safepoint   ] Safepoint "Cleanup", Time since last: 3000666600 ns, Reaching safepoint: 203800 ns, At safepoint: 5800 ns, Total: 209600 ns
[2022-05-24T00:55:18.543+0000][164][safepoint   ] Safepoint "Cleanup", Time since last: 1000504500 ns, Reaching safepoint: 266900 ns, At safepoint: 18200 ns, Total: 285100 ns
[2022-05-24T00:55:19.544+0000][164][safepoint   ] Safepoint "Cleanup", Time since last: 1000480100 ns, Reaching safepoint: 339800 ns, At safepoint: 46900 ns, Total: 386700 ns
[2022-05-24T00:55:22.545+0000][164][safepoint   ] Safepoint "Cleanup", Time since last: 3000804100 ns, Reaching safepoint: 288900 ns, At safepoint: 18600 ns, Total: 307500 ns
[2022-05-24T00:55:24.546+0000][164][safepoint   ] Safepoint "Cleanup", Time since last: 2000590900 ns, Reaching safepoint: 405000 ns, At safepoint: 35700 ns, Total: 440700 ns
[2022-05-24T00:55:29.547+0000][164][safepoint   ] Safepoint "Cleanup", Time since last: 5000817600 ns, Reaching safepoint: 307600 ns, At safepoint: 45000 ns, Total: 352600 ns
[2022-05-24T00:55:31.548+0000][164][safepoint   ] Safepoint "Cleanup", Time since last: 2000455600 ns, Reaching safepoint: 290500 ns, At safepoint: 19200 ns, Total: 309700 ns
[2022-05-24T00:55:36.549+0000][164][safepoint   ] Safepoint "Cleanup", Time since last: 5000909000 ns, Reaching safepoint: 357000 ns, At safepoint: 34600 ns, Total: 391600 ns
[2022-05-24T00:55:37.550+0000][164][safepoint   ] Safepoint "Cleanup", Time since last: 1000431600 ns, Reaching safepoint: 400800 ns, At safepoint: 8000 ns, Total: 408800 ns
[2022-05-24T00:55:41.551+0000][164][safepoint   ] Safepoint "Cleanup", Time since last: 4000779400 ns, Reaching safepoint: 261900 ns, At safepoint: 5700 ns, Total: 267600 ns
[2022-05-24T00:55:43.552+0000][164][safepoint   ] Safepoint "Cleanup", Time since last: 2000539100 ns, Reaching safepoint: 268900 ns, At safepoint: 5500 ns, Total: 274400 ns
[2022-05-24T00:56:01.555+0000][164][safepoint   ] Safepoint "Cleanup", Time since last: 18002622700 ns, Reaching safepoint: 304000 ns, At safepoint: 21400 ns, Total: 325400 ns
[2022-05-24T00:56:07.557+0000][164][safepoint   ] Safepoint "Cleanup", Time since last: 6001147200 ns, Reaching safepoint: 301500 ns, At safepoint: 32200 ns, Total: 333700 ns
[2022-05-24T00:56:11.558+0000][164][safepoint   ] Safepoint "Cleanup", Time since last: 4000932800 ns, Reaching safepoint: 385300 ns, At safepoint: 23200 ns, Total: 408500 ns
[2022-05-24T00:56:26.560+0000][164][safepoint   ] Safepoint "Cleanup", Time since last: 15002036100 ns, Reaching safepoint: 239300 ns, At safepoint: 5800 ns, Total: 245100 ns
[2022-05-24T00:56:28.561+0000][164][safepoint   ] Safepoint "Cleanup", Time since last: 2000556300 ns, Reaching safepoint: 268800 ns, At safepoint: 6500 ns, Total: 275300 ns
[2022-05-24T00:56:33.562+0000][164][safepoint   ] Safepoint "Cleanup", Time since last: 5000942400 ns, Reaching safepoint: 265900 ns, At safepoint: 5800 ns, Total: 271700 ns
[2022-05-24T00:56:39.564+0000][164][safepoint   ] Safepoint "Cleanup", Time since last: 6001163900 ns, Reaching safepoint: 362800 ns, At safepoint: 23800 ns, Total: 386600 ns
[2022-05-24T00:56:40.565+0000][164][safepoint   ] Safepoint "Cleanup", Time since last: 1000498000 ns, Reaching safepoint: 288200 ns, At safepoint: 20200 ns, Total: 308400 ns
[2022-05-24T00:56:43.566+0000][164][safepoint   ] Safepoint "Cleanup", Time since last: 3000789000 ns, Reaching safepoint: 264900 ns, At safepoint: 5400 ns, Total: 270300 ns
[2022-05-24T00:56:44.567+0000][164][safepoint   ] Safepoint "Cleanup", Time since last: 1000518500 ns, Reaching safepoint: 202000 ns, At safepoint: 6000 ns, Total: 208000 ns
[2022-05-24T00:56:46.568+0000][164][safepoint   ] Safepoint "Cleanup", Time since last: 2000574100 ns, Reaching safepoint: 234500 ns, At safepoint: 7900 ns, Total: 242400 ns
[2022-05-24T00:56:51.569+0000][164][safepoint   ] Safepoint "Cleanup", Time since last: 5001059000 ns, Reaching safepoint: 175000 ns, At safepoint: 5900 ns, Total: 180900 ns
[2022-05-24T00:56:56.570+0000][164][safepoint   ] Safepoint "Cleanup", Time since last: 5000977500 ns, Reaching safepoint: 226500 ns, At safepoint: 5700 ns, Total: 232200 ns
[2022-05-24T00:57:00.571+0000][164][safepoint   ] Safepoint "Cleanup", Time since last: 4000811500 ns, Reaching safepoint: 170700 ns, At safepoint: 6000 ns, Total: 176700 ns
[2022-05-24T00:57:12.573+0000][164][safepoint   ] Safepoint "Cleanup", Time since last: 12001760800 ns, Reaching safepoint: 195500 ns, At safepoint: 9400 ns, Total: 204900 ns
[2022-05-24T00:57:14.574+0000][164][safepoint   ] Safepoint "Cleanup", Time since last: 2000448200 ns, Reaching safepoint: 240500 ns, At safepoint: 5800 ns, Total: 246300 ns
[2022-05-24T00:57:37.577+0000][164][safepoint   ] Safepoint "Cleanup", Time since last: 23003021200 ns, Reaching safepoint: 259900 ns, At safepoint: 6300 ns, Total: 266200 ns
[2022-05-24T00:57:41.579+0000][164][safepoint   ] Safepoint "Cleanup", Time since last: 4000806600 ns, Reaching safepoint: 320300 ns, At safepoint: 6100 ns, Total: 326400 ns
[2022-05-24T00:57:51.580+0000][164][safepoint   ] Safepoint "Cleanup", Time since last: 10001605200 ns, Reaching safepoint: 209200 ns, At safepoint: 5800 ns, Total: 215000 ns
[2022-05-24T00:57:58.582+0000][164][safepoint   ] Safepoint "Cleanup", Time since last: 7001105000 ns, Reaching safepoint: 180300 ns, At safepoint: 6300 ns, Total: 186600 ns
[2022-05-24T00:58:08.584+0000][164][safepoint   ] Safepoint "Cleanup", Time since last: 10001385200 ns, Reaching safepoint: 262600 ns, At safepoint: 6200 ns, Total: 268800 ns
[2022-05-24T00:58:09.584+0000][164][safepoint   ] Safepoint "Cleanup", Time since last: 1000399000 ns, Reaching safepoint: 183300 ns, At safepoint: 9700 ns, Total: 193000 ns
[2022-05-24T00:58:10.585+0000][164][safepoint   ] Safepoint "Cleanup", Time since last: 1000318100 ns, Reaching safepoint: 176500 ns, At safepoint: 5900 ns, Total: 182400 ns
[2022-05-24T00:58:11.586+0000][164][safepoint   ] Safepoint "Cleanup", Time since last: 1000371000 ns, Reaching safepoint: 272100 ns, At safepoint: 26600 ns, Total: 298700 ns
[2022-05-24T00:58:47.591+0000][164][safepoint   ] Safepoint "Cleanup", Time since last: 36004354800 ns, Reaching safepoint: 235200 ns, At safepoint: 6000 ns, Total: 241200 ns
[2022-05-24T00:58:48.591+0000][164][safepoint   ] Safepoint "Cleanup", Time since last: 1000482800 ns, Reaching safepoint: 308800 ns, At safepoint: 20500 ns, Total: 329300 ns
[2022-05-24T00:59:09.595+0000][164][safepoint   ] Safepoint "Cleanup", Time since last: 21002954800 ns, Reaching safepoint: 174800 ns, At safepoint: 5900 ns, Total: 180700 ns
[2022-05-24T00:59:10.595+0000][164][safepoint   ] Safepoint "Cleanup", Time since last: 1000366900 ns, Reaching safepoint: 181200 ns, At safepoint: 6500 ns, Total: 187700 ns
[2022-05-24T00:59:37.599+0000][164][safepoint   ] Safepoint "Cleanup", Time since last: 27003348800 ns, Reaching safepoint: 253000 ns, At safepoint: 6800 ns, Total: 259800 ns
[2022-05-24T00:59:41.600+0000][164][safepoint   ] Safepoint "Cleanup", Time since last: 4000770500 ns, Reaching safepoint: 235800 ns, At safepoint: 5700 ns, Total: 241500 ns
[2022-05-24T00:59:55.602+0000][164][safepoint   ] Safepoint "Cleanup", Time since last: 14001810000 ns, Reaching safepoint: 311900 ns, At safepoint: 5600 ns, Total: 317500 ns
[2022-05-24T01:00:40.608+0000][164][safepoint   ] Safepoint "Cleanup", Time since last: 45005349000 ns, Reaching safepoint: 205900 ns, At safepoint: 6800 ns, Total: 212700 ns
[2022-05-24T01:01:08.612+0000][164][safepoint   ] Safepoint "Cleanup", Time since last: 28003762000 ns, Reaching safepoint: 212100 ns, At safepoint: 6600 ns, Total: 218700 ns
[2022-05-24T01:01:10.613+0000][164][safepoint   ] Safepoint "Cleanup", Time since last: 2000602700 ns, Reaching safepoint: 315800 ns, At safepoint: 22600 ns, Total: 338400 ns
[2022-05-24T01:01:31.616+0000][164][safepoint   ] Safepoint "Cleanup", Time since last: 21003039700 ns, Reaching safepoint: 216700 ns, At safepoint: 7800 ns, Total: 224500 ns
[2022-05-24T01:01:40.618+0000][164][safepoint   ] Safepoint "Cleanup", Time since last: 9001501300 ns, Reaching safepoint: 296000 ns, At safepoint: 6700 ns, Total: 302700 ns
[2022-05-24T01:01:41.619+0000][164][safepoint   ] Safepoint "Cleanup", Time since last: 1000662000 ns, Reaching safepoint: 263700 ns, At safepoint: 6100 ns, Total: 269800 ns
[2022-05-24T01:02:08.623+0000][164][safepoint   ] Safepoint "Cleanup", Time since last: 27003666200 ns, Reaching safepoint: 279400 ns, At safepoint: 5900 ns, Total: 285300 ns
[2022-05-24T01:02:10.624+0000][164][safepoint   ] Safepoint "Cleanup", Time since last: 2000517800 ns, Reaching safepoint: 215600 ns, At safepoint: 6400 ns, Total: 222000 ns
[2022-05-24T01:02:11.625+0000][164][safepoint   ] Safepoint "Cleanup", Time since last: 1000552400 ns, Reaching safepoint: 426100 ns, At safepoint: 9600 ns, Total: 435700 ns
[2022-05-24T01:02:20.915+0000][164][safepoint   ] Safepoint "Cleanup", Time since last: 9289575900 ns, Reaching safepoint: 400600 ns, At safepoint: 22700 ns, Total: 423300 ns
[2022-05-24T01:02:23.925+0000][164][safepoint   ] Safepoint "Cleanup", Time since last: 3009711100 ns, Reaching safepoint: 178500 ns, At safepoint: 5300 ns, Total: 183800 ns
[2022-05-24T01:02:30.926+0000][164][safepoint   ] Safepoint "Cleanup", Time since last: 7001209500 ns, Reaching safepoint: 256100 ns, At safepoint: 8700 ns, Total: 264800 ns
[2022-05-24T01:02:34.927+0000][164][safepoint   ] Safepoint "Cleanup", Time since last: 4000820700 ns, Reaching safepoint: 175300 ns, At safepoint: 6100 ns, Total: 181400 ns
[2022-05-24T01:02:38.928+0000][164][safepoint   ] Safepoint "Cleanup", Time since last: 4000771900 ns, Reaching safepoint: 275500 ns, At safepoint: 10900 ns, Total: 286400 ns
[2022-05-24T01:02:54.931+0000][164][safepoint   ] Safepoint "Cleanup", Time since last: 16002143700 ns, Reaching safepoint: 222400 ns, At safepoint: 6600 ns, Total: 229000 ns
[2022-05-24T01:02:56.931+0000][164][safepoint   ] Safepoint "Cleanup", Time since last: 2000521600 ns, Reaching safepoint: 214600 ns, At safepoint: 9900 ns, Total: 224500 ns
[2022-05-24T01:03:10.985+0000][164][safepoint   ] Safepoint "Cleanup", Time since last: 14053709700 ns, Reaching safepoint: 233500 ns, At safepoint: 6100 ns, Total: 239600 ns
[2022-05-24T01:03:38.989+0000][164][safepoint   ] Safepoint "Cleanup", Time since last: 28003462800 ns, Reaching safepoint: 289800 ns, At safepoint: 6400 ns, Total: 296200 ns
[2022-05-24T01:04:09.993+0000][164][safepoint   ] Safepoint "Cleanup", Time since last: 31003850000 ns, Reaching safepoint: 242000 ns, At safepoint: 7100 ns, Total: 249100 ns
[2022-05-24T01:04:29.997+0000][164][safepoint   ] Safepoint "Cleanup", Time since last: 20002957800 ns, Reaching safepoint: 279800 ns, At safepoint: 9700 ns, Total: 289500 ns
[2022-05-24T01:04:32.997+0000][164][safepoint   ] Safepoint "Cleanup", Time since last: 3000580100 ns, Reaching safepoint: 203300 ns, At safepoint: 6600 ns, Total: 209900 ns
[2022-05-24T01:04:38.999+0000][164][safepoint   ] Safepoint "Cleanup", Time since last: 6001127900 ns, Reaching safepoint: 395000 ns, At safepoint: 8500 ns, Total: 403500 ns
[2022-05-24T01:04:48.001+0000][164][safepoint   ] Safepoint "Cleanup", Time since last: 9001574000 ns, Reaching safepoint: 333700 ns, At safepoint: 6100 ns, Total: 339800 ns
[2022-05-24T01:05:07.004+0000][164][safepoint   ] Safepoint "Cleanup", Time since last: 19002621300 ns, Reaching safepoint: 219000 ns, At safepoint: 7300 ns, Total: 226300 ns
[2022-05-24T01:05:11.005+0000][164][safepoint   ] Safepoint "Cleanup", Time since last: 4000659400 ns, Reaching safepoint: 188700 ns, At safepoint: 6200 ns, Total: 194900 ns
[2022-05-24T01:05:39.009+0000][164][safepoint   ] Safepoint "Cleanup", Time since last: 28003672100 ns, Reaching safepoint: 336900 ns, At safepoint: 8200 ns, Total: 345100 ns
[2022-05-24T01:05:40.010+0000][164][safepoint   ] Safepoint "Cleanup", Time since last: 1000437100 ns, Reaching safepoint: 187600 ns, At safepoint: 6200 ns, Total: 193800 ns
[2022-05-24T01:06:37.726+0000][164][gc,start    ] GC(19) Pause Young (Normal) (G1 Evacuation Pause)
[2022-05-24T01:06:37.727+0000][164][gc,task     ] GC(19) Using 10 workers of 10 for evacuation
[2022-05-24T01:06:37.727+0000][164][gc,age      ] GC(19) Desired survivor size 20971520 bytes, new threshold 4 (max threshold 15)
[2022-05-24T01:06:37.746+0000][164][gc,age      ] GC(19) Age table with threshold 4 (max threshold 15)
[2022-05-24T01:06:37.747+0000][164][gc,age      ] GC(19) - age   1:    3078712 bytes,    3078712 total
[2022-05-24T01:06:37.747+0000][164][gc,age      ] GC(19) - age   2:    3917384 bytes,    6996096 total
[2022-05-24T01:06:37.747+0000][164][gc,age      ] GC(19) - age   3:     592320 bytes,    7588416 total
[2022-05-24T01:06:37.747+0000][164][gc,age      ] GC(19) - age   4:   13228264 bytes,   20816680 total
[2022-05-24T01:06:37.748+0000][164][gc,phases   ] GC(19)   Pre Evacuate Collection Set: 0.3ms
[2022-05-24T01:06:37.748+0000][164][gc,phases   ] GC(19)   Merge Heap Roots: 0.2ms
[2022-05-24T01:06:37.748+0000][164][gc,phases   ] GC(19)   Evacuate Collection Set: 16.4ms
[2022-05-24T01:06:37.749+0000][164][gc,phases   ] GC(19)   Post Evacuate Collection Set: 2.2ms
[2022-05-24T01:06:37.749+0000][164][gc,phases   ] GC(19)   Other: 2.6ms
[2022-05-24T01:06:37.749+0000][164][gc,heap     ] GC(19) Eden regions: 69->0(70)
[2022-05-24T01:06:37.749+0000][164][gc,heap     ] GC(19) Survivor regions: 7->6(10)
[2022-05-24T01:06:37.750+0000][164][gc,heap     ] GC(19) Old regions: 12->13
[2022-05-24T01:06:37.750+0000][164][gc,heap     ] GC(19) Archive regions: 2->2
[2022-05-24T01:06:37.750+0000][164][gc,heap     ] GC(19) Humongous regions: 6->6
[2022-05-24T01:06:37.750+0000][164][gc,metaspace] GC(19) Metaspace: 95835K(97344K)->95835K(97344K) NonClass: 82445K(83328K)->82445K(83328K) Class: 13389K(14016K)->13389K(14016K)
[2022-05-24T01:06:37.750+0000][164][gc          ] GC(19) Pause Young (Normal) (G1 Evacuation Pause) 374M->100M(512M) 23.976ms
[2022-05-24T01:06:37.750+0000][164][gc,cpu      ] GC(19) User=0.12s Sys=0.04s Real=0.03s
[2022-05-24T01:06:37.751+0000][164][safepoint   ] Safepoint "G1CollectForAllocation", Time since last: 57716062000 ns, Reaching safepoint: 294700 ns, At safepoint: 24415400 ns, Total: 24710100 ns
[2022-05-24T01:07:21.757+0000][164][safepoint   ] Safepoint "Cleanup", Time since last: 44005884100 ns, Reaching safepoint: 311900 ns, At safepoint: 21700 ns, Total: 333600 ns
[2022-05-24T01:08:09.763+0000][164][safepoint   ] Safepoint "Cleanup", Time since last: 48005920300 ns, Reaching safepoint: 212300 ns, At safepoint: 6600 ns, Total: 218900 ns
[2022-05-24T01:08:12.764+0000][164][safepoint   ] Safepoint "Cleanup", Time since last: 3000558700 ns, Reaching safepoint: 200200 ns, At safepoint: 6400 ns, Total: 206600 ns
[2022-05-24T01:08:15.765+0000][164][safepoint   ] Safepoint "Cleanup", Time since last: 3000723800 ns, Reaching safepoint: 258000 ns, At safepoint: 20000 ns, Total: 278000 ns
[2022-05-24T01:08:37.768+0000][164][safepoint   ] Safepoint "Cleanup", Time since last: 22003059200 ns, Reaching safepoint: 215400 ns, At safepoint: 9100 ns, Total: 224500 ns
[2022-05-24T01:08:41.769+0000][164][safepoint   ] Safepoint "Cleanup", Time since last: 4000814000 ns, Reaching safepoint: 216100 ns, At safepoint: 7200 ns, Total: 223300 ns
[2022-05-24T01:09:08.773+0000][164][safepoint   ] Safepoint "Cleanup", Time since last: 27003754000 ns, Reaching safepoint: 369100 ns, At safepoint: 24300 ns, Total: 393400 ns
[2022-05-24T01:09:10.774+0000][164][safepoint   ] Safepoint "Cleanup", Time since last: 2000603200 ns, Reaching safepoint: 188700 ns, At safepoint: 6400 ns, Total: 195100 ns
[2022-05-24T01:09:38.779+0000][164][safepoint   ] Safepoint "Cleanup", Time since last: 28004066600 ns, Reaching safepoint: 294700 ns, At safepoint: 6100 ns, Total: 300800 ns
[2022-05-24T01:10:08.783+0000][164][safepoint   ] Safepoint "Cleanup", Time since last: 30004182000 ns, Reaching safepoint: 273200 ns, At safepoint: 20500 ns, Total: 293700 ns
[2022-05-24T01:10:25.786+0000][164][safepoint   ] Safepoint "Cleanup", Time since last: 17002556300 ns, Reaching safepoint: 219400 ns, At safepoint: 6300 ns, Total: 225700 ns
[2022-05-24T01:10:55.790+0000][164][safepoint   ] Safepoint "Cleanup", Time since last: 30003714900 ns, Reaching safepoint: 202700 ns, At safepoint: 6400 ns, Total: 209100 ns
[2022-05-24T01:11:08.792+0000][164][safepoint   ] Safepoint "Cleanup", Time since last: 13001547800 ns, Reaching safepoint: 281300 ns, At safepoint: 6500 ns, Total: 287800 ns
[2022-05-24T01:11:09.792+0000][164][safepoint   ] Safepoint "Cleanup", Time since last: 1000484700 ns, Reaching safepoint: 247100 ns, At safepoint: 7100 ns, Total: 254200 ns
[2022-05-24T01:11:10.793+0000][164][safepoint   ] Safepoint "Cleanup", Time since last: 1000542100 ns, Reaching safepoint: 310100 ns, At safepoint: 6200 ns, Total: 316300 ns
[2022-05-24T01:13:06.809+0000][164][safepoint   ] Safepoint "Cleanup", Time since last: 116014918300 ns, Reaching safepoint: 308800 ns, At safepoint: 20100 ns, Total: 328900 ns
[2022-05-24T01:13:08.809+0000][164][safepoint   ] Safepoint "Cleanup", Time since last: 2000647300 ns, Reaching safepoint: 194200 ns, At safepoint: 6200 ns, Total: 200400 ns
[2022-05-24T01:13:38.814+0000][164][safepoint   ] Safepoint "Cleanup", Time since last: 30004181500 ns, Reaching safepoint: 284700 ns, At safepoint: 8000 ns, Total: 292700 ns
[2022-05-24T01:14:09.817+0000][164][safepoint   ] Safepoint "Cleanup", Time since last: 31003833700 ns, Reaching safepoint: 209900 ns, At safepoint: 6500 ns, Total: 216400 ns
[2022-05-24T01:14:38.822+0000][164][safepoint   ] Safepoint "Cleanup", Time since last: 29003888200 ns, Reaching safepoint: 215800 ns, At safepoint: 6400 ns, Total: 222200 ns
[2022-05-24T01:14:40.823+0000][164][safepoint   ] Safepoint "Cleanup", Time since last: 2000449800 ns, Reaching safepoint: 197400 ns, At safepoint: 5800 ns, Total: 203200 ns
[2022-05-24T01:15:09.827+0000][164][safepoint   ] Safepoint "Cleanup", Time since last: 29004168900 ns, Reaching safepoint: 236300 ns, At safepoint: 7100 ns, Total: 243400 ns
[2022-05-24T01:15:17.829+0000][164][safepoint   ] Safepoint "Cleanup", Time since last: 8001487700 ns, Reaching safepoint: 234100 ns, At safepoint: 8500 ns, Total: 242600 ns
[2022-05-24T01:16:08.836+0000][164][safepoint   ] Safepoint "Cleanup", Time since last: 51006678900 ns, Reaching safepoint: 274600 ns, At safepoint: 6900 ns, Total: 281500 ns
[2022-05-24T01:16:09.836+0000][164][safepoint   ] Safepoint "Cleanup", Time since last: 1000486300 ns, Reaching safepoint: 253000 ns, At safepoint: 6300 ns, Total: 259300 ns
[2022-05-24T01:16:10.837+0000][164][safepoint   ] Safepoint "Cleanup", Time since last: 1000475500 ns, Reaching safepoint: 332100 ns, At safepoint: 9700 ns, Total: 341800 ns
[2022-05-24T01:16:40.842+0000][164][safepoint   ] Safepoint "Cleanup", Time since last: 30003862400 ns, Reaching safepoint: 244100 ns, At safepoint: 8500 ns, Total: 252600 ns
[2022-05-24T01:17:08.845+0000][164][safepoint   ] Safepoint "Cleanup", Time since last: 28003337300 ns, Reaching safepoint: 225900 ns, At safepoint: 7600 ns, Total: 233500 ns
[2022-05-24T01:17:39.849+0000][164][safepoint   ] Safepoint "Cleanup", Time since last: 31003603700 ns, Reaching safepoint: 220900 ns, At safepoint: 7300 ns, Total: 228200 ns
[2022-05-24T01:17:41.850+0000][164][safepoint   ] Safepoint "Cleanup", Time since last: 2000563900 ns, Reaching safepoint: 178500 ns, At safepoint: 6200 ns, Total: 184700 ns
[2022-05-24T01:17:45.851+0000][164][safepoint   ] Safepoint "Cleanup", Time since last: 4000670100 ns, Reaching safepoint: 225800 ns, At safepoint: 7200 ns, Total: 233000 ns
[2022-05-24T01:17:47.852+0000][164][safepoint   ] Safepoint "Cleanup", Time since last: 2000577700 ns, Reaching safepoint: 263500 ns, At safepoint: 8900 ns, Total: 272400 ns
[2022-05-24T01:17:57.853+0000][164][safepoint   ] Safepoint "Cleanup", Time since last: 10001469800 ns, Reaching safepoint: 350200 ns, At safepoint: 9500 ns, Total: 359700 ns
[2022-05-24T01:18:08.857+0000][164][safepoint   ] Safepoint "Cleanup", Time since last: 11001719900 ns, Reaching safepoint: 266900 ns, At safepoint: 23500 ns, Total: 290400 ns
[2022-05-24T01:19:08.869+0000][164][safepoint   ] Safepoint "Cleanup", Time since last: 60008121700 ns, Reaching safepoint: 328000 ns, At safepoint: 6800 ns, Total: 334800 ns
[2022-05-24T01:20:40.885+0000][164][safepoint   ] Safepoint "Cleanup", Time since last: 92011139400 ns, Reaching safepoint: 214300 ns, At safepoint: 6800 ns, Total: 221100 ns
[2022-05-24T01:21:08.891+0000][164][safepoint   ] Safepoint "Cleanup", Time since last: 28003852900 ns, Reaching safepoint: 217300 ns, At safepoint: 6300 ns, Total: 223600 ns
[2022-05-24T01:21:39.897+0000][164][safepoint   ] Safepoint "Cleanup", Time since last: 31003973800 ns, Reaching safepoint: 293100 ns, At safepoint: 9500 ns, Total: 302600 ns
[2022-05-24T01:23:38.916+0000][164][safepoint   ] Safepoint "Cleanup", Time since last: 119013771900 ns, Reaching safepoint: 206500 ns, At safepoint: 7100 ns, Total: 213600 ns
[2022-05-24T01:24:08.920+0000][164][safepoint   ] Safepoint "Cleanup", Time since last: 30003447500 ns, Reaching safepoint: 204100 ns, At safepoint: 6700 ns, Total: 210800 ns
[2022-05-24T01:24:38.925+0000][164][safepoint   ] Safepoint "Cleanup", Time since last: 30003840600 ns, Reaching safepoint: 218200 ns, At safepoint: 19300 ns, Total: 237500 ns
[2022-05-24T01:25:07.929+0000][164][safepoint   ] Safepoint "Cleanup", Time since last: 29003342800 ns, Reaching safepoint: 215200 ns, At safepoint: 7400 ns, Total: 222600 ns
[2022-05-24T01:25:12.931+0000][164][safepoint   ] Safepoint "Cleanup", Time since last: 5000927300 ns, Reaching safepoint: 231700 ns, At safepoint: 7600 ns, Total: 239300 ns
[2022-05-24T01:26:11.939+0000][164][safepoint   ] Safepoint "Cleanup", Time since last: 59007214800 ns, Reaching safepoint: 224900 ns, At safepoint: 6600 ns, Total: 231500 ns
[2022-05-24T01:26:38.943+0000][164][safepoint   ] Safepoint "Cleanup", Time since last: 27003120700 ns, Reaching safepoint: 216200 ns, At safepoint: 7100 ns, Total: 223300 ns
[2022-05-24T01:26:42.944+0000][164][safepoint   ] Safepoint "Cleanup", Time since last: 4000810300 ns, Reaching safepoint: 213100 ns, At safepoint: 10000 ns, Total: 223100 ns
[2022-05-24T01:27:08.948+0000][164][safepoint   ] Safepoint "Cleanup", Time since last: 26003380900 ns, Reaching safepoint: 221400 ns, At safepoint: 7300 ns, Total: 228700 ns
[2022-05-24T01:27:09.949+0000][164][safepoint   ] Safepoint "Cleanup", Time since last: 1000316200 ns, Reaching safepoint: 183400 ns, At safepoint: 7200 ns, Total: 190600 ns
[2022-05-24T01:27:38.954+0000][164][safepoint   ] Safepoint "Cleanup", Time since last: 29003404600 ns, Reaching safepoint: 260900 ns, At safepoint: 26900 ns, Total: 287800 ns
[2022-05-24T01:28:08.958+0000][164][safepoint   ] Safepoint "Cleanup", Time since last: 30003819600 ns, Reaching safepoint: 213100 ns, At safepoint: 10000 ns, Total: 223100 ns
[2022-05-24T01:30:00.973+0000][164][safepoint   ] Safepoint "Cleanup", Time since last: 112013316100 ns, Reaching safepoint: 191400 ns, At safepoint: 25000 ns, Total: 216400 ns
[2022-05-24T01:30:53.979+0000][164][safepoint   ] Safepoint "Cleanup", Time since last: 53006026900 ns, Reaching safepoint: 263400 ns, At safepoint: 10500 ns, Total: 273900 ns
[2022-05-24T01:31:38.986+0000][164][safepoint   ] Safepoint "Cleanup", Time since last: 45005615000 ns, Reaching safepoint: 227100 ns, At safepoint: 6100 ns, Total: 233200 ns
[2022-05-24T01:31:41.987+0000][164][safepoint   ] Safepoint "Cleanup", Time since last: 3000598700 ns, Reaching safepoint: 206200 ns, At safepoint: 6200 ns, Total: 212400 ns
[2022-05-24T01:34:39.009+0000][164][safepoint   ] Safepoint "Cleanup", Time since last: 177022236400 ns, Reaching safepoint: 234300 ns, At safepoint: 7500 ns, Total: 241800 ns
[2022-05-24T01:35:48.020+0000][164][safepoint   ] Safepoint "Cleanup", Time since last: 69008635700 ns, Reaching safepoint: 315500 ns, At safepoint: 9500 ns, Total: 325000 ns
[2022-05-24T01:37:09.031+0000][164][safepoint   ] Safepoint "Cleanup", Time since last: 81011422600 ns, Reaching safepoint: 199200 ns, At safepoint: 6500 ns, Total: 205700 ns
[2022-05-24T01:37:10.032+0000][164][safepoint   ] Safepoint "Cleanup", Time since last: 1000481100 ns, Reaching safepoint: 176500 ns, At safepoint: 6000 ns, Total: 182500 ns
[2022-05-24T01:37:40.037+0000][164][safepoint   ] Safepoint "Cleanup", Time since last: 30004135800 ns, Reaching safepoint: 217700 ns, At safepoint: 6300 ns, Total: 224000 ns
[2022-05-24T01:39:24.050+0000][164][safepoint   ] Safepoint "Cleanup", Time since last: 104013060400 ns, Reaching safepoint: 287500 ns, At safepoint: 23000 ns, Total: 310500 ns
[2022-05-24T01:42:39.076+0000][164][safepoint   ] Safepoint "Cleanup", Time since last: 195025088900 ns, Reaching safepoint: 257600 ns, At safepoint: 6100 ns, Total: 263700 ns
[2022-05-24T01:43:09.081+0000][164][safepoint   ] Safepoint "Cleanup", Time since last: 30004281200 ns, Reaching safepoint: 271700 ns, At safepoint: 23900 ns, Total: 295600 ns
[2022-05-24T01:43:39.086+0000][164][safepoint   ] Safepoint "Cleanup", Time since last: 30004270600 ns, Reaching safepoint: 290800 ns, At safepoint: 9000 ns, Total: 299800 ns
[2022-05-24T01:45:17.099+0000][164][safepoint   ] Safepoint "Cleanup", Time since last: 98012664500 ns, Reaching safepoint: 266900 ns, At safepoint: 10700 ns, Total: 277600 ns
[2022-05-24T01:45:39.101+0000][164][safepoint   ] Safepoint "Cleanup", Time since last: 22003167100 ns, Reaching safepoint: 215500 ns, At safepoint: 5800 ns, Total: 221300 ns
[2022-05-24T01:46:09.107+0000][164][safepoint   ] Safepoint "Cleanup", Time since last: 30004341200 ns, Reaching safepoint: 240100 ns, At safepoint: 10600 ns, Total: 250700 ns
[2022-05-24T01:46:43.112+0000][164][safepoint   ] Safepoint "Cleanup", Time since last: 34004640000 ns, Reaching safepoint: 250600 ns, At safepoint: 8800 ns, Total: 259400 ns
[2022-05-24T01:47:09.116+0000][164][safepoint   ] Safepoint "Cleanup", Time since last: 26003586900 ns, Reaching safepoint: 217200 ns, At safepoint: 7100 ns, Total: 224300 ns
[2022-05-24T01:47:42.120+0000][164][safepoint   ] Safepoint "Cleanup", Time since last: 33004438100 ns, Reaching safepoint: 243900 ns, At safepoint: 6200 ns, Total: 250100 ns
[2022-05-24T01:47:46.122+0000][164][safepoint   ] Safepoint "Cleanup", Time since last: 4000932400 ns, Reaching safepoint: 266000 ns, At safepoint: 6300 ns, Total: 272300 ns
[2022-05-24T01:48:09.125+0000][164][safepoint   ] Safepoint "Cleanup", Time since last: 23003474000 ns, Reaching safepoint: 265200 ns, At safepoint: 29800 ns, Total: 295000 ns
[2022-05-24T01:48:12.126+0000][164][safepoint   ] Safepoint "Cleanup", Time since last: 3000706900 ns, Reaching safepoint: 366500 ns, At safepoint: 6400 ns, Total: 372900 ns
[2022-05-24T01:48:39.131+0000][164][safepoint   ] Safepoint "Cleanup", Time since last: 27004155600 ns, Reaching safepoint: 298300 ns, At safepoint: 6300 ns, Total: 304600 ns
[2022-05-24T01:49:09.135+0000][164][safepoint   ] Safepoint "Cleanup", Time since last: 30004407900 ns, Reaching safepoint: 209100 ns, At safepoint: 6600 ns, Total: 215700 ns
[2022-05-24T01:49:30.139+0000][164][safepoint   ] Safepoint "Cleanup", Time since last: 21002895200 ns, Reaching safepoint: 274300 ns, At safepoint: 6500 ns, Total: 280800 ns
[2022-05-24T01:50:04.144+0000][164][safepoint   ] Safepoint "Cleanup", Time since last: 34004851200 ns, Reaching safepoint: 287700 ns, At safepoint: 9800 ns, Total: 297500 ns
[2022-05-24T01:50:09.145+0000][164][safepoint   ] Safepoint "Cleanup", Time since last: 5001047000 ns, Reaching safepoint: 208300 ns, At safepoint: 5800 ns, Total: 214100 ns
[2022-05-24T01:50:26.148+0000][164][safepoint   ] Safepoint "Cleanup", Time since last: 17002342100 ns, Reaching safepoint: 255300 ns, At safepoint: 6300 ns, Total: 261600 ns
[2022-05-24T01:50:31.149+0000][164][safepoint   ] Safepoint "Cleanup", Time since last: 5001054000 ns, Reaching safepoint: 185200 ns, At safepoint: 6100 ns, Total: 191300 ns
[2022-05-24T01:50:39.151+0000][164][safepoint   ] Safepoint "Cleanup", Time since last: 8001419000 ns, Reaching safepoint: 327800 ns, At safepoint: 7200 ns, Total: 335000 ns
[2022-05-24T01:52:39.167+0000][164][safepoint   ] Safepoint "Cleanup", Time since last: 120016341500 ns, Reaching safepoint: 312800 ns, At safepoint: 5900 ns, Total: 318700 ns
[2022-05-24T01:53:46.177+0000][164][safepoint   ] Safepoint "Cleanup", Time since last: 67009247400 ns, Reaching safepoint: 266600 ns, At safepoint: 22400 ns, Total: 289000 ns
[2022-05-24T01:54:09.181+0000][164][safepoint   ] Safepoint "Cleanup", Time since last: 23003235100 ns, Reaching safepoint: 279200 ns, At safepoint: 6100 ns, Total: 285300 ns
[2022-05-24T01:54:36.185+0000][164][safepoint   ] Safepoint "Cleanup", Time since last: 27004057200 ns, Reaching safepoint: 243800 ns, At safepoint: 8100 ns, Total: 251900 ns
[2022-05-24T01:54:39.186+0000][164][safepoint   ] Safepoint "Cleanup", Time since last: 3000808600 ns, Reaching safepoint: 207500 ns, At safepoint: 6300 ns, Total: 213800 ns
[2022-05-24T01:55:09.191+0000][164][safepoint   ] Safepoint "Cleanup", Time since last: 30004713800 ns, Reaching safepoint: 266500 ns, At safepoint: 6300 ns, Total: 272800 ns
[2022-05-24T01:56:10.200+0000][164][safepoint   ] Safepoint "Cleanup", Time since last: 61008313000 ns, Reaching safepoint: 209100 ns, At safepoint: 7100 ns, Total: 216200 ns
[2022-05-24T01:56:39.204+0000][164][safepoint   ] Safepoint "Cleanup", Time since last: 29003960900 ns, Reaching safepoint: 258000 ns, At safepoint: 6400 ns, Total: 264400 ns
[2022-05-24T01:57:28.211+0000][164][safepoint   ] Safepoint "Cleanup", Time since last: 49006953400 ns, Reaching safepoint: 280900 ns, At safepoint: 9200 ns, Total: 290100 ns
[2022-05-24T01:58:31.220+0000][164][safepoint   ] Safepoint "Cleanup", Time since last: 63008554900 ns, Reaching safepoint: 204400 ns, At safepoint: 6300 ns, Total: 210700 ns
[2022-05-24T01:58:39.222+0000][164][safepoint   ] Safepoint "Cleanup", Time since last: 8001384500 ns, Reaching safepoint: 232800 ns, At safepoint: 7100 ns, Total: 239900 ns
[2022-05-24T01:58:40.223+0000][164][safepoint   ] Safepoint "Cleanup", Time since last: 1000592300 ns, Reaching safepoint: 200100 ns, At safepoint: 6800 ns, Total: 206900 ns
[2022-05-24T01:58:42.224+0000][164][safepoint   ] Safepoint "Cleanup", Time since last: 2000677900 ns, Reaching safepoint: 227900 ns, At safepoint: 7200 ns, Total: 235100 ns
[2022-05-24T02:01:09.243+0000][164][safepoint   ] Safepoint "Cleanup", Time since last: 147018789000 ns, Reaching safepoint: 322100 ns, At safepoint: 12600 ns, Total: 334700 ns
[2022-05-24T02:03:21.259+0000][164][safepoint   ] Safepoint "Cleanup", Time since last: 132016718300 ns, Reaching safepoint: 330200 ns, At safepoint: 7700 ns, Total: 337900 ns
[2022-05-24T02:04:39.270+0000][164][safepoint   ] Safepoint "Cleanup", Time since last: 78010026600 ns, Reaching safepoint: 233100 ns, At safepoint: 6100 ns, Total: 239200 ns
[2022-05-24T02:07:09.289+0000][164][safepoint   ] Safepoint "Cleanup", Time since last: 150018325600 ns, Reaching safepoint: 293200 ns, At safepoint: 11900 ns, Total: 305100 ns
[2022-05-24T02:09:01.303+0000][164][safepoint   ] Safepoint "Cleanup", Time since last: 112013533000 ns, Reaching safepoint: 289400 ns, At safepoint: 10000 ns, Total: 299400 ns
[2022-05-24T02:09:31.308+0000][164][safepoint   ] Safepoint "Cleanup", Time since last: 30004206600 ns, Reaching safepoint: 213100 ns, At safepoint: 8800 ns, Total: 221900 ns
[2022-05-24T02:09:39.311+0000][164][safepoint   ] Safepoint "Cleanup", Time since last: 8000976700 ns, Reaching safepoint: 222600 ns, At safepoint: 6500 ns, Total: 229100 ns
[2022-05-24T02:11:16.328+0000][164][safepoint   ] Safepoint "Cleanup", Time since last: 97011604300 ns, Reaching safepoint: 197600 ns, At safepoint: 5800 ns, Total: 203400 ns
[2022-05-24T02:13:18.350+0000][164][safepoint   ] Safepoint "Cleanup", Time since last: 122014627000 ns, Reaching safepoint: 220300 ns, At safepoint: 9700 ns, Total: 230000 ns
[2022-05-24T02:13:25.352+0000][164][safepoint   ] Safepoint "Cleanup", Time since last: 7001170200 ns, Reaching safepoint: 273600 ns, At safepoint: 7600 ns, Total: 281200 ns
[2022-05-24T02:14:39.366+0000][164][safepoint   ] Safepoint "Cleanup", Time since last: 74009801600 ns, Reaching safepoint: 236800 ns, At safepoint: 7200 ns, Total: 244000 ns
[2022-05-24T02:17:10.390+0000][164][safepoint   ] Safepoint "Cleanup", Time since last: 151020478200 ns, Reaching safepoint: 280700 ns, At safepoint: 5800 ns, Total: 286500 ns
[2022-05-24T02:17:39.395+0000][164][safepoint   ] Safepoint "Cleanup", Time since last: 29004001300 ns, Reaching safepoint: 206700 ns, At safepoint: 6000 ns, Total: 212700 ns
[2022-05-24T02:18:39.405+0000][164][safepoint   ] Safepoint "Cleanup", Time since last: 60008095600 ns, Reaching safepoint: 237600 ns, At safepoint: 13100 ns, Total: 250700 ns
[2022-05-24T02:19:39.415+0000][164][safepoint   ] Safepoint "Cleanup", Time since last: 60008278600 ns, Reaching safepoint: 257100 ns, At safepoint: 10400 ns, Total: 267500 ns
[2022-05-24T02:22:39.441+0000][164][safepoint   ] Safepoint "Cleanup", Time since last: 180023783900 ns, Reaching safepoint: 291500 ns, At safepoint: 5800 ns, Total: 297300 ns
[2022-05-24T02:23:10.446+0000][164][safepoint   ] Safepoint "Cleanup", Time since last: 31004647700 ns, Reaching safepoint: 201200 ns, At safepoint: 6900 ns, Total: 208100 ns
[2022-05-24T02:24:39.459+0000][164][safepoint   ] Safepoint "Cleanup", Time since last: 89011411400 ns, Reaching safepoint: 513800 ns, At safepoint: 16000 ns, Total: 529800 ns
[2022-05-24T02:31:09.522+0000][164][safepoint   ] Safepoint "Cleanup", Time since last: 390058543000 ns, Reaching safepoint: 199500 ns, At safepoint: 8400 ns, Total: 207900 ns
[2022-05-24T02:31:38.526+0000][164][safepoint   ] Safepoint "Cleanup", Time since last: 29003581700 ns, Reaching safepoint: 223600 ns, At safepoint: 6100 ns, Total: 229700 ns
[2022-05-24T02:34:39.547+0000][164][safepoint   ] Safepoint "Cleanup", Time since last: 181019752800 ns, Reaching safepoint: 273300 ns, At safepoint: 9400 ns, Total: 282700 ns
[2022-05-24T02:35:39.555+0000][164][safepoint   ] Safepoint "Cleanup", Time since last: 60006853200 ns, Reaching safepoint: 213000 ns, At safepoint: 8900 ns, Total: 221900 ns
[2022-05-24T02:35:46.556+0000][164][safepoint   ] Safepoint "Cleanup", Time since last: 7000835800 ns, Reaching safepoint: 205300 ns, At safepoint: 7100 ns, Total: 212400 ns
[2022-05-24T02:36:40.562+0000][164][safepoint   ] Safepoint "Cleanup", Time since last: 54005716300 ns, Reaching safepoint: 215700 ns, At safepoint: 6300 ns, Total: 222000 ns
[2022-05-24T02:38:09.572+0000][164][safepoint   ] Safepoint "Cleanup", Time since last: 89009388700 ns, Reaching safepoint: 252800 ns, At safepoint: 15100 ns, Total: 267900 ns
[2022-05-24T02:38:36.575+0000][164][safepoint   ] Safepoint "Cleanup", Time since last: 27002774100 ns, Reaching safepoint: 277400 ns, At safepoint: 11100 ns, Total: 288500 ns
[2022-05-24T02:41:39.594+0000][164][safepoint   ] Safepoint "Cleanup", Time since last: 183019144500 ns, Reaching safepoint: 245500 ns, At safepoint: 9200 ns, Total: 254700 ns
[2022-05-24T02:44:39.615+0000][164][safepoint   ] Safepoint "Cleanup", Time since last: 180019581700 ns, Reaching safepoint: 450900 ns, At safepoint: 13200 ns, Total: 464100 ns
[2022-05-24T02:48:09.639+0000][164][safepoint   ] Safepoint "Cleanup", Time since last: 210022825200 ns, Reaching safepoint: 293200 ns, At safepoint: 21100 ns, Total: 314300 ns
[2022-05-24T02:52:09.667+0000][164][safepoint   ] Safepoint "Cleanup", Time since last: 240027279400 ns, Reaching safepoint: 315600 ns, At safepoint: 8000 ns, Total: 323600 ns
[2022-05-24T02:53:39.678+0000][164][safepoint   ] Safepoint "Cleanup", Time since last: 90010361600 ns, Reaching safepoint: 418000 ns, At safepoint: 6900 ns, Total: 424900 ns
[2022-05-24T02:54:36.685+0000][164][safepoint   ] Safepoint "Cleanup", Time since last: 57006266800 ns, Reaching safepoint: 296700 ns, At safepoint: 9600 ns, Total: 306300 ns
[2022-05-24T02:54:38.685+0000][164][safepoint   ] Safepoint "Cleanup", Time since last: 2000437400 ns, Reaching safepoint: 197400 ns, At safepoint: 8400 ns, Total: 205800 ns
[2022-05-24T02:54:39.686+0000][164][safepoint   ] Safepoint "Cleanup", Time since last: 1000340700 ns, Reaching safepoint: 259800 ns, At safepoint: 7400 ns, Total: 267200 ns
[2022-05-24T02:55:09.690+0000][164][safepoint   ] Safepoint "Cleanup", Time since last: 30003701300 ns, Reaching safepoint: 344900 ns, At safepoint: 37600 ns, Total: 382500 ns
[2022-05-24T02:59:39.721+0000][164][safepoint   ] Safepoint "Cleanup", Time since last: 270030457400 ns, Reaching safepoint: 330700 ns, At safepoint: 39000 ns, Total: 369700 ns
[2022-05-24T03:00:09.725+0000][164][safepoint   ] Safepoint "Cleanup", Time since last: 30003686300 ns, Reaching safepoint: 319400 ns, At safepoint: 9700 ns, Total: 329100 ns
[2022-05-24T03:01:09.734+0000][164][safepoint   ] Safepoint "Cleanup", Time since last: 60006772200 ns, Reaching safepoint: 532800 ns, At safepoint: 10300 ns, Total: 543100 ns
[2022-05-24T03:01:39.738+0000][164][safepoint   ] Safepoint "Cleanup", Time since last: 30003858800 ns, Reaching safepoint: 261900 ns, At safepoint: 8700 ns, Total: 270600 ns
[2022-05-24T03:02:39.747+0000][164][safepoint   ] Safepoint "Cleanup", Time since last: 60007267800 ns, Reaching safepoint: 311600 ns, At safepoint: 9000 ns, Total: 320600 ns
[2022-05-24T03:06:40.779+0000][164][safepoint   ] Safepoint "Cleanup", Time since last: 241027449200 ns, Reaching safepoint: 325100 ns, At safepoint: 8400 ns, Total: 333500 ns
[2022-05-24T03:09:09.799+0000][164][safepoint   ] Safepoint "Cleanup", Time since last: 149017834600 ns, Reaching safepoint: 311800 ns, At safepoint: 15100 ns, Total: 326900 ns
[2022-05-24T03:09:38.804+0000][164][safepoint   ] Safepoint "Cleanup", Time since last: 29003797700 ns, Reaching safepoint: 216800 ns, At safepoint: 12400 ns, Total: 229200 ns
[2022-05-24T03:14:09.838+0000][164][safepoint   ] Safepoint "Cleanup", Time since last: 271031699000 ns, Reaching safepoint: 389900 ns, At safepoint: 9900 ns, Total: 399800 ns
[2022-05-24T03:20:09.885+0000][164][safepoint   ] Safepoint "Cleanup", Time since last: 360043666200 ns, Reaching safepoint: 271600 ns, At safepoint: 9500 ns, Total: 281100 ns
[2022-05-24T03:20:10.886+0000][164][safepoint   ] Safepoint "Cleanup", Time since last: 1000501300 ns, Reaching safepoint: 288200 ns, At safepoint: 10000 ns, Total: 298200 ns
[2022-05-24T03:23:35.218+0000][164][gc,start    ] GC(20) Pause Young (Normal) (G1 Evacuation Pause)
[2022-05-24T03:23:35.218+0000][164][gc,task     ] GC(20) Using 10 workers of 10 for evacuation
[2022-05-24T03:23:35.219+0000][164][gc,age      ] GC(20) Desired survivor size 20971520 bytes, new threshold 15 (max threshold 15)
[2022-05-24T03:23:35.263+0000][164][gc,age      ] GC(20) Age table with threshold 15 (max threshold 15)
[2022-05-24T03:23:35.263+0000][164][gc,age      ] GC(20) - age   1:     104832 bytes,     104832 total
[2022-05-24T03:23:35.263+0000][164][gc,age      ] GC(20) - age   2:    2956048 bytes,    3060880 total
[2022-05-24T03:23:35.263+0000][164][gc,age      ] GC(20) - age   3:    3717584 bytes,    6778464 total
[2022-05-24T03:23:35.264+0000][164][gc,age      ] GC(20) - age   4:     530424 bytes,    7308888 total
[2022-05-24T03:23:35.264+0000][164][gc,age      ] GC(20) - age   5:   12146592 bytes,   19455480 total
[2022-05-24T03:23:35.264+0000][164][gc,phases   ] GC(20)   Pre Evacuate Collection Set: 0.6ms
[2022-05-24T03:23:35.265+0000][164][gc,phases   ] GC(20)   Merge Heap Roots: 0.5ms
[2022-05-24T03:23:35.265+0000][164][gc,phases   ] GC(20)   Evacuate Collection Set: 37.7ms
[2022-05-24T03:23:35.265+0000][164][gc,phases   ] GC(20)   Post Evacuate Collection Set: 5.1ms
[2022-05-24T03:23:35.265+0000][164][gc,phases   ] GC(20)   Other: 3.4ms
[2022-05-24T03:23:35.266+0000][164][gc,heap     ] GC(20) Eden regions: 70->0(70)
[2022-05-24T03:23:35.266+0000][164][gc,heap     ] GC(20) Survivor regions: 6->6(10)
[2022-05-24T03:23:35.266+0000][164][gc,heap     ] GC(20) Old regions: 13->13
[2022-05-24T03:23:35.266+0000][164][gc,heap     ] GC(20) Archive regions: 2->2
[2022-05-24T03:23:35.267+0000][164][gc,heap     ] GC(20) Humongous regions: 6->6
[2022-05-24T03:23:35.267+0000][164][gc,metaspace] GC(20) Metaspace: 96558K(98112K)->96558K(98112K) NonClass: 83158K(84096K)->83158K(84096K) Class: 13399K(14016K)->13399K(14016K)
[2022-05-24T03:23:35.267+0000][164][gc          ] GC(20) Pause Young (Normal) (G1 Evacuation Pause) 380M->98M(512M) 49.574ms
[2022-05-24T03:23:35.267+0000][164][gc,cpu      ] GC(20) User=0.36s Sys=0.01s Real=0.05s
[2022-05-24T03:23:35.267+0000][164][safepoint   ] Safepoint "G1CollectForAllocation", Time since last: 204329542000 ns, Reaching safepoint: 258400 ns, At safepoint: 50479600 ns, Total: 50738000 ns
[2022-05-24T03:24:10.273+0000][164][safepoint   ] Safepoint "Cleanup", Time since last: 35004509600 ns, Reaching safepoint: 309700 ns, At safepoint: 23900 ns, Total: 333600 ns
[2022-05-24T03:24:39.277+0000][164][safepoint   ] Safepoint "Cleanup", Time since last: 29003996000 ns, Reaching safepoint: 326400 ns, At safepoint: 19800 ns, Total: 346200 ns
[2022-05-24T03:25:10.282+0000][164][safepoint   ] Safepoint "Cleanup", Time since last: 31004167300 ns, Reaching safepoint: 249000 ns, At safepoint: 6200 ns, Total: 255200 ns
[2022-05-24T03:25:42.286+0000][164][safepoint   ] Safepoint "Cleanup", Time since last: 32004515900 ns, Reaching safepoint: 300000 ns, At safepoint: 8600 ns, Total: 308600 ns
[2022-05-24T03:27:10.298+0000][164][safepoint   ] Safepoint "Cleanup", Time since last: 88011048800 ns, Reaching safepoint: 264000 ns, At safepoint: 5600 ns, Total: 269600 ns
[2022-05-24T03:27:40.303+0000][164][safepoint   ] Safepoint "Cleanup", Time since last: 30004342200 ns, Reaching safepoint: 282000 ns, At safepoint: 8700 ns, Total: 290700 ns
[2022-05-24T03:28:10.307+0000][164][safepoint   ] Safepoint "Cleanup", Time since last: 30003965700 ns, Reaching safepoint: 245400 ns, At safepoint: 9200 ns, Total: 254600 ns
[2022-05-24T03:36:40.374+0000][164][safepoint   ] Safepoint "Cleanup", Time since last: 510062300300 ns, Reaching safepoint: 294700 ns, At safepoint: 5800 ns, Total: 300500 ns
[2022-05-24T03:44:10.439+0000][164][safepoint   ] Safepoint "Cleanup", Time since last: 450056886100 ns, Reaching safepoint: 349500 ns, At safepoint: 6800 ns, Total: 356300 ns
[2022-05-24T03:45:40.452+0000][164][safepoint   ] Safepoint "Cleanup", Time since last: 90011416500 ns, Reaching safepoint: 264700 ns, At safepoint: 7200 ns, Total: 271900 ns
[2022-05-24T03:47:10.464+0000][164][safepoint   ] Safepoint "Cleanup", Time since last: 90011166900 ns, Reaching safepoint: 258600 ns, At safepoint: 8800 ns, Total: 267400 ns
[2022-05-24T03:49:40.485+0000][164][safepoint   ] Safepoint "Cleanup", Time since last: 150018894400 ns, Reaching safepoint: 225300 ns, At safepoint: 7100 ns, Total: 232400 ns
[2022-05-24T03:50:10.489+0000][164][safepoint   ] Safepoint "Cleanup", Time since last: 30003945300 ns, Reaching safepoint: 216700 ns, At safepoint: 5700 ns, Total: 222400 ns
[2022-05-24T03:52:10.505+0000][164][safepoint   ] Safepoint "Cleanup", Time since last: 120014498700 ns, Reaching safepoint: 330500 ns, At safepoint: 12100 ns, Total: 342600 ns
[2022-05-24T03:53:40.517+0000][164][safepoint   ] Safepoint "Cleanup", Time since last: 90010798800 ns, Reaching safepoint: 211400 ns, At safepoint: 6000 ns, Total: 217400 ns
[2022-05-24T03:54:39.525+0000][164][safepoint   ] Safepoint "Cleanup", Time since last: 59007476200 ns, Reaching safepoint: 203600 ns, At safepoint: 6300 ns, Total: 209900 ns
[2022-05-24T04:03:40.593+0000][164][safepoint   ] Safepoint "Cleanup", Time since last: 541065432800 ns, Reaching safepoint: 213500 ns, At safepoint: 9600 ns, Total: 223100 ns
[2022-05-24T04:04:10.598+0000][164][safepoint   ] Safepoint "Cleanup", Time since last: 30004220200 ns, Reaching safepoint: 210400 ns, At safepoint: 9200 ns, Total: 219600 ns
[2022-05-24T04:05:10.606+0000][164][safepoint   ] Safepoint "Cleanup", Time since last: 60007590400 ns, Reaching safepoint: 215800 ns, At safepoint: 8900 ns, Total: 224700 ns
[2022-05-24T04:05:40.610+0000][164][safepoint   ] Safepoint "Cleanup", Time since last: 30003844900 ns, Reaching safepoint: 221400 ns, At safepoint: 9800 ns, Total: 231200 ns
[2022-05-24T04:09:38.642+0000][164][safepoint   ] Safepoint "Cleanup", Time since last: 238029248600 ns, Reaching safepoint: 207600 ns, At safepoint: 9000 ns, Total: 216600 ns
[2022-05-24T04:14:10.680+0000][164][safepoint   ] Safepoint "Cleanup", Time since last: 272032665200 ns, Reaching safepoint: 265500 ns, At safepoint: 16100 ns, Total: 281600 ns
[2022-05-24T04:14:39.684+0000][164][safepoint   ] Safepoint "Cleanup", Time since last: 29003809200 ns, Reaching safepoint: 194000 ns, At safepoint: 6100 ns, Total: 200100 ns
[2022-05-24T04:24:38.762+0000][164][safepoint   ] Safepoint "Cleanup", Time since last: 599068961100 ns, Reaching safepoint: 312400 ns, At safepoint: 9000 ns, Total: 321400 ns
[2022-05-24T04:24:39.762+0000][164][safepoint   ] Safepoint "Cleanup", Time since last: 1000380100 ns, Reaching safepoint: 206200 ns, At safepoint: 8800 ns, Total: 215000 ns
[2022-05-24T04:25:10.767+0000][164][safepoint   ] Safepoint "Cleanup", Time since last: 31004818900 ns, Reaching safepoint: 210200 ns, At safepoint: 9400 ns, Total: 219600 ns
[2022-05-24T04:28:09.791+0000][164][safepoint   ] Safepoint "Cleanup", Time since last: 179021391700 ns, Reaching safepoint: 244500 ns, At safepoint: 8900 ns, Total: 253400 ns
[2022-05-24T04:28:44.795+0000][164][safepoint   ] Safepoint "Cleanup", Time since last: 35004331900 ns, Reaching safepoint: 206700 ns, At safepoint: 6700 ns, Total: 213400 ns
[2022-05-24T04:32:40.826+0000][164][safepoint   ] Safepoint "Cleanup", Time since last: 236028448200 ns, Reaching safepoint: 247300 ns, At safepoint: 13600 ns, Total: 260900 ns
[2022-05-24T04:33:40.834+0000][164][safepoint   ] Safepoint "Cleanup", Time since last: 60007847600 ns, Reaching safepoint: 206200 ns, At safepoint: 9400 ns, Total: 215600 ns
[2022-05-24T04:34:38.842+0000][164][safepoint   ] Safepoint "Cleanup", Time since last: 58007712000 ns, Reaching safepoint: 199200 ns, At safepoint: 6700 ns, Total: 205900 ns
[2022-05-24T04:39:10.879+0000][164][safepoint   ] Safepoint "Cleanup", Time since last: 272035354300 ns, Reaching safepoint: 323500 ns, At safepoint: 6400 ns, Total: 329900 ns
[2022-05-24T04:43:40.914+0000][164][safepoint   ] Safepoint "Cleanup", Time since last: 270033934600 ns, Reaching safepoint: 266700 ns, At safepoint: 7100 ns, Total: 273800 ns
[2022-05-24T04:44:10.919+0000][164][safepoint   ] Safepoint "Cleanup", Time since last: 30004476500 ns, Reaching safepoint: 270900 ns, At safepoint: 5900 ns, Total: 276800 ns
[2022-05-24T04:45:10.927+0000][164][safepoint   ] Safepoint "Cleanup", Time since last: 60007934000 ns, Reaching safepoint: 212100 ns, At safepoint: 24700 ns, Total: 236800 ns
[2022-05-24T04:47:10.944+0000][164][safepoint   ] Safepoint "Cleanup", Time since last: 120015903800 ns, Reaching safepoint: 236000 ns, At safepoint: 9600 ns, Total: 245600 ns
[2022-05-24T04:49:10.961+0000][164][safepoint   ] Safepoint "Cleanup", Time since last: 120016346000 ns, Reaching safepoint: 291600 ns, At safepoint: 20000 ns, Total: 311600 ns
[2022-05-24T04:54:39.006+0000][164][safepoint   ] Safepoint "Cleanup", Time since last: 328043832300 ns, Reaching safepoint: 208700 ns, At safepoint: 5900 ns, Total: 214600 ns
[2022-05-24T04:56:11.019+0000][164][safepoint   ] Safepoint "Cleanup", Time since last: 92012351500 ns, Reaching safepoint: 263600 ns, At safepoint: 6700 ns, Total: 270300 ns
[2022-05-24T05:04:39.077+0000][164][safepoint   ] Safepoint "Cleanup", Time since last: 508057882200 ns, Reaching safepoint: 192500 ns, At safepoint: 6300 ns, Total: 198800 ns
[2022-05-24T05:07:41.100+0000][164][safepoint   ] Safepoint "Cleanup", Time since last: 182021580800 ns, Reaching safepoint: 227100 ns, At safepoint: 15600 ns, Total: 242700 ns
[2022-05-24T05:08:40.107+0000][164][safepoint   ] Safepoint "Cleanup", Time since last: 59006804200 ns, Reaching safepoint: 285000 ns, At safepoint: 6500 ns, Total: 291500 ns
[2022-05-24T05:09:38.115+0000][164][safepoint   ] Safepoint "Cleanup", Time since last: 58007620900 ns, Reaching safepoint: 286100 ns, At safepoint: 8600 ns, Total: 294700 ns
[2022-05-24T05:09:40.116+0000][164][safepoint   ] Safepoint "Cleanup", Time since last: 2000545600 ns, Reaching safepoint: 356500 ns, At safepoint: 36200 ns, Total: 392700 ns
[2022-05-24T05:10:40.123+0000][164][safepoint   ] Safepoint "Cleanup", Time since last: 60006904500 ns, Reaching safepoint: 277500 ns, At safepoint: 6400 ns, Total: 283900 ns
[2022-05-24T05:11:37.131+0000][164][safepoint   ] Safepoint "Cleanup", Time since last: 57007110400 ns, Reaching safepoint: 286900 ns, At safepoint: 12500 ns, Total: 299400 ns
[2022-05-24T05:14:39.154+0000][164][safepoint   ] Safepoint "Cleanup", Time since last: 182022301000 ns, Reaching safepoint: 244100 ns, At safepoint: 6200 ns, Total: 250300 ns
[2022-05-24T05:21:40.224+0000][164][safepoint   ] Safepoint "Cleanup", Time since last: 421052351400 ns, Reaching safepoint: 203800 ns, At safepoint: 8300 ns, Total: 212100 ns
[2022-05-24T05:22:40.235+0000][164][safepoint   ] Safepoint "Cleanup", Time since last: 60007930300 ns, Reaching safepoint: 196600 ns, At safepoint: 9500 ns, Total: 206100 ns
[2022-05-24T05:24:39.255+0000][164][safepoint   ] Safepoint "Cleanup", Time since last: 119015097800 ns, Reaching safepoint: 195200 ns, At safepoint: 5800 ns, Total: 201000 ns
[2022-05-24T05:29:40.304+0000][164][safepoint   ] Safepoint "Cleanup", Time since last: 301037715000 ns, Reaching safepoint: 294300 ns, At safepoint: 6300 ns, Total: 300600 ns
[2022-05-24T05:31:10.318+0000][164][safepoint   ] Safepoint "Cleanup", Time since last: 90010527100 ns, Reaching safepoint: 323900 ns, At safepoint: 24500 ns, Total: 348400 ns
[2022-05-24T05:36:40.367+0000][164][safepoint   ] Safepoint "Cleanup", Time since last: 330041550800 ns, Reaching safepoint: 438500 ns, At safepoint: 9400 ns, Total: 447900 ns
[2022-05-24T05:37:12.372+0000][164][safepoint   ] Safepoint "Cleanup", Time since last: 32004259300 ns, Reaching safepoint: 201600 ns, At safepoint: 6600 ns, Total: 208200 ns
[2022-05-24T05:44:35.019+0000][164][gc,start    ] GC(21) Pause Young (Normal) (G1 Evacuation Pause)
[2022-05-24T05:44:35.019+0000][164][gc,task     ] GC(21) Using 10 workers of 10 for evacuation
[2022-05-24T05:44:35.020+0000][164][gc,age      ] GC(21) Desired survivor size 20971520 bytes, new threshold 15 (max threshold 15)
[2022-05-24T05:44:35.032+0000][164][gc,age      ] GC(21) Age table with threshold 15 (max threshold 15)
[2022-05-24T05:44:35.032+0000][164][gc,age      ] GC(21) - age   1:      40096 bytes,      40096 total
[2022-05-24T05:44:35.033+0000][164][gc,age      ] GC(21) - age   2:      87376 bytes,     127472 total
[2022-05-24T05:44:35.033+0000][164][gc,age      ] GC(21) - age   3:    2951784 bytes,    3079256 total
[2022-05-24T05:44:35.033+0000][164][gc,age      ] GC(21) - age   4:    3717584 bytes,    6796840 total
[2022-05-24T05:44:35.034+0000][164][gc,age      ] GC(21) - age   5:     530424 bytes,    7327264 total
[2022-05-24T05:44:35.034+0000][164][gc,age      ] GC(21) - age   6:   12146592 bytes,   19473856 total
[2022-05-24T05:44:35.034+0000][164][gc,phases   ] GC(21)   Pre Evacuate Collection Set: 0.3ms
[2022-05-24T05:44:35.034+0000][164][gc,phases   ] GC(21)   Merge Heap Roots: 0.2ms
[2022-05-24T05:44:35.034+0000][164][gc,phases   ] GC(21)   Evacuate Collection Set: 9.6ms
[2022-05-24T05:44:35.035+0000][164][gc,phases   ] GC(21)   Post Evacuate Collection Set: 2.1ms
[2022-05-24T05:44:35.035+0000][164][gc,phases   ] GC(21)   Other: 2.9ms
[2022-05-24T05:44:35.035+0000][164][gc,heap     ] GC(21) Eden regions: 70->0(71)
[2022-05-24T05:44:35.035+0000][164][gc,heap     ] GC(21) Survivor regions: 6->5(10)
[2022-05-24T05:44:35.035+0000][164][gc,heap     ] GC(21) Old regions: 13->13
[2022-05-24T05:44:35.035+0000][164][gc,heap     ] GC(21) Archive regions: 2->2
[2022-05-24T05:44:35.035+0000][164][gc,heap     ] GC(21) Humongous regions: 6->6
[2022-05-24T05:44:35.035+0000][164][gc,metaspace] GC(21) Metaspace: 96724K(98240K)->96724K(98240K) NonClass: 83324K(84224K)->83324K(84224K) Class: 13400K(14016K)->13400K(14016K)
[2022-05-24T05:44:35.035+0000][164][gc          ] GC(21) Pause Young (Normal) (G1 Evacuation Pause) 378M->97M(512M) 16.490ms
[2022-05-24T05:44:35.036+0000][164][gc,cpu      ] GC(21) User=0.08s Sys=0.00s Real=0.02s
[2022-05-24T05:44:35.036+0000][164][safepoint   ] Safepoint "G1CollectForAllocation", Time since last: 442641143500 ns, Reaching safepoint: 377000 ns, At safepoint: 16823900 ns, Total: 17200900 ns
[2022-05-24T06:04:58.058+0000][164][safepoint   ] Safepoint "Cleanup", Time since last: 1223012921100 ns, Reaching safepoint: 180600 ns, At safepoint: 17700 ns, Total: 198300 ns
[2022-05-24T06:04:59.193+0000][164][safepoint   ] Safepoint "Cleanup", Time since last: 1134405400 ns, Reaching safepoint: 254600 ns, At safepoint: 28100 ns, Total: 282700 ns
[2022-05-24T06:05:19.196+0000][164][safepoint   ] Safepoint "Cleanup", Time since last: 20002542100 ns, Reaching safepoint: 209300 ns, At safepoint: 6000 ns, Total: 215300 ns
[2022-05-24T06:06:12.203+0000][164][safepoint   ] Safepoint "Cleanup", Time since last: 53007201200 ns, Reaching safepoint: 368400 ns, At safepoint: 20300 ns, Total: 388700 ns
[2022-05-24T06:10:34.240+0000][164][safepoint   ] Safepoint "Cleanup", Time since last: 262035044900 ns, Reaching safepoint: 298500 ns, At safepoint: 20500 ns, Total: 319000 ns
[2022-05-24T06:11:45.250+0000][164][safepoint   ] Safepoint "Cleanup", Time since last: 71010140100 ns, Reaching safepoint: 258300 ns, At safepoint: 12900 ns, Total: 271200 ns
[2022-05-24T06:14:41.275+0000][164][safepoint   ] Safepoint "Cleanup", Time since last: 176024250000 ns, Reaching safepoint: 203100 ns, At safepoint: 5500 ns, Total: 208600 ns
[2022-05-24T06:14:43.275+0000][164][safepoint   ] Safepoint "Cleanup", Time since last: 2000617400 ns, Reaching safepoint: 192300 ns, At safepoint: 6000 ns, Total: 198300 ns
[2022-05-24T06:16:40.293+0000][164][safepoint   ] Safepoint "Cleanup", Time since last: 117016183900 ns, Reaching safepoint: 245100 ns, At safepoint: 6600 ns, Total: 251700 ns
[2022-05-24T06:16:41.293+0000][164][safepoint   ] Safepoint "Cleanup", Time since last: 1000539700 ns, Reaching safepoint: 228600 ns, At safepoint: 6400 ns, Total: 235000 ns
[2022-05-24T06:18:41.311+0000][164][safepoint   ] Safepoint "Cleanup", Time since last: 120016673400 ns, Reaching safepoint: 279400 ns, At safepoint: 6200 ns, Total: 285600 ns
[2022-05-24T06:21:11.333+0000][164][safepoint   ] Safepoint "Cleanup", Time since last: 150021359700 ns, Reaching safepoint: 252700 ns, At safepoint: 23000 ns, Total: 275700 ns
[2022-05-24T06:22:38.346+0000][164][safepoint   ] Safepoint "Cleanup", Time since last: 87012362400 ns, Reaching safepoint: 281300 ns, At safepoint: 6800 ns, Total: 288100 ns
[2022-05-24T06:22:41.347+0000][164][safepoint   ] Safepoint "Cleanup", Time since last: 3000747200 ns, Reaching safepoint: 234500 ns, At safepoint: 5800 ns, Total: 240300 ns
[2022-05-24T06:25:41.373+0000][164][safepoint   ] Safepoint "Cleanup", Time since last: 180024793200 ns, Reaching safepoint: 300900 ns, At safepoint: 22000 ns, Total: 322900 ns
[2022-05-24T06:25:42.374+0000][164][safepoint   ] Safepoint "Cleanup", Time since last: 1000556700 ns, Reaching safepoint: 266200 ns, At safepoint: 23500 ns, Total: 289700 ns
[2022-05-24T06:29:11.407+0000][164][safepoint   ] Safepoint "Cleanup", Time since last: 209027434100 ns, Reaching safepoint: 330100 ns, At safepoint: 6800 ns, Total: 336900 ns
[2022-05-24T06:35:41.468+0000][164][safepoint   ] Safepoint "Cleanup", Time since last: 390054216000 ns, Reaching safepoint: 252100 ns, At safepoint: 8100 ns, Total: 260200 ns
[2022-05-24T06:35:42.469+0000][164][safepoint   ] Safepoint "Cleanup", Time since last: 1000571200 ns, Reaching safepoint: 218200 ns, At safepoint: 6700 ns, Total: 224900 ns
[2022-05-24T06:35:52.471+0000][164][safepoint   ] Safepoint "Cleanup", Time since last: 10001639000 ns, Reaching safepoint: 268500 ns, At safepoint: 19000 ns, Total: 287500 ns
[2022-05-24T06:36:41.479+0000][164][safepoint   ] Safepoint "Cleanup", Time since last: 49006909300 ns, Reaching safepoint: 271600 ns, At safepoint: 16500 ns, Total: 288100 ns
[2022-05-24T06:42:26.530+0000][164][safepoint   ] Safepoint "Cleanup", Time since last: 345046488500 ns, Reaching safepoint: 218800 ns, At safepoint: 6400 ns, Total: 225200 ns
[2022-05-24T06:42:41.532+0000][164][safepoint   ] Safepoint "Cleanup", Time since last: 15002136800 ns, Reaching safepoint: 216200 ns, At safepoint: 9400 ns, Total: 225600 ns
[2022-05-24T06:45:33.557+0000][164][safepoint   ] Safepoint "Cleanup", Time since last: 172023217000 ns, Reaching safepoint: 293800 ns, At safepoint: 21000 ns, Total: 314800 ns
[2022-05-24T06:45:36.558+0000][164][safepoint   ] Safepoint "Cleanup", Time since last: 3000721200 ns, Reaching safepoint: 204900 ns, At safepoint: 7600 ns, Total: 212500 ns
[2022-05-24T06:45:41.559+0000][164][safepoint   ] Safepoint "Cleanup", Time since last: 5000788900 ns, Reaching safepoint: 274000 ns, At safepoint: 6800 ns, Total: 280800 ns
[2022-05-24T06:47:31.576+0000][164][safepoint   ] Safepoint "Cleanup", Time since last: 110016093600 ns, Reaching safepoint: 215800 ns, At safepoint: 6400 ns, Total: 222200 ns
[2022-05-24T07:19:40.946+0000][164][safepoint   ] Safepoint "Cleanup", Time since last: 1929362813900 ns, Reaching safepoint: 379300 ns, At safepoint: 16700 ns, Total: 396000 ns
[2022-05-24T07:30:41.043+0000][164][safepoint   ] Safepoint "Cleanup", Time since last: 660094790900 ns, Reaching safepoint: 260500 ns, At safepoint: 26900 ns, Total: 287400 ns
[2022-05-24T07:38:41.117+0000][164][safepoint   ] Safepoint "Cleanup", Time since last: 480065391500 ns, Reaching safepoint: 226900 ns, At safepoint: 9200 ns, Total: 236100 ns
[2022-05-24T07:39:41.128+0000][164][safepoint   ] Safepoint "Cleanup", Time since last: 60008853400 ns, Reaching safepoint: 260900 ns, At safepoint: 7700 ns, Total: 268600 ns
[2022-05-24T07:44:39.179+0000][164][safepoint   ] Safepoint "Cleanup", Time since last: 298043642000 ns, Reaching safepoint: 296400 ns, At safepoint: 6700 ns, Total: 303100 ns
[2022-05-24T07:54:39.274+0000][164][safepoint   ] Safepoint "Cleanup", Time since last: 600083860500 ns, Reaching safepoint: 204900 ns, At safepoint: 9100 ns, Total: 214000 ns
[2022-05-24T08:03:32.399+0000][164][gc,start    ] GC(22) Pause Young (Normal) (G1 Evacuation Pause)
[2022-05-24T08:03:32.400+0000][164][gc,task     ] GC(22) Using 10 workers of 10 for evacuation
[2022-05-24T08:03:32.400+0000][164][gc,age      ] GC(22) Desired survivor size 20971520 bytes, new threshold 15 (max threshold 15)
[2022-05-24T08:03:32.410+0000][164][gc,age      ] GC(22) Age table with threshold 15 (max threshold 15)
[2022-05-24T08:03:32.410+0000][164][gc,age      ] GC(22) - age   1:     758896 bytes,     758896 total
[2022-05-24T08:03:32.411+0000][164][gc,age      ] GC(22) - age   2:      24592 bytes,     783488 total
[2022-05-24T08:03:32.411+0000][164][gc,age      ] GC(22) - age   3:      87256 bytes,     870744 total
[2022-05-24T08:03:32.411+0000][164][gc,age      ] GC(22) - age   4:    2951288 bytes,    3822032 total
[2022-05-24T08:03:32.411+0000][164][gc,age      ] GC(22) - age   5:    3716088 bytes,    7538120 total
[2022-05-24T08:03:32.411+0000][164][gc,age      ] GC(22) - age   6:     530136 bytes,    8068256 total
[2022-05-24T08:03:32.412+0000][164][gc,age      ] GC(22) - age   7:   12125704 bytes,   20193960 total
[2022-05-24T08:03:32.412+0000][164][gc,phases   ] GC(22)   Pre Evacuate Collection Set: 0.2ms
[2022-05-24T08:03:32.412+0000][164][gc,phases   ] GC(22)   Merge Heap Roots: 0.2ms
[2022-05-24T08:03:32.412+0000][164][gc,phases   ] GC(22)   Evacuate Collection Set: 7.4ms
[2022-05-24T08:03:32.412+0000][164][gc,phases   ] GC(22)   Post Evacuate Collection Set: 1.9ms
[2022-05-24T08:03:32.412+0000][164][gc,phases   ] GC(22)   Other: 3.0ms
[2022-05-24T08:03:32.413+0000][164][gc,heap     ] GC(22) Eden regions: 71->0(70)
[2022-05-24T08:03:32.413+0000][164][gc,heap     ] GC(22) Survivor regions: 5->6(10)
[2022-05-24T08:03:32.413+0000][164][gc,heap     ] GC(22) Old regions: 13->13
[2022-05-24T08:03:32.413+0000][164][gc,heap     ] GC(22) Archive regions: 2->2
[2022-05-24T08:03:32.413+0000][164][gc,heap     ] GC(22) Humongous regions: 6->6
[2022-05-24T08:03:32.413+0000][164][gc,metaspace] GC(22) Metaspace: 98451K(99968K)->98451K(99968K) NonClass: 84839K(85760K)->84839K(85760K) Class: 13611K(14208K)->13611K(14208K)
[2022-05-24T08:03:32.413+0000][164][gc          ] GC(22) Pause Young (Normal) (G1 Evacuation Pause) 381M->99M(512M) 14.072ms
[2022-05-24T08:03:32.413+0000][164][gc,cpu      ] GC(22) User=0.05s Sys=0.03s Real=0.02s
[2022-05-24T08:03:32.414+0000][164][safepoint   ] Safepoint "G1CollectForAllocation", Time since last: 533118327500 ns, Reaching safepoint: 283900 ns, At safepoint: 14423100 ns, Total: 14707000 ns
[2022-05-24T08:04:39.424+0000][164][safepoint   ] Safepoint "Cleanup", Time since last: 67008926200 ns, Reaching safepoint: 318600 ns, At safepoint: 6200 ns, Total: 324800 ns
[2022-05-24T08:09:41.470+0000][164][safepoint   ] Safepoint "Cleanup", Time since last: 302042778000 ns, Reaching safepoint: 209100 ns, At safepoint: 6100 ns, Total: 215200 ns
[2022-05-24T08:11:57.493+0000][164][safepoint   ] Safepoint "Cleanup", Time since last: 136021357100 ns, Reaching safepoint: 296000 ns, At safepoint: 6200 ns, Total: 302200 ns
