[2022-05-06T05:57:57.982+0000][163][gc] Using G1
[2022-05-06T05:57:58.021+0000][163][gc,init] Version: 17.0.2+8 (release)
[2022-05-06T05:57:58.022+0000][163][gc,init] CPUs: 5 total, 5 available
[2022-05-06T05:57:58.023+0000][163][gc,init] Memory: 7851M
[2022-05-06T05:57:58.024+0000][163][gc,init] Large Page Support: Disabled
[2022-05-06T05:57:58.025+0000][163][gc,init] NUMA Support: Disabled
[2022-05-06T05:57:58.026+0000][163][gc,init] Compressed Oops: Enabled (32-bit)
[2022-05-06T05:57:58.027+0000][163][gc,init] Heap Region Size: 4M
[2022-05-06T05:57:58.028+0000][163][gc,init] Heap Min Capacity: 512M
[2022-05-06T05:57:58.028+0000][163][gc,init] Heap Initial Capacity: 512M
[2022-05-06T05:57:58.029+0000][163][gc,init] Heap Max Capacity: 512M
[2022-05-06T05:57:58.030+0000][163][gc,init] Pre-touch: Enabled
[2022-05-06T05:57:58.030+0000][163][gc,init] Parallel Workers: 5
[2022-05-06T05:57:58.031+0000][163][gc,init] Concurrent Workers: 1
[2022-05-06T05:57:58.031+0000][163][gc,init] Concurrent Refinement Workers: 5
[2022-05-06T05:57:58.032+0000][163][gc,init] Periodic GC: Disabled
[2022-05-06T05:57:58.032+0000][163][gc,metaspace] CDS archive(s) mapped at: [0x0000000800000000-0x0000000800bd2000-0x0000000800bd2000), size 12394496, SharedBaseAddress: 0x0000000800000000, ArchiveRelocationMode: 0.
[2022-05-06T05:57:58.034+0000][163][gc,metaspace] Compressed class space mapped at: 0x0000000800c00000-0x0000000840c00000, reserved size: 1073741824
[2022-05-06T05:57:58.035+0000][163][gc,metaspace] Narrow klass base: 0x0000000800000000, Narrow klass shift: 0, Narrow klass range: 0x100000000
[2022-05-06T05:57:58.151+0000][163][safepoint   ] Safepoint "ICBufferFull", Time since last: 112282375 ns, Reaching safepoint: 147042 ns, At safepoint: 8833 ns, Total: 155875 ns
[2022-05-06T05:57:58.196+0000][163][safepoint   ] Safepoint "ICBufferFull", Time since last: 44722750 ns, Reaching safepoint: 101417 ns, At safepoint: 2875 ns, Total: 104292 ns
[2022-05-06T05:57:58.232+0000][163][safepoint   ] Safepoint "ICBufferFull", Time since last: 36110792 ns, Reaching safepoint: 81416 ns, At safepoint: 2584 ns, Total: 84000 ns
[2022-05-06T05:57:58.341+0000][163][gc,start    ] GC(0) Pause Young (Normal) (G1 Evacuation Pause)
[2022-05-06T05:57:58.342+0000][163][gc,task     ] GC(0) Using 5 workers of 5 for evacuation
[2022-05-06T05:57:58.343+0000][163][gc,age      ] GC(0) Desired survivor size 2097152 bytes, new threshold 15 (max threshold 15)
[2022-05-06T05:57:58.347+0000][163][gc,age      ] GC(0) Age table with threshold 15 (max threshold 15)
[2022-05-06T05:57:58.348+0000][163][gc,age      ] GC(0) - age   1:    4183696 bytes,    4183696 total
[2022-05-06T05:57:58.348+0000][163][gc,phases   ] GC(0)   Pre Evacuate Collection Set: 0.4ms
[2022-05-06T05:57:58.349+0000][163][gc,phases   ] GC(0)   Merge Heap Roots: 0.0ms
[2022-05-06T05:57:58.350+0000][163][gc,phases   ] GC(0)   Evacuate Collection Set: 1.8ms
[2022-05-06T05:57:58.351+0000][163][gc,phases   ] GC(0)   Post Evacuate Collection Set: 0.6ms
[2022-05-06T05:57:58.351+0000][163][gc,phases   ] GC(0)   Other: 4.6ms
[2022-05-06T05:57:58.352+0000][163][gc,heap     ] GC(0) Eden regions: 6->0(5)
[2022-05-06T05:57:58.353+0000][163][gc,heap     ] GC(0) Survivor regions: 0->1(1)
[2022-05-06T05:57:58.353+0000][163][gc,heap     ] GC(0) Old regions: 0->1
[2022-05-06T05:57:58.354+0000][163][gc,heap     ] GC(0) Archive regions: 2->2
[2022-05-06T05:57:58.354+0000][163][gc,heap     ] GC(0) Humongous regions: 0->0
[2022-05-06T05:57:58.355+0000][163][gc,metaspace] GC(0) Metaspace: 8834K(9024K)->8834K(9024K) NonClass: 7786K(7872K)->7786K(7872K) Class: 1048K(1152K)->1048K(1152K)
[2022-05-06T05:57:58.355+0000][163][gc          ] GC(0) Pause Young (Normal) (G1 Evacuation Pause) 27M->8M(512M) 14.243ms
[2022-05-06T05:57:58.356+0000][163][gc,cpu      ] GC(0) User=0.01s Sys=0.00s Real=0.02s
[2022-05-06T05:57:58.357+0000][163][safepoint   ] Safepoint "G1CollectForAllocation", Time since last: 108436916 ns, Reaching safepoint: 130584 ns, At safepoint: 15532166 ns, Total: 15662750 ns
[2022-05-06T05:57:58.472+0000][163][safepoint   ] Safepoint "ICBufferFull", Time since last: 114937209 ns, Reaching safepoint: 114416 ns, At safepoint: 39334 ns, Total: 153750 ns
[2022-05-06T05:57:58.519+0000][163][gc,start    ] GC(1) Pause Young (Normal) (G1 Evacuation Pause)
[2022-05-06T05:57:58.520+0000][163][gc,task     ] GC(1) Using 5 workers of 5 for evacuation
[2022-05-06T05:57:58.521+0000][163][gc,age      ] GC(1) Desired survivor size 2097152 bytes, new threshold 1 (max threshold 15)
[2022-05-06T05:57:58.526+0000][163][gc,age      ] GC(1) Age table with threshold 1 (max threshold 15)
[2022-05-06T05:57:58.527+0000][163][gc,age      ] GC(1) - age   1:    1905400 bytes,    1905400 total
[2022-05-06T05:57:58.528+0000][163][gc,phases   ] GC(1)   Pre Evacuate Collection Set: 0.0ms
[2022-05-06T05:57:58.529+0000][163][gc,phases   ] GC(1)   Merge Heap Roots: 0.1ms
[2022-05-06T05:57:58.530+0000][163][gc,phases   ] GC(1)   Evacuate Collection Set: 2.4ms
[2022-05-06T05:57:58.531+0000][163][gc,phases   ] GC(1)   Post Evacuate Collection Set: 1.5ms
[2022-05-06T05:57:58.531+0000][163][gc,phases   ] GC(1)   Other: 5.4ms
[2022-05-06T05:57:58.532+0000][163][gc,heap     ] GC(1) Eden regions: 5->0(7)
[2022-05-06T05:57:58.533+0000][163][gc,heap     ] GC(1) Survivor regions: 1->1(1)
[2022-05-06T05:57:58.533+0000][163][gc,heap     ] GC(1) Old regions: 1->2
[2022-05-06T05:57:58.534+0000][163][gc,heap     ] GC(1) Archive regions: 2->2
[2022-05-06T05:57:58.534+0000][163][gc,heap     ] GC(1) Humongous regions: 0->0
[2022-05-06T05:57:58.535+0000][163][gc,metaspace] GC(1) Metaspace: 12237K(12480K)->12237K(12480K) NonClass: 10744K(10880K)->10744K(10880K) Class: 1492K(1600K)->1492K(1600K)
[2022-05-06T05:57:58.536+0000][163][gc          ] GC(1) Pause Young (Normal) (G1 Evacuation Pause) 28M->10M(512M) 17.085ms
[2022-05-06T05:57:58.537+0000][163][gc,cpu      ] GC(1) User=0.02s Sys=0.00s Real=0.02s
[2022-05-06T05:57:58.537+0000][163][safepoint   ] Safepoint "G1CollectForAllocation", Time since last: 47006458 ns, Reaching safepoint: 209500 ns, At safepoint: 18523792 ns, Total: 18733292 ns
[2022-05-06T05:57:58.726+0000][163][safepoint   ] Safepoint "ICBufferFull", Time since last: 188790500 ns, Reaching safepoint: 141417 ns, At safepoint: 17208 ns, Total: 158625 ns
[2022-05-06T05:57:58.778+0000][163][gc,start    ] GC(2) Pause Young (Normal) (G1 Evacuation Pause)
[2022-05-06T05:57:58.780+0000][163][gc,task     ] GC(2) Using 5 workers of 5 for evacuation
[2022-05-06T05:57:58.782+0000][163][gc,age      ] GC(2) Desired survivor size 2097152 bytes, new threshold 15 (max threshold 15)
[2022-05-06T05:57:58.786+0000][163][gc,age      ] GC(2) Age table with threshold 15 (max threshold 15)
[2022-05-06T05:57:58.786+0000][163][gc,age      ] GC(2) - age   1:     992224 bytes,     992224 total
[2022-05-06T05:57:58.787+0000][163][gc,age      ] GC(2) - age   2:    1888616 bytes,    2880840 total
[2022-05-06T05:57:58.788+0000][163][gc,phases   ] GC(2)   Pre Evacuate Collection Set: 0.5ms
[2022-05-06T05:57:58.788+0000][163][gc,phases   ] GC(2)   Merge Heap Roots: 0.1ms
[2022-05-06T05:57:58.789+0000][163][gc,phases   ] GC(2)   Evacuate Collection Set: 1.6ms
[2022-05-06T05:57:58.789+0000][163][gc,phases   ] GC(2)   Post Evacuate Collection Set: 0.9ms
[2022-05-06T05:57:58.790+0000][163][gc,phases   ] GC(2)   Other: 6.1ms
[2022-05-06T05:57:58.790+0000][163][gc,heap     ] GC(2) Eden regions: 7->0(27)
[2022-05-06T05:57:58.791+0000][163][gc,heap     ] GC(2) Survivor regions: 1->1(1)
[2022-05-06T05:57:58.792+0000][163][gc,heap     ] GC(2) Old regions: 2->2
[2022-05-06T05:57:58.792+0000][163][gc,heap     ] GC(2) Archive regions: 2->2
[2022-05-06T05:57:58.793+0000][163][gc,heap     ] GC(2) Humongous regions: 0->0
[2022-05-06T05:57:58.794+0000][163][gc,metaspace] GC(2) Metaspace: 14681K(14912K)->14681K(14912K) NonClass: 12938K(13056K)->12938K(13056K) Class: 1742K(1856K)->1742K(1856K)
[2022-05-06T05:57:58.795+0000][163][gc          ] GC(2) Pause Young (Normal) (G1 Evacuation Pause) 38M->10M(512M) 16.321ms
[2022-05-06T05:57:58.795+0000][163][gc,cpu      ] GC(2) User=0.00s Sys=0.01s Real=0.02s
[2022-05-06T05:57:58.796+0000][163][safepoint   ] Safepoint "G1CollectForAllocation", Time since last: 51860500 ns, Reaching safepoint: 168792 ns, At safepoint: 17904083 ns, Total: 18072875 ns
[2022-05-06T05:57:58.964+0000][163][safepoint   ] Safepoint "ICBufferFull", Time since last: 167469958 ns, Reaching safepoint: 148250 ns, At safepoint: 20500 ns, Total: 168750 ns
[2022-05-06T05:57:58.996+0000][163][safepoint   ] Safepoint "ICBufferFull", Time since last: 31944417 ns, Reaching safepoint: 247417 ns, At safepoint: 13875 ns, Total: 261292 ns
[2022-05-06T05:57:59.013+0000][163][safepoint   ] Safepoint "ICBufferFull", Time since last: 16678375 ns, Reaching safepoint: 119083 ns, At safepoint: 2958 ns, Total: 122041 ns
[2022-05-06T05:57:59.015+0000][163][safepoint   ] Safepoint "ICBufferFull", Time since last: 1767667 ns, Reaching safepoint: 23167 ns, At safepoint: 1083 ns, Total: 24250 ns
[2022-05-06T05:57:59.016+0000][163][safepoint   ] Safepoint "ICBufferFull", Time since last: 1115625 ns, Reaching safepoint: 328792 ns, At safepoint: 3000 ns, Total: 331792 ns
[2022-05-06T05:57:59.018+0000][163][safepoint   ] Safepoint "ICBufferFull", Time since last: 1367416 ns, Reaching safepoint: 79500 ns, At safepoint: 2500 ns, Total: 82000 ns
[2022-05-06T05:57:59.019+0000][163][safepoint   ] Safepoint "ICBufferFull", Time since last: 1704584 ns, Reaching safepoint: 102708 ns, At safepoint: 2708 ns, Total: 105416 ns
[2022-05-06T05:57:59.021+0000][163][safepoint   ] Safepoint "ICBufferFull", Time since last: 1219917 ns, Reaching safepoint: 21167 ns, At safepoint: 958 ns, Total: 22125 ns
[2022-05-06T05:57:59.022+0000][163][safepoint   ] Safepoint "ICBufferFull", Time since last: 787042 ns, Reaching safepoint: 95916 ns, At safepoint: 1417 ns, Total: 97333 ns
[2022-05-06T05:57:59.023+0000][163][safepoint   ] Safepoint "ICBufferFull", Time since last: 1175500 ns, Reaching safepoint: 151667 ns, At safepoint: 17208 ns, Total: 168875 ns
[2022-05-06T05:57:59.024+0000][163][safepoint   ] Safepoint "ICBufferFull", Time since last: 1534250 ns, Reaching safepoint: 28208 ns, At safepoint: 1542 ns, Total: 29750 ns
[2022-05-06T05:57:59.026+0000][163][safepoint   ] Safepoint "ICBufferFull", Time since last: 1126958 ns, Reaching safepoint: 27209 ns, At safepoint: 1083 ns, Total: 28292 ns
[2022-05-06T05:57:59.058+0000][163][gc,start    ] GC(3) Pause Young (Normal) (G1 Evacuation Pause)
[2022-05-06T05:57:59.059+0000][163][gc,task     ] GC(3) Using 5 workers of 5 for evacuation
[2022-05-06T05:57:59.060+0000][163][gc,age      ] GC(3) Desired survivor size 8388608 bytes, new threshold 15 (max threshold 15)
[2022-05-06T05:57:59.065+0000][163][gc,age      ] GC(3) Age table with threshold 15 (max threshold 15)
[2022-05-06T05:57:59.066+0000][163][gc,age      ] GC(3) - age   1:    3217992 bytes,    3217992 total
[2022-05-06T05:57:59.067+0000][163][gc,age      ] GC(3) - age   2:     910664 bytes,    4128656 total
[2022-05-06T05:57:59.068+0000][163][gc,age      ] GC(3) - age   3:    1886952 bytes,    6015608 total
[2022-05-06T05:57:59.069+0000][163][gc,phases   ] GC(3)   Pre Evacuate Collection Set: 0.0ms
[2022-05-06T05:57:59.070+0000][163][gc,phases   ] GC(3)   Merge Heap Roots: 0.2ms
[2022-05-06T05:57:59.070+0000][163][gc,phases   ] GC(3)   Evacuate Collection Set: 3.1ms
[2022-05-06T05:57:59.071+0000][163][gc,phases   ] GC(3)   Post Evacuate Collection Set: 0.8ms
[2022-05-06T05:57:59.071+0000][163][gc,phases   ] GC(3)   Other: 7.4ms
[2022-05-06T05:57:59.072+0000][163][gc,heap     ] GC(3) Eden regions: 27->0(74)
[2022-05-06T05:57:59.073+0000][163][gc,heap     ] GC(3) Survivor regions: 1->2(4)
[2022-05-06T05:57:59.074+0000][163][gc,heap     ] GC(3) Old regions: 2->2
[2022-05-06T05:57:59.075+0000][163][gc,heap     ] GC(3) Archive regions: 2->2
[2022-05-06T05:57:59.076+0000][163][gc,heap     ] GC(3) Humongous regions: 0->0
[2022-05-06T05:57:59.076+0000][163][gc,metaspace] GC(3) Metaspace: 17155K(17408K)->17155K(17408K) NonClass: 15126K(15232K)->15126K(15232K) Class: 2029K(2176K)->2029K(2176K)
[2022-05-06T05:57:59.077+0000][163][gc          ] GC(3) Pause Young (Normal) (G1 Evacuation Pause) 118M->13M(512M) 18.976ms
[2022-05-06T05:57:59.078+0000][163][gc,cpu      ] GC(3) User=0.03s Sys=0.01s Real=0.02s
[2022-05-06T05:57:59.079+0000][163][safepoint   ] Safepoint "G1CollectForAllocation", Time since last: 31994583 ns, Reaching safepoint: 150417 ns, At safepoint: 20796750 ns, Total: 20947167 ns
[2022-05-06T05:57:59.254+0000][163][safepoint   ] Safepoint "ICBufferFull", Time since last: 175347542 ns, Reaching safepoint: 247958 ns, At safepoint: 9583 ns, Total: 257541 ns
[2022-05-06T05:57:59.374+0000][163][gc,start    ] GC(4) Pause Young (Normal) (G1 Evacuation Pause)
[2022-05-06T05:57:59.376+0000][163][gc,task     ] GC(4) Using 5 workers of 5 for evacuation
[2022-05-06T05:57:59.377+0000][163][gc,age      ] GC(4) Desired survivor size 20971520 bytes, new threshold 15 (max threshold 15)
[2022-05-06T05:57:59.382+0000][163][gc,age      ] GC(4) Age table with threshold 15 (max threshold 15)
[2022-05-06T05:57:59.383+0000][163][gc,age      ] GC(4) - age   1:    6183984 bytes,    6183984 total
[2022-05-06T05:57:59.384+0000][163][gc,age      ] GC(4) - age   2:    2233832 bytes,    8417816 total
[2022-05-06T05:57:59.385+0000][163][gc,age      ] GC(4) - age   3:     910400 bytes,    9328216 total
[2022-05-06T05:57:59.385+0000][163][gc,age      ] GC(4) - age   4:    1886168 bytes,   11214384 total
[2022-05-06T05:57:59.386+0000][163][gc,phases   ] GC(4)   Pre Evacuate Collection Set: 0.0ms
[2022-05-06T05:57:59.387+0000][163][gc,phases   ] GC(4)   Merge Heap Roots: 0.2ms
[2022-05-06T05:57:59.387+0000][163][gc,phases   ] GC(4)   Evacuate Collection Set: 3.6ms
[2022-05-06T05:57:59.388+0000][163][gc,phases   ] GC(4)   Post Evacuate Collection Set: 0.8ms
[2022-05-06T05:57:59.388+0000][163][gc,phases   ] GC(4)   Other: 7.2ms
[2022-05-06T05:57:59.389+0000][163][gc,heap     ] GC(4) Eden regions: 74->0(73)
[2022-05-06T05:57:59.390+0000][163][gc,heap     ] GC(4) Survivor regions: 2->3(10)
[2022-05-06T05:57:59.390+0000][163][gc,heap     ] GC(4) Old regions: 2->2
[2022-05-06T05:57:59.391+0000][163][gc,heap     ] GC(4) Archive regions: 2->2
[2022-05-06T05:57:59.391+0000][163][gc,heap     ] GC(4) Humongous regions: 0->0
[2022-05-06T05:57:59.392+0000][163][gc,metaspace] GC(4) Metaspace: 18743K(19136K)->18743K(19136K) NonClass: 16467K(16704K)->16467K(16704K) Class: 2276K(2432K)->2276K(2432K)
[2022-05-06T05:57:59.392+0000][163][gc          ] GC(4) Pause Young (Normal) (G1 Evacuation Pause) 309M->19M(512M) 17.672ms
[2022-05-06T05:57:59.393+0000][163][gc,cpu      ] GC(4) User=0.01s Sys=0.00s Real=0.01s
[2022-05-06T05:57:59.393+0000][163][safepoint   ] Safepoint "G1CollectForAllocation", Time since last: 120152209 ns, Reaching safepoint: 69000 ns, At safepoint: 18797708 ns, Total: 18866708 ns
[2022-05-06T05:57:59.565+0000][163][safepoint   ] Safepoint "ICBufferFull", Time since last: 172104750 ns, Reaching safepoint: 179500 ns, At safepoint: 3459 ns, Total: 182959 ns
[2022-05-06T05:57:59.626+0000][163][gc,start    ] GC(5) Pause Young (Normal) (G1 Evacuation Pause)
[2022-05-06T05:57:59.627+0000][163][gc,task     ] GC(5) Using 5 workers of 5 for evacuation
[2022-05-06T05:57:59.628+0000][163][gc,age      ] GC(5) Desired survivor size 20971520 bytes, new threshold 15 (max threshold 15)
[2022-05-06T05:57:59.633+0000][163][gc,age      ] GC(5) Age table with threshold 15 (max threshold 15)
[2022-05-06T05:57:59.635+0000][163][gc,age      ] GC(5) - age   1:    1671448 bytes,    1671448 total
[2022-05-06T05:57:59.636+0000][163][gc,age      ] GC(5) - age   2:    5114208 bytes,    6785656 total
[2022-05-06T05:57:59.636+0000][163][gc,age      ] GC(5) - age   3:    2233368 bytes,    9019024 total
[2022-05-06T05:57:59.638+0000][163][gc,age      ] GC(5) - age   4:     910128 bytes,    9929152 total
[2022-05-06T05:57:59.638+0000][163][gc,age      ] GC(5) - age   5:    1886104 bytes,   11815256 total
[2022-05-06T05:57:59.639+0000][163][gc,phases   ] GC(5)   Pre Evacuate Collection Set: 0.4ms
[2022-05-06T05:57:59.640+0000][163][gc,phases   ] GC(5)   Merge Heap Roots: 0.2ms
[2022-05-06T05:57:59.641+0000][163][gc,phases   ] GC(5)   Evacuate Collection Set: 2.8ms
[2022-05-06T05:57:59.641+0000][163][gc,phases   ] GC(5)   Post Evacuate Collection Set: 1.1ms
[2022-05-06T05:57:59.643+0000][163][gc,phases   ] GC(5)   Other: 8.8ms
[2022-05-06T05:57:59.643+0000][163][gc,heap     ] GC(5) Eden regions: 73->0(73)
[2022-05-06T05:57:59.644+0000][163][gc,heap     ] GC(5) Survivor regions: 3->3(10)
[2022-05-06T05:57:59.644+0000][163][gc,heap     ] GC(5) Old regions: 2->2
[2022-05-06T05:57:59.645+0000][163][gc,heap     ] GC(5) Archive regions: 2->2
[2022-05-06T05:57:59.646+0000][163][gc,heap     ] GC(5) Humongous regions: 0->0
[2022-05-06T05:57:59.646+0000][163][gc,metaspace] GC(5) Metaspace: 19636K(20096K)->19636K(20096K) NonClass: 17226K(17472K)->17226K(17472K) Class: 2410K(2624K)->2410K(2624K)
[2022-05-06T05:57:59.647+0000][163][gc          ] GC(5) Pause Young (Normal) (G1 Evacuation Pause) 311M->20M(512M) 21.232ms
[2022-05-06T05:57:59.648+0000][163][gc,cpu      ] GC(5) User=0.01s Sys=0.00s Real=0.02s
[2022-05-06T05:57:59.649+0000][163][safepoint   ] Safepoint "G1CollectForAllocation", Time since last: 60034500 ns, Reaching safepoint: 212916 ns, At safepoint: 22845375 ns, Total: 23058291 ns
[2022-05-06T05:57:59.943+0000][163][safepoint   ] Safepoint "ICBufferFull", Time since last: 293738667 ns, Reaching safepoint: 296167 ns, At safepoint: 10416 ns, Total: 306583 ns
[2022-05-06T05:57:59.950+0000][163][gc,start    ] GC(6) Pause Young (Normal) (G1 Evacuation Pause)
[2022-05-06T05:57:59.952+0000][163][gc,task     ] GC(6) Using 5 workers of 5 for evacuation
[2022-05-06T05:57:59.953+0000][163][gc,age      ] GC(6) Desired survivor size 20971520 bytes, new threshold 15 (max threshold 15)
[2022-05-06T05:57:59.958+0000][163][gc,age      ] GC(6) Age table with threshold 15 (max threshold 15)
[2022-05-06T05:57:59.960+0000][163][gc,age      ] GC(6) - age   1:    3653544 bytes,    3653544 total
[2022-05-06T05:57:59.961+0000][163][gc,age      ] GC(6) - age   2:    1316968 bytes,    4970512 total
[2022-05-06T05:57:59.961+0000][163][gc,age      ] GC(6) - age   3:    5109112 bytes,   10079624 total
[2022-05-06T05:57:59.962+0000][163][gc,age      ] GC(6) - age   4:    2231944 bytes,   12311568 total
[2022-05-06T05:57:59.963+0000][163][gc,age      ] GC(6) - age   5:     909448 bytes,   13221016 total
[2022-05-06T05:57:59.963+0000][163][gc,age      ] GC(6) - age   6:    1885800 bytes,   15106816 total
[2022-05-06T05:57:59.964+0000][163][gc,phases   ] GC(6)   Pre Evacuate Collection Set: 0.3ms
[2022-05-06T05:57:59.965+0000][163][gc,phases   ] GC(6)   Merge Heap Roots: 0.1ms
[2022-05-06T05:57:59.965+0000][163][gc,phases   ] GC(6)   Evacuate Collection Set: 3.1ms
[2022-05-06T05:57:59.966+0000][163][gc,phases   ] GC(6)   Post Evacuate Collection Set: 0.7ms
[2022-05-06T05:57:59.967+0000][163][gc,phases   ] GC(6)   Other: 9.3ms
[2022-05-06T05:57:59.967+0000][163][gc,heap     ] GC(6) Eden regions: 73->0(72)
[2022-05-06T05:57:59.968+0000][163][gc,heap     ] GC(6) Survivor regions: 3->4(10)
[2022-05-06T05:57:59.969+0000][163][gc,heap     ] GC(6) Old regions: 2->2
[2022-05-06T05:57:59.970+0000][163][gc,heap     ] GC(6) Archive regions: 2->2
[2022-05-06T05:57:59.970+0000][163][gc,heap     ] GC(6) Humongous regions: 0->0
[2022-05-06T05:57:59.971+0000][163][gc,metaspace] GC(6) Metaspace: 20798K(21312K)->20798K(21312K) NonClass: 18230K(18560K)->18230K(18560K) Class: 2567K(2752K)->2567K(2752K)
[2022-05-06T05:57:59.971+0000][163][gc          ] GC(6) Pause Young (Normal) (G1 Evacuation Pause) 312M->23M(512M) 21.156ms
[2022-05-06T05:57:59.972+0000][163][gc,cpu      ] GC(6) User=0.01s Sys=0.00s Real=0.02s
[2022-05-06T05:57:59.973+0000][163][safepoint   ] Safepoint "G1CollectForAllocation", Time since last: 7425792 ns, Reaching safepoint: 281500 ns, At safepoint: 22667542 ns, Total: 22949042 ns
[2022-05-06T05:58:00.158+0000][163][gc,start    ] GC(7) Pause Young (Concurrent Start) (Metadata GC Threshold)
[2022-05-06T05:58:00.159+0000][163][gc,task     ] GC(7) Using 5 workers of 5 for evacuation
[2022-05-06T05:58:00.160+0000][163][gc,age      ] GC(7) Desired survivor size 20971520 bytes, new threshold 15 (max threshold 15)
[2022-05-06T05:58:00.166+0000][163][gc,age      ] GC(7) Age table with threshold 15 (max threshold 15)
[2022-05-06T05:58:00.168+0000][163][gc,age      ] GC(7) - age   1:     962776 bytes,     962776 total
[2022-05-06T05:58:00.168+0000][163][gc,age      ] GC(7) - age   2:    2176656 bytes,    3139432 total
[2022-05-06T05:58:00.169+0000][163][gc,age      ] GC(7) - age   3:    1316320 bytes,    4455752 total
[2022-05-06T05:58:00.171+0000][163][gc,age      ] GC(7) - age   4:    5107920 bytes,    9563672 total
[2022-05-06T05:58:00.171+0000][163][gc,age      ] GC(7) - age   5:    2231864 bytes,   11795536 total
[2022-05-06T05:58:00.172+0000][163][gc,age      ] GC(7) - age   6:     909448 bytes,   12704984 total
[2022-05-06T05:58:00.173+0000][163][gc,age      ] GC(7) - age   7:    1885800 bytes,   14590784 total
[2022-05-06T05:58:00.174+0000][163][gc,phases   ] GC(7)   Pre Evacuate Collection Set: 0.3ms
[2022-05-06T05:58:00.175+0000][163][gc,phases   ] GC(7)   Merge Heap Roots: 0.1ms
[2022-05-06T05:58:00.176+0000][163][gc,phases   ] GC(7)   Evacuate Collection Set: 3.3ms
[2022-05-06T05:58:00.177+0000][163][gc,phases   ] GC(7)   Post Evacuate Collection Set: 0.7ms
[2022-05-06T05:58:00.177+0000][163][gc,phases   ] GC(7)   Other: 11.9ms
[2022-05-06T05:58:00.178+0000][163][gc,heap     ] GC(7) Eden regions: 62->0(72)
[2022-05-06T05:58:00.179+0000][163][gc,heap     ] GC(7) Survivor regions: 4->4(10)
[2022-05-06T05:58:00.179+0000][163][gc,heap     ] GC(7) Old regions: 2->2
[2022-05-06T05:58:00.180+0000][163][gc,heap     ] GC(7) Archive regions: 2->2
[2022-05-06T05:58:00.181+0000][163][gc,heap     ] GC(7) Humongous regions: 0->0
[2022-05-06T05:58:00.181+0000][163][gc,metaspace] GC(7) Metaspace: 21000K(21504K)->21000K(21504K) NonClass: 18395K(18688K)->18395K(18688K) Class: 2605K(2816K)->2605K(2816K)
[2022-05-06T05:58:00.182+0000][163][gc          ] GC(7) Pause Young (Concurrent Start) (Metadata GC Threshold) 271M->22M(512M) 23.854ms
[2022-05-06T05:58:00.182+0000][163][gc,cpu      ] GC(7) User=0.01s Sys=0.00s Real=0.02s
[2022-05-06T05:58:00.183+0000][163][gc          ] GC(8) Concurrent Mark Cycle
[2022-05-06T05:58:00.184+0000][163][gc,marking  ] GC(8) Concurrent Clear Claimed Marks
[2022-05-06T05:58:00.185+0000][163][gc,marking  ] GC(8) Concurrent Clear Claimed Marks 0.966ms
[2022-05-06T05:58:00.186+0000][163][gc,marking  ] GC(8) Concurrent Scan Root Regions
[2022-05-06T05:58:00.183+0000][163][safepoint   ] Safepoint "CollectForMetadataAllocation", Time since last: 184715625 ns, Reaching safepoint: 147208 ns, At safepoint: 25372000 ns, Total: 25519208 ns
[2022-05-06T05:58:00.190+0000][163][gc,marking  ] GC(8) Concurrent Scan Root Regions 4.141ms
[2022-05-06T05:58:00.191+0000][163][gc,marking  ] GC(8) Concurrent Mark
[2022-05-06T05:58:00.191+0000][163][gc,marking  ] GC(8) Concurrent Mark From Roots
[2022-05-06T05:58:00.193+0000][163][gc,task     ] GC(8) Using 1 workers of 1 for marking
[2022-05-06T05:58:00.197+0000][163][gc,marking  ] GC(8) Concurrent Mark From Roots 5.688ms
[2022-05-06T05:58:00.198+0000][163][gc,marking  ] GC(8) Concurrent Preclean
[2022-05-06T05:58:00.199+0000][163][gc,marking  ] GC(8) Concurrent Preclean 1.059ms
[2022-05-06T05:58:00.204+0000][163][gc,start    ] GC(8) Pause Remark
[2022-05-06T05:58:00.207+0000][163][gc          ] GC(8) Pause Remark 24M->24M(512M) 3.383ms
[2022-05-06T05:58:00.209+0000][163][gc,cpu      ] GC(8) User=0.01s Sys=0.00s Real=0.00s
[2022-05-06T05:58:00.209+0000][163][safepoint   ] Safepoint "G1Concurrent", Time since last: 20047250 ns, Reaching safepoint: 580875 ns, At safepoint: 5623292 ns, Total: 6204167 ns
[2022-05-06T05:58:00.210+0000][163][gc,marking  ] GC(8) Concurrent Mark 19.681ms
[2022-05-06T05:58:00.212+0000][163][gc,marking  ] GC(8) Concurrent Rebuild Remembered Sets
[2022-05-06T05:58:00.216+0000][163][gc,marking  ] GC(8) Concurrent Rebuild Remembered Sets 4.244ms
[2022-05-06T05:58:00.217+0000][163][gc,start    ] GC(8) Pause Cleanup
[2022-05-06T05:58:00.219+0000][163][gc          ] GC(8) Pause Cleanup 24M->24M(512M) 1.504ms
[2022-05-06T05:58:00.220+0000][163][gc,cpu      ] GC(8) User=0.01s Sys=0.00s Real=0.00s
[2022-05-06T05:58:00.222+0000][163][safepoint   ] Safepoint "G1Concurrent", Time since last: 7329083 ns, Reaching safepoint: 515125 ns, At safepoint: 4224042 ns, Total: 4739167 ns
[2022-05-06T05:58:00.223+0000][163][gc,marking  ] GC(8) Concurrent Cleanup for Next Mark
[2022-05-06T05:58:00.224+0000][163][gc,marking  ] GC(8) Concurrent Cleanup for Next Mark 1.168ms
[2022-05-06T05:58:00.225+0000][163][gc          ] GC(8) Concurrent Mark Cycle 41.719ms
[2022-05-06T05:58:00.798+0000][163][safepoint   ] Safepoint "ICBufferFull", Time since last: 576396125 ns, Reaching safepoint: 241542 ns, At safepoint: 9125 ns, Total: 250667 ns
[2022-05-06T05:58:00.862+0000][163][safepoint   ] Safepoint "ICBufferFull", Time since last: 63508583 ns, Reaching safepoint: 80917 ns, At safepoint: 2458 ns, Total: 83375 ns
[2022-05-06T05:58:00.863+0000][163][safepoint   ] Safepoint "ICBufferFull", Time since last: 1464625 ns, Reaching safepoint: 29042 ns, At safepoint: 1125 ns, Total: 30167 ns
[2022-05-06T05:58:00.865+0000][163][safepoint   ] Safepoint "ICBufferFull", Time since last: 1885542 ns, Reaching safepoint: 84625 ns, At safepoint: 2791 ns, Total: 87416 ns
[2022-05-06T05:58:00.866+0000][163][safepoint   ] Safepoint "ICBufferFull", Time since last: 1003917 ns, Reaching safepoint: 24458 ns, At safepoint: 1875 ns, Total: 26333 ns
[2022-05-06T05:58:00.868+0000][163][safepoint   ] Safepoint "ICBufferFull", Time since last: 1237667 ns, Reaching safepoint: 50875 ns, At safepoint: 3042 ns, Total: 53917 ns
[2022-05-06T05:58:00.869+0000][163][safepoint   ] Safepoint "ICBufferFull", Time since last: 992291 ns, Reaching safepoint: 98875 ns, At safepoint: 2375 ns, Total: 101250 ns
[2022-05-06T05:58:00.870+0000][163][safepoint   ] Safepoint "ICBufferFull", Time since last: 923084 ns, Reaching safepoint: 138000 ns, At safepoint: 3541 ns, Total: 141541 ns
[2022-05-06T05:58:00.878+0000][163][safepoint   ] Safepoint "ICBufferFull", Time since last: 8516375 ns, Reaching safepoint: 179084 ns, At safepoint: 11375 ns, Total: 190459 ns
[2022-05-06T05:58:00.880+0000][163][safepoint   ] Safepoint "ICBufferFull", Time since last: 1200375 ns, Reaching safepoint: 111458 ns, At safepoint: 2458 ns, Total: 113916 ns
[2022-05-06T05:58:00.881+0000][163][safepoint   ] Safepoint "ICBufferFull", Time since last: 868334 ns, Reaching safepoint: 173708 ns, At safepoint: 2667 ns, Total: 176375 ns
[2022-05-06T05:58:00.882+0000][163][safepoint   ] Safepoint "ICBufferFull", Time since last: 878458 ns, Reaching safepoint: 92500 ns, At safepoint: 2167 ns, Total: 94667 ns
[2022-05-06T05:58:00.894+0000][163][safepoint   ] Safepoint "ICBufferFull", Time since last: 12540916 ns, Reaching safepoint: 164000 ns, At safepoint: 16500 ns, Total: 180500 ns
[2022-05-06T05:58:00.899+0000][163][safepoint   ] Safepoint "ICBufferFull", Time since last: 4204834 ns, Reaching safepoint: 183500 ns, At safepoint: 17291 ns, Total: 200791 ns
[2022-05-06T05:58:00.900+0000][163][safepoint   ] Safepoint "ICBufferFull", Time since last: 1212625 ns, Reaching safepoint: 165125 ns, At safepoint: 4125 ns, Total: 169250 ns
[2022-05-06T05:58:00.902+0000][163][safepoint   ] Safepoint "ICBufferFull", Time since last: 1112375 ns, Reaching safepoint: 142959 ns, At safepoint: 8916 ns, Total: 151875 ns
[2022-05-06T05:58:00.905+0000][163][safepoint   ] Safepoint "ICBufferFull", Time since last: 3521459 ns, Reaching safepoint: 57791 ns, At safepoint: 6875 ns, Total: 64666 ns
[2022-05-06T05:58:01.074+0000][163][safepoint   ] Safepoint "ICBufferFull", Time since last: 168971334 ns, Reaching safepoint: 184166 ns, At safepoint: 3875 ns, Total: 188041 ns
[2022-05-06T05:58:01.327+0000][163][safepoint   ] Safepoint "ICBufferFull", Time since last: 252454917 ns, Reaching safepoint: 133750 ns, At safepoint: 12250 ns, Total: 146000 ns
[2022-05-06T05:58:01.504+0000][163][safepoint   ] Safepoint "ICBufferFull", Time since last: 176631375 ns, Reaching safepoint: 142209 ns, At safepoint: 3041 ns, Total: 145250 ns
[2022-05-06T05:58:01.673+0000][163][safepoint   ] Safepoint "ICBufferFull", Time since last: 168752584 ns, Reaching safepoint: 230791 ns, At safepoint: 2959 ns, Total: 233750 ns
[2022-05-06T05:58:01.773+0000][163][gc,start    ] GC(9) Pause Young (Concurrent Start) (Metadata GC Threshold)
[2022-05-06T05:58:01.774+0000][163][gc,task     ] GC(9) Using 5 workers of 5 for evacuation
[2022-05-06T05:58:01.775+0000][163][gc,age      ] GC(9) Desired survivor size 20971520 bytes, new threshold 15 (max threshold 15)
[2022-05-06T05:58:01.793+0000][163][gc,age      ] GC(9) Age table with threshold 15 (max threshold 15)
[2022-05-06T05:58:01.794+0000][163][gc,age      ] GC(9) - age   1:   26841296 bytes,   26841296 total
[2022-05-06T05:58:01.795+0000][163][gc,age      ] GC(9) - age   2:     910368 bytes,   27751664 total
[2022-05-06T05:58:01.796+0000][163][gc,age      ] GC(9) - age   3:    2144016 bytes,   29895680 total
[2022-05-06T05:58:01.797+0000][163][gc,age      ] GC(9) - age   4:    1300488 bytes,   31196168 total
[2022-05-06T05:58:01.798+0000][163][gc,age      ] GC(9) - age   5:    5067472 bytes,   36263640 total
[2022-05-06T05:58:01.798+0000][163][gc,age      ] GC(9) - age   6:    2154872 bytes,   38418512 total
[2022-05-06T05:58:01.799+0000][163][gc,age      ] GC(9) - age   7:     876832 bytes,   39295344 total
[2022-05-06T05:58:01.800+0000][163][gc,age      ] GC(9) - age   8:    1878352 bytes,   41173696 total
[2022-05-06T05:58:01.801+0000][163][gc,phases   ] GC(9)   Pre Evacuate Collection Set: 0.1ms
[2022-05-06T05:58:01.801+0000][163][gc,phases   ] GC(9)   Merge Heap Roots: 0.1ms
[2022-05-06T05:58:01.802+0000][163][gc,phases   ] GC(9)   Evacuate Collection Set: 14.2ms
[2022-05-06T05:58:01.802+0000][163][gc,phases   ] GC(9)   Post Evacuate Collection Set: 3.5ms
[2022-05-06T05:58:01.803+0000][163][gc,phases   ] GC(9)   Other: 9.9ms
[2022-05-06T05:58:01.804+0000][163][gc,heap     ] GC(9) Eden regions: 71->0(66)
[2022-05-06T05:58:01.804+0000][163][gc,heap     ] GC(9) Survivor regions: 4->10(10)
[2022-05-06T05:58:01.805+0000][163][gc,heap     ] GC(9) Old regions: 2->2
[2022-05-06T05:58:01.805+0000][163][gc,heap     ] GC(9) Archive regions: 2->2
[2022-05-06T05:58:01.806+0000][163][gc,heap     ] GC(9) Humongous regions: 0->0
[2022-05-06T05:58:01.806+0000][163][gc,metaspace] GC(9) Metaspace: 35311K(36288K)->35311K(36288K) NonClass: 30649K(31232K)->30649K(31232K) Class: 4661K(5056K)->4661K(5056K)
[2022-05-06T05:58:01.807+0000][163][gc          ] GC(9) Pause Young (Concurrent Start) (Metadata GC Threshold) 304M->48M(512M) 34.056ms
[2022-05-06T05:58:01.807+0000][163][gc,cpu      ] GC(9) User=0.09s Sys=0.01s Real=0.04s
[2022-05-06T05:58:01.808+0000][163][gc          ] GC(10) Concurrent Mark Cycle
[2022-05-06T05:58:01.809+0000][163][gc,marking  ] GC(10) Concurrent Clear Claimed Marks
[2022-05-06T05:58:01.809+0000][163][gc,marking  ] GC(10) Concurrent Clear Claimed Marks 0.622ms
[2022-05-06T05:58:01.812+0000][163][gc,marking  ] GC(10) Concurrent Scan Root Regions
[2022-05-06T05:58:01.808+0000][163][safepoint   ] Safepoint "CollectForMetadataAllocation", Time since last: 99805500 ns, Reaching safepoint: 219083 ns, At safepoint: 35462167 ns, Total: 35681250 ns
[2022-05-06T05:58:01.827+0000][163][safepoint   ] Safepoint "CollectForMetadataAllocation", Time since last: 18775041 ns, Reaching safepoint: 219667 ns, At safepoint: 28417 ns, Total: 248084 ns
[2022-05-06T05:58:01.828+0000][163][gc,marking  ] GC(10) Concurrent Scan Root Regions 16.056ms
[2022-05-06T05:58:01.829+0000][163][gc,marking  ] GC(10) Concurrent Mark
[2022-05-06T05:58:01.830+0000][163][gc,marking  ] GC(10) Concurrent Mark From Roots
[2022-05-06T05:58:01.831+0000][163][gc,task     ] GC(10) Using 1 workers of 1 for marking
[2022-05-06T05:58:01.834+0000][163][gc,marking  ] GC(10) Concurrent Mark From Roots 4.131ms
[2022-05-06T05:58:01.835+0000][163][gc,marking  ] GC(10) Concurrent Preclean
[2022-05-06T05:58:01.836+0000][163][gc,marking  ] GC(10) Concurrent Preclean 0.715ms
[2022-05-06T05:58:01.837+0000][163][gc,start    ] GC(10) Pause Remark
[2022-05-06T05:58:01.840+0000][163][gc          ] GC(10) Pause Remark 52M->52M(512M) 3.326ms
[2022-05-06T05:58:01.841+0000][163][gc,cpu      ] GC(10) User=0.01s Sys=0.00s Real=0.00s
[2022-05-06T05:58:01.842+0000][163][safepoint   ] Safepoint "G1Concurrent", Time since last: 9498625 ns, Reaching safepoint: 62708 ns, At safepoint: 5308958 ns, Total: 5371666 ns
[2022-05-06T05:58:01.842+0000][163][gc,marking  ] GC(10) Concurrent Mark 13.082ms
[2022-05-06T05:58:01.843+0000][163][gc,marking  ] GC(10) Concurrent Rebuild Remembered Sets
[2022-05-06T05:58:01.845+0000][163][safepoint   ] Safepoint "CollectForMetadataAllocation", Time since last: 654709 ns, Reaching safepoint: 2340250 ns, At safepoint: 23666 ns, Total: 2363916 ns
[2022-05-06T05:58:01.847+0000][163][gc,marking  ] GC(10) Concurrent Rebuild Remembered Sets 3.899ms
[2022-05-06T05:58:01.848+0000][163][gc,start    ] GC(10) Pause Cleanup
[2022-05-06T05:58:01.849+0000][163][gc          ] GC(10) Pause Cleanup 52M->52M(512M) 0.845ms
[2022-05-06T05:58:01.849+0000][163][gc,cpu      ] GC(10) User=0.00s Sys=0.00s Real=0.00s
[2022-05-06T05:58:01.850+0000][163][safepoint   ] Safepoint "G1Concurrent", Time since last: 2627084 ns, Reaching safepoint: 286541 ns, At safepoint: 2409125 ns, Total: 2695666 ns
[2022-05-06T05:58:01.851+0000][163][gc,marking  ] GC(10) Concurrent Cleanup for Next Mark
[2022-05-06T05:58:01.853+0000][163][gc,marking  ] GC(10) Concurrent Cleanup for Next Mark 1.420ms
[2022-05-06T05:58:01.853+0000][163][gc          ] GC(10) Concurrent Mark Cycle 45.235ms
[2022-05-06T05:58:01.951+0000][163][safepoint   ] Safepoint "ICBufferFull", Time since last: 100471875 ns, Reaching safepoint: 227542 ns, At safepoint: 3167 ns, Total: 230709 ns
[2022-05-06T05:58:02.328+0000][163][safepoint   ] Safepoint "ICBufferFull", Time since last: 376728042 ns, Reaching safepoint: 177916 ns, At safepoint: 15875 ns, Total: 193791 ns
[2022-05-06T05:58:02.469+0000][163][safepoint   ] Safepoint "ICBufferFull", Time since last: 140506209 ns, Reaching safepoint: 145750 ns, At safepoint: 16000 ns, Total: 161750 ns
[2022-05-06T05:58:02.476+0000][163][safepoint   ] Safepoint "ICBufferFull", Time since last: 7228583 ns, Reaching safepoint: 257167 ns, At safepoint: 2875 ns, Total: 260042 ns
[2022-05-06T05:58:02.610+0000][163][gc,start    ] GC(11) Pause Young (Concurrent Start) (G1 Evacuation Pause)
[2022-05-06T05:58:02.611+0000][163][gc,task     ] GC(11) Using 5 workers of 5 for evacuation
[2022-05-06T05:58:02.612+0000][163][gc,age      ] GC(11) Desired survivor size 20971520 bytes, new threshold 1 (max threshold 15)
[2022-05-06T05:58:02.629+0000][163][gc,age      ] GC(11) Age table with threshold 1 (max threshold 15)
[2022-05-06T05:58:02.631+0000][163][gc,age      ] GC(11) - age   1:    6076704 bytes,    6076704 total
[2022-05-06T05:58:02.632+0000][163][gc,phases   ] GC(11)   Pre Evacuate Collection Set: 0.1ms
[2022-05-06T05:58:02.632+0000][163][gc,phases   ] GC(11)   Merge Heap Roots: 0.1ms
[2022-05-06T05:58:02.633+0000][163][gc,phases   ] GC(11)   Evacuate Collection Set: 15.2ms
[2022-05-06T05:58:02.634+0000][163][gc,phases   ] GC(11)   Post Evacuate Collection Set: 1.3ms
[2022-05-06T05:58:02.635+0000][163][gc,phases   ] GC(11)   Other: 5.1ms
[2022-05-06T05:58:02.636+0000][163][gc,heap     ] GC(11) Eden regions: 66->0(74)
[2022-05-06T05:58:02.636+0000][163][gc,heap     ] GC(11) Survivor regions: 10->2(10)
[2022-05-06T05:58:02.637+0000][163][gc,heap     ] GC(11) Old regions: 2->11
[2022-05-06T05:58:02.638+0000][163][gc,heap     ] GC(11) Archive regions: 2->2
[2022-05-06T05:58:02.638+0000][163][gc,heap     ] GC(11) Humongous regions: 0->0
[2022-05-06T05:58:02.639+0000][163][gc,metaspace] GC(11) Metaspace: 52222K(53504K)->52222K(53504K) NonClass: 45142K(45888K)->45142K(45888K) Class: 7079K(7616K)->7079K(7616K)
[2022-05-06T05:58:02.640+0000][163][gc          ] GC(11) Pause Young (Concurrent Start) (G1 Evacuation Pause) 312M->55M(512M) 30.394ms
[2022-05-06T05:58:02.641+0000][163][gc,cpu      ] GC(11) User=0.09s Sys=0.01s Real=0.03s
[2022-05-06T05:58:02.641+0000][163][safepoint   ] Safepoint "G1CollectForAllocation", Time since last: 133290291 ns, Reaching safepoint: 143459 ns, At safepoint: 31516375 ns, Total: 31659834 ns
[2022-05-06T05:58:02.641+0000][163][gc          ] GC(12) Concurrent Mark Cycle
[2022-05-06T05:58:02.644+0000][163][gc,marking  ] GC(12) Concurrent Clear Claimed Marks
[2022-05-06T05:58:02.645+0000][163][gc,marking  ] GC(12) Concurrent Clear Claimed Marks 0.554ms
[2022-05-06T05:58:02.645+0000][163][gc,marking  ] GC(12) Concurrent Scan Root Regions
[2022-05-06T05:58:02.664+0000][163][gc,marking  ] GC(12) Concurrent Scan Root Regions 18.180ms
[2022-05-06T05:58:02.665+0000][163][gc,marking  ] GC(12) Concurrent Mark
[2022-05-06T05:58:02.666+0000][163][gc,marking  ] GC(12) Concurrent Mark From Roots
[2022-05-06T05:58:02.666+0000][163][gc,task     ] GC(12) Using 1 workers of 1 for marking
[2022-05-06T05:58:02.671+0000][163][gc,marking  ] GC(12) Concurrent Mark From Roots 5.642ms
[2022-05-06T05:58:02.673+0000][163][gc,marking  ] GC(12) Concurrent Preclean
[2022-05-06T05:58:02.673+0000][163][gc,marking  ] GC(12) Concurrent Preclean 0.715ms
[2022-05-06T05:58:02.674+0000][163][gc,start    ] GC(12) Pause Remark
[2022-05-06T05:58:02.679+0000][163][gc          ] GC(12) Pause Remark 71M->71M(512M) 4.295ms
[2022-05-06T05:58:02.680+0000][163][gc,cpu      ] GC(12) User=0.01s Sys=0.00s Real=0.00s
[2022-05-06T05:58:02.680+0000][163][safepoint   ] Safepoint "G1Concurrent", Time since last: 33245708 ns, Reaching safepoint: 179458 ns, At safepoint: 6007542 ns, Total: 6187000 ns
[2022-05-06T05:58:02.681+0000][163][gc,marking  ] GC(12) Concurrent Mark 16.524ms
[2022-05-06T05:58:02.682+0000][163][gc,marking  ] GC(12) Concurrent Rebuild Remembered Sets
[2022-05-06T05:58:02.683+0000][163][gc,marking  ] GC(12) Concurrent Rebuild Remembered Sets 0.556ms
[2022-05-06T05:58:02.684+0000][163][gc,start    ] GC(12) Pause Cleanup
[2022-05-06T05:58:02.685+0000][163][gc          ] GC(12) Pause Cleanup 73M->73M(512M) 0.857ms
[2022-05-06T05:58:02.686+0000][163][gc,cpu      ] GC(12) User=0.00s Sys=0.00s Real=0.00s
[2022-05-06T05:58:02.687+0000][163][safepoint   ] Safepoint "G1Concurrent", Time since last: 3055792 ns, Reaching safepoint: 791875 ns, At safepoint: 2491583 ns, Total: 3283458 ns
[2022-05-06T05:58:02.688+0000][163][gc,marking  ] GC(12) Concurrent Cleanup for Next Mark
[2022-05-06T05:58:02.689+0000][163][gc,marking  ] GC(12) Concurrent Cleanup for Next Mark 1.073ms
[2022-05-06T05:58:02.689+0000][163][gc          ] GC(12) Concurrent Mark Cycle 48.389ms
[2022-05-06T05:58:02.953+0000][163][safepoint   ] Safepoint "ICBufferFull", Time since last: 266150250 ns, Reaching safepoint: 219750 ns, At safepoint: 23875 ns, Total: 243625 ns
[2022-05-06T05:58:03.163+0000][163][safepoint   ] Safepoint "ICBufferFull", Time since last: 209523209 ns, Reaching safepoint: 588916 ns, At safepoint: 7834 ns, Total: 596750 ns
[2022-05-06T05:58:03.498+0000][163][safepoint   ] Safepoint "ICBufferFull", Time since last: 334090250 ns, Reaching safepoint: 212583 ns, At safepoint: 3167 ns, Total: 215750 ns
[2022-05-06T05:58:03.617+0000][163][safepoint   ] Safepoint "ICBufferFull", Time since last: 119193125 ns, Reaching safepoint: 310375 ns, At safepoint: 8458 ns, Total: 318833 ns
[2022-05-06T05:58:03.872+0000][163][safepoint   ] Safepoint "ICBufferFull", Time since last: 254488042 ns, Reaching safepoint: 172208 ns, At safepoint: 4292 ns, Total: 176500 ns
[2022-05-06T05:58:04.149+0000][163][safepoint   ] Safepoint "ICBufferFull", Time since last: 275863875 ns, Reaching safepoint: 792125 ns, At safepoint: 61125 ns, Total: 853250 ns
[2022-05-06T05:58:04.237+0000][163][safepoint   ] Safepoint "ICBufferFull", Time since last: 88504167 ns, Reaching safepoint: 279292 ns, At safepoint: 3625 ns, Total: 282917 ns
[2022-05-06T05:58:04.265+0000][163][safepoint   ] Safepoint "ICBufferFull", Time since last: 27743375 ns, Reaching safepoint: 179125 ns, At safepoint: 15958 ns, Total: 195083 ns
[2022-05-06T05:58:04.305+0000][163][gc,start    ] GC(13) Pause Young (Normal) (G1 Evacuation Pause)
[2022-05-06T05:58:04.307+0000][163][gc,task     ] GC(13) Using 5 workers of 5 for evacuation
[2022-05-06T05:58:04.307+0000][163][gc,age      ] GC(13) Desired survivor size 20971520 bytes, new threshold 15 (max threshold 15)
[2022-05-06T05:58:04.319+0000][163][gc,age      ] GC(13) Age table with threshold 15 (max threshold 15)
[2022-05-06T05:58:04.322+0000][163][gc,age      ] GC(13) - age   1:   13890200 bytes,   13890200 total
[2022-05-06T05:58:04.323+0000][163][gc,age      ] GC(13) - age   2:    5888104 bytes,   19778304 total
[2022-05-06T05:58:04.324+0000][163][gc,phases   ] GC(13)   Pre Evacuate Collection Set: 0.1ms
[2022-05-06T05:58:04.324+0000][163][gc,phases   ] GC(13)   Merge Heap Roots: 0.5ms
[2022-05-06T05:58:04.325+0000][163][gc,phases   ] GC(13)   Evacuate Collection Set: 8.4ms
[2022-05-06T05:58:04.326+0000][163][gc,phases   ] GC(13)   Post Evacuate Collection Set: 1.8ms
[2022-05-06T05:58:04.326+0000][163][gc,phases   ] GC(13)   Other: 7.8ms
[2022-05-06T05:58:04.327+0000][163][gc,heap     ] GC(13) Eden regions: 74->0(71)
[2022-05-06T05:58:04.328+0000][163][gc,heap     ] GC(13) Survivor regions: 2->5(10)
[2022-05-06T05:58:04.328+0000][163][gc,heap     ] GC(13) Old regions: 11->11
[2022-05-06T05:58:04.329+0000][163][gc,heap     ] GC(13) Archive regions: 2->2
[2022-05-06T05:58:04.329+0000][163][gc,heap     ] GC(13) Humongous regions: 0->0
[2022-05-06T05:58:04.330+0000][163][gc,metaspace] GC(13) Metaspace: 85982K(87488K)->85982K(87488K) NonClass: 74040K(74944K)->74040K(74944K) Class: 11942K(12544K)->11942K(12544K)
[2022-05-06T05:58:04.330+0000][163][gc          ] GC(13) Pause Young (Normal) (G1 Evacuation Pause) 351M->67M(512M) 24.875ms
[2022-05-06T05:58:04.331+0000][163][gc,cpu      ] GC(13) User=0.06s Sys=0.01s Real=0.02s
[2022-05-06T05:58:04.331+0000][163][safepoint   ] Safepoint "G1CollectForAllocation", Time since last: 39840875 ns, Reaching safepoint: 114792 ns, At safepoint: 26049375 ns, Total: 26164167 ns
[2022-05-06T05:58:04.378+0000][163][safepoint   ] Safepoint "ICBufferFull", Time since last: 46403416 ns, Reaching safepoint: 482084 ns, At safepoint: 3250 ns, Total: 485334 ns
[2022-05-06T05:58:04.408+0000][163][safepoint   ] Safepoint "ICBufferFull", Time since last: 29475000 ns, Reaching safepoint: 137416 ns, At safepoint: 15375 ns, Total: 152791 ns
[2022-05-06T05:58:04.751+0000][163][safepoint   ] Safepoint "ICBufferFull", Time since last: 342876750 ns, Reaching safepoint: 181000 ns, At safepoint: 11542 ns, Total: 192542 ns
[2022-05-06T05:58:04.758+0000][163][gc,start    ] GC(14) Pause Young (Concurrent Start) (Metadata GC Threshold)
[2022-05-06T05:58:04.760+0000][163][gc,task     ] GC(14) Using 5 workers of 5 for evacuation
[2022-05-06T05:58:04.761+0000][163][gc,age      ] GC(14) Desired survivor size 20971520 bytes, new threshold 15 (max threshold 15)
[2022-05-06T05:58:04.772+0000][163][gc,age      ] GC(14) Age table with threshold 15 (max threshold 15)
[2022-05-06T05:58:04.773+0000][163][gc,age      ] GC(14) - age   1:     690344 bytes,     690344 total
[2022-05-06T05:58:04.774+0000][163][gc,age      ] GC(14) - age   2:   13539680 bytes,   14230024 total
[2022-05-06T05:58:04.775+0000][163][gc,age      ] GC(14) - age   3:    5862896 bytes,   20092920 total
[2022-05-06T05:58:04.776+0000][163][gc,phases   ] GC(14)   Pre Evacuate Collection Set: 0.1ms
[2022-05-06T05:58:04.777+0000][163][gc,phases   ] GC(14)   Merge Heap Roots: 0.3ms
[2022-05-06T05:58:04.778+0000][163][gc,phases   ] GC(14)   Evacuate Collection Set: 9.1ms
[2022-05-06T05:58:04.778+0000][163][gc,phases   ] GC(14)   Post Evacuate Collection Set: 1.1ms
[2022-05-06T05:58:04.779+0000][163][gc,phases   ] GC(14)   Other: 6.9ms
[2022-05-06T05:58:04.780+0000][163][gc,heap     ] GC(14) Eden regions: 7->0(70)
[2022-05-06T05:58:04.781+0000][163][gc,heap     ] GC(14) Survivor regions: 5->6(10)
[2022-05-06T05:58:04.781+0000][163][gc,heap     ] GC(14) Old regions: 11->11
[2022-05-06T05:58:04.782+0000][163][gc,heap     ] GC(14) Archive regions: 2->2
[2022-05-06T05:58:04.783+0000][163][gc,heap     ] GC(14) Humongous regions: 0->0
[2022-05-06T05:58:04.784+0000][163][gc,metaspace] GC(14) Metaspace: 87751K(89216K)->87751K(89216K) NonClass: 75566K(76416K)->75566K(76416K) Class: 12184K(12800K)->12184K(12800K)
[2022-05-06T05:58:04.784+0000][163][gc          ] GC(14) Pause Young (Concurrent Start) (Metadata GC Threshold) 93M->68M(512M) 26.017ms
[2022-05-06T05:58:04.786+0000][163][gc,cpu      ] GC(14) User=0.04s Sys=0.01s Real=0.03s
[2022-05-06T05:58:04.787+0000][163][safepoint   ] Safepoint "CollectForMetadataAllocation", Time since last: 7384333 ns, Reaching safepoint: 137292 ns, At safepoint: 28639625 ns, Total: 28776917 ns
[2022-05-06T05:58:04.787+0000][163][gc          ] GC(15) Concurrent Mark Cycle
[2022-05-06T05:58:04.789+0000][163][gc,marking  ] GC(15) Concurrent Clear Claimed Marks
[2022-05-06T05:58:04.791+0000][163][gc,marking  ] GC(15) Concurrent Clear Claimed Marks 1.780ms
[2022-05-06T05:58:04.792+0000][163][gc,marking  ] GC(15) Concurrent Scan Root Regions
[2022-05-06T05:58:04.803+0000][163][gc,marking  ] GC(15) Concurrent Scan Root Regions 11.174ms
[2022-05-06T05:58:04.804+0000][163][gc,marking  ] GC(15) Concurrent Mark
[2022-05-06T05:58:04.805+0000][163][gc,marking  ] GC(15) Concurrent Mark From Roots
[2022-05-06T05:58:04.806+0000][163][gc,task     ] GC(15) Using 1 workers of 1 for marking
[2022-05-06T05:58:04.847+0000][163][gc,marking  ] GC(15) Concurrent Mark From Roots 42.328ms
[2022-05-06T05:58:04.850+0000][163][gc,marking  ] GC(15) Concurrent Preclean
[2022-05-06T05:58:04.851+0000][163][gc,marking  ] GC(15) Concurrent Preclean 0.959ms
[2022-05-06T05:58:04.852+0000][163][gc,start    ] GC(15) Pause Remark
[2022-05-06T05:58:04.856+0000][163][gc          ] GC(15) Pause Remark 72M->72M(512M) 3.834ms
[2022-05-06T05:58:04.857+0000][163][gc,cpu      ] GC(15) User=0.01s Sys=0.00s Real=0.01s
[2022-05-06T05:58:04.858+0000][163][safepoint   ] Safepoint "G1Concurrent", Time since last: 64877167 ns, Reaching safepoint: 459791 ns, At safepoint: 5726584 ns, Total: 6186375 ns
[2022-05-06T05:58:04.859+0000][163][gc,marking  ] GC(15) Concurrent Mark 54.715ms
[2022-05-06T05:58:04.859+0000][163][gc,marking  ] GC(15) Concurrent Rebuild Remembered Sets
[2022-05-06T05:58:04.860+0000][163][gc,marking  ] GC(15) Concurrent Rebuild Remembered Sets 0.841ms
[2022-05-06T05:58:04.861+0000][163][gc,start    ] GC(15) Pause Cleanup
[2022-05-06T05:58:04.862+0000][163][gc          ] GC(15) Pause Cleanup 72M->72M(512M) 0.779ms
[2022-05-06T05:58:04.863+0000][163][gc,cpu      ] GC(15) User=0.00s Sys=0.00s Real=0.01s
[2022-05-06T05:58:04.864+0000][163][safepoint   ] Safepoint "G1Concurrent", Time since last: 3295625 ns, Reaching safepoint: 80250 ns, At safepoint: 2124625 ns, Total: 2204875 ns
[2022-05-06T05:58:04.864+0000][163][gc,marking  ] GC(15) Concurrent Cleanup for Next Mark
[2022-05-06T05:58:04.865+0000][163][gc,marking  ] GC(15) Concurrent Cleanup for Next Mark 0.964ms
[2022-05-06T05:58:04.866+0000][163][gc          ] GC(15) Concurrent Mark Cycle 78.491ms
[2022-05-06T05:58:05.244+0000][163][safepoint   ] Safepoint "ICBufferFull", Time since last: 380175708 ns, Reaching safepoint: 125042 ns, At safepoint: 6958 ns, Total: 132000 ns
[2022-05-06T05:58:05.371+0000][163][safepoint   ] Safepoint "ICBufferFull", Time since last: 126603417 ns, Reaching safepoint: 188167 ns, At safepoint: 4375 ns, Total: 192542 ns
[2022-05-06T05:58:05.663+0000][163][safepoint   ] Safepoint "ICBufferFull", Time since last: 291910375 ns, Reaching safepoint: 136750 ns, At safepoint: 3542 ns, Total: 140292 ns
[2022-05-06T05:58:05.906+0000][163][safepoint   ] Safepoint "ICBufferFull", Time since last: 243120916 ns, Reaching safepoint: 287709 ns, At safepoint: 5666 ns, Total: 293375 ns
[2022-05-06T05:58:06.066+0000][163][safepoint   ] Safepoint "ICBufferFull", Time since last: 159384667 ns, Reaching safepoint: 236292 ns, At safepoint: 5000 ns, Total: 241292 ns
[2022-05-06T05:58:06.265+0000][163][safepoint   ] Safepoint "ICBufferFull", Time since last: 199235541 ns, Reaching safepoint: 168042 ns, At safepoint: 3500 ns, Total: 171542 ns
[2022-05-06T05:58:06.509+0000][163][safepoint   ] Safepoint "ICBufferFull", Time since last: 243384209 ns, Reaching safepoint: 744958 ns, At safepoint: 25333 ns, Total: 770291 ns
[2022-05-06T05:58:06.716+0000][163][safepoint   ] Safepoint "ICBufferFull", Time since last: 205992375 ns, Reaching safepoint: 297084 ns, At safepoint: 41875 ns, Total: 338959 ns
[2022-05-06T05:58:07.124+0000][163][safepoint   ] Safepoint "ICBufferFull", Time since last: 408049667 ns, Reaching safepoint: 171500 ns, At safepoint: 3291 ns, Total: 174791 ns
[2022-05-06T05:58:07.190+0000][163][gc,start    ] GC(16) Pause Young (Normal) (G1 Evacuation Pause)
[2022-05-06T05:58:07.191+0000][163][gc,task     ] GC(16) Using 5 workers of 5 for evacuation
[2022-05-06T05:58:07.192+0000][163][gc,age      ] GC(16) Desired survivor size 20971520 bytes, new threshold 15 (max threshold 15)
[2022-05-06T05:58:07.209+0000][163][gc,age      ] GC(16) Age table with threshold 15 (max threshold 15)
[2022-05-06T05:58:07.211+0000][163][gc,age      ] GC(16) - age   1:    8646408 bytes,    8646408 total
[2022-05-06T05:58:07.212+0000][163][gc,age      ] GC(16) - age   2:     521744 bytes,    9168152 total
[2022-05-06T05:58:07.212+0000][163][gc,age      ] GC(16) - age   3:   13410064 bytes,   22578216 total
[2022-05-06T05:58:07.213+0000][163][gc,age      ] GC(16) - age   4:    5766424 bytes,   28344640 total
[2022-05-06T05:58:07.214+0000][163][gc,phases   ] GC(16)   Pre Evacuate Collection Set: 0.2ms
[2022-05-06T05:58:07.215+0000][163][gc,phases   ] GC(16)   Merge Heap Roots: 0.1ms
[2022-05-06T05:58:07.216+0000][163][gc,phases   ] GC(16)   Evacuate Collection Set: 13.8ms
[2022-05-06T05:58:07.217+0000][163][gc,phases   ] GC(16)   Post Evacuate Collection Set: 1.9ms
[2022-05-06T05:58:07.217+0000][163][gc,phases   ] GC(16)   Other: 8.4ms
[2022-05-06T05:58:07.218+0000][163][gc,heap     ] GC(16) Eden regions: 70->0(68)
[2022-05-06T05:58:07.219+0000][163][gc,heap     ] GC(16) Survivor regions: 6->8(10)
[2022-05-06T05:58:07.219+0000][163][gc,heap     ] GC(16) Old regions: 11->11
[2022-05-06T05:58:07.220+0000][163][gc,heap     ] GC(16) Archive regions: 2->2
[2022-05-06T05:58:07.220+0000][163][gc,heap     ] GC(16) Humongous regions: 6->6
[2022-05-06T05:58:07.221+0000][163][gc,metaspace] GC(16) Metaspace: 97420K(98880K)->97420K(98880K) NonClass: 83802K(84672K)->83802K(84672K) Class: 13617K(14208K)->13617K(14208K)
[2022-05-06T05:58:07.222+0000][163][gc          ] GC(16) Pause Young (Normal) (G1 Evacuation Pause) 372M->101M(512M) 32.021ms
[2022-05-06T05:58:07.223+0000][163][gc,cpu      ] GC(16) User=0.08s Sys=0.00s Real=0.03s
[2022-05-06T05:58:07.224+0000][163][safepoint   ] Safepoint "G1CollectForAllocation", Time since last: 65820209 ns, Reaching safepoint: 149416 ns, At safepoint: 33933459 ns, Total: 34082875 ns
[2022-05-06T05:58:07.517+0000][163][safepoint   ] Safepoint "ICBufferFull", Time since last: 292897791 ns, Reaching safepoint: 154042 ns, At safepoint: 14042 ns, Total: 168084 ns
[2022-05-06T05:58:07.622+0000][163][safepoint   ] Safepoint "ICBufferFull", Time since last: 104097666 ns, Reaching safepoint: 879917 ns, At safepoint: 274042 ns, Total: 1153959 ns
[2022-05-06T05:58:07.855+0000][163][safepoint   ] Safepoint "ICBufferFull", Time since last: 232307500 ns, Reaching safepoint: 202917 ns, At safepoint: 21333 ns, Total: 224250 ns
[2022-05-06T05:58:08.049+0000][163][safepoint   ] Safepoint "ICBufferFull", Time since last: 191780625 ns, Reaching safepoint: 2285375 ns, At safepoint: 46500 ns, Total: 2331875 ns
[2022-05-06T05:58:08.163+0000][163][safepoint   ] Safepoint "ICBufferFull", Time since last: 113365417 ns, Reaching safepoint: 548125 ns, At safepoint: 23125 ns, Total: 571250 ns
[2022-05-06T05:58:08.175+0000][163][safepoint   ] Safepoint "ICBufferFull", Time since last: 11787583 ns, Reaching safepoint: 164083 ns, At safepoint: 6667 ns, Total: 170750 ns
[2022-05-06T05:58:08.390+0000][163][safepoint   ] Safepoint "ICBufferFull", Time since last: 214802750 ns, Reaching safepoint: 419625 ns, At safepoint: 15708 ns, Total: 435333 ns
[2022-05-06T05:58:08.610+0000][163][safepoint   ] Safepoint "ICBufferFull", Time since last: 219242876 ns, Reaching safepoint: 423166 ns, At safepoint: 21292 ns, Total: 444458 ns
[2022-05-06T05:58:09.089+0000][163][safepoint   ] Safepoint "ICBufferFull", Time since last: 476739542 ns, Reaching safepoint: 2858541 ns, At safepoint: 26000 ns, Total: 2884541 ns
[2022-05-06T05:58:09.769+0000][163][safepoint   ] Safepoint "ICBufferFull", Time since last: 678641584 ns, Reaching safepoint: 585917 ns, At safepoint: 196291 ns, Total: 782208 ns
[2022-05-06T05:58:09.783+0000][163][safepoint   ] Safepoint "G1CollectForAllocation", Time since last: 13677042 ns, Reaching safepoint: 910667 ns, At safepoint: 26833 ns, Total: 937500 ns
[2022-05-06T05:58:09.785+0000][163][gc,start    ] GC(17) Pause Young (Normal) (GCLocker Initiated GC)
[2022-05-06T05:58:09.786+0000][163][gc,task     ] GC(17) Using 5 workers of 5 for evacuation
[2022-05-06T05:58:09.787+0000][163][gc,age      ] GC(17) Desired survivor size 20971520 bytes, new threshold 3 (max threshold 15)
[2022-05-06T05:58:09.800+0000][163][gc,age      ] GC(17) Age table with threshold 3 (max threshold 15)
[2022-05-06T05:58:09.801+0000][163][gc,age      ] GC(17) - age   1:   15773104 bytes,   15773104 total
[2022-05-06T05:58:09.802+0000][163][gc,age      ] GC(17) - age   2:    7572240 bytes,   23345344 total
[2022-05-06T05:58:09.803+0000][163][gc,age      ] GC(17) - age   3:     521184 bytes,   23866528 total
[2022-05-06T05:58:09.803+0000][163][gc,phases   ] GC(17)   Pre Evacuate Collection Set: 0.2ms
[2022-05-06T05:58:09.804+0000][163][gc,phases   ] GC(17)   Merge Heap Roots: 0.1ms
[2022-05-06T05:58:09.805+0000][163][gc,phases   ] GC(17)   Evacuate Collection Set: 11.3ms
[2022-05-06T05:58:09.806+0000][163][gc,phases   ] GC(17)   Post Evacuate Collection Set: 1.1ms
[2022-05-06T05:58:09.807+0000][163][gc,phases   ] GC(17)   Other: 6.0ms
[2022-05-06T05:58:09.808+0000][163][gc,heap     ] GC(17) Eden regions: 68->0(67)
[2022-05-06T05:58:09.809+0000][163][gc,heap     ] GC(17) Survivor regions: 8->7(10)
[2022-05-06T05:58:09.809+0000][163][gc,heap     ] GC(17) Old regions: 11->16
[2022-05-06T05:58:09.810+0000][163][gc,heap     ] GC(17) Archive regions: 2->2
[2022-05-06T05:58:09.811+0000][163][gc,heap     ] GC(17) Humongous regions: 6->6
[2022-05-06T05:58:09.812+0000][163][gc,metaspace] GC(17) Metaspace: 100239K(101760K)->100239K(101760K) NonClass: 86294K(87168K)->86294K(87168K) Class: 13945K(14592K)->13945K(14592K)
[2022-05-06T05:58:09.812+0000][163][gc          ] GC(17) Pause Young (Normal) (GCLocker Initiated GC) 373M->116M(512M) 27.748ms
[2022-05-06T05:58:09.813+0000][163][gc,cpu      ] GC(17) User=0.05s Sys=0.01s Real=0.03s
[2022-05-06T05:58:09.814+0000][163][safepoint   ] Safepoint "G1CollectForAllocation", Time since last: 1380167 ns, Reaching safepoint: 63250 ns, At safepoint: 29001166 ns, Total: 29064416 ns
[2022-05-06T05:58:10.059+0000][163][safepoint   ] Safepoint "ICBufferFull", Time since last: 244773042 ns, Reaching safepoint: 276084 ns, At safepoint: 40833 ns, Total: 316917 ns
[2022-05-06T05:58:10.202+0000][163][safepoint   ] Safepoint "ICBufferFull", Time since last: 143034250 ns, Reaching safepoint: 247250 ns, At safepoint: 12958 ns, Total: 260208 ns
[2022-05-06T05:58:10.309+0000][163][safepoint   ] Safepoint "ICBufferFull", Time since last: 106973875 ns, Reaching safepoint: 201500 ns, At safepoint: 16167 ns, Total: 217667 ns
[2022-05-06T05:58:10.528+0000][163][safepoint   ] Safepoint "ICBufferFull", Time since last: 218850500 ns, Reaching safepoint: 199584 ns, At safepoint: 3416 ns, Total: 203000 ns
[2022-05-06T05:58:10.651+0000][163][safepoint   ] Safepoint "ICBufferFull", Time since last: 121216084 ns, Reaching safepoint: 1478458 ns, At safepoint: 85792 ns, Total: 1564250 ns
[2022-05-06T05:58:11.004+0000][163][gc,start    ] GC(18) Pause Young (Normal) (G1 Evacuation Pause)
[2022-05-06T05:58:11.010+0000][163][gc,task     ] GC(18) Using 5 workers of 5 for evacuation
[2022-05-06T05:58:11.010+0000][163][gc,age      ] GC(18) Desired survivor size 20971520 bytes, new threshold 2 (max threshold 15)
[2022-05-06T05:58:11.018+0000][163][gc,age      ] GC(18) Age table with threshold 2 (max threshold 15)
[2022-05-06T05:58:11.019+0000][163][gc,age      ] GC(18) - age   1:   13418808 bytes,   13418808 total
[2022-05-06T05:58:11.020+0000][163][gc,age      ] GC(18) - age   2:    7778992 bytes,   21197800 total
[2022-05-06T05:58:11.021+0000][163][gc,phases   ] GC(18)   Pre Evacuate Collection Set: 0.1ms
[2022-05-06T05:58:11.022+0000][163][gc,phases   ] GC(18)   Merge Heap Roots: 0.2ms
[2022-05-06T05:58:11.023+0000][163][gc,phases   ] GC(18)   Evacuate Collection Set: 5.9ms
[2022-05-06T05:58:11.024+0000][163][gc,phases   ] GC(18)   Post Evacuate Collection Set: 0.6ms
[2022-05-06T05:58:11.025+0000][163][gc,phases   ] GC(18)   Other: 9.5ms
[2022-05-06T05:58:11.026+0000][163][gc,heap     ] GC(18) Eden regions: 67->0(66)
[2022-05-06T05:58:11.026+0000][163][gc,heap     ] GC(18) Survivor regions: 7->6(10)
[2022-05-06T05:58:11.027+0000][163][gc,heap     ] GC(18) Old regions: 16->18
[2022-05-06T05:58:11.028+0000][163][gc,heap     ] GC(18) Archive regions: 2->2
[2022-05-06T05:58:11.028+0000][163][gc,heap     ] GC(18) Humongous regions: 6->6
[2022-05-06T05:58:11.029+0000][163][gc,metaspace] GC(18) Metaspace: 100541K(102144K)->100541K(102144K) NonClass: 86589K(87552K)->86589K(87552K) Class: 13951K(14592K)->13951K(14592K)
[2022-05-06T05:58:11.030+0000][163][gc          ] GC(18) Pause Young (Normal) (G1 Evacuation Pause) 384M->121M(512M) 25.526ms
[2022-05-06T05:58:11.031+0000][163][gc,cpu      ] GC(18) User=0.05s Sys=0.00s Real=0.02s
[2022-05-06T05:58:11.031+0000][163][safepoint   ] Safepoint "G1CollectForAllocation", Time since last: 352218208 ns, Reaching safepoint: 949375 ns, At safepoint: 27228083 ns, Total: 28177458 ns
[2022-05-06T05:58:11.188+0000][163][safepoint   ] Safepoint "ICBufferFull", Time since last: 156728750 ns, Reaching safepoint: 94000 ns, At safepoint: 1625 ns, Total: 95625 ns
[2022-05-06T05:58:11.603+0000][163][safepoint   ] Safepoint "ICBufferFull", Time since last: 413838001 ns, Reaching safepoint: 666000 ns, At safepoint: 20083 ns, Total: 686083 ns
[2022-05-06T05:58:11.700+0000][163][safepoint   ] Safepoint "ICBufferFull", Time since last: 97265083 ns, Reaching safepoint: 165209 ns, At safepoint: 23125 ns, Total: 188334 ns
[2022-05-06T05:58:11.701+0000][163][safepoint   ] Safepoint "ICBufferFull", Time since last: 999541 ns, Reaching safepoint: 121625 ns, At safepoint: 11375 ns, Total: 133000 ns
[2022-05-06T05:58:11.906+0000][163][safepoint   ] Safepoint "ICBufferFull", Time since last: 203975000 ns, Reaching safepoint: 317584 ns, At safepoint: 27125 ns, Total: 344709 ns
[2022-05-06T05:58:12.387+0000][163][safepoint   ] Safepoint "ICBufferFull", Time since last: 480892833 ns, Reaching safepoint: 264750 ns, At safepoint: 15750 ns, Total: 280500 ns
[2022-05-06T05:58:12.409+0000][163][gc,start    ] GC(19) Pause Young (Normal) (G1 Evacuation Pause)
[2022-05-06T05:58:12.410+0000][163][gc,task     ] GC(19) Using 5 workers of 5 for evacuation
[2022-05-06T05:58:12.410+0000][163][gc,age      ] GC(19) Desired survivor size 18874368 bytes, new threshold 2 (max threshold 15)
[2022-05-06T05:58:12.417+0000][163][gc,age      ] GC(19) Age table with threshold 2 (max threshold 15)
[2022-05-06T05:58:12.418+0000][163][gc,age      ] GC(19) - age   1:   14022960 bytes,   14022960 total
[2022-05-06T05:58:12.419+0000][163][gc,age      ] GC(19) - age   2:   10315888 bytes,   24338848 total
[2022-05-06T05:58:12.420+0000][163][gc,phases   ] GC(19)   Pre Evacuate Collection Set: 0.1ms
[2022-05-06T05:58:12.421+0000][163][gc,phases   ] GC(19)   Merge Heap Roots: 0.1ms
[2022-05-06T05:58:12.421+0000][163][gc,phases   ] GC(19)   Evacuate Collection Set: 5.5ms
[2022-05-06T05:58:12.422+0000][163][gc,phases   ] GC(19)   Post Evacuate Collection Set: 0.6ms
[2022-05-06T05:58:12.423+0000][163][gc,phases   ] GC(19)   Other: 4.8ms
[2022-05-06T05:58:12.424+0000][163][gc,heap     ] GC(19) Eden regions: 66->0(63)
[2022-05-06T05:58:12.425+0000][163][gc,heap     ] GC(19) Survivor regions: 6->7(9)
[2022-05-06T05:58:12.426+0000][163][gc,heap     ] GC(19) Old regions: 18->20
[2022-05-06T05:58:12.427+0000][163][gc,heap     ] GC(19) Archive regions: 2->2
[2022-05-06T05:58:12.427+0000][163][gc,heap     ] GC(19) Humongous regions: 6->6
[2022-05-06T05:58:12.428+0000][163][gc,metaspace] GC(19) Metaspace: 101244K(102784K)->101244K(102784K) NonClass: 87240K(88128K)->87240K(88128K) Class: 14004K(14656K)->14004K(14656K)
[2022-05-06T05:58:12.430+0000][163][gc          ] GC(19) Pause Young (Normal) (G1 Evacuation Pause) 385M->132M(512M) 20.802ms
[2022-05-06T05:58:12.431+0000][163][gc,cpu      ] GC(19) User=0.03s Sys=0.00s Real=0.02s
[2022-05-06T05:58:12.432+0000][163][safepoint   ] Safepoint "G1CollectForAllocation", Time since last: 21665834 ns, Reaching safepoint: 143375 ns, At safepoint: 23111708 ns, Total: 23255083 ns
[2022-05-06T05:58:12.893+0000][163][safepoint   ] Safepoint "ICBufferFull", Time since last: 461410167 ns, Reaching safepoint: 188083 ns, At safepoint: 12959 ns, Total: 201042 ns
[2022-05-06T05:58:13.330+0000][163][safepoint   ] Safepoint "ICBufferFull", Time since last: 435535375 ns, Reaching safepoint: 606458 ns, At safepoint: 36375 ns, Total: 642833 ns
[2022-05-06T05:58:14.002+0000][163][gc,start    ] GC(20) Pause Young (Normal) (G1 Evacuation Pause)
[2022-05-06T05:58:14.006+0000][163][gc,task     ] GC(20) Using 5 workers of 5 for evacuation
[2022-05-06T05:58:14.007+0000][163][gc,age      ] GC(20) Desired survivor size 18874368 bytes, new threshold 2 (max threshold 15)
[2022-05-06T05:58:14.013+0000][163][gc,age      ] GC(20) Age table with threshold 2 (max threshold 15)
[2022-05-06T05:58:14.015+0000][163][gc,age      ] GC(20) - age   1:   15358240 bytes,   15358240 total
[2022-05-06T05:58:14.015+0000][163][gc,age      ] GC(20) - age   2:    6582360 bytes,   21940600 total
[2022-05-06T05:58:14.016+0000][163][gc,phases   ] GC(20)   Pre Evacuate Collection Set: 0.2ms
[2022-05-06T05:58:14.017+0000][163][gc,phases   ] GC(20)   Merge Heap Roots: 0.2ms
[2022-05-06T05:58:14.018+0000][163][gc,phases   ] GC(20)   Evacuate Collection Set: 3.8ms
[2022-05-06T05:58:14.019+0000][163][gc,phases   ] GC(20)   Post Evacuate Collection Set: 0.9ms
[2022-05-06T05:58:14.019+0000][163][gc,phases   ] GC(20)   Other: 9.4ms
[2022-05-06T05:58:14.020+0000][163][gc,heap     ] GC(20) Eden regions: 63->0(59)
[2022-05-06T05:58:14.021+0000][163][gc,heap     ] GC(20) Survivor regions: 7->6(9)
[2022-05-06T05:58:14.021+0000][163][gc,heap     ] GC(20) Old regions: 20->23
[2022-05-06T05:58:14.022+0000][163][gc,heap     ] GC(20) Archive regions: 2->2
[2022-05-06T05:58:14.022+0000][163][gc,heap     ] GC(20) Humongous regions: 7->7
[2022-05-06T05:58:14.023+0000][163][gc,metaspace] GC(20) Metaspace: 101569K(103168K)->101569K(103168K) NonClass: 87515K(88448K)->87515K(88448K) Class: 14053K(14720K)->14053K(14720K)
[2022-05-06T05:58:14.023+0000][163][gc          ] GC(20) Pause Young (Normal) (G1 Evacuation Pause) 388M->144M(512M) 21.477ms
[2022-05-06T05:58:14.024+0000][163][gc,cpu      ] GC(20) User=0.01s Sys=0.00s Real=0.03s
[2022-05-06T05:58:14.025+0000][163][safepoint   ] Safepoint "G1CollectForAllocation", Time since last: 672077875 ns, Reaching safepoint: 108292 ns, At safepoint: 22833500 ns, Total: 22941792 ns
[2022-05-06T05:58:15.026+0000][163][safepoint   ] Safepoint "Cleanup", Time since last: 1000942834 ns, Reaching safepoint: 606792 ns, At safepoint: 19916 ns, Total: 626708 ns
[2022-05-06T05:58:15.452+0000][163][safepoint   ] Safepoint "ICBufferFull", Time since last: 425937334 ns, Reaching safepoint: 225833 ns, At safepoint: 4625 ns, Total: 230458 ns
[2022-05-06T05:58:15.771+0000][163][gc,start    ] GC(21) Pause Young (Normal) (G1 Evacuation Pause)
[2022-05-06T05:58:15.773+0000][163][gc,task     ] GC(21) Using 5 workers of 5 for evacuation
[2022-05-06T05:58:15.774+0000][163][gc,age      ] GC(21) Desired survivor size 18874368 bytes, new threshold 2 (max threshold 15)
[2022-05-06T05:58:15.779+0000][163][gc,age      ] GC(21) Age table with threshold 2 (max threshold 15)
[2022-05-06T05:58:15.782+0000][163][gc,age      ] GC(21) - age   1:   19484112 bytes,   19484112 total
[2022-05-06T05:58:15.785+0000][163][gc,age      ] GC(21) - age   2:    6571656 bytes,   26055768 total
[2022-05-06T05:58:15.792+0000][163][gc,phases   ] GC(21)   Pre Evacuate Collection Set: 0.3ms
[2022-05-06T05:58:15.793+0000][163][gc,phases   ] GC(21)   Merge Heap Roots: 0.1ms
[2022-05-06T05:58:15.804+0000][163][gc,phases   ] GC(21)   Evacuate Collection Set: 2.8ms
[2022-05-06T05:58:15.807+0000][163][gc,phases   ] GC(21)   Post Evacuate Collection Set: 1.0ms
[2022-05-06T05:58:15.811+0000][163][gc,phases   ] GC(21)   Other: 16.6ms
[2022-05-06T05:58:15.813+0000][163][gc,heap     ] GC(21) Eden regions: 59->0(55)
[2022-05-06T05:58:15.815+0000][163][gc,heap     ] GC(21) Survivor regions: 6->7(9)
[2022-05-06T05:58:15.816+0000][163][gc,heap     ] GC(21) Old regions: 23->25
[2022-05-06T05:58:15.817+0000][163][gc,heap     ] GC(21) Archive regions: 2->2
[2022-05-06T05:58:15.818+0000][163][gc,heap     ] GC(21) Humongous regions: 9->8
[2022-05-06T05:58:15.819+0000][163][gc,metaspace] GC(21) Metaspace: 101830K(103360K)->101830K(103360K) NonClass: 87746K(88640K)->87746K(88640K) Class: 14083K(14720K)->14083K(14720K)
[2022-05-06T05:58:15.820+0000][163][gc          ] GC(21) Pause Young (Normal) (G1 Evacuation Pause) 388M->159M(512M) 49.294ms
[2022-05-06T05:58:15.822+0000][163][gc,cpu      ] GC(21) User=0.01s Sys=0.00s Real=0.05s
[2022-05-06T05:58:15.823+0000][163][safepoint   ] Safepoint "G1CollectForAllocation", Time since last: 318576250 ns, Reaching safepoint: 177917 ns, At safepoint: 51951833 ns, Total: 52129750 ns
[2022-05-06T05:58:16.825+0000][163][safepoint   ] Safepoint "Cleanup", Time since last: 1001369043 ns, Reaching safepoint: 270625 ns, At safepoint: 13250 ns, Total: 283875 ns
[2022-05-06T05:58:17.082+0000][163][gc,start    ] GC(22) Pause Young (Normal) (G1 Evacuation Pause)
[2022-05-06T05:58:17.082+0000][163][gc,task     ] GC(22) Using 5 workers of 5 for evacuation
[2022-05-06T05:58:17.083+0000][163][gc,age      ] GC(22) Desired survivor size 16777216 bytes, new threshold 1 (max threshold 15)
[2022-05-06T05:58:17.087+0000][163][gc,age      ] GC(22) Age table with threshold 1 (max threshold 15)
[2022-05-06T05:58:17.088+0000][163][gc,age      ] GC(22) - age   1:   20111088 bytes,   20111088 total
[2022-05-06T05:58:17.089+0000][163][gc,phases   ] GC(22)   Pre Evacuate Collection Set: 0.4ms
[2022-05-06T05:58:17.090+0000][163][gc,phases   ] GC(22)   Merge Heap Roots: 0.2ms
[2022-05-06T05:58:17.091+0000][163][gc,phases   ] GC(22)   Evacuate Collection Set: 2.1ms
[2022-05-06T05:58:17.091+0000][163][gc,phases   ] GC(22)   Post Evacuate Collection Set: 0.6ms
[2022-05-06T05:58:17.092+0000][163][gc,phases   ] GC(22)   Other: 4.2ms
[2022-05-06T05:58:17.093+0000][163][gc,heap     ] GC(22) Eden regions: 55->0(52)
[2022-05-06T05:58:17.093+0000][163][gc,heap     ] GC(22) Survivor regions: 7->6(8)
[2022-05-06T05:58:17.094+0000][163][gc,heap     ] GC(22) Old regions: 25->28
[2022-05-06T05:58:17.094+0000][163][gc,heap     ] GC(22) Archive regions: 2->2
[2022-05-06T05:58:17.095+0000][163][gc,heap     ] GC(22) Humongous regions: 8->8
[2022-05-06T05:58:17.095+0000][163][gc,metaspace] GC(22) Metaspace: 101868K(103424K)->101868K(103424K) NonClass: 87781K(88704K)->87781K(88704K) Class: 14086K(14720K)->14086K(14720K)
[2022-05-06T05:58:17.096+0000][163][gc          ] GC(22) Pause Young (Normal) (G1 Evacuation Pause) 379M->169M(512M) 14.259ms
[2022-05-06T05:58:17.096+0000][163][gc,cpu      ] GC(22) User=0.01s Sys=0.00s Real=0.02s
[2022-05-06T05:58:17.097+0000][163][safepoint   ] Safepoint "G1CollectForAllocation", Time since last: 256563166 ns, Reaching safepoint: 173250 ns, At safepoint: 15492709 ns, Total: 15665959 ns
[2022-05-06T05:58:18.098+0000][163][safepoint   ] Safepoint "Cleanup", Time since last: 1000589042 ns, Reaching safepoint: 207583 ns, At safepoint: 11417 ns, Total: 219000 ns
[2022-05-06T05:58:18.252+0000][163][gc,start    ] GC(23) Pause Young (Normal) (G1 Evacuation Pause)
[2022-05-06T05:58:18.253+0000][163][gc,task     ] GC(23) Using 5 workers of 5 for evacuation
[2022-05-06T05:58:18.253+0000][163][gc,age      ] GC(23) Desired survivor size 16777216 bytes, new threshold 1 (max threshold 15)
[2022-05-06T05:58:18.256+0000][163][gc,age      ] GC(23) Age table with threshold 1 (max threshold 15)
[2022-05-06T05:58:18.257+0000][163][gc,age      ] GC(23) - age   1:   21704568 bytes,   21704568 total
[2022-05-06T05:58:18.258+0000][163][gc,phases   ] GC(23)   Pre Evacuate Collection Set: 0.1ms
[2022-05-06T05:58:18.259+0000][163][gc,phases   ] GC(23)   Merge Heap Roots: 0.0ms
[2022-05-06T05:58:18.260+0000][163][gc,phases   ] GC(23)   Evacuate Collection Set: 1.6ms
[2022-05-06T05:58:18.260+0000][163][gc,phases   ] GC(23)   Post Evacuate Collection Set: 0.8ms
[2022-05-06T05:58:18.261+0000][163][gc,phases   ] GC(23)   Other: 3.5ms
[2022-05-06T05:58:18.262+0000][163][gc,heap     ] GC(23) Eden regions: 52->0(48)
[2022-05-06T05:58:18.263+0000][163][gc,heap     ] GC(23) Survivor regions: 6->6(8)
[2022-05-06T05:58:18.263+0000][163][gc,heap     ] GC(23) Old regions: 28->30
[2022-05-06T05:58:18.264+0000][163][gc,heap     ] GC(23) Archive regions: 2->2
[2022-05-06T05:58:18.264+0000][163][gc,heap     ] GC(23) Humongous regions: 8->8
[2022-05-06T05:58:18.265+0000][163][gc,metaspace] GC(23) Metaspace: 101875K(103424K)->101875K(103424K) NonClass: 87788K(88704K)->87788K(88704K) Class: 14086K(14720K)->14086K(14720K)
[2022-05-06T05:58:18.266+0000][163][gc          ] GC(23) Pause Young (Normal) (G1 Evacuation Pause) 377M->176M(512M) 13.511ms
[2022-05-06T05:58:18.266+0000][163][gc,cpu      ] GC(23) User=0.00s Sys=0.00s Real=0.02s
[2022-05-06T05:58:18.267+0000][163][safepoint   ] Safepoint "G1CollectForAllocation", Time since last: 154100667 ns, Reaching safepoint: 194458 ns, At safepoint: 14632792 ns, Total: 14827250 ns
[2022-05-06T05:58:19.268+0000][163][safepoint   ] Safepoint "Cleanup", Time since last: 1001052000 ns, Reaching safepoint: 394625 ns, At safepoint: 12833 ns, Total: 407458 ns
[2022-05-06T05:58:20.269+0000][163][safepoint   ] Safepoint "Cleanup", Time since last: 1001119417 ns, Reaching safepoint: 102500 ns, At safepoint: 4000 ns, Total: 106500 ns
[2022-05-06T05:58:20.512+0000][163][gc,start    ] GC(24) Pause Young (Concurrent Start) (G1 Evacuation Pause)
[2022-05-06T05:58:20.513+0000][163][gc,task     ] GC(24) Using 5 workers of 5 for evacuation
[2022-05-06T05:58:20.513+0000][163][gc,age      ] GC(24) Desired survivor size 14680064 bytes, new threshold 1 (max threshold 15)
[2022-05-06T05:58:20.517+0000][163][gc,age      ] GC(24) Age table with threshold 1 (max threshold 15)
[2022-05-06T05:58:20.518+0000][163][gc,age      ] GC(24) - age   1:    2544928 bytes,    2544928 total
[2022-05-06T05:58:20.519+0000][163][gc,phases   ] GC(24)   Pre Evacuate Collection Set: 0.3ms
[2022-05-06T05:58:20.520+0000][163][gc,phases   ] GC(24)   Merge Heap Roots: 0.1ms
[2022-05-06T05:58:20.520+0000][163][gc,phases   ] GC(24)   Evacuate Collection Set: 1.4ms
[2022-05-06T05:58:20.521+0000][163][gc,phases   ] GC(24)   Post Evacuate Collection Set: 0.7ms
[2022-05-06T05:58:20.522+0000][163][gc,phases   ] GC(24)   Other: 4.0ms
[2022-05-06T05:58:20.522+0000][163][gc,heap     ] GC(24) Eden regions: 48->0(50)
[2022-05-06T05:58:20.523+0000][163][gc,heap     ] GC(24) Survivor regions: 6->1(7)
[2022-05-06T05:58:20.524+0000][163][gc,heap     ] GC(24) Old regions: 30->35
[2022-05-06T05:58:20.525+0000][163][gc,heap     ] GC(24) Archive regions: 2->2
[2022-05-06T05:58:20.525+0000][163][gc,heap     ] GC(24) Humongous regions: 8->8
[2022-05-06T05:58:20.526+0000][163][gc,metaspace] GC(24) Metaspace: 101905K(103488K)->101905K(103488K) NonClass: 87819K(88768K)->87819K(88768K) Class: 14086K(14720K)->14086K(14720K)
[2022-05-06T05:58:20.526+0000][163][gc          ] GC(24) Pause Young (Concurrent Start) (G1 Evacuation Pause) 368M->178M(512M) 14.309ms
[2022-05-06T05:58:20.527+0000][163][gc,cpu      ] GC(24) User=0.01s Sys=0.00s Real=0.02s
[2022-05-06T05:58:20.528+0000][163][safepoint   ] Safepoint "G1CollectForAllocation", Time since last: 242499126 ns, Reaching safepoint: 219458 ns, At safepoint: 15635667 ns, Total: 15855125 ns
[2022-05-06T05:58:20.528+0000][163][gc          ] GC(25) Concurrent Mark Cycle
[2022-05-06T05:58:20.529+0000][163][gc,marking  ] GC(25) Concurrent Clear Claimed Marks
[2022-05-06T05:58:20.530+0000][163][gc,marking  ] GC(25) Concurrent Clear Claimed Marks 0.940ms
[2022-05-06T05:58:20.531+0000][163][gc,marking  ] GC(25) Concurrent Scan Root Regions
[2022-05-06T05:58:20.533+0000][163][gc,marking  ] GC(25) Concurrent Scan Root Regions 1.756ms
[2022-05-06T05:58:20.534+0000][163][gc,marking  ] GC(25) Concurrent Mark
[2022-05-06T05:58:20.535+0000][163][gc,marking  ] GC(25) Concurrent Mark From Roots
[2022-05-06T05:58:20.537+0000][163][gc,task     ] GC(25) Using 1 workers of 1 for marking
[2022-05-06T05:58:20.605+0000][163][gc,marking  ] GC(25) Concurrent Mark From Roots 69.781ms
[2022-05-06T05:58:20.606+0000][163][gc,marking  ] GC(25) Concurrent Preclean
[2022-05-06T05:58:20.607+0000][163][gc,marking  ] GC(25) Concurrent Preclean 0.821ms
[2022-05-06T05:58:20.608+0000][163][gc,start    ] GC(25) Pause Remark
[2022-05-06T05:58:20.618+0000][163][gc          ] GC(25) Pause Remark 188M->188M(512M) 9.897ms
[2022-05-06T05:58:20.619+0000][163][gc,cpu      ] GC(25) User=0.04s Sys=0.00s Real=0.01s
[2022-05-06T05:58:20.620+0000][163][safepoint   ] Safepoint "G1Concurrent", Time since last: 80380458 ns, Reaching safepoint: 137417 ns, At safepoint: 11766166 ns, Total: 11903583 ns
[2022-05-06T05:58:20.621+0000][163][gc,marking  ] GC(25) Concurrent Mark 87.291ms
[2022-05-06T05:58:20.622+0000][163][gc,marking  ] GC(25) Concurrent Rebuild Remembered Sets
[2022-05-06T05:58:20.673+0000][163][gc,marking  ] GC(25) Concurrent Rebuild Remembered Sets 50.842ms
[2022-05-06T05:58:20.678+0000][163][gc,start    ] GC(25) Pause Cleanup
[2022-05-06T05:58:20.679+0000][163][gc          ] GC(25) Pause Cleanup 194M->194M(512M) 1.196ms
[2022-05-06T05:58:20.680+0000][163][gc,cpu      ] GC(25) User=0.00s Sys=0.00s Real=0.00s
[2022-05-06T05:58:20.681+0000][163][safepoint   ] Safepoint "G1Concurrent", Time since last: 53751542 ns, Reaching safepoint: 4457625 ns, At safepoint: 2762792 ns, Total: 7220417 ns
[2022-05-06T05:58:20.682+0000][163][gc,marking  ] GC(25) Concurrent Cleanup for Next Mark
[2022-05-06T05:58:20.683+0000][163][gc,marking  ] GC(25) Concurrent Cleanup for Next Mark 1.104ms
[2022-05-06T05:58:20.684+0000][163][gc          ] GC(25) Concurrent Mark Cycle 156.282ms
[2022-05-06T05:58:21.683+0000][163][safepoint   ] Safepoint "Cleanup", Time since last: 1001624625 ns, Reaching safepoint: 398875 ns, At safepoint: 3542 ns, Total: 402417 ns
[2022-05-06T05:58:22.251+0000][163][gc,start    ] GC(26) Pause Young (Normal) (G1 Evacuation Pause)
[2022-05-06T05:58:22.251+0000][163][gc,task     ] GC(26) Using 5 workers of 5 for evacuation
[2022-05-06T05:58:22.252+0000][163][gc,age      ] GC(26) Desired survivor size 14680064 bytes, new threshold 15 (max threshold 15)
[2022-05-06T05:58:22.254+0000][163][gc,age      ] GC(26) Age table with threshold 15 (max threshold 15)
[2022-05-06T05:58:22.255+0000][163][gc,age      ] GC(26) - age   1:     152392 bytes,     152392 total
[2022-05-06T05:58:22.256+0000][163][gc,age      ] GC(26) - age   2:    2208616 bytes,    2361008 total
[2022-05-06T05:58:22.257+0000][163][gc,phases   ] GC(26)   Pre Evacuate Collection Set: 0.1ms
[2022-05-06T05:58:22.257+0000][163][gc,phases   ] GC(26)   Merge Heap Roots: 0.0ms
[2022-05-06T05:58:22.258+0000][163][gc,phases   ] GC(26)   Evacuate Collection Set: 1.0ms
[2022-05-06T05:58:22.258+0000][163][gc,phases   ] GC(26)   Post Evacuate Collection Set: 0.6ms
[2022-05-06T05:58:22.259+0000][163][gc,phases   ] GC(26)   Other: 4.2ms
[2022-05-06T05:58:22.260+0000][163][gc,heap     ] GC(26) Eden regions: 50->0(52)
[2022-05-06T05:58:22.260+0000][163][gc,heap     ] GC(26) Survivor regions: 1->1(7)
[2022-05-06T05:58:22.261+0000][163][gc,heap     ] GC(26) Old regions: 35->35
[2022-05-06T05:58:22.262+0000][163][gc,heap     ] GC(26) Archive regions: 2->2
[2022-05-06T05:58:22.262+0000][163][gc,heap     ] GC(26) Humongous regions: 8->8
[2022-05-06T05:58:22.263+0000][163][gc,metaspace] GC(26) Metaspace: 101908K(103488K)->101908K(103488K) NonClass: 87825K(88768K)->87825K(88768K) Class: 14082K(14720K)->14082K(14720K)
[2022-05-06T05:58:22.264+0000][163][gc          ] GC(26) Pause Young (Normal) (G1 Evacuation Pause) 378M->178M(512M) 12.988ms
[2022-05-06T05:58:22.264+0000][163][gc,cpu      ] GC(26) User=0.01s Sys=0.00s Real=0.02s
[2022-05-06T05:58:22.265+0000][163][safepoint   ] Safepoint "G1CollectForAllocation", Time since last: 567834000 ns, Reaching safepoint: 148500 ns, At safepoint: 14280083 ns, Total: 14428583 ns
[2022-05-06T05:58:23.266+0000][163][safepoint   ] Safepoint "Cleanup", Time since last: 1001174084 ns, Reaching safepoint: 95625 ns, At safepoint: 4000 ns, Total: 99625 ns
[2022-05-06T05:58:24.267+0000][163][safepoint   ] Safepoint "Cleanup", Time since last: 1000804500 ns, Reaching safepoint: 126292 ns, At safepoint: 3958 ns, Total: 130250 ns
[2022-05-06T05:58:24.560+0000][163][safepoint   ] Safepoint "ICBufferFull", Time since last: 292932292 ns, Reaching safepoint: 264542 ns, At safepoint: 7500 ns, Total: 272042 ns
[2022-05-06T05:58:25.562+0000][163][safepoint   ] Safepoint "Cleanup", Time since last: 1001252959 ns, Reaching safepoint: 134416 ns, At safepoint: 4209 ns, Total: 138625 ns
[2022-05-06T05:58:26.563+0000][163][safepoint   ] Safepoint "Cleanup", Time since last: 1000897334 ns, Reaching safepoint: 182708 ns, At safepoint: 4583 ns, Total: 187291 ns
[2022-05-06T05:58:27.568+0000][163][safepoint   ] Safepoint "Cleanup", Time since last: 1004822751 ns, Reaching safepoint: 104166 ns, At safepoint: 3459 ns, Total: 107625 ns
[2022-05-06T05:58:29.289+0000][163][gc,start    ] GC(27) Pause Young (Concurrent Start) (G1 Evacuation Pause)
[2022-05-06T05:58:29.290+0000][163][gc,task     ] GC(27) Using 5 workers of 5 for evacuation
[2022-05-06T05:58:29.291+0000][163][gc,age      ] GC(27) Desired survivor size 14680064 bytes, new threshold 15 (max threshold 15)
[2022-05-06T05:58:29.294+0000][163][gc,age      ] GC(27) Age table with threshold 15 (max threshold 15)
[2022-05-06T05:58:29.294+0000][163][gc,age      ] GC(27) - age   1:    1357712 bytes,    1357712 total
[2022-05-06T05:58:29.295+0000][163][gc,age      ] GC(27) - age   2:        344 bytes,    1358056 total
[2022-05-06T05:58:29.296+0000][163][gc,age      ] GC(27) - age   3:    1785168 bytes,    3143224 total
[2022-05-06T05:58:29.297+0000][163][gc,phases   ] GC(27)   Pre Evacuate Collection Set: 0.2ms
[2022-05-06T05:58:29.298+0000][163][gc,phases   ] GC(27)   Merge Heap Roots: 0.1ms
[2022-05-06T05:58:29.299+0000][163][gc,phases   ] GC(27)   Evacuate Collection Set: 1.2ms
[2022-05-06T05:58:29.299+0000][163][gc,phases   ] GC(27)   Post Evacuate Collection Set: 0.6ms
[2022-05-06T05:58:29.300+0000][163][gc,phases   ] GC(27)   Other: 6.5ms
[2022-05-06T05:58:29.301+0000][163][gc,heap     ] GC(27) Eden regions: 52->0(54)
[2022-05-06T05:58:29.302+0000][163][gc,heap     ] GC(27) Survivor regions: 1->1(7)
[2022-05-06T05:58:29.303+0000][163][gc,heap     ] GC(27) Old regions: 35->35
[2022-05-06T05:58:29.303+0000][163][gc,heap     ] GC(27) Archive regions: 2->2
[2022-05-06T05:58:29.304+0000][163][gc,heap     ] GC(27) Humongous regions: 8->8
[2022-05-06T05:58:29.305+0000][163][gc,metaspace] GC(27) Metaspace: 103414K(104960K)->103414K(104960K) NonClass: 89131K(90048K)->89131K(90048K) Class: 14283K(14912K)->14283K(14912K)
[2022-05-06T05:58:29.305+0000][163][gc          ] GC(27) Pause Young (Concurrent Start) (G1 Evacuation Pause) 386M->178M(512M) 16.610ms
[2022-05-06T05:58:29.306+0000][163][gc,cpu      ] GC(27) User=0.01s Sys=0.00s Real=0.02s
[2022-05-06T05:58:29.306+0000][163][safepoint   ] Safepoint "G1CollectForAllocation", Time since last: 1720687959 ns, Reaching safepoint: 283583 ns, At safepoint: 17695625 ns, Total: 17979208 ns
[2022-05-06T05:58:29.306+0000][163][gc          ] GC(28) Concurrent Mark Cycle
[2022-05-06T05:58:29.308+0000][163][gc,marking  ] GC(28) Concurrent Clear Claimed Marks
[2022-05-06T05:58:29.308+0000][163][gc,marking  ] GC(28) Concurrent Clear Claimed Marks 0.651ms
[2022-05-06T05:58:29.309+0000][163][gc,marking  ] GC(28) Concurrent Scan Root Regions
[2022-05-06T05:58:29.311+0000][163][gc,marking  ] GC(28) Concurrent Scan Root Regions 2.362ms
[2022-05-06T05:58:29.312+0000][163][gc,marking  ] GC(28) Concurrent Mark
[2022-05-06T05:58:29.313+0000][163][gc,marking  ] GC(28) Concurrent Mark From Roots
[2022-05-06T05:58:29.314+0000][163][gc,task     ] GC(28) Using 1 workers of 1 for marking
[2022-05-06T05:58:29.385+0000][163][gc,marking  ] GC(28) Concurrent Mark From Roots 72.566ms
[2022-05-06T05:58:29.386+0000][163][gc,marking  ] GC(28) Concurrent Preclean
[2022-05-06T05:58:29.388+0000][163][gc,marking  ] GC(28) Concurrent Preclean 1.867ms
[2022-05-06T05:58:29.389+0000][163][gc,start    ] GC(28) Pause Remark
[2022-05-06T05:58:29.394+0000][163][gc          ] GC(28) Pause Remark 282M->254M(512M) 4.526ms
[2022-05-06T05:58:29.395+0000][163][gc,cpu      ] GC(28) User=0.01s Sys=0.00s Real=0.01s
[2022-05-06T05:58:29.395+0000][163][safepoint   ] Safepoint "G1Concurrent", Time since last: 82624042 ns, Reaching safepoint: 165458 ns, At safepoint: 6281292 ns, Total: 6446750 ns
[2022-05-06T05:58:29.396+0000][163][gc,marking  ] GC(28) Concurrent Mark 84.527ms
[2022-05-06T05:58:29.397+0000][163][gc,marking  ] GC(28) Concurrent Rebuild Remembered Sets
[2022-05-06T05:58:29.442+0000][163][gc,marking  ] GC(28) Concurrent Rebuild Remembered Sets 44.384ms
[2022-05-06T05:58:29.443+0000][163][gc,start    ] GC(28) Pause Cleanup
[2022-05-06T05:58:29.443+0000][163][gc          ] GC(28) Pause Cleanup 255M->255M(512M) 0.702ms
[2022-05-06T05:58:29.444+0000][163][gc,cpu      ] GC(28) User=0.00s Sys=0.00s Real=0.00s
[2022-05-06T05:58:29.445+0000][163][safepoint   ] Safepoint "G1Concurrent", Time since last: 47346250 ns, Reaching safepoint: 36917 ns, At safepoint: 1923125 ns, Total: 1960042 ns
[2022-05-06T05:58:29.445+0000][163][gc,marking  ] GC(28) Concurrent Cleanup for Next Mark
[2022-05-06T05:58:29.446+0000][163][gc,marking  ] GC(28) Concurrent Cleanup for Next Mark 1.001ms
[2022-05-06T05:58:29.448+0000][163][gc          ] GC(28) Concurrent Mark Cycle 141.363ms
[2022-05-06T05:58:29.765+0000][163][gc,start    ] GC(29) Pause Young (Prepare Mixed) (G1 Evacuation Pause)
[2022-05-06T05:58:29.767+0000][163][gc,task     ] GC(29) Using 5 workers of 5 for evacuation
[2022-05-06T05:58:29.769+0000][163][gc,age      ] GC(29) Desired survivor size 14680064 bytes, new threshold 15 (max threshold 15)
[2022-05-06T05:58:29.774+0000][163][gc,age      ] GC(29) Age table with threshold 15 (max threshold 15)
[2022-05-06T05:58:29.775+0000][163][gc,age      ] GC(29) - age   1:     609696 bytes,     609696 total
[2022-05-06T05:58:29.776+0000][163][gc,age      ] GC(29) - age   2:     612200 bytes,    1221896 total
[2022-05-06T05:58:29.777+0000][163][gc,age      ] GC(29) - age   3:        320 bytes,    1222216 total
[2022-05-06T05:58:29.778+0000][163][gc,age      ] GC(29) - age   4:       9024 bytes,    1231240 total
[2022-05-06T05:58:29.779+0000][163][gc,phases   ] GC(29)   Pre Evacuate Collection Set: 0.4ms
[2022-05-06T05:58:29.780+0000][163][gc,phases   ] GC(29)   Merge Heap Roots: 0.2ms
[2022-05-06T05:58:29.782+0000][163][gc,phases   ] GC(29)   Evacuate Collection Set: 2.4ms
[2022-05-06T05:58:29.783+0000][163][gc,phases   ] GC(29)   Post Evacuate Collection Set: 1.0ms
[2022-05-06T05:58:29.784+0000][163][gc,phases   ] GC(29)   Other: 10.3ms
[2022-05-06T05:58:29.784+0000][163][gc,heap     ] GC(29) Eden regions: 54->0(5)
[2022-05-06T05:58:29.786+0000][163][gc,heap     ] GC(29) Survivor regions: 1->1(7)
[2022-05-06T05:58:29.786+0000][163][gc,heap     ] GC(29) Old regions: 30->30
[2022-05-06T05:58:29.788+0000][163][gc,heap     ] GC(29) Archive regions: 2->2
[2022-05-06T05:58:29.789+0000][163][gc,heap     ] GC(29) Humongous regions: 6->6
[2022-05-06T05:58:29.789+0000][163][gc,metaspace] GC(29) Metaspace: 103518K(105088K)->103518K(105088K) NonClass: 89218K(90176K)->89218K(90176K) Class: 14299K(14912K)->14299K(14912K)
[2022-05-06T05:58:29.790+0000][163][gc          ] GC(29) Pause Young (Prepare Mixed) (G1 Evacuation Pause) 366M->148M(512M) 25.268ms
[2022-05-06T05:58:29.791+0000][163][gc,cpu      ] GC(29) User=0.01s Sys=0.00s Real=0.02s
[2022-05-06T05:58:29.792+0000][163][safepoint   ] Safepoint "G1CollectForAllocation", Time since last: 320055083 ns, Reaching safepoint: 173833 ns, At safepoint: 26748292 ns, Total: 26922125 ns
[2022-05-06T05:58:30.793+0000][163][safepoint   ] Safepoint "Cleanup", Time since last: 1000942542 ns, Reaching safepoint: 92625 ns, At safepoint: 2334 ns, Total: 94959 ns
[2022-05-06T05:58:31.794+0000][163][safepoint   ] Safepoint "Cleanup", Time since last: 1000946667 ns, Reaching safepoint: 84333 ns, At safepoint: 2333 ns, Total: 86666 ns
[2022-05-06T05:58:32.796+0000][163][safepoint   ] Safepoint "Cleanup", Time since last: 1002023626 ns, Reaching safepoint: 142041 ns, At safepoint: 3209 ns, Total: 145250 ns
[2022-05-06T05:58:33.331+0000][163][gc,start    ] GC(30) Pause Young (Mixed) (G1 Evacuation Pause)
[2022-05-06T05:58:33.332+0000][163][gc,task     ] GC(30) Using 5 workers of 5 for evacuation
[2022-05-06T05:58:33.333+0000][163][gc,age      ] GC(30) Desired survivor size 2097152 bytes, new threshold 15 (max threshold 15)
[2022-05-06T05:58:33.338+0000][163][gc,age      ] GC(30) Age table with threshold 15 (max threshold 15)
[2022-05-06T05:58:33.340+0000][163][gc,age      ] GC(30) - age   1:    2548432 bytes,    2548432 total
[2022-05-06T05:58:33.341+0000][163][gc,age      ] GC(30) - age   2:     534808 bytes,    3083240 total
[2022-05-06T05:58:33.342+0000][163][gc,age      ] GC(30) - age   3:     494768 bytes,    3578008 total
[2022-05-06T05:58:33.343+0000][163][gc,age      ] GC(30) - age   4:        320 bytes,    3578328 total
[2022-05-06T05:58:33.344+0000][163][gc,age      ] GC(30) - age   5:       9024 bytes,    3587352 total
[2022-05-06T05:58:33.345+0000][163][gc,phases   ] GC(30)   Pre Evacuate Collection Set: 0.1ms
[2022-05-06T05:58:33.346+0000][163][gc,phases   ] GC(30)   Merge Heap Roots: 0.4ms
[2022-05-06T05:58:33.347+0000][163][gc,phases   ] GC(30)   Evacuate Collection Set: 2.3ms
[2022-05-06T05:58:33.348+0000][163][gc,phases   ] GC(30)   Post Evacuate Collection Set: 1.1ms
[2022-05-06T05:58:33.349+0000][163][gc,phases   ] GC(30)   Other: 10.6ms
[2022-05-06T05:58:33.350+0000][163][gc,heap     ] GC(30) Eden regions: 5->0(66)
[2022-05-06T05:58:33.351+0000][163][gc,heap     ] GC(30) Survivor regions: 1->1(1)
[2022-05-06T05:58:33.351+0000][163][gc,heap     ] GC(30) Old regions: 30->26
[2022-05-06T05:58:33.352+0000][163][gc,heap     ] GC(30) Archive regions: 2->2
[2022-05-06T05:58:33.353+0000][163][gc,heap     ] GC(30) Humongous regions: 6->6
[2022-05-06T05:58:33.353+0000][163][gc,metaspace] GC(30) Metaspace: 103749K(105280K)->103749K(105280K) NonClass: 89431K(90304K)->89431K(90304K) Class: 14317K(14976K)->14317K(14976K)
[2022-05-06T05:58:33.354+0000][163][gc          ] GC(30) Pause Young (Mixed) (G1 Evacuation Pause) 168M->131M(512M) 23.068ms
[2022-05-06T05:58:33.355+0000][163][gc,cpu      ] GC(30) User=0.01s Sys=0.00s Real=0.03s
[2022-05-06T05:58:33.356+0000][163][safepoint   ] Safepoint "G1CollectForAllocation", Time since last: 534820917 ns, Reaching safepoint: 276958 ns, At safepoint: 24726958 ns, Total: 25003916 ns
[2022-05-06T05:58:33.893+0000][163][safepoint   ] Safepoint "ICBufferFull", Time since last: 537234751 ns, Reaching safepoint: 301833 ns, At safepoint: 18583 ns, Total: 320416 ns
[2022-05-06T05:58:34.424+0000][163][safepoint   ] Safepoint "ICBufferFull", Time since last: 530913376 ns, Reaching safepoint: 149125 ns, At safepoint: 14791 ns, Total: 163916 ns
[2022-05-06T05:58:34.871+0000][163][gc,start    ] GC(31) Pause Young (Normal) (G1 Evacuation Pause)
[2022-05-06T05:58:34.872+0000][163][gc,task     ] GC(31) Using 5 workers of 5 for evacuation
[2022-05-06T05:58:34.873+0000][163][gc,age      ] GC(31) Desired survivor size 18874368 bytes, new threshold 15 (max threshold 15)
[2022-05-06T05:58:34.879+0000][163][gc,age      ] GC(31) Age table with threshold 15 (max threshold 15)
[2022-05-06T05:58:34.880+0000][163][gc,age      ] GC(31) - age   1:   15327544 bytes,   15327544 total
[2022-05-06T05:58:34.884+0000][163][gc,age      ] GC(31) - age   2:     374040 bytes,   15701584 total
[2022-05-06T05:58:34.885+0000][163][gc,age      ] GC(31) - age   3:     532256 bytes,   16233840 total
[2022-05-06T05:58:34.886+0000][163][gc,age      ] GC(31) - age   4:     494496 bytes,   16728336 total
[2022-05-06T05:58:34.888+0000][163][gc,age      ] GC(31) - age   5:        320 bytes,   16728656 total
[2022-05-06T05:58:34.889+0000][163][gc,age      ] GC(31) - age   6:       9024 bytes,   16737680 total
[2022-05-06T05:58:34.890+0000][163][gc,phases   ] GC(31)   Pre Evacuate Collection Set: 0.1ms
[2022-05-06T05:58:34.892+0000][163][gc,phases   ] GC(31)   Merge Heap Roots: 0.6ms
[2022-05-06T05:58:34.893+0000][163][gc,phases   ] GC(31)   Evacuate Collection Set: 2.2ms
[2022-05-06T05:58:34.894+0000][163][gc,phases   ] GC(31)   Post Evacuate Collection Set: 1.1ms
[2022-05-06T05:58:34.894+0000][163][gc,phases   ] GC(31)   Other: 15.3ms
[2022-05-06T05:58:34.895+0000][163][gc,heap     ] GC(31) Eden regions: 66->0(61)
[2022-05-06T05:58:34.896+0000][163][gc,heap     ] GC(31) Survivor regions: 1->5(9)
[2022-05-06T05:58:34.897+0000][163][gc,heap     ] GC(31) Old regions: 26->26
[2022-05-06T05:58:34.898+0000][163][gc,heap     ] GC(31) Archive regions: 2->2
[2022-05-06T05:58:34.899+0000][163][gc,heap     ] GC(31) Humongous regions: 6->6
[2022-05-06T05:58:34.899+0000][163][gc,metaspace] GC(31) Metaspace: 104050K(105600K)->104050K(105600K) NonClass: 89723K(90624K)->89723K(90624K) Class: 14327K(14976K)->14327K(14976K)
[2022-05-06T05:58:34.900+0000][163][gc          ] GC(31) Pause Young (Normal) (G1 Evacuation Pause) 395M->144M(512M) 29.337ms
[2022-05-06T05:58:34.901+0000][163][gc,cpu      ] GC(31) User=0.01s Sys=0.00s Real=0.03s
[2022-05-06T05:58:34.902+0000][163][safepoint   ] Safepoint "G1CollectForAllocation", Time since last: 446130834 ns, Reaching safepoint: 179875 ns, At safepoint: 31851250 ns, Total: 32031125 ns
[2022-05-06T05:58:35.402+0000][163][safepoint   ] Safepoint "ICBufferFull", Time since last: 499023542 ns, Reaching safepoint: 259833 ns, At safepoint: 11292 ns, Total: 271125 ns
[2022-05-06T05:58:36.049+0000][163][gc,start    ] GC(32) Pause Young (Normal) (G1 Evacuation Pause)
[2022-05-06T05:58:36.049+0000][163][gc,task     ] GC(32) Using 5 workers of 5 for evacuation
[2022-05-06T05:58:36.050+0000][163][gc,age      ] GC(32) Desired survivor size 18874368 bytes, new threshold 15 (max threshold 15)
[2022-05-06T05:58:36.054+0000][163][gc,age      ] GC(32) Age table with threshold 15 (max threshold 15)
[2022-05-06T05:58:36.055+0000][163][gc,age      ] GC(32) - age   1:   17243192 bytes,   17243192 total
[2022-05-06T05:58:36.056+0000][163][gc,age      ] GC(32) - age   2:   10192888 bytes,   27436080 total
[2022-05-06T05:58:36.056+0000][163][gc,age      ] GC(32) - age   3:     369320 bytes,   27805400 total
[2022-05-06T05:58:36.057+0000][163][gc,age      ] GC(32) - age   4:     532224 bytes,   28337624 total
[2022-05-06T05:58:36.058+0000][163][gc,age      ] GC(32) - age   5:     494496 bytes,   28832120 total
[2022-05-06T05:58:36.058+0000][163][gc,age      ] GC(32) - age   6:        320 bytes,   28832440 total
[2022-05-06T05:58:36.059+0000][163][gc,age      ] GC(32) - age   7:       9024 bytes,   28841464 total
[2022-05-06T05:58:36.060+0000][163][gc,phases   ] GC(32)   Pre Evacuate Collection Set: 0.1ms
[2022-05-06T05:58:36.060+0000][163][gc,phases   ] GC(32)   Merge Heap Roots: 0.2ms
[2022-05-06T05:58:36.061+0000][163][gc,phases   ] GC(32)   Evacuate Collection Set: 2.1ms
[2022-05-06T05:58:36.062+0000][163][gc,phases   ] GC(32)   Post Evacuate Collection Set: 1.0ms
[2022-05-06T05:58:36.062+0000][163][gc,phases   ] GC(32)   Other: 7.6ms
[2022-05-06T05:58:36.063+0000][163][gc,heap     ] GC(32) Eden regions: 61->0(56)
[2022-05-06T05:58:36.063+0000][163][gc,heap     ] GC(32) Survivor regions: 5->8(9)
[2022-05-06T05:58:36.064+0000][163][gc,heap     ] GC(32) Old regions: 26->26
[2022-05-06T05:58:36.065+0000][163][gc,heap     ] GC(32) Archive regions: 2->2
[2022-05-06T05:58:36.065+0000][163][gc,heap     ] GC(32) Humongous regions: 6->6
[2022-05-06T05:58:36.066+0000][163][gc,metaspace] GC(32) Metaspace: 104267K(105856K)->104267K(105856K) NonClass: 89914K(90816K)->89914K(90816K) Class: 14353K(15040K)->14353K(15040K)
[2022-05-06T05:58:36.066+0000][163][gc          ] GC(32) Pause Young (Normal) (G1 Evacuation Pause) 388M->156M(512M) 17.465ms
[2022-05-06T05:58:36.067+0000][163][gc,cpu      ] GC(32) User=0.01s Sys=0.01s Real=0.02s
[2022-05-06T05:58:36.068+0000][163][safepoint   ] Safepoint "G1CollectForAllocation", Time since last: 646481500 ns, Reaching safepoint: 536333 ns, At safepoint: 19034875 ns, Total: 19571208 ns
[2022-05-06T05:58:36.955+0000][163][gc,start    ] GC(33) Pause Young (Normal) (G1 Evacuation Pause)
[2022-05-06T05:58:36.956+0000][163][gc,task     ] GC(33) Using 5 workers of 5 for evacuation
[2022-05-06T05:58:36.957+0000][163][gc,age      ] GC(33) Desired survivor size 16777216 bytes, new threshold 1 (max threshold 15)
[2022-05-06T05:58:36.962+0000][163][gc,age      ] GC(33) Age table with threshold 1 (max threshold 15)
[2022-05-06T05:58:36.963+0000][163][gc,age      ] GC(33) - age   1:   10729976 bytes,   10729976 total
[2022-05-06T05:58:36.964+0000][163][gc,phases   ] GC(33)   Pre Evacuate Collection Set: 0.2ms
[2022-05-06T05:58:36.964+0000][163][gc,phases   ] GC(33)   Merge Heap Roots: 0.3ms
[2022-05-06T05:58:36.965+0000][163][gc,phases   ] GC(33)   Evacuate Collection Set: 3.0ms
[2022-05-06T05:58:36.965+0000][163][gc,phases   ] GC(33)   Post Evacuate Collection Set: 0.7ms
[2022-05-06T05:58:36.966+0000][163][gc,phases   ] GC(33)   Other: 4.3ms
[2022-05-06T05:58:36.967+0000][163][gc,heap     ] GC(33) Eden regions: 56->0(55)
[2022-05-06T05:58:36.968+0000][163][gc,heap     ] GC(33) Survivor regions: 8->3(8)
[2022-05-06T05:58:36.968+0000][163][gc,heap     ] GC(33) Old regions: 26->32
[2022-05-06T05:58:36.969+0000][163][gc,heap     ] GC(33) Archive regions: 2->2
[2022-05-06T05:58:36.969+0000][163][gc,heap     ] GC(33) Humongous regions: 6->6
[2022-05-06T05:58:36.970+0000][163][gc,metaspace] GC(33) Metaspace: 104305K(105856K)->104305K(105856K) NonClass: 89952K(90816K)->89952K(90816K) Class: 14353K(15040K)->14353K(15040K)
[2022-05-06T05:58:36.971+0000][163][gc          ] GC(33) Pause Young (Normal) (G1 Evacuation Pause) 380M->163M(512M) 15.591ms
[2022-05-06T05:58:36.971+0000][163][gc,cpu      ] GC(33) User=0.02s Sys=0.00s Real=0.01s
[2022-05-06T05:58:36.972+0000][163][safepoint   ] Safepoint "G1CollectForAllocation", Time since last: 887031376 ns, Reaching safepoint: 148666 ns, At safepoint: 17098709 ns, Total: 17247375 ns
[2022-05-06T05:58:37.204+0000][163][gc,start    ] GC(34) Pause Young (Concurrent Start) (G1 Humongous Allocation)
[2022-05-06T05:58:37.209+0000][163][gc,task     ] GC(34) Using 5 workers of 5 for evacuation
[2022-05-06T05:58:37.210+0000][163][gc,age      ] GC(34) Desired survivor size 16777216 bytes, new threshold 15 (max threshold 15)
[2022-05-06T05:58:37.213+0000][163][gc,age      ] GC(34) Age table with threshold 15 (max threshold 15)
[2022-05-06T05:58:37.214+0000][163][gc,age      ] GC(34) - age   1:    7370368 bytes,    7370368 total
[2022-05-06T05:58:37.215+0000][163][gc,age      ] GC(34) - age   2:    5281672 bytes,   12652040 total
[2022-05-06T05:58:37.216+0000][163][gc,phases   ] GC(34)   Pre Evacuate Collection Set: 0.3ms
[2022-05-06T05:58:37.216+0000][163][gc,phases   ] GC(34)   Merge Heap Roots: 0.0ms
[2022-05-06T05:58:37.217+0000][163][gc,phases   ] GC(34)   Evacuate Collection Set: 1.2ms
[2022-05-06T05:58:37.218+0000][163][gc,phases   ] GC(34)   Post Evacuate Collection Set: 0.9ms
[2022-05-06T05:58:37.218+0000][163][gc,phases   ] GC(34)   Other: 8.8ms
[2022-05-06T05:58:37.219+0000][163][gc,heap     ] GC(34) Eden regions: 9->0(32)
[2022-05-06T05:58:37.220+0000][163][gc,heap     ] GC(34) Survivor regions: 3->4(8)
[2022-05-06T05:58:37.220+0000][163][gc,heap     ] GC(34) Old regions: 32->32
[2022-05-06T05:58:37.221+0000][163][gc,heap     ] GC(34) Archive regions: 2->2
[2022-05-06T05:58:37.221+0000][163][gc,heap     ] GC(34) Humongous regions: 6->6
[2022-05-06T05:58:37.222+0000][163][gc,metaspace] GC(34) Metaspace: 104319K(105856K)->104319K(105856K) NonClass: 89966K(90816K)->89966K(90816K) Class: 14353K(15040K)->14353K(15040K)
[2022-05-06T05:58:37.223+0000][163][gc          ] GC(34) Pause Young (Concurrent Start) (G1 Humongous Allocation) 199M->165M(512M) 18.187ms
[2022-05-06T05:58:37.223+0000][163][gc,cpu      ] GC(34) User=0.01s Sys=0.00s Real=0.02s
[2022-05-06T05:58:37.224+0000][163][gc          ] GC(35) Concurrent Mark Cycle
[2022-05-06T05:58:37.225+0000][163][gc,marking  ] GC(35) Concurrent Clear Claimed Marks
[2022-05-06T05:58:37.224+0000][163][safepoint   ] Safepoint "G1TryInitiateConcMark", Time since last: 232195458 ns, Reaching safepoint: 147250 ns, At safepoint: 19496500 ns, Total: 19643750 ns
[2022-05-06T05:58:37.226+0000][163][gc,marking  ] GC(35) Concurrent Clear Claimed Marks 0.785ms
[2022-05-06T05:58:37.230+0000][163][gc,marking  ] GC(35) Concurrent Scan Root Regions
[2022-05-06T05:58:37.232+0000][163][gc,marking  ] GC(35) Concurrent Scan Root Regions 2.018ms
[2022-05-06T05:58:37.233+0000][163][gc,marking  ] GC(35) Concurrent Mark
[2022-05-06T05:58:37.233+0000][163][gc,marking  ] GC(35) Concurrent Mark From Roots
[2022-05-06T05:58:37.234+0000][163][gc,task     ] GC(35) Using 1 workers of 1 for marking
[2022-05-06T05:58:37.307+0000][163][gc,marking  ] GC(35) Concurrent Mark From Roots 73.288ms
[2022-05-06T05:58:37.307+0000][163][gc,marking  ] GC(35) Concurrent Preclean
[2022-05-06T05:58:37.308+0000][163][gc,marking  ] GC(35) Concurrent Preclean 0.928ms
[2022-05-06T05:58:37.309+0000][163][gc,start    ] GC(35) Pause Remark
[2022-05-06T05:58:37.314+0000][163][gc          ] GC(35) Pause Remark 184M->184M(512M) 4.423ms
[2022-05-06T05:58:37.315+0000][163][gc,cpu      ] GC(35) User=0.01s Sys=0.00s Real=0.01s
[2022-05-06T05:58:37.316+0000][163][safepoint   ] Safepoint "G1Concurrent", Time since last: 85006167 ns, Reaching safepoint: 408167 ns, At safepoint: 6362958 ns, Total: 6771125 ns
[2022-05-06T05:58:37.317+0000][163][gc,marking  ] GC(35) Concurrent Mark 83.918ms
[2022-05-06T05:58:37.317+0000][163][gc,marking  ] GC(35) Concurrent Rebuild Remembered Sets
[2022-05-06T05:58:37.361+0000][163][gc,marking  ] GC(35) Concurrent Rebuild Remembered Sets 43.793ms
[2022-05-06T05:58:37.362+0000][163][gc,start    ] GC(35) Pause Cleanup
[2022-05-06T05:58:37.363+0000][163][gc          ] GC(35) Pause Cleanup 190M->190M(512M) 0.752ms
[2022-05-06T05:58:37.364+0000][163][gc,cpu      ] GC(35) User=0.00s Sys=0.00s Real=0.01s
[2022-05-06T05:58:37.364+0000][163][safepoint   ] Safepoint "G1Concurrent", Time since last: 46059875 ns, Reaching safepoint: 373375 ns, At safepoint: 2011917 ns, Total: 2385292 ns
[2022-05-06T05:58:37.368+0000][163][gc,marking  ] GC(35) Concurrent Cleanup for Next Mark
[2022-05-06T05:58:37.371+0000][163][gc,marking  ] GC(35) Concurrent Cleanup for Next Mark 2.612ms
[2022-05-06T05:58:37.372+0000][163][gc          ] GC(35) Concurrent Mark Cycle 147.977ms
[2022-05-06T05:58:38.236+0000][163][gc,start    ] GC(36) Pause Young (Prepare Mixed) (G1 Evacuation Pause)
[2022-05-06T05:58:38.237+0000][163][gc,task     ] GC(36) Using 5 workers of 5 for evacuation
[2022-05-06T05:58:38.237+0000][163][gc,age      ] GC(36) Desired survivor size 10485760 bytes, new threshold 2 (max threshold 15)
[2022-05-06T05:58:38.242+0000][163][gc,age      ] GC(36) Age table with threshold 2 (max threshold 15)
[2022-05-06T05:58:38.243+0000][163][gc,age      ] GC(36) - age   1:   13940904 bytes,   13940904 total
[2022-05-06T05:58:38.245+0000][163][gc,age      ] GC(36) - age   2:    1085952 bytes,   15026856 total
[2022-05-06T05:58:38.246+0000][163][gc,phases   ] GC(36)   Pre Evacuate Collection Set: 0.3ms
[2022-05-06T05:58:38.246+0000][163][gc,phases   ] GC(36)   Merge Heap Roots: 0.2ms
[2022-05-06T05:58:38.247+0000][163][gc,phases   ] GC(36)   Evacuate Collection Set: 1.9ms
[2022-05-06T05:58:38.248+0000][163][gc,phases   ] GC(36)   Post Evacuate Collection Set: 1.0ms
[2022-05-06T05:58:38.248+0000][163][gc,phases   ] GC(36)   Other: 6.2ms
[2022-05-06T05:58:38.249+0000][163][gc,heap     ] GC(36) Eden regions: 32->0(2)
[2022-05-06T05:58:38.250+0000][163][gc,heap     ] GC(36) Survivor regions: 4->4(5)
[2022-05-06T05:58:38.251+0000][163][gc,heap     ] GC(36) Old regions: 32->33
[2022-05-06T05:58:38.251+0000][163][gc,heap     ] GC(36) Archive regions: 2->2
[2022-05-06T05:58:38.252+0000][163][gc,heap     ] GC(36) Humongous regions: 7->7
[2022-05-06T05:58:38.253+0000][163][gc,metaspace] GC(36) Metaspace: 104331K(105920K)->104331K(105920K) NonClass: 89978K(90880K)->89978K(90880K) Class: 14353K(15040K)->14353K(15040K)
[2022-05-06T05:58:38.253+0000][163][gc          ] GC(36) Pause Young (Prepare Mixed) (G1 Evacuation Pause) 297M->177M(512M) 17.279ms
[2022-05-06T05:58:38.254+0000][163][gc,cpu      ] GC(36) User=0.01s Sys=0.00s Real=0.02s
[2022-05-06T05:58:38.255+0000][163][safepoint   ] Safepoint "G1CollectForAllocation", Time since last: 871563167 ns, Reaching safepoint: 149083 ns, At safepoint: 19175125 ns, Total: 19324208 ns
[2022-05-06T05:58:38.288+0000][163][gc,start    ] GC(37) Pause Young (Mixed) (G1 Evacuation Pause)
[2022-05-06T05:58:38.289+0000][163][gc,task     ] GC(37) Using 5 workers of 5 for evacuation
[2022-05-06T05:58:38.290+0000][163][gc,age      ] GC(37) Desired survivor size 2097152 bytes, new threshold 1 (max threshold 15)
[2022-05-06T05:58:38.293+0000][163][gc,age      ] GC(37) Age table with threshold 1 (max threshold 15)
[2022-05-06T05:58:38.294+0000][163][gc,age      ] GC(37) - age   1:     524416 bytes,     524416 total
[2022-05-06T05:58:38.295+0000][163][gc,phases   ] GC(37)   Pre Evacuate Collection Set: 0.1ms
[2022-05-06T05:58:38.296+0000][163][gc,phases   ] GC(37)   Merge Heap Roots: 0.0ms
[2022-05-06T05:58:38.297+0000][163][gc,phases   ] GC(37)   Evacuate Collection Set: 1.2ms
[2022-05-06T05:58:38.298+0000][163][gc,phases   ] GC(37)   Post Evacuate Collection Set: 0.7ms
[2022-05-06T05:58:38.298+0000][163][gc,phases   ] GC(37)   Other: 5.1ms
[2022-05-06T05:58:38.299+0000][163][gc,heap     ] GC(37) Eden regions: 2->0(34)
[2022-05-06T05:58:38.300+0000][163][gc,heap     ] GC(37) Survivor regions: 4->1(1)
[2022-05-06T05:58:38.300+0000][163][gc,heap     ] GC(37) Old regions: 33->36
[2022-05-06T05:58:38.301+0000][163][gc,heap     ] GC(37) Archive regions: 2->2
[2022-05-06T05:58:38.302+0000][163][gc,heap     ] GC(37) Humongous regions: 7->7
[2022-05-06T05:58:38.302+0000][163][gc,metaspace] GC(37) Metaspace: 104333K(105984K)->104333K(105984K) NonClass: 89980K(90944K)->89980K(90944K) Class: 14353K(15040K)->14353K(15040K)
[2022-05-06T05:58:38.303+0000][163][gc          ] GC(37) Pause Young (Mixed) (G1 Evacuation Pause) 185M->172M(512M) 14.591ms
[2022-05-06T05:58:38.303+0000][163][gc,cpu      ] GC(37) User=0.01s Sys=0.00s Real=0.02s
[2022-05-06T05:58:38.304+0000][163][safepoint   ] Safepoint "G1CollectForAllocation", Time since last: 32898583 ns, Reaching safepoint: 162167 ns, At safepoint: 15939042 ns, Total: 16101209 ns
[2022-05-06T05:58:38.631+0000][163][safepoint   ] Safepoint "ICBufferFull", Time since last: 326288583 ns, Reaching safepoint: 342584 ns, At safepoint: 24666 ns, Total: 367250 ns
[2022-05-06T05:58:39.021+0000][163][gc,start    ] GC(38) Pause Young (Concurrent Start) (G1 Evacuation Pause)
[2022-05-06T05:58:39.022+0000][163][gc,task     ] GC(38) Using 5 workers of 5 for evacuation
[2022-05-06T05:58:39.023+0000][163][gc,age      ] GC(38) Desired survivor size 10485760 bytes, new threshold 15 (max threshold 15)
[2022-05-06T05:58:39.027+0000][163][gc,age      ] GC(38) Age table with threshold 15 (max threshold 15)
[2022-05-06T05:58:39.028+0000][163][gc,age      ] GC(38) - age   1:   14528136 bytes,   14528136 total
[2022-05-06T05:58:39.029+0000][163][gc,age      ] GC(38) - age   2:     240952 bytes,   14769088 total
[2022-05-06T05:58:39.030+0000][163][gc,phases   ] GC(38)   Pre Evacuate Collection Set: 0.4ms
[2022-05-06T05:58:39.031+0000][163][gc,phases   ] GC(38)   Merge Heap Roots: 0.1ms
[2022-05-06T05:58:39.031+0000][163][gc,phases   ] GC(38)   Evacuate Collection Set: 1.7ms
[2022-05-06T05:58:39.032+0000][163][gc,phases   ] GC(38)   Post Evacuate Collection Set: 0.9ms
[2022-05-06T05:58:39.033+0000][163][gc,phases   ] GC(38)   Other: 5.4ms
[2022-05-06T05:58:39.033+0000][163][gc,heap     ] GC(38) Eden regions: 34->0(34)
[2022-05-06T05:58:39.034+0000][163][gc,heap     ] GC(38) Survivor regions: 1->4(5)
[2022-05-06T05:58:39.035+0000][163][gc,heap     ] GC(38) Old regions: 36->36
[2022-05-06T05:58:39.035+0000][163][gc,heap     ] GC(38) Archive regions: 2->2
[2022-05-06T05:58:39.036+0000][163][gc,heap     ] GC(38) Humongous regions: 7->7
[2022-05-06T05:58:39.036+0000][163][gc,metaspace] GC(38) Metaspace: 104402K(105984K)->104402K(105984K) NonClass: 90048K(90944K)->90048K(90944K) Class: 14353K(15040K)->14353K(15040K)
[2022-05-06T05:58:39.037+0000][163][gc          ] GC(38) Pause Young (Concurrent Start) (G1 Evacuation Pause) 308M->188M(512M) 15.456ms
[2022-05-06T05:58:39.038+0000][163][gc,cpu      ] GC(38) User=0.01s Sys=0.00s Real=0.02s
[2022-05-06T05:58:39.038+0000][163][safepoint   ] Safepoint "G1CollectForAllocation", Time since last: 390334209 ns, Reaching safepoint: 209166 ns, At safepoint: 17035750 ns, Total: 17244916 ns
[2022-05-06T05:58:39.038+0000][163][gc          ] GC(39) Concurrent Mark Cycle
[2022-05-06T05:58:39.040+0000][163][gc,marking  ] GC(39) Concurrent Clear Claimed Marks
[2022-05-06T05:58:39.040+0000][163][gc,marking  ] GC(39) Concurrent Clear Claimed Marks 0.774ms
[2022-05-06T05:58:39.041+0000][163][gc,marking  ] GC(39) Concurrent Scan Root Regions
[2022-05-06T05:58:39.043+0000][163][gc,marking  ] GC(39) Concurrent Scan Root Regions 1.803ms
[2022-05-06T05:58:39.044+0000][163][gc,marking  ] GC(39) Concurrent Mark
[2022-05-06T05:58:39.045+0000][163][gc,marking  ] GC(39) Concurrent Mark From Roots
[2022-05-06T05:58:39.045+0000][163][gc,task     ] GC(39) Using 1 workers of 1 for marking
[2022-05-06T05:58:39.110+0000][163][gc,marking  ] GC(39) Concurrent Mark From Roots 65.772ms
[2022-05-06T05:58:39.111+0000][163][gc,marking  ] GC(39) Concurrent Preclean
[2022-05-06T05:58:39.112+0000][163][gc,marking  ] GC(39) Concurrent Preclean 1.016ms
[2022-05-06T05:58:39.114+0000][163][gc,start    ] GC(39) Pause Remark
[2022-05-06T05:58:39.118+0000][163][gc          ] GC(39) Pause Remark 200M->200M(512M) 4.109ms
[2022-05-06T05:58:39.118+0000][163][gc,cpu      ] GC(39) User=0.01s Sys=0.00s Real=0.00s
[2022-05-06T05:58:39.119+0000][163][safepoint   ] Safepoint "G1Concurrent", Time since last: 74813750 ns, Reaching safepoint: 388750 ns, At safepoint: 5613292 ns, Total: 6002042 ns
[2022-05-06T05:58:39.120+0000][163][gc,marking  ] GC(39) Concurrent Mark 76.156ms
[2022-05-06T05:58:39.121+0000][163][gc,marking  ] GC(39) Concurrent Rebuild Remembered Sets
[2022-05-06T05:58:39.163+0000][163][gc,marking  ] GC(39) Concurrent Rebuild Remembered Sets 42.698ms
[2022-05-06T05:58:39.165+0000][163][gc,start    ] GC(39) Pause Cleanup
[2022-05-06T05:58:39.166+0000][163][gc          ] GC(39) Pause Cleanup 207M->207M(512M) 1.222ms
[2022-05-06T05:58:39.167+0000][163][gc,cpu      ] GC(39) User=0.00s Sys=0.00s Real=0.00s
[2022-05-06T05:58:39.168+0000][163][safepoint   ] Safepoint "G1Concurrent", Time since last: 45680042 ns, Reaching safepoint: 160958 ns, At safepoint: 2885750 ns, Total: 3046708 ns
[2022-05-06T05:58:39.168+0000][163][gc,marking  ] GC(39) Concurrent Cleanup for Next Mark
[2022-05-06T05:58:39.169+0000][163][gc,marking  ] GC(39) Concurrent Cleanup for Next Mark 0.788ms
[2022-05-06T05:58:39.170+0000][163][gc          ] GC(39) Concurrent Mark Cycle 131.529ms
[2022-05-06T05:58:39.756+0000][163][gc,start    ] GC(40) Pause Young (Prepare Mixed) (G1 Evacuation Pause)
[2022-05-06T05:58:39.758+0000][163][gc,task     ] GC(40) Using 5 workers of 5 for evacuation
[2022-05-06T05:58:39.759+0000][163][gc,age      ] GC(40) Desired survivor size 10485760 bytes, new threshold 1 (max threshold 15)
[2022-05-06T05:58:39.763+0000][163][gc,age      ] GC(40) Age table with threshold 1 (max threshold 15)
[2022-05-06T05:58:39.764+0000][163][gc,age      ] GC(40) - age   1:    8926384 bytes,    8926384 total
[2022-05-06T05:58:39.765+0000][163][gc,phases   ] GC(40)   Pre Evacuate Collection Set: 0.4ms
[2022-05-06T05:58:39.766+0000][163][gc,phases   ] GC(40)   Merge Heap Roots: 0.3ms
[2022-05-06T05:58:39.767+0000][163][gc,phases   ] GC(40)   Evacuate Collection Set: 1.6ms
[2022-05-06T05:58:39.768+0000][163][gc,phases   ] GC(40)   Post Evacuate Collection Set: 0.9ms
[2022-05-06T05:58:39.769+0000][163][gc,phases   ] GC(40)   Other: 5.4ms
[2022-05-06T05:58:39.770+0000][163][gc,heap     ] GC(40) Eden regions: 34->0(3)
[2022-05-06T05:58:39.770+0000][163][gc,heap     ] GC(40) Survivor regions: 4->3(5)
[2022-05-06T05:58:39.771+0000][163][gc,heap     ] GC(40) Old regions: 36->39
[2022-05-06T05:58:39.772+0000][163][gc,heap     ] GC(40) Archive regions: 2->2
[2022-05-06T05:58:39.773+0000][163][gc,heap     ] GC(40) Humongous regions: 7->7
[2022-05-06T05:58:39.774+0000][163][gc,metaspace] GC(40) Metaspace: 104420K(106048K)->104420K(106048K) NonClass: 90066K(91008K)->90066K(91008K) Class: 14353K(15040K)->14353K(15040K)
[2022-05-06T05:58:39.775+0000][163][gc          ] GC(40) Pause Young (Prepare Mixed) (G1 Evacuation Pause) 324M->194M(512M) 18.235ms
[2022-05-06T05:58:39.775+0000][163][gc,cpu      ] GC(40) User=0.01s Sys=0.01s Real=0.02s
[2022-05-06T05:58:39.776+0000][163][safepoint   ] Safepoint "G1CollectForAllocation", Time since last: 588257667 ns, Reaching safepoint: 280333 ns, At safepoint: 19634209 ns, Total: 19914542 ns
[2022-05-06T05:58:39.825+0000][163][gc,start    ] GC(41) Pause Young (Mixed) (G1 Evacuation Pause)
[2022-05-06T05:58:39.826+0000][163][gc,task     ] GC(41) Using 5 workers of 5 for evacuation
[2022-05-06T05:58:39.827+0000][163][gc,age      ] GC(41) Desired survivor size 2097152 bytes, new threshold 1 (max threshold 15)
[2022-05-06T05:58:39.831+0000][163][gc,age      ] GC(41) Age table with threshold 1 (max threshold 15)
[2022-05-06T05:58:39.832+0000][163][gc,age      ] GC(41) - age   1:    2172720 bytes,    2172720 total
[2022-05-06T05:58:39.833+0000][163][gc,phases   ] GC(41)   Pre Evacuate Collection Set: 0.2ms
[2022-05-06T05:58:39.834+0000][163][gc,phases   ] GC(41)   Merge Heap Roots: 0.1ms
[2022-05-06T05:58:39.835+0000][163][gc,phases   ] GC(41)   Evacuate Collection Set: 2.2ms
[2022-05-06T05:58:39.836+0000][163][gc,phases   ] GC(41)   Post Evacuate Collection Set: 1.1ms
[2022-05-06T05:58:39.837+0000][163][gc,phases   ] GC(41)   Other: 4.3ms
[2022-05-06T05:58:39.838+0000][163][gc,heap     ] GC(41) Eden regions: 3->0(39)
[2022-05-06T05:58:39.838+0000][163][gc,heap     ] GC(41) Survivor regions: 3->1(1)
[2022-05-06T05:58:39.839+0000][163][gc,heap     ] GC(41) Old regions: 39->35
[2022-05-06T05:58:39.840+0000][163][gc,heap     ] GC(41) Archive regions: 2->2
[2022-05-06T05:58:39.841+0000][163][gc,heap     ] GC(41) Humongous regions: 7->7
[2022-05-06T05:58:39.841+0000][163][gc,metaspace] GC(41) Metaspace: 104420K(106048K)->104420K(106048K) NonClass: 90066K(91008K)->90066K(91008K) Class: 14353K(15040K)->14353K(15040K)
[2022-05-06T05:58:39.842+0000][163][gc          ] GC(41) Pause Young (Mixed) (G1 Evacuation Pause) 206M->173M(512M) 16.872ms
[2022-05-06T05:58:39.843+0000][163][gc,cpu      ] GC(41) User=0.01s Sys=0.00s Real=0.02s
[2022-05-06T05:58:39.844+0000][163][safepoint   ] Safepoint "G1CollectForAllocation", Time since last: 49170250 ns, Reaching safepoint: 47250 ns, At safepoint: 18870167 ns, Total: 18917417 ns
[2022-05-06T05:58:40.431+0000][163][gc,start    ] GC(42) Pause Young (Concurrent Start) (G1 Evacuation Pause)
[2022-05-06T05:58:40.432+0000][163][gc,task     ] GC(42) Using 5 workers of 5 for evacuation
[2022-05-06T05:58:40.433+0000][163][gc,age      ] GC(42) Desired survivor size 10485760 bytes, new threshold 15 (max threshold 15)
[2022-05-06T05:58:40.436+0000][163][gc,age      ] GC(42) Age table with threshold 15 (max threshold 15)
[2022-05-06T05:58:40.437+0000][163][gc,age      ] GC(42) - age   1:    7800552 bytes,    7800552 total
[2022-05-06T05:58:40.437+0000][163][gc,age      ] GC(42) - age   2:     199384 bytes,    7999936 total
[2022-05-06T05:58:40.438+0000][163][gc,phases   ] GC(42)   Pre Evacuate Collection Set: 0.5ms
[2022-05-06T05:58:40.439+0000][163][gc,phases   ] GC(42)   Merge Heap Roots: 0.1ms
[2022-05-06T05:58:40.439+0000][163][gc,phases   ] GC(42)   Evacuate Collection Set: 1.0ms
[2022-05-06T05:58:40.440+0000][163][gc,phases   ] GC(42)   Post Evacuate Collection Set: 0.7ms
[2022-05-06T05:58:40.441+0000][163][gc,phases   ] GC(42)   Other: 4.9ms
[2022-05-06T05:58:40.441+0000][163][gc,heap     ] GC(42) Eden regions: 39->0(41)
[2022-05-06T05:58:40.442+0000][163][gc,heap     ] GC(42) Survivor regions: 1->2(5)
[2022-05-06T05:58:40.442+0000][163][gc,heap     ] GC(42) Old regions: 35->35
[2022-05-06T05:58:40.443+0000][163][gc,heap     ] GC(42) Archive regions: 2->2
[2022-05-06T05:58:40.444+0000][163][gc,heap     ] GC(42) Humongous regions: 7->7
[2022-05-06T05:58:40.444+0000][163][gc,metaspace] GC(42) Metaspace: 104420K(106048K)->104420K(106048K) NonClass: 90067K(91008K)->90067K(91008K) Class: 14353K(15040K)->14353K(15040K)
[2022-05-06T05:58:40.445+0000][163][gc          ] GC(42) Pause Young (Concurrent Start) (G1 Evacuation Pause) 329M->179M(512M) 14.595ms
[2022-05-06T05:58:40.446+0000][163][gc,cpu      ] GC(42) User=0.01s Sys=0.01s Real=0.02s
[2022-05-06T05:58:40.447+0000][163][gc          ] GC(43) Concurrent Mark Cycle
[2022-05-06T05:58:40.447+0000][163][gc,marking  ] GC(43) Concurrent Clear Claimed Marks
[2022-05-06T05:58:40.447+0000][163][safepoint   ] Safepoint "G1CollectForAllocation", Time since last: 586264583 ns, Reaching safepoint: 332917 ns, At safepoint: 15874916 ns, Total: 16207833 ns
[2022-05-06T05:58:40.448+0000][163][gc,marking  ] GC(43) Concurrent Clear Claimed Marks 0.658ms
[2022-05-06T05:58:40.449+0000][163][gc,marking  ] GC(43) Concurrent Scan Root Regions
[2022-05-06T05:58:40.450+0000][163][gc,marking  ] GC(43) Concurrent Scan Root Regions 1.429ms
[2022-05-06T05:58:40.451+0000][163][gc,marking  ] GC(43) Concurrent Mark
[2022-05-06T05:58:40.452+0000][163][gc,marking  ] GC(43) Concurrent Mark From Roots
[2022-05-06T05:58:40.453+0000][163][gc,task     ] GC(43) Using 1 workers of 1 for marking
[2022-05-06T05:58:40.525+0000][163][gc,marking  ] GC(43) Concurrent Mark From Roots 72.960ms
[2022-05-06T05:58:40.526+0000][163][gc,marking  ] GC(43) Concurrent Preclean
[2022-05-06T05:58:40.528+0000][163][gc,marking  ] GC(43) Concurrent Preclean 1.315ms
[2022-05-06T05:58:40.529+0000][163][gc,start    ] GC(43) Pause Remark
[2022-05-06T05:58:40.535+0000][163][gc          ] GC(43) Pause Remark 198M->198M(512M) 5.408ms
[2022-05-06T05:58:40.536+0000][163][gc,cpu      ] GC(43) User=0.01s Sys=0.00s Real=0.01s
[2022-05-06T05:58:40.537+0000][163][safepoint   ] Safepoint "G1Concurrent", Time since last: 82159001 ns, Reaching safepoint: 416541 ns, At safepoint: 7388959 ns, Total: 7805500 ns
[2022-05-06T05:58:40.538+0000][163][gc,marking  ] GC(43) Concurrent Mark 86.504ms
[2022-05-06T05:58:40.539+0000][163][gc,marking  ] GC(43) Concurrent Rebuild Remembered Sets
[2022-05-06T05:58:40.584+0000][163][gc,marking  ] GC(43) Concurrent Rebuild Remembered Sets 44.755ms
[2022-05-06T05:58:40.585+0000][163][gc,start    ] GC(43) Pause Cleanup
[2022-05-06T05:58:40.586+0000][163][gc          ] GC(43) Pause Cleanup 213M->213M(512M) 1.178ms
[2022-05-06T05:58:40.587+0000][163][gc,cpu      ] GC(43) User=0.01s Sys=0.00s Real=0.00s
[2022-05-06T05:58:40.588+0000][163][safepoint   ] Safepoint "G1Concurrent", Time since last: 48333000 ns, Reaching safepoint: 309166 ns, At safepoint: 3257167 ns, Total: 3566333 ns
[2022-05-06T05:58:40.590+0000][163][gc,marking  ] GC(43) Concurrent Cleanup for Next Mark
[2022-05-06T05:58:40.592+0000][163][gc,marking  ] GC(43) Concurrent Cleanup for Next Mark 2.135ms
[2022-05-06T05:58:40.593+0000][163][gc          ] GC(43) Concurrent Mark Cycle 146.487ms
[2022-05-06T05:58:41.068+0000][163][gc,start    ] GC(44) Pause Young (Prepare Mixed) (G1 Evacuation Pause)
[2022-05-06T05:58:41.069+0000][163][gc,task     ] GC(44) Using 5 workers of 5 for evacuation
[2022-05-06T05:58:41.070+0000][163][gc,age      ] GC(44) Desired survivor size 12582912 bytes, new threshold 15 (max threshold 15)
[2022-05-06T05:58:41.074+0000][163][gc,age      ] GC(44) Age table with threshold 15 (max threshold 15)
[2022-05-06T05:58:41.075+0000][163][gc,age      ] GC(44) - age   1:   10960512 bytes,   10960512 total
[2022-05-06T05:58:41.076+0000][163][gc,age      ] GC(44) - age   2:    3147608 bytes,   14108120 total
[2022-05-06T05:58:41.076+0000][163][gc,age      ] GC(44) - age   3:     198568 bytes,   14306688 total
[2022-05-06T05:58:41.077+0000][163][gc,phases   ] GC(44)   Pre Evacuate Collection Set: 0.2ms
[2022-05-06T05:58:41.078+0000][163][gc,phases   ] GC(44)   Merge Heap Roots: 0.2ms
[2022-05-06T05:58:41.078+0000][163][gc,phases   ] GC(44)   Evacuate Collection Set: 1.5ms
[2022-05-06T05:58:41.079+0000][163][gc,phases   ] GC(44)   Post Evacuate Collection Set: 0.6ms
[2022-05-06T05:58:41.079+0000][163][gc,phases   ] GC(44)   Other: 6.4ms
[2022-05-06T05:58:41.081+0000][163][gc,heap     ] GC(44) Eden regions: 41->0(2)
[2022-05-06T05:58:41.081+0000][163][gc,heap     ] GC(44) Survivor regions: 2->4(6)
[2022-05-06T05:58:41.082+0000][163][gc,heap     ] GC(44) Old regions: 35->35
[2022-05-06T05:58:41.082+0000][163][gc,heap     ] GC(44) Archive regions: 2->2
[2022-05-06T05:58:41.083+0000][163][gc,heap     ] GC(44) Humongous regions: 8->8
[2022-05-06T05:58:41.083+0000][163][gc,metaspace] GC(44) Metaspace: 104427K(106048K)->104427K(106048K) NonClass: 90073K(91008K)->90073K(91008K) Class: 14354K(15040K)->14354K(15040K)
[2022-05-06T05:58:41.084+0000][163][gc          ] GC(44) Pause Young (Prepare Mixed) (G1 Evacuation Pause) 347M->190M(512M) 15.759ms
[2022-05-06T05:58:41.085+0000][163][gc,cpu      ] GC(44) User=0.02s Sys=0.01s Real=0.02s
[2022-05-06T05:58:41.085+0000][163][safepoint   ] Safepoint "G1CollectForAllocation", Time since last: 479615042 ns, Reaching safepoint: 135541 ns, At safepoint: 17150584 ns, Total: 17286125 ns
[2022-05-06T05:58:41.117+0000][163][gc,start    ] GC(45) Pause Young (Mixed) (G1 Evacuation Pause)
[2022-05-06T05:58:41.118+0000][163][gc,task     ] GC(45) Using 5 workers of 5 for evacuation
[2022-05-06T05:58:41.119+0000][163][gc,age      ] GC(45) Desired survivor size 2097152 bytes, new threshold 1 (max threshold 15)
[2022-05-06T05:58:41.121+0000][163][gc,age      ] GC(45) Age table with threshold 1 (max threshold 15)
[2022-05-06T05:58:41.122+0000][163][gc,age      ] GC(45) - age   1:     521856 bytes,     521856 total
[2022-05-06T05:58:41.123+0000][163][gc,phases   ] GC(45)   Pre Evacuate Collection Set: 0.0ms
[2022-05-06T05:58:41.123+0000][163][gc,phases   ] GC(45)   Merge Heap Roots: 0.0ms
[2022-05-06T05:58:41.124+0000][163][gc,phases   ] GC(45)   Evacuate Collection Set: 1.4ms
[2022-05-06T05:58:41.125+0000][163][gc,phases   ] GC(45)   Post Evacuate Collection Set: 0.4ms
[2022-05-06T05:58:41.125+0000][163][gc,phases   ] GC(45)   Other: 4.0ms
[2022-05-06T05:58:41.126+0000][163][gc,heap     ] GC(45) Eden regions: 2->0(41)
[2022-05-06T05:58:41.126+0000][163][gc,heap     ] GC(45) Survivor regions: 4->1(1)
[2022-05-06T05:58:41.127+0000][163][gc,heap     ] GC(45) Old regions: 35->38
[2022-05-06T05:58:41.128+0000][163][gc,heap     ] GC(45) Archive regions: 2->2
[2022-05-06T05:58:41.129+0000][163][gc,heap     ] GC(45) Humongous regions: 8->8
[2022-05-06T05:58:41.129+0000][163][gc,metaspace] GC(45) Metaspace: 104427K(106048K)->104427K(106048K) NonClass: 90073K(91008K)->90073K(91008K) Class: 14354K(15040K)->14354K(15040K)
[2022-05-06T05:58:41.130+0000][163][gc          ] GC(45) Pause Young (Mixed) (G1 Evacuation Pause) 198M->186M(512M) 12.819ms
[2022-05-06T05:58:41.131+0000][163][gc,cpu      ] GC(45) User=0.01s Sys=0.01s Real=0.01s
[2022-05-06T05:58:41.131+0000][163][safepoint   ] Safepoint "G1CollectForAllocation", Time since last: 31465666 ns, Reaching safepoint: 82417 ns, At safepoint: 14610625 ns, Total: 14693042 ns
[2022-05-06T05:58:41.745+0000][163][gc,start    ] GC(46) Pause Young (Normal) (G1 Evacuation Pause)
[2022-05-06T05:58:41.746+0000][163][gc,task     ] GC(46) Using 5 workers of 5 for evacuation
[2022-05-06T05:58:41.747+0000][163][gc,age      ] GC(46) Desired survivor size 12582912 bytes, new threshold 15 (max threshold 15)
[2022-05-06T05:58:41.750+0000][163][gc,age      ] GC(46) Age table with threshold 15 (max threshold 15)
[2022-05-06T05:58:41.751+0000][163][gc,age      ] GC(46) - age   1:   14609296 bytes,   14609296 total
[2022-05-06T05:58:41.751+0000][163][gc,age      ] GC(46) - age   2:     387496 bytes,   14996792 total
[2022-05-06T05:58:41.752+0000][163][gc,phases   ] GC(46)   Pre Evacuate Collection Set: 0.3ms
[2022-05-06T05:58:41.753+0000][163][gc,phases   ] GC(46)   Merge Heap Roots: 0.2ms
[2022-05-06T05:58:41.753+0000][163][gc,phases   ] GC(46)   Evacuate Collection Set: 1.2ms
[2022-05-06T05:58:41.754+0000][163][gc,phases   ] GC(46)   Post Evacuate Collection Set: 0.7ms
[2022-05-06T05:58:41.754+0000][163][gc,phases   ] GC(46)   Other: 4.4ms
[2022-05-06T05:58:41.755+0000][163][gc,heap     ] GC(46) Eden regions: 41->0(39)
[2022-05-06T05:58:41.756+0000][163][gc,heap     ] GC(46) Survivor regions: 1->4(6)
[2022-05-06T05:58:41.757+0000][163][gc,heap     ] GC(46) Old regions: 38->38
[2022-05-06T05:58:41.758+0000][163][gc,heap     ] GC(46) Archive regions: 2->2
[2022-05-06T05:58:41.758+0000][163][gc,heap     ] GC(46) Humongous regions: 8->8
[2022-05-06T05:58:41.759+0000][163][gc,metaspace] GC(46) Metaspace: 104436K(106048K)->104436K(106048K) NonClass: 90082K(91008K)->90082K(91008K) Class: 14354K(15040K)->14354K(15040K)
[2022-05-06T05:58:41.759+0000][163][gc          ] GC(46) Pause Young (Normal) (G1 Evacuation Pause) 349M->200M(512M) 14.024ms
[2022-05-06T05:58:41.760+0000][163][gc,cpu      ] GC(46) User=0.00s Sys=0.00s Real=0.01s
[2022-05-06T05:58:41.761+0000][163][safepoint   ] Safepoint "G1CollectForAllocation", Time since last: 613654334 ns, Reaching safepoint: 71625 ns, At safepoint: 15292916 ns, Total: 15364541 ns
[2022-05-06T05:58:42.762+0000][163][safepoint   ] Safepoint "Cleanup", Time since last: 1000761418 ns, Reaching safepoint: 318666 ns, At safepoint: 22459 ns, Total: 341125 ns
[2022-05-06T05:58:42.816+0000][163][gc,start    ] GC(47) Pause Young (Normal) (G1 Evacuation Pause)
[2022-05-06T05:58:42.817+0000][163][gc,task     ] GC(47) Using 5 workers of 5 for evacuation
[2022-05-06T05:58:42.818+0000][163][gc,age      ] GC(47) Desired survivor size 12582912 bytes, new threshold 1 (max threshold 15)
[2022-05-06T05:58:42.821+0000][163][gc,age      ] GC(47) Age table with threshold 1 (max threshold 15)
[2022-05-06T05:58:42.822+0000][163][gc,age      ] GC(47) - age   1:   10724528 bytes,   10724528 total
[2022-05-06T05:58:42.822+0000][163][gc,phases   ] GC(47)   Pre Evacuate Collection Set: 0.1ms
[2022-05-06T05:58:42.823+0000][163][gc,phases   ] GC(47)   Merge Heap Roots: 0.0ms
[2022-05-06T05:58:42.824+0000][163][gc,phases   ] GC(47)   Evacuate Collection Set: 1.4ms
[2022-05-06T05:58:42.824+0000][163][gc,phases   ] GC(47)   Post Evacuate Collection Set: 0.7ms
[2022-05-06T05:58:42.825+0000][163][gc,phases   ] GC(47)   Other: 4.1ms
[2022-05-06T05:58:42.826+0000][163][gc,heap     ] GC(47) Eden regions: 39->0(40)
[2022-05-06T05:58:42.826+0000][163][gc,heap     ] GC(47) Survivor regions: 4->3(6)
[2022-05-06T05:58:42.827+0000][163][gc,heap     ] GC(47) Old regions: 38->39
[2022-05-06T05:58:42.827+0000][163][gc,heap     ] GC(47) Archive regions: 2->2
[2022-05-06T05:58:42.828+0000][163][gc,heap     ] GC(47) Humongous regions: 8->8
[2022-05-06T05:58:42.829+0000][163][gc,metaspace] GC(47) Metaspace: 104464K(106048K)->104464K(106048K) NonClass: 90110K(91008K)->90110K(91008K) Class: 14354K(15040K)->14354K(15040K)
[2022-05-06T05:58:42.830+0000][163][gc          ] GC(47) Pause Young (Normal) (G1 Evacuation Pause) 356M->198M(512M) 13.412ms
[2022-05-06T05:58:42.830+0000][163][gc,cpu      ] GC(47) User=0.01s Sys=0.00s Real=0.01s
[2022-05-06T05:58:42.831+0000][163][safepoint   ] Safepoint "G1CollectForAllocation", Time since last: 54269208 ns, Reaching safepoint: 204083 ns, At safepoint: 14810875 ns, Total: 15014958 ns
[2022-05-06T05:58:43.178+0000][163][gc,start    ] GC(48) Pause Young (Normal) (G1 Evacuation Pause)
[2022-05-06T05:58:43.179+0000][163][gc,task     ] GC(48) Using 5 workers of 5 for evacuation
[2022-05-06T05:58:43.181+0000][163][gc,age      ] GC(48) Desired survivor size 12582912 bytes, new threshold 15 (max threshold 15)
[2022-05-06T05:58:43.185+0000][163][gc,age      ] GC(48) Age table with threshold 15 (max threshold 15)
[2022-05-06T05:58:43.186+0000][163][gc,age      ] GC(48) - age   1:     442560 bytes,     442560 total
[2022-05-06T05:58:43.187+0000][163][gc,age      ] GC(48) - age   2:    9862040 bytes,   10304600 total
[2022-05-06T05:58:43.188+0000][163][gc,phases   ] GC(48)   Pre Evacuate Collection Set: 0.2ms
[2022-05-06T05:58:43.189+0000][163][gc,phases   ] GC(48)   Merge Heap Roots: 0.1ms
[2022-05-06T05:58:43.190+0000][163][gc,phases   ] GC(48)   Evacuate Collection Set: 1.4ms
[2022-05-06T05:58:43.191+0000][163][gc,phases   ] GC(48)   Post Evacuate Collection Set: 1.0ms
[2022-05-06T05:58:43.192+0000][163][gc,phases   ] GC(48)   Other: 7.7ms
[2022-05-06T05:58:43.196+0000][163][gc,heap     ] GC(48) Eden regions: 40->0(43)
[2022-05-06T05:58:43.197+0000][163][gc,heap     ] GC(48) Survivor regions: 3->3(6)
[2022-05-06T05:58:43.197+0000][163][gc,heap     ] GC(48) Old regions: 39->39
[2022-05-06T05:58:43.198+0000][163][gc,heap     ] GC(48) Archive regions: 2->2
[2022-05-06T05:58:43.200+0000][163][gc,heap     ] GC(48) Humongous regions: 8->8
[2022-05-06T05:58:43.201+0000][163][gc,metaspace] GC(48) Metaspace: 104493K(106048K)->104493K(106048K) NonClass: 90139K(91008K)->90139K(91008K) Class: 14354K(15040K)->14354K(15040K)
[2022-05-06T05:58:43.202+0000][163][gc          ] GC(48) Pause Young (Normal) (G1 Evacuation Pause) 358M->198M(512M) 23.725ms
[2022-05-06T05:58:43.203+0000][163][gc,cpu      ] GC(48) User=0.04s Sys=0.00s Real=0.03s
[2022-05-06T05:58:43.204+0000][163][safepoint   ] Safepoint "G1CollectForAllocation", Time since last: 346847084 ns, Reaching safepoint: 148250 ns, At safepoint: 25814875 ns, Total: 25963125 ns
[2022-05-06T05:58:44.206+0000][163][safepoint   ] Safepoint "Cleanup", Time since last: 1001368709 ns, Reaching safepoint: 514833 ns, At safepoint: 8333 ns, Total: 523166 ns
[2022-05-06T05:58:45.478+0000][163][safepoint   ] Safepoint "ICBufferFull", Time since last: 1272207376 ns, Reaching safepoint: 212250 ns, At safepoint: 3292 ns, Total: 215542 ns
[2022-05-06T05:58:45.594+0000][163][gc,start    ] GC(49) Pause Young (Normal) (G1 Evacuation Pause)
[2022-05-06T05:58:45.596+0000][163][gc,task     ] GC(49) Using 5 workers of 5 for evacuation
[2022-05-06T05:58:45.597+0000][163][gc,age      ] GC(49) Desired survivor size 12582912 bytes, new threshold 15 (max threshold 15)
[2022-05-06T05:58:45.601+0000][163][gc,age      ] GC(49) Age table with threshold 15 (max threshold 15)
[2022-05-06T05:58:45.602+0000][163][gc,age      ] GC(49) - age   1:    4045224 bytes,    4045224 total
[2022-05-06T05:58:45.603+0000][163][gc,age      ] GC(49) - age   2:     319872 bytes,    4365096 total
[2022-05-06T05:58:45.605+0000][163][gc,age      ] GC(49) - age   3:    9800272 bytes,   14165368 total
[2022-05-06T05:58:45.606+0000][163][gc,phases   ] GC(49)   Pre Evacuate Collection Set: 0.2ms
[2022-05-06T05:58:45.607+0000][163][gc,phases   ] GC(49)   Merge Heap Roots: 0.1ms
[2022-05-06T05:58:45.608+0000][163][gc,phases   ] GC(49)   Evacuate Collection Set: 1.8ms
[2022-05-06T05:58:45.609+0000][163][gc,phases   ] GC(49)   Post Evacuate Collection Set: 0.7ms
[2022-05-06T05:58:45.610+0000][163][gc,phases   ] GC(49)   Other: 8.8ms
[2022-05-06T05:58:45.610+0000][163][gc,heap     ] GC(49) Eden regions: 43->0(44)
[2022-05-06T05:58:45.611+0000][163][gc,heap     ] GC(49) Survivor regions: 3->4(6)
[2022-05-06T05:58:45.611+0000][163][gc,heap     ] GC(49) Old regions: 39->39
[2022-05-06T05:58:45.612+0000][163][gc,heap     ] GC(49) Archive regions: 2->2
[2022-05-06T05:58:45.612+0000][163][gc,heap     ] GC(49) Humongous regions: 8->8
[2022-05-06T05:58:45.613+0000][163][gc,metaspace] GC(49) Metaspace: 104689K(106240K)->104689K(106240K) NonClass: 90319K(91200K)->90319K(91200K) Class: 14370K(15040K)->14370K(15040K)
[2022-05-06T05:58:45.614+0000][163][gc          ] GC(49) Pause Young (Normal) (G1 Evacuation Pause) 370M->202M(512M) 19.586ms
[2022-05-06T05:58:45.614+0000][163][gc,cpu      ] GC(49) User=0.02s Sys=0.00s Real=0.02s
[2022-05-06T05:58:45.615+0000][163][safepoint   ] Safepoint "G1CollectForAllocation", Time since last: 116006791 ns, Reaching safepoint: 93625 ns, At safepoint: 20955459 ns, Total: 21049084 ns
[2022-05-06T05:58:46.617+0000][163][safepoint   ] Safepoint "Cleanup", Time since last: 1001670833 ns, Reaching safepoint: 120709 ns, At safepoint: 2333 ns, Total: 123042 ns
[2022-05-06T05:58:46.793+0000][163][gc,start    ] GC(50) Pause Young (Normal) (G1 Evacuation Pause)
[2022-05-06T05:58:46.794+0000][163][gc,task     ] GC(50) Using 5 workers of 5 for evacuation
[2022-05-06T05:58:46.795+0000][163][gc,age      ] GC(50) Desired survivor size 12582912 bytes, new threshold 3 (max threshold 15)
[2022-05-06T05:58:46.799+0000][163][gc,age      ] GC(50) Age table with threshold 3 (max threshold 15)
[2022-05-06T05:58:46.801+0000][163][gc,age      ] GC(50) - age   1:   12539656 bytes,   12539656 total
[2022-05-06T05:58:46.802+0000][163][gc,age      ] GC(50) - age   2:    2262424 bytes,   14802080 total
[2022-05-06T05:58:46.803+0000][163][gc,age      ] GC(50) - age   3:     319872 bytes,   15121952 total
[2022-05-06T05:58:46.804+0000][163][gc,phases   ] GC(50)   Pre Evacuate Collection Set: 0.1ms
[2022-05-06T05:58:46.804+0000][163][gc,phases   ] GC(50)   Merge Heap Roots: 0.0ms
[2022-05-06T05:58:46.805+0000][163][gc,phases   ] GC(50)   Evacuate Collection Set: 2.0ms
[2022-05-06T05:58:46.806+0000][163][gc,phases   ] GC(50)   Post Evacuate Collection Set: 0.4ms
[2022-05-06T05:58:46.807+0000][163][gc,phases   ] GC(50)   Other: 7.6ms
[2022-05-06T05:58:46.807+0000][163][gc,heap     ] GC(50) Eden regions: 44->0(42)
[2022-05-06T05:58:46.808+0000][163][gc,heap     ] GC(50) Survivor regions: 4->4(6)
[2022-05-06T05:58:46.809+0000][163][gc,heap     ] GC(50) Old regions: 39->41
[2022-05-06T05:58:46.809+0000][163][gc,heap     ] GC(50) Archive regions: 2->2
[2022-05-06T05:58:46.810+0000][163][gc,heap     ] GC(50) Humongous regions: 8->8
[2022-05-06T05:58:46.810+0000][163][gc,metaspace] GC(50) Metaspace: 104754K(106304K)->104754K(106304K) NonClass: 90383K(91264K)->90383K(91264K) Class: 14370K(15040K)->14370K(15040K)
[2022-05-06T05:58:46.811+0000][163][gc          ] GC(50) Pause Young (Normal) (G1 Evacuation Pause) 378M->212M(512M) 17.618ms
[2022-05-06T05:58:46.812+0000][163][gc,cpu      ] GC(50) User=0.00s Sys=0.00s Real=0.01s
[2022-05-06T05:58:46.812+0000][163][safepoint   ] Safepoint "G1CollectForAllocation", Time since last: 176375333 ns, Reaching safepoint: 94959 ns, At safepoint: 18954250 ns, Total: 19049209 ns
[2022-05-06T05:58:47.312+0000][163][gc,start    ] GC(51) Pause Young (Concurrent Start) (G1 Evacuation Pause)
[2022-05-06T05:58:47.313+0000][163][gc,task     ] GC(51) Using 5 workers of 5 for evacuation
[2022-05-06T05:58:47.314+0000][163][gc,age      ] GC(51) Desired survivor size 12582912 bytes, new threshold 2 (max threshold 15)
[2022-05-06T05:58:47.317+0000][163][gc,age      ] GC(51) Age table with threshold 2 (max threshold 15)
[2022-05-06T05:58:47.318+0000][163][gc,age      ] GC(51) - age   1:    2334352 bytes,    2334352 total
[2022-05-06T05:58:47.319+0000][163][gc,age      ] GC(51) - age   2:   10819560 bytes,   13153912 total
[2022-05-06T05:58:47.320+0000][163][gc,phases   ] GC(51)   Pre Evacuate Collection Set: 0.4ms
[2022-05-06T05:58:47.321+0000][163][gc,phases   ] GC(51)   Merge Heap Roots: 0.1ms
[2022-05-06T05:58:47.321+0000][163][gc,phases   ] GC(51)   Evacuate Collection Set: 2.0ms
[2022-05-06T05:58:47.322+0000][163][gc,phases   ] GC(51)   Post Evacuate Collection Set: 0.6ms
[2022-05-06T05:58:47.322+0000][163][gc,phases   ] GC(51)   Other: 4.7ms
[2022-05-06T05:58:47.323+0000][163][gc,heap     ] GC(51) Eden regions: 42->0(43)
[2022-05-06T05:58:47.324+0000][163][gc,heap     ] GC(51) Survivor regions: 4->4(6)
[2022-05-06T05:58:47.324+0000][163][gc,heap     ] GC(51) Old regions: 41->42
[2022-05-06T05:58:47.325+0000][163][gc,heap     ] GC(51) Archive regions: 2->2
[2022-05-06T05:58:47.326+0000][163][gc,heap     ] GC(51) Humongous regions: 8->8
[2022-05-06T05:58:47.326+0000][163][gc,metaspace] GC(51) Metaspace: 104784K(106368K)->104784K(106368K) NonClass: 90414K(91328K)->90414K(91328K) Class: 14370K(15040K)->14370K(15040K)
[2022-05-06T05:58:47.327+0000][163][gc          ] GC(51) Pause Young (Concurrent Start) (G1 Evacuation Pause) 380M->213M(512M) 14.893ms
[2022-05-06T05:58:47.328+0000][163][gc,cpu      ] GC(51) User=0.01s Sys=0.00s Real=0.02s
[2022-05-06T05:58:47.328+0000][163][safepoint   ] Safepoint "G1CollectForAllocation", Time since last: 499648583 ns, Reaching safepoint: 257875 ns, At safepoint: 16234334 ns, Total: 16492209 ns
[2022-05-06T05:58:47.328+0000][163][gc          ] GC(52) Concurrent Mark Cycle
[2022-05-06T05:58:47.330+0000][163][gc,marking  ] GC(52) Concurrent Clear Claimed Marks
[2022-05-06T05:58:47.331+0000][163][gc,marking  ] GC(52) Concurrent Clear Claimed Marks 1.092ms
[2022-05-06T05:58:47.334+0000][163][gc,marking  ] GC(52) Concurrent Scan Root Regions
[2022-05-06T05:58:47.337+0000][163][gc,marking  ] GC(52) Concurrent Scan Root Regions 3.255ms
[2022-05-06T05:58:47.338+0000][163][gc,marking  ] GC(52) Concurrent Mark
[2022-05-06T05:58:47.340+0000][163][gc,marking  ] GC(52) Concurrent Mark From Roots
[2022-05-06T05:58:47.342+0000][163][gc,task     ] GC(52) Using 1 workers of 1 for marking
[2022-05-06T05:58:47.422+0000][163][gc,marking  ] GC(52) Concurrent Mark From Roots 82.311ms
[2022-05-06T05:58:47.423+0000][163][gc,marking  ] GC(52) Concurrent Preclean
[2022-05-06T05:58:47.424+0000][163][gc,marking  ] GC(52) Concurrent Preclean 1.409ms
[2022-05-06T05:58:47.427+0000][163][gc,start    ] GC(52) Pause Remark
[2022-05-06T05:58:47.432+0000][163][gc          ] GC(52) Pause Remark 266M->262M(512M) 5.346ms
[2022-05-06T05:58:47.433+0000][163][gc,cpu      ] GC(52) User=0.02s Sys=0.00s Real=0.01s
[2022-05-06T05:58:47.434+0000][163][safepoint   ] Safepoint "G1Concurrent", Time since last: 98195750 ns, Reaching safepoint: 185375 ns, At safepoint: 7025291 ns, Total: 7210666 ns
[2022-05-06T05:58:47.446+0000][163][gc,marking  ] GC(52) Concurrent Mark 107.422ms
[2022-05-06T05:58:47.458+0000][163][gc,marking  ] GC(52) Concurrent Rebuild Remembered Sets
[2022-05-06T05:58:47.504+0000][163][gc,marking  ] GC(52) Concurrent Rebuild Remembered Sets 45.739ms
[2022-05-06T05:58:47.505+0000][163][gc,start    ] GC(52) Pause Cleanup
[2022-05-06T05:58:47.506+0000][163][gc          ] GC(52) Pause Cleanup 270M->270M(512M) 0.871ms
[2022-05-06T05:58:47.507+0000][163][gc,cpu      ] GC(52) User=0.00s Sys=0.00s Real=0.00s
[2022-05-06T05:58:47.507+0000][163][safepoint   ] Safepoint "G1Concurrent", Time since last: 71159459 ns, Reaching safepoint: 268708 ns, At safepoint: 2019084 ns, Total: 2287792 ns
[2022-05-06T05:58:47.508+0000][163][gc,marking  ] GC(52) Concurrent Cleanup for Next Mark
[2022-05-06T05:58:47.510+0000][163][gc,marking  ] GC(52) Concurrent Cleanup for Next Mark 1.552ms
[2022-05-06T05:58:47.511+0000][163][gc          ] GC(52) Concurrent Mark Cycle 182.328ms
[2022-05-06T05:58:47.613+0000][163][gc,start    ] GC(53) Pause Young (Prepare Mixed) (G1 Evacuation Pause)
[2022-05-06T05:58:47.614+0000][163][gc,task     ] GC(53) Using 5 workers of 5 for evacuation
[2022-05-06T05:58:47.615+0000][163][gc,age      ] GC(53) Desired survivor size 12582912 bytes, new threshold 2 (max threshold 15)
[2022-05-06T05:58:47.618+0000][163][gc,age      ] GC(53) Age table with threshold 2 (max threshold 15)
[2022-05-06T05:58:47.619+0000][163][gc,age      ] GC(53) - age   1:    1144760 bytes,    1144760 total
[2022-05-06T05:58:47.619+0000][163][gc,age      ] GC(53) - age   2:    1464720 bytes,    2609480 total
[2022-05-06T05:58:47.620+0000][163][gc,phases   ] GC(53)   Pre Evacuate Collection Set: 0.2ms
[2022-05-06T05:58:47.621+0000][163][gc,phases   ] GC(53)   Merge Heap Roots: 0.2ms
[2022-05-06T05:58:47.622+0000][163][gc,phases   ] GC(53)   Evacuate Collection Set: 1.6ms
[2022-05-06T05:58:47.622+0000][163][gc,phases   ] GC(53)   Post Evacuate Collection Set: 0.7ms
[2022-05-06T05:58:47.623+0000][163][gc,phases   ] GC(53)   Other: 4.8ms
[2022-05-06T05:58:47.623+0000][163][gc,heap     ] GC(53) Eden regions: 43->0(5)
[2022-05-06T05:58:47.624+0000][163][gc,heap     ] GC(53) Survivor regions: 4->1(6)
[2022-05-06T05:58:47.624+0000][163][gc,heap     ] GC(53) Old regions: 42->44
[2022-05-06T05:58:47.625+0000][163][gc,heap     ] GC(53) Archive regions: 2->2
[2022-05-06T05:58:47.625+0000][163][gc,heap     ] GC(53) Humongous regions: 7->7
[2022-05-06T05:58:47.626+0000][163][gc,metaspace] GC(53) Metaspace: 104793K(106368K)->104793K(106368K) NonClass: 90423K(91328K)->90423K(91328K) Class: 14370K(15040K)->14370K(15040K)
[2022-05-06T05:58:47.626+0000][163][gc          ] GC(53) Pause Young (Prepare Mixed) (G1 Evacuation Pause) 381M->209M(512M) 13.518ms
[2022-05-06T05:58:47.627+0000][163][gc,cpu      ] GC(53) User=0.01s Sys=0.00s Real=0.01s
[2022-05-06T05:58:47.627+0000][163][safepoint   ] Safepoint "G1CollectForAllocation", Time since last: 105265375 ns, Reaching safepoint: 303708 ns, At safepoint: 14599083 ns, Total: 14902791 ns
[2022-05-06T05:58:47.829+0000][163][gc,start    ] GC(54) Pause Young (Mixed) (G1 Evacuation Pause)
[2022-05-06T05:58:47.830+0000][163][gc,task     ] GC(54) Using 5 workers of 5 for evacuation
[2022-05-06T05:58:47.830+0000][163][gc,age      ] GC(54) Desired survivor size 2097152 bytes, new threshold 2 (max threshold 15)
[2022-05-06T05:58:47.834+0000][163][gc,age      ] GC(54) Age table with threshold 2 (max threshold 15)
[2022-05-06T05:58:47.835+0000][163][gc,age      ] GC(54) - age   1:     348376 bytes,     348376 total
[2022-05-06T05:58:47.836+0000][163][gc,age      ] GC(54) - age   2:     148296 bytes,     496672 total
[2022-05-06T05:58:47.836+0000][163][gc,phases   ] GC(54)   Pre Evacuate Collection Set: 0.1ms
[2022-05-06T05:58:47.837+0000][163][gc,phases   ] GC(54)   Merge Heap Roots: 0.3ms
[2022-05-06T05:58:47.838+0000][163][gc,phases   ] GC(54)   Evacuate Collection Set: 1.4ms
[2022-05-06T05:58:47.838+0000][163][gc,phases   ] GC(54)   Post Evacuate Collection Set: 0.8ms
[2022-05-06T05:58:47.839+0000][163][gc,phases   ] GC(54)   Other: 4.6ms
[2022-05-06T05:58:47.840+0000][163][gc,heap     ] GC(54) Eden regions: 5->0(54)
[2022-05-06T05:58:47.841+0000][163][gc,heap     ] GC(54) Survivor regions: 1->1(1)
[2022-05-06T05:58:47.841+0000][163][gc,heap     ] GC(54) Old regions: 44->35
[2022-05-06T05:58:47.842+0000][163][gc,heap     ] GC(54) Archive regions: 2->2
[2022-05-06T05:58:47.843+0000][163][gc,heap     ] GC(54) Humongous regions: 7->7
[2022-05-06T05:58:47.843+0000][163][gc,metaspace] GC(54) Metaspace: 104807K(106432K)->104807K(106432K) NonClass: 90436K(91392K)->90436K(91392K) Class: 14370K(15040K)->14370K(15040K)
[2022-05-06T05:58:47.844+0000][163][gc          ] GC(54) Pause Young (Mixed) (G1 Evacuation Pause) 229M->171M(512M) 14.669ms
[2022-05-06T05:58:47.845+0000][163][gc,cpu      ] GC(54) User=0.01s Sys=0.01s Real=0.02s
[2022-05-06T05:58:47.845+0000][163][safepoint   ] Safepoint "G1CollectForAllocation", Time since last: 201456084 ns, Reaching safepoint: 169208 ns, At safepoint: 16152917 ns, Total: 16322125 ns
[2022-05-06T05:58:48.846+0000][163][safepoint   ] Safepoint "Cleanup", Time since last: 1000874250 ns, Reaching safepoint: 175292 ns, At safepoint: 5500 ns, Total: 180792 ns
[2022-05-06T05:58:49.848+0000][163][safepoint   ] Safepoint "Cleanup", Time since last: 1001456167 ns, Reaching safepoint: 127208 ns, At safepoint: 6000 ns, Total: 133208 ns
[2022-05-06T05:58:50.849+0000][163][safepoint   ] Safepoint "Cleanup", Time since last: 1001050084 ns, Reaching safepoint: 127625 ns, At safepoint: 8250 ns, Total: 135875 ns
[2022-05-06T05:58:51.851+0000][163][safepoint   ] Safepoint "Cleanup", Time since last: 1002649958 ns, Reaching safepoint: 168292 ns, At safepoint: 5083 ns, Total: 173375 ns
[2022-05-06T05:58:57.867+0000][163][safepoint   ] Safepoint "Cleanup", Time since last: 6015247003 ns, Reaching safepoint: 524125 ns, At safepoint: 25375 ns, Total: 549500 ns
[2022-05-06T05:58:58.880+0000][163][safepoint   ] Safepoint "Cleanup", Time since last: 1012437167 ns, Reaching safepoint: 150542 ns, At safepoint: 5083 ns, Total: 155625 ns
[2022-05-06T05:58:59.896+0000][163][safepoint   ] Safepoint "Cleanup", Time since last: 1002788334 ns, Reaching safepoint: 13249750 ns, At safepoint: 21458 ns, Total: 13271208 ns
[2022-05-06T05:59:02.910+0000][163][safepoint   ] Safepoint "Cleanup", Time since last: 3013237502 ns, Reaching safepoint: 435333 ns, At safepoint: 12000 ns, Total: 447333 ns
[2022-05-06T05:59:13.951+0000][163][safepoint   ] Safepoint "Cleanup", Time since last: 11040732047 ns, Reaching safepoint: 370375 ns, At safepoint: 13375 ns, Total: 383750 ns
[2022-05-06T05:59:24.978+0000][163][safepoint   ] Safepoint "Cleanup", Time since last: 11025672380 ns, Reaching safepoint: 345792 ns, At safepoint: 11875 ns, Total: 357667 ns
[2022-05-06T05:59:35.028+0000][163][safepoint   ] Safepoint "Cleanup", Time since last: 10049419380 ns, Reaching safepoint: 326875 ns, At safepoint: 10666 ns, Total: 337541 ns
[2022-05-06T05:59:36.034+0000][163][safepoint   ] Safepoint "Cleanup", Time since last: 1005525667 ns, Reaching safepoint: 854375 ns, At safepoint: 18625 ns, Total: 873000 ns
[2022-05-06T05:59:48.080+0000][163][safepoint   ] Safepoint "Cleanup", Time since last: 12044266089 ns, Reaching safepoint: 1476250 ns, At safepoint: 44792 ns, Total: 1521042 ns
[2022-05-06T05:59:53.362+0000][163][safepoint   ] Safepoint "Cleanup", Time since last: 5284106752 ns, Reaching safepoint: 352000 ns, At safepoint: 18708 ns, Total: 370708 ns
[2022-05-06T05:59:54.371+0000][163][safepoint   ] Safepoint "Cleanup", Time since last: 1007903792 ns, Reaching safepoint: 915584 ns, At safepoint: 11833 ns, Total: 927417 ns
[2022-05-06T05:59:55.567+0000][163][safepoint   ] Safepoint "Cleanup", Time since last: 1195103126 ns, Reaching safepoint: 598541 ns, At safepoint: 12959 ns, Total: 611500 ns
[2022-05-06T05:59:56.583+0000][163][safepoint   ] Safepoint "Cleanup", Time since last: 1014472459 ns, Reaching safepoint: 1132666 ns, At safepoint: 23292 ns, Total: 1155958 ns
[2022-05-06T05:59:58.608+0000][163][safepoint   ] Safepoint "Cleanup", Time since last: 2025021417 ns, Reaching safepoint: 409375 ns, At safepoint: 15834 ns, Total: 425209 ns
[2022-05-06T05:59:59.616+0000][163][safepoint   ] Safepoint "Cleanup", Time since last: 1008304542 ns, Reaching safepoint: 161208 ns, At safepoint: 5959 ns, Total: 167167 ns
[2022-05-06T06:00:07.631+0000][163][safepoint   ] Safepoint "Cleanup", Time since last: 8014558628 ns, Reaching safepoint: 439584 ns, At safepoint: 18583 ns, Total: 458167 ns
[2022-05-06T06:00:08.644+0000][163][safepoint   ] Safepoint "Cleanup", Time since last: 1011904626 ns, Reaching safepoint: 270833 ns, At safepoint: 10875 ns, Total: 281708 ns
[2022-05-06T06:00:10.651+0000][163][safepoint   ] Safepoint "Cleanup", Time since last: 2006077209 ns, Reaching safepoint: 800375 ns, At safepoint: 14250 ns, Total: 814625 ns
[2022-05-06T06:00:11.660+0000][163][safepoint   ] Safepoint "Cleanup", Time since last: 1009418292 ns, Reaching safepoint: 461334 ns, At safepoint: 9791 ns, Total: 471125 ns
[2022-05-06T06:00:27.699+0000][163][safepoint   ] Safepoint "Cleanup", Time since last: 16039402133 ns, Reaching safepoint: 299416 ns, At safepoint: 7334 ns, Total: 306750 ns
[2022-05-06T06:00:29.710+0000][163][safepoint   ] Safepoint "Cleanup", Time since last: 2010486709 ns, Reaching safepoint: 496833 ns, At safepoint: 21292 ns, Total: 518125 ns
[2022-05-06T06:00:35.731+0000][163][safepoint   ] Safepoint "Cleanup", Time since last: 6020105670 ns, Reaching safepoint: 273041 ns, At safepoint: 13250 ns, Total: 286291 ns
[2022-05-06T06:00:36.749+0000][163][safepoint   ] Safepoint "Cleanup", Time since last: 1016379834 ns, Reaching safepoint: 1777458 ns, At safepoint: 18792 ns, Total: 1796250 ns
[2022-05-06T06:00:41.770+0000][163][safepoint   ] Safepoint "Cleanup", Time since last: 5020561586 ns, Reaching safepoint: 180375 ns, At safepoint: 7000 ns, Total: 187375 ns
[2022-05-06T06:00:47.789+0000][163][safepoint   ] Safepoint "Cleanup", Time since last: 6018839378 ns, Reaching safepoint: 221083 ns, At safepoint: 10167 ns, Total: 231250 ns
[2022-05-06T06:00:58.828+0000][163][safepoint   ] Safepoint "Cleanup", Time since last: 11037584130 ns, Reaching safepoint: 2787833 ns, At safepoint: 66667 ns, Total: 2854500 ns
[2022-05-06T06:01:01.053+0000][163][gc,start    ] GC(55) Pause Young (Normal) (G1 Evacuation Pause)
[2022-05-06T06:01:01.056+0000][163][gc,task     ] GC(55) Using 5 workers of 5 for evacuation
[2022-05-06T06:01:01.059+0000][163][gc,age      ] GC(55) Desired survivor size 14680064 bytes, new threshold 15 (max threshold 15)
[2022-05-06T06:01:01.068+0000][163][gc,age      ] GC(55) Age table with threshold 15 (max threshold 15)
[2022-05-06T06:01:01.069+0000][163][gc,age      ] GC(55) - age   1:    2286456 bytes,    2286456 total
[2022-05-06T06:01:01.070+0000][163][gc,age      ] GC(55) - age   2:     311800 bytes,    2598256 total
[2022-05-06T06:01:01.071+0000][163][gc,age      ] GC(55) - age   3:      76544 bytes,    2674800 total
[2022-05-06T06:01:01.072+0000][163][gc,phases   ] GC(55)   Pre Evacuate Collection Set: 0.4ms
[2022-05-06T06:01:01.074+0000][163][gc,phases   ] GC(55)   Merge Heap Roots: 0.1ms
[2022-05-06T06:01:01.076+0000][163][gc,phases   ] GC(55)   Evacuate Collection Set: 2.2ms
[2022-05-06T06:01:01.076+0000][163][gc,phases   ] GC(55)   Post Evacuate Collection Set: 1.0ms
[2022-05-06T06:01:01.077+0000][163][gc,phases   ] GC(55)   Other: 15.1ms
[2022-05-06T06:01:01.078+0000][163][gc,heap     ] GC(55) Eden regions: 54->0(56)
[2022-05-06T06:01:01.079+0000][163][gc,heap     ] GC(55) Survivor regions: 1->1(7)
[2022-05-06T06:01:01.080+0000][163][gc,heap     ] GC(55) Old regions: 35->35
[2022-05-06T06:01:01.081+0000][163][gc,heap     ] GC(55) Archive regions: 2->2
[2022-05-06T06:01:01.081+0000][163][gc,heap     ] GC(55) Humongous regions: 7->7
[2022-05-06T06:01:01.082+0000][163][gc,metaspace] GC(55) Metaspace: 106131K(107648K)->106131K(107648K) NonClass: 91587K(92480K)->91587K(92480K) Class: 14543K(15168K)->14543K(15168K)
[2022-05-06T06:01:01.083+0000][163][gc          ] GC(55) Pause Young (Normal) (G1 Evacuation Pause) 387M->173M(512M) 29.730ms
[2022-05-06T06:01:01.084+0000][163][gc,cpu      ] GC(55) User=0.01s Sys=0.00s Real=0.03s
[2022-05-06T06:01:01.085+0000][163][safepoint   ] Safepoint "G1CollectForAllocation", Time since last: 2225225376 ns, Reaching safepoint: 93833 ns, At safepoint: 31706583 ns, Total: 31800416 ns
[2022-05-06T06:01:03.092+0000][163][safepoint   ] Safepoint "Cleanup", Time since last: 2006796168 ns, Reaching safepoint: 730542 ns, At safepoint: 19541 ns, Total: 750083 ns
[2022-05-06T06:01:04.108+0000][163][safepoint   ] Safepoint "Cleanup", Time since last: 1014884876 ns, Reaching safepoint: 618708 ns, At safepoint: 15250 ns, Total: 633958 ns
[2022-05-06T06:01:08.123+0000][163][safepoint   ] Safepoint "Cleanup", Time since last: 4014264585 ns, Reaching safepoint: 436084 ns, At safepoint: 17291 ns, Total: 453375 ns
[2022-05-06T06:01:09.136+0000][163][safepoint   ] Safepoint "Cleanup", Time since last: 1012535292 ns, Reaching safepoint: 466084 ns, At safepoint: 16458 ns, Total: 482542 ns
[2022-05-06T06:01:10.147+0000][163][safepoint   ] Safepoint "Cleanup", Time since last: 1010588834 ns, Reaching safepoint: 279000 ns, At safepoint: 10708 ns, Total: 289708 ns
[2022-05-06T06:01:11.154+0000][163][safepoint   ] Safepoint "Cleanup", Time since last: 1007403084 ns, Reaching safepoint: 546083 ns, At safepoint: 20417 ns, Total: 566500 ns
[2022-05-06T06:01:13.160+0000][163][safepoint   ] Safepoint "Cleanup", Time since last: 2005588043 ns, Reaching safepoint: 329291 ns, At safepoint: 14542 ns, Total: 343833 ns
[2022-05-06T06:01:30.207+0000][163][safepoint   ] Safepoint "Cleanup", Time since last: 17045691758 ns, Reaching safepoint: 551541 ns, At safepoint: 46417 ns, Total: 597958 ns
[2022-05-06T06:01:36.240+0000][163][safepoint   ] Safepoint "Cleanup", Time since last: 6031828461 ns, Reaching safepoint: 433583 ns, At safepoint: 7542 ns, Total: 441125 ns
[2022-05-06T06:01:51.278+0000][163][safepoint   ] Safepoint "Cleanup", Time since last: 15037433757 ns, Reaching safepoint: 724417 ns, At safepoint: 10458 ns, Total: 734875 ns
[2022-05-06T06:02:27.375+0000][163][safepoint   ] Safepoint "Cleanup", Time since last: 36092001850 ns, Reaching safepoint: 345875 ns, At safepoint: 8292 ns, Total: 354167 ns
[2022-05-06T06:02:30.408+0000][163][safepoint   ] Safepoint "Cleanup", Time since last: 3009931710 ns, Reaching safepoint: 23828750 ns, At safepoint: 47875 ns, Total: 23876625 ns
[2022-05-06T06:02:36.420+0000][163][safepoint   ] Safepoint "Cleanup", Time since last: 6011281503 ns, Reaching safepoint: 323625 ns, At safepoint: 12625 ns, Total: 336250 ns
[2022-05-06T06:02:44.445+0000][163][safepoint   ] Safepoint "Cleanup", Time since last: 8022100962 ns, Reaching safepoint: 2501416 ns, At safepoint: 86959 ns, Total: 2588375 ns
[2022-05-06T06:02:45.447+0000][163][safepoint   ] Safepoint "Cleanup", Time since last: 1001763917 ns, Reaching safepoint: 307541 ns, At safepoint: 12292 ns, Total: 319833 ns
[2022-05-06T06:02:46.459+0000][163][safepoint   ] Safepoint "Cleanup", Time since last: 1012126542 ns, Reaching safepoint: 122292 ns, At safepoint: 27167 ns, Total: 149459 ns
[2022-05-06T06:02:48.465+0000][163][safepoint   ] Safepoint "Cleanup", Time since last: 2005982626 ns, Reaching safepoint: 179333 ns, At safepoint: 4042 ns, Total: 183375 ns
[2022-05-06T06:02:50.470+0000][163][safepoint   ] Safepoint "Cleanup", Time since last: 2003813834 ns, Reaching safepoint: 476583 ns, At safepoint: 18084 ns, Total: 494667 ns
[2022-05-06T06:02:51.479+0000][163][safepoint   ] Safepoint "Cleanup", Time since last: 1009360792 ns, Reaching safepoint: 482208 ns, At safepoint: 16875 ns, Total: 499083 ns
[2022-05-06T06:02:53.487+0000][163][safepoint   ] Safepoint "Cleanup", Time since last: 2012801583 ns, Reaching safepoint: 383667 ns, At safepoint: 8750 ns, Total: 392417 ns
[2022-05-06T06:03:00.505+0000][163][safepoint   ] Safepoint "Cleanup", Time since last: 7017603003 ns, Reaching safepoint: 1108084 ns, At safepoint: 7833 ns, Total: 1115917 ns
[2022-05-06T06:03:01.509+0000][163][safepoint   ] Safepoint "Cleanup", Time since last: 1003336084 ns, Reaching safepoint: 86250 ns, At safepoint: 3500 ns, Total: 89750 ns
[2022-05-06T06:03:05.515+0000][163][safepoint   ] Safepoint "Cleanup", Time since last: 4005926793 ns, Reaching safepoint: 257875 ns, At safepoint: 19250 ns, Total: 277125 ns
[2022-05-06T06:03:06.518+0000][163][safepoint   ] Safepoint "Cleanup", Time since last: 1002422084 ns, Reaching safepoint: 189250 ns, At safepoint: 7250 ns, Total: 196500 ns
[2022-05-06T06:03:08.524+0000][163][safepoint   ] Safepoint "Cleanup", Time since last: 2004894460 ns, Reaching safepoint: 990250 ns, At safepoint: 16833 ns, Total: 1007083 ns
[2022-05-06T06:03:11.539+0000][163][safepoint   ] Safepoint "Cleanup", Time since last: 3014809876 ns, Reaching safepoint: 427959 ns, At safepoint: 12416 ns, Total: 440375 ns
[2022-05-06T06:03:35.588+0000][163][safepoint   ] Safepoint "Cleanup", Time since last: 24048512511 ns, Reaching safepoint: 1216792 ns, At safepoint: 16958 ns, Total: 1233750 ns
[2022-05-06T06:03:37.601+0000][163][safepoint   ] Safepoint "Cleanup", Time since last: 2012121876 ns, Reaching safepoint: 357500 ns, At safepoint: 11375 ns, Total: 368875 ns
[2022-05-06T06:03:43.614+0000][163][safepoint   ] Safepoint "Cleanup", Time since last: 6013314878 ns, Reaching safepoint: 193792 ns, At safepoint: 12083 ns, Total: 205875 ns
[2022-05-06T06:03:48.638+0000][163][safepoint   ] Safepoint "Cleanup", Time since last: 5023698503 ns, Reaching safepoint: 142458 ns, At safepoint: 12625 ns, Total: 155083 ns
[2022-05-06T06:03:59.684+0000][163][safepoint   ] Safepoint "Cleanup", Time since last: 11045348505 ns, Reaching safepoint: 168000 ns, At safepoint: 7750 ns, Total: 175750 ns
[2022-05-06T06:04:05.703+0000][163][safepoint   ] Safepoint "Cleanup", Time since last: 6018856336 ns, Reaching safepoint: 227541 ns, At safepoint: 4792 ns, Total: 232333 ns
[2022-05-06T06:04:06.711+0000][163][safepoint   ] Safepoint "Cleanup", Time since last: 1007370792 ns, Reaching safepoint: 842459 ns, At safepoint: 19166 ns, Total: 861625 ns
[2022-05-06T06:04:07.723+0000][163][safepoint   ] Safepoint "Cleanup", Time since last: 1011022251 ns, Reaching safepoint: 483125 ns, At safepoint: 14375 ns, Total: 497500 ns
[2022-05-06T06:04:08.738+0000][163][safepoint   ] Safepoint "Cleanup", Time since last: 1014937834 ns, Reaching safepoint: 707125 ns, At safepoint: 101541 ns, Total: 808666 ns
[2022-05-06T06:04:10.747+0000][163][safepoint   ] Safepoint "Cleanup", Time since last: 2007545918 ns, Reaching safepoint: 949000 ns, At safepoint: 10000 ns, Total: 959000 ns
[2022-05-06T06:04:15.763+0000][163][safepoint   ] Safepoint "Cleanup", Time since last: 5014056169 ns, Reaching safepoint: 1736833 ns, At safepoint: 14209 ns, Total: 1751042 ns
[2022-05-06T06:04:23.801+0000][163][safepoint   ] Safepoint "Cleanup", Time since last: 8036008253 ns, Reaching safepoint: 241208 ns, At safepoint: 9459 ns, Total: 250667 ns
[2022-05-06T06:04:35.837+0000][163][safepoint   ] Safepoint "Cleanup", Time since last: 12035407089 ns, Reaching safepoint: 503083 ns, At safepoint: 18250 ns, Total: 521333 ns
[2022-05-06T06:05:03.917+0000][163][safepoint   ] Safepoint "Cleanup", Time since last: 28083706138 ns, Reaching safepoint: 93458 ns, At safepoint: 2084 ns, Total: 95542 ns
[2022-05-06T06:05:07.924+0000][163][safepoint   ] Safepoint "Cleanup", Time since last: 4006185085 ns, Reaching safepoint: 377208 ns, At safepoint: 13709 ns, Total: 390917 ns
[2022-05-06T06:05:09.937+0000][163][safepoint   ] Safepoint "Cleanup", Time since last: 2012922709 ns, Reaching safepoint: 426666 ns, At safepoint: 11167 ns, Total: 437833 ns
[2022-05-06T06:05:10.944+0000][163][safepoint   ] Safepoint "Cleanup", Time since last: 1006235501 ns, Reaching safepoint: 371625 ns, At safepoint: 9583 ns, Total: 381208 ns
[2022-05-06T06:05:11.962+0000][163][safepoint   ] Safepoint "Cleanup", Time since last: 1017966375 ns, Reaching safepoint: 153167 ns, At safepoint: 4750 ns, Total: 157917 ns
[2022-05-06T06:05:13.968+0000][163][safepoint   ] Safepoint "Cleanup", Time since last: 2006165001 ns, Reaching safepoint: 182375 ns, At safepoint: 7083 ns, Total: 189458 ns
[2022-05-06T06:05:17.992+0000][163][safepoint   ] Safepoint "Cleanup", Time since last: 4023250961 ns, Reaching safepoint: 413375 ns, At safepoint: 12875 ns, Total: 426250 ns
[2022-05-06T06:05:21.011+0000][163][safepoint   ] Safepoint "Cleanup", Time since last: 3017787959 ns, Reaching safepoint: 1123125 ns, At safepoint: 12875 ns, Total: 1136000 ns
[2022-05-06T06:05:36.063+0000][163][safepoint   ] Safepoint "Cleanup", Time since last: 15050169841 ns, Reaching safepoint: 809291 ns, At safepoint: 13167 ns, Total: 822458 ns
[2022-05-06T06:05:56.160+0000][163][safepoint   ] Safepoint "Cleanup", Time since last: 20075469384 ns, Reaching safepoint: 22924666 ns, At safepoint: 22042 ns, Total: 22946708 ns
