[2022-05-01T23:38:30.518+0000][161][gc] Using G1
[2022-05-01T23:38:30.614+0000][161][gc,init] Version: 17.0.2+8 (release)
[2022-05-01T23:38:30.615+0000][161][gc,init] CPUs: 5 total, 5 available
[2022-05-01T23:38:30.616+0000][161][gc,init] Memory: 7851M
[2022-05-01T23:38:30.617+0000][161][gc,init] Large Page Support: Disabled
[2022-05-01T23:38:30.618+0000][161][gc,init] NUMA Support: Disabled
[2022-05-01T23:38:30.619+0000][161][gc,init] Compressed Oops: Enabled (32-bit)
[2022-05-01T23:38:30.620+0000][161][gc,init] Heap Region Size: 4M
[2022-05-01T23:38:30.621+0000][161][gc,init] Heap Min Capacity: 512M
[2022-05-01T23:38:30.621+0000][161][gc,init] Heap Initial Capacity: 512M
[2022-05-01T23:38:30.622+0000][161][gc,init] Heap Max Capacity: 512M
[2022-05-01T23:38:30.623+0000][161][gc,init] Pre-touch: Enabled
[2022-05-01T23:38:30.624+0000][161][gc,init] Parallel Workers: 5
[2022-05-01T23:38:30.624+0000][161][gc,init] Concurrent Workers: 1
[2022-05-01T23:38:30.625+0000][161][gc,init] Concurrent Refinement Workers: 5
[2022-05-01T23:38:30.625+0000][161][gc,init] Periodic GC: Disabled
[2022-05-01T23:38:30.626+0000][161][gc,metaspace] CDS archive(s) mapped at: [0x0000000800000000-0x0000000800bd2000-0x0000000800bd2000), size 12394496, SharedBaseAddress: 0x0000000800000000, ArchiveRelocationMode: 0.
[2022-05-01T23:38:30.627+0000][161][gc,metaspace] Compressed class space mapped at: 0x0000000800c00000-0x0000000840c00000, reserved size: 1073741824
[2022-05-01T23:38:30.627+0000][161][gc,metaspace] Narrow klass base: 0x0000000800000000, Narrow klass shift: 0, Narrow klass range: 0x100000000
[2022-05-01T23:38:30.766+0000][161][safepoint   ] Safepoint "ICBufferFull", Time since last: 134283291 ns, Reaching safepoint: 179709 ns, At safepoint: 2583 ns, Total: 182292 ns
[2022-05-01T23:38:30.822+0000][161][safepoint   ] Safepoint "ICBufferFull", Time since last: 55313458 ns, Reaching safepoint: 90584 ns, At safepoint: 8208 ns, Total: 98792 ns
[2022-05-01T23:38:30.900+0000][161][safepoint   ] Safepoint "ICBufferFull", Time since last: 77770750 ns, Reaching safepoint: 204625 ns, At safepoint: 7625 ns, Total: 212250 ns
[2022-05-01T23:38:30.970+0000][161][gc,start    ] GC(0) Pause Young (Normal) (G1 Evacuation Pause)
[2022-05-01T23:38:30.972+0000][161][gc,task     ] GC(0) Using 5 workers of 5 for evacuation
[2022-05-01T23:38:30.973+0000][161][gc,age      ] GC(0) Desired survivor size 2097152 bytes, new threshold 15 (max threshold 15)
[2022-05-01T23:38:30.977+0000][161][gc,age      ] GC(0) Age table with threshold 15 (max threshold 15)
[2022-05-01T23:38:30.978+0000][161][gc,age      ] GC(0) - age   1:    4188336 bytes,    4188336 total
[2022-05-01T23:38:30.979+0000][161][gc,phases   ] GC(0)   Pre Evacuate Collection Set: 0.1ms
[2022-05-01T23:38:30.980+0000][161][gc,phases   ] GC(0)   Merge Heap Roots: 0.2ms
[2022-05-01T23:38:30.981+0000][161][gc,phases   ] GC(0)   Evacuate Collection Set: 1.9ms
[2022-05-01T23:38:30.982+0000][161][gc,phases   ] GC(0)   Post Evacuate Collection Set: 0.6ms
[2022-05-01T23:38:30.983+0000][161][gc,phases   ] GC(0)   Other: 5.6ms
[2022-05-01T23:38:30.984+0000][161][gc,heap     ] GC(0) Eden regions: 6->0(5)
[2022-05-01T23:38:30.984+0000][161][gc,heap     ] GC(0) Survivor regions: 0->1(1)
[2022-05-01T23:38:30.985+0000][161][gc,heap     ] GC(0) Old regions: 0->1
[2022-05-01T23:38:30.986+0000][161][gc,heap     ] GC(0) Archive regions: 2->2
[2022-05-01T23:38:30.987+0000][161][gc,heap     ] GC(0) Humongous regions: 0->0
[2022-05-01T23:38:30.987+0000][161][gc,metaspace] GC(0) Metaspace: 9014K(9216K)->9014K(9216K) NonClass: 7938K(8064K)->7938K(8064K) Class: 1075K(1152K)->1075K(1152K)
[2022-05-01T23:38:30.988+0000][161][gc          ] GC(0) Pause Young (Normal) (G1 Evacuation Pause) 27M->8M(512M) 17.489ms
[2022-05-01T23:38:30.988+0000][161][gc,cpu      ] GC(0) User=0.00s Sys=0.01s Real=0.02s
[2022-05-01T23:38:30.989+0000][161][safepoint   ] Safepoint "G1CollectForAllocation", Time since last: 70340875 ns, Reaching safepoint: 107834 ns, At safepoint: 18675916 ns, Total: 18783750 ns
[2022-05-01T23:38:31.110+0000][161][safepoint   ] Safepoint "ICBufferFull", Time since last: 121300000 ns, Reaching safepoint: 124042 ns, At safepoint: 39167 ns, Total: 163209 ns
[2022-05-01T23:38:31.251+0000][161][gc,start    ] GC(1) Pause Young (Normal) (G1 Evacuation Pause)
[2022-05-01T23:38:31.253+0000][161][gc,task     ] GC(1) Using 5 workers of 5 for evacuation
[2022-05-01T23:38:31.254+0000][161][gc,age      ] GC(1) Desired survivor size 2097152 bytes, new threshold 1 (max threshold 15)
[2022-05-01T23:38:31.258+0000][161][gc,age      ] GC(1) Age table with threshold 1 (max threshold 15)
[2022-05-01T23:38:31.260+0000][161][gc,age      ] GC(1) - age   1:    1973208 bytes,    1973208 total
[2022-05-01T23:38:31.260+0000][161][gc,phases   ] GC(1)   Pre Evacuate Collection Set: 0.2ms
[2022-05-01T23:38:31.261+0000][161][gc,phases   ] GC(1)   Merge Heap Roots: 0.3ms
[2022-05-01T23:38:31.262+0000][161][gc,phases   ] GC(1)   Evacuate Collection Set: 2.1ms
[2022-05-01T23:38:31.263+0000][161][gc,phases   ] GC(1)   Post Evacuate Collection Set: 1.0ms
[2022-05-01T23:38:31.263+0000][161][gc,phases   ] GC(1)   Other: 6.1ms
[2022-05-01T23:38:31.264+0000][161][gc,heap     ] GC(1) Eden regions: 5->0(7)
[2022-05-01T23:38:31.265+0000][161][gc,heap     ] GC(1) Survivor regions: 1->1(1)
[2022-05-01T23:38:31.266+0000][161][gc,heap     ] GC(1) Old regions: 1->2
[2022-05-01T23:38:31.266+0000][161][gc,heap     ] GC(1) Archive regions: 2->2
[2022-05-01T23:38:31.267+0000][161][gc,heap     ] GC(1) Humongous regions: 0->0
[2022-05-01T23:38:31.268+0000][161][gc,metaspace] GC(1) Metaspace: 12521K(12736K)->12521K(12736K) NonClass: 10988K(11136K)->10988K(11136K) Class: 1533K(1600K)->1533K(1600K)
[2022-05-01T23:38:31.268+0000][161][gc          ] GC(1) Pause Young (Normal) (G1 Evacuation Pause) 28M->10M(512M) 17.598ms
[2022-05-01T23:38:31.269+0000][161][gc,cpu      ] GC(1) User=0.01s Sys=0.00s Real=0.01s
[2022-05-01T23:38:31.270+0000][161][safepoint   ] Safepoint "G1CollectForAllocation", Time since last: 140177916 ns, Reaching safepoint: 81834 ns, At safepoint: 19210625 ns, Total: 19292459 ns
[2022-05-01T23:38:31.415+0000][161][safepoint   ] Safepoint "ICBufferFull", Time since last: 145001416 ns, Reaching safepoint: 189917 ns, At safepoint: 7750 ns, Total: 197667 ns
[2022-05-01T23:38:31.441+0000][161][gc,start    ] GC(2) Pause Young (Normal) (G1 Evacuation Pause)
[2022-05-01T23:38:31.443+0000][161][gc,task     ] GC(2) Using 5 workers of 5 for evacuation
[2022-05-01T23:38:31.443+0000][161][gc,age      ] GC(2) Desired survivor size 2097152 bytes, new threshold 15 (max threshold 15)
[2022-05-01T23:38:31.447+0000][161][gc,age      ] GC(2) Age table with threshold 15 (max threshold 15)
[2022-05-01T23:38:31.447+0000][161][gc,age      ] GC(2) - age   1:    1036976 bytes,    1036976 total
[2022-05-01T23:38:31.448+0000][161][gc,age      ] GC(2) - age   2:    1956936 bytes,    2993912 total
[2022-05-01T23:38:31.450+0000][161][gc,phases   ] GC(2)   Pre Evacuate Collection Set: 0.3ms
[2022-05-01T23:38:31.450+0000][161][gc,phases   ] GC(2)   Merge Heap Roots: 0.0ms
[2022-05-01T23:38:31.451+0000][161][gc,phases   ] GC(2)   Evacuate Collection Set: 1.7ms
[2022-05-01T23:38:31.452+0000][161][gc,phases   ] GC(2)   Post Evacuate Collection Set: 0.3ms
[2022-05-01T23:38:31.453+0000][161][gc,phases   ] GC(2)   Other: 5.7ms
[2022-05-01T23:38:31.454+0000][161][gc,heap     ] GC(2) Eden regions: 7->0(33)
[2022-05-01T23:38:31.455+0000][161][gc,heap     ] GC(2) Survivor regions: 1->1(1)
[2022-05-01T23:38:31.456+0000][161][gc,heap     ] GC(2) Old regions: 2->2
[2022-05-01T23:38:31.456+0000][161][gc,heap     ] GC(2) Archive regions: 2->2
[2022-05-01T23:38:31.457+0000][161][gc,heap     ] GC(2) Humongous regions: 0->0
[2022-05-01T23:38:31.458+0000][161][gc,metaspace] GC(2) Metaspace: 14776K(15040K)->14776K(15040K) NonClass: 13025K(13184K)->13025K(13184K) Class: 1751K(1856K)->1751K(1856K)
[2022-05-01T23:38:31.458+0000][161][gc          ] GC(2) Pause Young (Normal) (G1 Evacuation Pause) 38M->11M(512M) 16.579ms
[2022-05-01T23:38:31.459+0000][161][gc,cpu      ] GC(2) User=0.01s Sys=0.00s Real=0.01s
[2022-05-01T23:38:31.459+0000][161][safepoint   ] Safepoint "G1CollectForAllocation", Time since last: 26283958 ns, Reaching safepoint: 98875 ns, At safepoint: 17636375 ns, Total: 17735250 ns
[2022-05-01T23:38:31.579+0000][161][safepoint   ] Safepoint "ICBufferFull", Time since last: 119527376 ns, Reaching safepoint: 112750 ns, At safepoint: 9916 ns, Total: 122666 ns
[2022-05-01T23:38:31.674+0000][161][safepoint   ] Safepoint "ICBufferFull", Time since last: 95199834 ns, Reaching safepoint: 121375 ns, At safepoint: 1875 ns, Total: 123250 ns
[2022-05-01T23:38:31.684+0000][161][safepoint   ] Safepoint "ICBufferFull", Time since last: 9447166 ns, Reaching safepoint: 115417 ns, At safepoint: 2750 ns, Total: 118167 ns
[2022-05-01T23:38:31.685+0000][161][safepoint   ] Safepoint "ICBufferFull", Time since last: 1321583 ns, Reaching safepoint: 125625 ns, At safepoint: 3667 ns, Total: 129292 ns
[2022-05-01T23:38:31.686+0000][161][safepoint   ] Safepoint "ICBufferFull", Time since last: 901708 ns, Reaching safepoint: 31084 ns, At safepoint: 2541 ns, Total: 33625 ns
[2022-05-01T23:38:31.687+0000][161][safepoint   ] Safepoint "ICBufferFull", Time since last: 862209 ns, Reaching safepoint: 22708 ns, At safepoint: 917 ns, Total: 23625 ns
[2022-05-01T23:38:31.689+0000][161][safepoint   ] Safepoint "ICBufferFull", Time since last: 2189875 ns, Reaching safepoint: 42208 ns, At safepoint: 1375 ns, Total: 43583 ns
[2022-05-01T23:38:31.691+0000][161][safepoint   ] Safepoint "ICBufferFull", Time since last: 1208500 ns, Reaching safepoint: 227833 ns, At safepoint: 2667 ns, Total: 230500 ns
[2022-05-01T23:38:31.692+0000][161][safepoint   ] Safepoint "ICBufferFull", Time since last: 955792 ns, Reaching safepoint: 28708 ns, At safepoint: 1000 ns, Total: 29708 ns
[2022-05-01T23:38:31.692+0000][161][safepoint   ] Safepoint "ICBufferFull", Time since last: 764000 ns, Reaching safepoint: 33417 ns, At safepoint: 1208 ns, Total: 34625 ns
[2022-05-01T23:38:31.694+0000][161][safepoint   ] Safepoint "ICBufferFull", Time since last: 1571333 ns, Reaching safepoint: 32792 ns, At safepoint: 1375 ns, Total: 34167 ns
[2022-05-01T23:38:31.695+0000][161][safepoint   ] Safepoint "ICBufferFull", Time since last: 1103500 ns, Reaching safepoint: 65167 ns, At safepoint: 1583 ns, Total: 66750 ns
[2022-05-01T23:38:31.719+0000][161][safepoint   ] Safepoint "ICBufferFull", Time since last: 23767375 ns, Reaching safepoint: 58292 ns, At safepoint: 2500 ns, Total: 60792 ns
[2022-05-01T23:38:31.765+0000][161][gc,start    ] GC(3) Pause Young (Normal) (G1 Evacuation Pause)
[2022-05-01T23:38:31.766+0000][161][gc,task     ] GC(3) Using 5 workers of 5 for evacuation
[2022-05-01T23:38:31.767+0000][161][gc,age      ] GC(3) Desired survivor size 10485760 bytes, new threshold 15 (max threshold 15)
[2022-05-01T23:38:31.771+0000][161][gc,age      ] GC(3) Age table with threshold 15 (max threshold 15)
[2022-05-01T23:38:31.772+0000][161][gc,age      ] GC(3) - age   1:    2456328 bytes,    2456328 total
[2022-05-01T23:38:31.774+0000][161][gc,age      ] GC(3) - age   2:     972496 bytes,    3428824 total
[2022-05-01T23:38:31.775+0000][161][gc,age      ] GC(3) - age   3:    1954728 bytes,    5383552 total
[2022-05-01T23:38:31.775+0000][161][gc,phases   ] GC(3)   Pre Evacuate Collection Set: 0.2ms
[2022-05-01T23:38:31.776+0000][161][gc,phases   ] GC(3)   Merge Heap Roots: 0.0ms
[2022-05-01T23:38:31.776+0000][161][gc,phases   ] GC(3)   Evacuate Collection Set: 2.6ms
[2022-05-01T23:38:31.777+0000][161][gc,phases   ] GC(3)   Post Evacuate Collection Set: 0.4ms
[2022-05-01T23:38:31.778+0000][161][gc,phases   ] GC(3)   Other: 7.0ms
[2022-05-01T23:38:31.779+0000][161][gc,heap     ] GC(3) Eden regions: 33->0(74)
[2022-05-01T23:38:31.780+0000][161][gc,heap     ] GC(3) Survivor regions: 1->2(5)
[2022-05-01T23:38:31.781+0000][161][gc,heap     ] GC(3) Old regions: 2->2
[2022-05-01T23:38:31.781+0000][161][gc,heap     ] GC(3) Archive regions: 2->2
[2022-05-01T23:38:31.782+0000][161][gc,heap     ] GC(3) Humongous regions: 0->0
[2022-05-01T23:38:31.783+0000][161][gc,metaspace] GC(3) Metaspace: 17425K(17728K)->17425K(17728K) NonClass: 15364K(15488K)->15364K(15488K) Class: 2060K(2240K)->2060K(2240K)
[2022-05-01T23:38:31.785+0000][161][gc          ] GC(3) Pause Young (Normal) (G1 Evacuation Pause) 143M->13M(512M) 19.555ms
[2022-05-01T23:38:31.785+0000][161][gc,cpu      ] GC(3) User=0.02s Sys=0.00s Real=0.02s
[2022-05-01T23:38:31.786+0000][161][safepoint   ] Safepoint "G1CollectForAllocation", Time since last: 45977916 ns, Reaching safepoint: 77917 ns, At safepoint: 20813500 ns, Total: 20891417 ns
[2022-05-01T23:38:32.128+0000][161][gc,start    ] GC(4) Pause Young (Normal) (G1 Evacuation Pause)
[2022-05-01T23:38:32.130+0000][161][gc,task     ] GC(4) Using 5 workers of 5 for evacuation
[2022-05-01T23:38:32.131+0000][161][gc,age      ] GC(4) Desired survivor size 20971520 bytes, new threshold 15 (max threshold 15)
[2022-05-01T23:38:32.137+0000][161][gc,age      ] GC(4) Age table with threshold 15 (max threshold 15)
[2022-05-01T23:38:32.138+0000][161][gc,age      ] GC(4) - age   1:    6687936 bytes,    6687936 total
[2022-05-01T23:38:32.139+0000][161][gc,age      ] GC(4) - age   2:    2378032 bytes,    9065968 total
[2022-05-01T23:38:32.139+0000][161][gc,age      ] GC(4) - age   3:     972296 bytes,   10038264 total
[2022-05-01T23:38:32.140+0000][161][gc,age      ] GC(4) - age   4:    1954520 bytes,   11992784 total
[2022-05-01T23:38:32.141+0000][161][gc,phases   ] GC(4)   Pre Evacuate Collection Set: 0.1ms
[2022-05-01T23:38:32.142+0000][161][gc,phases   ] GC(4)   Merge Heap Roots: 0.2ms
[2022-05-01T23:38:32.143+0000][161][gc,phases   ] GC(4)   Evacuate Collection Set: 3.9ms
[2022-05-01T23:38:32.144+0000][161][gc,phases   ] GC(4)   Post Evacuate Collection Set: 0.9ms
[2022-05-01T23:38:32.145+0000][161][gc,phases   ] GC(4)   Other: 7.8ms
[2022-05-01T23:38:32.145+0000][161][gc,heap     ] GC(4) Eden regions: 74->0(73)
[2022-05-01T23:38:32.146+0000][161][gc,heap     ] GC(4) Survivor regions: 2->3(10)
[2022-05-01T23:38:32.147+0000][161][gc,heap     ] GC(4) Old regions: 2->2
[2022-05-01T23:38:32.148+0000][161][gc,heap     ] GC(4) Archive regions: 2->2
[2022-05-01T23:38:32.149+0000][161][gc,heap     ] GC(4) Humongous regions: 0->0
[2022-05-01T23:38:32.150+0000][161][gc,metaspace] GC(4) Metaspace: 18799K(19200K)->18799K(19200K) NonClass: 16514K(16768K)->16514K(16768K) Class: 2284K(2432K)->2284K(2432K)
[2022-05-01T23:38:32.151+0000][161][gc          ] GC(4) Pause Young (Normal) (G1 Evacuation Pause) 309M->19M(512M) 22.258ms
[2022-05-01T23:38:32.151+0000][161][gc,cpu      ] GC(4) User=0.03s Sys=0.01s Real=0.03s
[2022-05-01T23:38:32.152+0000][161][safepoint   ] Safepoint "G1CollectForAllocation", Time since last: 342344292 ns, Reaching safepoint: 138125 ns, At safepoint: 23862291 ns, Total: 24000416 ns
[2022-05-01T23:38:32.390+0000][161][safepoint   ] Safepoint "ICBufferFull", Time since last: 237375626 ns, Reaching safepoint: 202833 ns, At safepoint: 9083 ns, Total: 211916 ns
[2022-05-01T23:38:32.392+0000][161][gc,start    ] GC(5) Pause Young (Normal) (G1 Evacuation Pause)
[2022-05-01T23:38:32.393+0000][161][gc,task     ] GC(5) Using 5 workers of 5 for evacuation
[2022-05-01T23:38:32.394+0000][161][gc,age      ] GC(5) Desired survivor size 20971520 bytes, new threshold 15 (max threshold 15)
[2022-05-01T23:38:32.400+0000][161][gc,age      ] GC(5) Age table with threshold 15 (max threshold 15)
[2022-05-01T23:38:32.401+0000][161][gc,age      ] GC(5) - age   1:    2386008 bytes,    2386008 total
[2022-05-01T23:38:32.402+0000][161][gc,age      ] GC(5) - age   2:    5468136 bytes,    7854144 total
[2022-05-01T23:38:32.403+0000][161][gc,age      ] GC(5) - age   3:    2377480 bytes,   10231624 total
[2022-05-01T23:38:32.404+0000][161][gc,age      ] GC(5) - age   4:     972024 bytes,   11203648 total
[2022-05-01T23:38:32.404+0000][161][gc,age      ] GC(5) - age   5:    1954456 bytes,   13158104 total
[2022-05-01T23:38:32.405+0000][161][gc,phases   ] GC(5)   Pre Evacuate Collection Set: 0.0ms
[2022-05-01T23:38:32.406+0000][161][gc,phases   ] GC(5)   Merge Heap Roots: 0.0ms
[2022-05-01T23:38:32.406+0000][161][gc,phases   ] GC(5)   Evacuate Collection Set: 4.0ms
[2022-05-01T23:38:32.407+0000][161][gc,phases   ] GC(5)   Post Evacuate Collection Set: 0.9ms
[2022-05-01T23:38:32.408+0000][161][gc,phases   ] GC(5)   Other: 8.0ms
[2022-05-01T23:38:32.409+0000][161][gc,heap     ] GC(5) Eden regions: 73->0(72)
[2022-05-01T23:38:32.410+0000][161][gc,heap     ] GC(5) Survivor regions: 3->4(10)
[2022-05-01T23:38:32.410+0000][161][gc,heap     ] GC(5) Old regions: 2->2
[2022-05-01T23:38:32.411+0000][161][gc,heap     ] GC(5) Archive regions: 2->2
[2022-05-01T23:38:32.412+0000][161][gc,heap     ] GC(5) Humongous regions: 0->0
[2022-05-01T23:38:32.413+0000][161][gc,metaspace] GC(5) Metaspace: 19696K(20160K)->19696K(20160K) NonClass: 17278K(17536K)->17278K(17536K) Class: 2417K(2624K)->2417K(2624K)
[2022-05-01T23:38:32.414+0000][161][gc          ] GC(5) Pause Young (Normal) (G1 Evacuation Pause) 311M->20M(512M) 21.859ms
[2022-05-01T23:38:32.415+0000][161][gc,cpu      ] GC(5) User=0.01s Sys=0.00s Real=0.02s
[2022-05-01T23:38:32.415+0000][161][safepoint   ] Safepoint "G1CollectForAllocation", Time since last: 2045209 ns, Reaching safepoint: 110750 ns, At safepoint: 23275000 ns, Total: 23385750 ns
[2022-05-01T23:38:32.663+0000][161][gc,start    ] GC(6) Pause Young (Normal) (G1 Evacuation Pause)
[2022-05-01T23:38:32.664+0000][161][gc,task     ] GC(6) Using 5 workers of 5 for evacuation
[2022-05-01T23:38:32.666+0000][161][gc,age      ] GC(6) Desired survivor size 20971520 bytes, new threshold 15 (max threshold 15)
[2022-05-01T23:38:32.671+0000][161][gc,age      ] GC(6) Age table with threshold 15 (max threshold 15)
[2022-05-01T23:38:32.673+0000][161][gc,age      ] GC(6) - age   1:    3946328 bytes,    3946328 total
[2022-05-01T23:38:32.674+0000][161][gc,age      ] GC(6) - age   2:     700488 bytes,    4646816 total
[2022-05-01T23:38:32.674+0000][161][gc,age      ] GC(6) - age   3:    5464016 bytes,   10110832 total
[2022-05-01T23:38:32.675+0000][161][gc,age      ] GC(6) - age   4:    2375048 bytes,   12485880 total
[2022-05-01T23:38:32.676+0000][161][gc,age      ] GC(6) - age   5:     971344 bytes,   13457224 total
[2022-05-01T23:38:32.677+0000][161][gc,age      ] GC(6) - age   6:    1954152 bytes,   15411376 total
[2022-05-01T23:38:32.678+0000][161][gc,phases   ] GC(6)   Pre Evacuate Collection Set: 0.1ms
[2022-05-01T23:38:32.679+0000][161][gc,phases   ] GC(6)   Merge Heap Roots: 0.2ms
[2022-05-01T23:38:32.679+0000][161][gc,phases   ] GC(6)   Evacuate Collection Set: 3.9ms
[2022-05-01T23:38:32.680+0000][161][gc,phases   ] GC(6)   Post Evacuate Collection Set: 0.6ms
[2022-05-01T23:38:32.681+0000][161][gc,phases   ] GC(6)   Other: 10.3ms
[2022-05-01T23:38:32.682+0000][161][gc,heap     ] GC(6) Eden regions: 72->0(72)
[2022-05-01T23:38:32.683+0000][161][gc,heap     ] GC(6) Survivor regions: 4->4(10)
[2022-05-01T23:38:32.683+0000][161][gc,heap     ] GC(6) Old regions: 2->2
[2022-05-01T23:38:32.684+0000][161][gc,heap     ] GC(6) Archive regions: 2->2
[2022-05-01T23:38:32.685+0000][161][gc,heap     ] GC(6) Humongous regions: 0->0
[2022-05-01T23:38:32.685+0000][161][gc,metaspace] GC(6) Metaspace: 20872K(21376K)->20872K(21376K) NonClass: 18294K(18624K)->18294K(18624K) Class: 2578K(2752K)->2578K(2752K)
[2022-05-01T23:38:32.686+0000][161][gc          ] GC(6) Pause Young (Normal) (G1 Evacuation Pause) 308M->23M(512M) 23.373ms
[2022-05-01T23:38:32.687+0000][161][gc,cpu      ] GC(6) User=0.01s Sys=0.01s Real=0.02s
[2022-05-01T23:38:32.688+0000][161][safepoint   ] Safepoint "G1CollectForAllocation", Time since last: 247496916 ns, Reaching safepoint: 136417 ns, At safepoint: 24969292 ns, Total: 25105709 ns
[2022-05-01T23:38:32.839+0000][161][gc,start    ] GC(7) Pause Young (Concurrent Start) (Metadata GC Threshold)
[2022-05-01T23:38:32.840+0000][161][gc,task     ] GC(7) Using 5 workers of 5 for evacuation
[2022-05-01T23:38:32.841+0000][161][gc,age      ] GC(7) Desired survivor size 20971520 bytes, new threshold 15 (max threshold 15)
[2022-05-01T23:38:32.847+0000][161][gc,age      ] GC(7) Age table with threshold 15 (max threshold 15)
[2022-05-01T23:38:32.848+0000][161][gc,age      ] GC(7) - age   1:     726168 bytes,     726168 total
[2022-05-01T23:38:32.848+0000][161][gc,age      ] GC(7) - age   2:    2177064 bytes,    2903232 total
[2022-05-01T23:38:32.850+0000][161][gc,age      ] GC(7) - age   3:     700000 bytes,    3603232 total
[2022-05-01T23:38:32.851+0000][161][gc,age      ] GC(7) - age   4:    5463744 bytes,    9066976 total
[2022-05-01T23:38:32.853+0000][161][gc,age      ] GC(7) - age   5:    2374968 bytes,   11441944 total
[2022-05-01T23:38:32.854+0000][161][gc,age      ] GC(7) - age   6:     971344 bytes,   12413288 total
[2022-05-01T23:38:32.855+0000][161][gc,age      ] GC(7) - age   7:    1954152 bytes,   14367440 total
[2022-05-01T23:38:32.855+0000][161][gc,phases   ] GC(7)   Pre Evacuate Collection Set: 0.2ms
[2022-05-01T23:38:32.856+0000][161][gc,phases   ] GC(7)   Merge Heap Roots: 0.0ms
[2022-05-01T23:38:32.857+0000][161][gc,phases   ] GC(7)   Evacuate Collection Set: 3.6ms
[2022-05-01T23:38:32.857+0000][161][gc,phases   ] GC(7)   Post Evacuate Collection Set: 0.8ms
[2022-05-01T23:38:32.858+0000][161][gc,phases   ] GC(7)   Other: 11.9ms
[2022-05-01T23:38:32.859+0000][161][gc,heap     ] GC(7) Eden regions: 54->0(72)
[2022-05-01T23:38:32.859+0000][161][gc,heap     ] GC(7) Survivor regions: 4->4(10)
[2022-05-01T23:38:32.860+0000][161][gc,heap     ] GC(7) Old regions: 2->2
[2022-05-01T23:38:32.860+0000][161][gc,heap     ] GC(7) Archive regions: 2->2
[2022-05-01T23:38:32.861+0000][161][gc,heap     ] GC(7) Humongous regions: 0->0
[2022-05-01T23:38:32.862+0000][161][gc,metaspace] GC(7) Metaspace: 20968K(21504K)->20968K(21504K) NonClass: 18371K(18688K)->18371K(18688K) Class: 2597K(2816K)->2597K(2816K)
[2022-05-01T23:38:32.862+0000][161][gc          ] GC(7) Pause Young (Concurrent Start) (Metadata GC Threshold) 237M->22M(512M) 23.538ms
[2022-05-01T23:38:32.863+0000][161][gc,cpu      ] GC(7) User=0.01s Sys=0.00s Real=0.03s
[2022-05-01T23:38:32.863+0000][161][safepoint   ] Safepoint "CollectForMetadataAllocation", Time since last: 150838916 ns, Reaching safepoint: 73167 ns, At safepoint: 24786125 ns, Total: 24859292 ns
[2022-05-01T23:38:32.863+0000][161][gc          ] GC(8) Concurrent Mark Cycle
[2022-05-01T23:38:32.866+0000][161][gc,marking  ] GC(8) Concurrent Clear Claimed Marks
[2022-05-01T23:38:32.867+0000][161][gc,marking  ] GC(8) Concurrent Clear Claimed Marks 1.066ms
[2022-05-01T23:38:32.867+0000][161][gc,marking  ] GC(8) Concurrent Scan Root Regions
[2022-05-01T23:38:32.872+0000][161][gc,marking  ] GC(8) Concurrent Scan Root Regions 4.171ms
[2022-05-01T23:38:32.873+0000][161][gc,marking  ] GC(8) Concurrent Mark
[2022-05-01T23:38:32.874+0000][161][gc,marking  ] GC(8) Concurrent Mark From Roots
[2022-05-01T23:38:32.875+0000][161][gc,task     ] GC(8) Using 1 workers of 1 for marking
[2022-05-01T23:38:32.879+0000][161][gc,marking  ] GC(8) Concurrent Mark From Roots 4.744ms
[2022-05-01T23:38:32.880+0000][161][gc,marking  ] GC(8) Concurrent Preclean
[2022-05-01T23:38:32.881+0000][161][gc,marking  ] GC(8) Concurrent Preclean 0.938ms
[2022-05-01T23:38:32.882+0000][161][gc,start    ] GC(8) Pause Remark
[2022-05-01T23:38:32.886+0000][161][gc          ] GC(8) Pause Remark 34M->34M(512M) 3.394ms
[2022-05-01T23:38:32.887+0000][161][gc,cpu      ] GC(8) User=0.00s Sys=0.00s Real=0.00s
[2022-05-01T23:38:32.887+0000][161][safepoint   ] Safepoint "G1Concurrent", Time since last: 18312333 ns, Reaching safepoint: 433084 ns, At safepoint: 5196125 ns, Total: 5629209 ns
[2022-05-01T23:38:32.888+0000][161][gc,marking  ] GC(8) Concurrent Mark 15.289ms
[2022-05-01T23:38:32.889+0000][161][gc,marking  ] GC(8) Concurrent Rebuild Remembered Sets
[2022-05-01T23:38:32.894+0000][161][gc,marking  ] GC(8) Concurrent Rebuild Remembered Sets 5.588ms
[2022-05-01T23:38:32.896+0000][161][gc,start    ] GC(8) Pause Cleanup
[2022-05-01T23:38:32.897+0000][161][gc          ] GC(8) Pause Cleanup 36M->36M(512M) 1.034ms
[2022-05-01T23:38:32.898+0000][161][gc,cpu      ] GC(8) User=0.00s Sys=0.00s Real=0.00s
[2022-05-01T23:38:32.898+0000][161][safepoint   ] Safepoint "G1Concurrent", Time since last: 8422083 ns, Reaching safepoint: 314875 ns, At safepoint: 2106542 ns, Total: 2421417 ns
[2022-05-01T23:38:32.900+0000][161][gc,marking  ] GC(8) Concurrent Cleanup for Next Mark
[2022-05-01T23:38:32.902+0000][161][gc,marking  ] GC(8) Concurrent Cleanup for Next Mark 2.127ms
[2022-05-01T23:38:32.902+0000][161][gc          ] GC(8) Concurrent Mark Cycle 39.001ms
[2022-05-01T23:38:33.393+0000][161][safepoint   ] Safepoint "ICBufferFull", Time since last: 494706958 ns, Reaching safepoint: 209084 ns, At safepoint: 2875 ns, Total: 211959 ns
[2022-05-01T23:38:33.568+0000][161][safepoint   ] Safepoint "ICBufferFull", Time since last: 175067791 ns, Reaching safepoint: 178250 ns, At safepoint: 3209 ns, Total: 181459 ns
[2022-05-01T23:38:33.570+0000][161][safepoint   ] Safepoint "ICBufferFull", Time since last: 1803750 ns, Reaching safepoint: 23500 ns, At safepoint: 958 ns, Total: 24458 ns
[2022-05-01T23:38:33.572+0000][161][safepoint   ] Safepoint "ICBufferFull", Time since last: 1383333 ns, Reaching safepoint: 29709 ns, At safepoint: 1458 ns, Total: 31167 ns
[2022-05-01T23:38:33.573+0000][161][safepoint   ] Safepoint "ICBufferFull", Time since last: 1015250 ns, Reaching safepoint: 105917 ns, At safepoint: 2958 ns, Total: 108875 ns
[2022-05-01T23:38:33.574+0000][161][safepoint   ] Safepoint "ICBufferFull", Time since last: 1370667 ns, Reaching safepoint: 152666 ns, At safepoint: 2250 ns, Total: 154916 ns
[2022-05-01T23:38:33.575+0000][161][safepoint   ] Safepoint "ICBufferFull", Time since last: 1126542 ns, Reaching safepoint: 60458 ns, At safepoint: 3542 ns, Total: 64000 ns
[2022-05-01T23:38:33.578+0000][161][safepoint   ] Safepoint "ICBufferFull", Time since last: 1983542 ns, Reaching safepoint: 970666 ns, At safepoint: 3250 ns, Total: 973916 ns
[2022-05-01T23:38:33.589+0000][161][safepoint   ] Safepoint "ICBufferFull", Time since last: 10567625 ns, Reaching safepoint: 35125 ns, At safepoint: 1250 ns, Total: 36375 ns
[2022-05-01T23:38:33.590+0000][161][safepoint   ] Safepoint "ICBufferFull", Time since last: 1298834 ns, Reaching safepoint: 107791 ns, At safepoint: 3084 ns, Total: 110875 ns
[2022-05-01T23:38:33.592+0000][161][safepoint   ] Safepoint "ICBufferFull", Time since last: 1079291 ns, Reaching safepoint: 97542 ns, At safepoint: 3333 ns, Total: 100875 ns
[2022-05-01T23:38:33.593+0000][161][safepoint   ] Safepoint "ICBufferFull", Time since last: 950792 ns, Reaching safepoint: 60292 ns, At safepoint: 2541 ns, Total: 62833 ns
[2022-05-01T23:38:33.613+0000][161][safepoint   ] Safepoint "ICBufferFull", Time since last: 20456750 ns, Reaching safepoint: 96792 ns, At safepoint: 9583 ns, Total: 106375 ns
[2022-05-01T23:38:33.619+0000][161][safepoint   ] Safepoint "ICBufferFull", Time since last: 5373375 ns, Reaching safepoint: 22792 ns, At safepoint: 1625 ns, Total: 24417 ns
[2022-05-01T23:38:33.621+0000][161][safepoint   ] Safepoint "ICBufferFull", Time since last: 1689458 ns, Reaching safepoint: 209084 ns, At safepoint: 3875 ns, Total: 212959 ns
[2022-05-01T23:38:33.622+0000][161][safepoint   ] Safepoint "ICBufferFull", Time since last: 1082375 ns, Reaching safepoint: 67208 ns, At safepoint: 2167 ns, Total: 69375 ns
[2022-05-01T23:38:33.629+0000][161][safepoint   ] Safepoint "ICBufferFull", Time since last: 7502291 ns, Reaching safepoint: 29875 ns, At safepoint: 6667 ns, Total: 36542 ns
[2022-05-01T23:38:33.637+0000][161][safepoint   ] Safepoint "ICBufferFull", Time since last: 7679958 ns, Reaching safepoint: 47167 ns, At safepoint: 1750 ns, Total: 48917 ns
[2022-05-01T23:38:33.677+0000][161][safepoint   ] Safepoint "ICBufferFull", Time since last: 39928125 ns, Reaching safepoint: 161959 ns, At safepoint: 2958 ns, Total: 164917 ns
[2022-05-01T23:38:33.683+0000][161][safepoint   ] Safepoint "ICBufferFull", Time since last: 5575083 ns, Reaching safepoint: 63375 ns, At safepoint: 2542 ns, Total: 65917 ns
[2022-05-01T23:38:33.685+0000][161][safepoint   ] Safepoint "ICBufferFull", Time since last: 2272375 ns, Reaching safepoint: 39917 ns, At safepoint: 1416 ns, Total: 41333 ns
[2022-05-01T23:38:33.686+0000][161][safepoint   ] Safepoint "ICBufferFull", Time since last: 1072792 ns, Reaching safepoint: 16500 ns, At safepoint: 1250 ns, Total: 17750 ns
[2022-05-01T23:38:33.688+0000][161][safepoint   ] Safepoint "ICBufferFull", Time since last: 2210208 ns, Reaching safepoint: 128417 ns, At safepoint: 2125 ns, Total: 130542 ns
[2022-05-01T23:38:33.812+0000][161][safepoint   ] Safepoint "ICBufferFull", Time since last: 123285667 ns, Reaching safepoint: 254416 ns, At safepoint: 18375 ns, Total: 272791 ns
[2022-05-01T23:38:34.028+0000][161][safepoint   ] Safepoint "ICBufferFull", Time since last: 215563375 ns, Reaching safepoint: 178500 ns, At safepoint: 11625 ns, Total: 190125 ns
[2022-05-01T23:38:34.347+0000][161][safepoint   ] Safepoint "ICBufferFull", Time since last: 319095542 ns, Reaching safepoint: 238583 ns, At safepoint: 12417 ns, Total: 251000 ns
[2022-05-01T23:38:34.543+0000][161][safepoint   ] Safepoint "ICBufferFull", Time since last: 195728500 ns, Reaching safepoint: 247042 ns, At safepoint: 9000 ns, Total: 256042 ns
[2022-05-01T23:38:34.641+0000][161][gc,start    ] GC(9) Pause Young (Normal) (G1 Evacuation Pause)
[2022-05-01T23:38:34.642+0000][161][gc,task     ] GC(9) Using 5 workers of 5 for evacuation
[2022-05-01T23:38:34.643+0000][161][gc,age      ] GC(9) Desired survivor size 20971520 bytes, new threshold 15 (max threshold 15)
[2022-05-01T23:38:34.661+0000][161][gc,age      ] GC(9) Age table with threshold 15 (max threshold 15)
[2022-05-01T23:38:34.662+0000][161][gc,age      ] GC(9) - age   1:   27203576 bytes,   27203576 total
[2022-05-01T23:38:34.663+0000][161][gc,age      ] GC(9) - age   2:     705032 bytes,   27908608 total
[2022-05-01T23:38:34.664+0000][161][gc,age      ] GC(9) - age   3:    2143568 bytes,   30052176 total
[2022-05-01T23:38:34.665+0000][161][gc,age      ] GC(9) - age   4:     684416 bytes,   30736592 total
[2022-05-01T23:38:34.665+0000][161][gc,age      ] GC(9) - age   5:    5436072 bytes,   36172664 total
[2022-05-01T23:38:34.666+0000][161][gc,age      ] GC(9) - age   6:    2282736 bytes,   38455400 total
[2022-05-01T23:38:34.667+0000][161][gc,age      ] GC(9) - age   7:     938952 bytes,   39394352 total
[2022-05-01T23:38:34.668+0000][161][gc,age      ] GC(9) - age   8:    1946960 bytes,   41341312 total
[2022-05-01T23:38:34.668+0000][161][gc,phases   ] GC(9)   Pre Evacuate Collection Set: 0.1ms
[2022-05-01T23:38:34.669+0000][161][gc,phases   ] GC(9)   Merge Heap Roots: 0.2ms
[2022-05-01T23:38:34.670+0000][161][gc,phases   ] GC(9)   Evacuate Collection Set: 14.8ms
[2022-05-01T23:38:34.671+0000][161][gc,phases   ] GC(9)   Post Evacuate Collection Set: 1.7ms
[2022-05-01T23:38:34.671+0000][161][gc,phases   ] GC(9)   Other: 10.9ms
[2022-05-01T23:38:34.672+0000][161][gc,heap     ] GC(9) Eden regions: 72->0(66)
[2022-05-01T23:38:34.673+0000][161][gc,heap     ] GC(9) Survivor regions: 4->10(10)
[2022-05-01T23:38:34.674+0000][161][gc,heap     ] GC(9) Old regions: 2->2
[2022-05-01T23:38:34.674+0000][161][gc,heap     ] GC(9) Archive regions: 2->2
[2022-05-01T23:38:34.675+0000][161][gc,heap     ] GC(9) Humongous regions: 0->0
[2022-05-01T23:38:34.676+0000][161][gc,metaspace] GC(9) Metaspace: 34249K(35200K)->34249K(35200K) NonClass: 29691K(30272K)->29691K(30272K) Class: 4557K(4928K)->4557K(4928K)
[2022-05-01T23:38:34.676+0000][161][gc          ] GC(9) Pause Young (Normal) (G1 Evacuation Pause) 310M->48M(512M) 35.421ms
[2022-05-01T23:38:34.677+0000][161][gc,cpu      ] GC(9) User=0.06s Sys=0.00s Real=0.03s
[2022-05-01T23:38:34.677+0000][161][safepoint   ] Safepoint "G1CollectForAllocation", Time since last: 97507292 ns, Reaching safepoint: 114833 ns, At safepoint: 36784125 ns, Total: 36898958 ns
[2022-05-01T23:38:34.707+0000][161][gc,start    ] GC(10) Pause Young (Concurrent Start) (Metadata GC Threshold)
[2022-05-01T23:38:34.709+0000][161][gc,task     ] GC(10) Using 5 workers of 5 for evacuation
[2022-05-01T23:38:34.709+0000][161][gc,age      ] GC(10) Desired survivor size 20971520 bytes, new threshold 1 (max threshold 15)
[2022-05-01T23:38:34.725+0000][161][gc,age      ] GC(10) Age table with threshold 1 (max threshold 15)
[2022-05-01T23:38:34.726+0000][161][gc,age      ] GC(10) - age   1:     178832 bytes,     178832 total
[2022-05-01T23:38:34.728+0000][161][gc,phases   ] GC(10)   Pre Evacuate Collection Set: 0.2ms
[2022-05-01T23:38:34.729+0000][161][gc,phases   ] GC(10)   Merge Heap Roots: 0.1ms
[2022-05-01T23:38:34.730+0000][161][gc,phases   ] GC(10)   Evacuate Collection Set: 13.7ms
[2022-05-01T23:38:34.730+0000][161][gc,phases   ] GC(10)   Post Evacuate Collection Set: 0.9ms
[2022-05-01T23:38:34.731+0000][161][gc,phases   ] GC(10)   Other: 6.0ms
[2022-05-01T23:38:34.732+0000][161][gc,heap     ] GC(10) Eden regions: 1->0(74)
[2022-05-01T23:38:34.733+0000][161][gc,heap     ] GC(10) Survivor regions: 10->2(10)
[2022-05-01T23:38:34.733+0000][161][gc,heap     ] GC(10) Old regions: 2->11
[2022-05-01T23:38:34.734+0000][161][gc,heap     ] GC(10) Archive regions: 2->2
[2022-05-01T23:38:34.734+0000][161][gc,heap     ] GC(10) Humongous regions: 0->0
[2022-05-01T23:38:34.735+0000][161][gc,metaspace] GC(10) Metaspace: 35077K(35968K)->35077K(35968K) NonClass: 30428K(30976K)->30428K(30976K) Class: 4649K(4992K)->4649K(4992K)
[2022-05-01T23:38:34.735+0000][161][gc          ] GC(10) Pause Young (Concurrent Start) (Metadata GC Threshold) 52M->53M(512M) 28.163ms
[2022-05-01T23:38:34.736+0000][161][gc,cpu      ] GC(10) User=0.06s Sys=0.00s Real=0.03s
[2022-05-01T23:38:34.737+0000][161][gc          ] GC(11) Concurrent Mark Cycle
[2022-05-01T23:38:34.737+0000][161][gc,marking  ] GC(11) Concurrent Clear Claimed Marks
[2022-05-01T23:38:34.737+0000][161][safepoint   ] Safepoint "CollectForMetadataAllocation", Time since last: 29643583 ns, Reaching safepoint: 158334 ns, At safepoint: 29526125 ns, Total: 29684459 ns
[2022-05-01T23:38:34.738+0000][161][gc,marking  ] GC(11) Concurrent Clear Claimed Marks 0.784ms
[2022-05-01T23:38:34.740+0000][161][gc,marking  ] GC(11) Concurrent Scan Root Regions
[2022-05-01T23:38:34.748+0000][161][safepoint   ] Safepoint "CollectForMetadataAllocation", Time since last: 10998625 ns, Reaching safepoint: 115875 ns, At safepoint: 102541 ns, Total: 218416 ns
[2022-05-01T23:38:34.755+0000][161][gc,marking  ] GC(11) Concurrent Scan Root Regions 15.004ms
[2022-05-01T23:38:34.756+0000][161][gc,marking  ] GC(11) Concurrent Mark
[2022-05-01T23:38:34.757+0000][161][gc,marking  ] GC(11) Concurrent Mark From Roots
[2022-05-01T23:38:34.758+0000][161][gc,task     ] GC(11) Using 1 workers of 1 for marking
[2022-05-01T23:38:34.761+0000][161][safepoint   ] Safepoint "CollectForMetadataAllocation", Time since last: 13141584 ns, Reaching safepoint: 101708 ns, At safepoint: 65125 ns, Total: 166833 ns
[2022-05-01T23:38:34.762+0000][161][gc,marking  ] GC(11) Concurrent Mark From Roots 5.086ms
[2022-05-01T23:38:34.763+0000][161][gc,marking  ] GC(11) Concurrent Preclean
[2022-05-01T23:38:34.764+0000][161][gc,marking  ] GC(11) Concurrent Preclean 0.877ms
[2022-05-01T23:38:34.765+0000][161][gc,start    ] GC(11) Pause Remark
[2022-05-01T23:38:34.768+0000][161][gc          ] GC(11) Pause Remark 57M->57M(512M) 2.854ms
[2022-05-01T23:38:34.769+0000][161][gc,cpu      ] GC(11) User=0.01s Sys=0.00s Real=0.00s
[2022-05-01T23:38:34.770+0000][161][safepoint   ] Safepoint "G1Concurrent", Time since last: 3366708 ns, Reaching safepoint: 400959 ns, At safepoint: 4499375 ns, Total: 4900334 ns
[2022-05-01T23:38:34.770+0000][161][gc,marking  ] GC(11) Concurrent Mark 14.460ms
[2022-05-01T23:38:34.771+0000][161][gc,marking  ] GC(11) Concurrent Rebuild Remembered Sets
[2022-05-01T23:38:34.772+0000][161][gc,marking  ] GC(11) Concurrent Rebuild Remembered Sets 0.987ms
[2022-05-01T23:38:34.773+0000][161][gc,start    ] GC(11) Pause Cleanup
[2022-05-01T23:38:34.774+0000][161][gc          ] GC(11) Pause Cleanup 57M->57M(512M) 0.712ms
[2022-05-01T23:38:34.775+0000][161][gc,cpu      ] GC(11) User=0.00s Sys=0.00s Real=0.00s
[2022-05-01T23:38:34.775+0000][161][safepoint   ] Safepoint "G1Concurrent", Time since last: 3566750 ns, Reaching safepoint: 96666 ns, At safepoint: 2204125 ns, Total: 2300791 ns
[2022-05-01T23:38:34.776+0000][161][gc,marking  ] GC(11) Concurrent Cleanup for Next Mark
[2022-05-01T23:38:34.778+0000][161][gc,marking  ] GC(11) Concurrent Cleanup for Next Mark 1.347ms
[2022-05-01T23:38:34.779+0000][161][gc          ] GC(11) Concurrent Mark Cycle 42.531ms
[2022-05-01T23:38:34.879+0000][161][safepoint   ] Safepoint "ICBufferFull", Time since last: 103713375 ns, Reaching safepoint: 239459 ns, At safepoint: 19333 ns, Total: 258792 ns
[2022-05-01T23:38:35.257+0000][161][safepoint   ] Safepoint "ICBufferFull", Time since last: 377156417 ns, Reaching safepoint: 178333 ns, At safepoint: 28875 ns, Total: 207208 ns
[2022-05-01T23:38:35.460+0000][161][safepoint   ] Safepoint "ICBufferFull", Time since last: 203089125 ns, Reaching safepoint: 176542 ns, At safepoint: 21958 ns, Total: 198500 ns
[2022-05-01T23:38:35.604+0000][161][gc,start    ] GC(12) Pause Young (Concurrent Start) (G1 Evacuation Pause)
[2022-05-01T23:38:35.605+0000][161][gc,task     ] GC(12) Using 5 workers of 5 for evacuation
[2022-05-01T23:38:35.606+0000][161][gc,age      ] GC(12) Desired survivor size 20971520 bytes, new threshold 15 (max threshold 15)
[2022-05-01T23:38:35.613+0000][161][gc,age      ] GC(12) Age table with threshold 15 (max threshold 15)
[2022-05-01T23:38:35.614+0000][161][gc,age      ] GC(12) - age   1:    6139520 bytes,    6139520 total
[2022-05-01T23:38:35.616+0000][161][gc,age      ] GC(12) - age   2:     160264 bytes,    6299784 total
[2022-05-01T23:38:35.616+0000][161][gc,phases   ] GC(12)   Pre Evacuate Collection Set: 0.2ms
[2022-05-01T23:38:35.617+0000][161][gc,phases   ] GC(12)   Merge Heap Roots: 0.4ms
[2022-05-01T23:38:35.618+0000][161][gc,phases   ] GC(12)   Evacuate Collection Set: 4.4ms
[2022-05-01T23:38:35.619+0000][161][gc,phases   ] GC(12)   Post Evacuate Collection Set: 1.1ms
[2022-05-01T23:38:35.619+0000][161][gc,phases   ] GC(12)   Other: 6.5ms
[2022-05-01T23:38:35.620+0000][161][gc,heap     ] GC(12) Eden regions: 74->0(74)
[2022-05-01T23:38:35.621+0000][161][gc,heap     ] GC(12) Survivor regions: 2->2(10)
[2022-05-01T23:38:35.621+0000][161][gc,heap     ] GC(12) Old regions: 11->11
[2022-05-01T23:38:35.622+0000][161][gc,heap     ] GC(12) Archive regions: 2->2
[2022-05-01T23:38:35.622+0000][161][gc,heap     ] GC(12) Humongous regions: 0->0
[2022-05-01T23:38:35.623+0000][161][gc,metaspace] GC(12) Metaspace: 52317K(53504K)->52317K(53504K) NonClass: 45224K(45952K)->45224K(45952K) Class: 7092K(7552K)->7092K(7552K)
[2022-05-01T23:38:35.623+0000][161][gc          ] GC(12) Pause Young (Concurrent Start) (G1 Evacuation Pause) 349M->54M(512M) 19.588ms
[2022-05-01T23:38:35.624+0000][161][gc,cpu      ] GC(12) User=0.01s Sys=0.01s Real=0.02s
[2022-05-01T23:38:35.624+0000][161][safepoint   ] Safepoint "G1CollectForAllocation", Time since last: 143223292 ns, Reaching safepoint: 313625 ns, At safepoint: 20614375 ns, Total: 20928000 ns
[2022-05-01T23:38:35.624+0000][161][gc          ] GC(13) Concurrent Mark Cycle
[2022-05-01T23:38:35.626+0000][161][gc,marking  ] GC(13) Concurrent Clear Claimed Marks
[2022-05-01T23:38:35.627+0000][161][gc,marking  ] GC(13) Concurrent Clear Claimed Marks 0.663ms
[2022-05-01T23:38:35.628+0000][161][gc,marking  ] GC(13) Concurrent Scan Root Regions
[2022-05-01T23:38:35.632+0000][161][gc,marking  ] GC(13) Concurrent Scan Root Regions 4.465ms
[2022-05-01T23:38:35.633+0000][161][gc,marking  ] GC(13) Concurrent Mark
[2022-05-01T23:38:35.634+0000][161][gc,marking  ] GC(13) Concurrent Mark From Roots
[2022-05-01T23:38:35.635+0000][161][gc,task     ] GC(13) Using 1 workers of 1 for marking
[2022-05-01T23:38:35.673+0000][161][gc,marking  ] GC(13) Concurrent Mark From Roots 38.772ms
[2022-05-01T23:38:35.674+0000][161][gc,marking  ] GC(13) Concurrent Preclean
[2022-05-01T23:38:35.675+0000][161][gc,marking  ] GC(13) Concurrent Preclean 1.002ms
[2022-05-01T23:38:35.676+0000][161][gc,start    ] GC(13) Pause Remark
[2022-05-01T23:38:35.681+0000][161][gc          ] GC(13) Pause Remark 80M->80M(512M) 4.854ms
[2022-05-01T23:38:35.682+0000][161][gc,cpu      ] GC(13) User=0.01s Sys=0.00s Real=0.01s
[2022-05-01T23:38:35.683+0000][161][safepoint   ] Safepoint "G1Concurrent", Time since last: 51327083 ns, Reaching safepoint: 247792 ns, At safepoint: 6768167 ns, Total: 7015959 ns
[2022-05-01T23:38:35.684+0000][161][gc,marking  ] GC(13) Concurrent Mark 50.608ms
[2022-05-01T23:38:35.685+0000][161][gc,marking  ] GC(13) Concurrent Rebuild Remembered Sets
[2022-05-01T23:38:35.686+0000][161][gc,marking  ] GC(13) Concurrent Rebuild Remembered Sets 0.835ms
[2022-05-01T23:38:35.687+0000][161][gc,start    ] GC(13) Pause Cleanup
[2022-05-01T23:38:35.687+0000][161][gc          ] GC(13) Pause Cleanup 80M->80M(512M) 0.529ms
[2022-05-01T23:38:35.688+0000][161][gc,cpu      ] GC(13) User=0.00s Sys=0.00s Real=0.00s
[2022-05-01T23:38:35.689+0000][161][safepoint   ] Safepoint "G1Concurrent", Time since last: 4066875 ns, Reaching safepoint: 127541 ns, At safepoint: 2145167 ns, Total: 2272708 ns
[2022-05-01T23:38:35.690+0000][161][gc,marking  ] GC(13) Concurrent Cleanup for Next Mark
[2022-05-01T23:38:35.691+0000][161][gc,marking  ] GC(13) Concurrent Cleanup for Next Mark 0.963ms
[2022-05-01T23:38:35.692+0000][161][gc          ] GC(13) Concurrent Mark Cycle 67.203ms
[2022-05-01T23:38:36.006+0000][161][safepoint   ] Safepoint "ICBufferFull", Time since last: 316108875 ns, Reaching safepoint: 564667 ns, At safepoint: 7875 ns, Total: 572542 ns
[2022-05-01T23:38:36.151+0000][161][safepoint   ] Safepoint "ICBufferFull", Time since last: 145351042 ns, Reaching safepoint: 359958 ns, At safepoint: 12833 ns, Total: 372791 ns
[2022-05-01T23:38:36.491+0000][161][safepoint   ] Safepoint "ICBufferFull", Time since last: 339783001 ns, Reaching safepoint: 233291 ns, At safepoint: 7000 ns, Total: 240291 ns
[2022-05-01T23:38:36.671+0000][161][safepoint   ] Safepoint "ICBufferFull", Time since last: 179471709 ns, Reaching safepoint: 158375 ns, At safepoint: 3125 ns, Total: 161500 ns
[2022-05-01T23:38:36.978+0000][161][safepoint   ] Safepoint "ICBufferFull", Time since last: 307052875 ns, Reaching safepoint: 249958 ns, At safepoint: 3417 ns, Total: 253375 ns
[2022-05-01T23:38:37.123+0000][161][safepoint   ] Safepoint "ICBufferFull", Time since last: 144367125 ns, Reaching safepoint: 206666 ns, At safepoint: 3292 ns, Total: 209958 ns
[2022-05-01T23:38:37.164+0000][161][safepoint   ] Safepoint "ICBufferFull", Time since last: 40384084 ns, Reaching safepoint: 280625 ns, At safepoint: 8000 ns, Total: 288625 ns
[2022-05-01T23:38:37.224+0000][161][safepoint   ] Safepoint "ICBufferFull", Time since last: 60124250 ns, Reaching safepoint: 173708 ns, At safepoint: 10083 ns, Total: 183791 ns
[2022-05-01T23:38:37.243+0000][161][safepoint   ] Safepoint "ICBufferFull", Time since last: 19313875 ns, Reaching safepoint: 221709 ns, At safepoint: 16416 ns, Total: 238125 ns
[2022-05-01T23:38:37.275+0000][161][safepoint   ] Safepoint "ICBufferFull", Time since last: 31133084 ns, Reaching safepoint: 155333 ns, At safepoint: 8917 ns, Total: 164250 ns
[2022-05-01T23:38:37.613+0000][161][gc,start    ] GC(14) Pause Young (Concurrent Start) (Metadata GC Threshold)
[2022-05-01T23:38:37.615+0000][161][gc,task     ] GC(14) Using 5 workers of 5 for evacuation
[2022-05-01T23:38:37.616+0000][161][gc,age      ] GC(14) Desired survivor size 20971520 bytes, new threshold 15 (max threshold 15)
[2022-05-01T23:38:37.630+0000][161][gc,age      ] GC(14) Age table with threshold 15 (max threshold 15)
[2022-05-01T23:38:37.631+0000][161][gc,age      ] GC(14) - age   1:   14329200 bytes,   14329200 total
[2022-05-01T23:38:37.631+0000][161][gc,age      ] GC(14) - age   2:    5819576 bytes,   20148776 total
[2022-05-01T23:38:37.632+0000][161][gc,age      ] GC(14) - age   3:     158400 bytes,   20307176 total
[2022-05-01T23:38:37.633+0000][161][gc,phases   ] GC(14)   Pre Evacuate Collection Set: 0.1ms
[2022-05-01T23:38:37.633+0000][161][gc,phases   ] GC(14)   Merge Heap Roots: 0.2ms
[2022-05-01T23:38:37.634+0000][161][gc,phases   ] GC(14)   Evacuate Collection Set: 11.0ms
[2022-05-01T23:38:37.635+0000][161][gc,phases   ] GC(14)   Post Evacuate Collection Set: 1.8ms
[2022-05-01T23:38:37.635+0000][161][gc,phases   ] GC(14)   Other: 6.2ms
[2022-05-01T23:38:37.636+0000][161][gc,heap     ] GC(14) Eden regions: 74->0(71)
[2022-05-01T23:38:37.637+0000][161][gc,heap     ] GC(14) Survivor regions: 2->5(10)
[2022-05-01T23:38:37.638+0000][161][gc,heap     ] GC(14) Old regions: 11->11
[2022-05-01T23:38:37.639+0000][161][gc,heap     ] GC(14) Archive regions: 2->2
[2022-05-01T23:38:37.639+0000][161][gc,heap     ] GC(14) Humongous regions: 0->0
[2022-05-01T23:38:37.640+0000][161][gc,metaspace] GC(14) Metaspace: 87728K(89216K)->87728K(89216K) NonClass: 75539K(76416K)->75539K(76416K) Class: 12188K(12800K)->12188K(12800K)
[2022-05-01T23:38:37.640+0000][161][gc          ] GC(14) Pause Young (Concurrent Start) (Metadata GC Threshold) 348M->67M(512M) 26.901ms
[2022-05-01T23:38:37.641+0000][161][gc,cpu      ] GC(14) User=0.04s Sys=0.00s Real=0.03s
[2022-05-01T23:38:37.641+0000][161][safepoint   ] Safepoint "CollectForMetadataAllocation", Time since last: 338511083 ns, Reaching safepoint: 137375 ns, At safepoint: 28113167 ns, Total: 28250542 ns
[2022-05-01T23:38:37.642+0000][161][gc          ] GC(15) Concurrent Mark Cycle
[2022-05-01T23:38:37.643+0000][161][gc,marking  ] GC(15) Concurrent Clear Claimed Marks
[2022-05-01T23:38:37.643+0000][161][gc,marking  ] GC(15) Concurrent Clear Claimed Marks 0.785ms
[2022-05-01T23:38:37.644+0000][161][gc,marking  ] GC(15) Concurrent Scan Root Regions
[2022-05-01T23:38:37.655+0000][161][gc,marking  ] GC(15) Concurrent Scan Root Regions 11.393ms
[2022-05-01T23:38:37.656+0000][161][gc,marking  ] GC(15) Concurrent Mark
[2022-05-01T23:38:37.657+0000][161][gc,marking  ] GC(15) Concurrent Mark From Roots
[2022-05-01T23:38:37.658+0000][161][gc,task     ] GC(15) Using 1 workers of 1 for marking
[2022-05-01T23:38:37.698+0000][161][gc,marking  ] GC(15) Concurrent Mark From Roots 40.481ms
[2022-05-01T23:38:37.699+0000][161][gc,marking  ] GC(15) Concurrent Preclean
[2022-05-01T23:38:37.700+0000][161][gc,marking  ] GC(15) Concurrent Preclean 1.244ms
[2022-05-01T23:38:37.701+0000][161][gc,start    ] GC(15) Pause Remark
[2022-05-01T23:38:37.705+0000][161][gc          ] GC(15) Pause Remark 71M->71M(512M) 3.597ms
[2022-05-01T23:38:37.705+0000][161][gc,cpu      ] GC(15) User=0.01s Sys=0.00s Real=0.00s
[2022-05-01T23:38:37.706+0000][161][safepoint   ] Safepoint "G1Concurrent", Time since last: 59367458 ns, Reaching safepoint: 242417 ns, At safepoint: 4753333 ns, Total: 4995750 ns
[2022-05-01T23:38:37.707+0000][161][gc,marking  ] GC(15) Concurrent Mark 50.300ms
[2022-05-01T23:38:37.708+0000][161][gc,marking  ] GC(15) Concurrent Rebuild Remembered Sets
[2022-05-01T23:38:37.709+0000][161][gc,marking  ] GC(15) Concurrent Rebuild Remembered Sets 0.712ms
[2022-05-01T23:38:37.710+0000][161][gc,start    ] GC(15) Pause Cleanup
[2022-05-01T23:38:37.710+0000][161][gc          ] GC(15) Pause Cleanup 71M->71M(512M) 0.781ms
[2022-05-01T23:38:37.711+0000][161][gc,cpu      ] GC(15) User=0.00s Sys=0.00s Real=0.01s
[2022-05-01T23:38:37.712+0000][161][safepoint   ] Safepoint "G1Concurrent", Time since last: 3825292 ns, Reaching safepoint: 62958 ns, At safepoint: 2204250 ns, Total: 2267208 ns
[2022-05-01T23:38:37.714+0000][161][gc,marking  ] GC(15) Concurrent Cleanup for Next Mark
[2022-05-01T23:38:37.722+0000][161][gc,marking  ] GC(15) Concurrent Cleanup for Next Mark 8.103ms
[2022-05-01T23:38:37.722+0000][161][gc          ] GC(15) Concurrent Mark Cycle 80.904ms
[2022-05-01T23:38:38.051+0000][161][safepoint   ] Safepoint "ICBufferFull", Time since last: 339385709 ns, Reaching safepoint: 175208 ns, At safepoint: 23167 ns, Total: 198375 ns
[2022-05-01T23:38:38.352+0000][161][safepoint   ] Safepoint "ICBufferFull", Time since last: 300599750 ns, Reaching safepoint: 223875 ns, At safepoint: 3875 ns, Total: 227750 ns
[2022-05-01T23:38:38.494+0000][161][safepoint   ] Safepoint "ICBufferFull", Time since last: 136804583 ns, Reaching safepoint: 4535875 ns, At safepoint: 14375 ns, Total: 4550250 ns
[2022-05-01T23:38:38.880+0000][161][safepoint   ] Safepoint "ICBufferFull", Time since last: 385304250 ns, Reaching safepoint: 807667 ns, At safepoint: 27458 ns, Total: 835125 ns
[2022-05-01T23:38:39.194+0000][161][safepoint   ] Safepoint "ICBufferFull", Time since last: 314377000 ns, Reaching safepoint: 113917 ns, At safepoint: 2417 ns, Total: 116334 ns
[2022-05-01T23:38:39.407+0000][161][safepoint   ] Safepoint "ICBufferFull", Time since last: 211777958 ns, Reaching safepoint: 485792 ns, At safepoint: 106667 ns, Total: 592459 ns
[2022-05-01T23:38:39.501+0000][161][safepoint   ] Safepoint "ICBufferFull", Time since last: 93472041 ns, Reaching safepoint: 717625 ns, At safepoint: 6917 ns, Total: 724542 ns
[2022-05-01T23:38:39.618+0000][161][safepoint   ] Safepoint "ICBufferFull", Time since last: 116841208 ns, Reaching safepoint: 344709 ns, At safepoint: 4916 ns, Total: 349625 ns
[2022-05-01T23:38:39.816+0000][161][safepoint   ] Safepoint "ICBufferFull", Time since last: 197843917 ns, Reaching safepoint: 187583 ns, At safepoint: 14625 ns, Total: 202208 ns
[2022-05-01T23:38:39.908+0000][161][safepoint   ] Safepoint "ICBufferFull", Time since last: 91039084 ns, Reaching safepoint: 464125 ns, At safepoint: 23458 ns, Total: 487583 ns
[2022-05-01T23:38:40.042+0000][161][safepoint   ] Safepoint "ICBufferFull", Time since last: 134281584 ns, Reaching safepoint: 141666 ns, At safepoint: 9875 ns, Total: 151541 ns
[2022-05-01T23:38:40.138+0000][161][gc,start    ] GC(16) Pause Young (Normal) (G1 Evacuation Pause)
[2022-05-01T23:38:40.140+0000][161][gc,task     ] GC(16) Using 5 workers of 5 for evacuation
[2022-05-01T23:38:40.140+0000][161][gc,age      ] GC(16) Desired survivor size 20971520 bytes, new threshold 15 (max threshold 15)
[2022-05-01T23:38:40.156+0000][161][gc,age      ] GC(16) Age table with threshold 15 (max threshold 15)
[2022-05-01T23:38:40.157+0000][161][gc,age      ] GC(16) - age   1:   12220024 bytes,   12220024 total
[2022-05-01T23:38:40.159+0000][161][gc,age      ] GC(16) - age   2:   13792552 bytes,   26012576 total
[2022-05-01T23:38:40.159+0000][161][gc,age      ] GC(16) - age   3:    5638832 bytes,   31651408 total
[2022-05-01T23:38:40.160+0000][161][gc,age      ] GC(16) - age   4:     157216 bytes,   31808624 total
[2022-05-01T23:38:40.161+0000][161][gc,phases   ] GC(16)   Pre Evacuate Collection Set: 0.2ms
[2022-05-01T23:38:40.162+0000][161][gc,phases   ] GC(16)   Merge Heap Roots: 0.1ms
[2022-05-01T23:38:40.162+0000][161][gc,phases   ] GC(16)   Evacuate Collection Set: 13.0ms
[2022-05-01T23:38:40.163+0000][161][gc,phases   ] GC(16)   Post Evacuate Collection Set: 1.6ms
[2022-05-01T23:38:40.164+0000][161][gc,phases   ] GC(16)   Other: 7.6ms
[2022-05-01T23:38:40.165+0000][161][gc,heap     ] GC(16) Eden regions: 71->0(68)
[2022-05-01T23:38:40.165+0000][161][gc,heap     ] GC(16) Survivor regions: 5->8(10)
[2022-05-01T23:38:40.166+0000][161][gc,heap     ] GC(16) Old regions: 11->11
[2022-05-01T23:38:40.167+0000][161][gc,heap     ] GC(16) Archive regions: 2->2
[2022-05-01T23:38:40.168+0000][161][gc,heap     ] GC(16) Humongous regions: 6->6
[2022-05-01T23:38:40.169+0000][161][gc,metaspace] GC(16) Metaspace: 101178K(102784K)->101178K(102784K) NonClass: 87089K(88064K)->87089K(88064K) Class: 14088K(14720K)->14088K(14720K)
[2022-05-01T23:38:40.169+0000][161][gc          ] GC(16) Pause Young (Normal) (G1 Evacuation Pause) 375M->103M(512M) 30.730ms
[2022-05-01T23:38:40.170+0000][161][gc,cpu      ] GC(16) User=0.06s Sys=0.00s Real=0.03s
[2022-05-01T23:38:40.171+0000][161][safepoint   ] Safepoint "G1CollectForAllocation", Time since last: 95731875 ns, Reaching safepoint: 615459 ns, At safepoint: 32264250 ns, Total: 32879709 ns
[2022-05-01T23:38:40.275+0000][161][safepoint   ] Safepoint "ICBufferFull", Time since last: 102163791 ns, Reaching safepoint: 2470542 ns, At safepoint: 121875 ns, Total: 2592417 ns
[2022-05-01T23:38:40.473+0000][161][safepoint   ] Safepoint "ICBufferFull", Time since last: 197305125 ns, Reaching safepoint: 321333 ns, At safepoint: 9042 ns, Total: 330375 ns
[2022-05-01T23:38:40.638+0000][161][safepoint   ] Safepoint "ICBufferFull", Time since last: 164817833 ns, Reaching safepoint: 317625 ns, At safepoint: 37459 ns, Total: 355084 ns
[2022-05-01T23:38:40.785+0000][161][safepoint   ] Safepoint "ICBufferFull", Time since last: 146693417 ns, Reaching safepoint: 122291 ns, At safepoint: 72584 ns, Total: 194875 ns
[2022-05-01T23:38:40.860+0000][161][safepoint   ] Safepoint "ICBufferFull", Time since last: 74102958 ns, Reaching safepoint: 358000 ns, At safepoint: 10083 ns, Total: 368083 ns
[2022-05-01T23:38:41.048+0000][161][safepoint   ] Safepoint "ICBufferFull", Time since last: 187275959 ns, Reaching safepoint: 690041 ns, At safepoint: 4709 ns, Total: 694750 ns
[2022-05-01T23:38:41.228+0000][161][safepoint   ] Safepoint "ICBufferFull", Time since last: 179897166 ns, Reaching safepoint: 531834 ns, At safepoint: 165000 ns, Total: 696834 ns
[2022-05-01T23:38:41.472+0000][161][safepoint   ] Safepoint "ICBufferFull", Time since last: 242315667 ns, Reaching safepoint: 985208 ns, At safepoint: 349917 ns, Total: 1335125 ns
[2022-05-01T23:38:41.514+0000][161][safepoint   ] Safepoint "ICBufferFull", Time since last: 40912625 ns, Reaching safepoint: 775458 ns, At safepoint: 14958 ns, Total: 790416 ns
[2022-05-01T23:38:41.787+0000][161][safepoint   ] Safepoint "ICBufferFull", Time since last: 272462875 ns, Reaching safepoint: 574125 ns, At safepoint: 17459 ns, Total: 591584 ns
[2022-05-01T23:38:42.253+0000][161][safepoint   ] Safepoint "ICBufferFull", Time since last: 466053625 ns, Reaching safepoint: 217917 ns, At safepoint: 38333 ns, Total: 256250 ns
[2022-05-01T23:38:42.623+0000][161][safepoint   ] Safepoint "ICBufferFull", Time since last: 369342458 ns, Reaching safepoint: 431750 ns, At safepoint: 29584 ns, Total: 461334 ns
[2022-05-01T23:38:43.036+0000][161][safepoint   ] Safepoint "ICBufferFull", Time since last: 413067125 ns, Reaching safepoint: 156208 ns, At safepoint: 44834 ns, Total: 201042 ns
[2022-05-01T23:38:43.265+0000][161][safepoint   ] Safepoint "ICBufferFull", Time since last: 226602375 ns, Reaching safepoint: 2522333 ns, At safepoint: 32542 ns, Total: 2554875 ns
[2022-05-01T23:38:43.567+0000][161][gc,start    ] GC(17) Pause Young (Normal) (G1 Evacuation Pause)
[2022-05-01T23:38:43.569+0000][161][gc,task     ] GC(17) Using 5 workers of 5 for evacuation
[2022-05-01T23:38:43.571+0000][161][gc,age      ] GC(17) Desired survivor size 20971520 bytes, new threshold 2 (max threshold 15)
[2022-05-01T23:38:43.591+0000][161][gc,age      ] GC(17) Age table with threshold 2 (max threshold 15)
[2022-05-01T23:38:43.594+0000][161][gc,age      ] GC(17) - age   1:   17501048 bytes,   17501048 total
[2022-05-01T23:38:43.595+0000][161][gc,age      ] GC(17) - age   2:    8154600 bytes,   25655648 total
[2022-05-01T23:38:43.596+0000][161][gc,phases   ] GC(17)   Pre Evacuate Collection Set: 0.3ms
[2022-05-01T23:38:43.597+0000][161][gc,phases   ] GC(17)   Merge Heap Roots: 0.2ms
[2022-05-01T23:38:43.598+0000][161][gc,phases   ] GC(17)   Evacuate Collection Set: 17.6ms
[2022-05-01T23:38:43.599+0000][161][gc,phases   ] GC(17)   Post Evacuate Collection Set: 1.4ms
[2022-05-01T23:38:43.599+0000][161][gc,phases   ] GC(17)   Other: 9.1ms
[2022-05-01T23:38:43.600+0000][161][gc,heap     ] GC(17) Eden regions: 68->0(66)
[2022-05-01T23:38:43.601+0000][161][gc,heap     ] GC(17) Survivor regions: 8->7(10)
[2022-05-01T23:38:43.603+0000][161][gc,heap     ] GC(17) Old regions: 11->16
[2022-05-01T23:38:43.604+0000][161][gc,heap     ] GC(17) Archive regions: 2->2
[2022-05-01T23:38:43.605+0000][161][gc,heap     ] GC(17) Humongous regions: 6->6
[2022-05-01T23:38:43.606+0000][161][gc,metaspace] GC(17) Metaspace: 104425K(105920K)->104425K(105920K) NonClass: 89962K(90880K)->89962K(90880K) Class: 14462K(15040K)->14462K(15040K)
[2022-05-01T23:38:43.607+0000][161][gc          ] GC(17) Pause Young (Normal) (G1 Evacuation Pause) 375M->117M(512M) 39.716ms
[2022-05-01T23:38:43.608+0000][161][gc,cpu      ] GC(17) User=0.05s Sys=0.00s Real=0.04s
[2022-05-01T23:38:43.609+0000][161][safepoint   ] Safepoint "G1CollectForAllocation", Time since last: 301826708 ns, Reaching safepoint: 122500 ns, At safepoint: 41503667 ns, Total: 41626167 ns
[2022-05-01T23:38:44.336+0000][161][safepoint   ] Safepoint "ICBufferFull", Time since last: 727362334 ns, Reaching safepoint: 285791 ns, At safepoint: 45750 ns, Total: 331541 ns
[2022-05-01T23:38:45.338+0000][161][safepoint   ] Safepoint "Cleanup", Time since last: 1001185959 ns, Reaching safepoint: 238958 ns, At safepoint: 3917 ns, Total: 242875 ns
[2022-05-01T23:38:46.041+0000][161][safepoint   ] Safepoint "ICBufferFull", Time since last: 702805459 ns, Reaching safepoint: 386125 ns, At safepoint: 46958 ns, Total: 433083 ns
[2022-05-01T23:38:46.566+0000][161][safepoint   ] Safepoint "ICBufferFull", Time since last: 524951625 ns, Reaching safepoint: 168167 ns, At safepoint: 4083 ns, Total: 172250 ns
[2022-05-01T23:38:47.567+0000][161][safepoint   ] Safepoint "Cleanup", Time since last: 1001165917 ns, Reaching safepoint: 91875 ns, At safepoint: 2292 ns, Total: 94167 ns
[2022-05-01T23:38:47.653+0000][161][safepoint   ] Safepoint "ICBufferFull", Time since last: 85728125 ns, Reaching safepoint: 135917 ns, At safepoint: 140167 ns, Total: 276084 ns
[2022-05-01T23:38:48.612+0000][161][safepoint   ] Safepoint "ICBufferFull", Time since last: 956392917 ns, Reaching safepoint: 2546166 ns, At safepoint: 25459 ns, Total: 2571625 ns
[2022-05-01T23:38:49.679+0000][161][safepoint   ] Safepoint "Cleanup", Time since last: 1059627375 ns, Reaching safepoint: 675167 ns, At safepoint: 10458 ns, Total: 685625 ns
[2022-05-01T23:38:50.666+0000][161][safepoint   ] Safepoint "ICBufferFull", Time since last: 985975042 ns, Reaching safepoint: 411833 ns, At safepoint: 7209 ns, Total: 419042 ns
[2022-05-01T23:38:51.192+0000][161][safepoint   ] Safepoint "ICBufferFull", Time since last: 525536542 ns, Reaching safepoint: 379083 ns, At safepoint: 55333 ns, Total: 434416 ns
[2022-05-01T23:38:51.212+0000][161][safepoint   ] Safepoint "ICBufferFull", Time since last: 20448125 ns, Reaching safepoint: 323834 ns, At safepoint: 42500 ns, Total: 366334 ns
[2022-05-01T23:38:51.220+0000][161][gc,start    ] GC(18) Pause Young (Normal) (G1 Evacuation Pause)
[2022-05-01T23:38:51.222+0000][161][gc,task     ] GC(18) Using 5 workers of 5 for evacuation
[2022-05-01T23:38:51.223+0000][161][gc,age      ] GC(18) Desired survivor size 20971520 bytes, new threshold 2 (max threshold 15)
[2022-05-01T23:38:51.234+0000][161][gc,age      ] GC(18) Age table with threshold 2 (max threshold 15)
[2022-05-01T23:38:51.235+0000][161][gc,age      ] GC(18) - age   1:   12218896 bytes,   12218896 total
[2022-05-01T23:38:51.236+0000][161][gc,age      ] GC(18) - age   2:    7798040 bytes,   20016936 total
[2022-05-01T23:38:51.237+0000][161][gc,phases   ] GC(18)   Pre Evacuate Collection Set: 0.1ms
[2022-05-01T23:38:51.237+0000][161][gc,phases   ] GC(18)   Merge Heap Roots: 0.3ms
[2022-05-01T23:38:51.238+0000][161][gc,phases   ] GC(18)   Evacuate Collection Set: 7.7ms
[2022-05-01T23:38:51.239+0000][161][gc,phases   ] GC(18)   Post Evacuate Collection Set: 1.5ms
[2022-05-01T23:38:51.239+0000][161][gc,phases   ] GC(18)   Other: 7.2ms
[2022-05-01T23:38:51.241+0000][161][gc,heap     ] GC(18) Eden regions: 66->0(66)
[2022-05-01T23:38:51.242+0000][161][gc,heap     ] GC(18) Survivor regions: 7->5(10)
[2022-05-01T23:38:51.243+0000][161][gc,heap     ] GC(18) Old regions: 16->18
[2022-05-01T23:38:51.243+0000][161][gc,heap     ] GC(18) Archive regions: 2->2
[2022-05-01T23:38:51.244+0000][161][gc,heap     ] GC(18) Humongous regions: 6->6
[2022-05-01T23:38:51.245+0000][161][gc,metaspace] GC(18) Metaspace: 107791K(109440K)->107791K(109440K) NonClass: 92851K(93824K)->92851K(93824K) Class: 14940K(15616K)->14940K(15616K)
[2022-05-01T23:38:51.246+0000][161][gc          ] GC(18) Pause Young (Normal) (G1 Evacuation Pause) 381M->119M(512M) 25.540ms
[2022-05-01T23:38:51.246+0000][161][gc,cpu      ] GC(18) User=0.03s Sys=0.01s Real=0.02s
[2022-05-01T23:38:51.250+0000][161][safepoint   ] Safepoint "G1CollectForAllocation", Time since last: 6978458 ns, Reaching safepoint: 485208 ns, At safepoint: 29712792 ns, Total: 30198000 ns
[2022-05-01T23:38:51.449+0000][161][safepoint   ] Safepoint "ICBufferFull", Time since last: 199288292 ns, Reaching safepoint: 547375 ns, At safepoint: 6791 ns, Total: 554166 ns
[2022-05-01T23:38:51.610+0000][161][safepoint   ] Safepoint "ICBufferFull", Time since last: 159601000 ns, Reaching safepoint: 585250 ns, At safepoint: 9667 ns, Total: 594917 ns
[2022-05-01T23:38:52.612+0000][161][safepoint   ] Safepoint "Cleanup", Time since last: 1001709417 ns, Reaching safepoint: 352792 ns, At safepoint: 62708 ns, Total: 415500 ns
[2022-05-01T23:38:53.494+0000][161][safepoint   ] Safepoint "ICBufferFull", Time since last: 882028667 ns, Reaching safepoint: 383875 ns, At safepoint: 12250 ns, Total: 396125 ns
[2022-05-01T23:38:54.061+0000][161][safepoint   ] Safepoint "ICBufferFull", Time since last: 566343417 ns, Reaching safepoint: 167667 ns, At safepoint: 2042 ns, Total: 169709 ns
[2022-05-01T23:38:54.180+0000][161][safepoint   ] Safepoint "ICBufferFull", Time since last: 118238375 ns, Reaching safepoint: 683625 ns, At safepoint: 10916 ns, Total: 694541 ns
[2022-05-01T23:38:54.232+0000][161][safepoint   ] Safepoint "ICBufferFull", Time since last: 51686417 ns, Reaching safepoint: 590917 ns, At safepoint: 22583 ns, Total: 613500 ns
[2022-05-01T23:38:55.233+0000][161][safepoint   ] Safepoint "Cleanup", Time since last: 1000926625 ns, Reaching safepoint: 251250 ns, At safepoint: 10459 ns, Total: 261709 ns
[2022-05-01T23:38:56.235+0000][161][safepoint   ] Safepoint "Cleanup", Time since last: 1001190375 ns, Reaching safepoint: 184375 ns, At safepoint: 6792 ns, Total: 191167 ns
[2022-05-01T23:38:57.236+0000][161][safepoint   ] Safepoint "Cleanup", Time since last: 1000995709 ns, Reaching safepoint: 513375 ns, At safepoint: 18625 ns, Total: 532000 ns
[2022-05-01T23:38:58.239+0000][161][safepoint   ] Safepoint "Cleanup", Time since last: 1002714417 ns, Reaching safepoint: 113583 ns, At safepoint: 2584 ns, Total: 116167 ns
[2022-05-01T23:39:00.240+0000][161][safepoint   ] Safepoint "Cleanup", Time since last: 2001292959 ns, Reaching safepoint: 187625 ns, At safepoint: 10542 ns, Total: 198167 ns
[2022-05-01T23:39:01.719+0000][161][gc,start    ] GC(19) Pause Young (Normal) (G1 Evacuation Pause)
[2022-05-01T23:39:01.720+0000][161][gc,task     ] GC(19) Using 5 workers of 5 for evacuation
[2022-05-01T23:39:01.721+0000][161][gc,age      ] GC(19) Desired survivor size 18874368 bytes, new threshold 2 (max threshold 15)
[2022-05-01T23:39:01.729+0000][161][gc,age      ] GC(19) Age table with threshold 2 (max threshold 15)
[2022-05-01T23:39:01.730+0000][161][gc,age      ] GC(19) - age   1:    2371944 bytes,    2371944 total
[2022-05-01T23:39:01.731+0000][161][gc,age      ] GC(19) - age   2:    4976392 bytes,    7348336 total
[2022-05-01T23:39:01.732+0000][161][gc,phases   ] GC(19)   Pre Evacuate Collection Set: 0.1ms
[2022-05-01T23:39:01.733+0000][161][gc,phases   ] GC(19)   Merge Heap Roots: 0.0ms
[2022-05-01T23:39:01.734+0000][161][gc,phases   ] GC(19)   Evacuate Collection Set: 6.6ms
[2022-05-01T23:39:01.734+0000][161][gc,phases   ] GC(19)   Post Evacuate Collection Set: 1.0ms
[2022-05-01T23:39:01.735+0000][161][gc,phases   ] GC(19)   Other: 5.6ms
[2022-05-01T23:39:01.736+0000][161][gc,heap     ] GC(19) Eden regions: 66->0(68)
[2022-05-01T23:39:01.737+0000][161][gc,heap     ] GC(19) Survivor regions: 5->2(9)
[2022-05-01T23:39:01.737+0000][161][gc,heap     ] GC(19) Old regions: 18->20
[2022-05-01T23:39:01.737+0000][161][gc,heap     ] GC(19) Archive regions: 2->2
[2022-05-01T23:39:01.738+0000][161][gc,heap     ] GC(19) Humongous regions: 6->6
[2022-05-01T23:39:01.739+0000][161][gc,metaspace] GC(19) Metaspace: 109634K(111360K)->109634K(111360K) NonClass: 94517K(95552K)->94517K(95552K) Class: 15116K(15808K)->15116K(15808K)
[2022-05-01T23:39:01.739+0000][161][gc          ] GC(19) Pause Young (Normal) (G1 Evacuation Pause) 383M->115M(512M) 20.376ms
[2022-05-01T23:39:01.740+0000][161][gc,cpu      ] GC(19) User=0.02s Sys=0.01s Real=0.02s
[2022-05-01T23:39:01.741+0000][161][safepoint   ] Safepoint "G1CollectForAllocation", Time since last: 1478389792 ns, Reaching safepoint: 160375 ns, At safepoint: 22345333 ns, Total: 22505708 ns
[2022-05-01T23:39:02.556+0000][161][safepoint   ] Safepoint "ICBufferFull", Time since last: 814038792 ns, Reaching safepoint: 632250 ns, At safepoint: 7917 ns, Total: 640167 ns
[2022-05-01T23:39:03.560+0000][161][safepoint   ] Safepoint "Cleanup", Time since last: 1001383042 ns, Reaching safepoint: 2302917 ns, At safepoint: 14583 ns, Total: 2317500 ns
[2022-05-01T23:39:04.563+0000][161][safepoint   ] Safepoint "Cleanup", Time since last: 1003188917 ns, Reaching safepoint: 148667 ns, At safepoint: 3042 ns, Total: 151709 ns
[2022-05-01T23:39:05.491+0000][161][safepoint   ] Safepoint "ICBufferFull", Time since last: 927436500 ns, Reaching safepoint: 280792 ns, At safepoint: 15791 ns, Total: 296583 ns
[2022-05-01T23:39:06.492+0000][161][safepoint   ] Safepoint "Cleanup", Time since last: 1001098543 ns, Reaching safepoint: 323666 ns, At safepoint: 3750 ns, Total: 327416 ns
[2022-05-01T23:39:08.493+0000][161][safepoint   ] Safepoint "Cleanup", Time since last: 2000936418 ns, Reaching safepoint: 81541 ns, At safepoint: 19250 ns, Total: 100791 ns
[2022-05-01T23:39:08.949+0000][161][safepoint   ] Safepoint "ICBufferFull", Time since last: 455711792 ns, Reaching safepoint: 404750 ns, At safepoint: 40000 ns, Total: 444750 ns
[2022-05-01T23:39:09.951+0000][161][safepoint   ] Safepoint "Cleanup", Time since last: 1001120459 ns, Reaching safepoint: 281542 ns, At safepoint: 5333 ns, Total: 286875 ns
[2022-05-01T23:39:10.953+0000][161][safepoint   ] Safepoint "Cleanup", Time since last: 1001413667 ns, Reaching safepoint: 336125 ns, At safepoint: 24459 ns, Total: 360584 ns
[2022-05-01T23:39:11.954+0000][161][safepoint   ] Safepoint "Cleanup", Time since last: 1001066167 ns, Reaching safepoint: 69750 ns, At safepoint: 2583 ns, Total: 72333 ns
[2022-05-01T23:39:12.955+0000][161][safepoint   ] Safepoint "Cleanup", Time since last: 1001301751 ns, Reaching safepoint: 160083 ns, At safepoint: 3750 ns, Total: 163833 ns
[2022-05-01T23:39:13.957+0000][161][safepoint   ] Safepoint "Cleanup", Time since last: 1001260625 ns, Reaching safepoint: 280209 ns, At safepoint: 4291 ns, Total: 284500 ns
[2022-05-01T23:39:14.960+0000][161][safepoint   ] Safepoint "Cleanup", Time since last: 1003169709 ns, Reaching safepoint: 366334 ns, At safepoint: 6750 ns, Total: 373084 ns
[2022-05-01T23:39:15.961+0000][161][safepoint   ] Safepoint "Cleanup", Time since last: 1000956792 ns, Reaching safepoint: 148208 ns, At safepoint: 12875 ns, Total: 161083 ns
[2022-05-01T23:39:16.966+0000][161][safepoint   ] Safepoint "Cleanup", Time since last: 1004710251 ns, Reaching safepoint: 174833 ns, At safepoint: 9917 ns, Total: 184750 ns
[2022-05-01T23:39:17.509+0000][161][gc,start    ] GC(20) Pause Young (Normal) (G1 Evacuation Pause)
[2022-05-01T23:39:17.510+0000][161][gc,task     ] GC(20) Using 5 workers of 5 for evacuation
[2022-05-01T23:39:17.511+0000][161][gc,age      ] GC(20) Desired survivor size 18874368 bytes, new threshold 15 (max threshold 15)
[2022-05-01T23:39:17.520+0000][161][gc,age      ] GC(20) Age table with threshold 15 (max threshold 15)
[2022-05-01T23:39:17.521+0000][161][gc,age      ] GC(20) - age   1:    4545888 bytes,    4545888 total
[2022-05-01T23:39:17.522+0000][161][gc,age      ] GC(20) - age   2:    1525896 bytes,    6071784 total
[2022-05-01T23:39:17.522+0000][161][gc,age      ] GC(20) - age   3:    4826368 bytes,   10898152 total
[2022-05-01T23:39:17.523+0000][161][gc,phases   ] GC(20)   Pre Evacuate Collection Set: 0.1ms
[2022-05-01T23:39:17.524+0000][161][gc,phases   ] GC(20)   Merge Heap Roots: 0.1ms
[2022-05-01T23:39:17.524+0000][161][gc,phases   ] GC(20)   Evacuate Collection Set: 7.7ms
[2022-05-01T23:39:17.525+0000][161][gc,phases   ] GC(20)   Post Evacuate Collection Set: 0.7ms
[2022-05-01T23:39:17.525+0000][161][gc,phases   ] GC(20)   Other: 5.1ms
[2022-05-01T23:39:17.527+0000][161][gc,heap     ] GC(20) Eden regions: 68->0(69)
[2022-05-01T23:39:17.527+0000][161][gc,heap     ] GC(20) Survivor regions: 2->3(9)
[2022-05-01T23:39:17.528+0000][161][gc,heap     ] GC(20) Old regions: 20->20
[2022-05-01T23:39:17.528+0000][161][gc,heap     ] GC(20) Archive regions: 2->2
[2022-05-01T23:39:17.529+0000][161][gc,heap     ] GC(20) Humongous regions: 6->6
[2022-05-01T23:39:17.530+0000][161][gc,metaspace] GC(20) Metaspace: 110234K(112000K)->110234K(112000K) NonClass: 95104K(96192K)->95104K(96192K) Class: 15130K(15808K)->15130K(15808K)
[2022-05-01T23:39:17.530+0000][161][gc          ] GC(20) Pause Young (Normal) (G1 Evacuation Pause) 387M->119M(512M) 20.749ms
[2022-05-01T23:39:17.531+0000][161][gc,cpu      ] GC(20) User=0.01s Sys=0.00s Real=0.02s
[2022-05-01T23:39:17.532+0000][161][safepoint   ] Safepoint "G1CollectForAllocation", Time since last: 540287500 ns, Reaching safepoint: 2640583 ns, At safepoint: 22427333 ns, Total: 25067916 ns
[2022-05-01T23:39:18.533+0000][161][safepoint   ] Safepoint "Cleanup", Time since last: 1001588084 ns, Reaching safepoint: 238084 ns, At safepoint: 11791 ns, Total: 249875 ns
[2022-05-01T23:39:19.535+0000][161][safepoint   ] Safepoint "Cleanup", Time since last: 1001266126 ns, Reaching safepoint: 178458 ns, At safepoint: 10292 ns, Total: 188750 ns
[2022-05-01T23:39:20.536+0000][161][safepoint   ] Safepoint "Cleanup", Time since last: 1000753625 ns, Reaching safepoint: 176958 ns, At safepoint: 3834 ns, Total: 180792 ns
[2022-05-01T23:39:21.539+0000][161][safepoint   ] Safepoint "Cleanup", Time since last: 1002037792 ns, Reaching safepoint: 397583 ns, At safepoint: 12917 ns, Total: 410500 ns
[2022-05-01T23:39:22.541+0000][161][safepoint   ] Safepoint "Cleanup", Time since last: 1001608375 ns, Reaching safepoint: 114709 ns, At safepoint: 6708 ns, Total: 121417 ns
[2022-05-01T23:39:23.542+0000][161][safepoint   ] Safepoint "Cleanup", Time since last: 1000905125 ns, Reaching safepoint: 247834 ns, At safepoint: 13250 ns, Total: 261084 ns
[2022-05-01T23:39:24.544+0000][161][safepoint   ] Safepoint "Cleanup", Time since last: 1001927958 ns, Reaching safepoint: 674375 ns, At safepoint: 21542 ns, Total: 695917 ns
[2022-05-01T23:39:25.551+0000][161][safepoint   ] Safepoint "Cleanup", Time since last: 1006832292 ns, Reaching safepoint: 210875 ns, At safepoint: 9792 ns, Total: 220667 ns
[2022-05-01T23:39:26.554+0000][161][safepoint   ] Safepoint "Cleanup", Time since last: 1002621625 ns, Reaching safepoint: 256000 ns, At safepoint: 13417 ns, Total: 269417 ns
[2022-05-01T23:39:27.558+0000][161][safepoint   ] Safepoint "Cleanup", Time since last: 1002134542 ns, Reaching safepoint: 1237917 ns, At safepoint: 11958 ns, Total: 1249875 ns
[2022-05-01T23:39:28.565+0000][161][safepoint   ] Safepoint "Cleanup", Time since last: 1007072626 ns, Reaching safepoint: 578708 ns, At safepoint: 21917 ns, Total: 600625 ns
[2022-05-01T23:39:29.574+0000][161][safepoint   ] Safepoint "Cleanup", Time since last: 1008041667 ns, Reaching safepoint: 181792 ns, At safepoint: 4833 ns, Total: 186625 ns
[2022-05-01T23:39:29.891+0000][161][safepoint   ] Safepoint "ICBufferFull", Time since last: 317042167 ns, Reaching safepoint: 217750 ns, At safepoint: 6625 ns, Total: 224375 ns
[2022-05-01T23:39:31.210+0000][161][safepoint   ] Safepoint "Cleanup", Time since last: 1315797459 ns, Reaching safepoint: 3427916 ns, At safepoint: 29292 ns, Total: 3457208 ns
[2022-05-01T23:39:32.217+0000][161][safepoint   ] Safepoint "Cleanup", Time since last: 1006035667 ns, Reaching safepoint: 682542 ns, At safepoint: 22250 ns, Total: 704792 ns
[2022-05-01T23:39:33.227+0000][161][safepoint   ] Safepoint "Cleanup", Time since last: 1009180375 ns, Reaching safepoint: 458084 ns, At safepoint: 13875 ns, Total: 471959 ns
[2022-05-01T23:39:34.237+0000][161][safepoint   ] Safepoint "Cleanup", Time since last: 1010304625 ns, Reaching safepoint: 257833 ns, At safepoint: 17959 ns, Total: 275792 ns
[2022-05-01T23:39:35.260+0000][161][safepoint   ] Safepoint "Cleanup", Time since last: 1022196167 ns, Reaching safepoint: 422625 ns, At safepoint: 26250 ns, Total: 448875 ns
[2022-05-01T23:39:36.267+0000][161][safepoint   ] Safepoint "Cleanup", Time since last: 1007311625 ns, Reaching safepoint: 286125 ns, At safepoint: 9792 ns, Total: 295917 ns
[2022-05-01T23:39:37.273+0000][161][safepoint   ] Safepoint "Cleanup", Time since last: 1005795292 ns, Reaching safepoint: 167000 ns, At safepoint: 10709 ns, Total: 177709 ns
[2022-05-01T23:39:38.281+0000][161][safepoint   ] Safepoint "Cleanup", Time since last: 1007364458 ns, Reaching safepoint: 719667 ns, At safepoint: 19333 ns, Total: 739000 ns
[2022-05-01T23:39:39.292+0000][161][safepoint   ] Safepoint "Cleanup", Time since last: 1010353793 ns, Reaching safepoint: 314083 ns, At safepoint: 8375 ns, Total: 322458 ns
[2022-05-01T23:39:40.302+0000][161][safepoint   ] Safepoint "Cleanup", Time since last: 1009824542 ns, Reaching safepoint: 382125 ns, At safepoint: 12125 ns, Total: 394250 ns
[2022-05-01T23:39:42.314+0000][161][safepoint   ] Safepoint "Cleanup", Time since last: 2011732209 ns, Reaching safepoint: 291625 ns, At safepoint: 9042 ns, Total: 300667 ns
[2022-05-01T23:39:43.317+0000][161][safepoint   ] Safepoint "Cleanup", Time since last: 1002099584 ns, Reaching safepoint: 92875 ns, At safepoint: 4041 ns, Total: 96916 ns
[2022-05-01T23:39:44.318+0000][161][safepoint   ] Safepoint "Cleanup", Time since last: 1000863793 ns, Reaching safepoint: 114541 ns, At safepoint: 3334 ns, Total: 117875 ns
[2022-05-01T23:39:45.323+0000][161][safepoint   ] Safepoint "Cleanup", Time since last: 1004805667 ns, Reaching safepoint: 411791 ns, At safepoint: 13417 ns, Total: 425208 ns
[2022-05-01T23:39:46.325+0000][161][safepoint   ] Safepoint "Cleanup", Time since last: 1002195417 ns, Reaching safepoint: 87042 ns, At safepoint: 1875 ns, Total: 88917 ns
[2022-05-01T23:39:48.329+0000][161][safepoint   ] Safepoint "Cleanup", Time since last: 2002988501 ns, Reaching safepoint: 520250 ns, At safepoint: 20666 ns, Total: 540916 ns
[2022-05-01T23:39:50.343+0000][161][safepoint   ] Safepoint "Cleanup", Time since last: 2013740375 ns, Reaching safepoint: 478959 ns, At safepoint: 14083 ns, Total: 493042 ns
[2022-05-01T23:39:51.349+0000][161][safepoint   ] Safepoint "Cleanup", Time since last: 1004868001 ns, Reaching safepoint: 357750 ns, At safepoint: 20041 ns, Total: 377791 ns
[2022-05-01T23:39:53.359+0000][161][safepoint   ] Safepoint "Cleanup", Time since last: 2007143335 ns, Reaching safepoint: 2759250 ns, At safepoint: 17750 ns, Total: 2777000 ns
[2022-05-01T23:39:54.364+0000][161][safepoint   ] Safepoint "Cleanup", Time since last: 1005406542 ns, Reaching safepoint: 339333 ns, At safepoint: 5125 ns, Total: 344458 ns
[2022-05-01T23:39:55.370+0000][161][safepoint   ] Safepoint "Cleanup", Time since last: 1002504042 ns, Reaching safepoint: 3034292 ns, At safepoint: 17958 ns, Total: 3052250 ns
[2022-05-01T23:39:57.380+0000][161][safepoint   ] Safepoint "Cleanup", Time since last: 2009459751 ns, Reaching safepoint: 134167 ns, At safepoint: 11333 ns, Total: 145500 ns
[2022-05-01T23:39:58.384+0000][161][safepoint   ] Safepoint "Cleanup", Time since last: 1003866709 ns, Reaching safepoint: 245750 ns, At safepoint: 9875 ns, Total: 255625 ns
[2022-05-01T23:39:59.391+0000][161][safepoint   ] Safepoint "Cleanup", Time since last: 1006660000 ns, Reaching safepoint: 441542 ns, At safepoint: 11917 ns, Total: 453459 ns
[2022-05-01T23:40:00.394+0000][161][safepoint   ] Safepoint "Cleanup", Time since last: 1002919792 ns, Reaching safepoint: 308167 ns, At safepoint: 17625 ns, Total: 325792 ns
[2022-05-01T23:40:03.413+0000][161][safepoint   ] Safepoint "Cleanup", Time since last: 3018529251 ns, Reaching safepoint: 578000 ns, At safepoint: 14333 ns, Total: 592333 ns
[2022-05-01T23:40:04.425+0000][161][safepoint   ] Safepoint "Cleanup", Time since last: 1010999584 ns, Reaching safepoint: 711709 ns, At safepoint: 230416 ns, Total: 942125 ns
[2022-05-01T23:40:05.436+0000][161][safepoint   ] Safepoint "Cleanup", Time since last: 1010294709 ns, Reaching safepoint: 703750 ns, At safepoint: 21958 ns, Total: 725708 ns
[2022-05-01T23:40:06.443+0000][161][safepoint   ] Safepoint "Cleanup", Time since last: 1006210292 ns, Reaching safepoint: 403834 ns, At safepoint: 10083 ns, Total: 413917 ns
[2022-05-01T23:40:07.450+0000][161][safepoint   ] Safepoint "Cleanup", Time since last: 1007268876 ns, Reaching safepoint: 234000 ns, At safepoint: 80958 ns, Total: 314958 ns
[2022-05-01T23:40:08.458+0000][161][safepoint   ] Safepoint "Cleanup", Time since last: 1007754417 ns, Reaching safepoint: 163375 ns, At safepoint: 5000 ns, Total: 168375 ns
[2022-05-01T23:40:09.158+0000][161][gc,start    ] GC(21) Pause Young (Normal) (G1 Evacuation Pause)
[2022-05-01T23:40:09.160+0000][161][gc,task     ] GC(21) Using 5 workers of 5 for evacuation
[2022-05-01T23:40:09.161+0000][161][gc,age      ] GC(21) Desired survivor size 18874368 bytes, new threshold 15 (max threshold 15)
[2022-05-01T23:40:09.167+0000][161][gc,age      ] GC(21) Age table with threshold 15 (max threshold 15)
[2022-05-01T23:40:09.168+0000][161][gc,age      ] GC(21) - age   1:    1236432 bytes,    1236432 total
[2022-05-01T23:40:09.169+0000][161][gc,age      ] GC(21) - age   2:     403488 bytes,    1639920 total
[2022-05-01T23:40:09.170+0000][161][gc,age      ] GC(21) - age   3:    1285968 bytes,    2925888 total
[2022-05-01T23:40:09.171+0000][161][gc,age      ] GC(21) - age   4:    4823024 bytes,    7748912 total
[2022-05-01T23:40:09.172+0000][161][gc,phases   ] GC(21)   Pre Evacuate Collection Set: 0.1ms
[2022-05-01T23:40:09.173+0000][161][gc,phases   ] GC(21)   Merge Heap Roots: 0.0ms
[2022-05-01T23:40:09.173+0000][161][gc,phases   ] GC(21)   Evacuate Collection Set: 4.4ms
[2022-05-01T23:40:09.174+0000][161][gc,phases   ] GC(21)   Post Evacuate Collection Set: 0.8ms
[2022-05-01T23:40:09.175+0000][161][gc,phases   ] GC(21)   Other: 7.9ms
[2022-05-01T23:40:09.176+0000][161][gc,heap     ] GC(21) Eden regions: 69->0(70)
[2022-05-01T23:40:09.176+0000][161][gc,heap     ] GC(21) Survivor regions: 3->3(9)
[2022-05-01T23:40:09.177+0000][161][gc,heap     ] GC(21) Old regions: 20->20
[2022-05-01T23:40:09.177+0000][161][gc,heap     ] GC(21) Archive regions: 2->2
[2022-05-01T23:40:09.178+0000][161][gc,heap     ] GC(21) Humongous regions: 6->6
[2022-05-01T23:40:09.178+0000][161][gc,metaspace] GC(21) Metaspace: 111033K(112768K)->111033K(112768K) NonClass: 95899K(96960K)->95899K(96960K) Class: 15133K(15808K)->15133K(15808K)
[2022-05-01T23:40:09.179+0000][161][gc          ] GC(21) Pause Young (Normal) (G1 Evacuation Pause) 395M->116M(512M) 20.605ms
[2022-05-01T23:40:09.180+0000][161][gc,cpu      ] GC(21) User=0.02s Sys=0.00s Real=0.02s
[2022-05-01T23:40:09.181+0000][161][safepoint   ] Safepoint "G1CollectForAllocation", Time since last: 700031584 ns, Reaching safepoint: 61708 ns, At safepoint: 22254542 ns, Total: 22316250 ns
[2022-05-01T23:40:10.184+0000][161][safepoint   ] Safepoint "Cleanup", Time since last: 1002752667 ns, Reaching safepoint: 349375 ns, At safepoint: 9125 ns, Total: 358500 ns
[2022-05-01T23:40:12.210+0000][161][safepoint   ] Safepoint "Cleanup", Time since last: 2024196959 ns, Reaching safepoint: 1938625 ns, At safepoint: 43250 ns, Total: 1981875 ns
[2022-05-01T23:40:13.217+0000][161][safepoint   ] Safepoint "Cleanup", Time since last: 1005988667 ns, Reaching safepoint: 742750 ns, At safepoint: 21834 ns, Total: 764584 ns
[2022-05-01T23:40:15.238+0000][161][safepoint   ] Safepoint "Cleanup", Time since last: 2019582959 ns, Reaching safepoint: 2156500 ns, At safepoint: 14375 ns, Total: 2170875 ns
[2022-05-01T23:40:16.245+0000][161][safepoint   ] Safepoint "Cleanup", Time since last: 1005783375 ns, Reaching safepoint: 319709 ns, At safepoint: 44875 ns, Total: 364584 ns
[2022-05-01T23:40:18.250+0000][161][safepoint   ] Safepoint "Cleanup", Time since last: 2004752751 ns, Reaching safepoint: 312791 ns, At safepoint: 8292 ns, Total: 321083 ns
[2022-05-01T23:40:19.251+0000][161][safepoint   ] Safepoint "Cleanup", Time since last: 1001343876 ns, Reaching safepoint: 272000 ns, At safepoint: 5791 ns, Total: 277791 ns
[2022-05-01T23:40:20.253+0000][161][safepoint   ] Safepoint "Cleanup", Time since last: 1001818041 ns, Reaching safepoint: 73625 ns, At safepoint: 2417 ns, Total: 76042 ns
[2022-05-01T23:40:21.254+0000][161][safepoint   ] Safepoint "Cleanup", Time since last: 1001333126 ns, Reaching safepoint: 79208 ns, At safepoint: 2208 ns, Total: 81416 ns
[2022-05-01T23:40:23.259+0000][161][safepoint   ] Safepoint "Cleanup", Time since last: 2003306876 ns, Reaching safepoint: 1206584 ns, At safepoint: 20791 ns, Total: 1227375 ns
[2022-05-01T23:40:24.267+0000][161][safepoint   ] Safepoint "Cleanup", Time since last: 1007498542 ns, Reaching safepoint: 376792 ns, At safepoint: 18542 ns, Total: 395334 ns
[2022-05-01T23:40:25.278+0000][161][safepoint   ] Safepoint "Cleanup", Time since last: 1006463083 ns, Reaching safepoint: 4533417 ns, At safepoint: 48708 ns, Total: 4582125 ns
[2022-05-01T23:40:27.289+0000][161][safepoint   ] Safepoint "Cleanup", Time since last: 2010767085 ns, Reaching safepoint: 298708 ns, At safepoint: 7583 ns, Total: 306291 ns
[2022-05-01T23:40:28.293+0000][161][safepoint   ] Safepoint "Cleanup", Time since last: 1003592793 ns, Reaching safepoint: 187125 ns, At safepoint: 7916 ns, Total: 195041 ns
[2022-05-01T23:40:29.297+0000][161][safepoint   ] Safepoint "Cleanup", Time since last: 1003331459 ns, Reaching safepoint: 1323625 ns, At safepoint: 14708 ns, Total: 1338333 ns
[2022-05-01T23:40:30.308+0000][161][safepoint   ] Safepoint "Cleanup", Time since last: 1010105251 ns, Reaching safepoint: 313708 ns, At safepoint: 13542 ns, Total: 327250 ns
[2022-05-01T23:40:31.323+0000][161][safepoint   ] Safepoint "Cleanup", Time since last: 1014981459 ns, Reaching safepoint: 391666 ns, At safepoint: 28084 ns, Total: 419750 ns
[2022-05-01T23:40:33.333+0000][161][safepoint   ] Safepoint "Cleanup", Time since last: 2009951001 ns, Reaching safepoint: 258625 ns, At safepoint: 23125 ns, Total: 281750 ns
[2022-05-01T23:40:34.335+0000][161][safepoint   ] Safepoint "Cleanup", Time since last: 1001528917 ns, Reaching safepoint: 139583 ns, At safepoint: 4833 ns, Total: 144416 ns
[2022-05-01T23:40:35.337+0000][161][safepoint   ] Safepoint "Cleanup", Time since last: 1000944751 ns, Reaching safepoint: 990917 ns, At safepoint: 17958 ns, Total: 1008875 ns
[2022-05-01T23:40:36.352+0000][161][safepoint   ] Safepoint "Cleanup", Time since last: 1014594375 ns, Reaching safepoint: 329000 ns, At safepoint: 12334 ns, Total: 341334 ns
[2022-05-01T23:40:38.362+0000][161][safepoint   ] Safepoint "Cleanup", Time since last: 2009436792 ns, Reaching safepoint: 430584 ns, At safepoint: 20791 ns, Total: 451375 ns
[2022-05-01T23:40:39.376+0000][161][safepoint   ] Safepoint "Cleanup", Time since last: 1013503834 ns, Reaching safepoint: 179750 ns, At safepoint: 7250 ns, Total: 187000 ns
[2022-05-01T23:40:40.383+0000][161][safepoint   ] Safepoint "Cleanup", Time since last: 1006456917 ns, Reaching safepoint: 602709 ns, At safepoint: 14458 ns, Total: 617167 ns
[2022-05-01T23:40:42.391+0000][161][safepoint   ] Safepoint "Cleanup", Time since last: 2007764251 ns, Reaching safepoint: 321625 ns, At safepoint: 8042 ns, Total: 329667 ns
[2022-05-01T23:40:43.400+0000][161][safepoint   ] Safepoint "Cleanup", Time since last: 1008896000 ns, Reaching safepoint: 101958 ns, At safepoint: 2459 ns, Total: 104417 ns
[2022-05-01T23:40:44.407+0000][161][safepoint   ] Safepoint "Cleanup", Time since last: 1006644625 ns, Reaching safepoint: 667542 ns, At safepoint: 13250 ns, Total: 680792 ns
[2022-05-01T23:40:45.411+0000][161][safepoint   ] Safepoint "Cleanup", Time since last: 1004279584 ns, Reaching safepoint: 167375 ns, At safepoint: 3791 ns, Total: 171166 ns
[2022-05-01T23:40:48.416+0000][161][safepoint   ] Safepoint "Cleanup", Time since last: 3004062002 ns, Reaching safepoint: 349000 ns, At safepoint: 9333 ns, Total: 358333 ns
[2022-05-01T23:40:50.433+0000][161][safepoint   ] Safepoint "Cleanup", Time since last: 2013778792 ns, Reaching safepoint: 457292 ns, At safepoint: 21416 ns, Total: 478708 ns
[2022-05-01T23:40:51.442+0000][161][safepoint   ] Safepoint "Cleanup", Time since last: 1009071501 ns, Reaching safepoint: 132958 ns, At safepoint: 4333 ns, Total: 137291 ns
[2022-05-01T23:40:53.445+0000][161][safepoint   ] Safepoint "Cleanup", Time since last: 2003225210 ns, Reaching safepoint: 271583 ns, At safepoint: 10500 ns, Total: 282083 ns
[2022-05-01T23:40:54.454+0000][161][safepoint   ] Safepoint "Cleanup", Time since last: 1008223375 ns, Reaching safepoint: 204875 ns, At safepoint: 6167 ns, Total: 211042 ns
[2022-05-01T23:40:55.469+0000][161][safepoint   ] Safepoint "Cleanup", Time since last: 1014804584 ns, Reaching safepoint: 499500 ns, At safepoint: 10542 ns, Total: 510042 ns
[2022-05-01T23:40:57.484+0000][161][safepoint   ] Safepoint "Cleanup", Time since last: 2014937917 ns, Reaching safepoint: 144209 ns, At safepoint: 2291 ns, Total: 146500 ns
[2022-05-01T23:40:58.487+0000][161][safepoint   ] Safepoint "Cleanup", Time since last: 1002176667 ns, Reaching safepoint: 311209 ns, At safepoint: 10833 ns, Total: 322042 ns
[2022-05-01T23:41:00.493+0000][161][safepoint   ] Safepoint "Cleanup", Time since last: 2005651293 ns, Reaching safepoint: 279583 ns, At safepoint: 5667 ns, Total: 285250 ns
[2022-05-01T23:41:03.499+0000][161][safepoint   ] Safepoint "Cleanup", Time since last: 3005114876 ns, Reaching safepoint: 672833 ns, At safepoint: 53125 ns, Total: 725958 ns
[2022-05-01T23:41:04.503+0000][161][safepoint   ] Safepoint "Cleanup", Time since last: 1004219376 ns, Reaching safepoint: 234125 ns, At safepoint: 7417 ns, Total: 241542 ns
[2022-05-01T23:41:05.508+0000][161][safepoint   ] Safepoint "Cleanup", Time since last: 1004508958 ns, Reaching safepoint: 405334 ns, At safepoint: 12791 ns, Total: 418125 ns
[2022-05-01T23:41:06.521+0000][161][safepoint   ] Safepoint "Cleanup", Time since last: 1012225793 ns, Reaching safepoint: 339291 ns, At safepoint: 10125 ns, Total: 349416 ns
[2022-05-01T23:41:07.141+0000][161][gc,start    ] GC(22) Pause Young (Normal) (G1 Evacuation Pause)
[2022-05-01T23:41:07.141+0000][161][gc,task     ] GC(22) Using 5 workers of 5 for evacuation
[2022-05-01T23:41:07.142+0000][161][gc,age      ] GC(22) Desired survivor size 20971520 bytes, new threshold 15 (max threshold 15)
[2022-05-01T23:41:07.148+0000][161][gc,age      ] GC(22) Age table with threshold 15 (max threshold 15)
[2022-05-01T23:41:07.149+0000][161][gc,age      ] GC(22) - age   1:    1611152 bytes,    1611152 total
[2022-05-01T23:41:07.150+0000][161][gc,age      ] GC(22) - age   2:     285464 bytes,    1896616 total
[2022-05-01T23:41:07.151+0000][161][gc,age      ] GC(22) - age   3:     401368 bytes,    2297984 total
[2022-05-01T23:41:07.151+0000][161][gc,age      ] GC(22) - age   4:    1279360 bytes,    3577344 total
[2022-05-01T23:41:07.152+0000][161][gc,age      ] GC(22) - age   5:    4822688 bytes,    8400032 total
[2022-05-01T23:41:07.153+0000][161][gc,phases   ] GC(22)   Pre Evacuate Collection Set: 0.2ms
[2022-05-01T23:41:07.154+0000][161][gc,phases   ] GC(22)   Merge Heap Roots: 0.1ms
[2022-05-01T23:41:07.154+0000][161][gc,phases   ] GC(22)   Evacuate Collection Set: 4.0ms
[2022-05-01T23:41:07.155+0000][161][gc,phases   ] GC(22)   Post Evacuate Collection Set: 0.9ms
[2022-05-01T23:41:07.156+0000][161][gc,phases   ] GC(22)   Other: 7.3ms
[2022-05-01T23:41:07.156+0000][161][gc,heap     ] GC(22) Eden regions: 70->0(71)
[2022-05-01T23:41:07.157+0000][161][gc,heap     ] GC(22) Survivor regions: 3->3(10)
[2022-05-01T23:41:07.158+0000][161][gc,heap     ] GC(22) Old regions: 20->20
[2022-05-01T23:41:07.158+0000][161][gc,heap     ] GC(22) Archive regions: 2->2
[2022-05-01T23:41:07.159+0000][161][gc,heap     ] GC(22) Humongous regions: 6->6
[2022-05-01T23:41:07.159+0000][161][gc,metaspace] GC(22) Metaspace: 111617K(113344K)->111617K(113344K) NonClass: 96483K(97536K)->96483K(97536K) Class: 15134K(15808K)->15134K(15808K)
[2022-05-01T23:41:07.160+0000][161][gc          ] GC(22) Pause Young (Normal) (G1 Evacuation Pause) 396M->116M(512M) 19.681ms
[2022-05-01T23:41:07.161+0000][161][gc,cpu      ] GC(22) User=0.01s Sys=0.00s Real=0.03s
[2022-05-01T23:41:07.162+0000][161][safepoint   ] Safepoint "G1CollectForAllocation", Time since last: 619802792 ns, Reaching safepoint: 104292 ns, At safepoint: 21245875 ns, Total: 21350167 ns
[2022-05-01T23:41:08.163+0000][161][safepoint   ] Safepoint "Cleanup", Time since last: 1000727667 ns, Reaching safepoint: 409208 ns, At safepoint: 11334 ns, Total: 420542 ns
[2022-05-01T23:41:09.166+0000][161][safepoint   ] Safepoint "Cleanup", Time since last: 1002699875 ns, Reaching safepoint: 319083 ns, At safepoint: 8042 ns, Total: 327125 ns
[2022-05-01T23:41:10.171+0000][161][safepoint   ] Safepoint "Cleanup", Time since last: 1004423667 ns, Reaching safepoint: 285917 ns, At safepoint: 10667 ns, Total: 296584 ns
[2022-05-01T23:41:11.178+0000][161][safepoint   ] Safepoint "Cleanup", Time since last: 1007016208 ns, Reaching safepoint: 408042 ns, At safepoint: 14292 ns, Total: 422334 ns
[2022-05-01T23:41:12.193+0000][161][safepoint   ] Safepoint "Cleanup", Time since last: 1014007750 ns, Reaching safepoint: 583459 ns, At safepoint: 210166 ns, Total: 793625 ns
[2022-05-01T23:41:13.206+0000][161][safepoint   ] Safepoint "Cleanup", Time since last: 1012980001 ns, Reaching safepoint: 546708 ns, At safepoint: 23417 ns, Total: 570125 ns
[2022-05-01T23:41:15.216+0000][161][safepoint   ] Safepoint "Cleanup", Time since last: 2008574292 ns, Reaching safepoint: 1214042 ns, At safepoint: 15875 ns, Total: 1229917 ns
[2022-05-01T23:41:16.225+0000][161][safepoint   ] Safepoint "Cleanup", Time since last: 1008812584 ns, Reaching safepoint: 228333 ns, At safepoint: 9333 ns, Total: 237666 ns
[2022-05-01T23:41:17.783+0000][161][safepoint   ] Safepoint "Cleanup", Time since last: 1557704376 ns, Reaching safepoint: 221834 ns, At safepoint: 10083 ns, Total: 231917 ns
[2022-05-01T23:41:18.785+0000][161][safepoint   ] Safepoint "Cleanup", Time since last: 1001166750 ns, Reaching safepoint: 165542 ns, At safepoint: 6458 ns, Total: 172000 ns
[2022-05-01T23:41:19.784+0000][161][safepoint   ] Safepoint "Cleanup", Time since last: 1001030625 ns, Reaching safepoint: 411500 ns, At safepoint: 34250 ns, Total: 445750 ns
[2022-05-01T23:41:20.788+0000][161][safepoint   ] Safepoint "Cleanup", Time since last: 1003323750 ns, Reaching safepoint: 118000 ns, At safepoint: 3584 ns, Total: 121584 ns
[2022-05-01T23:41:21.793+0000][161][safepoint   ] Safepoint "Cleanup", Time since last: 1005278833 ns, Reaching safepoint: 517042 ns, At safepoint: 8542 ns, Total: 525584 ns
[2022-05-01T23:41:22.800+0000][161][safepoint   ] Safepoint "Cleanup", Time since last: 1006117125 ns, Reaching safepoint: 367334 ns, At safepoint: 10625 ns, Total: 377959 ns
[2022-05-01T23:41:23.804+0000][161][safepoint   ] Safepoint "Cleanup", Time since last: 1004067958 ns, Reaching safepoint: 312875 ns, At safepoint: 18000 ns, Total: 330875 ns
[2022-05-01T23:41:25.815+0000][161][safepoint   ] Safepoint "Cleanup", Time since last: 2010039126 ns, Reaching safepoint: 654500 ns, At safepoint: 20000 ns, Total: 674500 ns
[2022-05-01T23:41:26.831+0000][161][safepoint   ] Safepoint "Cleanup", Time since last: 1016006168 ns, Reaching safepoint: 155416 ns, At safepoint: 14375 ns, Total: 169791 ns
[2022-05-01T23:41:27.835+0000][161][safepoint   ] Safepoint "Cleanup", Time since last: 1003484459 ns, Reaching safepoint: 474000 ns, At safepoint: 15042 ns, Total: 489042 ns
[2022-05-01T23:41:28.865+0000][161][safepoint   ] Safepoint "Cleanup", Time since last: 1009118125 ns, Reaching safepoint: 21159125 ns, At safepoint: 28125 ns, Total: 21187250 ns
[2022-05-01T23:41:29.869+0000][161][safepoint   ] Safepoint "Cleanup", Time since last: 1002858251 ns, Reaching safepoint: 204708 ns, At safepoint: 4000 ns, Total: 208708 ns
[2022-05-01T23:41:30.870+0000][161][safepoint   ] Safepoint "Cleanup", Time since last: 1001606500 ns, Reaching safepoint: 82542 ns, At safepoint: 2125 ns, Total: 84667 ns
[2022-05-01T23:41:32.876+0000][161][safepoint   ] Safepoint "Cleanup", Time since last: 2005435709 ns, Reaching safepoint: 193250 ns, At safepoint: 4084 ns, Total: 197334 ns
[2022-05-01T23:41:33.877+0000][161][safepoint   ] Safepoint "Cleanup", Time since last: 1000981542 ns, Reaching safepoint: 199625 ns, At safepoint: 10042 ns, Total: 209667 ns
[2022-05-01T23:41:34.882+0000][161][safepoint   ] Safepoint "Cleanup", Time since last: 1001586250 ns, Reaching safepoint: 2978875 ns, At safepoint: 22083 ns, Total: 3000958 ns
[2022-05-01T23:41:35.888+0000][161][safepoint   ] Safepoint "Cleanup", Time since last: 1006109959 ns, Reaching safepoint: 420167 ns, At safepoint: 17792 ns, Total: 437959 ns
[2022-05-01T23:41:37.905+0000][161][safepoint   ] Safepoint "Cleanup", Time since last: 2016286417 ns, Reaching safepoint: 873709 ns, At safepoint: 25791 ns, Total: 899500 ns
[2022-05-01T23:41:38.914+0000][161][safepoint   ] Safepoint "Cleanup", Time since last: 1008085417 ns, Reaching safepoint: 170084 ns, At safepoint: 4000 ns, Total: 174084 ns
[2022-05-01T23:41:39.916+0000][161][safepoint   ] Safepoint "Cleanup", Time since last: 1001810750 ns, Reaching safepoint: 123333 ns, At safepoint: 4750 ns, Total: 128083 ns
[2022-05-01T23:41:40.921+0000][161][safepoint   ] Safepoint "Cleanup", Time since last: 1005298751 ns, Reaching safepoint: 377250 ns, At safepoint: 19417 ns, Total: 396667 ns
[2022-05-01T23:41:41.924+0000][161][safepoint   ] Safepoint "Cleanup", Time since last: 1002601292 ns, Reaching safepoint: 114125 ns, At safepoint: 3291 ns, Total: 117416 ns
[2022-05-01T23:41:42.926+0000][161][safepoint   ] Safepoint "Cleanup", Time since last: 1002282459 ns, Reaching safepoint: 131459 ns, At safepoint: 5833 ns, Total: 137292 ns
[2022-05-01T23:41:44.932+0000][161][safepoint   ] Safepoint "Cleanup", Time since last: 2004999126 ns, Reaching safepoint: 227458 ns, At safepoint: 4292 ns, Total: 231750 ns
[2022-05-01T23:41:45.933+0000][161][safepoint   ] Safepoint "Cleanup", Time since last: 1001142667 ns, Reaching safepoint: 75708 ns, At safepoint: 4709 ns, Total: 80417 ns
[2022-05-01T23:41:47.938+0000][161][safepoint   ] Safepoint "Cleanup", Time since last: 2004683167 ns, Reaching safepoint: 551334 ns, At safepoint: 15625 ns, Total: 566959 ns
[2022-05-01T23:41:48.943+0000][161][safepoint   ] Safepoint "Cleanup", Time since last: 1004433042 ns, Reaching safepoint: 351958 ns, At safepoint: 14458 ns, Total: 366416 ns
[2022-05-01T23:41:50.951+0000][161][safepoint   ] Safepoint "Cleanup", Time since last: 2007562334 ns, Reaching safepoint: 161041 ns, At safepoint: 3667 ns, Total: 164708 ns
[2022-05-01T23:41:51.955+0000][161][safepoint   ] Safepoint "Cleanup", Time since last: 1002836792 ns, Reaching safepoint: 880750 ns, At safepoint: 51000 ns, Total: 931750 ns
[2022-05-01T23:41:52.961+0000][161][safepoint   ] Safepoint "Cleanup", Time since last: 1005719751 ns, Reaching safepoint: 174000 ns, At safepoint: 10125 ns, Total: 184125 ns
[2022-05-01T23:41:53.966+0000][161][safepoint   ] Safepoint "Cleanup", Time since last: 1005123459 ns, Reaching safepoint: 215000 ns, At safepoint: 7000 ns, Total: 222000 ns
[2022-05-01T23:41:55.969+0000][161][safepoint   ] Safepoint "Cleanup", Time since last: 2002586834 ns, Reaching safepoint: 100416 ns, At safepoint: 3292 ns, Total: 103708 ns
[2022-05-01T23:41:56.971+0000][161][safepoint   ] Safepoint "Cleanup", Time since last: 1002264959 ns, Reaching safepoint: 87667 ns, At safepoint: 3041 ns, Total: 90708 ns
[2022-05-01T23:41:57.972+0000][161][safepoint   ] Safepoint "Cleanup", Time since last: 1001069084 ns, Reaching safepoint: 291208 ns, At safepoint: 18584 ns, Total: 309792 ns
[2022-05-01T23:41:58.974+0000][161][safepoint   ] Safepoint "Cleanup", Time since last: 1001367125 ns, Reaching safepoint: 319542 ns, At safepoint: 8292 ns, Total: 327834 ns
[2022-05-01T23:41:59.977+0000][161][safepoint   ] Safepoint "Cleanup", Time since last: 1002624875 ns, Reaching safepoint: 159375 ns, At safepoint: 6625 ns, Total: 166000 ns
[2022-05-01T23:42:00.980+0000][161][safepoint   ] Safepoint "Cleanup", Time since last: 1003204042 ns, Reaching safepoint: 327917 ns, At safepoint: 12792 ns, Total: 340709 ns
[2022-05-01T23:42:01.987+0000][161][safepoint   ] Safepoint "Cleanup", Time since last: 1006496083 ns, Reaching safepoint: 457375 ns, At safepoint: 19292 ns, Total: 476667 ns
[2022-05-01T23:42:03.000+0000][161][safepoint   ] Safepoint "Cleanup", Time since last: 1012606250 ns, Reaching safepoint: 353792 ns, At safepoint: 4542 ns, Total: 358334 ns
[2022-05-01T23:42:04.002+0000][161][safepoint   ] Safepoint "Cleanup", Time since last: 1001229209 ns, Reaching safepoint: 329583 ns, At safepoint: 10375 ns, Total: 339958 ns
[2022-05-01T23:42:06.011+0000][161][safepoint   ] Safepoint "Cleanup", Time since last: 2008852918 ns, Reaching safepoint: 165916 ns, At safepoint: 7959 ns, Total: 173875 ns
[2022-05-01T23:42:07.017+0000][161][safepoint   ] Safepoint "Cleanup", Time since last: 1005465708 ns, Reaching safepoint: 88334 ns, At safepoint: 2041 ns, Total: 90375 ns
[2022-05-01T23:42:08.021+0000][161][safepoint   ] Safepoint "Cleanup", Time since last: 1004219209 ns, Reaching safepoint: 580750 ns, At safepoint: 15250 ns, Total: 596000 ns
[2022-05-01T23:42:08.599+0000][161][gc,start    ] GC(23) Pause Young (Normal) (G1 Evacuation Pause)
[2022-05-01T23:42:08.600+0000][161][gc,task     ] GC(23) Using 5 workers of 5 for evacuation
[2022-05-01T23:42:08.601+0000][161][gc,age      ] GC(23) Desired survivor size 20971520 bytes, new threshold 15 (max threshold 15)
[2022-05-01T23:42:08.608+0000][161][gc,age      ] GC(23) Age table with threshold 15 (max threshold 15)
[2022-05-01T23:42:08.609+0000][161][gc,age      ] GC(23) - age   1:    1311880 bytes,    1311880 total
[2022-05-01T23:42:08.610+0000][161][gc,age      ] GC(23) - age   2:      47640 bytes,    1359520 total
[2022-05-01T23:42:08.611+0000][161][gc,age      ] GC(23) - age   3:     284704 bytes,    1644224 total
[2022-05-01T23:42:08.612+0000][161][gc,age      ] GC(23) - age   4:     400936 bytes,    2045160 total
[2022-05-01T23:42:08.613+0000][161][gc,age      ] GC(23) - age   5:    1279336 bytes,    3324496 total
[2022-05-01T23:42:08.613+0000][161][gc,age      ] GC(23) - age   6:    4822688 bytes,    8147184 total
[2022-05-01T23:42:08.614+0000][161][gc,phases   ] GC(23)   Pre Evacuate Collection Set: 0.1ms
[2022-05-01T23:42:08.615+0000][161][gc,phases   ] GC(23)   Merge Heap Roots: 0.1ms
[2022-05-01T23:42:08.616+0000][161][gc,phases   ] GC(23)   Evacuate Collection Set: 5.2ms
[2022-05-01T23:42:08.616+0000][161][gc,phases   ] GC(23)   Post Evacuate Collection Set: 0.9ms
[2022-05-01T23:42:08.617+0000][161][gc,phases   ] GC(23)   Other: 8.8ms
[2022-05-01T23:42:08.618+0000][161][gc,heap     ] GC(23) Eden regions: 71->0(72)
[2022-05-01T23:42:08.618+0000][161][gc,heap     ] GC(23) Survivor regions: 3->3(10)
[2022-05-01T23:42:08.619+0000][161][gc,heap     ] GC(23) Old regions: 20->20
[2022-05-01T23:42:08.620+0000][161][gc,heap     ] GC(23) Archive regions: 2->2
[2022-05-01T23:42:08.621+0000][161][gc,heap     ] GC(23) Humongous regions: 6->6
[2022-05-01T23:42:08.622+0000][161][gc,metaspace] GC(23) Metaspace: 112056K(113792K)->112056K(113792K) NonClass: 96919K(97984K)->96919K(97984K) Class: 15136K(15808K)->15136K(15808K)
[2022-05-01T23:42:08.622+0000][161][gc          ] GC(23) Pause Young (Normal) (G1 Evacuation Pause) 400M->116M(512M) 23.389ms
[2022-05-01T23:42:08.623+0000][161][gc,cpu      ] GC(23) User=0.03s Sys=0.00s Real=0.03s
[2022-05-01T23:42:08.624+0000][161][safepoint   ] Safepoint "G1CollectForAllocation", Time since last: 577416584 ns, Reaching safepoint: 83125 ns, At safepoint: 24987875 ns, Total: 25071000 ns
[2022-05-01T23:42:09.626+0000][161][safepoint   ] Safepoint "Cleanup", Time since last: 1001833334 ns, Reaching safepoint: 369166 ns, At safepoint: 9459 ns, Total: 378625 ns
[2022-05-01T23:42:10.634+0000][161][safepoint   ] Safepoint "Cleanup", Time since last: 1007327875 ns, Reaching safepoint: 200708 ns, At safepoint: 7792 ns, Total: 208500 ns
[2022-05-01T23:42:11.640+0000][161][safepoint   ] Safepoint "Cleanup", Time since last: 1006104167 ns, Reaching safepoint: 138792 ns, At safepoint: 6542 ns, Total: 145334 ns
[2022-05-01T23:42:12.643+0000][161][safepoint   ] Safepoint "Cleanup", Time since last: 1002341875 ns, Reaching safepoint: 361750 ns, At safepoint: 8292 ns, Total: 370042 ns
[2022-05-01T23:42:14.649+0000][161][safepoint   ] Safepoint "Cleanup", Time since last: 2006495292 ns, Reaching safepoint: 44584 ns, At safepoint: 1583 ns, Total: 46167 ns
[2022-05-01T23:42:15.651+0000][161][safepoint   ] Safepoint "Cleanup", Time since last: 1001173042 ns, Reaching safepoint: 329459 ns, At safepoint: 7541 ns, Total: 337000 ns
[2022-05-01T23:42:16.652+0000][161][safepoint   ] Safepoint "Cleanup", Time since last: 1001339126 ns, Reaching safepoint: 350541 ns, At safepoint: 65917 ns, Total: 416458 ns
[2022-05-01T23:42:17.654+0000][161][safepoint   ] Safepoint "Cleanup", Time since last: 1001557834 ns, Reaching safepoint: 117625 ns, At safepoint: 2625 ns, Total: 120250 ns
[2022-05-01T23:42:18.670+0000][161][safepoint   ] Safepoint "Cleanup", Time since last: 1001850834 ns, Reaching safepoint: 14169000 ns, At safepoint: 25666 ns, Total: 14194666 ns
[2022-05-01T23:42:20.680+0000][161][safepoint   ] Safepoint "Cleanup", Time since last: 2007200209 ns, Reaching safepoint: 137666 ns, At safepoint: 5500 ns, Total: 143166 ns
[2022-05-01T23:42:21.681+0000][161][safepoint   ] Safepoint "Cleanup", Time since last: 1001506709 ns, Reaching safepoint: 110500 ns, At safepoint: 7833 ns, Total: 118333 ns
[2022-05-01T23:42:22.691+0000][161][safepoint   ] Safepoint "Cleanup", Time since last: 1009226168 ns, Reaching safepoint: 194916 ns, At safepoint: 8584 ns, Total: 203500 ns
[2022-05-01T23:42:23.697+0000][161][safepoint   ] Safepoint "Cleanup", Time since last: 1006079292 ns, Reaching safepoint: 234708 ns, At safepoint: 5500 ns, Total: 240208 ns
[2022-05-01T23:42:25.703+0000][161][safepoint   ] Safepoint "Cleanup", Time since last: 2005316209 ns, Reaching safepoint: 322750 ns, At safepoint: 16000 ns, Total: 338750 ns
[2022-05-01T23:42:26.711+0000][161][safepoint   ] Safepoint "Cleanup", Time since last: 1007643417 ns, Reaching safepoint: 127750 ns, At safepoint: 4375 ns, Total: 132125 ns
[2022-05-01T23:42:27.712+0000][161][safepoint   ] Safepoint "Cleanup", Time since last: 1001153668 ns, Reaching safepoint: 222583 ns, At safepoint: 15042 ns, Total: 237625 ns
[2022-05-01T23:42:28.713+0000][161][safepoint   ] Safepoint "Cleanup", Time since last: 1001352417 ns, Reaching safepoint: 147000 ns, At safepoint: 7083 ns, Total: 154083 ns
[2022-05-01T23:42:29.717+0000][161][safepoint   ] Safepoint "Cleanup", Time since last: 1002945751 ns, Reaching safepoint: 122541 ns, At safepoint: 7750 ns, Total: 130291 ns
[2022-05-01T23:42:30.718+0000][161][safepoint   ] Safepoint "Cleanup", Time since last: 1001293667 ns, Reaching safepoint: 471125 ns, At safepoint: 18792 ns, Total: 489917 ns
[2022-05-01T23:42:32.722+0000][161][safepoint   ] Safepoint "Cleanup", Time since last: 2003879293 ns, Reaching safepoint: 168083 ns, At safepoint: 12792 ns, Total: 180875 ns
[2022-05-01T23:42:33.725+0000][161][safepoint   ] Safepoint "Cleanup", Time since last: 1002196292 ns, Reaching safepoint: 381333 ns, At safepoint: 15709 ns, Total: 397042 ns
[2022-05-01T23:42:34.738+0000][161][safepoint   ] Safepoint "Cleanup", Time since last: 1012611708 ns, Reaching safepoint: 496292 ns, At safepoint: 14125 ns, Total: 510417 ns
[2022-05-01T23:42:35.742+0000][161][safepoint   ] Safepoint "Cleanup", Time since last: 1003918292 ns, Reaching safepoint: 295000 ns, At safepoint: 15125 ns, Total: 310125 ns
[2022-05-01T23:42:37.757+0000][161][safepoint   ] Safepoint "Cleanup", Time since last: 2014081834 ns, Reaching safepoint: 256875 ns, At safepoint: 7042 ns, Total: 263917 ns
[2022-05-01T23:42:38.760+0000][161][safepoint   ] Safepoint "Cleanup", Time since last: 1003075042 ns, Reaching safepoint: 114125 ns, At safepoint: 9500 ns, Total: 123625 ns
[2022-05-01T23:42:39.763+0000][161][safepoint   ] Safepoint "Cleanup", Time since last: 1002198292 ns, Reaching safepoint: 612250 ns, At safepoint: 20709 ns, Total: 632959 ns
[2022-05-01T23:42:40.768+0000][161][safepoint   ] Safepoint "Cleanup", Time since last: 1004707334 ns, Reaching safepoint: 769333 ns, At safepoint: 19083 ns, Total: 788416 ns
[2022-05-01T23:42:41.778+0000][161][safepoint   ] Safepoint "Cleanup", Time since last: 1009352667 ns, Reaching safepoint: 122000 ns, At safepoint: 11875 ns, Total: 133875 ns
[2022-05-01T23:42:42.779+0000][161][safepoint   ] Safepoint "Cleanup", Time since last: 1001109959 ns, Reaching safepoint: 64500 ns, At safepoint: 1792 ns, Total: 66292 ns
[2022-05-01T23:42:44.782+0000][161][safepoint   ] Safepoint "Cleanup", Time since last: 2003099542 ns, Reaching safepoint: 304292 ns, At safepoint: 3792 ns, Total: 308084 ns
[2022-05-01T23:42:45.783+0000][161][safepoint   ] Safepoint "Cleanup", Time since last: 1000988875 ns, Reaching safepoint: 144709 ns, At safepoint: 6333 ns, Total: 151042 ns
[2022-05-01T23:42:47.793+0000][161][safepoint   ] Safepoint "Cleanup", Time since last: 2009034001 ns, Reaching safepoint: 307792 ns, At safepoint: 7083 ns, Total: 314875 ns
[2022-05-01T23:42:50.801+0000][161][safepoint   ] Safepoint "Cleanup", Time since last: 3009310251 ns, Reaching safepoint: 68417 ns, At safepoint: 2125 ns, Total: 70542 ns
[2022-05-01T23:42:51.804+0000][161][safepoint   ] Safepoint "Cleanup", Time since last: 1001873625 ns, Reaching safepoint: 442250 ns, At safepoint: 156750 ns, Total: 599000 ns
[2022-05-01T23:42:52.806+0000][161][safepoint   ] Safepoint "Cleanup", Time since last: 1001788459 ns, Reaching safepoint: 196500 ns, At safepoint: 5083 ns, Total: 201583 ns
[2022-05-01T23:42:53.809+0000][161][safepoint   ] Safepoint "Cleanup", Time since last: 1003491792 ns, Reaching safepoint: 52250 ns, At safepoint: 2167 ns, Total: 54417 ns
[2022-05-01T23:42:54.811+0000][161][safepoint   ] Safepoint "Cleanup", Time since last: 1001292126 ns, Reaching safepoint: 425333 ns, At safepoint: 4833 ns, Total: 430166 ns
[2022-05-01T23:42:55.816+0000][161][safepoint   ] Safepoint "Cleanup", Time since last: 1004600626 ns, Reaching safepoint: 272833 ns, At safepoint: 7958 ns, Total: 280791 ns
[2022-05-01T23:42:56.818+0000][161][safepoint   ] Safepoint "Cleanup", Time since last: 1001955668 ns, Reaching safepoint: 51958 ns, At safepoint: 14875 ns, Total: 66833 ns
[2022-05-01T23:42:57.819+0000][161][safepoint   ] Safepoint "Cleanup", Time since last: 1001310334 ns, Reaching safepoint: 190625 ns, At safepoint: 15958 ns, Total: 206583 ns
[2022-05-01T23:42:58.822+0000][161][safepoint   ] Safepoint "Cleanup", Time since last: 1002385125 ns, Reaching safepoint: 363459 ns, At safepoint: 9541 ns, Total: 373000 ns
[2022-05-01T23:43:00.833+0000][161][safepoint   ] Safepoint "Cleanup", Time since last: 2010525376 ns, Reaching safepoint: 302542 ns, At safepoint: 7958 ns, Total: 310500 ns
[2022-05-01T23:43:02.838+0000][161][safepoint   ] Safepoint "Cleanup", Time since last: 2004820085 ns, Reaching safepoint: 87416 ns, At safepoint: 3125 ns, Total: 90541 ns
[2022-05-01T23:43:03.840+0000][161][safepoint   ] Safepoint "Cleanup", Time since last: 1002122376 ns, Reaching safepoint: 263417 ns, At safepoint: 7375 ns, Total: 270792 ns
[2022-05-01T23:43:05.844+0000][161][safepoint   ] Safepoint "Cleanup", Time since last: 2003557584 ns, Reaching safepoint: 82458 ns, At safepoint: 5500 ns, Total: 87958 ns
[2022-05-01T23:43:07.846+0000][161][safepoint   ] Safepoint "Cleanup", Time since last: 2002148668 ns, Reaching safepoint: 416041 ns, At safepoint: 30459 ns, Total: 446500 ns
[2022-05-01T23:43:08.851+0000][161][safepoint   ] Safepoint "Cleanup", Time since last: 1004687375 ns, Reaching safepoint: 148542 ns, At safepoint: 9208 ns, Total: 157750 ns
[2022-05-01T23:43:08.911+0000][161][gc,start    ] GC(24) Pause Young (Normal) (G1 Evacuation Pause)
[2022-05-01T23:43:08.912+0000][161][gc,task     ] GC(24) Using 5 workers of 5 for evacuation
[2022-05-01T23:43:08.913+0000][161][gc,age      ] GC(24) Desired survivor size 20971520 bytes, new threshold 15 (max threshold 15)
[2022-05-01T23:43:08.921+0000][161][gc,age      ] GC(24) Age table with threshold 15 (max threshold 15)
[2022-05-01T23:43:08.922+0000][161][gc,age      ] GC(24) - age   1:    1826544 bytes,    1826544 total
[2022-05-01T23:43:08.923+0000][161][gc,age      ] GC(24) - age   2:      17232 bytes,    1843776 total
[2022-05-01T23:43:08.924+0000][161][gc,age      ] GC(24) - age   3:      45696 bytes,    1889472 total
[2022-05-01T23:43:08.925+0000][161][gc,age      ] GC(24) - age   4:     251928 bytes,    2141400 total
[2022-05-01T23:43:08.926+0000][161][gc,age      ] GC(24) - age   5:     281192 bytes,    2422592 total
[2022-05-01T23:43:08.927+0000][161][gc,age      ] GC(24) - age   6:    1279040 bytes,    3701632 total
[2022-05-01T23:43:08.928+0000][161][gc,age      ] GC(24) - age   7:    4822624 bytes,    8524256 total
[2022-05-01T23:43:08.929+0000][161][gc,phases   ] GC(24)   Pre Evacuate Collection Set: 0.1ms
[2022-05-01T23:43:08.931+0000][161][gc,phases   ] GC(24)   Merge Heap Roots: 0.1ms
[2022-05-01T23:43:08.931+0000][161][gc,phases   ] GC(24)   Evacuate Collection Set: 5.5ms
[2022-05-01T23:43:08.932+0000][161][gc,phases   ] GC(24)   Post Evacuate Collection Set: 1.0ms
[2022-05-01T23:43:08.934+0000][161][gc,phases   ] GC(24)   Other: 11.4ms
[2022-05-01T23:43:08.934+0000][161][gc,heap     ] GC(24) Eden regions: 72->0(73)
[2022-05-01T23:43:08.935+0000][161][gc,heap     ] GC(24) Survivor regions: 3->3(10)
[2022-05-01T23:43:08.936+0000][161][gc,heap     ] GC(24) Old regions: 20->20
[2022-05-01T23:43:08.936+0000][161][gc,heap     ] GC(24) Archive regions: 2->2
[2022-05-01T23:43:08.937+0000][161][gc,heap     ] GC(24) Humongous regions: 6->6
[2022-05-01T23:43:08.938+0000][161][gc,metaspace] GC(24) Metaspace: 112462K(114176K)->112462K(114176K) NonClass: 97325K(98368K)->97325K(98368K) Class: 15136K(15808K)->15136K(15808K)
[2022-05-01T23:43:08.939+0000][161][gc          ] GC(24) Pause Young (Normal) (G1 Evacuation Pause) 404M->116M(512M) 27.320ms
[2022-05-01T23:43:08.939+0000][161][gc,cpu      ] GC(24) User=0.02s Sys=0.00s Real=0.02s
[2022-05-01T23:43:08.940+0000][161][safepoint   ] Safepoint "G1CollectForAllocation", Time since last: 59739000 ns, Reaching safepoint: 270459 ns, At safepoint: 28867458 ns, Total: 29137917 ns
[2022-05-01T23:43:09.946+0000][161][safepoint   ] Safepoint "Cleanup", Time since last: 1005929584 ns, Reaching safepoint: 202375 ns, At safepoint: 16416 ns, Total: 218791 ns
[2022-05-01T23:43:10.948+0000][161][safepoint   ] Safepoint "Cleanup", Time since last: 1001669459 ns, Reaching safepoint: 346250 ns, At safepoint: 9292 ns, Total: 355542 ns
[2022-05-01T23:43:11.951+0000][161][safepoint   ] Safepoint "Cleanup", Time since last: 1002296334 ns, Reaching safepoint: 181000 ns, At safepoint: 5583 ns, Total: 186583 ns
[2022-05-01T23:43:12.957+0000][161][safepoint   ] Safepoint "Cleanup", Time since last: 1005776292 ns, Reaching safepoint: 337959 ns, At safepoint: 14583 ns, Total: 352542 ns
[2022-05-01T23:43:14.962+0000][161][safepoint   ] Safepoint "Cleanup", Time since last: 2005249501 ns, Reaching safepoint: 75667 ns, At safepoint: 1916 ns, Total: 77583 ns
[2022-05-01T23:43:15.964+0000][161][safepoint   ] Safepoint "Cleanup", Time since last: 1001480834 ns, Reaching safepoint: 66042 ns, At safepoint: 2333 ns, Total: 68375 ns
[2022-05-01T23:43:17.971+0000][161][safepoint   ] Safepoint "Cleanup", Time since last: 2006900834 ns, Reaching safepoint: 166792 ns, At safepoint: 4500 ns, Total: 171292 ns
[2022-05-01T23:43:18.974+0000][161][safepoint   ] Safepoint "Cleanup", Time since last: 1002763334 ns, Reaching safepoint: 107750 ns, At safepoint: 3041 ns, Total: 110791 ns
[2022-05-01T23:43:20.981+0000][161][safepoint   ] Safepoint "Cleanup", Time since last: 2005889501 ns, Reaching safepoint: 79250 ns, At safepoint: 2500 ns, Total: 81750 ns
[2022-05-01T23:43:22.985+0000][161][safepoint   ] Safepoint "Cleanup", Time since last: 2004415751 ns, Reaching safepoint: 234208 ns, At safepoint: 5500 ns, Total: 239708 ns
[2022-05-01T23:43:23.988+0000][161][safepoint   ] Safepoint "Cleanup", Time since last: 1002737792 ns, Reaching safepoint: 180209 ns, At safepoint: 6208 ns, Total: 186417 ns
[2022-05-01T23:43:26.000+0000][161][safepoint   ] Safepoint "Cleanup", Time since last: 2011274751 ns, Reaching safepoint: 304250 ns, At safepoint: 11000 ns, Total: 315250 ns
[2022-05-01T23:43:27.016+0000][161][safepoint   ] Safepoint "Cleanup", Time since last: 1016214834 ns, Reaching safepoint: 227666 ns, At safepoint: 6042 ns, Total: 233708 ns
[2022-05-01T23:43:28.018+0000][161][safepoint   ] Safepoint "Cleanup", Time since last: 1001506959 ns, Reaching safepoint: 137625 ns, At safepoint: 47291 ns, Total: 184916 ns
[2022-05-01T23:43:29.021+0000][161][safepoint   ] Safepoint "Cleanup", Time since last: 1002420834 ns, Reaching safepoint: 416959 ns, At safepoint: 11416 ns, Total: 428375 ns
[2022-05-01T23:43:30.040+0000][161][safepoint   ] Safepoint "Cleanup", Time since last: 1019401501 ns, Reaching safepoint: 87625 ns, At safepoint: 19125 ns, Total: 106750 ns
[2022-05-01T23:43:31.043+0000][161][safepoint   ] Safepoint "Cleanup", Time since last: 1002443584 ns, Reaching safepoint: 328291 ns, At safepoint: 13250 ns, Total: 341541 ns
[2022-05-01T23:43:32.810+0000][161][safepoint   ] Safepoint "Cleanup", Time since last: 1766797001 ns, Reaching safepoint: 136875 ns, At safepoint: 6083 ns, Total: 142958 ns
[2022-05-01T23:43:33.818+0000][161][safepoint   ] Safepoint "Cleanup", Time since last: 1007801959 ns, Reaching safepoint: 136542 ns, At safepoint: 4583 ns, Total: 141125 ns
[2022-05-01T23:43:34.819+0000][161][safepoint   ] Safepoint "Cleanup", Time since last: 1000994792 ns, Reaching safepoint: 225584 ns, At safepoint: 9583 ns, Total: 235167 ns
[2022-05-01T23:43:35.828+0000][161][safepoint   ] Safepoint "Cleanup", Time since last: 1008423709 ns, Reaching safepoint: 271875 ns, At safepoint: 18250 ns, Total: 290125 ns
[2022-05-01T23:43:37.836+0000][161][safepoint   ] Safepoint "Cleanup", Time since last: 2007390834 ns, Reaching safepoint: 566000 ns, At safepoint: 23583 ns, Total: 589583 ns
[2022-05-01T23:43:38.843+0000][161][safepoint   ] Safepoint "Cleanup", Time since last: 1007494626 ns, Reaching safepoint: 84958 ns, At safepoint: 2000 ns, Total: 86958 ns
[2022-05-01T23:43:39.892+0000][161][safepoint   ] Safepoint "Cleanup", Time since last: 1048265959 ns, Reaching safepoint: 106167 ns, At safepoint: 22000 ns, Total: 128167 ns
[2022-05-01T23:43:40.899+0000][161][safepoint   ] Safepoint "Cleanup", Time since last: 1006290959 ns, Reaching safepoint: 379916 ns, At safepoint: 11042 ns, Total: 390958 ns
[2022-05-01T23:43:42.671+0000][161][safepoint   ] Safepoint "Cleanup", Time since last: 1771926251 ns, Reaching safepoint: 262833 ns, At safepoint: 13208 ns, Total: 276041 ns
[2022-05-01T23:43:43.679+0000][161][safepoint   ] Safepoint "Cleanup", Time since last: 1007749626 ns, Reaching safepoint: 125375 ns, At safepoint: 3292 ns, Total: 128667 ns
[2022-05-01T23:43:44.680+0000][161][safepoint   ] Safepoint "Cleanup", Time since last: 1001589000 ns, Reaching safepoint: 121667 ns, At safepoint: 4208 ns, Total: 125875 ns
[2022-05-01T23:43:45.682+0000][161][safepoint   ] Safepoint "Cleanup", Time since last: 1000937084 ns, Reaching safepoint: 309250 ns, At safepoint: 3083 ns, Total: 312333 ns
[2022-05-01T23:43:46.684+0000][161][safepoint   ] Safepoint "Cleanup", Time since last: 1001349501 ns, Reaching safepoint: 694500 ns, At safepoint: 12916 ns, Total: 707416 ns
[2022-05-01T23:43:47.613+0000][161][safepoint   ] Safepoint "ICBufferFull", Time since last: 928911751 ns, Reaching safepoint: 254458 ns, At safepoint: 26875 ns, Total: 281333 ns
[2022-05-01T23:43:47.615+0000][161][safepoint   ] Safepoint "ICBufferFull", Time since last: 2046083 ns, Reaching safepoint: 168042 ns, At safepoint: 10917 ns, Total: 178959 ns
[2022-05-01T23:43:47.629+0000][161][safepoint   ] Safepoint "ICBufferFull", Time since last: 12899000 ns, Reaching safepoint: 1057041 ns, At safepoint: 29125 ns, Total: 1086166 ns
[2022-05-01T23:43:47.633+0000][161][safepoint   ] Safepoint "ICBufferFull", Time since last: 3980375 ns, Reaching safepoint: 168584 ns, At safepoint: 13625 ns, Total: 182209 ns
[2022-05-01T23:43:47.636+0000][161][safepoint   ] Safepoint "ICBufferFull", Time since last: 2126625 ns, Reaching safepoint: 669833 ns, At safepoint: 234375 ns, Total: 904208 ns
[2022-05-01T23:43:47.642+0000][161][safepoint   ] Safepoint "ICBufferFull", Time since last: 3688708 ns, Reaching safepoint: 2356584 ns, At safepoint: 61875 ns, Total: 2418459 ns
[2022-05-01T23:43:47.649+0000][161][safepoint   ] Safepoint "ICBufferFull", Time since last: 6159208 ns, Reaching safepoint: 181208 ns, At safepoint: 25917 ns, Total: 207125 ns
[2022-05-01T23:43:47.653+0000][161][safepoint   ] Safepoint "ICBufferFull", Time since last: 999458 ns, Reaching safepoint: 3272000 ns, At safepoint: 11417 ns, Total: 3283417 ns
[2022-05-01T23:43:47.914+0000][161][safepoint   ] Safepoint "ICBufferFull", Time since last: 258742875 ns, Reaching safepoint: 2187875 ns, At safepoint: 23834 ns, Total: 2211709 ns
[2022-05-01T23:43:48.916+0000][161][safepoint   ] Safepoint "Cleanup", Time since last: 1001353542 ns, Reaching safepoint: 244458 ns, At safepoint: 5625 ns, Total: 250083 ns
[2022-05-01T23:43:50.919+0000][161][safepoint   ] Safepoint "Cleanup", Time since last: 2004537750 ns, Reaching safepoint: 371167 ns, At safepoint: 10833 ns, Total: 382000 ns
[2022-05-01T23:43:51.924+0000][161][safepoint   ] Safepoint "Cleanup", Time since last: 1004803626 ns, Reaching safepoint: 857333 ns, At safepoint: 169584 ns, Total: 1026917 ns
[2022-05-01T23:43:52.928+0000][161][safepoint   ] Safepoint "Cleanup", Time since last: 1003329792 ns, Reaching safepoint: 146291 ns, At safepoint: 6584 ns, Total: 152875 ns
[2022-05-01T23:43:53.932+0000][161][safepoint   ] Safepoint "Cleanup", Time since last: 1004384667 ns, Reaching safepoint: 176958 ns, At safepoint: 5750 ns, Total: 182708 ns
[2022-05-01T23:43:54.935+0000][161][safepoint   ] Safepoint "Cleanup", Time since last: 1001437542 ns, Reaching safepoint: 1205084 ns, At safepoint: 9916 ns, Total: 1215000 ns
[2022-05-01T23:43:55.942+0000][161][safepoint   ] Safepoint "Cleanup", Time since last: 1006753876 ns, Reaching safepoint: 343208 ns, At safepoint: 15375 ns, Total: 358583 ns
[2022-05-01T23:43:56.954+0000][161][safepoint   ] Safepoint "Cleanup", Time since last: 1011621251 ns, Reaching safepoint: 155458 ns, At safepoint: 4667 ns, Total: 160125 ns
[2022-05-01T23:43:57.961+0000][161][safepoint   ] Safepoint "Cleanup", Time since last: 1006455125 ns, Reaching safepoint: 309500 ns, At safepoint: 7833 ns, Total: 317333 ns
[2022-05-01T23:43:58.969+0000][161][safepoint   ] Safepoint "Cleanup", Time since last: 1005443626 ns, Reaching safepoint: 2745375 ns, At safepoint: 22167 ns, Total: 2767542 ns
[2022-05-01T23:44:00.979+0000][161][safepoint   ] Safepoint "Cleanup", Time since last: 2009288501 ns, Reaching safepoint: 389375 ns, At safepoint: 7041 ns, Total: 396416 ns
[2022-05-01T23:44:02.903+0000][161][gc,start    ] GC(25) Pause Young (Normal) (G1 Evacuation Pause)
[2022-05-01T23:44:02.904+0000][161][gc,task     ] GC(25) Using 5 workers of 5 for evacuation
[2022-05-01T23:44:02.904+0000][161][gc,age      ] GC(25) Desired survivor size 20971520 bytes, new threshold 15 (max threshold 15)
[2022-05-01T23:44:02.912+0000][161][gc,age      ] GC(25) Age table with threshold 15 (max threshold 15)
[2022-05-01T23:44:02.913+0000][161][gc,age      ] GC(25) - age   1:    3685880 bytes,    3685880 total
[2022-05-01T23:44:02.914+0000][161][gc,age      ] GC(25) - age   2:      18376 bytes,    3704256 total
[2022-05-01T23:44:02.915+0000][161][gc,age      ] GC(25) - age   3:      15680 bytes,    3719936 total
[2022-05-01T23:44:02.916+0000][161][gc,age      ] GC(25) - age   4:      43728 bytes,    3763664 total
[2022-05-01T23:44:02.917+0000][161][gc,age      ] GC(25) - age   5:     149576 bytes,    3913240 total
[2022-05-01T23:44:02.918+0000][161][gc,age      ] GC(25) - age   6:     279712 bytes,    4192952 total
[2022-05-01T23:44:02.918+0000][161][gc,age      ] GC(25) - age   7:    1126376 bytes,    5319328 total
[2022-05-01T23:44:02.919+0000][161][gc,age      ] GC(25) - age   8:    4777800 bytes,   10097128 total
[2022-05-01T23:44:02.920+0000][161][gc,phases   ] GC(25)   Pre Evacuate Collection Set: 0.1ms
[2022-05-01T23:44:02.921+0000][161][gc,phases   ] GC(25)   Merge Heap Roots: 0.1ms
[2022-05-01T23:44:02.922+0000][161][gc,phases   ] GC(25)   Evacuate Collection Set: 5.9ms
[2022-05-01T23:44:02.923+0000][161][gc,phases   ] GC(25)   Post Evacuate Collection Set: 1.0ms
[2022-05-01T23:44:02.923+0000][161][gc,phases   ] GC(25)   Other: 10.1ms
[2022-05-01T23:44:02.924+0000][161][gc,heap     ] GC(25) Eden regions: 73->0(73)
[2022-05-01T23:44:02.924+0000][161][gc,heap     ] GC(25) Survivor regions: 3->3(10)
[2022-05-01T23:44:02.925+0000][161][gc,heap     ] GC(25) Old regions: 20->20
[2022-05-01T23:44:02.926+0000][161][gc,heap     ] GC(25) Archive regions: 2->2
[2022-05-01T23:44:02.926+0000][161][gc,heap     ] GC(25) Humongous regions: 6->6
[2022-05-01T23:44:02.927+0000][161][gc,metaspace] GC(25) Metaspace: 114419K(116288K)->114419K(116288K) NonClass: 98969K(100096K)->98969K(100096K) Class: 15449K(16192K)->15449K(16192K)
[2022-05-01T23:44:02.928+0000][161][gc          ] GC(25) Pause Young (Normal) (G1 Evacuation Pause) 408M->117M(512M) 24.832ms
[2022-05-01T23:44:02.929+0000][161][gc,cpu      ] GC(25) User=0.02s Sys=0.00s Real=0.02s
[2022-05-01T23:44:02.930+0000][161][safepoint   ] Safepoint "G1CollectForAllocation", Time since last: 1924136793 ns, Reaching safepoint: 134458 ns, At safepoint: 26780625 ns, Total: 26915083 ns
[2022-05-01T23:44:03.931+0000][161][safepoint   ] Safepoint "Cleanup", Time since last: 1001501626 ns, Reaching safepoint: 80583 ns, At safepoint: 2167 ns, Total: 82750 ns
[2022-05-01T23:44:05.935+0000][161][safepoint   ] Safepoint "Cleanup", Time since last: 2004004001 ns, Reaching safepoint: 173416 ns, At safepoint: 4417 ns, Total: 177833 ns
[2022-05-01T23:44:06.937+0000][161][safepoint   ] Safepoint "Cleanup", Time since last: 1000768417 ns, Reaching safepoint: 287417 ns, At safepoint: 7500 ns, Total: 294917 ns
[2022-05-01T23:44:07.940+0000][161][safepoint   ] Safepoint "Cleanup", Time since last: 1003477833 ns, Reaching safepoint: 448250 ns, At safepoint: 26042 ns, Total: 474292 ns
[2022-05-01T23:44:08.947+0000][161][safepoint   ] Safepoint "Cleanup", Time since last: 1006403501 ns, Reaching safepoint: 180958 ns, At safepoint: 112917 ns, Total: 293875 ns
[2022-05-01T23:44:10.952+0000][161][safepoint   ] Safepoint "Cleanup", Time since last: 2004884459 ns, Reaching safepoint: 229750 ns, At safepoint: 9875 ns, Total: 239625 ns
[2022-05-01T23:44:11.963+0000][161][safepoint   ] Safepoint "Cleanup", Time since last: 1009556542 ns, Reaching safepoint: 756000 ns, At safepoint: 17042 ns, Total: 773042 ns
[2022-05-01T23:44:12.972+0000][161][safepoint   ] Safepoint "Cleanup", Time since last: 1008783292 ns, Reaching safepoint: 212750 ns, At safepoint: 4500 ns, Total: 217250 ns
[2022-05-01T23:44:14.983+0000][161][safepoint   ] Safepoint "Cleanup", Time since last: 2010776084 ns, Reaching safepoint: 337292 ns, At safepoint: 12542 ns, Total: 349834 ns
[2022-05-01T23:44:15.985+0000][161][safepoint   ] Safepoint "Cleanup", Time since last: 1001118833 ns, Reaching safepoint: 760250 ns, At safepoint: 7209 ns, Total: 767459 ns
[2022-05-01T23:44:17.991+0000][161][safepoint   ] Safepoint "Cleanup", Time since last: 2006465376 ns, Reaching safepoint: 142458 ns, At safepoint: 5583 ns, Total: 148041 ns
[2022-05-01T23:44:18.996+0000][161][safepoint   ] Safepoint "Cleanup", Time since last: 1001789001 ns, Reaching safepoint: 3334208 ns, At safepoint: 18583 ns, Total: 3352791 ns
[2022-05-01T23:44:20.005+0000][161][safepoint   ] Safepoint "Cleanup", Time since last: 1007434750 ns, Reaching safepoint: 397625 ns, At safepoint: 16125 ns, Total: 413750 ns
[2022-05-01T23:44:21.016+0000][161][safepoint   ] Safepoint "Cleanup", Time since last: 1010578167 ns, Reaching safepoint: 192584 ns, At safepoint: 20375 ns, Total: 212959 ns
[2022-05-01T23:44:22.019+0000][161][safepoint   ] Safepoint "Cleanup", Time since last: 1003257084 ns, Reaching safepoint: 233166 ns, At safepoint: 7042 ns, Total: 240208 ns
[2022-05-01T23:44:23.025+0000][161][safepoint   ] Safepoint "Cleanup", Time since last: 1005040334 ns, Reaching safepoint: 295750 ns, At safepoint: 9875 ns, Total: 305625 ns
[2022-05-01T23:44:24.043+0000][161][safepoint   ] Safepoint "Cleanup", Time since last: 1017668917 ns, Reaching safepoint: 379500 ns, At safepoint: 31083 ns, Total: 410583 ns
[2022-05-01T23:44:26.056+0000][161][safepoint   ] Safepoint "Cleanup", Time since last: 2013187334 ns, Reaching safepoint: 218000 ns, At safepoint: 11542 ns, Total: 229542 ns
[2022-05-01T23:44:27.063+0000][161][safepoint   ] Safepoint "Cleanup", Time since last: 1006721751 ns, Reaching safepoint: 186875 ns, At safepoint: 8750 ns, Total: 195625 ns
[2022-05-01T23:44:28.067+0000][161][safepoint   ] Safepoint "Cleanup", Time since last: 1003700708 ns, Reaching safepoint: 288709 ns, At safepoint: 5166 ns, Total: 293875 ns
[2022-05-01T23:44:29.069+0000][161][safepoint   ] Safepoint "Cleanup", Time since last: 1001850793 ns, Reaching safepoint: 183041 ns, At safepoint: 5167 ns, Total: 188208 ns
[2022-05-01T23:44:30.072+0000][161][safepoint   ] Safepoint "Cleanup", Time since last: 1002776417 ns, Reaching safepoint: 86042 ns, At safepoint: 2416 ns, Total: 88458 ns
[2022-05-01T23:44:31.075+0000][161][safepoint   ] Safepoint "Cleanup", Time since last: 1002357293 ns, Reaching safepoint: 655083 ns, At safepoint: 22083 ns, Total: 677166 ns
[2022-05-01T23:44:32.116+0000][161][safepoint   ] Safepoint "Cleanup", Time since last: 1040375751 ns, Reaching safepoint: 238333 ns, At safepoint: 8125 ns, Total: 246458 ns
[2022-05-01T23:44:33.123+0000][161][safepoint   ] Safepoint "Cleanup", Time since last: 1007023501 ns, Reaching safepoint: 185250 ns, At safepoint: 6291 ns, Total: 191541 ns
[2022-05-01T23:44:34.128+0000][161][safepoint   ] Safepoint "Cleanup", Time since last: 1004843876 ns, Reaching safepoint: 655750 ns, At safepoint: 18958 ns, Total: 674708 ns
[2022-05-01T23:44:36.139+0000][161][safepoint   ] Safepoint "Cleanup", Time since last: 2010365293 ns, Reaching safepoint: 354666 ns, At safepoint: 11709 ns, Total: 366375 ns
[2022-05-01T23:44:38.152+0000][161][safepoint   ] Safepoint "Cleanup", Time since last: 2012964001 ns, Reaching safepoint: 324750 ns, At safepoint: 9833 ns, Total: 334583 ns
[2022-05-01T23:44:39.159+0000][161][safepoint   ] Safepoint "Cleanup", Time since last: 1006158334 ns, Reaching safepoint: 435083 ns, At safepoint: 12958 ns, Total: 448041 ns
[2022-05-01T23:44:40.165+0000][161][safepoint   ] Safepoint "Cleanup", Time since last: 1005912918 ns, Reaching safepoint: 133750 ns, At safepoint: 9458 ns, Total: 143208 ns
[2022-05-01T23:44:42.169+0000][161][safepoint   ] Safepoint "Cleanup", Time since last: 2004092543 ns, Reaching safepoint: 229000 ns, At safepoint: 4166 ns, Total: 233166 ns
[2022-05-01T23:44:43.170+0000][161][safepoint   ] Safepoint "Cleanup", Time since last: 1000821751 ns, Reaching safepoint: 104500 ns, At safepoint: 2500 ns, Total: 107000 ns
[2022-05-01T23:44:45.174+0000][161][safepoint   ] Safepoint "Cleanup", Time since last: 2003442876 ns, Reaching safepoint: 288000 ns, At safepoint: 11958 ns, Total: 299958 ns
[2022-05-01T23:44:48.181+0000][161][safepoint   ] Safepoint "Cleanup", Time since last: 3005574043 ns, Reaching safepoint: 933875 ns, At safepoint: 23750 ns, Total: 957625 ns
[2022-05-01T23:44:50.206+0000][161][safepoint   ] Safepoint "Cleanup", Time since last: 2025450000 ns, Reaching safepoint: 655167 ns, At safepoint: 16375 ns, Total: 671542 ns
[2022-05-01T23:44:51.215+0000][161][safepoint   ] Safepoint "Cleanup", Time since last: 1007371500 ns, Reaching safepoint: 882250 ns, At safepoint: 19542 ns, Total: 901792 ns
[2022-05-01T23:44:53.222+0000][161][safepoint   ] Safepoint "Cleanup", Time since last: 2006721376 ns, Reaching safepoint: 503083 ns, At safepoint: 82250 ns, Total: 585333 ns
[2022-05-01T23:44:54.230+0000][161][safepoint   ] Safepoint "Cleanup", Time since last: 1007980209 ns, Reaching safepoint: 101792 ns, At safepoint: 3375 ns, Total: 105167 ns
[2022-05-01T23:44:55.232+0000][161][safepoint   ] Safepoint "Cleanup", Time since last: 1001578958 ns, Reaching safepoint: 163167 ns, At safepoint: 3750 ns, Total: 166917 ns
[2022-05-01T23:44:57.235+0000][161][safepoint   ] Safepoint "Cleanup", Time since last: 2003036084 ns, Reaching safepoint: 196000 ns, At safepoint: 6750 ns, Total: 202750 ns
[2022-05-01T23:44:58.238+0000][161][safepoint   ] Safepoint "Cleanup", Time since last: 1002714543 ns, Reaching safepoint: 463666 ns, At safepoint: 14250 ns, Total: 477916 ns
[2022-05-01T23:44:59.245+0000][161][safepoint   ] Safepoint "Cleanup", Time since last: 1006556417 ns, Reaching safepoint: 324375 ns, At safepoint: 17000 ns, Total: 341375 ns
[2022-05-01T23:45:00.252+0000][161][safepoint   ] Safepoint "Cleanup", Time since last: 1006470209 ns, Reaching safepoint: 720500 ns, At safepoint: 22583 ns, Total: 743083 ns
[2022-05-01T23:45:02.851+0000][161][safepoint   ] Safepoint "Cleanup", Time since last: 2598851543 ns, Reaching safepoint: 61167 ns, At safepoint: 13417 ns, Total: 74584 ns
[2022-05-01T23:45:03.853+0000][161][safepoint   ] Safepoint "Cleanup", Time since last: 1001074250 ns, Reaching safepoint: 323209 ns, At safepoint: 9875 ns, Total: 333084 ns
[2022-05-01T23:45:04.871+0000][161][safepoint   ] Safepoint "Cleanup", Time since last: 1017365083 ns, Reaching safepoint: 552334 ns, At safepoint: 10750 ns, Total: 563084 ns
[2022-05-01T23:45:05.148+0000][161][gc,start    ] GC(26) Pause Young (Normal) (G1 Evacuation Pause)
[2022-05-01T23:45:05.152+0000][161][gc,task     ] GC(26) Using 5 workers of 5 for evacuation
[2022-05-01T23:45:05.155+0000][161][gc,age      ] GC(26) Desired survivor size 20971520 bytes, new threshold 15 (max threshold 15)
[2022-05-01T23:45:05.171+0000][161][gc,age      ] GC(26) Age table with threshold 15 (max threshold 15)
[2022-05-01T23:45:05.173+0000][161][gc,age      ] GC(26) - age   1:    1144768 bytes,    1144768 total
[2022-05-01T23:45:05.175+0000][161][gc,age      ] GC(26) - age   2:    1871768 bytes,    3016536 total
[2022-05-01T23:45:05.176+0000][161][gc,age      ] GC(26) - age   3:      15960 bytes,    3032496 total
[2022-05-01T23:45:05.177+0000][161][gc,age      ] GC(26) - age   4:      15560 bytes,    3048056 total
[2022-05-01T23:45:05.178+0000][161][gc,age      ] GC(26) - age   5:      43728 bytes,    3091784 total
[2022-05-01T23:45:05.180+0000][161][gc,age      ] GC(26) - age   6:     144944 bytes,    3236728 total
[2022-05-01T23:45:05.181+0000][161][gc,age      ] GC(26) - age   7:     240928 bytes,    3477656 total
[2022-05-01T23:45:05.183+0000][161][gc,age      ] GC(26) - age   8:    1124728 bytes,    4602384 total
[2022-05-01T23:45:05.183+0000][161][gc,age      ] GC(26) - age   9:    4777000 bytes,    9379384 total
[2022-05-01T23:45:05.185+0000][161][gc,phases   ] GC(26)   Pre Evacuate Collection Set: 0.5ms
[2022-05-01T23:45:05.186+0000][161][gc,phases   ] GC(26)   Merge Heap Roots: 0.8ms
[2022-05-01T23:45:05.187+0000][161][gc,phases   ] GC(26)   Evacuate Collection Set: 9.0ms
[2022-05-01T23:45:05.188+0000][161][gc,phases   ] GC(26)   Post Evacuate Collection Set: 1.9ms
[2022-05-01T23:45:05.190+0000][161][gc,phases   ] GC(26)   Other: 24.4ms
[2022-05-01T23:45:05.190+0000][161][gc,heap     ] GC(26) Eden regions: 73->0(73)
[2022-05-01T23:45:05.192+0000][161][gc,heap     ] GC(26) Survivor regions: 3->3(10)
[2022-05-01T23:45:05.193+0000][161][gc,heap     ] GC(26) Old regions: 20->20
[2022-05-01T23:45:05.194+0000][161][gc,heap     ] GC(26) Archive regions: 2->2
[2022-05-01T23:45:05.195+0000][161][gc,heap     ] GC(26) Humongous regions: 6->6
[2022-05-01T23:45:05.196+0000][161][gc,metaspace] GC(26) Metaspace: 114712K(116544K)->114712K(116544K) NonClass: 99262K(100352K)->99262K(100352K) Class: 15449K(16192K)->15449K(16192K)
[2022-05-01T23:45:05.198+0000][161][gc          ] GC(26) Pause Young (Normal) (G1 Evacuation Pause) 409M->117M(512M) 49.519ms
[2022-05-01T23:45:05.199+0000][161][gc,cpu      ] GC(26) User=0.04s Sys=0.01s Real=0.05s
[2022-05-01T23:45:05.200+0000][161][safepoint   ] Safepoint "G1CollectForAllocation", Time since last: 277070875 ns, Reaching safepoint: 227541 ns, At safepoint: 51891126 ns, Total: 52118667 ns
[2022-05-01T23:45:06.201+0000][161][safepoint   ] Safepoint "Cleanup", Time since last: 1001285125 ns, Reaching safepoint: 177292 ns, At safepoint: 4375 ns, Total: 181667 ns
[2022-05-01T23:45:07.203+0000][161][safepoint   ] Safepoint "Cleanup", Time since last: 1001016708 ns, Reaching safepoint: 218709 ns, At safepoint: 9708 ns, Total: 228417 ns
[2022-05-01T23:45:08.210+0000][161][safepoint   ] Safepoint "Cleanup", Time since last: 1007385042 ns, Reaching safepoint: 391042 ns, At safepoint: 79833 ns, Total: 470875 ns
[2022-05-01T23:45:09.220+0000][161][safepoint   ] Safepoint "Cleanup", Time since last: 1009683292 ns, Reaching safepoint: 264542 ns, At safepoint: 6458 ns, Total: 271000 ns
[2022-05-01T23:45:10.223+0000][161][safepoint   ] Safepoint "Cleanup", Time since last: 1002808043 ns, Reaching safepoint: 74458 ns, At safepoint: 2125 ns, Total: 76583 ns
[2022-05-01T23:45:12.234+0000][161][safepoint   ] Safepoint "Cleanup", Time since last: 2010283459 ns, Reaching safepoint: 914542 ns, At safepoint: 21708 ns, Total: 936250 ns
[2022-05-01T23:45:13.246+0000][161][safepoint   ] Safepoint "Cleanup", Time since last: 1011531167 ns, Reaching safepoint: 314709 ns, At safepoint: 8500 ns, Total: 323209 ns
[2022-05-01T23:45:15.251+0000][161][safepoint   ] Safepoint "Cleanup", Time since last: 2004460709 ns, Reaching safepoint: 73958 ns, At safepoint: 3167 ns, Total: 77125 ns
[2022-05-01T23:45:18.261+0000][161][safepoint   ] Safepoint "Cleanup", Time since last: 3009407460 ns, Reaching safepoint: 257208 ns, At safepoint: 6292 ns, Total: 263500 ns
[2022-05-01T23:45:19.263+0000][161][safepoint   ] Safepoint "Cleanup", Time since last: 1002004584 ns, Reaching safepoint: 508500 ns, At safepoint: 8500 ns, Total: 517000 ns
[2022-05-01T23:45:20.281+0000][161][safepoint   ] Safepoint "Cleanup", Time since last: 1016281374 ns, Reaching safepoint: 397875 ns, At safepoint: 8708 ns, Total: 406583 ns
[2022-05-01T23:45:21.283+0000][161][safepoint   ] Safepoint "Cleanup", Time since last: 1002275543 ns, Reaching safepoint: 317416 ns, At safepoint: 8750 ns, Total: 326166 ns
[2022-05-01T23:45:22.286+0000][161][safepoint   ] Safepoint "Cleanup", Time since last: 1002692542 ns, Reaching safepoint: 337292 ns, At safepoint: 9042 ns, Total: 346334 ns
[2022-05-01T23:45:23.289+0000][161][safepoint   ] Safepoint "Cleanup", Time since last: 1002428250 ns, Reaching safepoint: 491917 ns, At safepoint: 9708 ns, Total: 501625 ns
[2022-05-01T23:45:24.295+0000][161][safepoint   ] Safepoint "Cleanup", Time since last: 1005455792 ns, Reaching safepoint: 283792 ns, At safepoint: 9708 ns, Total: 293500 ns
[2022-05-01T23:45:25.301+0000][161][safepoint   ] Safepoint "Cleanup", Time since last: 1005724626 ns, Reaching safepoint: 473833 ns, At safepoint: 54125 ns, Total: 527958 ns
[2022-05-01T23:45:27.311+0000][161][safepoint   ] Safepoint "Cleanup", Time since last: 2009550418 ns, Reaching safepoint: 246375 ns, At safepoint: 7083 ns, Total: 253458 ns
[2022-05-01T23:45:28.315+0000][161][safepoint   ] Safepoint "Cleanup", Time since last: 1003868417 ns, Reaching safepoint: 82292 ns, At safepoint: 2500 ns, Total: 84792 ns
[2022-05-01T23:45:29.319+0000][161][safepoint   ] Safepoint "Cleanup", Time since last: 1003402584 ns, Reaching safepoint: 254583 ns, At safepoint: 13750 ns, Total: 268333 ns
[2022-05-01T23:45:30.326+0000][161][safepoint   ] Safepoint "Cleanup", Time since last: 1007277626 ns, Reaching safepoint: 162208 ns, At safepoint: 4250 ns, Total: 166458 ns
[2022-05-01T23:45:31.329+0000][161][safepoint   ] Safepoint "Cleanup", Time since last: 1002869334 ns, Reaching safepoint: 203458 ns, At safepoint: 13167 ns, Total: 216625 ns
[2022-05-01T23:45:33.343+0000][161][safepoint   ] Safepoint "Cleanup", Time since last: 2013357667 ns, Reaching safepoint: 137125 ns, At safepoint: 3042 ns, Total: 140167 ns
[2022-05-01T23:45:35.348+0000][161][safepoint   ] Safepoint "Cleanup", Time since last: 2005247626 ns, Reaching safepoint: 214417 ns, At safepoint: 7291 ns, Total: 221708 ns
[2022-05-01T23:45:36.354+0000][161][safepoint   ] Safepoint "Cleanup", Time since last: 1005894209 ns, Reaching safepoint: 183375 ns, At safepoint: 5167 ns, Total: 188542 ns
[2022-05-01T23:45:38.363+0000][161][safepoint   ] Safepoint "Cleanup", Time since last: 2008164334 ns, Reaching safepoint: 232667 ns, At safepoint: 9333 ns, Total: 242000 ns
[2022-05-01T23:45:39.368+0000][161][safepoint   ] Safepoint "Cleanup", Time since last: 1004524709 ns, Reaching safepoint: 469250 ns, At safepoint: 7875 ns, Total: 477125 ns
[2022-05-01T23:45:40.372+0000][161][safepoint   ] Safepoint "Cleanup", Time since last: 1003849834 ns, Reaching safepoint: 392125 ns, At safepoint: 9250 ns, Total: 401375 ns
[2022-05-01T23:45:42.376+0000][161][safepoint   ] Safepoint "Cleanup", Time since last: 2003682042 ns, Reaching safepoint: 785917 ns, At safepoint: 19417 ns, Total: 805334 ns
[2022-05-01T23:45:43.379+0000][161][safepoint   ] Safepoint "Cleanup", Time since last: 1002668875 ns, Reaching safepoint: 452750 ns, At safepoint: 15750 ns, Total: 468500 ns
[2022-05-01T23:45:45.387+0000][161][safepoint   ] Safepoint "Cleanup", Time since last: 2007687584 ns, Reaching safepoint: 141125 ns, At safepoint: 3125 ns, Total: 144250 ns
[2022-05-01T23:45:48.394+0000][161][safepoint   ] Safepoint "Cleanup", Time since last: 3007062293 ns, Reaching safepoint: 130875 ns, At safepoint: 7334 ns, Total: 138209 ns
[2022-05-01T23:45:49.406+0000][161][safepoint   ] Safepoint "Cleanup", Time since last: 1011392500 ns, Reaching safepoint: 586959 ns, At safepoint: 22708 ns, Total: 609667 ns
[2022-05-01T23:45:50.418+0000][161][safepoint   ] Safepoint "Cleanup", Time since last: 1010658791 ns, Reaching safepoint: 188958 ns, At safepoint: 7917 ns, Total: 196875 ns
[2022-05-01T23:45:51.425+0000][161][safepoint   ] Safepoint "Cleanup", Time since last: 1006220751 ns, Reaching safepoint: 354166 ns, At safepoint: 9959 ns, Total: 364125 ns
[2022-05-01T23:45:53.437+0000][161][safepoint   ] Safepoint "Cleanup", Time since last: 2011937126 ns, Reaching safepoint: 265125 ns, At safepoint: 6125 ns, Total: 271250 ns
[2022-05-01T23:45:54.453+0000][161][safepoint   ] Safepoint "Cleanup", Time since last: 1015737917 ns, Reaching safepoint: 754416 ns, At safepoint: 16250 ns, Total: 770666 ns
[2022-05-01T23:45:55.467+0000][161][safepoint   ] Safepoint "Cleanup", Time since last: 1013215543 ns, Reaching safepoint: 145541 ns, At safepoint: 5959 ns, Total: 151500 ns
[2022-05-01T23:45:57.475+0000][161][safepoint   ] Safepoint "Cleanup", Time since last: 2008436584 ns, Reaching safepoint: 117458 ns, At safepoint: 1958 ns, Total: 119416 ns
[2022-05-01T23:45:58.478+0000][161][safepoint   ] Safepoint "Cleanup", Time since last: 1002537168 ns, Reaching safepoint: 168791 ns, At safepoint: 5667 ns, Total: 174458 ns
[2022-05-01T23:46:00.485+0000][161][safepoint   ] Safepoint "Cleanup", Time since last: 2006738168 ns, Reaching safepoint: 517875 ns, At safepoint: 8166 ns, Total: 526041 ns
[2022-05-01T23:46:03.496+0000][161][safepoint   ] Safepoint "Cleanup", Time since last: 3010787960 ns, Reaching safepoint: 334000 ns, At safepoint: 26083 ns, Total: 360083 ns
[2022-05-01T23:46:04.507+0000][161][safepoint   ] Safepoint "Cleanup", Time since last: 1010554126 ns, Reaching safepoint: 176292 ns, At safepoint: 6875 ns, Total: 183167 ns
[2022-05-01T23:46:05.513+0000][161][safepoint   ] Safepoint "Cleanup", Time since last: 1005451875 ns, Reaching safepoint: 227125 ns, At safepoint: 7292 ns, Total: 234417 ns
[2022-05-01T23:46:05.643+0000][161][gc,start    ] GC(27) Pause Young (Normal) (G1 Evacuation Pause)
[2022-05-01T23:46:05.645+0000][161][gc,task     ] GC(27) Using 5 workers of 5 for evacuation
[2022-05-01T23:46:05.646+0000][161][gc,age      ] GC(27) Desired survivor size 20971520 bytes, new threshold 15 (max threshold 15)
[2022-05-01T23:46:05.659+0000][161][gc,age      ] GC(27) Age table with threshold 15 (max threshold 15)
[2022-05-01T23:46:05.661+0000][161][gc,age      ] GC(27) - age   1:     667256 bytes,     667256 total
[2022-05-01T23:46:05.663+0000][161][gc,age      ] GC(27) - age   2:      84000 bytes,     751256 total
[2022-05-01T23:46:05.665+0000][161][gc,age      ] GC(27) - age   3:    1870064 bytes,    2621320 total
[2022-05-01T23:46:05.666+0000][161][gc,age      ] GC(27) - age   4:      15736 bytes,    2637056 total
[2022-05-01T23:46:05.668+0000][161][gc,age      ] GC(27) - age   5:      15560 bytes,    2652616 total
[2022-05-01T23:46:05.669+0000][161][gc,age      ] GC(27) - age   6:      43728 bytes,    2696344 total
[2022-05-01T23:46:05.670+0000][161][gc,age      ] GC(27) - age   7:     144944 bytes,    2841288 total
[2022-05-01T23:46:05.672+0000][161][gc,age      ] GC(27) - age   8:     240928 bytes,    3082216 total
[2022-05-01T23:46:05.673+0000][161][gc,age      ] GC(27) - age   9:    1124728 bytes,    4206944 total
[2022-05-01T23:46:05.674+0000][161][gc,age      ] GC(27) - age  10:    4777000 bytes,    8983944 total
[2022-05-01T23:46:05.675+0000][161][gc,phases   ] GC(27)   Pre Evacuate Collection Set: 0.7ms
[2022-05-01T23:46:05.676+0000][161][gc,phases   ] GC(27)   Merge Heap Roots: 0.5ms
[2022-05-01T23:46:05.677+0000][161][gc,phases   ] GC(27)   Evacuate Collection Set: 9.0ms
[2022-05-01T23:46:05.678+0000][161][gc,phases   ] GC(27)   Post Evacuate Collection Set: 1.4ms
[2022-05-01T23:46:05.679+0000][161][gc,phases   ] GC(27)   Other: 20.2ms
[2022-05-01T23:46:05.680+0000][161][gc,heap     ] GC(27) Eden regions: 73->0(73)
[2022-05-01T23:46:05.682+0000][161][gc,heap     ] GC(27) Survivor regions: 3->3(10)
[2022-05-01T23:46:05.684+0000][161][gc,heap     ] GC(27) Old regions: 20->20
[2022-05-01T23:46:05.684+0000][161][gc,heap     ] GC(27) Archive regions: 2->2
[2022-05-01T23:46:05.685+0000][161][gc,heap     ] GC(27) Humongous regions: 6->6
[2022-05-01T23:46:05.686+0000][161][gc,metaspace] GC(27) Metaspace: 115008K(116864K)->115008K(116864K) NonClass: 99554K(100672K)->99554K(100672K) Class: 15453K(16192K)->15453K(16192K)
[2022-05-01T23:46:05.686+0000][161][gc          ] GC(27) Pause Young (Normal) (G1 Evacuation Pause) 409M->117M(512M) 43.045ms
[2022-05-01T23:46:05.687+0000][161][gc,cpu      ] GC(27) User=0.04s Sys=0.01s Real=0.04s
[2022-05-01T23:46:05.688+0000][161][safepoint   ] Safepoint "G1CollectForAllocation", Time since last: 130275000 ns, Reaching safepoint: 179875 ns, At safepoint: 44939750 ns, Total: 45119625 ns
[2022-05-01T23:46:06.694+0000][161][safepoint   ] Safepoint "Cleanup", Time since last: 1005680792 ns, Reaching safepoint: 185708 ns, At safepoint: 7959 ns, Total: 193667 ns
[2022-05-01T23:46:07.697+0000][161][safepoint   ] Safepoint "Cleanup", Time since last: 1002564375 ns, Reaching safepoint: 140000 ns, At safepoint: 4208 ns, Total: 144208 ns
[2022-05-01T23:46:08.698+0000][161][safepoint   ] Safepoint "Cleanup", Time since last: 1000971043 ns, Reaching safepoint: 290625 ns, At safepoint: 5625 ns, Total: 296250 ns
[2022-05-01T23:46:09.701+0000][161][safepoint   ] Safepoint "Cleanup", Time since last: 1002697958 ns, Reaching safepoint: 415584 ns, At safepoint: 18666 ns, Total: 434250 ns
[2022-05-01T23:46:10.737+0000][161][safepoint   ] Safepoint "Cleanup", Time since last: 1016086584 ns, Reaching safepoint: 19599042 ns, At safepoint: 42833 ns, Total: 19641875 ns
[2022-05-01T23:46:11.740+0000][161][safepoint   ] Safepoint "Cleanup", Time since last: 1002754709 ns, Reaching safepoint: 41792 ns, At safepoint: 1791 ns, Total: 43583 ns
[2022-05-01T23:46:12.743+0000][161][safepoint   ] Safepoint "Cleanup", Time since last: 1003038751 ns, Reaching safepoint: 321041 ns, At safepoint: 31584 ns, Total: 352625 ns
[2022-05-01T23:46:13.746+0000][161][safepoint   ] Safepoint "Cleanup", Time since last: 1002790542 ns, Reaching safepoint: 130708 ns, At safepoint: 6542 ns, Total: 137250 ns
[2022-05-01T23:46:14.748+0000][161][safepoint   ] Safepoint "Cleanup", Time since last: 1002172250 ns, Reaching safepoint: 109667 ns, At safepoint: 4292 ns, Total: 113959 ns
[2022-05-01T23:46:15.749+0000][161][safepoint   ] Safepoint "Cleanup", Time since last: 1000673459 ns, Reaching safepoint: 86125 ns, At safepoint: 5666 ns, Total: 91791 ns
[2022-05-01T23:46:17.753+0000][161][safepoint   ] Safepoint "Cleanup", Time since last: 2003441459 ns, Reaching safepoint: 255750 ns, At safepoint: 7042 ns, Total: 262792 ns
[2022-05-01T23:46:18.756+0000][161][safepoint   ] Safepoint "Cleanup", Time since last: 1002806334 ns, Reaching safepoint: 689833 ns, At safepoint: 13292 ns, Total: 703125 ns
[2022-05-01T23:46:19.770+0000][161][safepoint   ] Safepoint "Cleanup", Time since last: 1013413542 ns, Reaching safepoint: 194042 ns, At safepoint: 7500 ns, Total: 201542 ns
[2022-05-01T23:46:20.777+0000][161][safepoint   ] Safepoint "Cleanup", Time since last: 1006499958 ns, Reaching safepoint: 462625 ns, At safepoint: 5541 ns, Total: 468166 ns
[2022-05-01T23:46:21.781+0000][161][safepoint   ] Safepoint "Cleanup", Time since last: 1003991917 ns, Reaching safepoint: 361584 ns, At safepoint: 10250 ns, Total: 371834 ns
[2022-05-01T23:46:22.791+0000][161][safepoint   ] Safepoint "Cleanup", Time since last: 1009480000 ns, Reaching safepoint: 326334 ns, At safepoint: 16666 ns, Total: 343000 ns
[2022-05-01T23:46:23.800+0000][161][safepoint   ] Safepoint "Cleanup", Time since last: 1008395917 ns, Reaching safepoint: 367209 ns, At safepoint: 10625 ns, Total: 377834 ns
[2022-05-01T23:46:25.806+0000][161][safepoint   ] Safepoint "Cleanup", Time since last: 2005629126 ns, Reaching safepoint: 312208 ns, At safepoint: 15167 ns, Total: 327375 ns
[2022-05-01T23:46:26.814+0000][161][safepoint   ] Safepoint "Cleanup", Time since last: 1008118625 ns, Reaching safepoint: 75500 ns, At safepoint: 2125 ns, Total: 77625 ns
[2022-05-01T23:46:27.816+0000][161][safepoint   ] Safepoint "Cleanup", Time since last: 1002114459 ns, Reaching safepoint: 90083 ns, At safepoint: 4167 ns, Total: 94250 ns
[2022-05-01T23:46:28.824+0000][161][safepoint   ] Safepoint "Cleanup", Time since last: 1007695834 ns, Reaching safepoint: 251416 ns, At safepoint: 22292 ns, Total: 273708 ns
[2022-05-01T23:46:30.827+0000][161][safepoint   ] Safepoint "Cleanup", Time since last: 2002594251 ns, Reaching safepoint: 518125 ns, At safepoint: 5708 ns, Total: 523833 ns
[2022-05-01T23:46:32.830+0000][161][safepoint   ] Safepoint "Cleanup", Time since last: 2003079835 ns, Reaching safepoint: 111083 ns, At safepoint: 30000 ns, Total: 141083 ns
[2022-05-01T23:46:33.845+0000][161][safepoint   ] Safepoint "Cleanup", Time since last: 1012735626 ns, Reaching safepoint: 1934375 ns, At safepoint: 18416 ns, Total: 1952791 ns
[2022-05-01T23:46:35.855+0000][161][safepoint   ] Safepoint "Cleanup", Time since last: 2009391959 ns, Reaching safepoint: 322125 ns, At safepoint: 18209 ns, Total: 340334 ns
[2022-05-01T23:46:37.867+0000][161][safepoint   ] Safepoint "Cleanup", Time since last: 2012125709 ns, Reaching safepoint: 445292 ns, At safepoint: 14000 ns, Total: 459292 ns
[2022-05-01T23:46:38.873+0000][161][safepoint   ] Safepoint "Cleanup", Time since last: 1006020334 ns, Reaching safepoint: 130875 ns, At safepoint: 3583 ns, Total: 134458 ns
[2022-05-01T23:46:39.875+0000][161][safepoint   ] Safepoint "Cleanup", Time since last: 1001495667 ns, Reaching safepoint: 83625 ns, At safepoint: 2708 ns, Total: 86333 ns
[2022-05-01T23:46:40.880+0000][161][safepoint   ] Safepoint "Cleanup", Time since last: 1004019959 ns, Reaching safepoint: 539375 ns, At safepoint: 11667 ns, Total: 551042 ns
[2022-05-01T23:46:41.885+0000][161][safepoint   ] Safepoint "Cleanup", Time since last: 1005225459 ns, Reaching safepoint: 50875 ns, At safepoint: 2041 ns, Total: 52916 ns
[2022-05-01T23:46:42.886+0000][161][safepoint   ] Safepoint "Cleanup", Time since last: 1001472626 ns, Reaching safepoint: 112042 ns, At safepoint: 4875 ns, Total: 116917 ns
[2022-05-01T23:46:43.890+0000][161][safepoint   ] Safepoint "Cleanup", Time since last: 1003361417 ns, Reaching safepoint: 513541 ns, At safepoint: 15000 ns, Total: 528541 ns
[2022-05-01T23:46:44.898+0000][161][safepoint   ] Safepoint "Cleanup", Time since last: 1007434042 ns, Reaching safepoint: 72375 ns, At safepoint: 2334 ns, Total: 74709 ns
[2022-05-01T23:46:45.900+0000][161][safepoint   ] Safepoint "Cleanup", Time since last: 1001278167 ns, Reaching safepoint: 423250 ns, At safepoint: 13958 ns, Total: 437208 ns
[2022-05-01T23:46:46.907+0000][161][safepoint   ] Safepoint "Cleanup", Time since last: 1007834126 ns, Reaching safepoint: 98375 ns, At safepoint: 3833 ns, Total: 102208 ns
[2022-05-01T23:46:47.914+0000][161][safepoint   ] Safepoint "Cleanup", Time since last: 1006286167 ns, Reaching safepoint: 240959 ns, At safepoint: 6666 ns, Total: 247625 ns
[2022-05-01T23:46:48.920+0000][161][safepoint   ] Safepoint "Cleanup", Time since last: 1005368959 ns, Reaching safepoint: 349125 ns, At safepoint: 12875 ns, Total: 362000 ns
[2022-05-01T23:46:50.927+0000][161][safepoint   ] Safepoint "Cleanup", Time since last: 2007147000 ns, Reaching safepoint: 134750 ns, At safepoint: 3625 ns, Total: 138375 ns
[2022-05-01T23:46:51.929+0000][161][safepoint   ] Safepoint "Cleanup", Time since last: 1001133918 ns, Reaching safepoint: 565791 ns, At safepoint: 9875 ns, Total: 575666 ns
[2022-05-01T23:46:52.941+0000][161][safepoint   ] Safepoint "Cleanup", Time since last: 1011237959 ns, Reaching safepoint: 427292 ns, At safepoint: 13041 ns, Total: 440333 ns
[2022-05-01T23:46:53.947+0000][161][safepoint   ] Safepoint "Cleanup", Time since last: 1006063501 ns, Reaching safepoint: 67791 ns, At safepoint: 1917 ns, Total: 69708 ns
[2022-05-01T23:46:55.950+0000][161][safepoint   ] Safepoint "Cleanup", Time since last: 2002581668 ns, Reaching safepoint: 585250 ns, At safepoint: 16041 ns, Total: 601291 ns
[2022-05-01T23:46:56.970+0000][161][safepoint   ] Safepoint "Cleanup", Time since last: 1019636293 ns, Reaching safepoint: 211041 ns, At safepoint: 3792 ns, Total: 214833 ns
[2022-05-01T23:46:57.971+0000][161][safepoint   ] Safepoint "Cleanup", Time since last: 1001133292 ns, Reaching safepoint: 160917 ns, At safepoint: 19791 ns, Total: 180708 ns
[2022-05-01T23:46:58.974+0000][161][safepoint   ] Safepoint "Cleanup", Time since last: 1002985293 ns, Reaching safepoint: 216583 ns, At safepoint: 11958 ns, Total: 228541 ns
[2022-05-01T23:46:59.981+0000][161][safepoint   ] Safepoint "Cleanup", Time since last: 1006525417 ns, Reaching safepoint: 199084 ns, At safepoint: 8166 ns, Total: 207250 ns
[2022-05-01T23:47:00.992+0000][161][safepoint   ] Safepoint "Cleanup", Time since last: 1010076751 ns, Reaching safepoint: 715583 ns, At safepoint: 18000 ns, Total: 733583 ns
[2022-05-01T23:47:03.006+0000][161][safepoint   ] Safepoint "Cleanup", Time since last: 2013772626 ns, Reaching safepoint: 207417 ns, At safepoint: 3916 ns, Total: 211333 ns
[2022-05-01T23:47:04.008+0000][161][safepoint   ] Safepoint "Cleanup", Time since last: 1002304376 ns, Reaching safepoint: 178792 ns, At safepoint: 9291 ns, Total: 188083 ns
[2022-05-01T23:47:05.785+0000][161][gc,start    ] GC(28) Pause Young (Normal) (G1 Evacuation Pause)
[2022-05-01T23:47:05.786+0000][161][gc,task     ] GC(28) Using 5 workers of 5 for evacuation
[2022-05-01T23:47:05.786+0000][161][gc,age      ] GC(28) Desired survivor size 20971520 bytes, new threshold 15 (max threshold 15)
[2022-05-01T23:47:05.794+0000][161][gc,age      ] GC(28) Age table with threshold 15 (max threshold 15)
[2022-05-01T23:47:05.795+0000][161][gc,age      ] GC(28) - age   1:    1901992 bytes,    1901992 total
[2022-05-01T23:47:05.796+0000][161][gc,age      ] GC(28) - age   2:     148416 bytes,    2050408 total
[2022-05-01T23:47:05.797+0000][161][gc,age      ] GC(28) - age   3:      81664 bytes,    2132072 total
[2022-05-01T23:47:05.798+0000][161][gc,age      ] GC(28) - age   4:    1748200 bytes,    3880272 total
[2022-05-01T23:47:05.798+0000][161][gc,age      ] GC(28) - age   5:      15672 bytes,    3895944 total
[2022-05-01T23:47:05.799+0000][161][gc,age      ] GC(28) - age   6:      15528 bytes,    3911472 total
[2022-05-01T23:47:05.799+0000][161][gc,age      ] GC(28) - age   7:      43592 bytes,    3955064 total
[2022-05-01T23:47:05.800+0000][161][gc,age      ] GC(28) - age   8:     143528 bytes,    4098592 total
[2022-05-01T23:47:05.801+0000][161][gc,age      ] GC(28) - age   9:     239488 bytes,    4338080 total
[2022-05-01T23:47:05.801+0000][161][gc,age      ] GC(28) - age  10:    1038184 bytes,    5376264 total
[2022-05-01T23:47:05.802+0000][161][gc,age      ] GC(28) - age  11:    4682616 bytes,   10058880 total
[2022-05-01T23:47:05.802+0000][161][gc,phases   ] GC(28)   Pre Evacuate Collection Set: 0.1ms
[2022-05-01T23:47:05.803+0000][161][gc,phases   ] GC(28)   Merge Heap Roots: 0.2ms
[2022-05-01T23:47:05.803+0000][161][gc,phases   ] GC(28)   Evacuate Collection Set: 5.1ms
[2022-05-01T23:47:05.804+0000][161][gc,phases   ] GC(28)   Post Evacuate Collection Set: 1.4ms
[2022-05-01T23:47:05.805+0000][161][gc,phases   ] GC(28)   Other: 10.3ms
[2022-05-01T23:47:05.806+0000][161][gc,heap     ] GC(28) Eden regions: 73->0(73)
[2022-05-01T23:47:05.806+0000][161][gc,heap     ] GC(28) Survivor regions: 3->3(10)
[2022-05-01T23:47:05.807+0000][161][gc,heap     ] GC(28) Old regions: 20->20
[2022-05-01T23:47:05.807+0000][161][gc,heap     ] GC(28) Archive regions: 2->2
[2022-05-01T23:47:05.808+0000][161][gc,heap     ] GC(28) Humongous regions: 6->6
[2022-05-01T23:47:05.808+0000][161][gc,metaspace] GC(28) Metaspace: 115235K(117056K)->115235K(117056K) NonClass: 99760K(100864K)->99760K(100864K) Class: 15475K(16192K)->15475K(16192K)
[2022-05-01T23:47:05.809+0000][161][gc          ] GC(28) Pause Young (Normal) (G1 Evacuation Pause) 409M->117M(512M) 23.978ms
[2022-05-01T23:47:05.811+0000][161][gc,cpu      ] GC(28) User=0.02s Sys=0.00s Real=0.02s
[2022-05-01T23:47:05.812+0000][161][safepoint   ] Safepoint "G1CollectForAllocation", Time since last: 1776764293 ns, Reaching safepoint: 91458 ns, At safepoint: 26623042 ns, Total: 26714500 ns
[2022-05-01T23:47:06.814+0000][161][safepoint   ] Safepoint "Cleanup", Time since last: 1002019292 ns, Reaching safepoint: 356292 ns, At safepoint: 65500 ns, Total: 421792 ns
[2022-05-01T23:47:07.819+0000][161][safepoint   ] Safepoint "Cleanup", Time since last: 1003864292 ns, Reaching safepoint: 456500 ns, At safepoint: 15166 ns, Total: 471666 ns
[2022-05-01T23:47:08.835+0000][161][safepoint   ] Safepoint "Cleanup", Time since last: 1015753876 ns, Reaching safepoint: 448167 ns, At safepoint: 4625 ns, Total: 452792 ns
[2022-05-01T23:47:09.839+0000][161][safepoint   ] Safepoint "Cleanup", Time since last: 1004346250 ns, Reaching safepoint: 286625 ns, At safepoint: 56833 ns, Total: 343458 ns
[2022-05-01T23:47:10.846+0000][161][safepoint   ] Safepoint "Cleanup", Time since last: 1005852376 ns, Reaching safepoint: 267917 ns, At safepoint: 7333 ns, Total: 275250 ns
[2022-05-01T23:47:11.854+0000][161][safepoint   ] Safepoint "Cleanup", Time since last: 1007672875 ns, Reaching safepoint: 649667 ns, At safepoint: 48667 ns, Total: 698334 ns
[2022-05-01T23:47:12.872+0000][161][safepoint   ] Safepoint "Cleanup", Time since last: 1014443583 ns, Reaching safepoint: 3113959 ns, At safepoint: 17541 ns, Total: 3131500 ns
[2022-05-01T23:47:13.880+0000][161][safepoint   ] Safepoint "Cleanup", Time since last: 1008460834 ns, Reaching safepoint: 318334 ns, At safepoint: 27416 ns, Total: 345750 ns
[2022-05-01T23:47:14.884+0000][161][safepoint   ] Safepoint "Cleanup", Time since last: 1003542209 ns, Reaching safepoint: 154417 ns, At safepoint: 5125 ns, Total: 159542 ns
[2022-05-01T23:47:15.886+0000][161][safepoint   ] Safepoint "Cleanup", Time since last: 1001471584 ns, Reaching safepoint: 308041 ns, At safepoint: 7834 ns, Total: 315875 ns
[2022-05-01T23:47:17.890+0000][161][safepoint   ] Safepoint "Cleanup", Time since last: 2003685001 ns, Reaching safepoint: 110583 ns, At safepoint: 9667 ns, Total: 120250 ns
[2022-05-01T23:47:20.894+0000][161][safepoint   ] Safepoint "Cleanup", Time since last: 3002561375 ns, Reaching safepoint: 106417 ns, At safepoint: 3500 ns, Total: 109917 ns
[2022-05-01T23:47:22.896+0000][161][safepoint   ] Safepoint "Cleanup", Time since last: 2002054084 ns, Reaching safepoint: 254584 ns, At safepoint: 7208 ns, Total: 261792 ns
[2022-05-01T23:47:23.901+0000][161][safepoint   ] Safepoint "Cleanup", Time since last: 1004601417 ns, Reaching safepoint: 287542 ns, At safepoint: 12541 ns, Total: 300083 ns
[2022-05-01T23:47:25.912+0000][161][safepoint   ] Safepoint "Cleanup", Time since last: 2010704960 ns, Reaching safepoint: 232291 ns, At safepoint: 9500 ns, Total: 241791 ns
[2022-05-01T23:47:26.926+0000][161][safepoint   ] Safepoint "Cleanup", Time since last: 1013923959 ns, Reaching safepoint: 129750 ns, At safepoint: 3750 ns, Total: 133500 ns
[2022-05-01T23:47:27.930+0000][161][safepoint   ] Safepoint "Cleanup", Time since last: 1001856001 ns, Reaching safepoint: 2003250 ns, At safepoint: 12416 ns, Total: 2015666 ns
[2022-05-01T23:47:28.934+0000][161][safepoint   ] Safepoint "Cleanup", Time since last: 1003751126 ns, Reaching safepoint: 431208 ns, At safepoint: 14875 ns, Total: 446083 ns
[2022-05-01T23:47:29.937+0000][161][safepoint   ] Safepoint "Cleanup", Time since last: 1002729834 ns, Reaching safepoint: 192167 ns, At safepoint: 9958 ns, Total: 202125 ns
[2022-05-01T23:47:30.942+0000][161][safepoint   ] Safepoint "Cleanup", Time since last: 1004599792 ns, Reaching safepoint: 498875 ns, At safepoint: 11417 ns, Total: 510292 ns
[2022-05-01T23:47:32.954+0000][161][safepoint   ] Safepoint "Cleanup", Time since last: 2011475001 ns, Reaching safepoint: 167791 ns, At safepoint: 4375 ns, Total: 172166 ns
[2022-05-01T23:47:35.962+0000][161][safepoint   ] Safepoint "Cleanup", Time since last: 3008349377 ns, Reaching safepoint: 98250 ns, At safepoint: 4125 ns, Total: 102375 ns
[2022-05-01T23:47:37.966+0000][161][safepoint   ] Safepoint "Cleanup", Time since last: 2003920209 ns, Reaching safepoint: 355083 ns, At safepoint: 13417 ns, Total: 368500 ns
[2022-05-01T23:47:38.971+0000][161][safepoint   ] Safepoint "Cleanup", Time since last: 1004442584 ns, Reaching safepoint: 72458 ns, At safepoint: 2542 ns, Total: 75000 ns
[2022-05-01T23:47:40.973+0000][161][safepoint   ] Safepoint "Cleanup", Time since last: 2001418918 ns, Reaching safepoint: 305666 ns, At safepoint: 9959 ns, Total: 315625 ns
[2022-05-01T23:47:41.976+0000][161][safepoint   ] Safepoint "Cleanup", Time since last: 1002945750 ns, Reaching safepoint: 189000 ns, At safepoint: 3750 ns, Total: 192750 ns
[2022-05-01T23:47:42.977+0000][161][safepoint   ] Safepoint "Cleanup", Time since last: 1000804876 ns, Reaching safepoint: 156416 ns, At safepoint: 3584 ns, Total: 160000 ns
[2022-05-01T23:47:44.986+0000][161][safepoint   ] Safepoint "Cleanup", Time since last: 2008996459 ns, Reaching safepoint: 87041 ns, At safepoint: 4000 ns, Total: 91041 ns
[2022-05-01T23:47:45.989+0000][161][safepoint   ] Safepoint "Cleanup", Time since last: 1002746918 ns, Reaching safepoint: 70000 ns, At safepoint: 2000 ns, Total: 72000 ns
[2022-05-01T23:47:47.995+0000][161][safepoint   ] Safepoint "Cleanup", Time since last: 2006598626 ns, Reaching safepoint: 263333 ns, At safepoint: 9042 ns, Total: 272375 ns
[2022-05-01T23:47:49.001+0000][161][safepoint   ] Safepoint "Cleanup", Time since last: 1004671875 ns, Reaching safepoint: 803333 ns, At safepoint: 17834 ns, Total: 821167 ns
[2022-05-01T23:47:51.012+0000][161][safepoint   ] Safepoint "Cleanup", Time since last: 2010518375 ns, Reaching safepoint: 175167 ns, At safepoint: 4291 ns, Total: 179458 ns
[2022-05-01T23:47:53.021+0000][161][safepoint   ] Safepoint "Cleanup", Time since last: 2007495751 ns, Reaching safepoint: 1405875 ns, At safepoint: 11125 ns, Total: 1417000 ns
[2022-05-01T23:47:54.027+0000][161][safepoint   ] Safepoint "Cleanup", Time since last: 1005735584 ns, Reaching safepoint: 184625 ns, At safepoint: 7792 ns, Total: 192417 ns
[2022-05-01T23:47:55.029+0000][161][safepoint   ] Safepoint "Cleanup", Time since last: 1001915167 ns, Reaching safepoint: 256792 ns, At safepoint: 9125 ns, Total: 265917 ns
[2022-05-01T23:47:56.034+0000][161][safepoint   ] Safepoint "Cleanup", Time since last: 1004865417 ns, Reaching safepoint: 509250 ns, At safepoint: 8458 ns, Total: 517708 ns
[2022-05-01T23:47:57.038+0000][161][safepoint   ] Safepoint "Cleanup", Time since last: 1003309376 ns, Reaching safepoint: 100458 ns, At safepoint: 4083 ns, Total: 104541 ns
[2022-05-01T23:47:58.039+0000][161][safepoint   ] Safepoint "Cleanup", Time since last: 1000553834 ns, Reaching safepoint: 104083 ns, At safepoint: 4084 ns, Total: 108167 ns
[2022-05-01T23:47:59.042+0000][161][safepoint   ] Safepoint "Cleanup", Time since last: 1002633625 ns, Reaching safepoint: 537459 ns, At safepoint: 21291 ns, Total: 558750 ns
[2022-05-01T23:48:01.050+0000][161][safepoint   ] Safepoint "Cleanup", Time since last: 2007482460 ns, Reaching safepoint: 637250 ns, At safepoint: 31500 ns, Total: 668750 ns
[2022-05-01T23:48:03.069+0000][161][safepoint   ] Safepoint "Cleanup", Time since last: 2018516250 ns, Reaching safepoint: 197209 ns, At safepoint: 4041 ns, Total: 201250 ns
[2022-05-01T23:48:04.070+0000][161][safepoint   ] Safepoint "Cleanup", Time since last: 1001262209 ns, Reaching safepoint: 80125 ns, At safepoint: 12292 ns, Total: 92417 ns
[2022-05-01T23:48:05.072+0000][161][safepoint   ] Safepoint "Cleanup", Time since last: 1002070917 ns, Reaching safepoint: 362167 ns, At safepoint: 16125 ns, Total: 378292 ns
[2022-05-01T23:48:06.078+0000][161][safepoint   ] Safepoint "Cleanup", Time since last: 1005937250 ns, Reaching safepoint: 125542 ns, At safepoint: 4125 ns, Total: 129667 ns
[2022-05-01T23:48:07.109+0000][161][safepoint   ] Safepoint "Cleanup", Time since last: 1029128167 ns, Reaching safepoint: 1035083 ns, At safepoint: 16584 ns, Total: 1051667 ns
[2022-05-01T23:48:08.120+0000][161][safepoint   ] Safepoint "Cleanup", Time since last: 1010334084 ns, Reaching safepoint: 876208 ns, At safepoint: 19000 ns, Total: 895208 ns
[2022-05-01T23:48:08.744+0000][161][gc,start    ] GC(29) Pause Young (Normal) (G1 Evacuation Pause)
[2022-05-01T23:48:08.747+0000][161][gc,task     ] GC(29) Using 5 workers of 5 for evacuation
[2022-05-01T23:48:08.748+0000][161][gc,age      ] GC(29) Desired survivor size 20971520 bytes, new threshold 15 (max threshold 15)
[2022-05-01T23:48:08.758+0000][161][gc,age      ] GC(29) Age table with threshold 15 (max threshold 15)
[2022-05-01T23:48:08.759+0000][161][gc,age      ] GC(29) - age   1:    1451264 bytes,    1451264 total
[2022-05-01T23:48:08.760+0000][161][gc,age      ] GC(29) - age   2:     159872 bytes,    1611136 total
[2022-05-01T23:48:08.761+0000][161][gc,age      ] GC(29) - age   3:      18744 bytes,    1629880 total
[2022-05-01T23:48:08.762+0000][161][gc,age      ] GC(29) - age   4:      81352 bytes,    1711232 total
[2022-05-01T23:48:08.763+0000][161][gc,age      ] GC(29) - age   5:    1748088 bytes,    3459320 total
[2022-05-01T23:48:08.764+0000][161][gc,age      ] GC(29) - age   6:      15672 bytes,    3474992 total
[2022-05-01T23:48:08.764+0000][161][gc,age      ] GC(29) - age   7:      15528 bytes,    3490520 total
[2022-05-01T23:48:08.765+0000][161][gc,age      ] GC(29) - age   8:      43592 bytes,    3534112 total
[2022-05-01T23:48:08.766+0000][161][gc,age      ] GC(29) - age   9:     143528 bytes,    3677640 total
[2022-05-01T23:48:08.766+0000][161][gc,age      ] GC(29) - age  10:     239152 bytes,    3916792 total
[2022-05-01T23:48:08.767+0000][161][gc,age      ] GC(29) - age  11:    1038184 bytes,    4954976 total
[2022-05-01T23:48:08.768+0000][161][gc,age      ] GC(29) - age  12:    4682616 bytes,    9637592 total
[2022-05-01T23:48:08.769+0000][161][gc,phases   ] GC(29)   Pre Evacuate Collection Set: 0.1ms
[2022-05-01T23:48:08.769+0000][161][gc,phases   ] GC(29)   Merge Heap Roots: 0.1ms
[2022-05-01T23:48:08.770+0000][161][gc,phases   ] GC(29)   Evacuate Collection Set: 7.2ms
[2022-05-01T23:48:08.771+0000][161][gc,phases   ] GC(29)   Post Evacuate Collection Set: 1.5ms
[2022-05-01T23:48:08.771+0000][161][gc,phases   ] GC(29)   Other: 15.4ms
[2022-05-01T23:48:08.772+0000][161][gc,heap     ] GC(29) Eden regions: 73->0(73)
[2022-05-01T23:48:08.773+0000][161][gc,heap     ] GC(29) Survivor regions: 3->3(10)
[2022-05-01T23:48:08.773+0000][161][gc,heap     ] GC(29) Old regions: 20->20
[2022-05-01T23:48:08.774+0000][161][gc,heap     ] GC(29) Archive regions: 2->2
[2022-05-01T23:48:08.774+0000][161][gc,heap     ] GC(29) Humongous regions: 6->6
[2022-05-01T23:48:08.775+0000][161][gc,metaspace] GC(29) Metaspace: 115332K(117184K)->115332K(117184K) NonClass: 99857K(100992K)->99857K(100992K) Class: 15475K(16192K)->15475K(16192K)
[2022-05-01T23:48:08.776+0000][161][gc          ] GC(29) Pause Young (Normal) (G1 Evacuation Pause) 409M->117M(512M) 31.225ms
[2022-05-01T23:48:08.776+0000][161][gc,cpu      ] GC(29) User=0.03s Sys=0.00s Real=0.03s
[2022-05-01T23:48:08.777+0000][161][safepoint   ] Safepoint "G1CollectForAllocation", Time since last: 624326667 ns, Reaching safepoint: 52958 ns, At safepoint: 32845334 ns, Total: 32898292 ns
[2022-05-01T23:48:09.778+0000][161][safepoint   ] Safepoint "Cleanup", Time since last: 1000970333 ns, Reaching safepoint: 240125 ns, At safepoint: 10375 ns, Total: 250500 ns
[2022-05-01T23:48:10.781+0000][161][safepoint   ] Safepoint "Cleanup", Time since last: 1002398042 ns, Reaching safepoint: 560209 ns, At safepoint: 9041 ns, Total: 569250 ns
[2022-05-01T23:48:11.786+0000][161][safepoint   ] Safepoint "Cleanup", Time since last: 1004929168 ns, Reaching safepoint: 174625 ns, At safepoint: 10916 ns, Total: 185541 ns
[2022-05-01T23:48:12.789+0000][161][safepoint   ] Safepoint "Cleanup", Time since last: 1002370626 ns, Reaching safepoint: 236291 ns, At safepoint: 10625 ns, Total: 246916 ns
[2022-05-01T23:48:14.800+0000][161][safepoint   ] Safepoint "Cleanup", Time since last: 2010758168 ns, Reaching safepoint: 169208 ns, At safepoint: 12167 ns, Total: 181375 ns
[2022-05-01T23:48:15.802+0000][161][safepoint   ] Safepoint "Cleanup", Time since last: 1001649542 ns, Reaching safepoint: 433875 ns, At safepoint: 9625 ns, Total: 443500 ns
[2022-05-01T23:48:17.575+0000][161][safepoint   ] Safepoint "Cleanup", Time since last: 1772661168 ns, Reaching safepoint: 159500 ns, At safepoint: 5208 ns, Total: 164708 ns
[2022-05-01T23:48:18.766+0000][161][safepoint   ] Safepoint "Cleanup", Time since last: 1190867584 ns, Reaching safepoint: 119000 ns, At safepoint: 4375 ns, Total: 123375 ns
[2022-05-01T23:48:20.768+0000][161][safepoint   ] Safepoint "Cleanup", Time since last: 2002660709 ns, Reaching safepoint: 86792 ns, At safepoint: 3958 ns, Total: 90750 ns
[2022-05-01T23:48:22.773+0000][161][safepoint   ] Safepoint "Cleanup", Time since last: 2004544668 ns, Reaching safepoint: 496333 ns, At safepoint: 11292 ns, Total: 507625 ns
[2022-05-01T23:48:23.779+0000][161][safepoint   ] Safepoint "Cleanup", Time since last: 1004889042 ns, Reaching safepoint: 948625 ns, At safepoint: 10541 ns, Total: 959166 ns
[2022-05-01T23:48:25.783+0000][161][safepoint   ] Safepoint "Cleanup", Time since last: 2004497710 ns, Reaching safepoint: 352500 ns, At safepoint: 9125 ns, Total: 361625 ns
[2022-05-01T23:48:26.786+0000][161][safepoint   ] Safepoint "Cleanup", Time since last: 1002483292 ns, Reaching safepoint: 77833 ns, At safepoint: 2917 ns, Total: 80750 ns
[2022-05-01T23:48:27.791+0000][161][safepoint   ] Safepoint "Cleanup", Time since last: 1004453084 ns, Reaching safepoint: 456916 ns, At safepoint: 10959 ns, Total: 467875 ns
[2022-05-01T23:48:28.793+0000][161][safepoint   ] Safepoint "Cleanup", Time since last: 1002355250 ns, Reaching safepoint: 123167 ns, At safepoint: 5541 ns, Total: 128708 ns
[2022-05-01T23:48:29.802+0000][161][safepoint   ] Safepoint "Cleanup", Time since last: 1008219043 ns, Reaching safepoint: 87583 ns, At safepoint: 4958 ns, Total: 92541 ns
[2022-05-01T23:48:30.803+0000][161][safepoint   ] Safepoint "Cleanup", Time since last: 1001006251 ns, Reaching safepoint: 547083 ns, At safepoint: 10000 ns, Total: 557083 ns
[2022-05-01T23:48:32.807+0000][161][safepoint   ] Safepoint "Cleanup", Time since last: 2003722543 ns, Reaching safepoint: 64583 ns, At safepoint: 1792 ns, Total: 66375 ns
[2022-05-01T23:48:33.808+0000][161][safepoint   ] Safepoint "Cleanup", Time since last: 1001356083 ns, Reaching safepoint: 67375 ns, At safepoint: 4209 ns, Total: 71584 ns
[2022-05-01T23:48:34.814+0000][161][safepoint   ] Safepoint "Cleanup", Time since last: 1003707917 ns, Reaching safepoint: 1780750 ns, At safepoint: 21958 ns, Total: 1802708 ns
[2022-05-01T23:48:35.818+0000][161][safepoint   ] Safepoint "Cleanup", Time since last: 1003786917 ns, Reaching safepoint: 353584 ns, At safepoint: 49625 ns, Total: 403209 ns
[2022-05-01T23:48:37.834+0000][161][safepoint   ] Safepoint "Cleanup", Time since last: 2015069084 ns, Reaching safepoint: 269417 ns, At safepoint: 14041 ns, Total: 283458 ns
[2022-05-01T23:48:38.849+0000][161][safepoint   ] Safepoint "Cleanup", Time since last: 1015370751 ns, Reaching safepoint: 163583 ns, At safepoint: 4334 ns, Total: 167917 ns
[2022-05-01T23:48:39.854+0000][161][safepoint   ] Safepoint "Cleanup", Time since last: 1004469000 ns, Reaching safepoint: 119750 ns, At safepoint: 5542 ns, Total: 125292 ns
[2022-05-01T23:48:40.860+0000][161][safepoint   ] Safepoint "Cleanup", Time since last: 1006222250 ns, Reaching safepoint: 244042 ns, At safepoint: 10750 ns, Total: 254792 ns
[2022-05-01T23:48:41.867+0000][161][safepoint   ] Safepoint "Cleanup", Time since last: 1006595917 ns, Reaching safepoint: 626958 ns, At safepoint: 4042 ns, Total: 631000 ns
[2022-05-01T23:48:42.872+0000][161][safepoint   ] Safepoint "Cleanup", Time since last: 1004677250 ns, Reaching safepoint: 173834 ns, At safepoint: 3583 ns, Total: 177417 ns
[2022-05-01T23:48:44.883+0000][161][safepoint   ] Safepoint "Cleanup", Time since last: 2010290959 ns, Reaching safepoint: 57209 ns, At safepoint: 4083 ns, Total: 61292 ns
[2022-05-01T23:48:45.886+0000][161][safepoint   ] Safepoint "Cleanup", Time since last: 1003172709 ns, Reaching safepoint: 71375 ns, At safepoint: 2708 ns, Total: 74083 ns
[2022-05-01T23:48:46.889+0000][161][safepoint   ] Safepoint "Cleanup", Time since last: 1003415959 ns, Reaching safepoint: 256708 ns, At safepoint: 5917 ns, Total: 262625 ns
[2022-05-01T23:48:47.900+0000][161][safepoint   ] Safepoint "Cleanup", Time since last: 1010465001 ns, Reaching safepoint: 121833 ns, At safepoint: 3208 ns, Total: 125041 ns
[2022-05-01T23:48:48.906+0000][161][safepoint   ] Safepoint "Cleanup", Time since last: 1005289584 ns, Reaching safepoint: 292833 ns, At safepoint: 15125 ns, Total: 307958 ns
[2022-05-01T23:48:50.920+0000][161][safepoint   ] Safepoint "Cleanup", Time since last: 2011037209 ns, Reaching safepoint: 48000 ns, At safepoint: 33208 ns, Total: 81208 ns
[2022-05-01T23:48:51.922+0000][161][safepoint   ] Safepoint "Cleanup", Time since last: 1001023084 ns, Reaching safepoint: 117458 ns, At safepoint: 3584 ns, Total: 121042 ns
[2022-05-01T23:48:52.923+0000][161][safepoint   ] Safepoint "Cleanup", Time since last: 1001568209 ns, Reaching safepoint: 249666 ns, At safepoint: 4709 ns, Total: 254375 ns
[2022-05-01T23:48:53.925+0000][161][safepoint   ] Safepoint "Cleanup", Time since last: 1001630875 ns, Reaching safepoint: 89833 ns, At safepoint: 2084 ns, Total: 91917 ns
[2022-05-01T23:48:54.934+0000][161][safepoint   ] Safepoint "Cleanup", Time since last: 1004335125 ns, Reaching safepoint: 4310500 ns, At safepoint: 61500 ns, Total: 4372000 ns
[2022-05-01T23:48:55.937+0000][161][safepoint   ] Safepoint "Cleanup", Time since last: 1002591959 ns, Reaching safepoint: 260208 ns, At safepoint: 7709 ns, Total: 267917 ns
[2022-05-01T23:48:56.946+0000][161][safepoint   ] Safepoint "Cleanup", Time since last: 1009522459 ns, Reaching safepoint: 71375 ns, At safepoint: 2333 ns, Total: 73708 ns
[2022-05-01T23:48:57.948+0000][161][safepoint   ] Safepoint "Cleanup", Time since last: 1001416709 ns, Reaching safepoint: 136166 ns, At safepoint: 3792 ns, Total: 139958 ns
[2022-05-01T23:48:58.950+0000][161][safepoint   ] Safepoint "Cleanup", Time since last: 1002032167 ns, Reaching safepoint: 457917 ns, At safepoint: 10708 ns, Total: 468625 ns
[2022-05-01T23:48:59.953+0000][161][safepoint   ] Safepoint "Cleanup", Time since last: 1002264709 ns, Reaching safepoint: 238167 ns, At safepoint: 7750 ns, Total: 245917 ns
[2022-05-01T23:49:00.964+0000][161][safepoint   ] Safepoint "Cleanup", Time since last: 1010783208 ns, Reaching safepoint: 581459 ns, At safepoint: 28291 ns, Total: 609750 ns
[2022-05-01T23:49:02.971+0000][161][safepoint   ] Safepoint "Cleanup", Time since last: 2006817043 ns, Reaching safepoint: 55167 ns, At safepoint: 2208 ns, Total: 57375 ns
[2022-05-01T23:49:03.973+0000][161][safepoint   ] Safepoint "Cleanup", Time since last: 1001734834 ns, Reaching safepoint: 299667 ns, At safepoint: 14083 ns, Total: 313750 ns
[2022-05-01T23:49:05.985+0000][161][safepoint   ] Safepoint "Cleanup", Time since last: 2011344793 ns, Reaching safepoint: 328750 ns, At safepoint: 4333 ns, Total: 333083 ns
[2022-05-01T23:49:07.990+0000][161][safepoint   ] Safepoint "Cleanup", Time since last: 2004570667 ns, Reaching safepoint: 328417 ns, At safepoint: 7625 ns, Total: 336042 ns
[2022-05-01T23:49:08.994+0000][161][safepoint   ] Safepoint "Cleanup", Time since last: 1003420959 ns, Reaching safepoint: 519583 ns, At safepoint: 5334 ns, Total: 524917 ns
[2022-05-01T23:49:09.165+0000][161][gc,start    ] GC(30) Pause Young (Normal) (G1 Evacuation Pause)
[2022-05-01T23:49:09.166+0000][161][gc,task     ] GC(30) Using 5 workers of 5 for evacuation
[2022-05-01T23:49:09.167+0000][161][gc,age      ] GC(30) Desired survivor size 20971520 bytes, new threshold 15 (max threshold 15)
[2022-05-01T23:49:09.173+0000][161][gc,age      ] GC(30) Age table with threshold 15 (max threshold 15)
[2022-05-01T23:49:09.174+0000][161][gc,age      ] GC(30) - age   1:    2604752 bytes,    2604752 total
[2022-05-01T23:49:09.176+0000][161][gc,age      ] GC(30) - age   2:       5416 bytes,    2610168 total
[2022-05-01T23:49:09.176+0000][161][gc,age      ] GC(30) - age   3:     157408 bytes,    2767576 total
[2022-05-01T23:49:09.177+0000][161][gc,age      ] GC(30) - age   4:      14352 bytes,    2781928 total
[2022-05-01T23:49:09.178+0000][161][gc,age      ] GC(30) - age   5:      31048 bytes,    2812976 total
[2022-05-01T23:49:09.180+0000][161][gc,age      ] GC(30) - age   6:    1419856 bytes,    4232832 total
[2022-05-01T23:49:09.181+0000][161][gc,age      ] GC(30) - age   7:      15672 bytes,    4248504 total
[2022-05-01T23:49:09.182+0000][161][gc,age      ] GC(30) - age   8:      15264 bytes,    4263768 total
[2022-05-01T23:49:09.183+0000][161][gc,age      ] GC(30) - age   9:      43592 bytes,    4307360 total
[2022-05-01T23:49:09.183+0000][161][gc,age      ] GC(30) - age  10:     143288 bytes,    4450648 total
[2022-05-01T23:49:09.184+0000][161][gc,age      ] GC(30) - age  11:     239064 bytes,    4689712 total
[2022-05-01T23:49:09.185+0000][161][gc,age      ] GC(30) - age  12:    1038184 bytes,    5727896 total
[2022-05-01T23:49:09.186+0000][161][gc,age      ] GC(30) - age  13:    4682304 bytes,   10410200 total
[2022-05-01T23:49:09.187+0000][161][gc,phases   ] GC(30)   Pre Evacuate Collection Set: 0.1ms
[2022-05-01T23:49:09.188+0000][161][gc,phases   ] GC(30)   Merge Heap Roots: 0.1ms
[2022-05-01T23:49:09.189+0000][161][gc,phases   ] GC(30)   Evacuate Collection Set: 4.4ms
[2022-05-01T23:49:09.189+0000][161][gc,phases   ] GC(30)   Post Evacuate Collection Set: 1.4ms
[2022-05-01T23:49:09.190+0000][161][gc,phases   ] GC(30)   Other: 15.6ms
[2022-05-01T23:49:09.191+0000][161][gc,heap     ] GC(30) Eden regions: 73->0(73)
[2022-05-01T23:49:09.191+0000][161][gc,heap     ] GC(30) Survivor regions: 3->3(10)
[2022-05-01T23:49:09.192+0000][161][gc,heap     ] GC(30) Old regions: 20->20
[2022-05-01T23:49:09.192+0000][161][gc,heap     ] GC(30) Archive regions: 2->2
[2022-05-01T23:49:09.193+0000][161][gc,heap     ] GC(30) Humongous regions: 6->6
[2022-05-01T23:49:09.194+0000][161][gc,metaspace] GC(30) Metaspace: 115528K(117376K)->115528K(117376K) NonClass: 100029K(101184K)->100029K(101184K) Class: 15499K(16192K)->15499K(16192K)
[2022-05-01T23:49:09.194+0000][161][gc          ] GC(30) Pause Young (Normal) (G1 Evacuation Pause) 409M->118M(512M) 29.296ms
[2022-05-01T23:49:09.195+0000][161][gc,cpu      ] GC(30) User=0.02s Sys=0.01s Real=0.03s
[2022-05-01T23:49:09.196+0000][161][safepoint   ] Safepoint "G1CollectForAllocation", Time since last: 171336833 ns, Reaching safepoint: 98958 ns, At safepoint: 30851334 ns, Total: 30950292 ns
[2022-05-01T23:49:10.200+0000][161][safepoint   ] Safepoint "Cleanup", Time since last: 1003595125 ns, Reaching safepoint: 577250 ns, At safepoint: 220042 ns, Total: 797292 ns
[2022-05-01T23:49:11.207+0000][161][safepoint   ] Safepoint "Cleanup", Time since last: 1006111917 ns, Reaching safepoint: 375875 ns, At safepoint: 12083 ns, Total: 387958 ns
[2022-05-01T23:49:12.217+0000][161][safepoint   ] Safepoint "Cleanup", Time since last: 1006926209 ns, Reaching safepoint: 3206417 ns, At safepoint: 18208 ns, Total: 3224625 ns
[2022-05-01T23:49:13.224+0000][161][safepoint   ] Safepoint "Cleanup", Time since last: 1006112084 ns, Reaching safepoint: 562542 ns, At safepoint: 6666 ns, Total: 569208 ns
[2022-05-01T23:49:15.232+0000][161][safepoint   ] Safepoint "Cleanup", Time since last: 2007823543 ns, Reaching safepoint: 310333 ns, At safepoint: 5917 ns, Total: 316250 ns
[2022-05-01T23:49:16.234+0000][161][safepoint   ] Safepoint "Cleanup", Time since last: 1001844542 ns, Reaching safepoint: 155917 ns, At safepoint: 46666 ns, Total: 202583 ns
[2022-05-01T23:49:18.237+0000][161][safepoint   ] Safepoint "Cleanup", Time since last: 2003004251 ns, Reaching safepoint: 260125 ns, At safepoint: 4625 ns, Total: 264750 ns
[2022-05-01T23:49:20.246+0000][161][safepoint   ] Safepoint "Cleanup", Time since last: 2010501084 ns, Reaching safepoint: 376792 ns, At safepoint: 17583 ns, Total: 394375 ns
[2022-05-01T23:49:21.254+0000][161][safepoint   ] Safepoint "Cleanup", Time since last: 1008088084 ns, Reaching safepoint: 97208 ns, At safepoint: 2667 ns, Total: 99875 ns
[2022-05-01T23:49:23.257+0000][161][safepoint   ] Safepoint "Cleanup", Time since last: 2003171584 ns, Reaching safepoint: 198542 ns, At safepoint: 10500 ns, Total: 209042 ns
[2022-05-01T23:49:24.296+0000][161][safepoint   ] Safepoint "Cleanup", Time since last: 1038412251 ns, Reaching safepoint: 196708 ns, At safepoint: 12000 ns, Total: 208708 ns
[2022-05-01T23:49:25.298+0000][161][safepoint   ] Safepoint "Cleanup", Time since last: 1001905250 ns, Reaching safepoint: 56917 ns, At safepoint: 2500 ns, Total: 59417 ns
[2022-05-01T23:49:27.300+0000][161][safepoint   ] Safepoint "Cleanup", Time since last: 2002279709 ns, Reaching safepoint: 257709 ns, At safepoint: 13708 ns, Total: 271417 ns
[2022-05-01T23:49:28.303+0000][161][safepoint   ] Safepoint "Cleanup", Time since last: 1002638001 ns, Reaching safepoint: 153291 ns, At safepoint: 6375 ns, Total: 159666 ns
[2022-05-01T23:49:29.315+0000][161][safepoint   ] Safepoint "Cleanup", Time since last: 1011348251 ns, Reaching safepoint: 195291 ns, At safepoint: 8542 ns, Total: 203833 ns
[2022-05-01T23:49:30.319+0000][161][safepoint   ] Safepoint "Cleanup", Time since last: 1004423250 ns, Reaching safepoint: 295000 ns, At safepoint: 5667 ns, Total: 300667 ns
[2022-05-01T23:49:33.328+0000][161][safepoint   ] Safepoint "Cleanup", Time since last: 3007835460 ns, Reaching safepoint: 275625 ns, At safepoint: 5417 ns, Total: 281042 ns
[2022-05-01T23:49:34.333+0000][161][safepoint   ] Safepoint "Cleanup", Time since last: 1005684875 ns, Reaching safepoint: 188542 ns, At safepoint: 6166 ns, Total: 194708 ns
[2022-05-01T23:49:35.351+0000][161][safepoint   ] Safepoint "Cleanup", Time since last: 1017300584 ns, Reaching safepoint: 73709 ns, At safepoint: 2708 ns, Total: 76417 ns
[2022-05-01T23:49:36.354+0000][161][safepoint   ] Safepoint "Cleanup", Time since last: 1003265084 ns, Reaching safepoint: 217625 ns, At safepoint: 13666 ns, Total: 231291 ns
[2022-05-01T23:49:37.368+0000][161][safepoint   ] Safepoint "Cleanup", Time since last: 1013120501 ns, Reaching safepoint: 439583 ns, At safepoint: 14792 ns, Total: 454375 ns
[2022-05-01T23:49:38.375+0000][161][safepoint   ] Safepoint "Cleanup", Time since last: 1006754834 ns, Reaching safepoint: 293541 ns, At safepoint: 13250 ns, Total: 306791 ns
[2022-05-01T23:49:39.383+0000][161][safepoint   ] Safepoint "Cleanup", Time since last: 1008099959 ns, Reaching safepoint: 118667 ns, At safepoint: 3166 ns, Total: 121833 ns
[2022-05-01T23:49:42.386+0000][161][safepoint   ] Safepoint "Cleanup", Time since last: 3002267335 ns, Reaching safepoint: 123459 ns, At safepoint: 9666 ns, Total: 133125 ns
[2022-05-01T23:49:43.388+0000][161][safepoint   ] Safepoint "Cleanup", Time since last: 1001772209 ns, Reaching safepoint: 739667 ns, At safepoint: 14625 ns, Total: 754292 ns
[2022-05-01T23:49:45.399+0000][161][safepoint   ] Safepoint "Cleanup", Time since last: 2010674209 ns, Reaching safepoint: 196208 ns, At safepoint: 5125 ns, Total: 201333 ns
[2022-05-01T23:49:48.403+0000][161][safepoint   ] Safepoint "Cleanup", Time since last: 3003774502 ns, Reaching safepoint: 184791 ns, At safepoint: 6000 ns, Total: 190791 ns
[2022-05-01T23:49:50.413+0000][161][safepoint   ] Safepoint "Cleanup", Time since last: 2010614543 ns, Reaching safepoint: 250791 ns, At safepoint: 9000 ns, Total: 259791 ns
[2022-05-01T23:49:51.417+0000][161][safepoint   ] Safepoint "Cleanup", Time since last: 1003748543 ns, Reaching safepoint: 76916 ns, At safepoint: 2334 ns, Total: 79250 ns
[2022-05-01T23:49:53.420+0000][161][safepoint   ] Safepoint "Cleanup", Time since last: 2002661876 ns, Reaching safepoint: 438291 ns, At safepoint: 13500 ns, Total: 451791 ns
[2022-05-01T23:49:54.426+0000][161][safepoint   ] Safepoint "Cleanup", Time since last: 1005555584 ns, Reaching safepoint: 426083 ns, At safepoint: 9375 ns, Total: 435458 ns
[2022-05-01T23:49:55.429+0000][161][safepoint   ] Safepoint "Cleanup", Time since last: 1002977792 ns, Reaching safepoint: 158125 ns, At safepoint: 6709 ns, Total: 164834 ns
[2022-05-01T23:49:57.432+0000][161][safepoint   ] Safepoint "Cleanup", Time since last: 2002589584 ns, Reaching safepoint: 211167 ns, At safepoint: 9000 ns, Total: 220167 ns
[2022-05-01T23:49:58.435+0000][161][safepoint   ] Safepoint "Cleanup", Time since last: 1003323500 ns, Reaching safepoint: 108375 ns, At safepoint: 3459 ns, Total: 111834 ns
[2022-05-01T23:49:59.438+0000][161][safepoint   ] Safepoint "Cleanup", Time since last: 1002261625 ns, Reaching safepoint: 79917 ns, At safepoint: 2125 ns, Total: 82042 ns
[2022-05-01T23:50:00.439+0000][161][safepoint   ] Safepoint "Cleanup", Time since last: 1001385459 ns, Reaching safepoint: 452125 ns, At safepoint: 10708 ns, Total: 462833 ns
[2022-05-01T23:50:03.446+0000][161][safepoint   ] Safepoint "Cleanup", Time since last: 3006425460 ns, Reaching safepoint: 118458 ns, At safepoint: 4750 ns, Total: 123208 ns
[2022-05-01T23:50:05.451+0000][161][safepoint   ] Safepoint "Cleanup", Time since last: 2004635751 ns, Reaching safepoint: 338167 ns, At safepoint: 6208 ns, Total: 344375 ns
[2022-05-01T23:50:06.455+0000][161][safepoint   ] Safepoint "Cleanup", Time since last: 1003450459 ns, Reaching safepoint: 290875 ns, At safepoint: 11125 ns, Total: 302000 ns
[2022-05-01T23:50:08.473+0000][161][safepoint   ] Safepoint "Cleanup", Time since last: 2017981584 ns, Reaching safepoint: 234917 ns, At safepoint: 16833 ns, Total: 251750 ns
[2022-05-01T23:50:09.485+0000][161][safepoint   ] Safepoint "Cleanup", Time since last: 1011832292 ns, Reaching safepoint: 214250 ns, At safepoint: 6000 ns, Total: 220250 ns
[2022-05-01T23:50:12.490+0000][161][safepoint   ] Safepoint "Cleanup", Time since last: 3005228460 ns, Reaching safepoint: 134125 ns, At safepoint: 6250 ns, Total: 140375 ns
[2022-05-01T23:50:13.497+0000][161][safepoint   ] Safepoint "Cleanup", Time since last: 1006676542 ns, Reaching safepoint: 209542 ns, At safepoint: 5125 ns, Total: 214667 ns
[2022-05-01T23:50:14.743+0000][161][gc,start    ] GC(31) Pause Young (Normal) (G1 Evacuation Pause)
[2022-05-01T23:50:14.747+0000][161][gc,task     ] GC(31) Using 5 workers of 5 for evacuation
[2022-05-01T23:50:14.750+0000][161][gc,age      ] GC(31) Desired survivor size 20971520 bytes, new threshold 15 (max threshold 15)
[2022-05-01T23:50:14.758+0000][161][gc,age      ] GC(31) Age table with threshold 15 (max threshold 15)
[2022-05-01T23:50:14.760+0000][161][gc,age      ] GC(31) - age   1:    1232040 bytes,    1232040 total
[2022-05-01T23:50:14.761+0000][161][gc,age      ] GC(31) - age   2:     181032 bytes,    1413072 total
[2022-05-01T23:50:14.762+0000][161][gc,age      ] GC(31) - age   3:       4168 bytes,    1417240 total
[2022-05-01T23:50:14.764+0000][161][gc,age      ] GC(31) - age   4:     156856 bytes,    1574096 total
[2022-05-01T23:50:14.765+0000][161][gc,age      ] GC(31) - age   5:      14288 bytes,    1588384 total
[2022-05-01T23:50:14.766+0000][161][gc,age      ] GC(31) - age   6:      31048 bytes,    1619432 total
[2022-05-01T23:50:14.767+0000][161][gc,age      ] GC(31) - age   7:    1419584 bytes,    3039016 total
[2022-05-01T23:50:14.767+0000][161][gc,age      ] GC(31) - age   8:      15672 bytes,    3054688 total
[2022-05-01T23:50:14.768+0000][161][gc,age      ] GC(31) - age   9:      15264 bytes,    3069952 total
[2022-05-01T23:50:14.769+0000][161][gc,age      ] GC(31) - age  10:      43592 bytes,    3113544 total
[2022-05-01T23:50:14.770+0000][161][gc,age      ] GC(31) - age  11:     143288 bytes,    3256832 total
[2022-05-01T23:50:14.771+0000][161][gc,age      ] GC(31) - age  12:     239064 bytes,    3495896 total
[2022-05-01T23:50:14.772+0000][161][gc,age      ] GC(31) - age  13:    1038184 bytes,    4534080 total
[2022-05-01T23:50:14.772+0000][161][gc,age      ] GC(31) - age  14:    4682304 bytes,    9216384 total
[2022-05-01T23:50:14.773+0000][161][gc,phases   ] GC(31)   Pre Evacuate Collection Set: 0.3ms
[2022-05-01T23:50:14.773+0000][161][gc,phases   ] GC(31)   Merge Heap Roots: 0.4ms
[2022-05-01T23:50:14.774+0000][161][gc,phases   ] GC(31)   Evacuate Collection Set: 5.3ms
[2022-05-01T23:50:14.775+0000][161][gc,phases   ] GC(31)   Post Evacuate Collection Set: 1.3ms
[2022-05-01T23:50:14.776+0000][161][gc,phases   ] GC(31)   Other: 23.0ms
[2022-05-01T23:50:14.777+0000][161][gc,heap     ] GC(31) Eden regions: 73->0(73)
[2022-05-01T23:50:14.778+0000][161][gc,heap     ] GC(31) Survivor regions: 3->3(10)
[2022-05-01T23:50:14.779+0000][161][gc,heap     ] GC(31) Old regions: 20->20
[2022-05-01T23:50:14.780+0000][161][gc,heap     ] GC(31) Archive regions: 2->2
[2022-05-01T23:50:14.781+0000][161][gc,heap     ] GC(31) Humongous regions: 6->6
[2022-05-01T23:50:14.781+0000][161][gc,metaspace] GC(31) Metaspace: 115653K(117440K)->115653K(117440K) NonClass: 100153K(101248K)->100153K(101248K) Class: 15499K(16192K)->15499K(16192K)
[2022-05-01T23:50:14.782+0000][161][gc          ] GC(31) Pause Young (Normal) (G1 Evacuation Pause) 410M->117M(512M) 39.043ms
[2022-05-01T23:50:14.783+0000][161][gc,cpu      ] GC(31) User=0.02s Sys=0.00s Real=0.04s
[2022-05-01T23:50:14.784+0000][161][safepoint   ] Safepoint "G1CollectForAllocation", Time since last: 1245085625 ns, Reaching safepoint: 336250 ns, At safepoint: 40957667 ns, Total: 41293917 ns
[2022-05-01T23:50:15.786+0000][161][safepoint   ] Safepoint "Cleanup", Time since last: 1002265376 ns, Reaching safepoint: 448958 ns, At safepoint: 9583 ns, Total: 458541 ns
[2022-05-01T23:50:17.791+0000][161][safepoint   ] Safepoint "Cleanup", Time since last: 2004712376 ns, Reaching safepoint: 112542 ns, At safepoint: 4583 ns, Total: 117125 ns
[2022-05-01T23:50:20.801+0000][161][safepoint   ] Safepoint "Cleanup", Time since last: 3007494668 ns, Reaching safepoint: 87083 ns, At safepoint: 9958 ns, Total: 97041 ns
[2022-05-01T23:50:21.802+0000][161][safepoint   ] Safepoint "Cleanup", Time since last: 1000906751 ns, Reaching safepoint: 596416 ns, At safepoint: 16125 ns, Total: 612541 ns
[2022-05-01T23:50:22.805+0000][161][safepoint   ] Safepoint "Cleanup", Time since last: 1002443584 ns, Reaching safepoint: 178542 ns, At safepoint: 7833 ns, Total: 186375 ns
[2022-05-01T23:50:23.807+0000][161][safepoint   ] Safepoint "Cleanup", Time since last: 1002135501 ns, Reaching safepoint: 100000 ns, At safepoint: 4708 ns, Total: 104708 ns
[2022-05-01T23:50:24.808+0000][161][safepoint   ] Safepoint "Cleanup", Time since last: 1001497292 ns, Reaching safepoint: 89250 ns, At safepoint: 2375 ns, Total: 91625 ns
[2022-05-01T23:50:25.823+0000][161][safepoint   ] Safepoint "Cleanup", Time since last: 1014149459 ns, Reaching safepoint: 333083 ns, At safepoint: 30334 ns, Total: 363417 ns
[2022-05-01T23:50:26.833+0000][161][safepoint   ] Safepoint "Cleanup", Time since last: 1010091417 ns, Reaching safepoint: 57416 ns, At safepoint: 2250 ns, Total: 59666 ns
[2022-05-01T23:50:27.836+0000][161][safepoint   ] Safepoint "Cleanup", Time since last: 1001961668 ns, Reaching safepoint: 1192708 ns, At safepoint: 3875 ns, Total: 1196583 ns
[2022-05-01T23:50:28.839+0000][161][safepoint   ] Safepoint "Cleanup", Time since last: 1002402625 ns, Reaching safepoint: 182250 ns, At safepoint: 7084 ns, Total: 189334 ns
[2022-05-01T23:50:30.855+0000][161][safepoint   ] Safepoint "Cleanup", Time since last: 2015520542 ns, Reaching safepoint: 224375 ns, At safepoint: 11875 ns, Total: 236250 ns
[2022-05-01T23:50:31.861+0000][161][safepoint   ] Safepoint "Cleanup", Time since last: 1005106459 ns, Reaching safepoint: 1166500 ns, At safepoint: 9125 ns, Total: 1175625 ns
[2022-05-01T23:50:32.865+0000][161][safepoint   ] Safepoint "Cleanup", Time since last: 1003769209 ns, Reaching safepoint: 251042 ns, At safepoint: 4541 ns, Total: 255583 ns
[2022-05-01T23:50:33.867+0000][161][safepoint   ] Safepoint "Cleanup", Time since last: 1001703751 ns, Reaching safepoint: 303416 ns, At safepoint: 5459 ns, Total: 308875 ns
[2022-05-01T23:50:35.872+0000][161][safepoint   ] Safepoint "Cleanup", Time since last: 2005203251 ns, Reaching safepoint: 206291 ns, At safepoint: 12167 ns, Total: 218458 ns
[2022-05-01T23:50:37.877+0000][161][safepoint   ] Safepoint "Cleanup", Time since last: 2004155959 ns, Reaching safepoint: 500959 ns, At safepoint: 16708 ns, Total: 517667 ns
[2022-05-01T23:50:38.883+0000][161][safepoint   ] Safepoint "Cleanup", Time since last: 1006192584 ns, Reaching safepoint: 68708 ns, At safepoint: 4334 ns, Total: 73042 ns
[2022-05-01T23:50:39.885+0000][161][safepoint   ] Safepoint "Cleanup", Time since last: 1001908375 ns, Reaching safepoint: 84667 ns, At safepoint: 2833 ns, Total: 87500 ns
[2022-05-01T23:50:41.889+0000][161][safepoint   ] Safepoint "Cleanup", Time since last: 2003722001 ns, Reaching safepoint: 107833 ns, At safepoint: 4042 ns, Total: 111875 ns
[2022-05-01T23:50:42.890+0000][161][safepoint   ] Safepoint "Cleanup", Time since last: 1001211334 ns, Reaching safepoint: 46875 ns, At safepoint: 1875 ns, Total: 48750 ns
[2022-05-01T23:50:44.894+0000][161][safepoint   ] Safepoint "Cleanup", Time since last: 2002684584 ns, Reaching safepoint: 595625 ns, At safepoint: 4333 ns, Total: 599958 ns
[2022-05-01T23:50:45.895+0000][161][safepoint   ] Safepoint "Cleanup", Time since last: 1000928501 ns, Reaching safepoint: 309750 ns, At safepoint: 53875 ns, Total: 363625 ns
[2022-05-01T23:50:46.903+0000][161][safepoint   ] Safepoint "Cleanup", Time since last: 1007501917 ns, Reaching safepoint: 100375 ns, At safepoint: 3708 ns, Total: 104083 ns
[2022-05-01T23:50:47.910+0000][161][safepoint   ] Safepoint "Cleanup", Time since last: 1006324334 ns, Reaching safepoint: 635625 ns, At safepoint: 9125 ns, Total: 644750 ns
[2022-05-01T23:50:48.915+0000][161][safepoint   ] Safepoint "Cleanup", Time since last: 1004946459 ns, Reaching safepoint: 169708 ns, At safepoint: 5334 ns, Total: 175042 ns
[2022-05-01T23:50:50.920+0000][161][safepoint   ] Safepoint "Cleanup", Time since last: 2004902084 ns, Reaching safepoint: 51458 ns, At safepoint: 6875 ns, Total: 58333 ns
[2022-05-01T23:50:52.927+0000][161][safepoint   ] Safepoint "Cleanup", Time since last: 2006034876 ns, Reaching safepoint: 304458 ns, At safepoint: 21042 ns, Total: 325500 ns
[2022-05-01T23:50:53.932+0000][161][safepoint   ] Safepoint "Cleanup", Time since last: 1005068542 ns, Reaching safepoint: 376042 ns, At safepoint: 4208 ns, Total: 380250 ns
[2022-05-01T23:50:55.938+0000][161][safepoint   ] Safepoint "Cleanup", Time since last: 2005481543 ns, Reaching safepoint: 75166 ns, At safepoint: 2417 ns, Total: 77583 ns
[2022-05-01T23:50:56.939+0000][161][safepoint   ] Safepoint "Cleanup", Time since last: 1001784417 ns, Reaching safepoint: 80250 ns, At safepoint: 3417 ns, Total: 83667 ns
[2022-05-01T23:50:57.942+0000][161][safepoint   ] Safepoint "Cleanup", Time since last: 1002386792 ns, Reaching safepoint: 114167 ns, At safepoint: 3291 ns, Total: 117458 ns
[2022-05-01T23:50:58.948+0000][161][safepoint   ] Safepoint "Cleanup", Time since last: 1005904417 ns, Reaching safepoint: 498750 ns, At safepoint: 16625 ns, Total: 515375 ns
[2022-05-01T23:50:59.956+0000][161][safepoint   ] Safepoint "Cleanup", Time since last: 1007151876 ns, Reaching safepoint: 348167 ns, At safepoint: 65958 ns, Total: 414125 ns
[2022-05-01T23:51:00.978+0000][161][safepoint   ] Safepoint "Cleanup", Time since last: 1020312542 ns, Reaching safepoint: 1602458 ns, At safepoint: 13084 ns, Total: 1615542 ns
[2022-05-01T23:51:02.984+0000][161][safepoint   ] Safepoint "Cleanup", Time since last: 2005694917 ns, Reaching safepoint: 472209 ns, At safepoint: 4625 ns, Total: 476834 ns
[2022-05-01T23:51:03.987+0000][161][safepoint   ] Safepoint "Cleanup", Time since last: 1002567000 ns, Reaching safepoint: 209042 ns, At safepoint: 7875 ns, Total: 216917 ns
[2022-05-01T23:51:05.988+0000][161][safepoint   ] Safepoint "Cleanup", Time since last: 2001237751 ns, Reaching safepoint: 151375 ns, At safepoint: 3958 ns, Total: 155333 ns
[2022-05-01T23:51:06.989+0000][161][safepoint   ] Safepoint "Cleanup", Time since last: 1000801959 ns, Reaching safepoint: 55583 ns, At safepoint: 2334 ns, Total: 57917 ns
[2022-05-01T23:51:07.992+0000][161][safepoint   ] Safepoint "Cleanup", Time since last: 1002162375 ns, Reaching safepoint: 790375 ns, At safepoint: 20042 ns, Total: 810417 ns
[2022-05-01T23:51:08.997+0000][161][safepoint   ] Safepoint "Cleanup", Time since last: 1004362542 ns, Reaching safepoint: 703625 ns, At safepoint: 4458 ns, Total: 708083 ns
[2022-05-01T23:51:09.654+0000][161][gc,start    ] GC(32) Pause Young (Normal) (G1 Evacuation Pause)
[2022-05-01T23:51:09.655+0000][161][gc,task     ] GC(32) Using 5 workers of 5 for evacuation
[2022-05-01T23:51:09.656+0000][161][gc,age      ] GC(32) Desired survivor size 20971520 bytes, new threshold 15 (max threshold 15)
[2022-05-01T23:51:09.664+0000][161][gc,age      ] GC(32) Age table with threshold 15 (max threshold 15)
[2022-05-01T23:51:09.666+0000][161][gc,age      ] GC(32) - age   1:     699064 bytes,     699064 total
[2022-05-01T23:51:09.667+0000][161][gc,age      ] GC(32) - age   2:      34160 bytes,     733224 total
[2022-05-01T23:51:09.667+0000][161][gc,age      ] GC(32) - age   3:     177560 bytes,     910784 total
[2022-05-01T23:51:09.668+0000][161][gc,age      ] GC(32) - age   4:       3512 bytes,     914296 total
[2022-05-01T23:51:09.668+0000][161][gc,age      ] GC(32) - age   5:     153032 bytes,    1067328 total
[2022-05-01T23:51:09.669+0000][161][gc,age      ] GC(32) - age   6:      14288 bytes,    1081616 total
[2022-05-01T23:51:09.670+0000][161][gc,age      ] GC(32) - age   7:      30984 bytes,    1112600 total
[2022-05-01T23:51:09.671+0000][161][gc,age      ] GC(32) - age   8:    1393384 bytes,    2505984 total
[2022-05-01T23:51:09.671+0000][161][gc,age      ] GC(32) - age   9:      15472 bytes,    2521456 total
[2022-05-01T23:51:09.673+0000][161][gc,age      ] GC(32) - age  10:      15264 bytes,    2536720 total
[2022-05-01T23:51:09.674+0000][161][gc,age      ] GC(32) - age  11:      43592 bytes,    2580312 total
[2022-05-01T23:51:09.674+0000][161][gc,age      ] GC(32) - age  12:     143288 bytes,    2723600 total
[2022-05-01T23:51:09.676+0000][161][gc,age      ] GC(32) - age  13:     239064 bytes,    2962664 total
[2022-05-01T23:51:09.676+0000][161][gc,age      ] GC(32) - age  14:    1038184 bytes,    4000848 total
[2022-05-01T23:51:09.677+0000][161][gc,age      ] GC(32) - age  15:    4651872 bytes,    8652720 total
[2022-05-01T23:51:09.678+0000][161][gc,phases   ] GC(32)   Pre Evacuate Collection Set: 0.1ms
[2022-05-01T23:51:09.679+0000][161][gc,phases   ] GC(32)   Merge Heap Roots: 0.3ms
[2022-05-01T23:51:09.679+0000][161][gc,phases   ] GC(32)   Evacuate Collection Set: 4.6ms
[2022-05-01T23:51:09.680+0000][161][gc,phases   ] GC(32)   Post Evacuate Collection Set: 1.7ms
[2022-05-01T23:51:09.681+0000][161][gc,phases   ] GC(32)   Other: 16.9ms
[2022-05-01T23:51:09.681+0000][161][gc,heap     ] GC(32) Eden regions: 73->0(73)
[2022-05-01T23:51:09.682+0000][161][gc,heap     ] GC(32) Survivor regions: 3->3(10)
[2022-05-01T23:51:09.683+0000][161][gc,heap     ] GC(32) Old regions: 20->20
[2022-05-01T23:51:09.683+0000][161][gc,heap     ] GC(32) Archive regions: 2->2
[2022-05-01T23:51:09.684+0000][161][gc,heap     ] GC(32) Humongous regions: 6->6
[2022-05-01T23:51:09.684+0000][161][gc,metaspace] GC(32) Metaspace: 115730K(117504K)->115730K(117504K) NonClass: 100230K(101312K)->100230K(101312K) Class: 15500K(16192K)->15500K(16192K)
[2022-05-01T23:51:09.685+0000][161][gc          ] GC(32) Pause Young (Normal) (G1 Evacuation Pause) 409M->117M(512M) 30.608ms
[2022-05-01T23:51:09.686+0000][161][gc,cpu      ] GC(32) User=0.02s Sys=0.00s Real=0.04s
[2022-05-01T23:51:09.686+0000][161][safepoint   ] Safepoint "G1CollectForAllocation", Time since last: 656968251 ns, Reaching safepoint: 204750 ns, At safepoint: 31787000 ns, Total: 31991750 ns
[2022-05-01T23:51:12.694+0000][161][safepoint   ] Safepoint "Cleanup", Time since last: 3007136168 ns, Reaching safepoint: 492333 ns, At safepoint: 18167 ns, Total: 510500 ns
[2022-05-01T23:51:13.702+0000][161][safepoint   ] Safepoint "Cleanup", Time since last: 1007974500 ns, Reaching safepoint: 270667 ns, At safepoint: 11583 ns, Total: 282250 ns
[2022-05-01T23:51:15.716+0000][161][safepoint   ] Safepoint "Cleanup", Time since last: 2013694876 ns, Reaching safepoint: 250875 ns, At safepoint: 9792 ns, Total: 260667 ns
[2022-05-01T23:51:16.722+0000][161][safepoint   ] Safepoint "Cleanup", Time since last: 1005936834 ns, Reaching safepoint: 178958 ns, At safepoint: 7167 ns, Total: 186125 ns
[2022-05-01T23:51:18.732+0000][161][safepoint   ] Safepoint "Cleanup", Time since last: 2009890501 ns, Reaching safepoint: 253125 ns, At safepoint: 9750 ns, Total: 262875 ns
[2022-05-01T23:51:20.745+0000][161][safepoint   ] Safepoint "Cleanup", Time since last: 2011278458 ns, Reaching safepoint: 117209 ns, At safepoint: 5375 ns, Total: 122584 ns
[2022-05-01T23:51:21.792+0000][161][safepoint   ] Safepoint "Cleanup", Time since last: 1046667000 ns, Reaching safepoint: 250625 ns, At safepoint: 4917 ns, Total: 255542 ns
[2022-05-01T23:51:22.794+0000][161][safepoint   ] Safepoint "Cleanup", Time since last: 1001456917 ns, Reaching safepoint: 117625 ns, At safepoint: 6417 ns, Total: 124042 ns
[2022-05-01T23:51:23.799+0000][161][safepoint   ] Safepoint "Cleanup", Time since last: 1004596250 ns, Reaching safepoint: 306500 ns, At safepoint: 16083 ns, Total: 322583 ns
[2022-05-01T23:51:25.802+0000][161][safepoint   ] Safepoint "Cleanup", Time since last: 2002811376 ns, Reaching safepoint: 377875 ns, At safepoint: 8084 ns, Total: 385959 ns
[2022-05-01T23:51:26.805+0000][161][safepoint   ] Safepoint "Cleanup", Time since last: 1002497208 ns, Reaching safepoint: 373875 ns, At safepoint: 4917 ns, Total: 378792 ns
[2022-05-01T23:51:27.806+0000][161][safepoint   ] Safepoint "Cleanup", Time since last: 1001219584 ns, Reaching safepoint: 96083 ns, At safepoint: 4459 ns, Total: 100542 ns
[2022-05-01T23:51:28.809+0000][161][safepoint   ] Safepoint "Cleanup", Time since last: 1002947542 ns, Reaching safepoint: 171708 ns, At safepoint: 7708 ns, Total: 179416 ns
[2022-05-01T23:51:29.812+0000][161][safepoint   ] Safepoint "Cleanup", Time since last: 1002429459 ns, Reaching safepoint: 160667 ns, At safepoint: 125667 ns, Total: 286334 ns
[2022-05-01T23:51:30.815+0000][161][safepoint   ] Safepoint "Cleanup", Time since last: 1002220125 ns, Reaching safepoint: 540792 ns, At safepoint: 5791 ns, Total: 546583 ns
[2022-05-01T23:51:31.828+0000][161][safepoint   ] Safepoint "Cleanup", Time since last: 1012253668 ns, Reaching safepoint: 963833 ns, At safepoint: 8833 ns, Total: 972666 ns
[2022-05-01T23:51:32.831+0000][161][safepoint   ] Safepoint "Cleanup", Time since last: 1003046959 ns, Reaching safepoint: 93708 ns, At safepoint: 4084 ns, Total: 97792 ns
[2022-05-01T23:51:35.837+0000][161][safepoint   ] Safepoint "Cleanup", Time since last: 3004900168 ns, Reaching safepoint: 917458 ns, At safepoint: 7458 ns, Total: 924916 ns
[2022-05-01T23:51:37.845+0000][161][safepoint   ] Safepoint "Cleanup", Time since last: 2007320668 ns, Reaching safepoint: 515042 ns, At safepoint: 7333 ns, Total: 522375 ns
[2022-05-01T23:51:38.847+0000][161][safepoint   ] Safepoint "Cleanup", Time since last: 1002428792 ns, Reaching safepoint: 53625 ns, At safepoint: 2250 ns, Total: 55875 ns
[2022-05-01T23:51:39.849+0000][161][safepoint   ] Safepoint "Cleanup", Time since last: 1001148876 ns, Reaching safepoint: 355958 ns, At safepoint: 19333 ns, Total: 375291 ns
[2022-05-01T23:51:41.854+0000][161][safepoint   ] Safepoint "Cleanup", Time since last: 2004922168 ns, Reaching safepoint: 78917 ns, At safepoint: 4916 ns, Total: 83833 ns
[2022-05-01T23:51:42.862+0000][161][safepoint   ] Safepoint "Cleanup", Time since last: 1008578876 ns, Reaching safepoint: 122000 ns, At safepoint: 5958 ns, Total: 127958 ns
[2022-05-01T23:51:44.871+0000][161][safepoint   ] Safepoint "Cleanup", Time since last: 2008317293 ns, Reaching safepoint: 135500 ns, At safepoint: 20208 ns, Total: 155708 ns
[2022-05-01T23:51:45.872+0000][161][safepoint   ] Safepoint "Cleanup", Time since last: 1000908876 ns, Reaching safepoint: 121833 ns, At safepoint: 6167 ns, Total: 128000 ns
[2022-05-01T23:51:47.881+0000][161][safepoint   ] Safepoint "Cleanup", Time since last: 2008904875 ns, Reaching safepoint: 710167 ns, At safepoint: 13083 ns, Total: 723250 ns
[2022-05-01T23:51:48.890+0000][161][safepoint   ] Safepoint "Cleanup", Time since last: 1008326543 ns, Reaching safepoint: 260250 ns, At safepoint: 5000 ns, Total: 265250 ns
[2022-05-01T23:51:50.890+0000][161][safepoint   ] Safepoint "Cleanup", Time since last: 2002331333 ns, Reaching safepoint: 335000 ns, At safepoint: 4667 ns, Total: 339667 ns
[2022-05-01T23:51:52.898+0000][161][safepoint   ] Safepoint "Cleanup", Time since last: 2005269542 ns, Reaching safepoint: 152584 ns, At safepoint: 10625 ns, Total: 163209 ns
[2022-05-01T23:51:53.915+0000][161][safepoint   ] Safepoint "Cleanup", Time since last: 1019301083 ns, Reaching safepoint: 133459 ns, At safepoint: 3625 ns, Total: 137084 ns
[2022-05-01T23:51:55.922+0000][161][safepoint   ] Safepoint "Cleanup", Time since last: 2006861084 ns, Reaching safepoint: 90875 ns, At safepoint: 2292 ns, Total: 93167 ns
[2022-05-01T23:51:56.924+0000][161][safepoint   ] Safepoint "Cleanup", Time since last: 1001790333 ns, Reaching safepoint: 88042 ns, At safepoint: 7917 ns, Total: 95959 ns
[2022-05-01T23:51:57.925+0000][161][safepoint   ] Safepoint "Cleanup", Time since last: 1001466250 ns, Reaching safepoint: 180959 ns, At safepoint: 4708 ns, Total: 185667 ns
[2022-05-01T23:51:58.931+0000][161][safepoint   ] Safepoint "Cleanup", Time since last: 1005761834 ns, Reaching safepoint: 104458 ns, At safepoint: 2292 ns, Total: 106750 ns
[2022-05-01T23:52:00.933+0000][161][safepoint   ] Safepoint "Cleanup", Time since last: 2001859042 ns, Reaching safepoint: 362750 ns, At safepoint: 8875 ns, Total: 371625 ns
[2022-05-01T23:52:02.937+0000][161][safepoint   ] Safepoint "Cleanup", Time since last: 2003208460 ns, Reaching safepoint: 203000 ns, At safepoint: 4583 ns, Total: 207583 ns
[2022-05-01T23:52:05.941+0000][161][safepoint   ] Safepoint "Cleanup", Time since last: 3003060585 ns, Reaching safepoint: 1024083 ns, At safepoint: 9917 ns, Total: 1034000 ns
[2022-05-01T23:52:07.946+0000][161][safepoint   ] Safepoint "Cleanup", Time since last: 2004708709 ns, Reaching safepoint: 133917 ns, At safepoint: 12708 ns, Total: 146625 ns
[2022-05-01T23:52:08.948+0000][161][safepoint   ] Safepoint "Cleanup", Time since last: 1001984709 ns, Reaching safepoint: 113500 ns, At safepoint: 5667 ns, Total: 119167 ns
[2022-05-01T23:52:09.950+0000][161][safepoint   ] Safepoint "Cleanup", Time since last: 1002205792 ns, Reaching safepoint: 118833 ns, At safepoint: 4250 ns, Total: 123083 ns
[2022-05-01T23:52:11.957+0000][161][safepoint   ] Safepoint "Cleanup", Time since last: 2006892459 ns, Reaching safepoint: 118750 ns, At safepoint: 6792 ns, Total: 125542 ns
[2022-05-01T23:52:12.971+0000][161][safepoint   ] Safepoint "Cleanup", Time since last: 1011991667 ns, Reaching safepoint: 1683083 ns, At safepoint: 14959 ns, Total: 1698042 ns
[2022-05-01T23:52:14.976+0000][161][safepoint   ] Safepoint "Cleanup", Time since last: 2004641417 ns, Reaching safepoint: 108709 ns, At safepoint: 5416 ns, Total: 114125 ns
[2022-05-01T23:52:15.978+0000][161][safepoint   ] Safepoint "Cleanup", Time since last: 1002100459 ns, Reaching safepoint: 445292 ns, At safepoint: 8875 ns, Total: 454167 ns
[2022-05-01T23:52:16.337+0000][161][gc,start    ] GC(33) Pause Young (Normal) (G1 Evacuation Pause)
[2022-05-01T23:52:16.339+0000][161][gc,task     ] GC(33) Using 5 workers of 5 for evacuation
[2022-05-01T23:52:16.341+0000][161][gc,age      ] GC(33) Desired survivor size 20971520 bytes, new threshold 15 (max threshold 15)
[2022-05-01T23:52:16.350+0000][161][gc,age      ] GC(33) Age table with threshold 15 (max threshold 15)
[2022-05-01T23:52:16.351+0000][161][gc,age      ] GC(33) - age   1:    1549112 bytes,    1549112 total
[2022-05-01T23:52:16.352+0000][161][gc,age      ] GC(33) - age   2:      11040 bytes,    1560152 total
[2022-05-01T23:52:16.353+0000][161][gc,age      ] GC(33) - age   3:      32208 bytes,    1592360 total
[2022-05-01T23:52:16.354+0000][161][gc,age      ] GC(33) - age   4:     177240 bytes,    1769600 total
[2022-05-01T23:52:16.356+0000][161][gc,age      ] GC(33) - age   5:       3448 bytes,    1773048 total
[2022-05-01T23:52:16.357+0000][161][gc,age      ] GC(33) - age   6:     153032 bytes,    1926080 total
[2022-05-01T23:52:16.359+0000][161][gc,age      ] GC(33) - age   7:      14288 bytes,    1940368 total
[2022-05-01T23:52:16.359+0000][161][gc,age      ] GC(33) - age   8:      30984 bytes,    1971352 total
[2022-05-01T23:52:16.360+0000][161][gc,age      ] GC(33) - age   9:    1393384 bytes,    3364736 total
[2022-05-01T23:52:16.361+0000][161][gc,age      ] GC(33) - age  10:      15472 bytes,    3380208 total
[2022-05-01T23:52:16.363+0000][161][gc,age      ] GC(33) - age  11:      15264 bytes,    3395472 total
[2022-05-01T23:52:16.365+0000][161][gc,age      ] GC(33) - age  12:      43592 bytes,    3439064 total
[2022-05-01T23:52:16.366+0000][161][gc,age      ] GC(33) - age  13:     143288 bytes,    3582352 total
[2022-05-01T23:52:16.367+0000][161][gc,age      ] GC(33) - age  14:     239064 bytes,    3821416 total
[2022-05-01T23:52:16.368+0000][161][gc,age      ] GC(33) - age  15:    1038184 bytes,    4859600 total
[2022-05-01T23:52:16.369+0000][161][gc,phases   ] GC(33)   Pre Evacuate Collection Set: 0.3ms
[2022-05-01T23:52:16.370+0000][161][gc,phases   ] GC(33)   Merge Heap Roots: 0.2ms
[2022-05-01T23:52:16.371+0000][161][gc,phases   ] GC(33)   Evacuate Collection Set: 5.7ms
[2022-05-01T23:52:16.372+0000][161][gc,phases   ] GC(33)   Post Evacuate Collection Set: 1.7ms
[2022-05-01T23:52:16.373+0000][161][gc,phases   ] GC(33)   Other: 24.2ms
[2022-05-01T23:52:16.375+0000][161][gc,heap     ] GC(33) Eden regions: 73->0(74)
[2022-05-01T23:52:16.376+0000][161][gc,heap     ] GC(33) Survivor regions: 3->2(10)
[2022-05-01T23:52:16.377+0000][161][gc,heap     ] GC(33) Old regions: 20->22
[2022-05-01T23:52:16.378+0000][161][gc,heap     ] GC(33) Archive regions: 2->2
[2022-05-01T23:52:16.378+0000][161][gc,heap     ] GC(33) Humongous regions: 6->6
[2022-05-01T23:52:16.379+0000][161][gc,metaspace] GC(33) Metaspace: 115798K(117568K)->115798K(117568K) NonClass: 100298K(101376K)->100298K(101376K) Class: 15500K(16192K)->15500K(16192K)
[2022-05-01T23:52:16.380+0000][161][gc          ] GC(33) Pause Young (Normal) (G1 Evacuation Pause) 409M->118M(512M) 43.451ms
[2022-05-01T23:52:16.381+0000][161][gc,cpu      ] GC(33) User=0.03s Sys=0.01s Real=0.04s
[2022-05-01T23:52:16.382+0000][161][safepoint   ] Safepoint "G1CollectForAllocation", Time since last: 358414125 ns, Reaching safepoint: 39708 ns, At safepoint: 45528250 ns, Total: 45567958 ns
[2022-05-01T23:52:17.384+0000][161][safepoint   ] Safepoint "Cleanup", Time since last: 1001160793 ns, Reaching safepoint: 90958 ns, At safepoint: 4875 ns, Total: 95833 ns
[2022-05-01T23:52:18.386+0000][161][safepoint   ] Safepoint "Cleanup", Time since last: 1002543584 ns, Reaching safepoint: 328416 ns, At safepoint: 16417 ns, Total: 344833 ns
[2022-05-01T23:52:20.395+0000][161][safepoint   ] Safepoint "Cleanup", Time since last: 2006281667 ns, Reaching safepoint: 197666 ns, At safepoint: 7042 ns, Total: 204708 ns
[2022-05-01T23:52:21.407+0000][161][safepoint   ] Safepoint "Cleanup", Time since last: 1012115792 ns, Reaching safepoint: 92959 ns, At safepoint: 2750 ns, Total: 95709 ns
[2022-05-01T23:52:23.418+0000][161][safepoint   ] Safepoint "Cleanup", Time since last: 2010887584 ns, Reaching safepoint: 201541 ns, At safepoint: 10959 ns, Total: 212500 ns
[2022-05-01T23:52:24.423+0000][161][safepoint   ] Safepoint "Cleanup", Time since last: 1004905709 ns, Reaching safepoint: 96666 ns, At safepoint: 5709 ns, Total: 102375 ns
[2022-05-01T23:52:25.443+0000][161][safepoint   ] Safepoint "Cleanup", Time since last: 1017996000 ns, Reaching safepoint: 1851917 ns, At safepoint: 12125 ns, Total: 1864042 ns
[2022-05-01T23:52:27.452+0000][161][safepoint   ] Safepoint "Cleanup", Time since last: 2008569917 ns, Reaching safepoint: 221209 ns, At safepoint: 5125 ns, Total: 226334 ns
[2022-05-01T23:52:28.456+0000][161][safepoint   ] Safepoint "Cleanup", Time since last: 1003731250 ns, Reaching safepoint: 219750 ns, At safepoint: 18417 ns, Total: 238167 ns
[2022-05-01T23:52:29.459+0000][161][safepoint   ] Safepoint "Cleanup", Time since last: 1003305084 ns, Reaching safepoint: 171875 ns, At safepoint: 7125 ns, Total: 179000 ns
[2022-05-01T23:52:30.464+0000][161][safepoint   ] Safepoint "Cleanup", Time since last: 1004166834 ns, Reaching safepoint: 185500 ns, At safepoint: 4333 ns, Total: 189833 ns
[2022-05-01T23:52:33.469+0000][161][safepoint   ] Safepoint "Cleanup", Time since last: 3005564335 ns, Reaching safepoint: 79583 ns, At safepoint: 2042 ns, Total: 81625 ns
[2022-05-01T23:52:35.475+0000][161][safepoint   ] Safepoint "Cleanup", Time since last: 2005171751 ns, Reaching safepoint: 800583 ns, At safepoint: 23792 ns, Total: 824375 ns
[2022-05-01T23:52:36.482+0000][161][safepoint   ] Safepoint "Cleanup", Time since last: 1005887083 ns, Reaching safepoint: 164167 ns, At safepoint: 5792 ns, Total: 169959 ns
[2022-05-01T23:52:38.490+0000][161][safepoint   ] Safepoint "Cleanup", Time since last: 2008445792 ns, Reaching safepoint: 151834 ns, At safepoint: 7750 ns, Total: 159584 ns
[2022-05-01T23:52:39.495+0000][161][safepoint   ] Safepoint "Cleanup", Time since last: 1005066833 ns, Reaching safepoint: 260667 ns, At safepoint: 5500 ns, Total: 266167 ns
[2022-05-01T23:52:40.497+0000][161][safepoint   ] Safepoint "Cleanup", Time since last: 1001322084 ns, Reaching safepoint: 47042 ns, At safepoint: 1875 ns, Total: 48917 ns
[2022-05-01T23:52:42.507+0000][161][safepoint   ] Safepoint "Cleanup", Time since last: 2010172834 ns, Reaching safepoint: 171000 ns, At safepoint: 10958 ns, Total: 181958 ns
[2022-05-01T23:52:43.511+0000][161][safepoint   ] Safepoint "Cleanup", Time since last: 1003863584 ns, Reaching safepoint: 426667 ns, At safepoint: 9583 ns, Total: 436250 ns
[2022-05-01T23:52:45.518+0000][161][safepoint   ] Safepoint "Cleanup", Time since last: 2006274876 ns, Reaching safepoint: 505458 ns, At safepoint: 12875 ns, Total: 518333 ns
[2022-05-01T23:52:46.532+0000][161][safepoint   ] Safepoint "Cleanup", Time since last: 1013112918 ns, Reaching safepoint: 263458 ns, At safepoint: 7917 ns, Total: 271375 ns
[2022-05-01T23:52:47.544+0000][161][safepoint   ] Safepoint "Cleanup", Time since last: 1007371708 ns, Reaching safepoint: 4490375 ns, At safepoint: 21834 ns, Total: 4512209 ns
[2022-05-01T23:52:48.550+0000][161][safepoint   ] Safepoint "Cleanup", Time since last: 1005066333 ns, Reaching safepoint: 1455917 ns, At safepoint: 8000 ns, Total: 1463917 ns
[2022-05-01T23:52:50.559+0000][161][safepoint   ] Safepoint "Cleanup", Time since last: 2009967709 ns, Reaching safepoint: 190541 ns, At safepoint: 7167 ns, Total: 197708 ns
[2022-05-01T23:52:51.566+0000][161][safepoint   ] Safepoint "Cleanup", Time since last: 1006633251 ns, Reaching safepoint: 289125 ns, At safepoint: 8166 ns, Total: 297291 ns
[2022-05-01T23:52:53.570+0000][161][safepoint   ] Safepoint "Cleanup", Time since last: 2004195918 ns, Reaching safepoint: 137167 ns, At safepoint: 6458 ns, Total: 143625 ns
[2022-05-01T23:52:54.575+0000][161][safepoint   ] Safepoint "Cleanup", Time since last: 1004996709 ns, Reaching safepoint: 66916 ns, At safepoint: 5250 ns, Total: 72166 ns
[2022-05-01T23:52:55.577+0000][161][safepoint   ] Safepoint "Cleanup", Time since last: 1001538668 ns, Reaching safepoint: 142125 ns, At safepoint: 6833 ns, Total: 148958 ns
[2022-05-01T23:52:57.584+0000][161][safepoint   ] Safepoint "Cleanup", Time since last: 2006598459 ns, Reaching safepoint: 278333 ns, At safepoint: 8167 ns, Total: 286500 ns
[2022-05-01T23:52:58.587+0000][161][safepoint   ] Safepoint "Cleanup", Time since last: 1002832834 ns, Reaching safepoint: 355833 ns, At safepoint: 7709 ns, Total: 363542 ns
[2022-05-01T23:53:00.592+0000][161][safepoint   ] Safepoint "Cleanup", Time since last: 2004152501 ns, Reaching safepoint: 184583 ns, At safepoint: 3875 ns, Total: 188458 ns
[2022-05-01T23:53:03.604+0000][161][safepoint   ] Safepoint "Cleanup", Time since last: 3010245751 ns, Reaching safepoint: 2500459 ns, At safepoint: 9291 ns, Total: 2509750 ns
[2022-05-01T23:53:05.621+0000][161][safepoint   ] Safepoint "Cleanup", Time since last: 2015989418 ns, Reaching safepoint: 367583 ns, At safepoint: 13917 ns, Total: 381500 ns
[2022-05-01T23:53:06.638+0000][161][safepoint   ] Safepoint "Cleanup", Time since last: 1017604292 ns, Reaching safepoint: 65542 ns, At safepoint: 3083 ns, Total: 68625 ns
[2022-05-01T23:53:08.651+0000][161][safepoint   ] Safepoint "Cleanup", Time since last: 2011765043 ns, Reaching safepoint: 508791 ns, At safepoint: 10167 ns, Total: 518958 ns
[2022-05-01T23:53:09.659+0000][161][safepoint   ] Safepoint "Cleanup", Time since last: 1008423792 ns, Reaching safepoint: 224542 ns, At safepoint: 5667 ns, Total: 230209 ns
[2022-05-01T23:53:10.663+0000][161][safepoint   ] Safepoint "Cleanup", Time since last: 1003361500 ns, Reaching safepoint: 138417 ns, At safepoint: 5291 ns, Total: 143708 ns
[2022-05-01T23:53:11.665+0000][161][safepoint   ] Safepoint "Cleanup", Time since last: 1001513126 ns, Reaching safepoint: 339917 ns, At safepoint: 9083 ns, Total: 349000 ns
[2022-05-01T23:53:12.669+0000][161][safepoint   ] Safepoint "Cleanup", Time since last: 1003867750 ns, Reaching safepoint: 322375 ns, At safepoint: 9875 ns, Total: 332250 ns
[2022-05-01T23:53:13.677+0000][161][safepoint   ] Safepoint "Cleanup", Time since last: 1008016917 ns, Reaching safepoint: 231709 ns, At safepoint: 10333 ns, Total: 242042 ns
[2022-05-01T23:53:15.697+0000][161][safepoint   ] Safepoint "Cleanup", Time since last: 2019283543 ns, Reaching safepoint: 122541 ns, At safepoint: 5709 ns, Total: 128250 ns
[2022-05-01T23:53:16.702+0000][161][safepoint   ] Safepoint "Cleanup", Time since last: 1004824459 ns, Reaching safepoint: 203500 ns, At safepoint: 103750 ns, Total: 307250 ns
[2022-05-01T23:53:18.507+0000][161][gc,start    ] GC(34) Pause Young (Normal) (G1 Evacuation Pause)
[2022-05-01T23:53:18.508+0000][161][gc,task     ] GC(34) Using 5 workers of 5 for evacuation
[2022-05-01T23:53:18.508+0000][161][gc,age      ] GC(34) Desired survivor size 20971520 bytes, new threshold 15 (max threshold 15)
[2022-05-01T23:53:18.516+0000][161][gc,age      ] GC(34) Age table with threshold 15 (max threshold 15)
[2022-05-01T23:53:18.516+0000][161][gc,age      ] GC(34) - age   1:    1381344 bytes,    1381344 total
[2022-05-01T23:53:18.517+0000][161][gc,age      ] GC(34) - age   2:       8576 bytes,    1389920 total
[2022-05-01T23:53:18.518+0000][161][gc,age      ] GC(34) - age   3:       9608 bytes,    1399528 total
[2022-05-01T23:53:18.519+0000][161][gc,age      ] GC(34) - age   4:      32048 bytes,    1431576 total
[2022-05-01T23:53:18.519+0000][161][gc,age      ] GC(34) - age   5:     177240 bytes,    1608816 total
[2022-05-01T23:53:18.520+0000][161][gc,age      ] GC(34) - age   6:       3448 bytes,    1612264 total
[2022-05-01T23:53:18.521+0000][161][gc,age      ] GC(34) - age   7:     152720 bytes,    1764984 total
[2022-05-01T23:53:18.521+0000][161][gc,age      ] GC(34) - age   8:      14288 bytes,    1779272 total
[2022-05-01T23:53:18.522+0000][161][gc,age      ] GC(34) - age   9:      30984 bytes,    1810256 total
[2022-05-01T23:53:18.523+0000][161][gc,age      ] GC(34) - age  10:    1393384 bytes,    3203640 total
[2022-05-01T23:53:18.524+0000][161][gc,age      ] GC(34) - age  11:      15472 bytes,    3219112 total
[2022-05-01T23:53:18.525+0000][161][gc,age      ] GC(34) - age  12:      15264 bytes,    3234376 total
[2022-05-01T23:53:18.526+0000][161][gc,age      ] GC(34) - age  13:      43592 bytes,    3277968 total
[2022-05-01T23:53:18.527+0000][161][gc,age      ] GC(34) - age  14:     143288 bytes,    3421256 total
[2022-05-01T23:53:18.527+0000][161][gc,age      ] GC(34) - age  15:     239064 bytes,    3660320 total
[2022-05-01T23:53:18.528+0000][161][gc,phases   ] GC(34)   Pre Evacuate Collection Set: 0.4ms
[2022-05-01T23:53:18.529+0000][161][gc,phases   ] GC(34)   Merge Heap Roots: 0.1ms
[2022-05-01T23:53:18.529+0000][161][gc,phases   ] GC(34)   Evacuate Collection Set: 4.4ms
[2022-05-01T23:53:18.530+0000][161][gc,phases   ] GC(34)   Post Evacuate Collection Set: 1.5ms
[2022-05-01T23:53:18.530+0000][161][gc,phases   ] GC(34)   Other: 14.7ms
[2022-05-01T23:53:18.531+0000][161][gc,heap     ] GC(34) Eden regions: 74->0(75)
[2022-05-01T23:53:18.532+0000][161][gc,heap     ] GC(34) Survivor regions: 2->1(10)
[2022-05-01T23:53:18.532+0000][161][gc,heap     ] GC(34) Old regions: 22->22
[2022-05-01T23:53:18.533+0000][161][gc,heap     ] GC(34) Archive regions: 2->2
[2022-05-01T23:53:18.534+0000][161][gc,heap     ] GC(34) Humongous regions: 6->6
[2022-05-01T23:53:18.536+0000][161][gc,metaspace] GC(34) Metaspace: 115829K(117632K)->115829K(117632K) NonClass: 100329K(101440K)->100329K(101440K) Class: 15500K(16192K)->15500K(16192K)
[2022-05-01T23:53:18.538+0000][161][gc          ] GC(34) Pause Young (Normal) (G1 Evacuation Pause) 414M->117M(512M) 30.691ms
[2022-05-01T23:53:18.539+0000][161][gc,cpu      ] GC(34) User=0.02s Sys=0.01s Real=0.03s
[2022-05-01T23:53:18.540+0000][161][safepoint   ] Safepoint "G1CollectForAllocation", Time since last: 1805238334 ns, Reaching safepoint: 159208 ns, At safepoint: 32693542 ns, Total: 32852750 ns
[2022-05-01T23:53:20.548+0000][161][safepoint   ] Safepoint "Cleanup", Time since last: 2006281750 ns, Reaching safepoint: 263542 ns, At safepoint: 12916 ns, Total: 276458 ns
[2022-05-01T23:53:21.553+0000][161][safepoint   ] Safepoint "Cleanup", Time since last: 1004006168 ns, Reaching safepoint: 186583 ns, At safepoint: 18875 ns, Total: 205458 ns
[2022-05-01T23:53:23.559+0000][161][safepoint   ] Safepoint "Cleanup", Time since last: 2004821501 ns, Reaching safepoint: 1135667 ns, At safepoint: 13958 ns, Total: 1149625 ns
[2022-05-01T23:53:24.563+0000][161][safepoint   ] Safepoint "Cleanup", Time since last: 1003375834 ns, Reaching safepoint: 1065916 ns, At safepoint: 9125 ns, Total: 1075041 ns
[2022-05-01T23:53:25.568+0000][161][safepoint   ] Safepoint "Cleanup", Time since last: 1004502042 ns, Reaching safepoint: 361500 ns, At safepoint: 12834 ns, Total: 374334 ns
[2022-05-01T23:53:27.577+0000][161][safepoint   ] Safepoint "Cleanup", Time since last: 2009233126 ns, Reaching safepoint: 90166 ns, At safepoint: 2417 ns, Total: 92583 ns
[2022-05-01T23:53:28.582+0000][161][safepoint   ] Safepoint "Cleanup", Time since last: 1004720251 ns, Reaching safepoint: 133333 ns, At safepoint: 6500 ns, Total: 139833 ns
[2022-05-01T23:53:30.585+0000][161][safepoint   ] Safepoint "Cleanup", Time since last: 2003084751 ns, Reaching safepoint: 216333 ns, At safepoint: 13250 ns, Total: 229583 ns
[2022-05-01T23:53:33.593+0000][161][safepoint   ] Safepoint "Cleanup", Time since last: 3007999252 ns, Reaching safepoint: 99916 ns, At safepoint: 2667 ns, Total: 102583 ns
[2022-05-01T23:53:35.600+0000][161][safepoint   ] Safepoint "Cleanup", Time since last: 2005532626 ns, Reaching safepoint: 539708 ns, At safepoint: 17750 ns, Total: 557458 ns
[2022-05-01T23:53:36.607+0000][161][safepoint   ] Safepoint "Cleanup", Time since last: 1007086792 ns, Reaching safepoint: 330375 ns, At safepoint: 9959 ns, Total: 340334 ns
[2022-05-01T23:53:38.611+0000][161][safepoint   ] Safepoint "Cleanup", Time since last: 2003518751 ns, Reaching safepoint: 488458 ns, At safepoint: 13625 ns, Total: 502083 ns
[2022-05-01T23:53:39.618+0000][161][safepoint   ] Safepoint "Cleanup", Time since last: 1006789667 ns, Reaching safepoint: 561084 ns, At safepoint: 6666 ns, Total: 567750 ns
[2022-05-01T23:53:40.625+0000][161][safepoint   ] Safepoint "Cleanup", Time since last: 1006509751 ns, Reaching safepoint: 390333 ns, At safepoint: 7667 ns, Total: 398000 ns
[2022-05-01T23:53:42.637+0000][161][safepoint   ] Safepoint "Cleanup", Time since last: 2011548584 ns, Reaching safepoint: 123208 ns, At safepoint: 5209 ns, Total: 128417 ns
[2022-05-01T23:53:43.642+0000][161][safepoint   ] Safepoint "Cleanup", Time since last: 1004207458 ns, Reaching safepoint: 464167 ns, At safepoint: 8583 ns, Total: 472750 ns
[2022-05-01T23:53:45.650+0000][161][safepoint   ] Safepoint "Cleanup", Time since last: 2007824710 ns, Reaching safepoint: 563416 ns, At safepoint: 24500 ns, Total: 587916 ns
[2022-05-01T23:53:46.653+0000][161][safepoint   ] Safepoint "Cleanup", Time since last: 1002938543 ns, Reaching safepoint: 121875 ns, At safepoint: 3750 ns, Total: 125625 ns
[2022-05-01T23:53:47.655+0000][161][safepoint   ] Safepoint "Cleanup", Time since last: 1002081625 ns, Reaching safepoint: 202958 ns, At safepoint: 4542 ns, Total: 207500 ns
[2022-05-01T23:53:48.659+0000][161][safepoint   ] Safepoint "Cleanup", Time since last: 1003165251 ns, Reaching safepoint: 639250 ns, At safepoint: 14375 ns, Total: 653625 ns
[2022-05-01T23:53:50.695+0000][161][safepoint   ] Safepoint "Cleanup", Time since last: 2037467083 ns, Reaching safepoint: 256125 ns, At safepoint: 7917 ns, Total: 264042 ns
[2022-05-01T23:53:51.698+0000][161][safepoint   ] Safepoint "Cleanup", Time since last: 1002754792 ns, Reaching safepoint: 214958 ns, At safepoint: 5458 ns, Total: 220416 ns
[2022-05-01T23:53:53.703+0000][161][safepoint   ] Safepoint "Cleanup", Time since last: 2005096585 ns, Reaching safepoint: 165458 ns, At safepoint: 6333 ns, Total: 171791 ns
[2022-05-01T23:53:54.707+0000][161][safepoint   ] Safepoint "Cleanup", Time since last: 1004174876 ns, Reaching safepoint: 218083 ns, At safepoint: 8792 ns, Total: 226875 ns
[2022-05-01T23:53:55.723+0000][161][safepoint   ] Safepoint "Cleanup", Time since last: 1014781250 ns, Reaching safepoint: 280250 ns, At safepoint: 5500 ns, Total: 285750 ns
[2022-05-01T23:53:56.726+0000][161][safepoint   ] Safepoint "Cleanup", Time since last: 1002658459 ns, Reaching safepoint: 287708 ns, At safepoint: 27667 ns, Total: 315375 ns
[2022-05-01T23:53:57.727+0000][161][safepoint   ] Safepoint "Cleanup", Time since last: 1001545501 ns, Reaching safepoint: 271708 ns, At safepoint: 4583 ns, Total: 276291 ns
[2022-05-01T23:53:58.729+0000][161][safepoint   ] Safepoint "Cleanup", Time since last: 1001864042 ns, Reaching safepoint: 266709 ns, At safepoint: 7791 ns, Total: 274500 ns
[2022-05-01T23:54:00.735+0000][161][safepoint   ] Safepoint "Cleanup", Time since last: 2005535793 ns, Reaching safepoint: 198042 ns, At safepoint: 5291 ns, Total: 203333 ns
[2022-05-01T23:54:01.737+0000][161][safepoint   ] Safepoint "Cleanup", Time since last: 1001554542 ns, Reaching safepoint: 138292 ns, At safepoint: 4083 ns, Total: 142375 ns
[2022-05-01T23:54:03.746+0000][161][safepoint   ] Safepoint "Cleanup", Time since last: 2009315626 ns, Reaching safepoint: 107959 ns, At safepoint: 2333 ns, Total: 110292 ns
[2022-05-01T23:54:05.753+0000][161][safepoint   ] Safepoint "Cleanup", Time since last: 2006855084 ns, Reaching safepoint: 265375 ns, At safepoint: 7750 ns, Total: 273125 ns
[2022-05-01T23:54:06.764+0000][161][safepoint   ] Safepoint "Cleanup", Time since last: 1010319709 ns, Reaching safepoint: 141583 ns, At safepoint: 4459 ns, Total: 146042 ns
[2022-05-01T23:54:08.772+0000][161][safepoint   ] Safepoint "Cleanup", Time since last: 2008023876 ns, Reaching safepoint: 84250 ns, At safepoint: 2666 ns, Total: 86916 ns
[2022-05-01T23:54:09.777+0000][161][safepoint   ] Safepoint "Cleanup", Time since last: 1004390043 ns, Reaching safepoint: 238708 ns, At safepoint: 5167 ns, Total: 243875 ns
[2022-05-01T23:54:10.780+0000][161][safepoint   ] Safepoint "Cleanup", Time since last: 1003243792 ns, Reaching safepoint: 217458 ns, At safepoint: 7125 ns, Total: 224583 ns
[2022-05-01T23:54:11.784+0000][161][safepoint   ] Safepoint "Cleanup", Time since last: 1003886417 ns, Reaching safepoint: 156209 ns, At safepoint: 6750 ns, Total: 162959 ns
[2022-05-01T23:54:12.788+0000][161][safepoint   ] Safepoint "Cleanup", Time since last: 1003707250 ns, Reaching safepoint: 370667 ns, At safepoint: 11541 ns, Total: 382208 ns
[2022-05-01T23:54:13.794+0000][161][safepoint   ] Safepoint "Cleanup", Time since last: 1005823876 ns, Reaching safepoint: 55750 ns, At safepoint: 4875 ns, Total: 60625 ns
[2022-05-01T23:54:15.802+0000][161][safepoint   ] Safepoint "Cleanup", Time since last: 2007125459 ns, Reaching safepoint: 358208 ns, At safepoint: 8375 ns, Total: 366583 ns
[2022-05-01T23:54:17.554+0000][161][gc,start    ] GC(35) Pause Young (Normal) (G1 Evacuation Pause)
[2022-05-01T23:54:17.557+0000][161][gc,task     ] GC(35) Using 5 workers of 5 for evacuation
[2022-05-01T23:54:17.558+0000][161][gc,age      ] GC(35) Desired survivor size 20971520 bytes, new threshold 15 (max threshold 15)
[2022-05-01T23:54:17.564+0000][161][gc,age      ] GC(35) Age table with threshold 15 (max threshold 15)
[2022-05-01T23:54:17.566+0000][161][gc,age      ] GC(35) - age   1:     724776 bytes,     724776 total
[2022-05-01T23:54:17.567+0000][161][gc,age      ] GC(35) - age   2:       5504 bytes,     730280 total
[2022-05-01T23:54:17.568+0000][161][gc,age      ] GC(35) - age   3:       6080 bytes,     736360 total
[2022-05-01T23:54:17.568+0000][161][gc,age      ] GC(35) - age   4:       9352 bytes,     745712 total
[2022-05-01T23:54:17.570+0000][161][gc,age      ] GC(35) - age   5:      32008 bytes,     777720 total
[2022-05-01T23:54:17.571+0000][161][gc,age      ] GC(35) - age   6:     176968 bytes,     954688 total
[2022-05-01T23:54:17.572+0000][161][gc,age      ] GC(35) - age   7:       3448 bytes,     958136 total
[2022-05-01T23:54:17.574+0000][161][gc,age      ] GC(35) - age   8:     146552 bytes,    1104688 total
[2022-05-01T23:54:17.575+0000][161][gc,age      ] GC(35) - age   9:      14288 bytes,    1118976 total
[2022-05-01T23:54:17.576+0000][161][gc,age      ] GC(35) - age  10:      30984 bytes,    1149960 total
[2022-05-01T23:54:17.577+0000][161][gc,age      ] GC(35) - age  11:    1393352 bytes,    2543312 total
[2022-05-01T23:54:17.578+0000][161][gc,age      ] GC(35) - age  12:      15472 bytes,    2558784 total
[2022-05-01T23:54:17.579+0000][161][gc,age      ] GC(35) - age  13:      15264 bytes,    2574048 total
[2022-05-01T23:54:17.579+0000][161][gc,age      ] GC(35) - age  14:      43592 bytes,    2617640 total
[2022-05-01T23:54:17.580+0000][161][gc,age      ] GC(35) - age  15:     143288 bytes,    2760928 total
[2022-05-01T23:54:17.581+0000][161][gc,phases   ] GC(35)   Pre Evacuate Collection Set: 0.1ms
[2022-05-01T23:54:17.582+0000][161][gc,phases   ] GC(35)   Merge Heap Roots: 0.1ms
[2022-05-01T23:54:17.583+0000][161][gc,phases   ] GC(35)   Evacuate Collection Set: 4.3ms
[2022-05-01T23:54:17.583+0000][161][gc,phases   ] GC(35)   Post Evacuate Collection Set: 1.1ms
[2022-05-01T23:54:17.584+0000][161][gc,phases   ] GC(35)   Other: 21.9ms
[2022-05-01T23:54:17.585+0000][161][gc,heap     ] GC(35) Eden regions: 75->0(75)
[2022-05-01T23:54:17.586+0000][161][gc,heap     ] GC(35) Survivor regions: 1->1(10)
[2022-05-01T23:54:17.586+0000][161][gc,heap     ] GC(35) Old regions: 22->22
[2022-05-01T23:54:17.587+0000][161][gc,heap     ] GC(35) Archive regions: 2->2
[2022-05-01T23:54:17.587+0000][161][gc,heap     ] GC(35) Humongous regions: 6->6
[2022-05-01T23:54:17.588+0000][161][gc,metaspace] GC(35) Metaspace: 115924K(117696K)->115924K(117696K) NonClass: 100422K(101504K)->100422K(101504K) Class: 15502K(16192K)->15502K(16192K)
[2022-05-01T23:54:17.589+0000][161][gc          ] GC(35) Pause Young (Normal) (G1 Evacuation Pause) 417M->116M(512M) 35.318ms
[2022-05-01T23:54:17.590+0000][161][gc,cpu      ] GC(35) User=0.02s Sys=0.00s Real=0.04s
[2022-05-01T23:54:17.591+0000][161][safepoint   ] Safepoint "G1CollectForAllocation", Time since last: 1751888251 ns, Reaching safepoint: 217959 ns, At safepoint: 36720291 ns, Total: 36938250 ns
[2022-05-01T23:54:18.592+0000][161][safepoint   ] Safepoint "Cleanup", Time since last: 1000982584 ns, Reaching safepoint: 245292 ns, At safepoint: 9333 ns, Total: 254625 ns
[2022-05-01T23:54:20.600+0000][161][safepoint   ] Safepoint "Cleanup", Time since last: 2006912083 ns, Reaching safepoint: 338459 ns, At safepoint: 10750 ns, Total: 349209 ns
[2022-05-01T23:54:21.607+0000][161][safepoint   ] Safepoint "Cleanup", Time since last: 1006806917 ns, Reaching safepoint: 130750 ns, At safepoint: 5875 ns, Total: 136625 ns
[2022-05-01T23:54:23.615+0000][161][safepoint   ] Safepoint "Cleanup", Time since last: 2006634668 ns, Reaching safepoint: 1176958 ns, At safepoint: 13167 ns, Total: 1190125 ns
[2022-05-01T23:54:24.621+0000][161][safepoint   ] Safepoint "Cleanup", Time since last: 1005994042 ns, Reaching safepoint: 122041 ns, At safepoint: 5625 ns, Total: 127666 ns
[2022-05-01T23:54:25.624+0000][161][safepoint   ] Safepoint "Cleanup", Time since last: 1002377001 ns, Reaching safepoint: 854417 ns, At safepoint: 13541 ns, Total: 867958 ns
[2022-05-01T23:54:27.631+0000][161][safepoint   ] Safepoint "Cleanup", Time since last: 2006007543 ns, Reaching safepoint: 270625 ns, At safepoint: 9750 ns, Total: 280375 ns
[2022-05-01T23:54:28.640+0000][161][safepoint   ] Safepoint "Cleanup", Time since last: 1009158709 ns, Reaching safepoint: 283416 ns, At safepoint: 5167 ns, Total: 288583 ns
[2022-05-01T23:54:30.645+0000][161][safepoint   ] Safepoint "Cleanup", Time since last: 2004611168 ns, Reaching safepoint: 104000 ns, At safepoint: 3208 ns, Total: 107208 ns
[2022-05-01T23:54:33.658+0000][161][safepoint   ] Safepoint "Cleanup", Time since last: 3012631335 ns, Reaching safepoint: 185291 ns, At safepoint: 9000 ns, Total: 194291 ns
[2022-05-01T23:54:35.663+0000][161][safepoint   ] Safepoint "Cleanup", Time since last: 2005403126 ns, Reaching safepoint: 199084 ns, At safepoint: 14583 ns, Total: 213667 ns
[2022-05-01T23:54:36.666+0000][161][safepoint   ] Safepoint "Cleanup", Time since last: 1002543375 ns, Reaching safepoint: 84334 ns, At safepoint: 5666 ns, Total: 90000 ns
[2022-05-01T23:54:37.679+0000][161][safepoint   ] Safepoint "Cleanup", Time since last: 1012759084 ns, Reaching safepoint: 214792 ns, At safepoint: 6667 ns, Total: 221459 ns
[2022-05-01T23:54:38.694+0000][161][safepoint   ] Safepoint "Cleanup", Time since last: 1013311917 ns, Reaching safepoint: 526166 ns, At safepoint: 1082334 ns, Total: 1608500 ns
[2022-05-01T23:54:39.696+0000][161][safepoint   ] Safepoint "Cleanup", Time since last: 1002517292 ns, Reaching safepoint: 124208 ns, At safepoint: 4375 ns, Total: 128583 ns
[2022-05-01T23:54:40.698+0000][161][safepoint   ] Safepoint "Cleanup", Time since last: 1001349834 ns, Reaching safepoint: 383750 ns, At safepoint: 7208 ns, Total: 390958 ns
[2022-05-01T23:54:41.703+0000][161][safepoint   ] Safepoint "Cleanup", Time since last: 1004070168 ns, Reaching safepoint: 303375 ns, At safepoint: 28166 ns, Total: 331541 ns
[2022-05-01T23:54:42.708+0000][161][safepoint   ] Safepoint "Cleanup", Time since last: 1005291667 ns, Reaching safepoint: 166792 ns, At safepoint: 21750 ns, Total: 188542 ns
[2022-05-01T23:54:43.711+0000][161][safepoint   ] Safepoint "Cleanup", Time since last: 1002532709 ns, Reaching safepoint: 97416 ns, At safepoint: 3750 ns, Total: 101166 ns
[2022-05-01T23:54:45.713+0000][161][safepoint   ] Safepoint "Cleanup", Time since last: 2001898960 ns, Reaching safepoint: 126708 ns, At safepoint: 4958 ns, Total: 131666 ns
[2022-05-01T23:54:47.722+0000][161][safepoint   ] Safepoint "Cleanup", Time since last: 2009181585 ns, Reaching safepoint: 203416 ns, At safepoint: 7542 ns, Total: 210958 ns
[2022-05-01T23:54:48.730+0000][161][safepoint   ] Safepoint "Cleanup", Time since last: 1007362167 ns, Reaching safepoint: 311167 ns, At safepoint: 7708 ns, Total: 318875 ns
[2022-05-01T23:54:50.730+0000][161][safepoint   ] Safepoint "Cleanup", Time since last: 2011588959 ns, Reaching safepoint: 123042 ns, At safepoint: 6041 ns, Total: 129083 ns
[2022-05-01T23:54:51.732+0000][161][safepoint   ] Safepoint "Cleanup", Time since last: 1002161126 ns, Reaching safepoint: 209708 ns, At safepoint: 3958 ns, Total: 213666 ns
[2022-05-01T23:54:53.741+0000][161][safepoint   ] Safepoint "Cleanup", Time since last: 2007570626 ns, Reaching safepoint: 840459 ns, At safepoint: 14541 ns, Total: 855000 ns
[2022-05-01T23:54:54.891+0000][161][safepoint   ] Safepoint "Cleanup", Time since last: 1150185584 ns, Reaching safepoint: 454167 ns, At safepoint: 5708 ns, Total: 459875 ns
[2022-05-01T23:54:55.899+0000][161][safepoint   ] Safepoint "Cleanup", Time since last: 1007365126 ns, Reaching safepoint: 155750 ns, At safepoint: 6333 ns, Total: 162083 ns
[2022-05-01T23:54:56.912+0000][161][safepoint   ] Safepoint "Cleanup", Time since last: 1012879709 ns, Reaching safepoint: 219666 ns, At safepoint: 4375 ns, Total: 224041 ns
[2022-05-01T23:54:57.941+0000][161][safepoint   ] Safepoint "Cleanup", Time since last: 1028626959 ns, Reaching safepoint: 306584 ns, At safepoint: 19458 ns, Total: 326042 ns
[2022-05-01T23:54:58.943+0000][161][safepoint   ] Safepoint "Cleanup", Time since last: 1002175959 ns, Reaching safepoint: 157458 ns, At safepoint: 3875 ns, Total: 161333 ns
[2022-05-01T23:54:59.948+0000][161][safepoint   ] Safepoint "Cleanup", Time since last: 1004982709 ns, Reaching safepoint: 154083 ns, At safepoint: 6792 ns, Total: 160875 ns
[2022-05-01T23:55:00.958+0000][161][safepoint   ] Safepoint "Cleanup", Time since last: 1009828667 ns, Reaching safepoint: 124417 ns, At safepoint: 6000 ns, Total: 130417 ns
[2022-05-01T23:55:02.966+0000][161][safepoint   ] Safepoint "Cleanup", Time since last: 2007642292 ns, Reaching safepoint: 53750 ns, At safepoint: 2375 ns, Total: 56125 ns
[2022-05-01T23:55:03.969+0000][161][safepoint   ] Safepoint "Cleanup", Time since last: 1002282751 ns, Reaching safepoint: 116583 ns, At safepoint: 3667 ns, Total: 120250 ns
[2022-05-01T23:55:05.974+0000][161][safepoint   ] Safepoint "Cleanup", Time since last: 2005256042 ns, Reaching safepoint: 105792 ns, At safepoint: 3708 ns, Total: 109500 ns
[2022-05-01T23:55:06.977+0000][161][safepoint   ] Safepoint "Cleanup", Time since last: 1002477876 ns, Reaching safepoint: 649458 ns, At safepoint: 9542 ns, Total: 659000 ns
[2022-05-01T23:55:07.983+0000][161][safepoint   ] Safepoint "Cleanup", Time since last: 1005484000 ns, Reaching safepoint: 348792 ns, At safepoint: 17292 ns, Total: 366084 ns
[2022-05-01T23:55:08.985+0000][161][safepoint   ] Safepoint "Cleanup", Time since last: 1001782917 ns, Reaching safepoint: 477000 ns, At safepoint: 112417 ns, Total: 589417 ns
[2022-05-01T23:55:09.987+0000][161][safepoint   ] Safepoint "Cleanup", Time since last: 1001293333 ns, Reaching safepoint: 78417 ns, At safepoint: 7375 ns, Total: 85792 ns
[2022-05-01T23:55:10.989+0000][161][safepoint   ] Safepoint "Cleanup", Time since last: 1001825417 ns, Reaching safepoint: 166042 ns, At safepoint: 7833 ns, Total: 173875 ns
[2022-05-01T23:55:11.995+0000][161][safepoint   ] Safepoint "Cleanup", Time since last: 1006383334 ns, Reaching safepoint: 333750 ns, At safepoint: 8000 ns, Total: 341750 ns
[2022-05-01T23:55:13.010+0000][161][safepoint   ] Safepoint "Cleanup", Time since last: 1014639667 ns, Reaching safepoint: 290750 ns, At safepoint: 13875 ns, Total: 304625 ns
[2022-05-01T23:55:15.017+0000][161][safepoint   ] Safepoint "Cleanup", Time since last: 2006226334 ns, Reaching safepoint: 179917 ns, At safepoint: 4875 ns, Total: 184792 ns
[2022-05-01T23:55:15.090+0000][161][gc,start    ] GC(36) Pause Young (Normal) (G1 Evacuation Pause)
[2022-05-01T23:55:15.091+0000][161][gc,task     ] GC(36) Using 5 workers of 5 for evacuation
[2022-05-01T23:55:15.092+0000][161][gc,age      ] GC(36) Desired survivor size 20971520 bytes, new threshold 15 (max threshold 15)
[2022-05-01T23:55:15.098+0000][161][gc,age      ] GC(36) Age table with threshold 15 (max threshold 15)
[2022-05-01T23:55:15.099+0000][161][gc,age      ] GC(36) - age   1:     623160 bytes,     623160 total
[2022-05-01T23:55:15.099+0000][161][gc,age      ] GC(36) - age   2:      25448 bytes,     648608 total
[2022-05-01T23:55:15.100+0000][161][gc,age      ] GC(36) - age   3:       3560 bytes,     652168 total
[2022-05-01T23:55:15.101+0000][161][gc,age      ] GC(36) - age   4:       6016 bytes,     658184 total
[2022-05-01T23:55:15.101+0000][161][gc,age      ] GC(36) - age   5:       9352 bytes,     667536 total
[2022-05-01T23:55:15.102+0000][161][gc,age      ] GC(36) - age   6:      32008 bytes,     699544 total
[2022-05-01T23:55:15.103+0000][161][gc,age      ] GC(36) - age   7:     176968 bytes,     876512 total
[2022-05-01T23:55:15.104+0000][161][gc,age      ] GC(36) - age   8:       3152 bytes,     879664 total
[2022-05-01T23:55:15.104+0000][161][gc,age      ] GC(36) - age   9:     146552 bytes,    1026216 total
[2022-05-01T23:55:15.105+0000][161][gc,age      ] GC(36) - age  10:      14288 bytes,    1040504 total
[2022-05-01T23:55:15.106+0000][161][gc,age      ] GC(36) - age  11:      30784 bytes,    1071288 total
[2022-05-01T23:55:15.106+0000][161][gc,age      ] GC(36) - age  12:    1393352 bytes,    2464640 total
[2022-05-01T23:55:15.107+0000][161][gc,age      ] GC(36) - age  13:      15472 bytes,    2480112 total
[2022-05-01T23:55:15.108+0000][161][gc,age      ] GC(36) - age  14:      15264 bytes,    2495376 total
[2022-05-01T23:55:15.108+0000][161][gc,age      ] GC(36) - age  15:      43592 bytes,    2538968 total
[2022-05-01T23:55:15.109+0000][161][gc,phases   ] GC(36)   Pre Evacuate Collection Set: 0.1ms
[2022-05-01T23:55:15.109+0000][161][gc,phases   ] GC(36)   Merge Heap Roots: 0.2ms
[2022-05-01T23:55:15.110+0000][161][gc,phases   ] GC(36)   Evacuate Collection Set: 3.8ms
[2022-05-01T23:55:15.111+0000][161][gc,phases   ] GC(36)   Post Evacuate Collection Set: 1.2ms
[2022-05-01T23:55:15.113+0000][161][gc,phases   ] GC(36)   Other: 13.0ms
[2022-05-01T23:55:15.115+0000][161][gc,heap     ] GC(36) Eden regions: 75->0(75)
[2022-05-01T23:55:15.116+0000][161][gc,heap     ] GC(36) Survivor regions: 1->1(10)
[2022-05-01T23:55:15.116+0000][161][gc,heap     ] GC(36) Old regions: 22->22
[2022-05-01T23:55:15.117+0000][161][gc,heap     ] GC(36) Archive regions: 2->2
[2022-05-01T23:55:15.117+0000][161][gc,heap     ] GC(36) Humongous regions: 6->6
[2022-05-01T23:55:15.118+0000][161][gc,metaspace] GC(36) Metaspace: 116013K(117824K)->116013K(117824K) NonClass: 100510K(101632K)->100510K(101632K) Class: 15502K(16192K)->15502K(16192K)
[2022-05-01T23:55:15.118+0000][161][gc          ] GC(36) Pause Young (Normal) (G1 Evacuation Pause) 416M->116M(512M) 28.102ms
[2022-05-01T23:55:15.119+0000][161][gc,cpu      ] GC(36) User=0.01s Sys=0.00s Real=0.03s
[2022-05-01T23:55:15.120+0000][161][safepoint   ] Safepoint "G1CollectForAllocation", Time since last: 73440542 ns, Reaching safepoint: 203333 ns, At safepoint: 29304667 ns, Total: 29508000 ns
[2022-05-01T23:55:16.123+0000][161][safepoint   ] Safepoint "Cleanup", Time since last: 1002692875 ns, Reaching safepoint: 685125 ns, At safepoint: 13084 ns, Total: 698209 ns
[2022-05-01T23:55:18.131+0000][161][safepoint   ] Safepoint "Cleanup", Time since last: 2007982667 ns, Reaching safepoint: 61209 ns, At safepoint: 2291 ns, Total: 63500 ns
[2022-05-01T23:55:19.140+0000][161][safepoint   ] Safepoint "Cleanup", Time since last: 1008055292 ns, Reaching safepoint: 563292 ns, At safepoint: 14125 ns, Total: 577417 ns
[2022-05-01T23:55:21.142+0000][161][safepoint   ] Safepoint "Cleanup", Time since last: 2010312667 ns, Reaching safepoint: 102708 ns, At safepoint: 4375 ns, Total: 107083 ns
[2022-05-01T23:55:23.148+0000][161][safepoint   ] Safepoint "Cleanup", Time since last: 2005106043 ns, Reaching safepoint: 782875 ns, At safepoint: 10833 ns, Total: 793708 ns
[2022-05-01T23:55:24.156+0000][161][safepoint   ] Safepoint "Cleanup", Time since last: 1006899042 ns, Reaching safepoint: 603250 ns, At safepoint: 8792 ns, Total: 612042 ns
[2022-05-01T23:55:26.160+0000][161][safepoint   ] Safepoint "Cleanup", Time since last: 2004124126 ns, Reaching safepoint: 145042 ns, At safepoint: 3583 ns, Total: 148625 ns
[2022-05-01T23:55:27.165+0000][161][safepoint   ] Safepoint "Cleanup", Time since last: 1004398209 ns, Reaching safepoint: 241125 ns, At safepoint: 4667 ns, Total: 245792 ns
[2022-05-01T23:55:28.166+0000][161][safepoint   ] Safepoint "Cleanup", Time since last: 1001477958 ns, Reaching safepoint: 179417 ns, At safepoint: 3875 ns, Total: 183292 ns
[2022-05-01T23:55:29.182+0000][161][safepoint   ] Safepoint "Cleanup", Time since last: 1015452501 ns, Reaching safepoint: 484125 ns, At safepoint: 13416 ns, Total: 497541 ns
[2022-05-01T23:55:30.195+0000][161][safepoint   ] Safepoint "Cleanup", Time since last: 1012067584 ns, Reaching safepoint: 89750 ns, At safepoint: 1833 ns, Total: 91583 ns
[2022-05-01T23:55:31.198+0000][161][safepoint   ] Safepoint "Cleanup", Time since last: 1003352293 ns, Reaching safepoint: 190958 ns, At safepoint: 9833 ns, Total: 200791 ns
[2022-05-01T23:55:33.203+0000][161][safepoint   ] Safepoint "Cleanup", Time since last: 2005135168 ns, Reaching safepoint: 142625 ns, At safepoint: 12416 ns, Total: 155041 ns
[2022-05-01T23:55:34.205+0000][161][safepoint   ] Safepoint "Cleanup", Time since last: 1001887209 ns, Reaching safepoint: 177209 ns, At safepoint: 7708 ns, Total: 184917 ns
[2022-05-01T23:55:36.216+0000][161][safepoint   ] Safepoint "Cleanup", Time since last: 2009675251 ns, Reaching safepoint: 394375 ns, At safepoint: 8125 ns, Total: 402500 ns
[2022-05-01T23:55:38.220+0000][161][safepoint   ] Safepoint "Cleanup", Time since last: 2004029084 ns, Reaching safepoint: 316375 ns, At safepoint: 13542 ns, Total: 329917 ns
[2022-05-01T23:55:39.226+0000][161][safepoint   ] Safepoint "Cleanup", Time since last: 1006442625 ns, Reaching safepoint: 77000 ns, At safepoint: 2334 ns, Total: 79334 ns
[2022-05-01T23:55:40.230+0000][161][safepoint   ] Safepoint "Cleanup", Time since last: 1003300167 ns, Reaching safepoint: 245458 ns, At safepoint: 5792 ns, Total: 251250 ns
[2022-05-01T23:55:41.233+0000][161][safepoint   ] Safepoint "Cleanup", Time since last: 1002884959 ns, Reaching safepoint: 111541 ns, At safepoint: 3459 ns, Total: 115000 ns
[2022-05-01T23:55:42.235+0000][161][safepoint   ] Safepoint "Cleanup", Time since last: 1001696833 ns, Reaching safepoint: 99417 ns, At safepoint: 3667 ns, Total: 103084 ns
[2022-05-01T23:55:43.239+0000][161][safepoint   ] Safepoint "Cleanup", Time since last: 1003917250 ns, Reaching safepoint: 137667 ns, At safepoint: 5083 ns, Total: 142750 ns
[2022-05-01T23:55:45.244+0000][161][safepoint   ] Safepoint "Cleanup", Time since last: 2005342626 ns, Reaching safepoint: 64125 ns, At safepoint: 2292 ns, Total: 66417 ns
[2022-05-01T23:55:46.245+0000][161][safepoint   ] Safepoint "Cleanup", Time since last: 1001027625 ns, Reaching safepoint: 159417 ns, At safepoint: 13750 ns, Total: 173167 ns
[2022-05-01T23:55:48.255+0000][161][safepoint   ] Safepoint "Cleanup", Time since last: 2009175834 ns, Reaching safepoint: 154834 ns, At safepoint: 6041 ns, Total: 160875 ns
[2022-05-01T23:55:51.254+0000][161][safepoint   ] Safepoint "Cleanup", Time since last: 3007267543 ns, Reaching safepoint: 263083 ns, At safepoint: 14208 ns, Total: 277291 ns
[2022-05-01T23:55:53.262+0000][161][safepoint   ] Safepoint "Cleanup", Time since last: 2007356751 ns, Reaching safepoint: 703834 ns, At safepoint: 32500 ns, Total: 736334 ns
[2022-05-01T23:55:54.267+0000][161][safepoint   ] Safepoint "Cleanup", Time since last: 1004945250 ns, Reaching safepoint: 97709 ns, At safepoint: 2875 ns, Total: 100584 ns
[2022-05-01T23:55:56.271+0000][161][safepoint   ] Safepoint "Cleanup", Time since last: 2004035542 ns, Reaching safepoint: 76333 ns, At safepoint: 2500 ns, Total: 78833 ns
[2022-05-01T23:55:57.275+0000][161][safepoint   ] Safepoint "Cleanup", Time since last: 1003664251 ns, Reaching safepoint: 181833 ns, At safepoint: 3500 ns, Total: 185333 ns
[2022-05-01T23:55:58.277+0000][161][safepoint   ] Safepoint "Cleanup", Time since last: 1001085417 ns, Reaching safepoint: 118792 ns, At safepoint: 4250 ns, Total: 123042 ns
[2022-05-01T23:55:59.279+0000][161][safepoint   ] Safepoint "Cleanup", Time since last: 1002617167 ns, Reaching safepoint: 208292 ns, At safepoint: 146333 ns, Total: 354625 ns
[2022-05-01T23:56:01.286+0000][161][safepoint   ] Safepoint "Cleanup", Time since last: 2005906668 ns, Reaching safepoint: 211167 ns, At safepoint: 7958 ns, Total: 219125 ns
[2022-05-01T23:56:03.293+0000][161][safepoint   ] Safepoint "Cleanup", Time since last: 2007083168 ns, Reaching safepoint: 62000 ns, At safepoint: 2291 ns, Total: 64291 ns
[2022-05-01T23:56:06.298+0000][161][safepoint   ] Safepoint "Cleanup", Time since last: 3005129793 ns, Reaching safepoint: 188750 ns, At safepoint: 6125 ns, Total: 194875 ns
[2022-05-01T23:56:07.300+0000][161][safepoint   ] Safepoint "Cleanup", Time since last: 1001871626 ns, Reaching safepoint: 63750 ns, At safepoint: 2041 ns, Total: 65791 ns
[2022-05-01T23:56:08.302+0000][161][safepoint   ] Safepoint "Cleanup", Time since last: 1001408084 ns, Reaching safepoint: 359959 ns, At safepoint: 11875 ns, Total: 371834 ns
[2022-05-01T23:56:09.308+0000][161][safepoint   ] Safepoint "Cleanup", Time since last: 1006321333 ns, Reaching safepoint: 139125 ns, At safepoint: 4334 ns, Total: 143459 ns
[2022-05-01T23:56:10.310+0000][161][safepoint   ] Safepoint "Cleanup", Time since last: 1001061917 ns, Reaching safepoint: 500167 ns, At safepoint: 4875 ns, Total: 505042 ns
[2022-05-01T23:56:11.320+0000][161][safepoint   ] Safepoint "Cleanup", Time since last: 1009862542 ns, Reaching safepoint: 134500 ns, At safepoint: 10166 ns, Total: 144666 ns
[2022-05-01T23:56:12.326+0000][161][safepoint   ] Safepoint "Cleanup", Time since last: 1004023209 ns, Reaching safepoint: 1875042 ns, At safepoint: 17000 ns, Total: 1892042 ns
[2022-05-01T23:56:14.117+0000][161][safepoint   ] Safepoint "Cleanup", Time since last: 1790819876 ns, Reaching safepoint: 292083 ns, At safepoint: 6583 ns, Total: 298666 ns
[2022-05-01T23:56:15.140+0000][161][safepoint   ] Safepoint "Cleanup", Time since last: 1023058376 ns, Reaching safepoint: 57708 ns, At safepoint: 1625 ns, Total: 59333 ns
[2022-05-01T23:56:16.142+0000][161][safepoint   ] Safepoint "Cleanup", Time since last: 1001809917 ns, Reaching safepoint: 624084 ns, At safepoint: 7875 ns, Total: 631959 ns
[2022-05-01T23:56:18.152+0000][161][safepoint   ] Safepoint "Cleanup", Time since last: 2009554542 ns, Reaching safepoint: 66792 ns, At safepoint: 1833 ns, Total: 68625 ns
[2022-05-01T23:56:18.884+0000][161][gc,start    ] GC(37) Pause Young (Normal) (G1 Evacuation Pause)
[2022-05-01T23:56:18.885+0000][161][gc,task     ] GC(37) Using 5 workers of 5 for evacuation
[2022-05-01T23:56:18.885+0000][161][gc,age      ] GC(37) Desired survivor size 20971520 bytes, new threshold 15 (max threshold 15)
[2022-05-01T23:56:18.891+0000][161][gc,age      ] GC(37) Age table with threshold 15 (max threshold 15)
[2022-05-01T23:56:18.893+0000][161][gc,age      ] GC(37) - age   1:    1788280 bytes,    1788280 total
[2022-05-01T23:56:18.894+0000][161][gc,age      ] GC(37) - age   2:       4160 bytes,    1792440 total
[2022-05-01T23:56:18.895+0000][161][gc,age      ] GC(37) - age   3:      24032 bytes,    1816472 total
[2022-05-01T23:56:18.896+0000][161][gc,age      ] GC(37) - age   4:       3432 bytes,    1819904 total
[2022-05-01T23:56:18.896+0000][161][gc,age      ] GC(37) - age   5:       6016 bytes,    1825920 total
[2022-05-01T23:56:18.897+0000][161][gc,age      ] GC(37) - age   6:       9008 bytes,    1834928 total
[2022-05-01T23:56:18.898+0000][161][gc,age      ] GC(37) - age   7:      31912 bytes,    1866840 total
[2022-05-01T23:56:18.898+0000][161][gc,age      ] GC(37) - age   8:     170232 bytes,    2037072 total
[2022-05-01T23:56:18.899+0000][161][gc,age      ] GC(37) - age   9:       2800 bytes,    2039872 total
[2022-05-01T23:56:18.900+0000][161][gc,age      ] GC(37) - age  10:     146552 bytes,    2186424 total
[2022-05-01T23:56:18.901+0000][161][gc,age      ] GC(37) - age  11:      14288 bytes,    2200712 total
[2022-05-01T23:56:18.902+0000][161][gc,age      ] GC(37) - age  12:      30784 bytes,    2231496 total
[2022-05-01T23:56:18.903+0000][161][gc,age      ] GC(37) - age  13:    1393352 bytes,    3624848 total
[2022-05-01T23:56:18.904+0000][161][gc,age      ] GC(37) - age  14:      15472 bytes,    3640320 total
[2022-05-01T23:56:18.905+0000][161][gc,age      ] GC(37) - age  15:      15264 bytes,    3655584 total
[2022-05-01T23:56:18.907+0000][161][gc,phases   ] GC(37)   Pre Evacuate Collection Set: 0.1ms
[2022-05-01T23:56:18.908+0000][161][gc,phases   ] GC(37)   Merge Heap Roots: 0.1ms
[2022-05-01T23:56:18.909+0000][161][gc,phases   ] GC(37)   Evacuate Collection Set: 3.5ms
[2022-05-01T23:56:18.910+0000][161][gc,phases   ] GC(37)   Post Evacuate Collection Set: 1.4ms
[2022-05-01T23:56:18.912+0000][161][gc,phases   ] GC(37)   Other: 17.6ms
[2022-05-01T23:56:18.913+0000][161][gc,heap     ] GC(37) Eden regions: 75->0(75)
[2022-05-01T23:56:18.914+0000][161][gc,heap     ] GC(37) Survivor regions: 1->1(10)
[2022-05-01T23:56:18.915+0000][161][gc,heap     ] GC(37) Old regions: 22->22
[2022-05-01T23:56:18.916+0000][161][gc,heap     ] GC(37) Archive regions: 2->2
[2022-05-01T23:56:18.917+0000][161][gc,heap     ] GC(37) Humongous regions: 6->6
[2022-05-01T23:56:18.918+0000][161][gc,metaspace] GC(37) Metaspace: 116574K(118464K)->116574K(118464K) NonClass: 100996K(102144K)->100996K(102144K) Class: 15578K(16320K)->15578K(16320K)
[2022-05-01T23:56:18.920+0000][161][gc          ] GC(37) Pause Young (Normal) (G1 Evacuation Pause) 416M->117M(512M) 35.848ms
[2022-05-01T23:56:18.921+0000][161][gc,cpu      ] GC(37) User=0.02s Sys=0.00s Real=0.04s
[2022-05-01T23:56:18.923+0000][161][safepoint   ] Safepoint "G1CollectForAllocation", Time since last: 731610667 ns, Reaching safepoint: 133292 ns, At safepoint: 39290417 ns, Total: 39423709 ns
[2022-05-01T23:56:19.926+0000][161][safepoint   ] Safepoint "Cleanup", Time since last: 1002715250 ns, Reaching safepoint: 422208 ns, At safepoint: 11167 ns, Total: 433375 ns
[2022-05-01T23:56:20.942+0000][161][safepoint   ] Safepoint "Cleanup", Time since last: 1007667875 ns, Reaching safepoint: 226625 ns, At safepoint: 12125 ns, Total: 238750 ns
[2022-05-01T23:56:21.943+0000][161][safepoint   ] Safepoint "Cleanup", Time since last: 1000897334 ns, Reaching safepoint: 60583 ns, At safepoint: 2375 ns, Total: 62958 ns
[2022-05-01T23:56:22.946+0000][161][safepoint   ] Safepoint "Cleanup", Time since last: 1003001042 ns, Reaching safepoint: 119209 ns, At safepoint: 14333 ns, Total: 133542 ns
[2022-05-01T23:56:23.948+0000][161][safepoint   ] Safepoint "Cleanup", Time since last: 1001838667 ns, Reaching safepoint: 141458 ns, At safepoint: 6042 ns, Total: 147500 ns
[2022-05-01T23:56:25.963+0000][161][safepoint   ] Safepoint "Cleanup", Time since last: 2014457709 ns, Reaching safepoint: 97584 ns, At safepoint: 3708 ns, Total: 101292 ns
[2022-05-01T23:56:26.965+0000][161][safepoint   ] Safepoint "Cleanup", Time since last: 1002121667 ns, Reaching safepoint: 100833 ns, At safepoint: 3292 ns, Total: 104125 ns
[2022-05-01T23:56:27.967+0000][161][safepoint   ] Safepoint "Cleanup", Time since last: 1001501459 ns, Reaching safepoint: 647708 ns, At safepoint: 10167 ns, Total: 657875 ns
[2022-05-01T23:56:28.971+0000][161][safepoint   ] Safepoint "Cleanup", Time since last: 1002293042 ns, Reaching safepoint: 1403000 ns, At safepoint: 12958 ns, Total: 1415958 ns
[2022-05-01T23:56:29.978+0000][161][safepoint   ] Safepoint "Cleanup", Time since last: 1007253668 ns, Reaching safepoint: 86583 ns, At safepoint: 5417 ns, Total: 92000 ns
[2022-05-01T23:56:30.980+0000][161][safepoint   ] Safepoint "Cleanup", Time since last: 1001844917 ns, Reaching safepoint: 159541 ns, At safepoint: 7000 ns, Total: 166541 ns
[2022-05-01T23:56:32.988+0000][161][safepoint   ] Safepoint "Cleanup", Time since last: 2007193710 ns, Reaching safepoint: 54666 ns, At safepoint: 2875 ns, Total: 57541 ns
[2022-05-01T23:56:33.989+0000][161][safepoint   ] Safepoint "Cleanup", Time since last: 1001460292 ns, Reaching safepoint: 336375 ns, At safepoint: 9625 ns, Total: 346000 ns
[2022-05-01T23:56:34.996+0000][161][safepoint   ] Safepoint "Cleanup", Time since last: 1006150501 ns, Reaching safepoint: 289708 ns, At safepoint: 11292 ns, Total: 301000 ns
[2022-05-01T23:56:36.005+0000][161][safepoint   ] Safepoint "Cleanup", Time since last: 1008408875 ns, Reaching safepoint: 501500 ns, At safepoint: 23792 ns, Total: 525292 ns
[2022-05-01T23:56:38.013+0000][161][safepoint   ] Safepoint "Cleanup", Time since last: 2007948251 ns, Reaching safepoint: 256917 ns, At safepoint: 9583 ns, Total: 266500 ns
[2022-05-01T23:56:39.019+0000][161][safepoint   ] Safepoint "Cleanup", Time since last: 1005574751 ns, Reaching safepoint: 85000 ns, At safepoint: 4041 ns, Total: 89041 ns
[2022-05-01T23:56:40.020+0000][161][safepoint   ] Safepoint "Cleanup", Time since last: 1001049417 ns, Reaching safepoint: 73167 ns, At safepoint: 2083 ns, Total: 75250 ns
[2022-05-01T23:56:41.022+0000][161][safepoint   ] Safepoint "Cleanup", Time since last: 1001502293 ns, Reaching safepoint: 601916 ns, At safepoint: 11459 ns, Total: 613375 ns
[2022-05-01T23:56:42.025+0000][161][safepoint   ] Safepoint "Cleanup", Time since last: 1002931458 ns, Reaching safepoint: 99542 ns, At safepoint: 10542 ns, Total: 110084 ns
[2022-05-01T23:56:43.026+0000][161][safepoint   ] Safepoint "Cleanup", Time since last: 1001024208 ns, Reaching safepoint: 117667 ns, At safepoint: 4250 ns, Total: 121917 ns
[2022-05-01T23:56:45.028+0000][161][safepoint   ] Safepoint "Cleanup", Time since last: 2001297751 ns, Reaching safepoint: 132333 ns, At safepoint: 10250 ns, Total: 142583 ns
[2022-05-01T23:56:46.031+0000][161][safepoint   ] Safepoint "Cleanup", Time since last: 1002993376 ns, Reaching safepoint: 434417 ns, At safepoint: 16625 ns, Total: 451042 ns
[2022-05-01T23:56:48.038+0000][161][safepoint   ] Safepoint "Cleanup", Time since last: 2006755459 ns, Reaching safepoint: 268708 ns, At safepoint: 13792 ns, Total: 282500 ns
[2022-05-01T23:56:49.062+0000][161][safepoint   ] Safepoint "Cleanup", Time since last: 1022548417 ns, Reaching safepoint: 1555083 ns, At safepoint: 21000 ns, Total: 1576083 ns
[2022-05-01T23:56:51.073+0000][161][safepoint   ] Safepoint "Cleanup", Time since last: 2008188876 ns, Reaching safepoint: 160208 ns, At safepoint: 3958 ns, Total: 164166 ns
[2022-05-01T23:56:53.081+0000][161][safepoint   ] Safepoint "Cleanup", Time since last: 2008535751 ns, Reaching safepoint: 76584 ns, At safepoint: 3750 ns, Total: 80334 ns
[2022-05-01T23:56:54.083+0000][161][safepoint   ] Safepoint "Cleanup", Time since last: 1001146583 ns, Reaching safepoint: 61667 ns, At safepoint: 2083 ns, Total: 63750 ns
[2022-05-01T23:56:55.084+0000][161][safepoint   ] Safepoint "Cleanup", Time since last: 1000821626 ns, Reaching safepoint: 153208 ns, At safepoint: 4209 ns, Total: 157417 ns
[2022-05-01T23:56:56.088+0000][161][safepoint   ] Safepoint "Cleanup", Time since last: 1004721125 ns, Reaching safepoint: 132458 ns, At safepoint: 6084 ns, Total: 138542 ns
[2022-05-01T23:56:57.095+0000][161][safepoint   ] Safepoint "Cleanup", Time since last: 1005257417 ns, Reaching safepoint: 1360042 ns, At safepoint: 14041 ns, Total: 1374083 ns
[2022-05-01T23:56:58.097+0000][161][safepoint   ] Safepoint "Cleanup", Time since last: 1001584209 ns, Reaching safepoint: 296958 ns, At safepoint: 13834 ns, Total: 310792 ns
[2022-05-01T23:56:59.105+0000][161][safepoint   ] Safepoint "Cleanup", Time since last: 1007978083 ns, Reaching safepoint: 232667 ns, At safepoint: 6792 ns, Total: 239459 ns
[2022-05-01T23:57:01.120+0000][161][safepoint   ] Safepoint "Cleanup", Time since last: 2014652876 ns, Reaching safepoint: 442291 ns, At safepoint: 12875 ns, Total: 455166 ns
[2022-05-01T23:57:03.126+0000][161][safepoint   ] Safepoint "Cleanup", Time since last: 2005251960 ns, Reaching safepoint: 84750 ns, At safepoint: 30708 ns, Total: 115458 ns
[2022-05-01T23:57:06.129+0000][161][safepoint   ] Safepoint "Cleanup", Time since last: 3003593710 ns, Reaching safepoint: 167667 ns, At safepoint: 3500 ns, Total: 171167 ns
[2022-05-01T23:57:08.134+0000][161][safepoint   ] Safepoint "Cleanup", Time since last: 2004480917 ns, Reaching safepoint: 354875 ns, At safepoint: 15000 ns, Total: 369875 ns
[2022-05-01T23:57:09.144+0000][161][safepoint   ] Safepoint "Cleanup", Time since last: 1010096501 ns, Reaching safepoint: 52916 ns, At safepoint: 2042 ns, Total: 54958 ns
[2022-05-01T23:57:10.151+0000][161][safepoint   ] Safepoint "Cleanup", Time since last: 1005850709 ns, Reaching safepoint: 238666 ns, At safepoint: 21084 ns, Total: 259750 ns
[2022-05-01T23:57:11.159+0000][161][safepoint   ] Safepoint "Cleanup", Time since last: 1008383292 ns, Reaching safepoint: 280667 ns, At safepoint: 11208 ns, Total: 291875 ns
[2022-05-01T23:57:12.185+0000][161][safepoint   ] Safepoint "Cleanup", Time since last: 1025313167 ns, Reaching safepoint: 140458 ns, At safepoint: 2709 ns, Total: 143167 ns
[2022-05-01T23:57:13.189+0000][161][safepoint   ] Safepoint "Cleanup", Time since last: 1002757000 ns, Reaching safepoint: 1241084 ns, At safepoint: 342583 ns, Total: 1583667 ns
[2022-05-01T23:57:15.198+0000][161][safepoint   ] Safepoint "Cleanup", Time since last: 2008826792 ns, Reaching safepoint: 188375 ns, At safepoint: 2625 ns, Total: 191000 ns
[2022-05-01T23:57:16.202+0000][161][safepoint   ] Safepoint "Cleanup", Time since last: 1003234876 ns, Reaching safepoint: 237042 ns, At safepoint: 6250 ns, Total: 243292 ns
[2022-05-01T23:57:18.207+0000][161][safepoint   ] Safepoint "Cleanup", Time since last: 2005402334 ns, Reaching safepoint: 72958 ns, At safepoint: 2167 ns, Total: 75125 ns
[2022-05-01T23:57:20.919+0000][161][gc,start    ] GC(38) Pause Young (Normal) (G1 Evacuation Pause)
[2022-05-01T23:57:20.920+0000][161][gc,task     ] GC(38) Using 5 workers of 5 for evacuation
[2022-05-01T23:57:20.921+0000][161][gc,age      ] GC(38) Desired survivor size 20971520 bytes, new threshold 15 (max threshold 15)
[2022-05-01T23:57:20.929+0000][161][gc,age      ] GC(38) Age table with threshold 15 (max threshold 15)
[2022-05-01T23:57:20.931+0000][161][gc,age      ] GC(38) - age   1:    1293144 bytes,    1293144 total
[2022-05-01T23:57:20.934+0000][161][gc,age      ] GC(38) - age   2:     150064 bytes,    1443208 total
[2022-05-01T23:57:20.936+0000][161][gc,age      ] GC(38) - age   3:       3528 bytes,    1446736 total
[2022-05-01T23:57:20.937+0000][161][gc,age      ] GC(38) - age   4:      23704 bytes,    1470440 total
[2022-05-01T23:57:20.938+0000][161][gc,age      ] GC(38) - age   5:       3432 bytes,    1473872 total
[2022-05-01T23:57:20.939+0000][161][gc,age      ] GC(38) - age   6:       6016 bytes,    1479888 total
[2022-05-01T23:57:20.940+0000][161][gc,age      ] GC(38) - age   7:       8960 bytes,    1488848 total
[2022-05-01T23:57:20.940+0000][161][gc,age      ] GC(38) - age   8:      31912 bytes,    1520760 total
[2022-05-01T23:57:20.941+0000][161][gc,age      ] GC(38) - age   9:     170232 bytes,    1690992 total
[2022-05-01T23:57:20.942+0000][161][gc,age      ] GC(38) - age  10:       2800 bytes,    1693792 total
[2022-05-01T23:57:20.942+0000][161][gc,age      ] GC(38) - age  11:     146512 bytes,    1840304 total
[2022-05-01T23:57:20.944+0000][161][gc,age      ] GC(38) - age  12:      14288 bytes,    1854592 total
[2022-05-01T23:57:20.944+0000][161][gc,age      ] GC(38) - age  13:      30784 bytes,    1885376 total
[2022-05-01T23:57:20.945+0000][161][gc,age      ] GC(38) - age  14:    1393352 bytes,    3278728 total
[2022-05-01T23:57:20.945+0000][161][gc,age      ] GC(38) - age  15:      15472 bytes,    3294200 total
[2022-05-01T23:57:20.946+0000][161][gc,phases   ] GC(38)   Pre Evacuate Collection Set: 0.1ms
[2022-05-01T23:57:20.947+0000][161][gc,phases   ] GC(38)   Merge Heap Roots: 0.1ms
[2022-05-01T23:57:20.948+0000][161][gc,phases   ] GC(38)   Evacuate Collection Set: 4.4ms
[2022-05-01T23:57:20.949+0000][161][gc,phases   ] GC(38)   Post Evacuate Collection Set: 1.5ms
[2022-05-01T23:57:20.950+0000][161][gc,phases   ] GC(38)   Other: 21.4ms
[2022-05-01T23:57:20.951+0000][161][gc,heap     ] GC(38) Eden regions: 75->0(75)
[2022-05-01T23:57:20.953+0000][161][gc,heap     ] GC(38) Survivor regions: 1->1(10)
[2022-05-01T23:57:20.954+0000][161][gc,heap     ] GC(38) Old regions: 22->22
[2022-05-01T23:57:20.954+0000][161][gc,heap     ] GC(38) Archive regions: 2->2
[2022-05-01T23:57:20.955+0000][161][gc,heap     ] GC(38) Humongous regions: 6->6
[2022-05-01T23:57:20.956+0000][161][gc,metaspace] GC(38) Metaspace: 116615K(118464K)->116615K(118464K) NonClass: 101037K(102144K)->101037K(102144K) Class: 15578K(16320K)->15578K(16320K)
[2022-05-01T23:57:20.957+0000][161][gc          ] GC(38) Pause Young (Normal) (G1 Evacuation Pause) 417M->117M(512M) 38.154ms
[2022-05-01T23:57:20.958+0000][161][gc,cpu      ] GC(38) User=0.02s Sys=0.00s Real=0.04s
[2022-05-01T23:57:20.959+0000][161][safepoint   ] Safepoint "G1CollectForAllocation", Time since last: 2715574459 ns, Reaching safepoint: 426333 ns, At safepoint: 39933542 ns, Total: 40359875 ns
[2022-05-01T23:57:21.959+0000][161][safepoint   ] Safepoint "Cleanup", Time since last: 1000631959 ns, Reaching safepoint: 125458 ns, At safepoint: 3875 ns, Total: 129333 ns
[2022-05-01T23:57:22.966+0000][161][safepoint   ] Safepoint "Cleanup", Time since last: 1006164209 ns, Reaching safepoint: 422125 ns, At safepoint: 16708 ns, Total: 438833 ns
[2022-05-01T23:57:23.973+0000][161][safepoint   ] Safepoint "Cleanup", Time since last: 1006874084 ns, Reaching safepoint: 337000 ns, At safepoint: 9875 ns, Total: 346875 ns
[2022-05-01T23:57:25.983+0000][161][safepoint   ] Safepoint "Cleanup", Time since last: 2009184418 ns, Reaching safepoint: 537458 ns, At safepoint: 49458 ns, Total: 586916 ns
[2022-05-01T23:57:26.990+0000][161][safepoint   ] Safepoint "Cleanup", Time since last: 1006983084 ns, Reaching safepoint: 253583 ns, At safepoint: 4375 ns, Total: 257958 ns
[2022-05-01T23:57:27.992+0000][161][safepoint   ] Safepoint "Cleanup", Time since last: 1001465543 ns, Reaching safepoint: 76708 ns, At safepoint: 2167 ns, Total: 78875 ns
[2022-05-01T23:57:28.998+0000][161][safepoint   ] Safepoint "Cleanup", Time since last: 1005559708 ns, Reaching safepoint: 271959 ns, At safepoint: 14250 ns, Total: 286209 ns
[2022-05-01T23:57:31.006+0000][161][safepoint   ] Safepoint "Cleanup", Time since last: 2008095834 ns, Reaching safepoint: 149167 ns, At safepoint: 6250 ns, Total: 155417 ns
[2022-05-01T23:57:33.014+0000][161][safepoint   ] Safepoint "Cleanup", Time since last: 2008491584 ns, Reaching safepoint: 49833 ns, At safepoint: 1917 ns, Total: 51750 ns
[2022-05-01T23:57:34.020+0000][161][safepoint   ] Safepoint "Cleanup", Time since last: 1005484167 ns, Reaching safepoint: 204250 ns, At safepoint: 8292 ns, Total: 212542 ns
[2022-05-01T23:57:36.031+0000][161][safepoint   ] Safepoint "Cleanup", Time since last: 2010446459 ns, Reaching safepoint: 536750 ns, At safepoint: 15333 ns, Total: 552083 ns
[2022-05-01T23:57:38.049+0000][161][safepoint   ] Safepoint "Cleanup", Time since last: 2017997793 ns, Reaching safepoint: 326875 ns, At safepoint: 96625 ns, Total: 423500 ns
[2022-05-01T23:57:39.057+0000][161][safepoint   ] Safepoint "Cleanup", Time since last: 1007187376 ns, Reaching safepoint: 200208 ns, At safepoint: 10083 ns, Total: 210291 ns
[2022-05-01T23:57:40.062+0000][161][safepoint   ] Safepoint "Cleanup", Time since last: 1005102709 ns, Reaching safepoint: 137625 ns, At safepoint: 4083 ns, Total: 141708 ns
[2022-05-01T23:57:41.065+0000][161][safepoint   ] Safepoint "Cleanup", Time since last: 1002194209 ns, Reaching safepoint: 364584 ns, At safepoint: 13166 ns, Total: 377750 ns
[2022-05-01T23:57:42.086+0000][161][safepoint   ] Safepoint "Cleanup", Time since last: 1020782542 ns, Reaching safepoint: 259459 ns, At safepoint: 12791 ns, Total: 272250 ns
[2022-05-01T23:57:43.091+0000][161][safepoint   ] Safepoint "Cleanup", Time since last: 1004482209 ns, Reaching safepoint: 907833 ns, At safepoint: 36334 ns, Total: 944167 ns
[2022-05-01T23:57:45.102+0000][161][safepoint   ] Safepoint "Cleanup", Time since last: 2011140667 ns, Reaching safepoint: 127417 ns, At safepoint: 9667 ns, Total: 137084 ns
[2022-05-01T23:57:46.106+0000][161][safepoint   ] Safepoint "Cleanup", Time since last: 1001351834 ns, Reaching safepoint: 1742375 ns, At safepoint: 17666 ns, Total: 1760041 ns
[2022-05-01T23:57:48.129+0000][161][safepoint   ] Safepoint "Cleanup", Time since last: 2023016793 ns, Reaching safepoint: 83875 ns, At safepoint: 4208 ns, Total: 88083 ns
[2022-05-01T23:57:49.133+0000][161][safepoint   ] Safepoint "Cleanup", Time since last: 1003872542 ns, Reaching safepoint: 149125 ns, At safepoint: 4584 ns, Total: 153709 ns
[2022-05-01T23:57:51.134+0000][161][safepoint   ] Safepoint "Cleanup", Time since last: 2002537042 ns, Reaching safepoint: 45250 ns, At safepoint: 2875 ns, Total: 48125 ns
[2022-05-01T23:57:52.135+0000][161][safepoint   ] Safepoint "Cleanup", Time since last: 1000856417 ns, Reaching safepoint: 83042 ns, At safepoint: 3166 ns, Total: 86208 ns
[2022-05-01T23:57:53.139+0000][161][safepoint   ] Safepoint "Cleanup", Time since last: 1004767376 ns, Reaching safepoint: 161292 ns, At safepoint: 9791 ns, Total: 171083 ns
[2022-05-01T23:57:54.154+0000][161][safepoint   ] Safepoint "Cleanup", Time since last: 1014073876 ns, Reaching safepoint: 678416 ns, At safepoint: 11542 ns, Total: 689958 ns
[2022-05-01T23:57:56.163+0000][161][safepoint   ] Safepoint "Cleanup", Time since last: 2008538501 ns, Reaching safepoint: 286417 ns, At safepoint: 13458 ns, Total: 299875 ns
[2022-05-01T23:57:57.168+0000][161][safepoint   ] Safepoint "Cleanup", Time since last: 1005060334 ns, Reaching safepoint: 59125 ns, At safepoint: 2000 ns, Total: 61125 ns
[2022-05-01T23:57:58.170+0000][161][safepoint   ] Safepoint "Cleanup", Time since last: 1001340334 ns, Reaching safepoint: 116541 ns, At safepoint: 3667 ns, Total: 120208 ns
[2022-05-01T23:57:59.175+0000][161][safepoint   ] Safepoint "Cleanup", Time since last: 1004881792 ns, Reaching safepoint: 300709 ns, At safepoint: 5666 ns, Total: 306375 ns
[2022-05-01T23:58:01.183+0000][161][safepoint   ] Safepoint "Cleanup", Time since last: 2007512876 ns, Reaching safepoint: 1036625 ns, At safepoint: 21000 ns, Total: 1057625 ns
[2022-05-01T23:58:03.198+0000][161][safepoint   ] Safepoint "Cleanup", Time since last: 2014385751 ns, Reaching safepoint: 136333 ns, At safepoint: 3042 ns, Total: 139375 ns
[2022-05-01T23:58:06.201+0000][161][safepoint   ] Safepoint "Cleanup", Time since last: 3002743085 ns, Reaching safepoint: 88208 ns, At safepoint: 2500 ns, Total: 90708 ns
[2022-05-01T23:58:08.210+0000][161][safepoint   ] Safepoint "Cleanup", Time since last: 2009102626 ns, Reaching safepoint: 305833 ns, At safepoint: 15084 ns, Total: 320917 ns
[2022-05-01T23:58:09.222+0000][161][safepoint   ] Safepoint "Cleanup", Time since last: 1011549584 ns, Reaching safepoint: 102916 ns, At safepoint: 2625 ns, Total: 105541 ns
[2022-05-01T23:58:10.224+0000][161][safepoint   ] Safepoint "Cleanup", Time since last: 1002044417 ns, Reaching safepoint: 473250 ns, At safepoint: 17417 ns, Total: 490667 ns
[2022-05-01T23:58:11.241+0000][161][safepoint   ] Safepoint "Cleanup", Time since last: 1016297667 ns, Reaching safepoint: 803250 ns, At safepoint: 13500 ns, Total: 816750 ns
[2022-05-01T23:58:12.255+0000][161][safepoint   ] Safepoint "Cleanup", Time since last: 1011190501 ns, Reaching safepoint: 2230416 ns, At safepoint: 17459 ns, Total: 2247875 ns
[2022-05-01T23:58:13.261+0000][161][safepoint   ] Safepoint "Cleanup", Time since last: 1005256959 ns, Reaching safepoint: 339291 ns, At safepoint: 21084 ns, Total: 360375 ns
[2022-05-01T23:58:15.272+0000][161][safepoint   ] Safepoint "Cleanup", Time since last: 2011023709 ns, Reaching safepoint: 377417 ns, At safepoint: 3458 ns, Total: 380875 ns
[2022-05-01T23:58:16.273+0000][161][safepoint   ] Safepoint "Cleanup", Time since last: 1001202042 ns, Reaching safepoint: 48625 ns, At safepoint: 2042 ns, Total: 50667 ns
[2022-05-01T23:58:18.275+0000][161][safepoint   ] Safepoint "Cleanup", Time since last: 2001707334 ns, Reaching safepoint: 67292 ns, At safepoint: 2000 ns, Total: 69292 ns
[2022-05-01T23:58:20.903+0000][161][gc,start    ] GC(39) Pause Young (Normal) (G1 Evacuation Pause)
[2022-05-01T23:58:20.909+0000][161][gc,task     ] GC(39) Using 5 workers of 5 for evacuation
[2022-05-01T23:58:20.914+0000][161][gc,age      ] GC(39) Desired survivor size 20971520 bytes, new threshold 15 (max threshold 15)
[2022-05-01T23:58:20.929+0000][161][gc,age      ] GC(39) Age table with threshold 15 (max threshold 15)
[2022-05-01T23:58:20.932+0000][161][gc,age      ] GC(39) - age   1:     889440 bytes,     889440 total
[2022-05-01T23:58:20.934+0000][161][gc,age      ] GC(39) - age   2:      88216 bytes,     977656 total
[2022-05-01T23:58:20.935+0000][161][gc,age      ] GC(39) - age   3:     147664 bytes,    1125320 total
[2022-05-01T23:58:20.936+0000][161][gc,age      ] GC(39) - age   4:       3128 bytes,    1128448 total
[2022-05-01T23:58:20.938+0000][161][gc,age      ] GC(39) - age   5:      23392 bytes,    1151840 total
[2022-05-01T23:58:20.939+0000][161][gc,age      ] GC(39) - age   6:       3432 bytes,    1155272 total
[2022-05-01T23:58:20.940+0000][161][gc,age      ] GC(39) - age   7:       5704 bytes,    1160976 total
[2022-05-01T23:58:20.941+0000][161][gc,age      ] GC(39) - age   8:       8960 bytes,    1169936 total
[2022-05-01T23:58:20.943+0000][161][gc,age      ] GC(39) - age   9:      31912 bytes,    1201848 total
[2022-05-01T23:58:20.945+0000][161][gc,age      ] GC(39) - age  10:     170232 bytes,    1372080 total
[2022-05-01T23:58:20.946+0000][161][gc,age      ] GC(39) - age  11:       2800 bytes,    1374880 total
[2022-05-01T23:58:20.947+0000][161][gc,age      ] GC(39) - age  12:     146512 bytes,    1521392 total
[2022-05-01T23:58:20.948+0000][161][gc,age      ] GC(39) - age  13:      14288 bytes,    1535680 total
[2022-05-01T23:58:20.949+0000][161][gc,age      ] GC(39) - age  14:      30784 bytes,    1566464 total
[2022-05-01T23:58:20.950+0000][161][gc,age      ] GC(39) - age  15:    1393352 bytes,    2959816 total
[2022-05-01T23:58:20.951+0000][161][gc,phases   ] GC(39)   Pre Evacuate Collection Set: 0.3ms
[2022-05-01T23:58:20.952+0000][161][gc,phases   ] GC(39)   Merge Heap Roots: 1.0ms
[2022-05-01T23:58:20.955+0000][161][gc,phases   ] GC(39)   Evacuate Collection Set: 7.5ms
[2022-05-01T23:58:20.956+0000][161][gc,phases   ] GC(39)   Post Evacuate Collection Set: 2.4ms
[2022-05-01T23:58:20.957+0000][161][gc,phases   ] GC(39)   Other: 37.1ms
[2022-05-01T23:58:20.958+0000][161][gc,heap     ] GC(39) Eden regions: 75->0(75)
[2022-05-01T23:58:20.959+0000][161][gc,heap     ] GC(39) Survivor regions: 1->1(10)
[2022-05-01T23:58:20.960+0000][161][gc,heap     ] GC(39) Old regions: 22->22
[2022-05-01T23:58:20.962+0000][161][gc,heap     ] GC(39) Archive regions: 2->2
[2022-05-01T23:58:20.962+0000][161][gc,heap     ] GC(39) Humongous regions: 6->6
[2022-05-01T23:58:20.964+0000][161][gc,metaspace] GC(39) Metaspace: 116646K(118528K)->116646K(118528K) NonClass: 101068K(102208K)->101068K(102208K) Class: 15578K(16320K)->15578K(16320K)
[2022-05-01T23:58:20.965+0000][161][gc          ] GC(39) Pause Young (Normal) (G1 Evacuation Pause) 417M->117M(512M) 61.460ms
[2022-05-01T23:58:20.966+0000][161][gc,cpu      ] GC(39) User=0.04s Sys=0.01s Real=0.07s
[2022-05-01T23:58:20.967+0000][161][safepoint   ] Safepoint "G1CollectForAllocation", Time since last: 2625485125 ns, Reaching safepoint: 428209 ns, At safepoint: 63621583 ns, Total: 64049792 ns
[2022-05-01T23:58:21.968+0000][161][safepoint   ] Safepoint "Cleanup", Time since last: 1000962750 ns, Reaching safepoint: 62250 ns, At safepoint: 3875 ns, Total: 66125 ns
[2022-05-01T23:58:22.969+0000][161][safepoint   ] Safepoint "Cleanup", Time since last: 1001612084 ns, Reaching safepoint: 122750 ns, At safepoint: 6709 ns, Total: 129459 ns
[2022-05-01T23:58:23.974+0000][161][safepoint   ] Safepoint "Cleanup", Time since last: 1004643458 ns, Reaching safepoint: 218125 ns, At safepoint: 5917 ns, Total: 224042 ns
[2022-05-01T23:58:25.978+0000][161][safepoint   ] Safepoint "Cleanup", Time since last: 2003628668 ns, Reaching safepoint: 418541 ns, At safepoint: 18834 ns, Total: 437375 ns
[2022-05-01T23:58:26.981+0000][161][safepoint   ] Safepoint "Cleanup", Time since last: 1002881125 ns, Reaching safepoint: 53500 ns, At safepoint: 2250 ns, Total: 55750 ns
[2022-05-01T23:58:27.984+0000][161][safepoint   ] Safepoint "Cleanup", Time since last: 1002242084 ns, Reaching safepoint: 578667 ns, At safepoint: 13875 ns, Total: 592542 ns
[2022-05-01T23:58:28.996+0000][161][safepoint   ] Safepoint "Cleanup", Time since last: 1011293375 ns, Reaching safepoint: 595208 ns, At safepoint: 13250 ns, Total: 608458 ns
[2022-05-01T23:58:31.022+0000][161][safepoint   ] Safepoint "Cleanup", Time since last: 2025430960 ns, Reaching safepoint: 172833 ns, At safepoint: 13458 ns, Total: 186291 ns
[2022-05-01T23:58:33.029+0000][161][safepoint   ] Safepoint "Cleanup", Time since last: 2007362668 ns, Reaching safepoint: 53458 ns, At safepoint: 2334 ns, Total: 55792 ns
[2022-05-01T23:58:34.032+0000][161][safepoint   ] Safepoint "Cleanup", Time since last: 1002443917 ns, Reaching safepoint: 367125 ns, At safepoint: 9750 ns, Total: 376875 ns
[2022-05-01T23:58:36.042+0000][161][safepoint   ] Safepoint "Cleanup", Time since last: 2008088834 ns, Reaching safepoint: 1770542 ns, At safepoint: 34500 ns, Total: 1805042 ns
[2022-05-01T23:58:38.065+0000][161][safepoint   ] Safepoint "Cleanup", Time since last: 2022365376 ns, Reaching safepoint: 427125 ns, At safepoint: 13541 ns, Total: 440666 ns
[2022-05-01T23:58:39.069+0000][161][safepoint   ] Safepoint "Cleanup", Time since last: 1004032084 ns, Reaching safepoint: 610042 ns, At safepoint: 11250 ns, Total: 621292 ns
[2022-05-01T23:58:40.071+0000][161][safepoint   ] Safepoint "Cleanup", Time since last: 1001063959 ns, Reaching safepoint: 633833 ns, At safepoint: 13792 ns, Total: 647625 ns
[2022-05-01T23:58:41.073+0000][161][safepoint   ] Safepoint "Cleanup", Time since last: 1001636125 ns, Reaching safepoint: 228542 ns, At safepoint: 11625 ns, Total: 240167 ns
[2022-05-01T23:58:42.078+0000][161][safepoint   ] Safepoint "Cleanup", Time since last: 1003927542 ns, Reaching safepoint: 844750 ns, At safepoint: 10792 ns, Total: 855542 ns
[2022-05-01T23:58:43.082+0000][161][safepoint   ] Safepoint "Cleanup", Time since last: 1003733167 ns, Reaching safepoint: 333708 ns, At safepoint: 12542 ns, Total: 346250 ns
[2022-05-01T23:58:45.094+0000][161][safepoint   ] Safepoint "Cleanup", Time since last: 2011751084 ns, Reaching safepoint: 154792 ns, At safepoint: 5625 ns, Total: 160417 ns
[2022-05-01T23:58:46.095+0000][161][safepoint   ] Safepoint "Cleanup", Time since last: 1001054250 ns, Reaching safepoint: 51334 ns, At safepoint: 2208 ns, Total: 53542 ns
[2022-05-01T23:58:48.098+0000][161][safepoint   ] Safepoint "Cleanup", Time since last: 2002989834 ns, Reaching safepoint: 210042 ns, At safepoint: 4167 ns, Total: 214209 ns
[2022-05-01T23:58:49.364+0000][161][safepoint   ] Safepoint "Cleanup", Time since last: 1265475167 ns, Reaching safepoint: 503083 ns, At safepoint: 24417 ns, Total: 527500 ns
[2022-05-01T23:58:51.388+0000][161][safepoint   ] Safepoint "Cleanup", Time since last: 2026231375 ns, Reaching safepoint: 223542 ns, At safepoint: 4416 ns, Total: 227958 ns
[2022-05-01T23:58:53.396+0000][161][safepoint   ] Safepoint "Cleanup", Time since last: 2006786626 ns, Reaching safepoint: 443667 ns, At safepoint: 18417 ns, Total: 462084 ns
[2022-05-01T23:58:54.403+0000][161][safepoint   ] Safepoint "Cleanup", Time since last: 1006755875 ns, Reaching safepoint: 287709 ns, At safepoint: 18791 ns, Total: 306500 ns
[2022-05-01T23:58:55.710+0000][161][safepoint   ] Safepoint "Cleanup", Time since last: 1305800001 ns, Reaching safepoint: 1413000 ns, At safepoint: 18208 ns, Total: 1431208 ns
[2022-05-01T23:58:57.719+0000][161][safepoint   ] Safepoint "Cleanup", Time since last: 2008828584 ns, Reaching safepoint: 77709 ns, At safepoint: 213958 ns, Total: 291667 ns
[2022-05-01T23:58:58.722+0000][161][safepoint   ] Safepoint "Cleanup", Time since last: 1003061292 ns, Reaching safepoint: 210917 ns, At safepoint: 12167 ns, Total: 223084 ns
[2022-05-01T23:59:00.729+0000][161][safepoint   ] Safepoint "Cleanup", Time since last: 2006602209 ns, Reaching safepoint: 216542 ns, At safepoint: 10458 ns, Total: 227000 ns
[2022-05-01T23:59:03.741+0000][161][safepoint   ] Safepoint "Cleanup", Time since last: 3011521751 ns, Reaching safepoint: 172667 ns, At safepoint: 4542 ns, Total: 177209 ns
[2022-05-01T23:59:04.747+0000][161][safepoint   ] Safepoint "Cleanup", Time since last: 1005146708 ns, Reaching safepoint: 458334 ns, At safepoint: 18416 ns, Total: 476750 ns
[2022-05-01T23:59:05.763+0000][161][safepoint   ] Safepoint "Cleanup", Time since last: 1016459918 ns, Reaching safepoint: 300000 ns, At safepoint: 13625 ns, Total: 313625 ns
[2022-05-01T23:59:06.770+0000][161][safepoint   ] Safepoint "Cleanup", Time since last: 1007023417 ns, Reaching safepoint: 57125 ns, At safepoint: 2166 ns, Total: 59291 ns
[2022-05-01T23:59:08.775+0000][161][safepoint   ] Safepoint "Cleanup", Time since last: 2004297668 ns, Reaching safepoint: 95792 ns, At safepoint: 7083 ns, Total: 102875 ns
[2022-05-01T23:59:09.777+0000][161][safepoint   ] Safepoint "Cleanup", Time since last: 1001696917 ns, Reaching safepoint: 121084 ns, At safepoint: 2875 ns, Total: 123959 ns
[2022-05-01T23:59:10.959+0000][161][safepoint   ] Safepoint "Cleanup", Time since last: 1181382833 ns, Reaching safepoint: 886584 ns, At safepoint: 479708 ns, Total: 1366292 ns
[2022-05-01T23:59:11.970+0000][161][safepoint   ] Safepoint "Cleanup", Time since last: 1010525584 ns, Reaching safepoint: 189292 ns, At safepoint: 4416 ns, Total: 193708 ns
[2022-05-01T23:59:12.975+0000][161][safepoint   ] Safepoint "Cleanup", Time since last: 1004316751 ns, Reaching safepoint: 624416 ns, At safepoint: 21292 ns, Total: 645708 ns
[2022-05-01T23:59:14.982+0000][161][safepoint   ] Safepoint "Cleanup", Time since last: 2006837501 ns, Reaching safepoint: 193958 ns, At safepoint: 8667 ns, Total: 202625 ns
[2022-05-01T23:59:15.984+0000][161][safepoint   ] Safepoint "Cleanup", Time since last: 1001702667 ns, Reaching safepoint: 104834 ns, At safepoint: 3125 ns, Total: 107959 ns
[2022-05-01T23:59:17.986+0000][161][safepoint   ] Safepoint "Cleanup", Time since last: 2002489125 ns, Reaching safepoint: 67875 ns, At safepoint: 3959 ns, Total: 71834 ns
[2022-05-01T23:59:18.469+0000][161][gc,start    ] GC(40) Pause Young (Normal) (G1 Evacuation Pause)
[2022-05-01T23:59:18.469+0000][161][gc,task     ] GC(40) Using 5 workers of 5 for evacuation
[2022-05-01T23:59:18.470+0000][161][gc,age      ] GC(40) Desired survivor size 20971520 bytes, new threshold 15 (max threshold 15)
[2022-05-01T23:59:18.475+0000][161][gc,age      ] GC(40) Age table with threshold 15 (max threshold 15)
[2022-05-01T23:59:18.479+0000][161][gc,age      ] GC(40) - age   1:    2205736 bytes,    2205736 total
[2022-05-01T23:59:18.479+0000][161][gc,age      ] GC(40) - age   2:       5168 bytes,    2210904 total
[2022-05-01T23:59:18.480+0000][161][gc,age      ] GC(40) - age   3:      86544 bytes,    2297448 total
[2022-05-01T23:59:18.481+0000][161][gc,age      ] GC(40) - age   4:     147400 bytes,    2444848 total
[2022-05-01T23:59:18.482+0000][161][gc,age      ] GC(40) - age   5:       2816 bytes,    2447664 total
[2022-05-01T23:59:18.482+0000][161][gc,age      ] GC(40) - age   6:      23280 bytes,    2470944 total
[2022-05-01T23:59:18.483+0000][161][gc,age      ] GC(40) - age   7:       3432 bytes,    2474376 total
[2022-05-01T23:59:18.483+0000][161][gc,age      ] GC(40) - age   8:       5704 bytes,    2480080 total
[2022-05-01T23:59:18.484+0000][161][gc,age      ] GC(40) - age   9:       8960 bytes,    2489040 total
[2022-05-01T23:59:18.485+0000][161][gc,age      ] GC(40) - age  10:      31912 bytes,    2520952 total
[2022-05-01T23:59:18.486+0000][161][gc,age      ] GC(40) - age  11:     168072 bytes,    2689024 total
[2022-05-01T23:59:18.486+0000][161][gc,age      ] GC(40) - age  12:       2800 bytes,    2691824 total
[2022-05-01T23:59:18.487+0000][161][gc,age      ] GC(40) - age  13:     146512 bytes,    2838336 total
[2022-05-01T23:59:18.488+0000][161][gc,age      ] GC(40) - age  14:      14288 bytes,    2852624 total
[2022-05-01T23:59:18.489+0000][161][gc,age      ] GC(40) - age  15:      30784 bytes,    2883408 total
[2022-05-01T23:59:18.489+0000][161][gc,phases   ] GC(40)   Pre Evacuate Collection Set: 0.1ms
[2022-05-01T23:59:18.490+0000][161][gc,phases   ] GC(40)   Merge Heap Roots: 0.3ms
[2022-05-01T23:59:18.490+0000][161][gc,phases   ] GC(40)   Evacuate Collection Set: 2.8ms
[2022-05-01T23:59:18.491+0000][161][gc,phases   ] GC(40)   Post Evacuate Collection Set: 0.9ms
[2022-05-01T23:59:18.491+0000][161][gc,phases   ] GC(40)   Other: 16.7ms
[2022-05-01T23:59:18.492+0000][161][gc,heap     ] GC(40) Eden regions: 75->0(75)
[2022-05-01T23:59:18.492+0000][161][gc,heap     ] GC(40) Survivor regions: 1->1(10)
[2022-05-01T23:59:18.493+0000][161][gc,heap     ] GC(40) Old regions: 22->22
[2022-05-01T23:59:18.494+0000][161][gc,heap     ] GC(40) Archive regions: 2->2
[2022-05-01T23:59:18.494+0000][161][gc,heap     ] GC(40) Humongous regions: 6->6
[2022-05-01T23:59:18.495+0000][161][gc,metaspace] GC(40) Metaspace: 116666K(118528K)->116666K(118528K) NonClass: 101087K(102208K)->101087K(102208K) Class: 15578K(16320K)->15578K(16320K)
[2022-05-01T23:59:18.496+0000][161][gc          ] GC(40) Pause Young (Normal) (G1 Evacuation Pause) 417M->118M(512M) 27.218ms
[2022-05-01T23:59:18.497+0000][161][gc,cpu      ] GC(40) User=0.01s Sys=0.01s Real=0.03s
[2022-05-01T23:59:18.497+0000][161][safepoint   ] Safepoint "G1CollectForAllocation", Time since last: 481958125 ns, Reaching safepoint: 109792 ns, At safepoint: 28904458 ns, Total: 29014250 ns
[2022-05-01T23:59:20.503+0000][161][safepoint   ] Safepoint "Cleanup", Time since last: 2003075501 ns, Reaching safepoint: 507541 ns, At safepoint: 11125 ns, Total: 518666 ns
[2022-05-01T23:59:21.507+0000][161][safepoint   ] Safepoint "Cleanup", Time since last: 1004073751 ns, Reaching safepoint: 267000 ns, At safepoint: 8750 ns, Total: 275750 ns
[2022-05-01T23:59:23.511+0000][161][safepoint   ] Safepoint "Cleanup", Time since last: 2002461959 ns, Reaching safepoint: 1598542 ns, At safepoint: 27041 ns, Total: 1625583 ns
[2022-05-01T23:59:24.518+0000][161][safepoint   ] Safepoint "Cleanup", Time since last: 1006640084 ns, Reaching safepoint: 230875 ns, At safepoint: 8834 ns, Total: 239709 ns
[2022-05-01T23:59:25.535+0000][161][safepoint   ] Safepoint "Cleanup", Time since last: 1017070583 ns, Reaching safepoint: 193417 ns, At safepoint: 6542 ns, Total: 199959 ns
[2022-05-01T23:59:27.540+0000][161][safepoint   ] Safepoint "Cleanup", Time since last: 2004765376 ns, Reaching safepoint: 104625 ns, At safepoint: 3875 ns, Total: 108500 ns
[2022-05-01T23:59:28.541+0000][161][safepoint   ] Safepoint "Cleanup", Time since last: 1001218667 ns, Reaching safepoint: 60042 ns, At safepoint: 2291 ns, Total: 62333 ns
[2022-05-01T23:59:30.544+0000][161][safepoint   ] Safepoint "Cleanup", Time since last: 2002640418 ns, Reaching safepoint: 244333 ns, At safepoint: 7792 ns, Total: 252125 ns
[2022-05-01T23:59:33.552+0000][161][safepoint   ] Safepoint "Cleanup", Time since last: 3007669210 ns, Reaching safepoint: 211416 ns, At safepoint: 14417 ns, Total: 225833 ns
[2022-05-01T23:59:35.557+0000][161][safepoint   ] Safepoint "Cleanup", Time since last: 2004543626 ns, Reaching safepoint: 223917 ns, At safepoint: 10041 ns, Total: 233958 ns
[2022-05-01T23:59:36.573+0000][161][safepoint   ] Safepoint "Cleanup", Time since last: 1015432334 ns, Reaching safepoint: 434458 ns, At safepoint: 8917 ns, Total: 443375 ns
[2022-05-01T23:59:38.585+0000][161][safepoint   ] Safepoint "Cleanup", Time since last: 2011682459 ns, Reaching safepoint: 464125 ns, At safepoint: 12292 ns, Total: 476417 ns
[2022-05-01T23:59:40.592+0000][161][safepoint   ] Safepoint "Cleanup", Time since last: 2005990293 ns, Reaching safepoint: 949958 ns, At safepoint: 13000 ns, Total: 962958 ns
[2022-05-01T23:59:42.599+0000][161][safepoint   ] Safepoint "Cleanup", Time since last: 2006505001 ns, Reaching safepoint: 227375 ns, At safepoint: 15500 ns, Total: 242875 ns
[2022-05-01T23:59:43.600+0000][161][safepoint   ] Safepoint "Cleanup", Time since last: 1001171375 ns, Reaching safepoint: 341375 ns, At safepoint: 10459 ns, Total: 351834 ns
[2022-05-01T23:59:45.605+0000][161][safepoint   ] Safepoint "Cleanup", Time since last: 2004074209 ns, Reaching safepoint: 1156000 ns, At safepoint: 34583 ns, Total: 1190583 ns
[2022-05-01T23:59:47.626+0000][161][safepoint   ] Safepoint "Cleanup", Time since last: 2020497168 ns, Reaching safepoint: 75083 ns, At safepoint: 1625 ns, Total: 76708 ns
[2022-05-01T23:59:48.630+0000][161][safepoint   ] Safepoint "Cleanup", Time since last: 1003867834 ns, Reaching safepoint: 350500 ns, At safepoint: 25042 ns, Total: 375542 ns
[2022-05-01T23:59:50.645+0000][161][safepoint   ] Safepoint "Cleanup", Time since last: 2013360834 ns, Reaching safepoint: 754291 ns, At safepoint: 11667 ns, Total: 765958 ns
[2022-05-01T23:59:51.651+0000][161][safepoint   ] Safepoint "Cleanup", Time since last: 1005728376 ns, Reaching safepoint: 204291 ns, At safepoint: 14625 ns, Total: 218916 ns
[2022-05-01T23:59:53.673+0000][161][safepoint   ] Safepoint "Cleanup", Time since last: 2022274918 ns, Reaching safepoint: 159333 ns, At safepoint: 6375 ns, Total: 165708 ns
[2022-05-01T23:59:54.676+0000][161][safepoint   ] Safepoint "Cleanup", Time since last: 1002786584 ns, Reaching safepoint: 297458 ns, At safepoint: 8125 ns, Total: 305583 ns
[2022-05-01T23:59:55.683+0000][161][safepoint   ] Safepoint "Cleanup", Time since last: 1006954126 ns, Reaching safepoint: 124125 ns, At safepoint: 9208 ns, Total: 133333 ns
[2022-05-01T23:59:57.691+0000][161][safepoint   ] Safepoint "Cleanup", Time since last: 2007703209 ns, Reaching safepoint: 455125 ns, At safepoint: 8042 ns, Total: 463167 ns
[2022-05-01T23:59:58.697+0000][161][safepoint   ] Safepoint "Cleanup", Time since last: 1005306376 ns, Reaching safepoint: 223875 ns, At safepoint: 6166 ns, Total: 230041 ns
[2022-05-02T00:00:00.700+0000][161][safepoint   ] Safepoint "Cleanup", Time since last: 2003203543 ns, Reaching safepoint: 300042 ns, At safepoint: 12875 ns, Total: 312917 ns
[2022-05-02T00:00:03.711+0000][161][safepoint   ] Safepoint "Cleanup", Time since last: 3010584751 ns, Reaching safepoint: 185917 ns, At safepoint: 36333 ns, Total: 222250 ns
[2022-05-02T00:00:05.715+0000][161][safepoint   ] Safepoint "Cleanup", Time since last: 2003602751 ns, Reaching safepoint: 150042 ns, At safepoint: 5583 ns, Total: 155625 ns
[2022-05-02T00:00:06.724+0000][161][safepoint   ] Safepoint "Cleanup", Time since last: 1008763459 ns, Reaching safepoint: 92500 ns, At safepoint: 2791 ns, Total: 95291 ns
[2022-05-02T00:00:08.729+0000][161][safepoint   ] Safepoint "Cleanup", Time since last: 2004671626 ns, Reaching safepoint: 212000 ns, At safepoint: 65334 ns, Total: 277334 ns
[2022-05-02T00:00:10.733+0000][161][safepoint   ] Safepoint "Cleanup", Time since last: 2004027917 ns, Reaching safepoint: 135125 ns, At safepoint: 3167 ns, Total: 138292 ns
[2022-05-02T00:00:12.738+0000][161][safepoint   ] Safepoint "Cleanup", Time since last: 2004444043 ns, Reaching safepoint: 164791 ns, At safepoint: 14542 ns, Total: 179333 ns
[2022-05-02T00:00:13.740+0000][161][safepoint   ] Safepoint "Cleanup", Time since last: 1002495250 ns, Reaching safepoint: 271042 ns, At safepoint: 14500 ns, Total: 285542 ns
[2022-05-02T00:00:15.758+0000][161][safepoint   ] Safepoint "Cleanup", Time since last: 2017146793 ns, Reaching safepoint: 870250 ns, At safepoint: 21333 ns, Total: 891583 ns
[2022-05-02T00:00:18.769+0000][161][safepoint   ] Safepoint "Cleanup", Time since last: 3009667626 ns, Reaching safepoint: 975042 ns, At safepoint: 14667 ns, Total: 989709 ns
[2022-05-02T00:00:21.077+0000][161][gc,start    ] GC(41) Pause Young (Normal) (G1 Evacuation Pause)
[2022-05-02T00:00:21.077+0000][161][gc,task     ] GC(41) Using 5 workers of 5 for evacuation
[2022-05-02T00:00:21.078+0000][161][gc,age      ] GC(41) Desired survivor size 20971520 bytes, new threshold 15 (max threshold 15)
[2022-05-02T00:00:21.082+0000][161][gc,age      ] GC(41) Age table with threshold 15 (max threshold 15)
[2022-05-02T00:00:21.083+0000][161][gc,age      ] GC(41) - age   1:    1860696 bytes,    1860696 total
[2022-05-02T00:00:21.084+0000][161][gc,age      ] GC(41) - age   2:       9440 bytes,    1870136 total
[2022-05-02T00:00:21.085+0000][161][gc,age      ] GC(41) - age   3:       3800 bytes,    1873936 total
[2022-05-02T00:00:21.085+0000][161][gc,age      ] GC(41) - age   4:      86544 bytes,    1960480 total
[2022-05-02T00:00:21.086+0000][161][gc,age      ] GC(41) - age   5:     146584 bytes,    2107064 total
[2022-05-02T00:00:21.087+0000][161][gc,age      ] GC(41) - age   6:       2752 bytes,    2109816 total
[2022-05-02T00:00:21.088+0000][161][gc,age      ] GC(41) - age   7:      23280 bytes,    2133096 total
[2022-05-02T00:00:21.089+0000][161][gc,age      ] GC(41) - age   8:       3432 bytes,    2136528 total
[2022-05-02T00:00:21.090+0000][161][gc,age      ] GC(41) - age   9:       5704 bytes,    2142232 total
[2022-05-02T00:00:21.090+0000][161][gc,age      ] GC(41) - age  10:       8960 bytes,    2151192 total
[2022-05-02T00:00:21.091+0000][161][gc,age      ] GC(41) - age  11:      30280 bytes,    2181472 total
[2022-05-02T00:00:21.092+0000][161][gc,age      ] GC(41) - age  12:     168048 bytes,    2349520 total
[2022-05-02T00:00:21.093+0000][161][gc,age      ] GC(41) - age  13:       2688 bytes,    2352208 total
[2022-05-02T00:00:21.093+0000][161][gc,age      ] GC(41) - age  14:     146512 bytes,    2498720 total
[2022-05-02T00:00:21.094+0000][161][gc,age      ] GC(41) - age  15:      14288 bytes,    2513008 total
[2022-05-02T00:00:21.095+0000][161][gc,phases   ] GC(41)   Pre Evacuate Collection Set: 0.2ms
[2022-05-02T00:00:21.095+0000][161][gc,phases   ] GC(41)   Merge Heap Roots: 0.1ms
[2022-05-02T00:00:21.096+0000][161][gc,phases   ] GC(41)   Evacuate Collection Set: 2.4ms
[2022-05-02T00:00:21.097+0000][161][gc,phases   ] GC(41)   Post Evacuate Collection Set: 0.9ms
[2022-05-02T00:00:21.097+0000][161][gc,phases   ] GC(41)   Other: 14.3ms
[2022-05-02T00:00:21.098+0000][161][gc,heap     ] GC(41) Eden regions: 75->0(75)
[2022-05-02T00:00:21.099+0000][161][gc,heap     ] GC(41) Survivor regions: 1->1(10)
[2022-05-02T00:00:21.099+0000][161][gc,heap     ] GC(41) Old regions: 22->22
[2022-05-02T00:00:21.100+0000][161][gc,heap     ] GC(41) Archive regions: 2->2
[2022-05-02T00:00:21.101+0000][161][gc,heap     ] GC(41) Humongous regions: 6->6
[2022-05-02T00:00:21.102+0000][161][gc,metaspace] GC(41) Metaspace: 116692K(118592K)->116692K(118592K) NonClass: 101112K(102272K)->101112K(102272K) Class: 15579K(16320K)->15579K(16320K)
[2022-05-02T00:00:21.103+0000][161][gc          ] GC(41) Pause Young (Normal) (G1 Evacuation Pause) 418M->118M(512M) 26.193ms
[2022-05-02T00:00:21.104+0000][161][gc,cpu      ] GC(41) User=0.01s Sys=0.00s Real=0.02s
[2022-05-02T00:00:21.105+0000][161][safepoint   ] Safepoint "G1CollectForAllocation", Time since last: 2307016209 ns, Reaching safepoint: 86375 ns, At safepoint: 27848083 ns, Total: 27934458 ns
[2022-05-02T00:00:22.105+0000][161][safepoint   ] Safepoint "Cleanup", Time since last: 1000692042 ns, Reaching safepoint: 121125 ns, At safepoint: 5167 ns, Total: 126292 ns
[2022-05-02T00:00:48.151+0000][161][safepoint   ] Safepoint "Cleanup", Time since last: 26043651887 ns, Reaching safepoint: 1923000 ns, At safepoint: 8792 ns, Total: 1931792 ns
[2022-05-02T00:00:52.162+0000][161][safepoint   ] Safepoint "Cleanup", Time since last: 4010970292 ns, Reaching safepoint: 366250 ns, At safepoint: 8959 ns, Total: 375209 ns
[2022-05-02T00:00:54.166+0000][161][safepoint   ] Safepoint "Cleanup", Time since last: 2003565459 ns, Reaching safepoint: 86333 ns, At safepoint: 3875 ns, Total: 90208 ns
[2022-05-02T00:01:03.181+0000][161][safepoint   ] Safepoint "Cleanup", Time since last: 9015388921 ns, Reaching safepoint: 88834 ns, At safepoint: 3166 ns, Total: 92000 ns
[2022-05-02T00:01:10.192+0000][161][safepoint   ] Safepoint "Cleanup", Time since last: 7010093129 ns, Reaching safepoint: 303500 ns, At safepoint: 11500 ns, Total: 315000 ns
[2022-05-02T00:01:15.199+0000][161][safepoint   ] Safepoint "Cleanup", Time since last: 5006854710 ns, Reaching safepoint: 633292 ns, At safepoint: 4083 ns, Total: 637375 ns
[2022-05-02T00:01:16.200+0000][161][safepoint   ] Safepoint "Cleanup", Time since last: 1001181543 ns, Reaching safepoint: 97666 ns, At safepoint: 10750 ns, Total: 108416 ns
[2022-05-02T00:01:17.202+0000][161][safepoint   ] Safepoint "Cleanup", Time since last: 1001513209 ns, Reaching safepoint: 274917 ns, At safepoint: 10833 ns, Total: 285750 ns
[2022-05-02T00:01:18.207+0000][161][safepoint   ] Safepoint "Cleanup", Time since last: 1004753167 ns, Reaching safepoint: 376459 ns, At safepoint: 43416 ns, Total: 419875 ns
[2022-05-02T00:01:27.259+0000][161][gc,start    ] GC(42) Pause Young (Normal) (G1 Evacuation Pause)
[2022-05-02T00:01:27.260+0000][161][gc,task     ] GC(42) Using 5 workers of 5 for evacuation
[2022-05-02T00:01:27.261+0000][161][gc,age      ] GC(42) Desired survivor size 20971520 bytes, new threshold 15 (max threshold 15)
[2022-05-02T00:01:27.265+0000][161][gc,age      ] GC(42) Age table with threshold 15 (max threshold 15)
[2022-05-02T00:01:27.266+0000][161][gc,age      ] GC(42) - age   1:    1002936 bytes,    1002936 total
[2022-05-02T00:01:27.267+0000][161][gc,age      ] GC(42) - age   2:      46496 bytes,    1049432 total
[2022-05-02T00:01:27.268+0000][161][gc,age      ] GC(42) - age   3:       6736 bytes,    1056168 total
[2022-05-02T00:01:27.269+0000][161][gc,age      ] GC(42) - age   4:       3488 bytes,    1059656 total
[2022-05-02T00:01:27.270+0000][161][gc,age      ] GC(42) - age   5:      86544 bytes,    1146200 total
[2022-05-02T00:01:27.271+0000][161][gc,age      ] GC(42) - age   6:     146584 bytes,    1292784 total
[2022-05-02T00:01:27.272+0000][161][gc,age      ] GC(42) - age   7:       2752 bytes,    1295536 total
[2022-05-02T00:01:27.272+0000][161][gc,age      ] GC(42) - age   8:      23056 bytes,    1318592 total
[2022-05-02T00:01:27.273+0000][161][gc,age      ] GC(42) - age   9:       3232 bytes,    1321824 total
[2022-05-02T00:01:27.273+0000][161][gc,age      ] GC(42) - age  10:       5704 bytes,    1327528 total
[2022-05-02T00:01:27.274+0000][161][gc,age      ] GC(42) - age  11:       8960 bytes,    1336488 total
[2022-05-02T00:01:27.275+0000][161][gc,age      ] GC(42) - age  12:      30280 bytes,    1366768 total
[2022-05-02T00:01:27.276+0000][161][gc,age      ] GC(42) - age  13:     168048 bytes,    1534816 total
[2022-05-02T00:01:27.276+0000][161][gc,age      ] GC(42) - age  14:       2688 bytes,    1537504 total
[2022-05-02T00:01:27.277+0000][161][gc,age      ] GC(42) - age  15:     146512 bytes,    1684016 total
[2022-05-02T00:01:27.278+0000][161][gc,phases   ] GC(42)   Pre Evacuate Collection Set: 0.1ms
[2022-05-02T00:01:27.278+0000][161][gc,phases   ] GC(42)   Merge Heap Roots: 0.2ms
[2022-05-02T00:01:27.279+0000][161][gc,phases   ] GC(42)   Evacuate Collection Set: 2.5ms
[2022-05-02T00:01:27.280+0000][161][gc,phases   ] GC(42)   Post Evacuate Collection Set: 0.9ms
[2022-05-02T00:01:27.280+0000][161][gc,phases   ] GC(42)   Other: 15.4ms
[2022-05-02T00:01:27.281+0000][161][gc,heap     ] GC(42) Eden regions: 75->0(75)
[2022-05-02T00:01:27.281+0000][161][gc,heap     ] GC(42) Survivor regions: 1->1(10)
[2022-05-02T00:01:27.282+0000][161][gc,heap     ] GC(42) Old regions: 22->22
[2022-05-02T00:01:27.282+0000][161][gc,heap     ] GC(42) Archive regions: 2->2
[2022-05-02T00:01:27.283+0000][161][gc,heap     ] GC(42) Humongous regions: 6->6
[2022-05-02T00:01:27.283+0000][161][gc,metaspace] GC(42) Metaspace: 116714K(118592K)->116714K(118592K) NonClass: 101135K(102272K)->101135K(102272K) Class: 15579K(16320K)->15579K(16320K)
[2022-05-02T00:01:27.284+0000][161][gc          ] GC(42) Pause Young (Normal) (G1 Evacuation Pause) 418M->117M(512M) 25.371ms
[2022-05-02T00:01:27.285+0000][161][gc,cpu      ] GC(42) User=0.01s Sys=0.00s Real=0.02s
[2022-05-02T00:01:27.285+0000][161][safepoint   ] Safepoint "G1CollectForAllocation", Time since last: 9050970212 ns, Reaching safepoint: 39792 ns, At safepoint: 26803458 ns, Total: 26843250 ns
[2022-05-02T00:01:46.322+0000][161][safepoint   ] Safepoint "Cleanup", Time since last: 19036555468 ns, Reaching safepoint: 395666 ns, At safepoint: 20250 ns, Total: 415916 ns
[2022-05-02T00:01:48.340+0000][161][safepoint   ] Safepoint "Cleanup", Time since last: 2012409251 ns, Reaching safepoint: 5109709 ns, At safepoint: 82958 ns, Total: 5192667 ns
[2022-05-02T00:01:49.349+0000][161][safepoint   ] Safepoint "Cleanup", Time since last: 1008883834 ns, Reaching safepoint: 451833 ns, At safepoint: 11458 ns, Total: 463291 ns
[2022-05-02T00:01:51.361+0000][161][safepoint   ] Safepoint "Cleanup", Time since last: 2010037042 ns, Reaching safepoint: 82125 ns, At safepoint: 10417 ns, Total: 92542 ns
[2022-05-02T00:01:52.363+0000][161][safepoint   ] Safepoint "Cleanup", Time since last: 1001085959 ns, Reaching safepoint: 150541 ns, At safepoint: 4250 ns, Total: 154791 ns
[2022-05-02T00:01:54.368+0000][161][safepoint   ] Safepoint "Cleanup", Time since last: 2005686918 ns, Reaching safepoint: 48083 ns, At safepoint: 2750 ns, Total: 50833 ns
[2022-05-02T00:01:57.376+0000][161][safepoint   ] Safepoint "Cleanup", Time since last: 3007435877 ns, Reaching safepoint: 209875 ns, At safepoint: 8958 ns, Total: 218833 ns
[2022-05-02T00:02:01.384+0000][161][safepoint   ] Safepoint "Cleanup", Time since last: 4008008544 ns, Reaching safepoint: 311083 ns, At safepoint: 20458 ns, Total: 331541 ns
[2022-05-02T00:02:06.394+0000][161][safepoint   ] Safepoint "Cleanup", Time since last: 5009004044 ns, Reaching safepoint: 207500 ns, At safepoint: 25625 ns, Total: 233125 ns
[2022-05-02T00:02:10.399+0000][161][safepoint   ] Safepoint "Cleanup", Time since last: 4005716710 ns, Reaching safepoint: 170375 ns, At safepoint: 6834 ns, Total: 177209 ns
[2022-05-02T00:02:15.416+0000][161][safepoint   ] Safepoint "Cleanup", Time since last: 5016238586 ns, Reaching safepoint: 214041 ns, At safepoint: 10959 ns, Total: 225000 ns
[2022-05-02T00:02:18.425+0000][161][safepoint   ] Safepoint "Cleanup", Time since last: 3009330168 ns, Reaching safepoint: 158416 ns, At safepoint: 6000 ns, Total: 164416 ns
[2022-05-02T00:02:23.432+0000][161][safepoint   ] Safepoint "Cleanup", Time since last: 5007610085 ns, Reaching safepoint: 501584 ns, At safepoint: 17000 ns, Total: 518584 ns
[2022-05-02T00:02:28.035+0000][161][gc,start    ] GC(43) Pause Young (Normal) (G1 Evacuation Pause)
[2022-05-02T00:02:28.036+0000][161][gc,task     ] GC(43) Using 5 workers of 5 for evacuation
[2022-05-02T00:02:28.037+0000][161][gc,age      ] GC(43) Desired survivor size 20971520 bytes, new threshold 15 (max threshold 15)
[2022-05-02T00:02:28.040+0000][161][gc,age      ] GC(43) Age table with threshold 15 (max threshold 15)
[2022-05-02T00:02:28.041+0000][161][gc,age      ] GC(43) - age   1:     862544 bytes,     862544 total
[2022-05-02T00:02:28.042+0000][161][gc,age      ] GC(43) - age   2:      14432 bytes,     876976 total
[2022-05-02T00:02:28.042+0000][161][gc,age      ] GC(43) - age   3:      43920 bytes,     920896 total
[2022-05-02T00:02:28.043+0000][161][gc,age      ] GC(43) - age   4:       6544 bytes,     927440 total
[2022-05-02T00:02:28.044+0000][161][gc,age      ] GC(43) - age   5:       3288 bytes,     930728 total
[2022-05-02T00:02:28.045+0000][161][gc,age      ] GC(43) - age   6:      78648 bytes,    1009376 total
[2022-05-02T00:02:28.045+0000][161][gc,age      ] GC(43) - age   7:     146584 bytes,    1155960 total
[2022-05-02T00:02:28.046+0000][161][gc,age      ] GC(43) - age   8:       2752 bytes,    1158712 total
[2022-05-02T00:02:28.046+0000][161][gc,age      ] GC(43) - age   9:      23056 bytes,    1181768 total
[2022-05-02T00:02:28.047+0000][161][gc,age      ] GC(43) - age  10:       3232 bytes,    1185000 total
[2022-05-02T00:02:28.047+0000][161][gc,age      ] GC(43) - age  11:       5704 bytes,    1190704 total
[2022-05-02T00:02:28.048+0000][161][gc,age      ] GC(43) - age  12:       8960 bytes,    1199664 total
[2022-05-02T00:02:28.048+0000][161][gc,age      ] GC(43) - age  13:      30280 bytes,    1229944 total
[2022-05-02T00:02:28.049+0000][161][gc,age      ] GC(43) - age  14:     168048 bytes,    1397992 total
[2022-05-02T00:02:28.050+0000][161][gc,age      ] GC(43) - age  15:       2688 bytes,    1400680 total
[2022-05-02T00:02:28.050+0000][161][gc,phases   ] GC(43)   Pre Evacuate Collection Set: 0.1ms
[2022-05-02T00:02:28.051+0000][161][gc,phases   ] GC(43)   Merge Heap Roots: 0.0ms
[2022-05-02T00:02:28.051+0000][161][gc,phases   ] GC(43)   Evacuate Collection Set: 1.4ms
[2022-05-02T00:02:28.052+0000][161][gc,phases   ] GC(43)   Post Evacuate Collection Set: 0.8ms
[2022-05-02T00:02:28.053+0000][161][gc,phases   ] GC(43)   Other: 12.7ms
[2022-05-02T00:02:28.053+0000][161][gc,heap     ] GC(43) Eden regions: 75->0(75)
[2022-05-02T00:02:28.054+0000][161][gc,heap     ] GC(43) Survivor regions: 1->1(10)
[2022-05-02T00:02:28.055+0000][161][gc,heap     ] GC(43) Old regions: 22->22
[2022-05-02T00:02:28.055+0000][161][gc,heap     ] GC(43) Archive regions: 2->2
[2022-05-02T00:02:28.056+0000][161][gc,heap     ] GC(43) Humongous regions: 6->6
[2022-05-02T00:02:28.056+0000][161][gc,metaspace] GC(43) Metaspace: 116721K(118592K)->116721K(118592K) NonClass: 101141K(102272K)->101141K(102272K) Class: 15580K(16320K)->15580K(16320K)
[2022-05-02T00:02:28.057+0000][161][gc          ] GC(43) Pause Young (Normal) (G1 Evacuation Pause) 417M->117M(512M) 21.700ms
[2022-05-02T00:02:28.057+0000][161][gc,cpu      ] GC(43) User=0.01s Sys=0.00s Real=0.03s
[2022-05-02T00:02:28.058+0000][161][safepoint   ] Safepoint "G1CollectForAllocation", Time since last: 4603263502 ns, Reaching safepoint: 207042 ns, At safepoint: 22869041 ns, Total: 23076083 ns
[2022-05-02T00:02:30.063+0000][161][safepoint   ] Safepoint "Cleanup", Time since last: 2004101293 ns, Reaching safepoint: 452625 ns, At safepoint: 107917 ns, Total: 560542 ns
[2022-05-02T00:02:31.066+0000][161][safepoint   ] Safepoint "Cleanup", Time since last: 1002689458 ns, Reaching safepoint: 206959 ns, At safepoint: 10000 ns, Total: 216959 ns
[2022-05-02T00:02:34.073+0000][161][safepoint   ] Safepoint "Cleanup", Time since last: 3006705043 ns, Reaching safepoint: 353625 ns, At safepoint: 9333 ns, Total: 362958 ns
[2022-05-02T00:02:40.081+0000][161][safepoint   ] Safepoint "Cleanup", Time since last: 6008044711 ns, Reaching safepoint: 426667 ns, At safepoint: 28500 ns, Total: 455167 ns
[2022-05-02T00:02:42.083+0000][161][safepoint   ] Safepoint "Cleanup", Time since last: 2001354543 ns, Reaching safepoint: 51916 ns, At safepoint: 2334 ns, Total: 54250 ns
[2022-05-02T00:02:48.091+0000][161][safepoint   ] Safepoint "Cleanup", Time since last: 6008264294 ns, Reaching safepoint: 275000 ns, At safepoint: 9125 ns, Total: 284125 ns
[2022-05-02T00:02:52.098+0000][161][safepoint   ] Safepoint "Cleanup", Time since last: 4006835960 ns, Reaching safepoint: 216250 ns, At safepoint: 4667 ns, Total: 220917 ns
[2022-05-02T00:02:55.104+0000][161][safepoint   ] Safepoint "Cleanup", Time since last: 3005283751 ns, Reaching safepoint: 263334 ns, At safepoint: 15791 ns, Total: 279125 ns
[2022-05-02T00:02:56.125+0000][161][safepoint   ] Safepoint "Cleanup", Time since last: 1020485501 ns, Reaching safepoint: 489541 ns, At safepoint: 13875 ns, Total: 503416 ns
[2022-05-02T00:02:57.133+0000][161][safepoint   ] Safepoint "Cleanup", Time since last: 1008196709 ns, Reaching safepoint: 267500 ns, At safepoint: 13208 ns, Total: 280708 ns
[2022-05-02T00:03:01.140+0000][161][safepoint   ] Safepoint "Cleanup", Time since last: 4007331086 ns, Reaching safepoint: 96083 ns, At safepoint: 3500 ns, Total: 99583 ns
[2022-05-02T00:03:03.143+0000][161][safepoint   ] Safepoint "Cleanup", Time since last: 2002807334 ns, Reaching safepoint: 41834 ns, At safepoint: 2125 ns, Total: 43959 ns
[2022-05-02T00:03:10.150+0000][161][safepoint   ] Safepoint "Cleanup", Time since last: 7006938128 ns, Reaching safepoint: 197875 ns, At safepoint: 4292 ns, Total: 202167 ns
[2022-05-02T00:03:15.163+0000][161][safepoint   ] Safepoint "Cleanup", Time since last: 5012744877 ns, Reaching safepoint: 58375 ns, At safepoint: 1708 ns, Total: 60083 ns
[2022-05-02T00:03:16.165+0000][161][safepoint   ] Safepoint "Cleanup", Time since last: 1001496626 ns, Reaching safepoint: 632125 ns, At safepoint: 9000 ns, Total: 641125 ns
[2022-05-02T00:03:19.170+0000][161][safepoint   ] Safepoint "Cleanup", Time since last: 3004373918 ns, Reaching safepoint: 148167 ns, At safepoint: 6541 ns, Total: 154708 ns
[2022-05-02T00:03:27.417+0000][161][gc,start    ] GC(44) Pause Young (Normal) (G1 Evacuation Pause)
[2022-05-02T00:03:27.419+0000][161][gc,task     ] GC(44) Using 5 workers of 5 for evacuation
[2022-05-02T00:03:27.419+0000][161][gc,age      ] GC(44) Desired survivor size 20971520 bytes, new threshold 15 (max threshold 15)
[2022-05-02T00:03:27.424+0000][161][gc,age      ] GC(44) Age table with threshold 15 (max threshold 15)
[2022-05-02T00:03:27.425+0000][161][gc,age      ] GC(44) - age   1:    1764440 bytes,    1764440 total
[2022-05-02T00:03:27.426+0000][161][gc,age      ] GC(44) - age   2:       4032 bytes,    1768472 total
[2022-05-02T00:03:27.428+0000][161][gc,age      ] GC(44) - age   3:      12480 bytes,    1780952 total
[2022-05-02T00:03:27.428+0000][161][gc,age      ] GC(44) - age   4:      43472 bytes,    1824424 total
[2022-05-02T00:03:27.429+0000][161][gc,age      ] GC(44) - age   5:       6448 bytes,    1830872 total
[2022-05-02T00:03:27.431+0000][161][gc,age      ] GC(44) - age   6:       3288 bytes,    1834160 total
[2022-05-02T00:03:27.432+0000][161][gc,age      ] GC(44) - age   7:      78648 bytes,    1912808 total
[2022-05-02T00:03:27.433+0000][161][gc,age      ] GC(44) - age   8:     115184 bytes,    2027992 total
[2022-05-02T00:03:27.435+0000][161][gc,age      ] GC(44) - age   9:       2752 bytes,    2030744 total
[2022-05-02T00:03:27.436+0000][161][gc,age      ] GC(44) - age  10:      23056 bytes,    2053800 total
[2022-05-02T00:03:27.437+0000][161][gc,age      ] GC(44) - age  11:       3232 bytes,    2057032 total
[2022-05-02T00:03:27.438+0000][161][gc,age      ] GC(44) - age  12:       5704 bytes,    2062736 total
[2022-05-02T00:03:27.439+0000][161][gc,age      ] GC(44) - age  13:       8960 bytes,    2071696 total
[2022-05-02T00:03:27.439+0000][161][gc,age      ] GC(44) - age  14:      30280 bytes,    2101976 total
[2022-05-02T00:03:27.440+0000][161][gc,age      ] GC(44) - age  15:     168048 bytes,    2270024 total
[2022-05-02T00:03:27.441+0000][161][gc,phases   ] GC(44)   Pre Evacuate Collection Set: 0.1ms
[2022-05-02T00:03:27.442+0000][161][gc,phases   ] GC(44)   Merge Heap Roots: 0.0ms
[2022-05-02T00:03:27.445+0000][161][gc,phases   ] GC(44)   Evacuate Collection Set: 3.0ms
[2022-05-02T00:03:27.446+0000][161][gc,phases   ] GC(44)   Post Evacuate Collection Set: 0.8ms
[2022-05-02T00:03:27.448+0000][161][gc,phases   ] GC(44)   Other: 20.3ms
[2022-05-02T00:03:27.449+0000][161][gc,heap     ] GC(44) Eden regions: 75->0(75)
[2022-05-02T00:03:27.449+0000][161][gc,heap     ] GC(44) Survivor regions: 1->1(10)
[2022-05-02T00:03:27.450+0000][161][gc,heap     ] GC(44) Old regions: 22->22
[2022-05-02T00:03:27.451+0000][161][gc,heap     ] GC(44) Archive regions: 2->2
[2022-05-02T00:03:27.452+0000][161][gc,heap     ] GC(44) Humongous regions: 6->6
[2022-05-02T00:03:27.454+0000][161][gc,metaspace] GC(44) Metaspace: 116757K(118656K)->116757K(118656K) NonClass: 101177K(102336K)->101177K(102336K) Class: 15580K(16320K)->15580K(16320K)
[2022-05-02T00:03:27.456+0000][161][gc          ] GC(44) Pause Young (Normal) (G1 Evacuation Pause) 417M->117M(512M) 38.338ms
[2022-05-02T00:03:27.457+0000][161][gc,cpu      ] GC(44) User=0.01s Sys=0.00s Real=0.04s
[2022-05-02T00:03:27.459+0000][161][safepoint   ] Safepoint "G1CollectForAllocation", Time since last: 8246183671 ns, Reaching safepoint: 210625 ns, At safepoint: 42073250 ns, Total: 42283875 ns
[2022-05-02T00:03:33.471+0000][161][safepoint   ] Safepoint "Cleanup", Time since last: 6011839877 ns, Reaching safepoint: 127542 ns, At safepoint: 4583 ns, Total: 132125 ns
[2022-05-02T00:03:39.486+0000][161][safepoint   ] Safepoint "Cleanup", Time since last: 6014196212 ns, Reaching safepoint: 142000 ns, At safepoint: 6416 ns, Total: 148416 ns
[2022-05-02T00:03:42.492+0000][161][safepoint   ] Safepoint "Cleanup", Time since last: 3006037668 ns, Reaching safepoint: 81792 ns, At safepoint: 2208 ns, Total: 84000 ns
[2022-05-02T00:03:44.494+0000][161][safepoint   ] Safepoint "Cleanup", Time since last: 2001811460 ns, Reaching safepoint: 539666 ns, At safepoint: 8209 ns, Total: 547875 ns
[2022-05-02T00:03:48.500+0000][161][safepoint   ] Safepoint "Cleanup", Time since last: 4006099293 ns, Reaching safepoint: 292459 ns, At safepoint: 7416 ns, Total: 299875 ns
[2022-05-02T00:03:52.511+0000][161][safepoint   ] Safepoint "Cleanup", Time since last: 4012363585 ns, Reaching safepoint: 143167 ns, At safepoint: 20667 ns, Total: 163834 ns
[2022-05-02T00:04:00.533+0000][161][safepoint   ] Safepoint "Cleanup", Time since last: 8021072920 ns, Reaching safepoint: 204042 ns, At safepoint: 6166 ns, Total: 210208 ns
[2022-05-02T00:04:03.539+0000][161][safepoint   ] Safepoint "Cleanup", Time since last: 3006027502 ns, Reaching safepoint: 79167 ns, At safepoint: 2708 ns, Total: 81875 ns
[2022-05-02T00:04:06.541+0000][161][safepoint   ] Safepoint "Cleanup", Time since last: 3002411126 ns, Reaching safepoint: 96625 ns, At safepoint: 4250 ns, Total: 100875 ns
[2022-05-02T00:04:09.546+0000][161][safepoint   ] Safepoint "Cleanup", Time since last: 3004899293 ns, Reaching safepoint: 187084 ns, At safepoint: 4958 ns, Total: 192042 ns
[2022-05-02T00:04:10.549+0000][161][safepoint   ] Safepoint "Cleanup", Time since last: 1002543417 ns, Reaching safepoint: 64709 ns, At safepoint: 2208 ns, Total: 66917 ns
[2022-05-02T00:04:13.558+0000][161][safepoint   ] Safepoint "Cleanup", Time since last: 3008309418 ns, Reaching safepoint: 821333 ns, At safepoint: 14334 ns, Total: 835667 ns
[2022-05-02T00:04:15.568+0000][161][safepoint   ] Safepoint "Cleanup", Time since last: 2010132876 ns, Reaching safepoint: 97833 ns, At safepoint: 3625 ns, Total: 101458 ns
[2022-05-02T00:04:18.574+0000][161][safepoint   ] Safepoint "Cleanup", Time since last: 3005374876 ns, Reaching safepoint: 133584 ns, At safepoint: 3250 ns, Total: 136834 ns
[2022-05-02T00:04:21.583+0000][161][safepoint   ] Safepoint "Cleanup", Time since last: 3007853334 ns, Reaching safepoint: 93625 ns, At safepoint: 6000 ns, Total: 99625 ns
[2022-05-02T00:04:30.597+0000][161][safepoint   ] Safepoint "Cleanup", Time since last: 9013929546 ns, Reaching safepoint: 263667 ns, At safepoint: 5416 ns, Total: 269083 ns
[2022-05-02T00:04:31.477+0000][161][gc,start    ] GC(45) Pause Young (Normal) (G1 Evacuation Pause)
[2022-05-02T00:04:31.478+0000][161][gc,task     ] GC(45) Using 5 workers of 5 for evacuation
[2022-05-02T00:04:31.480+0000][161][gc,age      ] GC(45) Desired survivor size 20971520 bytes, new threshold 15 (max threshold 15)
[2022-05-02T00:04:31.484+0000][161][gc,age      ] GC(45) Age table with threshold 15 (max threshold 15)
[2022-05-02T00:04:31.485+0000][161][gc,age      ] GC(45) - age   1:    1446552 bytes,    1446552 total
[2022-05-02T00:04:31.487+0000][161][gc,age      ] GC(45) - age   2:       6448 bytes,    1453000 total
[2022-05-02T00:04:31.488+0000][161][gc,age      ] GC(45) - age   3:       2632 bytes,    1455632 total
[2022-05-02T00:04:31.489+0000][161][gc,age      ] GC(45) - age   4:      11712 bytes,    1467344 total
[2022-05-02T00:04:31.489+0000][161][gc,age      ] GC(45) - age   5:      43296 bytes,    1510640 total
[2022-05-02T00:04:31.490+0000][161][gc,age      ] GC(45) - age   6:       6336 bytes,    1516976 total
[2022-05-02T00:04:31.491+0000][161][gc,age      ] GC(45) - age   7:       3288 bytes,    1520264 total
[2022-05-02T00:04:31.492+0000][161][gc,age      ] GC(45) - age   8:      43456 bytes,    1563720 total
[2022-05-02T00:04:31.493+0000][161][gc,age      ] GC(45) - age   9:     115184 bytes,    1678904 total
[2022-05-02T00:04:31.493+0000][161][gc,age      ] GC(45) - age  10:       2752 bytes,    1681656 total
[2022-05-02T00:04:31.494+0000][161][gc,age      ] GC(45) - age  11:      23056 bytes,    1704712 total
[2022-05-02T00:04:31.495+0000][161][gc,age      ] GC(45) - age  12:       3232 bytes,    1707944 total
[2022-05-02T00:04:31.496+0000][161][gc,age      ] GC(45) - age  13:       5704 bytes,    1713648 total
[2022-05-02T00:04:31.496+0000][161][gc,age      ] GC(45) - age  14:       8960 bytes,    1722608 total
[2022-05-02T00:04:31.497+0000][161][gc,age      ] GC(45) - age  15:      30280 bytes,    1752888 total
[2022-05-02T00:04:31.498+0000][161][gc,phases   ] GC(45)   Pre Evacuate Collection Set: 0.1ms
[2022-05-02T00:04:31.498+0000][161][gc,phases   ] GC(45)   Merge Heap Roots: 0.2ms
[2022-05-02T00:04:31.499+0000][161][gc,phases   ] GC(45)   Evacuate Collection Set: 1.8ms
[2022-05-02T00:04:31.500+0000][161][gc,phases   ] GC(45)   Post Evacuate Collection Set: 1.4ms
[2022-05-02T00:04:31.501+0000][161][gc,phases   ] GC(45)   Other: 17.0ms
[2022-05-02T00:04:31.501+0000][161][gc,heap     ] GC(45) Eden regions: 75->0(75)
[2022-05-02T00:04:31.503+0000][161][gc,heap     ] GC(45) Survivor regions: 1->1(10)
[2022-05-02T00:04:31.504+0000][161][gc,heap     ] GC(45) Old regions: 22->22
[2022-05-02T00:04:31.504+0000][161][gc,heap     ] GC(45) Archive regions: 2->2
[2022-05-02T00:04:31.505+0000][161][gc,heap     ] GC(45) Humongous regions: 6->6
[2022-05-02T00:04:31.506+0000][161][gc,metaspace] GC(45) Metaspace: 116783K(118656K)->116783K(118656K) NonClass: 101202K(102336K)->101202K(102336K) Class: 15580K(16320K)->15580K(16320K)
[2022-05-02T00:04:31.507+0000][161][gc          ] GC(45) Pause Young (Normal) (G1 Evacuation Pause) 417M->117M(512M) 30.126ms
[2022-05-02T00:04:31.508+0000][161][gc,cpu      ] GC(45) User=0.02s Sys=0.00s Real=0.03s
[2022-05-02T00:04:31.509+0000][161][safepoint   ] Safepoint "G1CollectForAllocation", Time since last: 879856668 ns, Reaching safepoint: 231875 ns, At safepoint: 32242208 ns, Total: 32474083 ns
[2022-05-02T00:04:33.515+0000][161][safepoint   ] Safepoint "Cleanup", Time since last: 2004859501 ns, Reaching safepoint: 491667 ns, At safepoint: 16666 ns, Total: 508333 ns
[2022-05-02T00:04:42.541+0000][161][safepoint   ] Safepoint "Cleanup", Time since last: 9026495421 ns, Reaching safepoint: 170167 ns, At safepoint: 32000 ns, Total: 202167 ns
[2022-05-02T00:04:48.550+0000][161][safepoint   ] Safepoint "Cleanup", Time since last: 6008278419 ns, Reaching safepoint: 105042 ns, At safepoint: 5333 ns, Total: 110375 ns
[2022-05-02T00:05:10.596+0000][161][safepoint   ] Safepoint "Cleanup", Time since last: 22041127760 ns, Reaching safepoint: 54667 ns, At safepoint: 2208 ns, Total: 56875 ns
[2022-05-02T00:05:11.599+0000][161][safepoint   ] Safepoint "Cleanup", Time since last: 1002798792 ns, Reaching safepoint: 117917 ns, At safepoint: 7708 ns, Total: 125625 ns
[2022-05-02T00:05:21.599+0000][161][safepoint   ] Safepoint "Cleanup", Time since last: 10011290921 ns, Reaching safepoint: 84959 ns, At safepoint: 4541 ns, Total: 89500 ns
[2022-05-02T00:05:39.124+0000][161][gc,start    ] GC(46) Pause Young (Normal) (G1 Evacuation Pause)
[2022-05-02T00:05:39.126+0000][161][gc,task     ] GC(46) Using 5 workers of 5 for evacuation
[2022-05-02T00:05:39.128+0000][161][gc,age      ] GC(46) Desired survivor size 20971520 bytes, new threshold 15 (max threshold 15)
[2022-05-02T00:05:39.134+0000][161][gc,age      ] GC(46) Age table with threshold 15 (max threshold 15)
[2022-05-02T00:05:39.135+0000][161][gc,age      ] GC(46) - age   1:     969048 bytes,     969048 total
[2022-05-02T00:05:39.136+0000][161][gc,age      ] GC(46) - age   2:      78376 bytes,    1047424 total
[2022-05-02T00:05:39.137+0000][161][gc,age      ] GC(46) - age   3:       3696 bytes,    1051120 total
[2022-05-02T00:05:39.138+0000][161][gc,age      ] GC(46) - age   4:       2568 bytes,    1053688 total
[2022-05-02T00:05:39.140+0000][161][gc,age      ] GC(46) - age   5:      11648 bytes,    1065336 total
[2022-05-02T00:05:39.141+0000][161][gc,age      ] GC(46) - age   6:      43296 bytes,    1108632 total
[2022-05-02T00:05:39.142+0000][161][gc,age      ] GC(46) - age   7:       6336 bytes,    1114968 total
[2022-05-02T00:05:39.143+0000][161][gc,age      ] GC(46) - age   8:       3288 bytes,    1118256 total
[2022-05-02T00:05:39.144+0000][161][gc,age      ] GC(46) - age   9:      43456 bytes,    1161712 total
[2022-05-02T00:05:39.146+0000][161][gc,age      ] GC(46) - age  10:     115184 bytes,    1276896 total
[2022-05-02T00:05:39.147+0000][161][gc,age      ] GC(46) - age  11:       2552 bytes,    1279448 total
[2022-05-02T00:05:39.148+0000][161][gc,age      ] GC(46) - age  12:      23056 bytes,    1302504 total
[2022-05-02T00:05:39.149+0000][161][gc,age      ] GC(46) - age  13:       3232 bytes,    1305736 total
[2022-05-02T00:05:39.150+0000][161][gc,age      ] GC(46) - age  14:       5704 bytes,    1311440 total
[2022-05-02T00:05:39.151+0000][161][gc,age      ] GC(46) - age  15:       8960 bytes,    1320400 total
[2022-05-02T00:05:39.152+0000][161][gc,phases   ] GC(46)   Pre Evacuate Collection Set: 0.2ms
[2022-05-02T00:05:39.153+0000][161][gc,phases   ] GC(46)   Merge Heap Roots: 0.1ms
[2022-05-02T00:05:39.154+0000][161][gc,phases   ] GC(46)   Evacuate Collection Set: 2.7ms
[2022-05-02T00:05:39.155+0000][161][gc,phases   ] GC(46)   Post Evacuate Collection Set: 1.9ms
[2022-05-02T00:05:39.155+0000][161][gc,phases   ] GC(46)   Other: 23.1ms
[2022-05-02T00:05:39.156+0000][161][gc,heap     ] GC(46) Eden regions: 75->0(75)
[2022-05-02T00:05:39.157+0000][161][gc,heap     ] GC(46) Survivor regions: 1->1(10)
[2022-05-02T00:05:39.158+0000][161][gc,heap     ] GC(46) Old regions: 22->22
[2022-05-02T00:05:39.159+0000][161][gc,heap     ] GC(46) Archive regions: 2->2
[2022-05-02T00:05:39.160+0000][161][gc,heap     ] GC(46) Humongous regions: 6->6
[2022-05-02T00:05:39.161+0000][161][gc,metaspace] GC(46) Metaspace: 116812K(118720K)->116812K(118720K) NonClass: 101231K(102400K)->101231K(102400K) Class: 15580K(16320K)->15580K(16320K)
[2022-05-02T00:05:39.161+0000][161][gc          ] GC(46) Pause Young (Normal) (G1 Evacuation Pause) 417M->117M(512M) 37.099ms
[2022-05-02T00:05:39.162+0000][161][gc,cpu      ] GC(46) User=0.01s Sys=0.01s Real=0.04s
[2022-05-02T00:05:39.163+0000][161][safepoint   ] Safepoint "G1CollectForAllocation", Time since last: 17524723884 ns, Reaching safepoint: 116500 ns, At safepoint: 38944417 ns, Total: 39060917 ns
[2022-05-02T00:05:42.169+0000][161][safepoint   ] Safepoint "Cleanup", Time since last: 3006103793 ns, Reaching safepoint: 53791 ns, At safepoint: 1875 ns, Total: 55666 ns
[2022-05-02T00:05:45.174+0000][161][safepoint   ] Safepoint "Cleanup", Time since last: 3004902085 ns, Reaching safepoint: 120500 ns, At safepoint: 5417 ns, Total: 125917 ns
[2022-05-02T00:05:47.185+0000][161][safepoint   ] Safepoint "Cleanup", Time since last: 2010410626 ns, Reaching safepoint: 355708 ns, At safepoint: 13792 ns, Total: 369500 ns
[2022-05-02T00:05:48.192+0000][161][safepoint   ] Safepoint "Cleanup", Time since last: 1006674625 ns, Reaching safepoint: 302417 ns, At safepoint: 7833 ns, Total: 310250 ns
[2022-05-02T00:05:54.210+0000][161][safepoint   ] Safepoint "Cleanup", Time since last: 6009451585 ns, Reaching safepoint: 128709 ns, At safepoint: 4166 ns, Total: 132875 ns
[2022-05-02T00:06:06.237+0000][161][safepoint   ] Safepoint "Cleanup", Time since last: 12026566839 ns, Reaching safepoint: 581292 ns, At safepoint: 14208 ns, Total: 595500 ns
[2022-05-02T00:06:11.253+0000][161][safepoint   ] Safepoint "Cleanup", Time since last: 5015874545 ns, Reaching safepoint: 138125 ns, At safepoint: 6375 ns, Total: 144500 ns
[2022-05-02T00:06:22.268+0000][161][safepoint   ] Safepoint "Cleanup", Time since last: 11017471921 ns, Reaching safepoint: 276333 ns, At safepoint: 11208 ns, Total: 287541 ns
[2022-05-02T00:06:28.290+0000][161][safepoint   ] Safepoint "Cleanup", Time since last: 6021594753 ns, Reaching safepoint: 620792 ns, At safepoint: 30375 ns, Total: 651167 ns
[2022-05-02T00:06:33.308+0000][161][safepoint   ] Safepoint "Cleanup", Time since last: 5017518211 ns, Reaching safepoint: 130916 ns, At safepoint: 3792 ns, Total: 134708 ns
[2022-05-02T00:06:39.506+0000][161][gc,start    ] GC(47) Pause Young (Normal) (G1 Evacuation Pause)
[2022-05-02T00:06:39.508+0000][161][gc,task     ] GC(47) Using 5 workers of 5 for evacuation
[2022-05-02T00:06:39.509+0000][161][gc,age      ] GC(47) Desired survivor size 20971520 bytes, new threshold 15 (max threshold 15)
[2022-05-02T00:06:39.512+0000][161][gc,age      ] GC(47) Age table with threshold 15 (max threshold 15)
[2022-05-02T00:06:39.513+0000][161][gc,age      ] GC(47) - age   1:    2035240 bytes,    2035240 total
[2022-05-02T00:06:39.514+0000][161][gc,age      ] GC(47) - age   2:       2528 bytes,    2037768 total
[2022-05-02T00:06:39.515+0000][161][gc,age      ] GC(47) - age   3:      76896 bytes,    2114664 total
[2022-05-02T00:06:39.515+0000][161][gc,age      ] GC(47) - age   4:       3376 bytes,    2118040 total
[2022-05-02T00:06:39.516+0000][161][gc,age      ] GC(47) - age   5:       2568 bytes,    2120608 total
[2022-05-02T00:06:39.516+0000][161][gc,age      ] GC(47) - age   6:      11600 bytes,    2132208 total
[2022-05-02T00:06:39.518+0000][161][gc,age      ] GC(47) - age   7:      43296 bytes,    2175504 total
[2022-05-02T00:06:39.518+0000][161][gc,age      ] GC(47) - age   8:       6336 bytes,    2181840 total
[2022-05-02T00:06:39.519+0000][161][gc,age      ] GC(47) - age   9:       3288 bytes,    2185128 total
[2022-05-02T00:06:39.520+0000][161][gc,age      ] GC(47) - age  10:      43456 bytes,    2228584 total
[2022-05-02T00:06:39.520+0000][161][gc,age      ] GC(47) - age  11:     115184 bytes,    2343768 total
[2022-05-02T00:06:39.521+0000][161][gc,age      ] GC(47) - age  12:       2552 bytes,    2346320 total
[2022-05-02T00:06:39.522+0000][161][gc,age      ] GC(47) - age  13:      23056 bytes,    2369376 total
[2022-05-02T00:06:39.522+0000][161][gc,age      ] GC(47) - age  14:       3232 bytes,    2372608 total
[2022-05-02T00:06:39.523+0000][161][gc,age      ] GC(47) - age  15:       5704 bytes,    2378312 total
[2022-05-02T00:06:39.524+0000][161][gc,phases   ] GC(47)   Pre Evacuate Collection Set: 0.2ms
[2022-05-02T00:06:39.524+0000][161][gc,phases   ] GC(47)   Merge Heap Roots: 0.1ms
[2022-05-02T00:06:39.525+0000][161][gc,phases   ] GC(47)   Evacuate Collection Set: 1.4ms
[2022-05-02T00:06:39.525+0000][161][gc,phases   ] GC(47)   Post Evacuate Collection Set: 0.9ms
[2022-05-02T00:06:39.526+0000][161][gc,phases   ] GC(47)   Other: 14.8ms
[2022-05-02T00:06:39.527+0000][161][gc,heap     ] GC(47) Eden regions: 75->0(75)
[2022-05-02T00:06:39.527+0000][161][gc,heap     ] GC(47) Survivor regions: 1->1(10)
[2022-05-02T00:06:39.528+0000][161][gc,heap     ] GC(47) Old regions: 22->22
[2022-05-02T00:06:39.528+0000][161][gc,heap     ] GC(47) Archive regions: 2->2
[2022-05-02T00:06:39.530+0000][161][gc,heap     ] GC(47) Humongous regions: 6->6
[2022-05-02T00:06:39.530+0000][161][gc,metaspace] GC(47) Metaspace: 116844K(118720K)->116844K(118720K) NonClass: 101263K(102400K)->101263K(102400K) Class: 15581K(16320K)->15581K(16320K)
[2022-05-02T00:06:39.531+0000][161][gc          ] GC(47) Pause Young (Normal) (G1 Evacuation Pause) 417M->118M(512M) 24.641ms
[2022-05-02T00:06:39.532+0000][161][gc,cpu      ] GC(47) User=0.01s Sys=0.00s Real=0.02s
[2022-05-02T00:06:39.533+0000][161][safepoint   ] Safepoint "G1CollectForAllocation", Time since last: 6198611086 ns, Reaching safepoint: 78250 ns, At safepoint: 26150209 ns, Total: 26228459 ns
[2022-05-02T00:06:47.547+0000][161][safepoint   ] Safepoint "Cleanup", Time since last: 8014359212 ns, Reaching safepoint: 361500 ns, At safepoint: 8250 ns, Total: 369750 ns
[2022-05-02T00:06:54.565+0000][161][safepoint   ] Safepoint "Cleanup", Time since last: 7017815502 ns, Reaching safepoint: 243917 ns, At safepoint: 7458 ns, Total: 251375 ns
[2022-05-02T00:06:55.566+0000][161][safepoint   ] Safepoint "Cleanup", Time since last: 1000990334 ns, Reaching safepoint: 128750 ns, At safepoint: 5667 ns, Total: 134417 ns
[2022-05-02T00:07:06.587+0000][161][safepoint   ] Safepoint "Cleanup", Time since last: 11020563338 ns, Reaching safepoint: 78500 ns, At safepoint: 2917 ns, Total: 81417 ns
[2022-05-02T00:07:15.606+0000][161][safepoint   ] Safepoint "Cleanup", Time since last: 9018931463 ns, Reaching safepoint: 230375 ns, At safepoint: 21250 ns, Total: 251625 ns
[2022-05-02T00:07:16.608+0000][161][safepoint   ] Safepoint "Cleanup", Time since last: 1001466542 ns, Reaching safepoint: 83958 ns, At safepoint: 5208 ns, Total: 89166 ns
[2022-05-02T00:07:18.625+0000][161][safepoint   ] Safepoint "Cleanup", Time since last: 2017250710 ns, Reaching safepoint: 132000 ns, At safepoint: 5291 ns, Total: 137291 ns
[2022-05-02T00:07:42.262+0000][161][gc,start    ] GC(48) Pause Young (Normal) (G1 Evacuation Pause)
[2022-05-02T00:07:42.264+0000][161][gc,task     ] GC(48) Using 5 workers of 5 for evacuation
[2022-05-02T00:07:42.265+0000][161][gc,age      ] GC(48) Desired survivor size 20971520 bytes, new threshold 15 (max threshold 15)
[2022-05-02T00:07:42.268+0000][161][gc,age      ] GC(48) Age table with threshold 15 (max threshold 15)
[2022-05-02T00:07:42.269+0000][161][gc,age      ] GC(48) - age   1:    1465712 bytes,    1465712 total
[2022-05-02T00:07:42.271+0000][161][gc,age      ] GC(48) - age   2:      89744 bytes,    1555456 total
[2022-05-02T00:07:42.273+0000][161][gc,age      ] GC(48) - age   3:       1352 bytes,    1556808 total
[2022-05-02T00:07:42.275+0000][161][gc,age      ] GC(48) - age   4:      76392 bytes,    1633200 total
[2022-05-02T00:07:42.275+0000][161][gc,age      ] GC(48) - age   5:       3064 bytes,    1636264 total
[2022-05-02T00:07:42.276+0000][161][gc,age      ] GC(48) - age   6:       2568 bytes,    1638832 total
[2022-05-02T00:07:42.277+0000][161][gc,age      ] GC(48) - age   7:      11600 bytes,    1650432 total
[2022-05-02T00:07:42.278+0000][161][gc,age      ] GC(48) - age   8:      43296 bytes,    1693728 total
[2022-05-02T00:07:42.280+0000][161][gc,age      ] GC(48) - age   9:       6304 bytes,    1700032 total
[2022-05-02T00:07:42.281+0000][161][gc,age      ] GC(48) - age  10:       3288 bytes,    1703320 total
[2022-05-02T00:07:42.282+0000][161][gc,age      ] GC(48) - age  11:      43456 bytes,    1746776 total
[2022-05-02T00:07:42.283+0000][161][gc,age      ] GC(48) - age  12:     115184 bytes,    1861960 total
[2022-05-02T00:07:42.283+0000][161][gc,age      ] GC(48) - age  13:       2552 bytes,    1864512 total
[2022-05-02T00:07:42.284+0000][161][gc,age      ] GC(48) - age  14:      23056 bytes,    1887568 total
[2022-05-02T00:07:42.284+0000][161][gc,age      ] GC(48) - age  15:       3232 bytes,    1890800 total
[2022-05-02T00:07:42.285+0000][161][gc,phases   ] GC(48)   Pre Evacuate Collection Set: 0.1ms
[2022-05-02T00:07:42.286+0000][161][gc,phases   ] GC(48)   Merge Heap Roots: 0.1ms
[2022-05-02T00:07:42.286+0000][161][gc,phases   ] GC(48)   Evacuate Collection Set: 1.5ms
[2022-05-02T00:07:42.288+0000][161][gc,phases   ] GC(48)   Post Evacuate Collection Set: 1.3ms
[2022-05-02T00:07:42.289+0000][161][gc,phases   ] GC(48)   Other: 19.6ms
[2022-05-02T00:07:42.289+0000][161][gc,heap     ] GC(48) Eden regions: 75->0(75)
[2022-05-02T00:07:42.290+0000][161][gc,heap     ] GC(48) Survivor regions: 1->1(10)
[2022-05-02T00:07:42.291+0000][161][gc,heap     ] GC(48) Old regions: 22->22
[2022-05-02T00:07:42.291+0000][161][gc,heap     ] GC(48) Archive regions: 2->2
[2022-05-02T00:07:42.292+0000][161][gc,heap     ] GC(48) Humongous regions: 6->6
[2022-05-02T00:07:42.293+0000][161][gc,metaspace] GC(48) Metaspace: 116859K(118720K)->116859K(118720K) NonClass: 101278K(102400K)->101278K(102400K) Class: 15581K(16320K)->15581K(16320K)
[2022-05-02T00:07:42.293+0000][161][gc          ] GC(48) Pause Young (Normal) (G1 Evacuation Pause) 418M->117M(512M) 30.852ms
[2022-05-02T00:07:42.294+0000][161][gc,cpu      ] GC(48) User=0.02s Sys=0.01s Real=0.03s
[2022-05-02T00:07:42.295+0000][161][safepoint   ] Safepoint "G1CollectForAllocation", Time since last: 23637347761 ns, Reaching safepoint: 43708 ns, At safepoint: 32350750 ns, Total: 32394458 ns
[2022-05-02T00:08:05.340+0000][161][safepoint   ] Safepoint "Cleanup", Time since last: 23043208302 ns, Reaching safepoint: 435500 ns, At safepoint: 108834 ns, Total: 544334 ns
[2022-05-02T00:08:07.348+0000][161][safepoint   ] Safepoint "Cleanup", Time since last: 2007142292 ns, Reaching safepoint: 346459 ns, At safepoint: 9875 ns, Total: 356334 ns
[2022-05-02T00:08:09.353+0000][161][safepoint   ] Safepoint "Cleanup", Time since last: 2004261084 ns, Reaching safepoint: 967292 ns, At safepoint: 12708 ns, Total: 980000 ns
[2022-05-02T00:08:12.356+0000][161][safepoint   ] Safepoint "Cleanup", Time since last: 3002591126 ns, Reaching safepoint: 510209 ns, At safepoint: 13875 ns, Total: 524084 ns
[2022-05-02T00:08:18.372+0000][161][safepoint   ] Safepoint "Cleanup", Time since last: 6015599336 ns, Reaching safepoint: 247500 ns, At safepoint: 5083 ns, Total: 252583 ns
[2022-05-02T00:08:19.377+0000][161][safepoint   ] Safepoint "Cleanup", Time since last: 1004631042 ns, Reaching safepoint: 952917 ns, At safepoint: 14167 ns, Total: 967084 ns
[2022-05-02T00:08:20.383+0000][161][safepoint   ] Safepoint "Cleanup", Time since last: 1007331333 ns, Reaching safepoint: 71500 ns, At safepoint: 2042 ns, Total: 73542 ns
[2022-05-02T00:08:21.385+0000][161][safepoint   ] Safepoint "Cleanup", Time since last: 1001443250 ns, Reaching safepoint: 95625 ns, At safepoint: 2208 ns, Total: 97833 ns
[2022-05-02T00:08:22.386+0000][161][safepoint   ] Safepoint "Cleanup", Time since last: 1001524501 ns, Reaching safepoint: 80125 ns, At safepoint: 4125 ns, Total: 84250 ns
[2022-05-02T00:08:23.395+0000][161][safepoint   ] Safepoint "Cleanup", Time since last: 1008136042 ns, Reaching safepoint: 280875 ns, At safepoint: 14208 ns, Total: 295083 ns
[2022-05-02T00:08:38.439+0000][161][safepoint   ] Safepoint "Cleanup", Time since last: 15043319591 ns, Reaching safepoint: 777250 ns, At safepoint: 21500 ns, Total: 798750 ns
[2022-05-02T00:08:40.447+0000][161][safepoint   ] Safepoint "Cleanup", Time since last: 2008539667 ns, Reaching safepoint: 70375 ns, At safepoint: 3584 ns, Total: 73959 ns
[2022-05-02T00:08:41.450+0000][161][safepoint   ] Safepoint "Cleanup", Time since last: 1002391625 ns, Reaching safepoint: 372917 ns, At safepoint: 14208 ns, Total: 387125 ns
[2022-05-02T00:08:45.280+0000][161][gc,start    ] GC(49) Pause Young (Normal) (G1 Evacuation Pause)
[2022-05-02T00:08:45.280+0000][161][gc,task     ] GC(49) Using 5 workers of 5 for evacuation
[2022-05-02T00:08:45.281+0000][161][gc,age      ] GC(49) Desired survivor size 20971520 bytes, new threshold 15 (max threshold 15)
[2022-05-02T00:08:45.284+0000][161][gc,age      ] GC(49) Age table with threshold 15 (max threshold 15)
[2022-05-02T00:08:45.285+0000][161][gc,age      ] GC(49) - age   1:    1214472 bytes,    1214472 total
[2022-05-02T00:08:45.286+0000][161][gc,age      ] GC(49) - age   2:       3760 bytes,    1218232 total
[2022-05-02T00:08:45.287+0000][161][gc,age      ] GC(49) - age   3:      87928 bytes,    1306160 total
[2022-05-02T00:08:45.288+0000][161][gc,age      ] GC(49) - age   4:        728 bytes,    1306888 total
[2022-05-02T00:08:45.289+0000][161][gc,age      ] GC(49) - age   5:      75984 bytes,    1382872 total
[2022-05-02T00:08:45.290+0000][161][gc,age      ] GC(49) - age   6:       3064 bytes,    1385936 total
[2022-05-02T00:08:45.290+0000][161][gc,age      ] GC(49) - age   7:       2568 bytes,    1388504 total
[2022-05-02T00:08:45.291+0000][161][gc,age      ] GC(49) - age   8:      11288 bytes,    1399792 total
[2022-05-02T00:08:45.292+0000][161][gc,age      ] GC(49) - age   9:      43296 bytes,    1443088 total
[2022-05-02T00:08:45.292+0000][161][gc,age      ] GC(49) - age  10:       4168 bytes,    1447256 total
[2022-05-02T00:08:45.293+0000][161][gc,age      ] GC(49) - age  11:       3288 bytes,    1450544 total
[2022-05-02T00:08:45.293+0000][161][gc,age      ] GC(49) - age  12:      43456 bytes,    1494000 total
[2022-05-02T00:08:45.294+0000][161][gc,age      ] GC(49) - age  13:     115184 bytes,    1609184 total
[2022-05-02T00:08:45.295+0000][161][gc,age      ] GC(49) - age  14:       2552 bytes,    1611736 total
[2022-05-02T00:08:45.295+0000][161][gc,age      ] GC(49) - age  15:      22664 bytes,    1634400 total
[2022-05-02T00:08:45.296+0000][161][gc,phases   ] GC(49)   Pre Evacuate Collection Set: 0.1ms
[2022-05-02T00:08:45.297+0000][161][gc,phases   ] GC(49)   Merge Heap Roots: 0.1ms
[2022-05-02T00:08:45.297+0000][161][gc,phases   ] GC(49)   Evacuate Collection Set: 1.4ms
[2022-05-02T00:08:45.298+0000][161][gc,phases   ] GC(49)   Post Evacuate Collection Set: 1.3ms
[2022-05-02T00:08:45.298+0000][161][gc,phases   ] GC(49)   Other: 13.1ms
[2022-05-02T00:08:45.299+0000][161][gc,heap     ] GC(49) Eden regions: 75->0(75)
[2022-05-02T00:08:45.299+0000][161][gc,heap     ] GC(49) Survivor regions: 1->1(10)
[2022-05-02T00:08:45.300+0000][161][gc,heap     ] GC(49) Old regions: 22->22
[2022-05-02T00:08:45.301+0000][161][gc,heap     ] GC(49) Archive regions: 2->2
[2022-05-02T00:08:45.301+0000][161][gc,heap     ] GC(49) Humongous regions: 6->6
[2022-05-02T00:08:45.302+0000][161][gc,metaspace] GC(49) Metaspace: 116887K(118784K)->116887K(118784K) NonClass: 101306K(102464K)->101306K(102464K) Class: 15581K(16320K)->15581K(16320K)
[2022-05-02T00:08:45.302+0000][161][gc          ] GC(49) Pause Young (Normal) (G1 Evacuation Pause) 417M->117M(512M) 22.633ms
[2022-05-02T00:08:45.303+0000][161][gc,cpu      ] GC(49) User=0.00s Sys=0.00s Real=0.02s
[2022-05-02T00:08:45.304+0000][161][safepoint   ] Safepoint "G1CollectForAllocation", Time since last: 3829541002 ns, Reaching safepoint: 65875 ns, At safepoint: 23732875 ns, Total: 23798750 ns
[2022-05-02T00:08:48.312+0000][161][safepoint   ] Safepoint "Cleanup", Time since last: 3008137210 ns, Reaching safepoint: 576625 ns, At safepoint: 25000 ns, Total: 601625 ns
[2022-05-02T00:08:51.317+0000][161][safepoint   ] Safepoint "Cleanup", Time since last: 3006946626 ns, Reaching safepoint: 242750 ns, At safepoint: 7333 ns, Total: 250083 ns
[2022-05-02T00:08:58.324+0000][161][safepoint   ] Safepoint "Cleanup", Time since last: 7006651045 ns, Reaching safepoint: 143500 ns, At safepoint: 5625 ns, Total: 149125 ns
[2022-05-02T00:09:07.340+0000][161][safepoint   ] Safepoint "Cleanup", Time since last: 9015399421 ns, Reaching safepoint: 224417 ns, At safepoint: 25625 ns, Total: 250042 ns
[2022-05-02T00:09:09.359+0000][161][safepoint   ] Safepoint "Cleanup", Time since last: 2018760001 ns, Reaching safepoint: 163042 ns, At safepoint: 11916 ns, Total: 174958 ns
[2022-05-02T00:09:10.361+0000][161][safepoint   ] Safepoint "Cleanup", Time since last: 1001586292 ns, Reaching safepoint: 528292 ns, At safepoint: 8833 ns, Total: 537125 ns
[2022-05-02T00:09:11.380+0000][161][safepoint   ] Safepoint "Cleanup", Time since last: 1018896293 ns, Reaching safepoint: 684041 ns, At safepoint: 21417 ns, Total: 705458 ns
[2022-05-02T00:09:14.403+0000][161][safepoint   ] Safepoint "Cleanup", Time since last: 3021967085 ns, Reaching safepoint: 302583 ns, At safepoint: 13250 ns, Total: 315833 ns
[2022-05-02T00:09:22.200+0000][161][safepoint   ] Safepoint "Cleanup", Time since last: 7794182170 ns, Reaching safepoint: 214708 ns, At safepoint: 6083 ns, Total: 220791 ns
[2022-05-02T00:09:34.223+0000][161][safepoint   ] Safepoint "Cleanup", Time since last: 12021945673 ns, Reaching safepoint: 762291 ns, At safepoint: 19959 ns, Total: 782250 ns
[2022-05-02T00:09:39.242+0000][161][safepoint   ] Safepoint "Cleanup", Time since last: 5018907752 ns, Reaching safepoint: 342334 ns, At safepoint: 9833 ns, Total: 352167 ns
[2022-05-02T00:09:45.960+0000][161][gc,start    ] GC(50) Pause Young (Normal) (G1 Evacuation Pause)
[2022-05-02T00:09:45.961+0000][161][gc,task     ] GC(50) Using 5 workers of 5 for evacuation
[2022-05-02T00:09:45.962+0000][161][gc,age      ] GC(50) Desired survivor size 20971520 bytes, new threshold 15 (max threshold 15)
[2022-05-02T00:09:45.966+0000][161][gc,age      ] GC(50) Age table with threshold 15 (max threshold 15)
[2022-05-02T00:09:45.967+0000][161][gc,age      ] GC(50) - age   1:    1681880 bytes,    1681880 total
[2022-05-02T00:09:45.967+0000][161][gc,age      ] GC(50) - age   2:       7672 bytes,    1689552 total
[2022-05-02T00:09:45.968+0000][161][gc,age      ] GC(50) - age   3:       1776 bytes,    1691328 total
[2022-05-02T00:09:45.969+0000][161][gc,age      ] GC(50) - age   4:      83280 bytes,    1774608 total
[2022-05-02T00:09:45.969+0000][161][gc,age      ] GC(50) - age   5:        680 bytes,    1775288 total
[2022-05-02T00:09:45.970+0000][161][gc,age      ] GC(50) - age   6:      67976 bytes,    1843264 total
[2022-05-02T00:09:45.970+0000][161][gc,age      ] GC(50) - age   7:       3064 bytes,    1846328 total
[2022-05-02T00:09:45.971+0000][161][gc,age      ] GC(50) - age   8:       2544 bytes,    1848872 total
[2022-05-02T00:09:45.971+0000][161][gc,age      ] GC(50) - age   9:      11288 bytes,    1860160 total
[2022-05-02T00:09:45.972+0000][161][gc,age      ] GC(50) - age  10:      43296 bytes,    1903456 total
[2022-05-02T00:09:45.973+0000][161][gc,age      ] GC(50) - age  11:       4168 bytes,    1907624 total
[2022-05-02T00:09:45.974+0000][161][gc,age      ] GC(50) - age  12:       3288 bytes,    1910912 total
[2022-05-02T00:09:45.974+0000][161][gc,age      ] GC(50) - age  13:      43456 bytes,    1954368 total
[2022-05-02T00:09:45.975+0000][161][gc,age      ] GC(50) - age  14:     115184 bytes,    2069552 total
[2022-05-02T00:09:45.975+0000][161][gc,age      ] GC(50) - age  15:       2552 bytes,    2072104 total
[2022-05-02T00:09:45.976+0000][161][gc,phases   ] GC(50)   Pre Evacuate Collection Set: 0.1ms
[2022-05-02T00:09:45.976+0000][161][gc,phases   ] GC(50)   Merge Heap Roots: 0.1ms
[2022-05-02T00:09:45.977+0000][161][gc,phases   ] GC(50)   Evacuate Collection Set: 2.3ms
[2022-05-02T00:09:45.978+0000][161][gc,phases   ] GC(50)   Post Evacuate Collection Set: 1.3ms
[2022-05-02T00:09:45.978+0000][161][gc,phases   ] GC(50)   Other: 11.8ms
[2022-05-02T00:09:45.979+0000][161][gc,heap     ] GC(50) Eden regions: 75->0(75)
[2022-05-02T00:09:45.979+0000][161][gc,heap     ] GC(50) Survivor regions: 1->1(10)
[2022-05-02T00:09:45.980+0000][161][gc,heap     ] GC(50) Old regions: 22->22
[2022-05-02T00:09:45.981+0000][161][gc,heap     ] GC(50) Archive regions: 2->2
[2022-05-02T00:09:45.981+0000][161][gc,heap     ] GC(50) Humongous regions: 6->6
[2022-05-02T00:09:45.982+0000][161][gc,metaspace] GC(50) Metaspace: 116906K(118784K)->116906K(118784K) NonClass: 101324K(102464K)->101324K(102464K) Class: 15581K(16320K)->15581K(16320K)
[2022-05-02T00:09:45.982+0000][161][gc          ] GC(50) Pause Young (Normal) (G1 Evacuation Pause) 417M->118M(512M) 22.021ms
[2022-05-02T00:09:45.983+0000][161][gc,cpu      ] GC(50) User=0.01s Sys=0.01s Real=0.02s
[2022-05-02T00:09:45.984+0000][161][safepoint   ] Safepoint "G1CollectForAllocation", Time since last: 6717796045 ns, Reaching safepoint: 91000 ns, At safepoint: 23557041 ns, Total: 23648041 ns
[2022-05-02T00:09:47.986+0000][161][safepoint   ] Safepoint "Cleanup", Time since last: 2002010793 ns, Reaching safepoint: 477083 ns, At safepoint: 16750 ns, Total: 493833 ns
[2022-05-02T00:09:49.000+0000][161][safepoint   ] Safepoint "Cleanup", Time since last: 1013599209 ns, Reaching safepoint: 243500 ns, At safepoint: 13417 ns, Total: 256917 ns
[2022-05-02T00:09:52.014+0000][161][safepoint   ] Safepoint "Cleanup", Time since last: 3015178667 ns, Reaching safepoint: 214917 ns, At safepoint: 8375 ns, Total: 223292 ns
[2022-05-02T00:09:58.022+0000][161][safepoint   ] Safepoint "Cleanup", Time since last: 6008194586 ns, Reaching safepoint: 63000 ns, At safepoint: 2208 ns, Total: 65208 ns
[2022-05-02T00:10:07.034+0000][161][safepoint   ] Safepoint "Cleanup", Time since last: 9011279713 ns, Reaching safepoint: 146416 ns, At safepoint: 6667 ns, Total: 153083 ns
[2022-05-02T00:10:09.040+0000][161][safepoint   ] Safepoint "Cleanup", Time since last: 2005318834 ns, Reaching safepoint: 685917 ns, At safepoint: 21375 ns, Total: 707292 ns
[2022-05-02T00:10:22.068+0000][161][safepoint   ] Safepoint "Cleanup", Time since last: 13027922297 ns, Reaching safepoint: 316834 ns, At safepoint: 13000 ns, Total: 329834 ns
[2022-05-02T00:10:26.078+0000][161][safepoint   ] Safepoint "Cleanup", Time since last: 4008670335 ns, Reaching safepoint: 474042 ns, At safepoint: 16625 ns, Total: 490667 ns
[2022-05-02T00:10:27.089+0000][161][safepoint   ] Safepoint "Cleanup", Time since last: 1011049250 ns, Reaching safepoint: 395625 ns, At safepoint: 12375 ns, Total: 408000 ns
[2022-05-02T00:10:28.098+0000][161][safepoint   ] Safepoint "Cleanup", Time since last: 1008584876 ns, Reaching safepoint: 224166 ns, At safepoint: 8500 ns, Total: 232666 ns
[2022-05-02T00:10:34.106+0000][161][safepoint   ] Safepoint "Cleanup", Time since last: 6007574420 ns, Reaching safepoint: 514541 ns, At safepoint: 13709 ns, Total: 528250 ns
[2022-05-02T00:10:48.133+0000][161][safepoint   ] Safepoint "Cleanup", Time since last: 14027107923 ns, Reaching safepoint: 281958 ns, At safepoint: 12542 ns, Total: 294500 ns
[2022-05-02T00:10:48.201+0000][161][gc,start    ] GC(51) Pause Young (Normal) (G1 Evacuation Pause)
[2022-05-02T00:10:48.203+0000][161][gc,task     ] GC(51) Using 5 workers of 5 for evacuation
[2022-05-02T00:10:48.217+0000][161][gc,age      ] GC(51) Desired survivor size 20971520 bytes, new threshold 15 (max threshold 15)
[2022-05-02T00:10:48.226+0000][161][gc,age      ] GC(51) Age table with threshold 15 (max threshold 15)
[2022-05-02T00:10:48.228+0000][161][gc,age      ] GC(51) - age   1:    1445936 bytes,    1445936 total
[2022-05-02T00:10:48.230+0000][161][gc,age      ] GC(51) - age   2:       9808 bytes,    1455744 total
[2022-05-02T00:10:48.232+0000][161][gc,age      ] GC(51) - age   3:       6072 bytes,    1461816 total
[2022-05-02T00:10:48.234+0000][161][gc,age      ] GC(51) - age   4:       1584 bytes,    1463400 total
[2022-05-02T00:10:48.236+0000][161][gc,age      ] GC(51) - age   5:      82968 bytes,    1546368 total
[2022-05-02T00:10:48.238+0000][161][gc,age      ] GC(51) - age   6:        680 bytes,    1547048 total
[2022-05-02T00:10:48.241+0000][161][gc,age      ] GC(51) - age   7:      67976 bytes,    1615024 total
[2022-05-02T00:10:48.242+0000][161][gc,age      ] GC(51) - age   8:       3064 bytes,    1618088 total
[2022-05-02T00:10:48.244+0000][161][gc,age      ] GC(51) - age   9:       2544 bytes,    1620632 total
[2022-05-02T00:10:48.246+0000][161][gc,age      ] GC(51) - age  10:      11288 bytes,    1631920 total
[2022-05-02T00:10:48.248+0000][161][gc,age      ] GC(51) - age  11:      43296 bytes,    1675216 total
[2022-05-02T00:10:48.250+0000][161][gc,age      ] GC(51) - age  12:       4168 bytes,    1679384 total
[2022-05-02T00:10:48.251+0000][161][gc,age      ] GC(51) - age  13:       3288 bytes,    1682672 total
[2022-05-02T00:10:48.252+0000][161][gc,age      ] GC(51) - age  14:      43456 bytes,    1726128 total
[2022-05-02T00:10:48.254+0000][161][gc,age      ] GC(51) - age  15:     115072 bytes,    1841200 total
[2022-05-02T00:10:48.255+0000][161][gc,phases   ] GC(51)   Pre Evacuate Collection Set: 1.4ms
[2022-05-02T00:10:48.257+0000][161][gc,phases   ] GC(51)   Merge Heap Roots: 0.3ms
[2022-05-02T00:10:48.258+0000][161][gc,phases   ] GC(51)   Evacuate Collection Set: 3.1ms
[2022-05-02T00:10:48.259+0000][161][gc,phases   ] GC(51)   Post Evacuate Collection Set: 2.8ms
[2022-05-02T00:10:48.260+0000][161][gc,phases   ] GC(51)   Other: 46.3ms
[2022-05-02T00:10:48.262+0000][161][gc,heap     ] GC(51) Eden regions: 75->0(75)
[2022-05-02T00:10:48.263+0000][161][gc,heap     ] GC(51) Survivor regions: 1->1(10)
[2022-05-02T00:10:48.263+0000][161][gc,heap     ] GC(51) Old regions: 22->22
[2022-05-02T00:10:48.264+0000][161][gc,heap     ] GC(51) Archive regions: 2->2
[2022-05-02T00:10:48.265+0000][161][gc,heap     ] GC(51) Humongous regions: 6->6
[2022-05-02T00:10:48.266+0000][161][gc,metaspace] GC(51) Metaspace: 116925K(118784K)->116925K(118784K) NonClass: 101343K(102464K)->101343K(102464K) Class: 15582K(16320K)->15582K(16320K)
[2022-05-02T00:10:48.267+0000][161][gc          ] GC(51) Pause Young (Normal) (G1 Evacuation Pause) 418M->117M(512M) 65.917ms
[2022-05-02T00:10:48.268+0000][161][gc,cpu      ] GC(51) User=0.02s Sys=0.01s Real=0.07s
[2022-05-02T00:10:48.269+0000][161][safepoint   ] Safepoint "G1CollectForAllocation", Time since last: 67549792 ns, Reaching safepoint: 262125 ns, At safepoint: 68331458 ns, Total: 68593583 ns
[2022-05-02T00:10:55.296+0000][161][safepoint   ] Safepoint "Cleanup", Time since last: 7017412003 ns, Reaching safepoint: 360458 ns, At safepoint: 8958 ns, Total: 369416 ns
[2022-05-02T00:11:04.318+0000][161][safepoint   ] Safepoint "Cleanup", Time since last: 9021536754 ns, Reaching safepoint: 214417 ns, At safepoint: 12125 ns, Total: 226542 ns
[2022-05-02T00:11:06.321+0000][161][safepoint   ] Safepoint "Cleanup", Time since last: 2002760584 ns, Reaching safepoint: 87500 ns, At safepoint: 3542 ns, Total: 91042 ns
[2022-05-02T00:11:18.337+0000][161][safepoint   ] Safepoint "Cleanup", Time since last: 12015969506 ns, Reaching safepoint: 71042 ns, At safepoint: 4250 ns, Total: 75292 ns
[2022-05-02T00:11:25.341+0000][161][safepoint   ] Safepoint "Cleanup", Time since last: 7009324294 ns, Reaching safepoint: 652834 ns, At safepoint: 13666 ns, Total: 666500 ns
[2022-05-02T00:11:36.374+0000][161][safepoint   ] Safepoint "Cleanup", Time since last: 11032744630 ns, Reaching safepoint: 730125 ns, At safepoint: 22292 ns, Total: 752417 ns
[2022-05-02T00:11:39.390+0000][161][safepoint   ] Safepoint "Cleanup", Time since last: 3015638127 ns, Reaching safepoint: 272625 ns, At safepoint: 4666 ns, Total: 277291 ns
[2022-05-02T00:11:40.392+0000][161][safepoint   ] Safepoint "Cleanup", Time since last: 1000993667 ns, Reaching safepoint: 321750 ns, At safepoint: 9167 ns, Total: 330917 ns
[2022-05-02T00:11:48.405+0000][161][safepoint   ] Safepoint "Cleanup", Time since last: 8009252712 ns, Reaching safepoint: 3948292 ns, At safepoint: 33792 ns, Total: 3982084 ns
[2022-05-02T00:11:51.343+0000][161][gc,start    ] GC(52) Pause Young (Normal) (G1 Evacuation Pause)
[2022-05-02T00:11:51.344+0000][161][gc,task     ] GC(52) Using 5 workers of 5 for evacuation
[2022-05-02T00:11:51.344+0000][161][gc,age      ] GC(52) Desired survivor size 20971520 bytes, new threshold 15 (max threshold 15)
[2022-05-02T00:11:51.347+0000][161][gc,age      ] GC(52) Age table with threshold 15 (max threshold 15)
[2022-05-02T00:11:51.348+0000][161][gc,age      ] GC(52) - age   1:    1505888 bytes,    1505888 total
[2022-05-02T00:11:51.348+0000][161][gc,age      ] GC(52) - age   2:       8376 bytes,    1514264 total
[2022-05-02T00:11:51.349+0000][161][gc,age      ] GC(52) - age   3:       7896 bytes,    1522160 total
[2022-05-02T00:11:51.350+0000][161][gc,age      ] GC(52) - age   4:       5920 bytes,    1528080 total
[2022-05-02T00:11:51.350+0000][161][gc,age      ] GC(52) - age   5:       1584 bytes,    1529664 total
[2022-05-02T00:11:51.351+0000][161][gc,age      ] GC(52) - age   6:      82904 bytes,    1612568 total
[2022-05-02T00:11:51.352+0000][161][gc,age      ] GC(52) - age   7:        680 bytes,    1613248 total
[2022-05-02T00:11:51.353+0000][161][gc,age      ] GC(52) - age   8:      41416 bytes,    1654664 total
[2022-05-02T00:11:51.354+0000][161][gc,age      ] GC(52) - age   9:       3064 bytes,    1657728 total
[2022-05-02T00:11:51.355+0000][161][gc,age      ] GC(52) - age  10:       2544 bytes,    1660272 total
[2022-05-02T00:11:51.356+0000][161][gc,age      ] GC(52) - age  11:      11288 bytes,    1671560 total
[2022-05-02T00:11:51.356+0000][161][gc,age      ] GC(52) - age  12:      43296 bytes,    1714856 total
[2022-05-02T00:11:51.357+0000][161][gc,age      ] GC(52) - age  13:       4168 bytes,    1719024 total
[2022-05-02T00:11:51.358+0000][161][gc,age      ] GC(52) - age  14:       3288 bytes,    1722312 total
[2022-05-02T00:11:51.358+0000][161][gc,age      ] GC(52) - age  15:      43336 bytes,    1765648 total
[2022-05-02T00:11:51.359+0000][161][gc,phases   ] GC(52)   Pre Evacuate Collection Set: 0.2ms
[2022-05-02T00:11:51.360+0000][161][gc,phases   ] GC(52)   Merge Heap Roots: 0.1ms
[2022-05-02T00:11:51.360+0000][161][gc,phases   ] GC(52)   Evacuate Collection Set: 1.1ms
[2022-05-02T00:11:51.361+0000][161][gc,phases   ] GC(52)   Post Evacuate Collection Set: 1.0ms
[2022-05-02T00:11:51.362+0000][161][gc,phases   ] GC(52)   Other: 13.7ms
[2022-05-02T00:11:51.362+0000][161][gc,heap     ] GC(52) Eden regions: 75->0(74)
[2022-05-02T00:11:51.363+0000][161][gc,heap     ] GC(52) Survivor regions: 1->1(10)
[2022-05-02T00:11:51.363+0000][161][gc,heap     ] GC(52) Old regions: 22->23
[2022-05-02T00:11:51.364+0000][161][gc,heap     ] GC(52) Archive regions: 2->2
[2022-05-02T00:11:51.365+0000][161][gc,heap     ] GC(52) Humongous regions: 6->6
[2022-05-02T00:11:51.365+0000][161][gc,metaspace] GC(52) Metaspace: 116939K(118784K)->116939K(118784K) NonClass: 101357K(102464K)->101357K(102464K) Class: 15582K(16320K)->15582K(16320K)
[2022-05-02T00:11:51.366+0000][161][gc          ] GC(52) Pause Young (Normal) (G1 Evacuation Pause) 417M->117M(512M) 23.354ms
[2022-05-02T00:11:51.367+0000][161][gc,cpu      ] GC(52) User=0.01s Sys=0.00s Real=0.03s
[2022-05-02T00:11:51.367+0000][161][safepoint   ] Safepoint "G1CollectForAllocation", Time since last: 2939795209 ns, Reaching safepoint: 54333 ns, At safepoint: 24624542 ns, Total: 24678875 ns
[2022-05-02T00:11:58.378+0000][161][safepoint   ] Safepoint "Cleanup", Time since last: 7009804086 ns, Reaching safepoint: 638542 ns, At safepoint: 62750 ns, Total: 701292 ns
[2022-05-02T00:12:17.408+0000][161][safepoint   ] Safepoint "Cleanup", Time since last: 19029464134 ns, Reaching safepoint: 430167 ns, At safepoint: 11125 ns, Total: 441292 ns
[2022-05-02T00:12:29.439+0000][161][safepoint   ] Safepoint "Cleanup", Time since last: 12030730838 ns, Reaching safepoint: 329166 ns, At safepoint: 12334 ns, Total: 341500 ns
[2022-05-02T00:12:36.450+0000][161][safepoint   ] Safepoint "Cleanup", Time since last: 7010884961 ns, Reaching safepoint: 372084 ns, At safepoint: 11125 ns, Total: 383209 ns
[2022-05-02T00:12:48.478+0000][161][safepoint   ] Safepoint "Cleanup", Time since last: 12027137922 ns, Reaching safepoint: 239334 ns, At safepoint: 11750 ns, Total: 251084 ns
[2022-05-02T00:12:51.489+0000][161][safepoint   ] Safepoint "Cleanup", Time since last: 3010643875 ns, Reaching safepoint: 112542 ns, At safepoint: 61500 ns, Total: 174042 ns
[2022-05-02T00:12:54.296+0000][161][gc,start    ] GC(53) Pause Young (Normal) (G1 Evacuation Pause)
[2022-05-02T00:12:54.298+0000][161][gc,task     ] GC(53) Using 5 workers of 5 for evacuation
[2022-05-02T00:12:54.299+0000][161][gc,age      ] GC(53) Desired survivor size 20971520 bytes, new threshold 15 (max threshold 15)
[2022-05-02T00:12:54.303+0000][161][gc,age      ] GC(53) Age table with threshold 15 (max threshold 15)
[2022-05-02T00:12:54.304+0000][161][gc,age      ] GC(53) - age   1:     407432 bytes,     407432 total
[2022-05-02T00:12:54.306+0000][161][gc,age      ] GC(53) - age   2:       4648 bytes,     412080 total
[2022-05-02T00:12:54.307+0000][161][gc,age      ] GC(53) - age   3:       6360 bytes,     418440 total
[2022-05-02T00:12:54.308+0000][161][gc,age      ] GC(53) - age   4:       7480 bytes,     425920 total
[2022-05-02T00:12:54.311+0000][161][gc,age      ] GC(53) - age   5:       5856 bytes,     431776 total
[2022-05-02T00:12:54.312+0000][161][gc,age      ] GC(53) - age   6:       1584 bytes,     433360 total
[2022-05-02T00:12:54.313+0000][161][gc,age      ] GC(53) - age   7:      82904 bytes,     516264 total
[2022-05-02T00:12:54.315+0000][161][gc,age      ] GC(53) - age   8:        680 bytes,     516944 total
[2022-05-02T00:12:54.315+0000][161][gc,age      ] GC(53) - age   9:      41416 bytes,     558360 total
[2022-05-02T00:12:54.317+0000][161][gc,age      ] GC(53) - age  10:       3064 bytes,     561424 total
[2022-05-02T00:12:54.318+0000][161][gc,age      ] GC(53) - age  11:       2544 bytes,     563968 total
[2022-05-02T00:12:54.318+0000][161][gc,age      ] GC(53) - age  12:      11288 bytes,     575256 total
[2022-05-02T00:12:54.319+0000][161][gc,age      ] GC(53) - age  13:      43296 bytes,     618552 total
[2022-05-02T00:12:54.320+0000][161][gc,age      ] GC(53) - age  14:       3968 bytes,     622520 total
[2022-05-02T00:12:54.321+0000][161][gc,age      ] GC(53) - age  15:       3288 bytes,     625808 total
[2022-05-02T00:12:54.322+0000][161][gc,phases   ] GC(53)   Pre Evacuate Collection Set: 0.3ms
[2022-05-02T00:12:54.322+0000][161][gc,phases   ] GC(53)   Merge Heap Roots: 0.3ms
[2022-05-02T00:12:54.323+0000][161][gc,phases   ] GC(53)   Evacuate Collection Set: 1.3ms
[2022-05-02T00:12:54.323+0000][161][gc,phases   ] GC(53)   Post Evacuate Collection Set: 0.8ms
[2022-05-02T00:12:54.324+0000][161][gc,phases   ] GC(53)   Other: 22.4ms
[2022-05-02T00:12:54.325+0000][161][gc,heap     ] GC(53) Eden regions: 74->0(75)
[2022-05-02T00:12:54.326+0000][161][gc,heap     ] GC(53) Survivor regions: 1->1(10)
[2022-05-02T00:12:54.326+0000][161][gc,heap     ] GC(53) Old regions: 23->23
[2022-05-02T00:12:54.327+0000][161][gc,heap     ] GC(53) Archive regions: 2->2
[2022-05-02T00:12:54.328+0000][161][gc,heap     ] GC(53) Humongous regions: 6->6
[2022-05-02T00:12:54.328+0000][161][gc,metaspace] GC(53) Metaspace: 116968K(118784K)->116968K(118784K) NonClass: 101384K(102464K)->101384K(102464K) Class: 15583K(16320K)->15583K(16320K)
[2022-05-02T00:12:54.329+0000][161][gc          ] GC(53) Pause Young (Normal) (G1 Evacuation Pause) 413M->116M(512M) 32.492ms
[2022-05-02T00:12:54.329+0000][161][gc,cpu      ] GC(53) User=0.01s Sys=0.00s Real=0.03s
[2022-05-02T00:12:54.330+0000][161][safepoint   ] Safepoint "G1CollectForAllocation", Time since last: 2807168251 ns, Reaching safepoint: 85917 ns, At safepoint: 33760708 ns, Total: 33846625 ns
[2022-05-02T00:12:59.342+0000][161][safepoint   ] Safepoint "Cleanup", Time since last: 5010700628 ns, Reaching safepoint: 799875 ns, At safepoint: 21583 ns, Total: 821458 ns
[2022-05-02T00:13:06.358+0000][161][safepoint   ] Safepoint "Cleanup", Time since last: 7015828212 ns, Reaching safepoint: 87375 ns, At safepoint: 4125 ns, Total: 91500 ns
[2022-05-02T00:13:07.360+0000][161][safepoint   ] Safepoint "Cleanup", Time since last: 1002650209 ns, Reaching safepoint: 238916 ns, At safepoint: 12875 ns, Total: 251791 ns
[2022-05-02T00:13:09.363+0000][161][safepoint   ] Safepoint "Cleanup", Time since last: 2002832376 ns, Reaching safepoint: 134834 ns, At safepoint: 30833 ns, Total: 165667 ns
[2022-05-02T00:13:11.370+0000][161][safepoint   ] Safepoint "Cleanup", Time since last: 2006189251 ns, Reaching safepoint: 166750 ns, At safepoint: 4416 ns, Total: 171166 ns
[2022-05-02T00:13:18.380+0000][161][safepoint   ] Safepoint "Cleanup", Time since last: 7010433296 ns, Reaching safepoint: 175166 ns, At safepoint: 7125 ns, Total: 182291 ns
[2022-05-02T00:13:19.384+0000][161][safepoint   ] Safepoint "Cleanup", Time since last: 1002692209 ns, Reaching safepoint: 489042 ns, At safepoint: 10416 ns, Total: 499458 ns
[2022-05-02T00:13:28.397+0000][161][safepoint   ] Safepoint "Cleanup", Time since last: 9014760087 ns, Reaching safepoint: 127292 ns, At safepoint: 6208 ns, Total: 133500 ns
[2022-05-02T00:13:43.421+0000][161][safepoint   ] Safepoint "Cleanup", Time since last: 15023695840 ns, Reaching safepoint: 340417 ns, At safepoint: 8958 ns, Total: 349375 ns
[2022-05-02T00:13:54.442+0000][161][safepoint   ] Safepoint "Cleanup", Time since last: 11019145921 ns, Reaching safepoint: 48000 ns, At safepoint: 2375 ns, Total: 50375 ns
[2022-05-02T00:13:57.444+0000][161][safepoint   ] Safepoint "Cleanup", Time since last: 3001844752 ns, Reaching safepoint: 99042 ns, At safepoint: 4875 ns, Total: 103917 ns
[2022-05-02T00:13:57.842+0000][161][gc,start    ] GC(54) Pause Young (Normal) (G1 Evacuation Pause)
[2022-05-02T00:13:57.842+0000][161][gc,task     ] GC(54) Using 5 workers of 5 for evacuation
[2022-05-02T00:13:57.843+0000][161][gc,age      ] GC(54) Desired survivor size 20971520 bytes, new threshold 15 (max threshold 15)
[2022-05-02T00:13:57.846+0000][161][gc,age      ] GC(54) Age table with threshold 15 (max threshold 15)
[2022-05-02T00:13:57.847+0000][161][gc,age      ] GC(54) - age   1:    1700776 bytes,    1700776 total
[2022-05-02T00:13:57.849+0000][161][gc,age      ] GC(54) - age   2:       4952 bytes,    1705728 total
[2022-05-02T00:13:57.849+0000][161][gc,age      ] GC(54) - age   3:       3240 bytes,    1708968 total
[2022-05-02T00:13:57.850+0000][161][gc,age      ] GC(54) - age   4:       5800 bytes,    1714768 total
[2022-05-02T00:13:57.851+0000][161][gc,age      ] GC(54) - age   5:       7480 bytes,    1722248 total
[2022-05-02T00:13:57.851+0000][161][gc,age      ] GC(54) - age   6:       5792 bytes,    1728040 total
[2022-05-02T00:13:57.852+0000][161][gc,age      ] GC(54) - age   7:       1272 bytes,    1729312 total
[2022-05-02T00:13:57.852+0000][161][gc,age      ] GC(54) - age   8:      56344 bytes,    1785656 total
[2022-05-02T00:13:57.853+0000][161][gc,age      ] GC(54) - age   9:        368 bytes,    1786024 total
[2022-05-02T00:13:57.854+0000][161][gc,age      ] GC(54) - age  10:      41416 bytes,    1827440 total
[2022-05-02T00:13:57.854+0000][161][gc,age      ] GC(54) - age  11:       3064 bytes,    1830504 total
[2022-05-02T00:13:57.855+0000][161][gc,age      ] GC(54) - age  12:       2544 bytes,    1833048 total
[2022-05-02T00:13:57.856+0000][161][gc,age      ] GC(54) - age  13:      11288 bytes,    1844336 total
[2022-05-02T00:13:57.856+0000][161][gc,age      ] GC(54) - age  14:      43296 bytes,    1887632 total
[2022-05-02T00:13:57.857+0000][161][gc,age      ] GC(54) - age  15:       3968 bytes,    1891600 total
[2022-05-02T00:13:57.857+0000][161][gc,phases   ] GC(54)   Pre Evacuate Collection Set: 0.2ms
[2022-05-02T00:13:57.858+0000][161][gc,phases   ] GC(54)   Merge Heap Roots: 0.1ms
[2022-05-02T00:13:57.859+0000][161][gc,phases   ] GC(54)   Evacuate Collection Set: 1.3ms
[2022-05-02T00:13:57.859+0000][161][gc,phases   ] GC(54)   Post Evacuate Collection Set: 0.9ms
[2022-05-02T00:13:57.860+0000][161][gc,phases   ] GC(54)   Other: 13.2ms
[2022-05-02T00:13:57.861+0000][161][gc,heap     ] GC(54) Eden regions: 75->0(74)
[2022-05-02T00:13:57.861+0000][161][gc,heap     ] GC(54) Survivor regions: 1->1(10)
[2022-05-02T00:13:57.862+0000][161][gc,heap     ] GC(54) Old regions: 23->23
[2022-05-02T00:13:57.863+0000][161][gc,heap     ] GC(54) Archive regions: 2->2
[2022-05-02T00:13:57.864+0000][161][gc,heap     ] GC(54) Humongous regions: 6->6
[2022-05-02T00:13:57.865+0000][161][gc,metaspace] GC(54) Metaspace: 116998K(118848K)->116998K(118848K) NonClass: 101414K(102528K)->101414K(102528K) Class: 15584K(16320K)->15584K(16320K)
[2022-05-02T00:13:57.866+0000][161][gc          ] GC(54) Pause Young (Normal) (G1 Evacuation Pause) 416M->118M(512M) 24.383ms
[2022-05-02T00:13:57.867+0000][161][gc,cpu      ] GC(54) User=0.01s Sys=0.00s Real=0.03s
[2022-05-02T00:13:57.867+0000][161][safepoint   ] Safepoint "G1CollectForAllocation", Time since last: 397073958 ns, Reaching safepoint: 118875 ns, At safepoint: 25765292 ns, Total: 25884167 ns
[2022-05-02T00:14:00.876+0000][161][safepoint   ] Safepoint "Cleanup", Time since last: 3008229876 ns, Reaching safepoint: 65583 ns, At safepoint: 3292 ns, Total: 68875 ns
[2022-05-02T00:14:03.880+0000][161][safepoint   ] Safepoint "Cleanup", Time since last: 3004429377 ns, Reaching safepoint: 332583 ns, At safepoint: 10375 ns, Total: 342958 ns
[2022-05-02T00:14:04.888+0000][161][safepoint   ] Safepoint "Cleanup", Time since last: 1007162709 ns, Reaching safepoint: 353916 ns, At safepoint: 38250 ns, Total: 392166 ns
[2022-05-02T00:14:09.900+0000][161][safepoint   ] Safepoint "Cleanup", Time since last: 5010141378 ns, Reaching safepoint: 1541125 ns, At safepoint: 42333 ns, Total: 1583458 ns
[2022-05-02T00:14:10.905+0000][161][safepoint   ] Safepoint "Cleanup", Time since last: 1005515334 ns, Reaching safepoint: 130750 ns, At safepoint: 11125 ns, Total: 141875 ns
[2022-05-02T00:14:12.907+0000][161][safepoint   ] Safepoint "Cleanup", Time since last: 2001536418 ns, Reaching safepoint: 138333 ns, At safepoint: 8750 ns, Total: 147083 ns
[2022-05-02T00:14:33.948+0000][161][safepoint   ] Safepoint "Cleanup", Time since last: 21043472926 ns, Reaching safepoint: 253083 ns, At safepoint: 5209 ns, Total: 258292 ns
[2022-05-02T00:14:47.988+0000][161][safepoint   ] Safepoint "Cleanup", Time since last: 14039548756 ns, Reaching safepoint: 332500 ns, At safepoint: 14584 ns, Total: 347084 ns
[2022-05-02T00:14:48.997+0000][161][safepoint   ] Safepoint "Cleanup", Time since last: 1008423417 ns, Reaching safepoint: 125833 ns, At safepoint: 7583 ns, Total: 133416 ns
[2022-05-02T00:14:52.009+0000][161][safepoint   ] Safepoint "Cleanup", Time since last: 3012125210 ns, Reaching safepoint: 444042 ns, At safepoint: 17291 ns, Total: 461333 ns
[2022-05-02T00:14:55.629+0000][161][gc,start    ] GC(55) Pause Young (Normal) (G1 Evacuation Pause)
[2022-05-02T00:14:55.630+0000][161][gc,task     ] GC(55) Using 5 workers of 5 for evacuation
[2022-05-02T00:14:55.631+0000][161][gc,age      ] GC(55) Desired survivor size 20971520 bytes, new threshold 15 (max threshold 15)
[2022-05-02T00:14:55.634+0000][161][gc,age      ] GC(55) Age table with threshold 15 (max threshold 15)
[2022-05-02T00:14:55.634+0000][161][gc,age      ] GC(55) - age   1:    1020440 bytes,    1020440 total
[2022-05-02T00:14:55.635+0000][161][gc,age      ] GC(55) - age   2:       5760 bytes,    1026200 total
[2022-05-02T00:14:55.636+0000][161][gc,age      ] GC(55) - age   3:       4064 bytes,    1030264 total
[2022-05-02T00:14:55.637+0000][161][gc,age      ] GC(55) - age   4:       2584 bytes,    1032848 total
[2022-05-02T00:14:55.637+0000][161][gc,age      ] GC(55) - age   5:       5672 bytes,    1038520 total
[2022-05-02T00:14:55.638+0000][161][gc,age      ] GC(55) - age   6:       7320 bytes,    1045840 total
[2022-05-02T00:14:55.639+0000][161][gc,age      ] GC(55) - age   7:       5792 bytes,    1051632 total
[2022-05-02T00:14:55.640+0000][161][gc,age      ] GC(55) - age   8:       1272 bytes,    1052904 total
[2022-05-02T00:14:55.640+0000][161][gc,age      ] GC(55) - age   9:      56344 bytes,    1109248 total
[2022-05-02T00:14:55.641+0000][161][gc,age      ] GC(55) - age  10:        368 bytes,    1109616 total
[2022-05-02T00:14:55.642+0000][161][gc,age      ] GC(55) - age  11:      41416 bytes,    1151032 total
[2022-05-02T00:14:55.643+0000][161][gc,age      ] GC(55) - age  12:       3064 bytes,    1154096 total
[2022-05-02T00:14:55.643+0000][161][gc,age      ] GC(55) - age  13:       2544 bytes,    1156640 total
[2022-05-02T00:14:55.644+0000][161][gc,age      ] GC(55) - age  14:      11088 bytes,    1167728 total
[2022-05-02T00:14:55.645+0000][161][gc,age      ] GC(55) - age  15:      43296 bytes,    1211024 total
[2022-05-02T00:14:55.646+0000][161][gc,phases   ] GC(55)   Pre Evacuate Collection Set: 0.1ms
[2022-05-02T00:14:55.647+0000][161][gc,phases   ] GC(55)   Merge Heap Roots: 0.0ms
[2022-05-02T00:14:55.648+0000][161][gc,phases   ] GC(55)   Evacuate Collection Set: 1.3ms
[2022-05-02T00:14:55.649+0000][161][gc,phases   ] GC(55)   Post Evacuate Collection Set: 0.9ms
[2022-05-02T00:14:55.649+0000][161][gc,phases   ] GC(55)   Other: 14.6ms
[2022-05-02T00:14:55.650+0000][161][gc,heap     ] GC(55) Eden regions: 74->0(75)
[2022-05-02T00:14:55.650+0000][161][gc,heap     ] GC(55) Survivor regions: 1->1(10)
[2022-05-02T00:14:55.651+0000][161][gc,heap     ] GC(55) Old regions: 23->23
[2022-05-02T00:14:55.653+0000][161][gc,heap     ] GC(55) Archive regions: 2->2
[2022-05-02T00:14:55.653+0000][161][gc,heap     ] GC(55) Humongous regions: 6->6
[2022-05-02T00:14:55.654+0000][161][gc,metaspace] GC(55) Metaspace: 117022K(118848K)->117022K(118848K) NonClass: 101437K(102528K)->101437K(102528K) Class: 15584K(16320K)->15584K(16320K)
[2022-05-02T00:14:55.655+0000][161][gc          ] GC(55) Pause Young (Normal) (G1 Evacuation Pause) 413M->117M(512M) 25.906ms
[2022-05-02T00:14:55.656+0000][161][gc,cpu      ] GC(55) User=0.01s Sys=0.00s Real=0.03s
[2022-05-02T00:14:55.657+0000][161][safepoint   ] Safepoint "G1CollectForAllocation", Time since last: 3619725210 ns, Reaching safepoint: 235875 ns, At safepoint: 28194959 ns, Total: 28430834 ns
[2022-05-02T00:14:56.659+0000][161][safepoint   ] Safepoint "Cleanup", Time since last: 1001592000 ns, Reaching safepoint: 161333 ns, At safepoint: 6167 ns, Total: 167500 ns
[2022-05-02T00:15:09.692+0000][161][safepoint   ] Safepoint "Cleanup", Time since last: 13032301590 ns, Reaching safepoint: 564958 ns, At safepoint: 11250 ns, Total: 576208 ns
[2022-05-02T00:15:39.758+0000][161][safepoint   ] Safepoint "Cleanup", Time since last: 30066166138 ns, Reaching safepoint: 105917 ns, At safepoint: 2333 ns, Total: 108250 ns
[2022-05-02T00:15:43.763+0000][161][safepoint   ] Safepoint "Cleanup", Time since last: 4004572377 ns, Reaching safepoint: 780417 ns, At safepoint: 14500 ns, Total: 794917 ns
[2022-05-02T00:15:45.770+0000][161][safepoint   ] Safepoint "Cleanup", Time since last: 2006688251 ns, Reaching safepoint: 157125 ns, At safepoint: 4375 ns, Total: 161500 ns
[2022-05-02T00:15:47.779+0000][161][safepoint   ] Safepoint "Cleanup", Time since last: 2008831459 ns, Reaching safepoint: 324959 ns, At safepoint: 21833 ns, Total: 346792 ns
[2022-05-02T00:15:51.791+0000][161][safepoint   ] Safepoint "Cleanup", Time since last: 4011255542 ns, Reaching safepoint: 167209 ns, At safepoint: 4666 ns, Total: 171875 ns
[2022-05-02T00:15:54.660+0000][161][gc,start    ] GC(56) Pause Young (Normal) (G1 Evacuation Pause)
[2022-05-02T00:15:54.661+0000][161][gc,task     ] GC(56) Using 5 workers of 5 for evacuation
[2022-05-02T00:15:54.662+0000][161][gc,age      ] GC(56) Desired survivor size 20971520 bytes, new threshold 15 (max threshold 15)
[2022-05-02T00:15:54.665+0000][161][gc,age      ] GC(56) Age table with threshold 15 (max threshold 15)
[2022-05-02T00:15:54.666+0000][161][gc,age      ] GC(56) - age   1:     654664 bytes,     654664 total
[2022-05-02T00:15:54.667+0000][161][gc,age      ] GC(56) - age   2:       5400 bytes,     660064 total
[2022-05-02T00:15:54.668+0000][161][gc,age      ] GC(56) - age   3:       2904 bytes,     662968 total
[2022-05-02T00:15:54.669+0000][161][gc,age      ] GC(56) - age   4:       3808 bytes,     666776 total
[2022-05-02T00:15:54.670+0000][161][gc,age      ] GC(56) - age   5:       2584 bytes,     669360 total
[2022-05-02T00:15:54.671+0000][161][gc,age      ] GC(56) - age   6:       5672 bytes,     675032 total
[2022-05-02T00:15:54.671+0000][161][gc,age      ] GC(56) - age   7:       7320 bytes,     682352 total
[2022-05-02T00:15:54.672+0000][161][gc,age      ] GC(56) - age   8:       5792 bytes,     688144 total
[2022-05-02T00:15:54.672+0000][161][gc,age      ] GC(56) - age   9:       1272 bytes,     689416 total
[2022-05-02T00:15:54.673+0000][161][gc,age      ] GC(56) - age  10:      56344 bytes,     745760 total
[2022-05-02T00:15:54.674+0000][161][gc,age      ] GC(56) - age  11:        368 bytes,     746128 total
[2022-05-02T00:15:54.674+0000][161][gc,age      ] GC(56) - age  12:      41416 bytes,     787544 total
[2022-05-02T00:15:54.675+0000][161][gc,age      ] GC(56) - age  13:       3064 bytes,     790608 total
[2022-05-02T00:15:54.676+0000][161][gc,age      ] GC(56) - age  14:       2544 bytes,     793152 total
[2022-05-02T00:15:54.677+0000][161][gc,age      ] GC(56) - age  15:      11088 bytes,     804240 total
[2022-05-02T00:15:54.678+0000][161][gc,phases   ] GC(56)   Pre Evacuate Collection Set: 0.4ms
[2022-05-02T00:15:54.679+0000][161][gc,phases   ] GC(56)   Merge Heap Roots: 0.1ms
[2022-05-02T00:15:54.680+0000][161][gc,phases   ] GC(56)   Evacuate Collection Set: 1.1ms
[2022-05-02T00:15:54.681+0000][161][gc,phases   ] GC(56)   Post Evacuate Collection Set: 0.8ms
[2022-05-02T00:15:54.681+0000][161][gc,phases   ] GC(56)   Other: 15.4ms
[2022-05-02T00:15:54.682+0000][161][gc,heap     ] GC(56) Eden regions: 75->0(75)
[2022-05-02T00:15:54.683+0000][161][gc,heap     ] GC(56) Survivor regions: 1->1(10)
[2022-05-02T00:15:54.685+0000][161][gc,heap     ] GC(56) Old regions: 23->23
[2022-05-02T00:15:54.687+0000][161][gc,heap     ] GC(56) Archive regions: 2->2
[2022-05-02T00:15:54.687+0000][161][gc,heap     ] GC(56) Humongous regions: 6->6
[2022-05-02T00:15:54.688+0000][161][gc,metaspace] GC(56) Metaspace: 117024K(118848K)->117024K(118848K) NonClass: 101439K(102528K)->101439K(102528K) Class: 15584K(16320K)->15584K(16320K)
[2022-05-02T00:15:54.689+0000][161][gc          ] GC(56) Pause Young (Normal) (G1 Evacuation Pause) 417M->117M(512M) 28.869ms
[2022-05-02T00:15:54.690+0000][161][gc,cpu      ] GC(56) User=0.01s Sys=0.00s Real=0.03s
[2022-05-02T00:15:54.691+0000][161][safepoint   ] Safepoint "G1CollectForAllocation", Time since last: 2868311252 ns, Reaching safepoint: 186792 ns, At safepoint: 30724958 ns, Total: 30911750 ns
[2022-05-02T00:15:55.693+0000][161][safepoint   ] Safepoint "Cleanup", Time since last: 1001984417 ns, Reaching safepoint: 291542 ns, At safepoint: 11375 ns, Total: 302917 ns
[2022-05-02T00:16:04.716+0000][161][safepoint   ] Safepoint "Cleanup", Time since last: 9022943296 ns, Reaching safepoint: 134166 ns, At safepoint: 15209 ns, Total: 149375 ns
[2022-05-02T00:16:09.730+0000][161][safepoint   ] Safepoint "Cleanup", Time since last: 5013261377 ns, Reaching safepoint: 244792 ns, At safepoint: 13000 ns, Total: 257792 ns
[2022-05-02T00:16:10.736+0000][161][safepoint   ] Safepoint "Cleanup", Time since last: 1006145334 ns, Reaching safepoint: 128000 ns, At safepoint: 5708 ns, Total: 133708 ns
[2022-05-02T00:16:11.738+0000][161][safepoint   ] Safepoint "Cleanup", Time since last: 1002037417 ns, Reaching safepoint: 261208 ns, At safepoint: 11500 ns, Total: 272708 ns
[2022-05-02T00:16:15.749+0000][161][safepoint   ] Safepoint "Cleanup", Time since last: 4011138586 ns, Reaching safepoint: 139666 ns, At safepoint: 10917 ns, Total: 150583 ns
[2022-05-02T00:16:23.763+0000][161][safepoint   ] Safepoint "Cleanup", Time since last: 8012348961 ns, Reaching safepoint: 458625 ns, At safepoint: 11833 ns, Total: 470458 ns
[2022-05-02T00:16:47.813+0000][161][safepoint   ] Safepoint "Cleanup", Time since last: 24050246804 ns, Reaching safepoint: 186083 ns, At safepoint: 8000 ns, Total: 194083 ns
[2022-05-02T00:16:54.853+0000][161][safepoint   ] Safepoint "Cleanup", Time since last: 7038082545 ns, Reaching safepoint: 102000 ns, At safepoint: 4708 ns, Total: 106708 ns
[2022-05-02T00:16:56.266+0000][161][gc,start    ] GC(57) Pause Young (Normal) (G1 Evacuation Pause)
[2022-05-02T00:16:56.267+0000][161][gc,task     ] GC(57) Using 5 workers of 5 for evacuation
[2022-05-02T00:16:56.269+0000][161][gc,age      ] GC(57) Desired survivor size 20971520 bytes, new threshold 15 (max threshold 15)
[2022-05-02T00:16:56.273+0000][161][gc,age      ] GC(57) Age table with threshold 15 (max threshold 15)
[2022-05-02T00:16:56.273+0000][161][gc,age      ] GC(57) - age   1:    1708112 bytes,    1708112 total
[2022-05-02T00:16:56.274+0000][161][gc,age      ] GC(57) - age   2:       2104 bytes,    1710216 total
[2022-05-02T00:16:56.275+0000][161][gc,age      ] GC(57) - age   3:       3544 bytes,    1713760 total
[2022-05-02T00:16:56.276+0000][161][gc,age      ] GC(57) - age   4:       2392 bytes,    1716152 total
[2022-05-02T00:16:56.276+0000][161][gc,age      ] GC(57) - age   5:       3496 bytes,    1719648 total
[2022-05-02T00:16:56.277+0000][161][gc,age      ] GC(57) - age   6:       2584 bytes,    1722232 total
[2022-05-02T00:16:56.277+0000][161][gc,age      ] GC(57) - age   7:       5672 bytes,    1727904 total
[2022-05-02T00:16:56.278+0000][161][gc,age      ] GC(57) - age   8:       7320 bytes,    1735224 total
[2022-05-02T00:16:56.279+0000][161][gc,age      ] GC(57) - age   9:       5792 bytes,    1741016 total
[2022-05-02T00:16:56.280+0000][161][gc,age      ] GC(57) - age  10:       1272 bytes,    1742288 total
[2022-05-02T00:16:56.280+0000][161][gc,age      ] GC(57) - age  11:      56344 bytes,    1798632 total
[2022-05-02T00:16:56.282+0000][161][gc,age      ] GC(57) - age  12:        368 bytes,    1799000 total
[2022-05-02T00:16:56.282+0000][161][gc,age      ] GC(57) - age  13:      41416 bytes,    1840416 total
[2022-05-02T00:16:56.283+0000][161][gc,age      ] GC(57) - age  14:       3064 bytes,    1843480 total
[2022-05-02T00:16:56.284+0000][161][gc,age      ] GC(57) - age  15:       2544 bytes,    1846024 total
[2022-05-02T00:16:56.285+0000][161][gc,phases   ] GC(57)   Pre Evacuate Collection Set: 0.1ms
[2022-05-02T00:16:56.285+0000][161][gc,phases   ] GC(57)   Merge Heap Roots: 0.1ms
[2022-05-02T00:16:56.286+0000][161][gc,phases   ] GC(57)   Evacuate Collection Set: 1.3ms
[2022-05-02T00:16:56.287+0000][161][gc,phases   ] GC(57)   Post Evacuate Collection Set: 1.4ms
[2022-05-02T00:16:56.288+0000][161][gc,phases   ] GC(57)   Other: 15.5ms
[2022-05-02T00:16:56.288+0000][161][gc,heap     ] GC(57) Eden regions: 75->0(75)
[2022-05-02T00:16:56.289+0000][161][gc,heap     ] GC(57) Survivor regions: 1->1(10)
[2022-05-02T00:16:56.290+0000][161][gc,heap     ] GC(57) Old regions: 23->23
[2022-05-02T00:16:56.292+0000][161][gc,heap     ] GC(57) Archive regions: 2->2
[2022-05-02T00:16:56.293+0000][161][gc,heap     ] GC(57) Humongous regions: 6->6
[2022-05-02T00:16:56.294+0000][161][gc,metaspace] GC(57) Metaspace: 117029K(118912K)->117029K(118912K) NonClass: 101444K(102592K)->101444K(102592K) Class: 15584K(16320K)->15584K(16320K)
[2022-05-02T00:16:56.295+0000][161][gc          ] GC(57) Pause Young (Normal) (G1 Evacuation Pause) 417M->117M(512M) 28.822ms
[2022-05-02T00:16:56.296+0000][161][gc,cpu      ] GC(57) User=0.01s Sys=0.01s Real=0.02s
[2022-05-02T00:16:56.297+0000][161][safepoint   ] Safepoint "G1CollectForAllocation", Time since last: 1413370792 ns, Reaching safepoint: 174375 ns, At safepoint: 30525875 ns, Total: 30700250 ns
[2022-05-02T00:16:58.302+0000][161][safepoint   ] Safepoint "Cleanup", Time since last: 2004911918 ns, Reaching safepoint: 539708 ns, At safepoint: 18875 ns, Total: 558583 ns
[2022-05-02T00:17:12.338+0000][161][safepoint   ] Safepoint "Cleanup", Time since last: 14035575132 ns, Reaching safepoint: 278625 ns, At safepoint: 181917 ns, Total: 460542 ns
[2022-05-02T00:17:17.360+0000][161][safepoint   ] Safepoint "Cleanup", Time since last: 5021126502 ns, Reaching safepoint: 243833 ns, At safepoint: 11709 ns, Total: 255542 ns
[2022-05-02T00:17:19.385+0000][161][safepoint   ] Safepoint "Cleanup", Time since last: 2024677167 ns, Reaching safepoint: 455042 ns, At safepoint: 30625 ns, Total: 485667 ns
[2022-05-02T00:17:22.389+0000][161][safepoint   ] Safepoint "Cleanup", Time since last: 3003338542 ns, Reaching safepoint: 208459 ns, At safepoint: 4708 ns, Total: 213167 ns
[2022-05-02T00:17:27.397+0000][161][safepoint   ] Safepoint "Cleanup", Time since last: 5007137794 ns, Reaching safepoint: 358167 ns, At safepoint: 6791 ns, Total: 364958 ns
[2022-05-02T00:17:28.399+0000][161][safepoint   ] Safepoint "Cleanup", Time since last: 1001993668 ns, Reaching safepoint: 428166 ns, At safepoint: 11417 ns, Total: 439583 ns
[2022-05-02T00:17:31.427+0000][161][safepoint   ] Safepoint "Cleanup", Time since last: 3027561501 ns, Reaching safepoint: 383042 ns, At safepoint: 16208 ns, Total: 399250 ns
[2022-05-02T00:17:34.434+0000][161][safepoint   ] Safepoint "Cleanup", Time since last: 3005291210 ns, Reaching safepoint: 1048208 ns, At safepoint: 11209 ns, Total: 1059417 ns
[2022-05-02T00:17:47.464+0000][161][safepoint   ] Safepoint "Cleanup", Time since last: 13030105006 ns, Reaching safepoint: 155750 ns, At safepoint: 8083 ns, Total: 163833 ns
[2022-05-02T00:17:55.473+0000][161][safepoint   ] Safepoint "Cleanup", Time since last: 8012368296 ns, Reaching safepoint: 386333 ns, At safepoint: 8125 ns, Total: 394458 ns
[2022-05-02T00:18:03.647+0000][161][gc,start    ] GC(58) Pause Young (Normal) (G1 Evacuation Pause)
[2022-05-02T00:18:03.648+0000][161][gc,task     ] GC(58) Using 5 workers of 5 for evacuation
[2022-05-02T00:18:03.649+0000][161][gc,age      ] GC(58) Desired survivor size 20971520 bytes, new threshold 15 (max threshold 15)
[2022-05-02T00:18:03.654+0000][161][gc,age      ] GC(58) Age table with threshold 15 (max threshold 15)
[2022-05-02T00:18:03.655+0000][161][gc,age      ] GC(58) - age   1:    1396272 bytes,    1396272 total
[2022-05-02T00:18:03.656+0000][161][gc,age      ] GC(58) - age   2:       3176 bytes,    1399448 total
[2022-05-02T00:18:03.657+0000][161][gc,age      ] GC(58) - age   3:       1152 bytes,    1400600 total
[2022-05-02T00:18:03.658+0000][161][gc,age      ] GC(58) - age   4:       3400 bytes,    1404000 total
[2022-05-02T00:18:03.659+0000][161][gc,age      ] GC(58) - age   5:       2080 bytes,    1406080 total
[2022-05-02T00:18:03.660+0000][161][gc,age      ] GC(58) - age   6:       3496 bytes,    1409576 total
[2022-05-02T00:18:03.661+0000][161][gc,age      ] GC(58) - age   7:       2584 bytes,    1412160 total
[2022-05-02T00:18:03.662+0000][161][gc,age      ] GC(58) - age   8:       5608 bytes,    1417768 total
[2022-05-02T00:18:03.662+0000][161][gc,age      ] GC(58) - age   9:       7320 bytes,    1425088 total
[2022-05-02T00:18:03.663+0000][161][gc,age      ] GC(58) - age  10:       5792 bytes,    1430880 total
[2022-05-02T00:18:03.664+0000][161][gc,age      ] GC(58) - age  11:       1272 bytes,    1432152 total
[2022-05-02T00:18:03.664+0000][161][gc,age      ] GC(58) - age  12:      56344 bytes,    1488496 total
[2022-05-02T00:18:03.665+0000][161][gc,age      ] GC(58) - age  13:        368 bytes,    1488864 total
[2022-05-02T00:18:03.666+0000][161][gc,age      ] GC(58) - age  14:      41416 bytes,    1530280 total
[2022-05-02T00:18:03.667+0000][161][gc,age      ] GC(58) - age  15:       3064 bytes,    1533344 total
[2022-05-02T00:18:03.668+0000][161][gc,phases   ] GC(58)   Pre Evacuate Collection Set: 0.3ms
[2022-05-02T00:18:03.669+0000][161][gc,phases   ] GC(58)   Merge Heap Roots: 0.3ms
[2022-05-02T00:18:03.670+0000][161][gc,phases   ] GC(58)   Evacuate Collection Set: 1.8ms
[2022-05-02T00:18:03.671+0000][161][gc,phases   ] GC(58)   Post Evacuate Collection Set: 1.1ms
[2022-05-02T00:18:03.672+0000][161][gc,phases   ] GC(58)   Other: 18.1ms
[2022-05-02T00:18:03.672+0000][161][gc,heap     ] GC(58) Eden regions: 75->0(75)
[2022-05-02T00:18:03.673+0000][161][gc,heap     ] GC(58) Survivor regions: 1->1(10)
[2022-05-02T00:18:03.674+0000][161][gc,heap     ] GC(58) Old regions: 23->23
[2022-05-02T00:18:03.674+0000][161][gc,heap     ] GC(58) Archive regions: 2->2
[2022-05-02T00:18:03.675+0000][161][gc,heap     ] GC(58) Humongous regions: 6->6
[2022-05-02T00:18:03.676+0000][161][gc,metaspace] GC(58) Metaspace: 117036K(118912K)->117036K(118912K) NonClass: 101451K(102592K)->101451K(102592K) Class: 15584K(16320K)->15584K(16320K)
[2022-05-02T00:18:03.677+0000][161][gc          ] GC(58) Pause Young (Normal) (G1 Evacuation Pause) 417M->117M(512M) 30.168ms
[2022-05-02T00:18:03.678+0000][161][gc,cpu      ] GC(58) User=0.01s Sys=0.00s Real=0.03s
[2022-05-02T00:18:03.678+0000][161][safepoint   ] Safepoint "G1CollectForAllocation", Time since last: 8173481004 ns, Reaching safepoint: 107250 ns, At safepoint: 31449250 ns, Total: 31556500 ns
[2022-05-02T00:18:07.686+0000][161][safepoint   ] Safepoint "Cleanup", Time since last: 4007776585 ns, Reaching safepoint: 263792 ns, At safepoint: 9750 ns, Total: 273542 ns
[2022-05-02T00:18:10.697+0000][161][safepoint   ] Safepoint "Cleanup", Time since last: 3010268209 ns, Reaching safepoint: 140125 ns, At safepoint: 4584 ns, Total: 144709 ns
[2022-05-02T00:18:16.707+0000][161][safepoint   ] Safepoint "Cleanup", Time since last: 6009555711 ns, Reaching safepoint: 554208 ns, At safepoint: 4750 ns, Total: 558958 ns
[2022-05-02T00:18:17.713+0000][161][safepoint   ] Safepoint "Cleanup", Time since last: 1006082876 ns, Reaching safepoint: 149958 ns, At safepoint: 5833 ns, Total: 155791 ns
[2022-05-02T00:18:21.723+0000][161][safepoint   ] Safepoint "Cleanup", Time since last: 4010391044 ns, Reaching safepoint: 128041 ns, At safepoint: 4834 ns, Total: 132875 ns
[2022-05-02T00:18:27.743+0000][161][safepoint   ] Safepoint "Cleanup", Time since last: 6019185003 ns, Reaching safepoint: 360250 ns, At safepoint: 7041 ns, Total: 367291 ns
[2022-05-02T00:18:39.762+0000][161][safepoint   ] Safepoint "Cleanup", Time since last: 12019002506 ns, Reaching safepoint: 86167 ns, At safepoint: 4250 ns, Total: 90417 ns
[2022-05-02T00:18:42.769+0000][161][safepoint   ] Safepoint "Cleanup", Time since last: 3006973584 ns, Reaching safepoint: 74834 ns, At safepoint: 31250 ns, Total: 106084 ns
[2022-05-02T00:18:47.776+0000][161][safepoint   ] Safepoint "Cleanup", Time since last: 5007115169 ns, Reaching safepoint: 210250 ns, At safepoint: 8417 ns, Total: 218667 ns
[2022-05-02T00:18:49.796+0000][161][safepoint   ] Safepoint "Cleanup", Time since last: 2019128500 ns, Reaching safepoint: 325834 ns, At safepoint: 5833 ns, Total: 331667 ns
[2022-05-02T00:18:53.806+0000][161][safepoint   ] Safepoint "Cleanup", Time since last: 4009001084 ns, Reaching safepoint: 315792 ns, At safepoint: 23042 ns, Total: 338834 ns
[2022-05-02T00:18:55.810+0000][161][safepoint   ] Safepoint "Cleanup", Time since last: 2003360084 ns, Reaching safepoint: 459000 ns, At safepoint: 14000 ns, Total: 473000 ns
[2022-05-02T00:18:57.817+0000][161][safepoint   ] Safepoint "Cleanup", Time since last: 2007428876 ns, Reaching safepoint: 182500 ns, At safepoint: 4083 ns, Total: 186583 ns
[2022-05-02T00:19:03.827+0000][161][safepoint   ] Safepoint "Cleanup", Time since last: 6009686045 ns, Reaching safepoint: 143083 ns, At safepoint: 5334 ns, Total: 148417 ns
[2022-05-02T00:19:04.100+0000][161][gc,start    ] GC(59) Pause Young (Normal) (G1 Evacuation Pause)
[2022-05-02T00:19:04.101+0000][161][gc,task     ] GC(59) Using 5 workers of 5 for evacuation
[2022-05-02T00:19:04.101+0000][161][gc,age      ] GC(59) Desired survivor size 20971520 bytes, new threshold 15 (max threshold 15)
[2022-05-02T00:19:04.104+0000][161][gc,age      ] GC(59) Age table with threshold 15 (max threshold 15)
[2022-05-02T00:19:04.105+0000][161][gc,age      ] GC(59) - age   1:     801952 bytes,     801952 total
[2022-05-02T00:19:04.106+0000][161][gc,age      ] GC(59) - age   2:       8120 bytes,     810072 total
[2022-05-02T00:19:04.107+0000][161][gc,age      ] GC(59) - age   3:       1056 bytes,     811128 total
[2022-05-02T00:19:04.108+0000][161][gc,age      ] GC(59) - age   4:        480 bytes,     811608 total
[2022-05-02T00:19:04.108+0000][161][gc,age      ] GC(59) - age   5:       3400 bytes,     815008 total
[2022-05-02T00:19:04.109+0000][161][gc,age      ] GC(59) - age   6:       2048 bytes,     817056 total
[2022-05-02T00:19:04.110+0000][161][gc,age      ] GC(59) - age   7:       3496 bytes,     820552 total
[2022-05-02T00:19:04.111+0000][161][gc,age      ] GC(59) - age   8:       2584 bytes,     823136 total
[2022-05-02T00:19:04.113+0000][161][gc,age      ] GC(59) - age   9:       5608 bytes,     828744 total
[2022-05-02T00:19:04.114+0000][161][gc,age      ] GC(59) - age  10:       7320 bytes,     836064 total
[2022-05-02T00:19:04.114+0000][161][gc,age      ] GC(59) - age  11:       3664 bytes,     839728 total
[2022-05-02T00:19:04.114+0000][161][gc,age      ] GC(59) - age  12:       1272 bytes,     841000 total
[2022-05-02T00:19:04.115+0000][161][gc,age      ] GC(59) - age  13:      56344 bytes,     897344 total
[2022-05-02T00:19:04.116+0000][161][gc,age      ] GC(59) - age  14:        368 bytes,     897712 total
[2022-05-02T00:19:04.116+0000][161][gc,age      ] GC(59) - age  15:      41416 bytes,     939128 total
[2022-05-02T00:19:04.117+0000][161][gc,phases   ] GC(59)   Pre Evacuate Collection Set: 0.3ms
[2022-05-02T00:19:04.118+0000][161][gc,phases   ] GC(59)   Merge Heap Roots: 0.1ms
[2022-05-02T00:19:04.119+0000][161][gc,phases   ] GC(59)   Evacuate Collection Set: 0.8ms
[2022-05-02T00:19:04.119+0000][161][gc,phases   ] GC(59)   Post Evacuate Collection Set: 0.7ms
[2022-05-02T00:19:04.120+0000][161][gc,phases   ] GC(59)   Other: 14.9ms
[2022-05-02T00:19:04.121+0000][161][gc,heap     ] GC(59) Eden regions: 75->0(75)
[2022-05-02T00:19:04.122+0000][161][gc,heap     ] GC(59) Survivor regions: 1->1(10)
[2022-05-02T00:19:04.122+0000][161][gc,heap     ] GC(59) Old regions: 23->23
[2022-05-02T00:19:04.123+0000][161][gc,heap     ] GC(59) Archive regions: 2->2
[2022-05-02T00:19:04.123+0000][161][gc,heap     ] GC(59) Humongous regions: 6->6
[2022-05-02T00:19:04.124+0000][161][gc,metaspace] GC(59) Metaspace: 117048K(118912K)->117048K(118912K) NonClass: 101463K(102592K)->101463K(102592K) Class: 15584K(16320K)->15584K(16320K)
[2022-05-02T00:19:04.125+0000][161][gc          ] GC(59) Pause Young (Normal) (G1 Evacuation Pause) 417M->117M(512M) 24.470ms
[2022-05-02T00:19:04.125+0000][161][gc,cpu      ] GC(59) User=0.01s Sys=0.00s Real=0.03s
[2022-05-02T00:19:04.126+0000][161][safepoint   ] Safepoint "G1CollectForAllocation", Time since last: 273271458 ns, Reaching safepoint: 40083 ns, At safepoint: 25987834 ns, Total: 26027917 ns
[2022-05-02T00:19:07.141+0000][161][safepoint   ] Safepoint "Cleanup", Time since last: 3013988126 ns, Reaching safepoint: 303500 ns, At safepoint: 11333 ns, Total: 314833 ns
[2022-05-02T00:19:09.151+0000][161][safepoint   ] Safepoint "Cleanup", Time since last: 2010627460 ns, Reaching safepoint: 270291 ns, At safepoint: 11500 ns, Total: 281791 ns
[2022-05-02T00:19:14.167+0000][161][safepoint   ] Safepoint "Cleanup", Time since last: 5015019044 ns, Reaching safepoint: 212167 ns, At safepoint: 83208 ns, Total: 295375 ns
[2022-05-02T00:19:15.852+0000][161][safepoint   ] Safepoint "Cleanup", Time since last: 1685209793 ns, Reaching safepoint: 60583 ns, At safepoint: 2250 ns, Total: 62833 ns
[2022-05-02T00:19:16.853+0000][161][safepoint   ] Safepoint "Cleanup", Time since last: 1001127626 ns, Reaching safepoint: 188416 ns, At safepoint: 4625 ns, Total: 193041 ns
[2022-05-02T00:19:22.537+0000][161][safepoint   ] Safepoint "Cleanup", Time since last: 5682642419 ns, Reaching safepoint: 759041 ns, At safepoint: 12459 ns, Total: 771500 ns
[2022-05-02T00:19:42.741+0000][161][safepoint   ] Safepoint "Cleanup", Time since last: 20203231384 ns, Reaching safepoint: 249042 ns, At safepoint: 9417 ns, Total: 258459 ns
[2022-05-02T00:19:45.743+0000][161][safepoint   ] Safepoint "Cleanup", Time since last: 3001704668 ns, Reaching safepoint: 41667 ns, At safepoint: 2375 ns, Total: 44042 ns
[2022-05-02T00:19:47.747+0000][161][safepoint   ] Safepoint "Cleanup", Time since last: 2003704875 ns, Reaching safepoint: 242959 ns, At safepoint: 14958 ns, Total: 257917 ns
[2022-05-02T00:20:03.576+0000][161][gc,start    ] GC(60) Pause Young (Normal) (G1 Evacuation Pause)
[2022-05-02T00:20:03.577+0000][161][gc,task     ] GC(60) Using 5 workers of 5 for evacuation
[2022-05-02T00:20:03.578+0000][161][gc,age      ] GC(60) Desired survivor size 20971520 bytes, new threshold 15 (max threshold 15)
[2022-05-02T00:20:03.581+0000][161][gc,age      ] GC(60) Age table with threshold 15 (max threshold 15)
[2022-05-02T00:20:03.582+0000][161][gc,age      ] GC(60) - age   1:     946888 bytes,     946888 total
[2022-05-02T00:20:03.583+0000][161][gc,age      ] GC(60) - age   2:       6392 bytes,     953280 total
[2022-05-02T00:20:03.583+0000][161][gc,age      ] GC(60) - age   3:       5744 bytes,     959024 total
[2022-05-02T00:20:03.584+0000][161][gc,age      ] GC(60) - age   4:        704 bytes,     959728 total
[2022-05-02T00:20:03.584+0000][161][gc,age      ] GC(60) - age   5:        480 bytes,     960208 total
[2022-05-02T00:20:03.585+0000][161][gc,age      ] GC(60) - age   6:       3288 bytes,     963496 total
[2022-05-02T00:20:03.585+0000][161][gc,age      ] GC(60) - age   7:       2048 bytes,     965544 total
[2022-05-02T00:20:03.586+0000][161][gc,age      ] GC(60) - age   8:       3408 bytes,     968952 total
[2022-05-02T00:20:03.587+0000][161][gc,age      ] GC(60) - age   9:       2584 bytes,     971536 total
[2022-05-02T00:20:03.588+0000][161][gc,age      ] GC(60) - age  10:       5608 bytes,     977144 total
[2022-05-02T00:20:03.589+0000][161][gc,age      ] GC(60) - age  11:       7320 bytes,     984464 total
[2022-05-02T00:20:03.590+0000][161][gc,age      ] GC(60) - age  12:       3664 bytes,     988128 total
[2022-05-02T00:20:03.590+0000][161][gc,age      ] GC(60) - age  13:       1272 bytes,     989400 total
[2022-05-02T00:20:03.591+0000][161][gc,age      ] GC(60) - age  14:      56032 bytes,    1045432 total
[2022-05-02T00:20:03.592+0000][161][gc,age      ] GC(60) - age  15:        368 bytes,    1045800 total
[2022-05-02T00:20:03.592+0000][161][gc,phases   ] GC(60)   Pre Evacuate Collection Set: 0.3ms
[2022-05-02T00:20:03.593+0000][161][gc,phases   ] GC(60)   Merge Heap Roots: 0.2ms
[2022-05-02T00:20:03.594+0000][161][gc,phases   ] GC(60)   Evacuate Collection Set: 0.9ms
[2022-05-02T00:20:03.594+0000][161][gc,phases   ] GC(60)   Post Evacuate Collection Set: 0.8ms
[2022-05-02T00:20:03.595+0000][161][gc,phases   ] GC(60)   Other: 13.6ms
[2022-05-02T00:20:03.596+0000][161][gc,heap     ] GC(60) Eden regions: 75->0(75)
[2022-05-02T00:20:03.597+0000][161][gc,heap     ] GC(60) Survivor regions: 1->1(10)
[2022-05-02T00:20:03.598+0000][161][gc,heap     ] GC(60) Old regions: 23->23
[2022-05-02T00:20:03.598+0000][161][gc,heap     ] GC(60) Archive regions: 2->2
[2022-05-02T00:20:03.599+0000][161][gc,heap     ] GC(60) Humongous regions: 6->6
[2022-05-02T00:20:03.600+0000][161][gc,metaspace] GC(60) Metaspace: 117059K(118976K)->117059K(118976K) NonClass: 101474K(102656K)->101474K(102656K) Class: 15585K(16320K)->15585K(16320K)
[2022-05-02T00:20:03.600+0000][161][gc          ] GC(60) Pause Young (Normal) (G1 Evacuation Pause) 417M->117M(512M) 24.048ms
[2022-05-02T00:20:03.601+0000][161][gc,cpu      ] GC(60) User=0.01s Sys=0.01s Real=0.02s
[2022-05-02T00:20:03.602+0000][161][safepoint   ] Safepoint "G1CollectForAllocation", Time since last: 15830420007 ns, Reaching safepoint: 70000 ns, At safepoint: 25444833 ns, Total: 25514833 ns
[2022-05-02T00:20:04.603+0000][161][safepoint   ] Safepoint "Cleanup", Time since last: 1000795167 ns, Reaching safepoint: 90917 ns, At safepoint: 5708 ns, Total: 96625 ns
[2022-05-02T00:20:09.619+0000][161][safepoint   ] Safepoint "Cleanup", Time since last: 5016105503 ns, Reaching safepoint: 42291 ns, At safepoint: 2125 ns, Total: 44416 ns
[2022-05-02T00:20:12.630+0000][161][safepoint   ] Safepoint "Cleanup", Time since last: 3011347252 ns, Reaching safepoint: 195208 ns, At safepoint: 12583 ns, Total: 207791 ns
[2022-05-02T00:20:18.645+0000][161][safepoint   ] Safepoint "Cleanup", Time since last: 6014613545 ns, Reaching safepoint: 46167 ns, At safepoint: 3750 ns, Total: 49917 ns
[2022-05-02T00:20:19.646+0000][161][safepoint   ] Safepoint "Cleanup", Time since last: 1000712875 ns, Reaching safepoint: 265792 ns, At safepoint: 7750 ns, Total: 273542 ns
[2022-05-02T00:20:22.649+0000][161][safepoint   ] Safepoint "Cleanup", Time since last: 3003543251 ns, Reaching safepoint: 258125 ns, At safepoint: 12375 ns, Total: 270500 ns
[2022-05-02T00:20:39.680+0000][161][safepoint   ] Safepoint "Cleanup", Time since last: 17030273300 ns, Reaching safepoint: 57166 ns, At safepoint: 2292 ns, Total: 59458 ns
[2022-05-02T00:20:47.698+0000][161][safepoint   ] Safepoint "Cleanup", Time since last: 8017177337 ns, Reaching safepoint: 1186333 ns, At safepoint: 10584 ns, Total: 1196917 ns
[2022-05-02T00:20:52.709+0000][161][safepoint   ] Safepoint "Cleanup", Time since last: 5013704460 ns, Reaching safepoint: 168250 ns, At safepoint: 4375 ns, Total: 172625 ns
[2022-05-02T00:20:55.713+0000][161][safepoint   ] Safepoint "Cleanup", Time since last: 3003022877 ns, Reaching safepoint: 82000 ns, At safepoint: 2375 ns, Total: 84375 ns
[2022-05-02T00:21:07.731+0000][161][safepoint   ] Safepoint "Cleanup", Time since last: 12018118339 ns, Reaching safepoint: 336416 ns, At safepoint: 9459 ns, Total: 345875 ns
[2022-05-02T00:21:08.516+0000][161][gc,start    ] GC(61) Pause Young (Normal) (G1 Evacuation Pause)
[2022-05-02T00:21:08.522+0000][161][gc,task     ] GC(61) Using 5 workers of 5 for evacuation
[2022-05-02T00:21:08.528+0000][161][gc,age      ] GC(61) Desired survivor size 20971520 bytes, new threshold 15 (max threshold 15)
[2022-05-02T00:21:08.545+0000][161][gc,age      ] GC(61) Age table with threshold 15 (max threshold 15)
[2022-05-02T00:21:08.547+0000][161][gc,age      ] GC(61) - age   1:    1328752 bytes,    1328752 total
[2022-05-02T00:21:08.548+0000][161][gc,age      ] GC(61) - age   2:       3784 bytes,    1332536 total
[2022-05-02T00:21:08.550+0000][161][gc,age      ] GC(61) - age   3:       3792 bytes,    1336328 total
[2022-05-02T00:21:08.551+0000][161][gc,age      ] GC(61) - age   4:       5400 bytes,    1341728 total
[2022-05-02T00:21:08.552+0000][161][gc,age      ] GC(61) - age   5:        512 bytes,    1342240 total
[2022-05-02T00:21:08.553+0000][161][gc,age      ] GC(61) - age   6:        480 bytes,    1342720 total
[2022-05-02T00:21:08.555+0000][161][gc,age      ] GC(61) - age   7:       3200 bytes,    1345920 total
[2022-05-02T00:21:08.556+0000][161][gc,age      ] GC(61) - age   8:       2048 bytes,    1347968 total
[2022-05-02T00:21:08.558+0000][161][gc,age      ] GC(61) - age   9:       3408 bytes,    1351376 total
[2022-05-02T00:21:08.561+0000][161][gc,age      ] GC(61) - age  10:       2584 bytes,    1353960 total
[2022-05-02T00:21:08.562+0000][161][gc,age      ] GC(61) - age  11:       5496 bytes,    1359456 total
[2022-05-02T00:21:08.563+0000][161][gc,age      ] GC(61) - age  12:       7320 bytes,    1366776 total
[2022-05-02T00:21:08.565+0000][161][gc,age      ] GC(61) - age  13:       3664 bytes,    1370440 total
[2022-05-02T00:21:08.566+0000][161][gc,age      ] GC(61) - age  14:       1272 bytes,    1371712 total
[2022-05-02T00:21:08.567+0000][161][gc,age      ] GC(61) - age  15:      56032 bytes,    1427744 total
[2022-05-02T00:21:08.569+0000][161][gc,phases   ] GC(61)   Pre Evacuate Collection Set: 0.2ms
[2022-05-02T00:21:08.570+0000][161][gc,phases   ] GC(61)   Merge Heap Roots: 0.1ms
[2022-05-02T00:21:08.572+0000][161][gc,phases   ] GC(61)   Evacuate Collection Set: 9.0ms
[2022-05-02T00:21:08.573+0000][161][gc,phases   ] GC(61)   Post Evacuate Collection Set: 2.0ms
[2022-05-02T00:21:08.574+0000][161][gc,phases   ] GC(61)   Other: 41.4ms
[2022-05-02T00:21:08.574+0000][161][gc,heap     ] GC(61) Eden regions: 75->0(75)
[2022-05-02T00:21:08.575+0000][161][gc,heap     ] GC(61) Survivor regions: 1->1(10)
[2022-05-02T00:21:08.576+0000][161][gc,heap     ] GC(61) Old regions: 23->23
[2022-05-02T00:21:08.577+0000][161][gc,heap     ] GC(61) Archive regions: 2->2
[2022-05-02T00:21:08.579+0000][161][gc,heap     ] GC(61) Humongous regions: 6->6
[2022-05-02T00:21:08.580+0000][161][gc,metaspace] GC(61) Metaspace: 117071K(118976K)->117071K(118976K) NonClass: 101484K(102656K)->101484K(102656K) Class: 15586K(16320K)->15586K(16320K)
[2022-05-02T00:21:08.581+0000][161][gc          ] GC(61) Pause Young (Normal) (G1 Evacuation Pause) 417M->117M(512M) 65.135ms
[2022-05-02T00:21:08.582+0000][161][gc,cpu      ] GC(61) User=0.03s Sys=0.01s Real=0.07s
[2022-05-02T00:21:08.583+0000][161][safepoint   ] Safepoint "G1CollectForAllocation", Time since last: 784516083 ns, Reaching safepoint: 285875 ns, At safepoint: 67278459 ns, Total: 67564334 ns
[2022-05-02T00:21:13.595+0000][161][safepoint   ] Safepoint "Cleanup", Time since last: 5012155169 ns, Reaching safepoint: 183916 ns, At safepoint: 7167 ns, Total: 191083 ns
[2022-05-02T00:21:15.601+0000][161][safepoint   ] Safepoint "Cleanup", Time since last: 2005493293 ns, Reaching safepoint: 73375 ns, At safepoint: 3083 ns, Total: 76458 ns
[2022-05-02T00:21:20.423+0000][161][safepoint   ] Safepoint "Cleanup", Time since last: 4822069294 ns, Reaching safepoint: 152625 ns, At safepoint: 11167 ns, Total: 163792 ns
[2022-05-02T00:21:21.428+0000][161][safepoint   ] Safepoint "Cleanup", Time since last: 1002195333 ns, Reaching safepoint: 216458 ns, At safepoint: 6750 ns, Total: 223208 ns
[2022-05-02T00:21:22.431+0000][161][safepoint   ] Safepoint "Cleanup", Time since last: 1001946542 ns, Reaching safepoint: 213375 ns, At safepoint: 4500 ns, Total: 217875 ns
[2022-05-02T00:21:25.442+0000][161][safepoint   ] Safepoint "Cleanup", Time since last: 3011381460 ns, Reaching safepoint: 412208 ns, At safepoint: 27917 ns, Total: 440125 ns
[2022-05-02T00:21:28.464+0000][161][safepoint   ] Safepoint "Cleanup", Time since last: 3020797418 ns, Reaching safepoint: 785458 ns, At safepoint: 13209 ns, Total: 798667 ns
[2022-05-02T00:21:29.484+0000][161][safepoint   ] Safepoint "Cleanup", Time since last: 1019309250 ns, Reaching safepoint: 307833 ns, At safepoint: 9000 ns, Total: 316833 ns
[2022-05-02T00:21:37.499+0000][161][safepoint   ] Safepoint "Cleanup", Time since last: 8014262546 ns, Reaching safepoint: 715958 ns, At safepoint: 14875 ns, Total: 730833 ns
[2022-05-02T00:21:46.525+0000][161][safepoint   ] Safepoint "Cleanup", Time since last: 9025802838 ns, Reaching safepoint: 180000 ns, At safepoint: 9542 ns, Total: 189542 ns
[2022-05-02T00:21:48.530+0000][161][safepoint   ] Safepoint "Cleanup", Time since last: 2002397001 ns, Reaching safepoint: 3173458 ns, At safepoint: 25750 ns, Total: 3199208 ns
[2022-05-02T00:22:10.449+0000][161][gc,start    ] GC(62) Pause Young (Normal) (G1 Evacuation Pause)
[2022-05-02T00:22:10.450+0000][161][gc,task     ] GC(62) Using 5 workers of 5 for evacuation
[2022-05-02T00:22:10.451+0000][161][gc,age      ] GC(62) Desired survivor size 20971520 bytes, new threshold 15 (max threshold 15)
[2022-05-02T00:22:10.454+0000][161][gc,age      ] GC(62) Age table with threshold 15 (max threshold 15)
[2022-05-02T00:22:10.454+0000][161][gc,age      ] GC(62) - age   1:    1063736 bytes,    1063736 total
[2022-05-02T00:22:10.455+0000][161][gc,age      ] GC(62) - age   2:       5960 bytes,    1069696 total
[2022-05-02T00:22:10.456+0000][161][gc,age      ] GC(62) - age   3:       2848 bytes,    1072544 total
[2022-05-02T00:22:10.457+0000][161][gc,age      ] GC(62) - age   4:       3792 bytes,    1076336 total
[2022-05-02T00:22:10.457+0000][161][gc,age      ] GC(62) - age   5:       5088 bytes,    1081424 total
[2022-05-02T00:22:10.458+0000][161][gc,age      ] GC(62) - age   6:        200 bytes,    1081624 total
[2022-05-02T00:22:10.459+0000][161][gc,age      ] GC(62) - age   7:        480 bytes,    1082104 total
[2022-05-02T00:22:10.460+0000][161][gc,age      ] GC(62) - age   8:       3200 bytes,    1085304 total
[2022-05-02T00:22:10.461+0000][161][gc,age      ] GC(62) - age   9:       2048 bytes,    1087352 total
[2022-05-02T00:22:10.462+0000][161][gc,age      ] GC(62) - age  10:       3408 bytes,    1090760 total
[2022-05-02T00:22:10.462+0000][161][gc,age      ] GC(62) - age  11:       2584 bytes,    1093344 total
[2022-05-02T00:22:10.463+0000][161][gc,age      ] GC(62) - age  12:       5496 bytes,    1098840 total
[2022-05-02T00:22:10.464+0000][161][gc,age      ] GC(62) - age  13:       7320 bytes,    1106160 total
[2022-05-02T00:22:10.464+0000][161][gc,age      ] GC(62) - age  14:       3616 bytes,    1109776 total
[2022-05-02T00:22:10.465+0000][161][gc,age      ] GC(62) - age  15:       1272 bytes,    1111048 total
[2022-05-02T00:22:10.466+0000][161][gc,phases   ] GC(62)   Pre Evacuate Collection Set: 0.2ms
[2022-05-02T00:22:10.466+0000][161][gc,phases   ] GC(62)   Merge Heap Roots: 0.1ms
[2022-05-02T00:22:10.467+0000][161][gc,phases   ] GC(62)   Evacuate Collection Set: 1.1ms
[2022-05-02T00:22:10.467+0000][161][gc,phases   ] GC(62)   Post Evacuate Collection Set: 0.7ms
[2022-05-02T00:22:10.468+0000][161][gc,phases   ] GC(62)   Other: 14.7ms
[2022-05-02T00:22:10.469+0000][161][gc,heap     ] GC(62) Eden regions: 75->0(75)
[2022-05-02T00:22:10.469+0000][161][gc,heap     ] GC(62) Survivor regions: 1->1(10)
[2022-05-02T00:22:10.470+0000][161][gc,heap     ] GC(62) Old regions: 23->23
[2022-05-02T00:22:10.470+0000][161][gc,heap     ] GC(62) Archive regions: 2->2
[2022-05-02T00:22:10.471+0000][161][gc,heap     ] GC(62) Humongous regions: 6->6
[2022-05-02T00:22:10.471+0000][161][gc,metaspace] GC(62) Metaspace: 117217K(119104K)->117217K(119104K) NonClass: 101613K(102784K)->101613K(102784K) Class: 15604K(16320K)->15604K(16320K)
[2022-05-02T00:22:10.472+0000][161][gc          ] GC(62) Pause Young (Normal) (G1 Evacuation Pause) 417M->117M(512M) 22.892ms
[2022-05-02T00:22:10.473+0000][161][gc,cpu      ] GC(62) User=0.01s Sys=0.00s Real=0.03s
[2022-05-02T00:22:10.474+0000][161][safepoint   ] Safepoint "G1CollectForAllocation", Time since last: 21913404510 ns, Reaching safepoint: 124833 ns, At safepoint: 24697792 ns, Total: 24822625 ns
[2022-05-02T00:22:12.476+0000][161][safepoint   ] Safepoint "Cleanup", Time since last: 2001353626 ns, Reaching safepoint: 315625 ns, At safepoint: 15208 ns, Total: 330833 ns
[2022-05-02T00:22:19.504+0000][161][safepoint   ] Safepoint "Cleanup", Time since last: 7027789045 ns, Reaching safepoint: 569875 ns, At safepoint: 13792 ns, Total: 583667 ns
[2022-05-02T00:22:48.545+0000][161][safepoint   ] Safepoint "Cleanup", Time since last: 29046449554 ns, Reaching safepoint: 267375 ns, At safepoint: 18125 ns, Total: 285500 ns
[2022-05-02T00:22:55.562+0000][161][safepoint   ] Safepoint "Cleanup", Time since last: 7016203129 ns, Reaching safepoint: 258166 ns, At safepoint: 24875 ns, Total: 283041 ns
[2022-05-02T00:23:01.569+0000][161][safepoint   ] Safepoint "Cleanup", Time since last: 6006447045 ns, Reaching safepoint: 79416 ns, At safepoint: 2792 ns, Total: 82208 ns
[2022-05-02T00:23:02.571+0000][161][safepoint   ] Safepoint "Cleanup", Time since last: 1001917917 ns, Reaching safepoint: 146000 ns, At safepoint: 5417 ns, Total: 151417 ns
[2022-05-02T00:23:09.925+0000][161][gc,start    ] GC(63) Pause Young (Normal) (G1 Evacuation Pause)
[2022-05-02T00:23:09.926+0000][161][gc,task     ] GC(63) Using 5 workers of 5 for evacuation
[2022-05-02T00:23:09.926+0000][161][gc,age      ] GC(63) Desired survivor size 20971520 bytes, new threshold 15 (max threshold 15)
[2022-05-02T00:23:09.929+0000][161][gc,age      ] GC(63) Age table with threshold 15 (max threshold 15)
[2022-05-02T00:23:09.930+0000][161][gc,age      ] GC(63) - age   1:     827848 bytes,     827848 total
[2022-05-02T00:23:09.931+0000][161][gc,age      ] GC(63) - age   2:      91624 bytes,     919472 total
[2022-05-02T00:23:09.932+0000][161][gc,age      ] GC(63) - age   3:       3880 bytes,     923352 total
[2022-05-02T00:23:09.933+0000][161][gc,age      ] GC(63) - age   4:       2440 bytes,     925792 total
[2022-05-02T00:23:09.934+0000][161][gc,age      ] GC(63) - age   5:       3664 bytes,     929456 total
[2022-05-02T00:23:09.934+0000][161][gc,age      ] GC(63) - age   6:       5088 bytes,     934544 total
[2022-05-02T00:23:09.935+0000][161][gc,age      ] GC(63) - age   7:        200 bytes,     934744 total
[2022-05-02T00:23:09.936+0000][161][gc,age      ] GC(63) - age   8:        480 bytes,     935224 total
[2022-05-02T00:23:09.937+0000][161][gc,age      ] GC(63) - age   9:       3200 bytes,     938424 total
[2022-05-02T00:23:09.937+0000][161][gc,age      ] GC(63) - age  10:       2048 bytes,     940472 total
[2022-05-02T00:23:09.939+0000][161][gc,age      ] GC(63) - age  11:       3408 bytes,     943880 total
[2022-05-02T00:23:09.939+0000][161][gc,age      ] GC(63) - age  12:       2584 bytes,     946464 total
[2022-05-02T00:23:09.940+0000][161][gc,age      ] GC(63) - age  13:       5496 bytes,     951960 total
[2022-05-02T00:23:09.940+0000][161][gc,age      ] GC(63) - age  14:       7320 bytes,     959280 total
[2022-05-02T00:23:09.941+0000][161][gc,age      ] GC(63) - age  15:       3616 bytes,     962896 total
[2022-05-02T00:23:09.942+0000][161][gc,phases   ] GC(63)   Pre Evacuate Collection Set: 0.1ms
[2022-05-02T00:23:09.942+0000][161][gc,phases   ] GC(63)   Merge Heap Roots: 0.1ms
[2022-05-02T00:23:09.943+0000][161][gc,phases   ] GC(63)   Evacuate Collection Set: 1.1ms
[2022-05-02T00:23:09.943+0000][161][gc,phases   ] GC(63)   Post Evacuate Collection Set: 0.8ms
[2022-05-02T00:23:09.944+0000][161][gc,phases   ] GC(63)   Other: 14.1ms
[2022-05-02T00:23:09.944+0000][161][gc,heap     ] GC(63) Eden regions: 75->0(75)
[2022-05-02T00:23:09.945+0000][161][gc,heap     ] GC(63) Survivor regions: 1->1(10)
[2022-05-02T00:23:09.946+0000][161][gc,heap     ] GC(63) Old regions: 23->23
[2022-05-02T00:23:09.946+0000][161][gc,heap     ] GC(63) Archive regions: 2->2
[2022-05-02T00:23:09.946+0000][161][gc,heap     ] GC(63) Humongous regions: 6->6
[2022-05-02T00:23:09.947+0000][161][gc,metaspace] GC(63) Metaspace: 117220K(119104K)->117220K(119104K) NonClass: 101616K(102784K)->101616K(102784K) Class: 15604K(16320K)->15604K(16320K)
[2022-05-02T00:23:09.948+0000][161][gc          ] GC(63) Pause Young (Normal) (G1 Evacuation Pause) 417M->117M(512M) 22.792ms
[2022-05-02T00:23:09.949+0000][161][gc,cpu      ] GC(63) User=0.01s Sys=0.00s Real=0.02s
[2022-05-02T00:23:09.949+0000][161][safepoint   ] Safepoint "G1CollectForAllocation", Time since last: 7354294378 ns, Reaching safepoint: 145250 ns, At safepoint: 23836084 ns, Total: 23981334 ns
[2022-05-02T00:23:12.958+0000][161][safepoint   ] Safepoint "Cleanup", Time since last: 3008927459 ns, Reaching safepoint: 460292 ns, At safepoint: 15167 ns, Total: 475459 ns
[2022-05-02T00:23:18.990+0000][161][safepoint   ] Safepoint "Cleanup", Time since last: 6031252503 ns, Reaching safepoint: 99833 ns, At safepoint: 3458 ns, Total: 103291 ns
[2022-05-02T00:23:21.995+0000][161][safepoint   ] Safepoint "Cleanup", Time since last: 3003542459 ns, Reaching safepoint: 191292 ns, At safepoint: 4167 ns, Total: 195459 ns
[2022-05-02T00:23:28.001+0000][161][safepoint   ] Safepoint "Cleanup", Time since last: 6005823586 ns, Reaching safepoint: 163000 ns, At safepoint: 2500 ns, Total: 165500 ns
[2022-05-02T00:23:48.036+0000][161][safepoint   ] Safepoint "Cleanup", Time since last: 20034719510 ns, Reaching safepoint: 507958 ns, At safepoint: 11958 ns, Total: 519916 ns
[2022-05-02T00:23:54.056+0000][161][safepoint   ] Safepoint "Cleanup", Time since last: 6018242294 ns, Reaching safepoint: 3810041 ns, At safepoint: 15584 ns, Total: 3825625 ns
[2022-05-02T00:23:58.073+0000][161][safepoint   ] Safepoint "Cleanup", Time since last: 4016177543 ns, Reaching safepoint: 178417 ns, At safepoint: 3417 ns, Total: 181834 ns
[2022-05-02T00:24:01.074+0000][161][safepoint   ] Safepoint "Cleanup", Time since last: 3001597459 ns, Reaching safepoint: 46125 ns, At safepoint: 2042 ns, Total: 48167 ns
[2022-05-02T00:24:02.076+0000][161][safepoint   ] Safepoint "Cleanup", Time since last: 1001470251 ns, Reaching safepoint: 140416 ns, At safepoint: 5417 ns, Total: 145833 ns
[2022-05-02T00:24:15.815+0000][161][gc,start    ] GC(64) Pause Young (Normal) (G1 Evacuation Pause)
[2022-05-02T00:24:15.816+0000][161][gc,task     ] GC(64) Using 5 workers of 5 for evacuation
[2022-05-02T00:24:15.817+0000][161][gc,age      ] GC(64) Desired survivor size 20971520 bytes, new threshold 15 (max threshold 15)
[2022-05-02T00:24:15.820+0000][161][gc,age      ] GC(64) Age table with threshold 15 (max threshold 15)
[2022-05-02T00:24:15.821+0000][161][gc,age      ] GC(64) - age   1:    1471848 bytes,    1471848 total
[2022-05-02T00:24:15.821+0000][161][gc,age      ] GC(64) - age   2:       2168 bytes,    1474016 total
[2022-05-02T00:24:15.822+0000][161][gc,age      ] GC(64) - age   3:      90240 bytes,    1564256 total
[2022-05-02T00:24:15.823+0000][161][gc,age      ] GC(64) - age   4:       3816 bytes,    1568072 total
[2022-05-02T00:24:15.824+0000][161][gc,age      ] GC(64) - age   5:       2128 bytes,    1570200 total
[2022-05-02T00:24:15.824+0000][161][gc,age      ] GC(64) - age   6:       3664 bytes,    1573864 total
[2022-05-02T00:24:15.825+0000][161][gc,age      ] GC(64) - age   7:       5088 bytes,    1578952 total
[2022-05-02T00:24:15.826+0000][161][gc,age      ] GC(64) - age   8:        200 bytes,    1579152 total
[2022-05-02T00:24:15.827+0000][161][gc,age      ] GC(64) - age   9:        480 bytes,    1579632 total
[2022-05-02T00:24:15.827+0000][161][gc,age      ] GC(64) - age  10:       3200 bytes,    1582832 total
[2022-05-02T00:24:15.828+0000][161][gc,age      ] GC(64) - age  11:       2048 bytes,    1584880 total
[2022-05-02T00:24:15.829+0000][161][gc,age      ] GC(64) - age  12:       3408 bytes,    1588288 total
[2022-05-02T00:24:15.830+0000][161][gc,age      ] GC(64) - age  13:       2584 bytes,    1590872 total
[2022-05-02T00:24:15.830+0000][161][gc,age      ] GC(64) - age  14:       5496 bytes,    1596368 total
[2022-05-02T00:24:15.832+0000][161][gc,age      ] GC(64) - age  15:       7320 bytes,    1603688 total
[2022-05-02T00:24:15.832+0000][161][gc,phases   ] GC(64)   Pre Evacuate Collection Set: 0.1ms
[2022-05-02T00:24:15.833+0000][161][gc,phases   ] GC(64)   Merge Heap Roots: 0.2ms
[2022-05-02T00:24:15.834+0000][161][gc,phases   ] GC(64)   Evacuate Collection Set: 1.5ms
[2022-05-02T00:24:15.834+0000][161][gc,phases   ] GC(64)   Post Evacuate Collection Set: 0.7ms
[2022-05-02T00:24:15.835+0000][161][gc,phases   ] GC(64)   Other: 15.1ms
[2022-05-02T00:24:15.836+0000][161][gc,heap     ] GC(64) Eden regions: 75->0(75)
[2022-05-02T00:24:15.837+0000][161][gc,heap     ] GC(64) Survivor regions: 1->1(10)
[2022-05-02T00:24:15.837+0000][161][gc,heap     ] GC(64) Old regions: 23->23
[2022-05-02T00:24:15.838+0000][161][gc,heap     ] GC(64) Archive regions: 2->2
[2022-05-02T00:24:15.839+0000][161][gc,heap     ] GC(64) Humongous regions: 6->6
[2022-05-02T00:24:15.839+0000][161][gc,metaspace] GC(64) Metaspace: 117222K(119104K)->117222K(119104K) NonClass: 101617K(102784K)->101617K(102784K) Class: 15604K(16320K)->15604K(16320K)
[2022-05-02T00:24:15.840+0000][161][gc          ] GC(64) Pause Young (Normal) (G1 Evacuation Pause) 417M->117M(512M) 25.163ms
[2022-05-02T00:24:15.841+0000][161][gc,cpu      ] GC(64) User=0.01s Sys=0.01s Real=0.02s
[2022-05-02T00:24:15.841+0000][161][safepoint   ] Safepoint "G1CollectForAllocation", Time since last: 13738575298 ns, Reaching safepoint: 226500 ns, At safepoint: 26189875 ns, Total: 26416375 ns
[2022-05-02T00:24:28.867+0000][161][safepoint   ] Safepoint "Cleanup", Time since last: 13019049589 ns, Reaching safepoint: 382625 ns, At safepoint: 8708 ns, Total: 391333 ns
[2022-05-02T00:24:33.873+0000][161][safepoint   ] Safepoint "Cleanup", Time since last: 5005728169 ns, Reaching safepoint: 126292 ns, At safepoint: 13250 ns, Total: 139542 ns
[2022-05-02T00:24:51.910+0000][161][safepoint   ] Safepoint "Cleanup", Time since last: 18042703092 ns, Reaching safepoint: 46375 ns, At safepoint: 2875 ns, Total: 49250 ns
[2022-05-02T00:25:18.601+0000][161][gc,start    ] GC(65) Pause Young (Normal) (G1 Evacuation Pause)
[2022-05-02T00:25:18.603+0000][161][gc,task     ] GC(65) Using 5 workers of 5 for evacuation
[2022-05-02T00:25:18.605+0000][161][gc,age      ] GC(65) Desired survivor size 20971520 bytes, new threshold 15 (max threshold 15)
[2022-05-02T00:25:18.609+0000][161][gc,age      ] GC(65) Age table with threshold 15 (max threshold 15)
[2022-05-02T00:25:18.610+0000][161][gc,age      ] GC(65) - age   1:     928144 bytes,     928144 total
[2022-05-02T00:25:18.610+0000][161][gc,age      ] GC(65) - age   2:       4040 bytes,     932184 total
[2022-05-02T00:25:18.611+0000][161][gc,age      ] GC(65) - age   3:        648 bytes,     932832 total
[2022-05-02T00:25:18.612+0000][161][gc,age      ] GC(65) - age   4:      89832 bytes,    1022664 total
[2022-05-02T00:25:18.613+0000][161][gc,age      ] GC(65) - age   5:       3504 bytes,    1026168 total
[2022-05-02T00:25:18.613+0000][161][gc,age      ] GC(65) - age   6:       2016 bytes,    1028184 total
[2022-05-02T00:25:18.614+0000][161][gc,age      ] GC(65) - age   7:       3664 bytes,    1031848 total
[2022-05-02T00:25:18.614+0000][161][gc,age      ] GC(65) - age   8:       5088 bytes,    1036936 total
[2022-05-02T00:25:18.615+0000][161][gc,age      ] GC(65) - age   9:        200 bytes,    1037136 total
[2022-05-02T00:25:18.616+0000][161][gc,age      ] GC(65) - age  10:        480 bytes,    1037616 total
[2022-05-02T00:25:18.616+0000][161][gc,age      ] GC(65) - age  11:       3000 bytes,    1040616 total
[2022-05-02T00:25:18.617+0000][161][gc,age      ] GC(65) - age  12:       2048 bytes,    1042664 total
[2022-05-02T00:25:18.617+0000][161][gc,age      ] GC(65) - age  13:       3408 bytes,    1046072 total
[2022-05-02T00:25:18.618+0000][161][gc,age      ] GC(65) - age  14:       2584 bytes,    1048656 total
[2022-05-02T00:25:18.619+0000][161][gc,age      ] GC(65) - age  15:       5496 bytes,    1054152 total
[2022-05-02T00:25:18.619+0000][161][gc,phases   ] GC(65)   Pre Evacuate Collection Set: 0.1ms
[2022-05-02T00:25:18.620+0000][161][gc,phases   ] GC(65)   Merge Heap Roots: 0.1ms
[2022-05-02T00:25:18.621+0000][161][gc,phases   ] GC(65)   Evacuate Collection Set: 1.4ms
[2022-05-02T00:25:18.622+0000][161][gc,phases   ] GC(65)   Post Evacuate Collection Set: 1.0ms
[2022-05-02T00:25:18.623+0000][161][gc,phases   ] GC(65)   Other: 15.6ms
[2022-05-02T00:25:18.623+0000][161][gc,heap     ] GC(65) Eden regions: 75->0(75)
[2022-05-02T00:25:18.624+0000][161][gc,heap     ] GC(65) Survivor regions: 1->1(10)
[2022-05-02T00:25:18.625+0000][161][gc,heap     ] GC(65) Old regions: 23->23
[2022-05-02T00:25:18.626+0000][161][gc,heap     ] GC(65) Archive regions: 2->2
[2022-05-02T00:25:18.626+0000][161][gc,heap     ] GC(65) Humongous regions: 6->6
[2022-05-02T00:25:18.627+0000][161][gc,metaspace] GC(65) Metaspace: 117226K(119104K)->117226K(119104K) NonClass: 101622K(102784K)->101622K(102784K) Class: 15604K(16320K)->15604K(16320K)
[2022-05-02T00:25:18.628+0000][161][gc          ] GC(65) Pause Young (Normal) (G1 Evacuation Pause) 417M->117M(512M) 27.164ms
[2022-05-02T00:25:18.629+0000][161][gc,cpu      ] GC(65) User=0.01s Sys=0.01s Real=0.03s
[2022-05-02T00:25:18.630+0000][161][safepoint   ] Safepoint "G1CollectForAllocation", Time since last: 26690572888 ns, Reaching safepoint: 146750 ns, At safepoint: 28583000 ns, Total: 28729750 ns
[2022-05-02T00:25:47.662+0000][161][safepoint   ] Safepoint "Cleanup", Time since last: 29033134262 ns, Reaching safepoint: 401875 ns, At safepoint: 7625 ns, Total: 409500 ns
[2022-05-02T00:25:59.682+0000][161][safepoint   ] Safepoint "Cleanup", Time since last: 12019146881 ns, Reaching safepoint: 186000 ns, At safepoint: 6625 ns, Total: 192625 ns
[2022-05-02T00:26:13.722+0000][161][safepoint   ] Safepoint "Cleanup", Time since last: 14028095923 ns, Reaching safepoint: 11530625 ns, At safepoint: 26292 ns, Total: 11556917 ns
[2022-05-02T00:26:15.725+0000][161][safepoint   ] Safepoint "Cleanup", Time since last: 2003784459 ns, Reaching safepoint: 115708 ns, At safepoint: 3834 ns, Total: 119542 ns
[2022-05-02T00:26:16.727+0000][161][safepoint   ] Safepoint "Cleanup", Time since last: 1001507917 ns, Reaching safepoint: 111792 ns, At safepoint: 3791 ns, Total: 115583 ns
[2022-05-02T00:26:17.729+0000][161][safepoint   ] Safepoint "Cleanup", Time since last: 1001705876 ns, Reaching safepoint: 107500 ns, At safepoint: 5250 ns, Total: 112750 ns
[2022-05-02T00:26:18.889+0000][161][gc,start    ] GC(66) Pause Young (Normal) (G1 Evacuation Pause)
[2022-05-02T00:26:18.889+0000][161][gc,task     ] GC(66) Using 5 workers of 5 for evacuation
[2022-05-02T00:26:18.890+0000][161][gc,age      ] GC(66) Desired survivor size 20971520 bytes, new threshold 15 (max threshold 15)
[2022-05-02T00:26:18.892+0000][161][gc,age      ] GC(66) Age table with threshold 15 (max threshold 15)
[2022-05-02T00:26:18.893+0000][161][gc,age      ] GC(66) - age   1:     464184 bytes,     464184 total
[2022-05-02T00:26:18.893+0000][161][gc,age      ] GC(66) - age   2:       3792 bytes,     467976 total
[2022-05-02T00:26:18.894+0000][161][gc,age      ] GC(66) - age   3:       1984 bytes,     469960 total
[2022-05-02T00:26:18.894+0000][161][gc,age      ] GC(66) - age   4:        336 bytes,     470296 total
[2022-05-02T00:26:18.895+0000][161][gc,age      ] GC(66) - age   5:      89832 bytes,     560128 total
[2022-05-02T00:26:18.895+0000][161][gc,age      ] GC(66) - age   6:       3480 bytes,     563608 total
[2022-05-02T00:26:18.896+0000][161][gc,age      ] GC(66) - age   7:       2016 bytes,     565624 total
[2022-05-02T00:26:18.896+0000][161][gc,age      ] GC(66) - age   8:       3616 bytes,     569240 total
[2022-05-02T00:26:18.897+0000][161][gc,age      ] GC(66) - age   9:       5088 bytes,     574328 total
[2022-05-02T00:26:18.897+0000][161][gc,age      ] GC(66) - age  10:        200 bytes,     574528 total
[2022-05-02T00:26:18.898+0000][161][gc,age      ] GC(66) - age  11:        480 bytes,     575008 total
[2022-05-02T00:26:18.899+0000][161][gc,age      ] GC(66) - age  12:       3000 bytes,     578008 total
[2022-05-02T00:26:18.900+0000][161][gc,age      ] GC(66) - age  13:       2048 bytes,     580056 total
[2022-05-02T00:26:18.900+0000][161][gc,age      ] GC(66) - age  14:       3408 bytes,     583464 total
[2022-05-02T00:26:18.901+0000][161][gc,age      ] GC(66) - age  15:       2584 bytes,     586048 total
[2022-05-02T00:26:18.901+0000][161][gc,phases   ] GC(66)   Pre Evacuate Collection Set: 0.1ms
[2022-05-02T00:26:18.902+0000][161][gc,phases   ] GC(66)   Merge Heap Roots: 0.1ms
[2022-05-02T00:26:18.902+0000][161][gc,phases   ] GC(66)   Evacuate Collection Set: 0.9ms
[2022-05-02T00:26:18.903+0000][161][gc,phases   ] GC(66)   Post Evacuate Collection Set: 0.6ms
[2022-05-02T00:26:18.903+0000][161][gc,phases   ] GC(66)   Other: 10.9ms
[2022-05-02T00:26:18.904+0000][161][gc,heap     ] GC(66) Eden regions: 75->0(75)
[2022-05-02T00:26:18.904+0000][161][gc,heap     ] GC(66) Survivor regions: 1->1(10)
[2022-05-02T00:26:18.905+0000][161][gc,heap     ] GC(66) Old regions: 23->23
[2022-05-02T00:26:18.906+0000][161][gc,heap     ] GC(66) Archive regions: 2->2
[2022-05-02T00:26:18.906+0000][161][gc,heap     ] GC(66) Humongous regions: 6->6
[2022-05-02T00:26:18.907+0000][161][gc,metaspace] GC(66) Metaspace: 117232K(119104K)->117232K(119104K) NonClass: 101627K(102784K)->101627K(102784K) Class: 15604K(16320K)->15604K(16320K)
[2022-05-02T00:26:18.907+0000][161][gc          ] GC(66) Pause Young (Normal) (G1 Evacuation Pause) 417M->117M(512M) 18.393ms
[2022-05-02T00:26:18.908+0000][161][gc,cpu      ] GC(66) User=0.01s Sys=0.01s Real=0.02s
[2022-05-02T00:26:18.908+0000][161][safepoint   ] Safepoint "G1CollectForAllocation", Time since last: 1159868834 ns, Reaching safepoint: 62166 ns, At safepoint: 19504084 ns, Total: 19566250 ns
[2022-05-02T00:26:46.965+0000][161][safepoint   ] Safepoint "Cleanup", Time since last: 28057646929 ns, Reaching safepoint: 130375 ns, At safepoint: 4625 ns, Total: 135000 ns
[2022-05-02T00:26:52.974+0000][161][safepoint   ] Safepoint "Cleanup", Time since last: 6011046419 ns, Reaching safepoint: 178667 ns, At safepoint: 6125 ns, Total: 184792 ns
[2022-05-02T00:27:08.011+0000][161][safepoint   ] Safepoint "Cleanup", Time since last: 15036571049 ns, Reaching safepoint: 61541 ns, At safepoint: 2334 ns, Total: 63875 ns
[2022-05-02T00:27:11.024+0000][161][safepoint   ] Safepoint "Cleanup", Time since last: 3013136501 ns, Reaching safepoint: 79917 ns, At safepoint: 3583 ns, Total: 83500 ns
[2022-05-02T00:27:19.044+0000][161][safepoint   ] Safepoint "Cleanup", Time since last: 8019781546 ns, Reaching safepoint: 251291 ns, At safepoint: 17209 ns, Total: 268500 ns
[2022-05-02T00:27:20.055+0000][161][gc,start    ] GC(67) Pause Young (Normal) (G1 Evacuation Pause)
[2022-05-02T00:27:20.057+0000][161][gc,task     ] GC(67) Using 5 workers of 5 for evacuation
[2022-05-02T00:27:20.057+0000][161][gc,age      ] GC(67) Desired survivor size 20971520 bytes, new threshold 15 (max threshold 15)
[2022-05-02T00:27:20.062+0000][161][gc,age      ] GC(67) Age table with threshold 15 (max threshold 15)
[2022-05-02T00:27:20.063+0000][161][gc,age      ] GC(67) - age   1:    1659768 bytes,    1659768 total
[2022-05-02T00:27:20.064+0000][161][gc,age      ] GC(67) - age   2:       1992 bytes,    1661760 total
[2022-05-02T00:27:20.065+0000][161][gc,age      ] GC(67) - age   3:       1840 bytes,    1663600 total
[2022-05-02T00:27:20.065+0000][161][gc,age      ] GC(67) - age   4:        784 bytes,    1664384 total
[2022-05-02T00:27:20.067+0000][161][gc,age      ] GC(67) - age   5:        272 bytes,    1664656 total
[2022-05-02T00:27:20.068+0000][161][gc,age      ] GC(67) - age   6:      89704 bytes,    1754360 total
[2022-05-02T00:27:20.069+0000][161][gc,age      ] GC(67) - age   7:       3480 bytes,    1757840 total
[2022-05-02T00:27:20.070+0000][161][gc,age      ] GC(67) - age   8:       2016 bytes,    1759856 total
[2022-05-02T00:27:20.070+0000][161][gc,age      ] GC(67) - age   9:       3616 bytes,    1763472 total
[2022-05-02T00:27:20.071+0000][161][gc,age      ] GC(67) - age  10:       5088 bytes,    1768560 total
[2022-05-02T00:27:20.072+0000][161][gc,age      ] GC(67) - age  11:        200 bytes,    1768760 total
[2022-05-02T00:27:20.074+0000][161][gc,age      ] GC(67) - age  12:        480 bytes,    1769240 total
[2022-05-02T00:27:20.075+0000][161][gc,age      ] GC(67) - age  13:       3000 bytes,    1772240 total
[2022-05-02T00:27:20.076+0000][161][gc,age      ] GC(67) - age  14:       2048 bytes,    1774288 total
[2022-05-02T00:27:20.077+0000][161][gc,age      ] GC(67) - age  15:       3408 bytes,    1777696 total
[2022-05-02T00:27:20.078+0000][161][gc,phases   ] GC(67)   Pre Evacuate Collection Set: 0.1ms
[2022-05-02T00:27:20.079+0000][161][gc,phases   ] GC(67)   Merge Heap Roots: 0.0ms
[2022-05-02T00:27:20.080+0000][161][gc,phases   ] GC(67)   Evacuate Collection Set: 2.4ms
[2022-05-02T00:27:20.081+0000][161][gc,phases   ] GC(67)   Post Evacuate Collection Set: 1.4ms
[2022-05-02T00:27:20.083+0000][161][gc,phases   ] GC(67)   Other: 19.3ms
[2022-05-02T00:27:20.084+0000][161][gc,heap     ] GC(67) Eden regions: 75->0(75)
[2022-05-02T00:27:20.085+0000][161][gc,heap     ] GC(67) Survivor regions: 1->1(10)
[2022-05-02T00:27:20.085+0000][161][gc,heap     ] GC(67) Old regions: 23->23
[2022-05-02T00:27:20.086+0000][161][gc,heap     ] GC(67) Archive regions: 2->2
[2022-05-02T00:27:20.087+0000][161][gc,heap     ] GC(67) Humongous regions: 6->6
[2022-05-02T00:27:20.087+0000][161][gc,metaspace] GC(67) Metaspace: 117255K(119104K)->117255K(119104K) NonClass: 101650K(102784K)->101650K(102784K) Class: 15604K(16320K)->15604K(16320K)
[2022-05-02T00:27:20.088+0000][161][gc          ] GC(67) Pause Young (Normal) (G1 Evacuation Pause) 417M->118M(512M) 33.480ms
[2022-05-02T00:27:20.090+0000][161][gc,cpu      ] GC(67) User=0.01s Sys=0.01s Real=0.03s
[2022-05-02T00:27:20.090+0000][161][safepoint   ] Safepoint "G1CollectForAllocation", Time since last: 1010351917 ns, Reaching safepoint: 136958 ns, At safepoint: 35715792 ns, Total: 35852750 ns
[2022-05-02T00:27:23.097+0000][161][safepoint   ] Safepoint "Cleanup", Time since last: 3003913751 ns, Reaching safepoint: 254416 ns, At safepoint: 13167 ns, Total: 267583 ns
[2022-05-02T00:27:39.122+0000][161][safepoint   ] Safepoint "Cleanup", Time since last: 16024925633 ns, Reaching safepoint: 234125 ns, At safepoint: 6333 ns, Total: 240458 ns
[2022-05-02T00:27:40.125+0000][161][safepoint   ] Safepoint "Cleanup", Time since last: 1003499292 ns, Reaching safepoint: 225458 ns, At safepoint: 4084 ns, Total: 229542 ns
[2022-05-02T00:27:48.143+0000][161][safepoint   ] Safepoint "Cleanup", Time since last: 8017305962 ns, Reaching safepoint: 175583 ns, At safepoint: 17292 ns, Total: 192875 ns
[2022-05-02T00:27:52.156+0000][161][safepoint   ] Safepoint "Cleanup", Time since last: 4011619626 ns, Reaching safepoint: 79625 ns, At safepoint: 2125 ns, Total: 81750 ns
[2022-05-02T00:28:04.179+0000][161][safepoint   ] Safepoint "Cleanup", Time since last: 12022489756 ns, Reaching safepoint: 184875 ns, At safepoint: 3833 ns, Total: 188708 ns
[2022-05-02T00:28:07.183+0000][161][safepoint   ] Safepoint "Cleanup", Time since last: 3003915251 ns, Reaching safepoint: 239792 ns, At safepoint: 4667 ns, Total: 244459 ns
[2022-05-02T00:28:09.189+0000][161][safepoint   ] Safepoint "Cleanup", Time since last: 2005155792 ns, Reaching safepoint: 320875 ns, At safepoint: 19625 ns, Total: 340500 ns
[2022-05-02T00:28:11.191+0000][161][safepoint   ] Safepoint "Cleanup", Time since last: 2002150418 ns, Reaching safepoint: 149542 ns, At safepoint: 5958 ns, Total: 155500 ns
[2022-05-02T00:28:21.203+0000][161][gc,start    ] GC(68) Pause Young (Normal) (G1 Evacuation Pause)
[2022-05-02T00:28:21.206+0000][161][gc,task     ] GC(68) Using 5 workers of 5 for evacuation
[2022-05-02T00:28:21.210+0000][161][gc,age      ] GC(68) Desired survivor size 20971520 bytes, new threshold 15 (max threshold 15)
[2022-05-02T00:28:21.231+0000][161][gc,age      ] GC(68) Age table with threshold 15 (max threshold 15)
[2022-05-02T00:28:21.233+0000][161][gc,age      ] GC(68) - age   1:    1112152 bytes,    1112152 total
[2022-05-02T00:28:21.235+0000][161][gc,age      ] GC(68) - age   2:       6232 bytes,    1118384 total
[2022-05-02T00:28:21.240+0000][161][gc,age      ] GC(68) - age   3:       1384 bytes,    1119768 total
[2022-05-02T00:28:21.242+0000][161][gc,age      ] GC(68) - age   4:       1464 bytes,    1121232 total
[2022-05-02T00:28:21.244+0000][161][gc,age      ] GC(68) - age   5:        720 bytes,    1121952 total
[2022-05-02T00:28:21.246+0000][161][gc,age      ] GC(68) - age   6:        272 bytes,    1122224 total
[2022-05-02T00:28:21.248+0000][161][gc,age      ] GC(68) - age   7:      81808 bytes,    1204032 total
[2022-05-02T00:28:21.250+0000][161][gc,age      ] GC(68) - age   8:       3480 bytes,    1207512 total
[2022-05-02T00:28:21.251+0000][161][gc,age      ] GC(68) - age   9:       2016 bytes,    1209528 total
[2022-05-02T00:28:21.253+0000][161][gc,age      ] GC(68) - age  10:       3616 bytes,    1213144 total
[2022-05-02T00:28:21.255+0000][161][gc,age      ] GC(68) - age  11:       5088 bytes,    1218232 total
[2022-05-02T00:28:21.256+0000][161][gc,age      ] GC(68) - age  12:        200 bytes,    1218432 total
[2022-05-02T00:28:21.258+0000][161][gc,age      ] GC(68) - age  13:        480 bytes,    1218912 total
[2022-05-02T00:28:21.259+0000][161][gc,age      ] GC(68) - age  14:       3000 bytes,    1221912 total
[2022-05-02T00:28:21.261+0000][161][gc,age      ] GC(68) - age  15:       2048 bytes,    1223960 total
[2022-05-02T00:28:21.262+0000][161][gc,phases   ] GC(68)   Pre Evacuate Collection Set: 0.9ms
[2022-05-02T00:28:21.263+0000][161][gc,phases   ] GC(68)   Merge Heap Roots: 0.2ms
[2022-05-02T00:28:21.264+0000][161][gc,phases   ] GC(68)   Evacuate Collection Set: 15.8ms
[2022-05-02T00:28:21.265+0000][161][gc,phases   ] GC(68)   Post Evacuate Collection Set: 1.8ms
[2022-05-02T00:28:21.266+0000][161][gc,phases   ] GC(68)   Other: 40.2ms
[2022-05-02T00:28:21.266+0000][161][gc,heap     ] GC(68) Eden regions: 75->0(75)
[2022-05-02T00:28:21.267+0000][161][gc,heap     ] GC(68) Survivor regions: 1->1(10)
[2022-05-02T00:28:21.268+0000][161][gc,heap     ] GC(68) Old regions: 23->23
[2022-05-02T00:28:21.269+0000][161][gc,heap     ] GC(68) Archive regions: 2->2
[2022-05-02T00:28:21.270+0000][161][gc,heap     ] GC(68) Humongous regions: 6->6
[2022-05-02T00:28:21.271+0000][161][gc,metaspace] GC(68) Metaspace: 117264K(119104K)->117264K(119104K) NonClass: 101659K(102784K)->101659K(102784K) Class: 15604K(16320K)->15604K(16320K)
[2022-05-02T00:28:21.272+0000][161][gc          ] GC(68) Pause Young (Normal) (G1 Evacuation Pause) 418M->117M(512M) 69.032ms
[2022-05-02T00:28:21.273+0000][161][gc,cpu      ] GC(68) User=0.04s Sys=0.02s Real=0.07s
[2022-05-02T00:28:21.274+0000][161][safepoint   ] Safepoint "G1CollectForAllocation", Time since last: 10013333212 ns, Reaching safepoint: 147875 ns, At safepoint: 71351959 ns, Total: 71499834 ns
[2022-05-02T00:28:28.289+0000][161][safepoint   ] Safepoint "Cleanup", Time since last: 7014663045 ns, Reaching safepoint: 122500 ns, At safepoint: 4250 ns, Total: 126750 ns
[2022-05-02T00:28:38.309+0000][161][safepoint   ] Safepoint "Cleanup", Time since last: 10019780796 ns, Reaching safepoint: 338667 ns, At safepoint: 16083 ns, Total: 354750 ns
[2022-05-02T00:28:43.316+0000][161][safepoint   ] Safepoint "Cleanup", Time since last: 5006659753 ns, Reaching safepoint: 173666 ns, At safepoint: 6125 ns, Total: 179791 ns
[2022-05-02T00:28:44.320+0000][161][safepoint   ] Safepoint "Cleanup", Time since last: 1003461876 ns, Reaching safepoint: 293083 ns, At safepoint: 8708 ns, Total: 301791 ns
[2022-05-02T00:28:48.328+0000][161][safepoint   ] Safepoint "Cleanup", Time since last: 4008413211 ns, Reaching safepoint: 188166 ns, At safepoint: 6000 ns, Total: 194166 ns
[2022-05-02T00:29:19.396+0000][161][safepoint   ] Safepoint "Cleanup", Time since last: 31064923681 ns, Reaching safepoint: 225125 ns, At safepoint: 4750 ns, Total: 229875 ns
[2022-05-02T00:29:22.802+0000][161][gc,start    ] GC(69) Pause Young (Normal) (G1 Evacuation Pause)
[2022-05-02T00:29:22.803+0000][161][gc,task     ] GC(69) Using 5 workers of 5 for evacuation
[2022-05-02T00:29:22.803+0000][161][gc,age      ] GC(69) Desired survivor size 20971520 bytes, new threshold 15 (max threshold 15)
[2022-05-02T00:29:22.807+0000][161][gc,age      ] GC(69) Age table with threshold 15 (max threshold 15)
[2022-05-02T00:29:22.808+0000][161][gc,age      ] GC(69) - age   1:     798248 bytes,     798248 total
[2022-05-02T00:29:22.808+0000][161][gc,age      ] GC(69) - age   2:       3824 bytes,     802072 total
[2022-05-02T00:29:22.809+0000][161][gc,age      ] GC(69) - age   3:       3880 bytes,     805952 total
[2022-05-02T00:29:22.810+0000][161][gc,age      ] GC(69) - age   4:        776 bytes,     806728 total
[2022-05-02T00:29:22.810+0000][161][gc,age      ] GC(69) - age   5:       1352 bytes,     808080 total
[2022-05-02T00:29:22.811+0000][161][gc,age      ] GC(69) - age   6:        720 bytes,     808800 total
[2022-05-02T00:29:22.812+0000][161][gc,age      ] GC(69) - age   7:        272 bytes,     809072 total
[2022-05-02T00:29:22.812+0000][161][gc,age      ] GC(69) - age   8:      16568 bytes,     825640 total
[2022-05-02T00:29:22.813+0000][161][gc,age      ] GC(69) - age   9:       3480 bytes,     829120 total
[2022-05-02T00:29:22.813+0000][161][gc,age      ] GC(69) - age  10:       2016 bytes,     831136 total
[2022-05-02T00:29:22.814+0000][161][gc,age      ] GC(69) - age  11:       1544 bytes,     832680 total
[2022-05-02T00:29:22.814+0000][161][gc,age      ] GC(69) - age  12:       5088 bytes,     837768 total
[2022-05-02T00:29:22.815+0000][161][gc,age      ] GC(69) - age  13:        200 bytes,     837968 total
[2022-05-02T00:29:22.815+0000][161][gc,age      ] GC(69) - age  14:        480 bytes,     838448 total
[2022-05-02T00:29:22.816+0000][161][gc,age      ] GC(69) - age  15:       3000 bytes,     841448 total
[2022-05-02T00:29:22.816+0000][161][gc,phases   ] GC(69)   Pre Evacuate Collection Set: 0.2ms
[2022-05-02T00:29:22.817+0000][161][gc,phases   ] GC(69)   Merge Heap Roots: 0.1ms
[2022-05-02T00:29:22.817+0000][161][gc,phases   ] GC(69)   Evacuate Collection Set: 1.1ms
[2022-05-02T00:29:22.818+0000][161][gc,phases   ] GC(69)   Post Evacuate Collection Set: 1.1ms
[2022-05-02T00:29:22.819+0000][161][gc,phases   ] GC(69)   Other: 12.0ms
[2022-05-02T00:29:22.820+0000][161][gc,heap     ] GC(69) Eden regions: 75->0(75)
[2022-05-02T00:29:22.821+0000][161][gc,heap     ] GC(69) Survivor regions: 1->1(10)
[2022-05-02T00:29:22.822+0000][161][gc,heap     ] GC(69) Old regions: 23->23
[2022-05-02T00:29:22.822+0000][161][gc,heap     ] GC(69) Archive regions: 2->2
[2022-05-02T00:29:22.823+0000][161][gc,heap     ] GC(69) Humongous regions: 6->6
[2022-05-02T00:29:22.824+0000][161][gc,metaspace] GC(69) Metaspace: 117269K(119104K)->117269K(119104K) NonClass: 101664K(102784K)->101664K(102784K) Class: 15604K(16320K)->15604K(16320K)
[2022-05-02T00:29:22.824+0000][161][gc          ] GC(69) Pause Young (Normal) (G1 Evacuation Pause) 417M->117M(512M) 21.952ms
[2022-05-02T00:29:22.825+0000][161][gc,cpu      ] GC(69) User=0.00s Sys=0.00s Real=0.02s
[2022-05-02T00:29:22.825+0000][161][safepoint   ] Safepoint "G1CollectForAllocation", Time since last: 3406318668 ns, Reaching safepoint: 42333 ns, At safepoint: 23229500 ns, Total: 23271833 ns
[2022-05-02T00:29:41.879+0000][161][safepoint   ] Safepoint "Cleanup", Time since last: 19053496759 ns, Reaching safepoint: 451375 ns, At safepoint: 7792 ns, Total: 459167 ns
[2022-05-02T00:29:47.896+0000][161][safepoint   ] Safepoint "Cleanup", Time since last: 6016718794 ns, Reaching safepoint: 154833 ns, At safepoint: 5000 ns, Total: 159833 ns
[2022-05-02T00:29:56.929+0000][161][safepoint   ] Safepoint "Cleanup", Time since last: 9033060504 ns, Reaching safepoint: 87875 ns, At safepoint: 2208 ns, Total: 90083 ns
[2022-05-02T00:30:16.952+0000][161][safepoint   ] Safepoint "Cleanup", Time since last: 20021429302 ns, Reaching safepoint: 711291 ns, At safepoint: 14542 ns, Total: 725833 ns
[2022-05-02T00:30:18.961+0000][161][safepoint   ] Safepoint "Cleanup", Time since last: 2009155251 ns, Reaching safepoint: 315167 ns, At safepoint: 4375 ns, Total: 319542 ns
[2022-05-02T00:30:31.016+0000][161][gc,start    ] GC(70) Pause Young (Normal) (G1 Evacuation Pause)
[2022-05-02T00:30:31.017+0000][161][gc,task     ] GC(70) Using 5 workers of 5 for evacuation
[2022-05-02T00:30:31.018+0000][161][gc,age      ] GC(70) Desired survivor size 20971520 bytes, new threshold 15 (max threshold 15)
[2022-05-02T00:30:31.022+0000][161][gc,age      ] GC(70) Age table with threshold 15 (max threshold 15)
[2022-05-02T00:30:31.023+0000][161][gc,age      ] GC(70) - age   1:    1413144 bytes,    1413144 total
[2022-05-02T00:30:31.024+0000][161][gc,age      ] GC(70) - age   2:       7976 bytes,    1421120 total
[2022-05-02T00:30:31.025+0000][161][gc,age      ] GC(70) - age   3:       1800 bytes,    1422920 total
[2022-05-02T00:30:31.026+0000][161][gc,age      ] GC(70) - age   4:       3752 bytes,    1426672 total
[2022-05-02T00:30:31.047+0000][161][gc,age      ] GC(70) - age   5:        584 bytes,    1427256 total
[2022-05-02T00:30:31.049+0000][161][gc,age      ] GC(70) - age   6:       1352 bytes,    1428608 total
[2022-05-02T00:30:31.050+0000][161][gc,age      ] GC(70) - age   7:        720 bytes,    1429328 total
[2022-05-02T00:30:31.051+0000][161][gc,age      ] GC(70) - age   8:        272 bytes,    1429600 total
[2022-05-02T00:30:31.052+0000][161][gc,age      ] GC(70) - age   9:      16568 bytes,    1446168 total
[2022-05-02T00:30:31.053+0000][161][gc,age      ] GC(70) - age  10:       3480 bytes,    1449648 total
[2022-05-02T00:30:31.054+0000][161][gc,age      ] GC(70) - age  11:       2016 bytes,    1451664 total
[2022-05-02T00:30:31.055+0000][161][gc,age      ] GC(70) - age  12:       1544 bytes,    1453208 total
[2022-05-02T00:30:31.056+0000][161][gc,age      ] GC(70) - age  13:       5088 bytes,    1458296 total
[2022-05-02T00:30:31.057+0000][161][gc,age      ] GC(70) - age  14:        200 bytes,    1458496 total
[2022-05-02T00:30:31.058+0000][161][gc,age      ] GC(70) - age  15:        480 bytes,    1458976 total
[2022-05-02T00:30:31.059+0000][161][gc,phases   ] GC(70)   Pre Evacuate Collection Set: 0.2ms
[2022-05-02T00:30:31.060+0000][161][gc,phases   ] GC(70)   Merge Heap Roots: 0.1ms
[2022-05-02T00:30:31.060+0000][161][gc,phases   ] GC(70)   Evacuate Collection Set: 1.2ms
[2022-05-02T00:30:31.061+0000][161][gc,phases   ] GC(70)   Post Evacuate Collection Set: 1.0ms
[2022-05-02T00:30:31.062+0000][161][gc,phases   ] GC(70)   Other: 40.4ms
[2022-05-02T00:30:31.063+0000][161][gc,heap     ] GC(70) Eden regions: 75->0(75)
[2022-05-02T00:30:31.063+0000][161][gc,heap     ] GC(70) Survivor regions: 1->1(10)
[2022-05-02T00:30:31.064+0000][161][gc,heap     ] GC(70) Old regions: 23->23
[2022-05-02T00:30:31.064+0000][161][gc,heap     ] GC(70) Archive regions: 2->2
[2022-05-02T00:30:31.065+0000][161][gc,heap     ] GC(70) Humongous regions: 6->6
[2022-05-02T00:30:31.066+0000][161][gc,metaspace] GC(70) Metaspace: 117272K(119104K)->117272K(119104K) NonClass: 101668K(102784K)->101668K(102784K) Class: 15604K(16320K)->15604K(16320K)
[2022-05-02T00:30:31.067+0000][161][gc          ] GC(70) Pause Young (Normal) (G1 Evacuation Pause) 417M->117M(512M) 50.841ms
[2022-05-02T00:30:31.068+0000][161][gc,cpu      ] GC(70) User=0.01s Sys=0.00s Real=0.06s
[2022-05-02T00:30:31.068+0000][161][safepoint   ] Safepoint "G1CollectForAllocation", Time since last: 12053420879 ns, Reaching safepoint: 162000 ns, At safepoint: 52550375 ns, Total: 52712375 ns
[2022-05-02T00:30:32.706+0000][161][safepoint   ] Safepoint "Cleanup", Time since last: 1637648793 ns, Reaching safepoint: 148083 ns, At safepoint: 4334 ns, Total: 152417 ns
[2022-05-02T00:30:34.750+0000][161][safepoint   ] Safepoint "Cleanup", Time since last: 2025529709 ns, Reaching safepoint: 18528083 ns, At safepoint: 35000 ns, Total: 18563083 ns
[2022-05-02T00:30:43.767+0000][161][safepoint   ] Safepoint "Cleanup", Time since last: 9016708463 ns, Reaching safepoint: 124375 ns, At safepoint: 3500 ns, Total: 127875 ns
[2022-05-02T00:30:47.771+0000][161][safepoint   ] Safepoint "Cleanup", Time since last: 4003161335 ns, Reaching safepoint: 870292 ns, At safepoint: 19375 ns, Total: 889667 ns
[2022-05-02T00:30:55.793+0000][161][safepoint   ] Safepoint "Cleanup", Time since last: 8020982461 ns, Reaching safepoint: 439875 ns, At safepoint: 8750 ns, Total: 448625 ns
[2022-05-02T00:31:31.308+0000][161][gc,start    ] GC(71) Pause Young (Normal) (G1 Evacuation Pause)
[2022-05-02T00:31:31.310+0000][161][gc,task     ] GC(71) Using 5 workers of 5 for evacuation
[2022-05-02T00:31:31.310+0000][161][gc,age      ] GC(71) Desired survivor size 20971520 bytes, new threshold 15 (max threshold 15)
[2022-05-02T00:31:31.315+0000][161][gc,age      ] GC(71) Age table with threshold 15 (max threshold 15)
[2022-05-02T00:31:31.316+0000][161][gc,age      ] GC(71) - age   1:    1210928 bytes,    1210928 total
[2022-05-02T00:31:31.317+0000][161][gc,age      ] GC(71) - age   2:       2912 bytes,    1213840 total
[2022-05-02T00:31:31.318+0000][161][gc,age      ] GC(71) - age   3:       6208 bytes,    1220048 total
[2022-05-02T00:31:31.319+0000][161][gc,age      ] GC(71) - age   4:       1616 bytes,    1221664 total
[2022-05-02T00:31:31.321+0000][161][gc,age      ] GC(71) - age   5:       3496 bytes,    1225160 total
[2022-05-02T00:31:31.322+0000][161][gc,age      ] GC(71) - age   6:        272 bytes,    1225432 total
[2022-05-02T00:31:31.323+0000][161][gc,age      ] GC(71) - age   7:       1352 bytes,    1226784 total
[2022-05-02T00:31:31.324+0000][161][gc,age      ] GC(71) - age   8:        720 bytes,    1227504 total
[2022-05-02T00:31:31.325+0000][161][gc,age      ] GC(71) - age   9:        272 bytes,    1227776 total
[2022-05-02T00:31:31.326+0000][161][gc,age      ] GC(71) - age  10:      16568 bytes,    1244344 total
[2022-05-02T00:31:31.327+0000][161][gc,age      ] GC(71) - age  11:       3480 bytes,    1247824 total
[2022-05-02T00:31:31.328+0000][161][gc,age      ] GC(71) - age  12:       2016 bytes,    1249840 total
[2022-05-02T00:31:31.329+0000][161][gc,age      ] GC(71) - age  13:       1544 bytes,    1251384 total
[2022-05-02T00:31:31.331+0000][161][gc,age      ] GC(71) - age  14:       5088 bytes,    1256472 total
[2022-05-02T00:31:31.332+0000][161][gc,age      ] GC(71) - age  15:        200 bytes,    1256672 total
[2022-05-02T00:31:31.333+0000][161][gc,phases   ] GC(71)   Pre Evacuate Collection Set: 0.1ms
[2022-05-02T00:31:31.334+0000][161][gc,phases   ] GC(71)   Merge Heap Roots: 0.2ms
[2022-05-02T00:31:31.334+0000][161][gc,phases   ] GC(71)   Evacuate Collection Set: 1.4ms
[2022-05-02T00:31:31.335+0000][161][gc,phases   ] GC(71)   Post Evacuate Collection Set: 1.0ms
[2022-05-02T00:31:31.335+0000][161][gc,phases   ] GC(71)   Other: 22.0ms
[2022-05-02T00:31:31.336+0000][161][gc,heap     ] GC(71) Eden regions: 75->0(75)
[2022-05-02T00:31:31.337+0000][161][gc,heap     ] GC(71) Survivor regions: 1->1(10)
[2022-05-02T00:31:31.337+0000][161][gc,heap     ] GC(71) Old regions: 23->23
[2022-05-02T00:31:31.338+0000][161][gc,heap     ] GC(71) Archive regions: 2->2
[2022-05-02T00:31:31.339+0000][161][gc,heap     ] GC(71) Humongous regions: 6->6
[2022-05-02T00:31:31.339+0000][161][gc,metaspace] GC(71) Metaspace: 117301K(119168K)->117301K(119168K) NonClass: 101694K(102848K)->101694K(102848K) Class: 15606K(16320K)->15606K(16320K)
[2022-05-02T00:31:31.340+0000][161][gc          ] GC(71) Pause Young (Normal) (G1 Evacuation Pause) 417M->117M(512M) 31.729ms
[2022-05-02T00:31:31.341+0000][161][gc,cpu      ] GC(71) User=0.01s Sys=0.00s Real=0.03s
[2022-05-02T00:31:31.341+0000][161][safepoint   ] Safepoint "G1CollectForAllocation", Time since last: 35514655058 ns, Reaching safepoint: 77708 ns, At safepoint: 33016834 ns, Total: 33094542 ns
[2022-05-02T00:31:32.345+0000][161][safepoint   ] Safepoint "Cleanup", Time since last: 1003040208 ns, Reaching safepoint: 498542 ns, At safepoint: 124208 ns, Total: 622750 ns
[2022-05-02T00:31:48.378+0000][161][safepoint   ] Safepoint "Cleanup", Time since last: 16024671550 ns, Reaching safepoint: 8210041 ns, At safepoint: 351667 ns, Total: 8561708 ns
[2022-05-02T00:32:19.446+0000][161][safepoint   ] Safepoint "Cleanup", Time since last: 31067088181 ns, Reaching safepoint: 422542 ns, At safepoint: 12750 ns, Total: 435292 ns
[2022-05-02T00:32:31.492+0000][161][gc,start    ] GC(72) Pause Young (Normal) (G1 Evacuation Pause)
[2022-05-02T00:32:31.494+0000][161][gc,task     ] GC(72) Using 5 workers of 5 for evacuation
[2022-05-02T00:32:31.495+0000][161][gc,age      ] GC(72) Desired survivor size 20971520 bytes, new threshold 15 (max threshold 15)
[2022-05-02T00:32:31.497+0000][161][gc,age      ] GC(72) Age table with threshold 15 (max threshold 15)
[2022-05-02T00:32:31.498+0000][161][gc,age      ] GC(72) - age   1:    2014296 bytes,    2014296 total
[2022-05-02T00:32:31.499+0000][161][gc,age      ] GC(72) - age   2:       4336 bytes,    2018632 total
[2022-05-02T00:32:31.499+0000][161][gc,age      ] GC(72) - age   3:       1352 bytes,    2019984 total
[2022-05-02T00:32:31.500+0000][161][gc,age      ] GC(72) - age   4:       6080 bytes,    2026064 total
[2022-05-02T00:32:31.501+0000][161][gc,age      ] GC(72) - age   5:       1552 bytes,    2027616 total
[2022-05-02T00:32:31.501+0000][161][gc,age      ] GC(72) - age   6:       3432 bytes,    2031048 total
[2022-05-02T00:32:31.502+0000][161][gc,age      ] GC(72) - age   7:        208 bytes,    2031256 total
[2022-05-02T00:32:31.503+0000][161][gc,age      ] GC(72) - age   8:       1352 bytes,    2032608 total
[2022-05-02T00:32:31.503+0000][161][gc,age      ] GC(72) - age   9:        720 bytes,    2033328 total
[2022-05-02T00:32:31.504+0000][161][gc,age      ] GC(72) - age  10:        272 bytes,    2033600 total
[2022-05-02T00:32:31.505+0000][161][gc,age      ] GC(72) - age  11:      16568 bytes,    2050168 total
[2022-05-02T00:32:31.505+0000][161][gc,age      ] GC(72) - age  12:       3480 bytes,    2053648 total
[2022-05-02T00:32:31.506+0000][161][gc,age      ] GC(72) - age  13:       2016 bytes,    2055664 total
[2022-05-02T00:32:31.507+0000][161][gc,age      ] GC(72) - age  14:       1544 bytes,    2057208 total
[2022-05-02T00:32:31.508+0000][161][gc,age      ] GC(72) - age  15:       5088 bytes,    2062296 total
[2022-05-02T00:32:31.509+0000][161][gc,phases   ] GC(72)   Pre Evacuate Collection Set: 0.1ms
[2022-05-02T00:32:31.509+0000][161][gc,phases   ] GC(72)   Merge Heap Roots: 0.0ms
[2022-05-02T00:32:31.510+0000][161][gc,phases   ] GC(72)   Evacuate Collection Set: 1.2ms
[2022-05-02T00:32:31.511+0000][161][gc,phases   ] GC(72)   Post Evacuate Collection Set: 0.6ms
[2022-05-02T00:32:31.511+0000][161][gc,phases   ] GC(72)   Other: 14.5ms
[2022-05-02T00:32:31.512+0000][161][gc,heap     ] GC(72) Eden regions: 75->0(74)
[2022-05-02T00:32:31.513+0000][161][gc,heap     ] GC(72) Survivor regions: 1->1(10)
[2022-05-02T00:32:31.513+0000][161][gc,heap     ] GC(72) Old regions: 23->23
[2022-05-02T00:32:31.514+0000][161][gc,heap     ] GC(72) Archive regions: 2->2
[2022-05-02T00:32:31.514+0000][161][gc,heap     ] GC(72) Humongous regions: 6->6
[2022-05-02T00:32:31.515+0000][161][gc,metaspace] GC(72) Metaspace: 117301K(119168K)->117301K(119168K) NonClass: 101695K(102848K)->101695K(102848K) Class: 15606K(16320K)->15606K(16320K)
[2022-05-02T00:32:31.516+0000][161][gc          ] GC(72) Pause Young (Normal) (G1 Evacuation Pause) 417M->118M(512M) 23.902ms
[2022-05-02T00:32:31.517+0000][161][gc,cpu      ] GC(72) User=0.01s Sys=0.00s Real=0.02s
[2022-05-02T00:32:31.517+0000][161][safepoint   ] Safepoint "G1CollectForAllocation", Time since last: 12045253422 ns, Reaching safepoint: 152375 ns, At safepoint: 25102250 ns, Total: 25254625 ns
[2022-05-02T00:32:48.559+0000][161][safepoint   ] Safepoint "Cleanup", Time since last: 17041864633 ns, Reaching safepoint: 104458 ns, At safepoint: 7250 ns, Total: 111708 ns
[2022-05-02T00:33:32.652+0000][161][safepoint   ] Safepoint "Cleanup", Time since last: 44095391352 ns, Reaching safepoint: 73500 ns, At safepoint: 2125 ns, Total: 75625 ns
[2022-05-02T00:33:36.889+0000][161][gc,start    ] GC(73) Pause Young (Normal) (G1 Evacuation Pause)
[2022-05-02T00:33:36.892+0000][161][gc,task     ] GC(73) Using 5 workers of 5 for evacuation
[2022-05-02T00:33:36.894+0000][161][gc,age      ] GC(73) Desired survivor size 20971520 bytes, new threshold 15 (max threshold 15)
[2022-05-02T00:33:36.901+0000][161][gc,age      ] GC(73) Age table with threshold 15 (max threshold 15)
[2022-05-02T00:33:36.906+0000][161][gc,age      ] GC(73) - age   1:    1334488 bytes,    1334488 total
[2022-05-02T00:33:36.907+0000][161][gc,age      ] GC(73) - age   2:       3760 bytes,    1338248 total
[2022-05-02T00:33:36.909+0000][161][gc,age      ] GC(73) - age   3:       2352 bytes,    1340600 total
[2022-05-02T00:33:36.911+0000][161][gc,age      ] GC(73) - age   4:        872 bytes,    1341472 total
[2022-05-02T00:33:36.913+0000][161][gc,age      ] GC(73) - age   5:       6016 bytes,    1347488 total
[2022-05-02T00:33:36.914+0000][161][gc,age      ] GC(73) - age   6:       1208 bytes,    1348696 total
[2022-05-02T00:33:36.916+0000][161][gc,age      ] GC(73) - age   7:       3432 bytes,    1352128 total
[2022-05-02T00:33:36.917+0000][161][gc,age      ] GC(73) - age   8:        208 bytes,    1352336 total
[2022-05-02T00:33:36.918+0000][161][gc,age      ] GC(73) - age   9:       1352 bytes,    1353688 total
[2022-05-02T00:33:36.919+0000][161][gc,age      ] GC(73) - age  10:        720 bytes,    1354408 total
[2022-05-02T00:33:36.921+0000][161][gc,age      ] GC(73) - age  11:        272 bytes,    1354680 total
[2022-05-02T00:33:36.923+0000][161][gc,age      ] GC(73) - age  12:      16568 bytes,    1371248 total
[2022-05-02T00:33:36.924+0000][161][gc,age      ] GC(73) - age  13:       3480 bytes,    1374728 total
[2022-05-02T00:33:36.925+0000][161][gc,age      ] GC(73) - age  14:       2016 bytes,    1376744 total
[2022-05-02T00:33:36.925+0000][161][gc,age      ] GC(73) - age  15:       1544 bytes,    1378288 total
[2022-05-02T00:33:36.926+0000][161][gc,phases   ] GC(73)   Pre Evacuate Collection Set: 0.2ms
[2022-05-02T00:33:36.927+0000][161][gc,phases   ] GC(73)   Merge Heap Roots: 0.2ms
[2022-05-02T00:33:36.928+0000][161][gc,phases   ] GC(73)   Evacuate Collection Set: 3.1ms
[2022-05-02T00:33:36.929+0000][161][gc,phases   ] GC(73)   Post Evacuate Collection Set: 2.1ms
[2022-05-02T00:33:36.931+0000][161][gc,phases   ] GC(73)   Other: 31.4ms
[2022-05-02T00:33:36.932+0000][161][gc,heap     ] GC(73) Eden regions: 74->0(74)
[2022-05-02T00:33:36.933+0000][161][gc,heap     ] GC(73) Survivor regions: 1->1(10)
[2022-05-02T00:33:36.934+0000][161][gc,heap     ] GC(73) Old regions: 23->23
[2022-05-02T00:33:36.934+0000][161][gc,heap     ] GC(73) Archive regions: 2->2
[2022-05-02T00:33:36.936+0000][161][gc,heap     ] GC(73) Humongous regions: 6->6
[2022-05-02T00:33:36.937+0000][161][gc,metaspace] GC(73) Metaspace: 117308K(119168K)->117308K(119168K) NonClass: 101701K(102848K)->101701K(102848K) Class: 15607K(16320K)->15607K(16320K)
[2022-05-02T00:33:36.938+0000][161][gc          ] GC(73) Pause Young (Normal) (G1 Evacuation Pause) 414M->117M(512M) 48.929ms
[2022-05-02T00:33:36.939+0000][161][gc,cpu      ] GC(73) User=0.01s Sys=0.01s Real=0.05s
[2022-05-02T00:33:36.940+0000][161][safepoint   ] Safepoint "G1CollectForAllocation", Time since last: 4237095336 ns, Reaching safepoint: 279125 ns, At safepoint: 50886542 ns, Total: 51165667 ns
[2022-05-02T00:33:43.946+0000][161][safepoint   ] Safepoint "Cleanup", Time since last: 7006193461 ns, Reaching safepoint: 320625 ns, At safepoint: 14042 ns, Total: 334667 ns
[2022-05-02T00:33:46.954+0000][161][safepoint   ] Safepoint "Cleanup", Time since last: 3007177251 ns, Reaching safepoint: 267667 ns, At safepoint: 13792 ns, Total: 281459 ns
[2022-05-02T00:33:47.956+0000][161][safepoint   ] Safepoint "Cleanup", Time since last: 1001917292 ns, Reaching safepoint: 270791 ns, At safepoint: 5667 ns, Total: 276458 ns
[2022-05-02T00:33:48.963+0000][161][safepoint   ] Safepoint "Cleanup", Time since last: 1006291584 ns, Reaching safepoint: 268875 ns, At safepoint: 12458 ns, Total: 281333 ns
[2022-05-02T00:34:26.029+0000][161][safepoint   ] Safepoint "Cleanup", Time since last: 37067432558 ns, Reaching safepoint: 49625 ns, At safepoint: 1833 ns, Total: 51458 ns
[2022-05-02T00:34:34.223+0000][161][gc,start    ] GC(74) Pause Young (Normal) (G1 Evacuation Pause)
[2022-05-02T00:34:34.224+0000][161][gc,task     ] GC(74) Using 5 workers of 5 for evacuation
[2022-05-02T00:34:34.225+0000][161][gc,age      ] GC(74) Desired survivor size 20971520 bytes, new threshold 15 (max threshold 15)
[2022-05-02T00:34:34.228+0000][161][gc,age      ] GC(74) Age table with threshold 15 (max threshold 15)
[2022-05-02T00:34:34.228+0000][161][gc,age      ] GC(74) - age   1:    1138264 bytes,    1138264 total
[2022-05-02T00:34:34.229+0000][161][gc,age      ] GC(74) - age   2:       4048 bytes,    1142312 total
[2022-05-02T00:34:34.230+0000][161][gc,age      ] GC(74) - age   3:       1496 bytes,    1143808 total
[2022-05-02T00:34:34.230+0000][161][gc,age      ] GC(74) - age   4:       1968 bytes,    1145776 total
[2022-05-02T00:34:34.231+0000][161][gc,age      ] GC(74) - age   5:        432 bytes,    1146208 total
[2022-05-02T00:34:34.232+0000][161][gc,age      ] GC(74) - age   6:       5592 bytes,    1151800 total
[2022-05-02T00:34:34.232+0000][161][gc,age      ] GC(74) - age   7:       1208 bytes,    1153008 total
[2022-05-02T00:34:34.233+0000][161][gc,age      ] GC(74) - age   8:       3432 bytes,    1156440 total
[2022-05-02T00:34:34.234+0000][161][gc,age      ] GC(74) - age   9:        208 bytes,    1156648 total
[2022-05-02T00:34:34.234+0000][161][gc,age      ] GC(74) - age  10:       1352 bytes,    1158000 total
[2022-05-02T00:34:34.235+0000][161][gc,age      ] GC(74) - age  11:        720 bytes,    1158720 total
[2022-05-02T00:34:34.235+0000][161][gc,age      ] GC(74) - age  12:        272 bytes,    1158992 total
[2022-05-02T00:34:34.236+0000][161][gc,age      ] GC(74) - age  13:      16568 bytes,    1175560 total
[2022-05-02T00:34:34.237+0000][161][gc,age      ] GC(74) - age  14:       3480 bytes,    1179040 total
[2022-05-02T00:34:34.237+0000][161][gc,age      ] GC(74) - age  15:       2016 bytes,    1181056 total
[2022-05-02T00:34:34.238+0000][161][gc,phases   ] GC(74)   Pre Evacuate Collection Set: 0.2ms
[2022-05-02T00:34:34.239+0000][161][gc,phases   ] GC(74)   Merge Heap Roots: 0.3ms
[2022-05-02T00:34:34.239+0000][161][gc,phases   ] GC(74)   Evacuate Collection Set: 1.0ms
[2022-05-02T00:34:34.240+0000][161][gc,phases   ] GC(74)   Post Evacuate Collection Set: 0.8ms
[2022-05-02T00:34:34.241+0000][161][gc,phases   ] GC(74)   Other: 12.7ms
[2022-05-02T00:34:34.241+0000][161][gc,heap     ] GC(74) Eden regions: 74->0(74)
[2022-05-02T00:34:34.242+0000][161][gc,heap     ] GC(74) Survivor regions: 1->1(10)
[2022-05-02T00:34:34.242+0000][161][gc,heap     ] GC(74) Old regions: 23->23
[2022-05-02T00:34:34.243+0000][161][gc,heap     ] GC(74) Archive regions: 2->2
[2022-05-02T00:34:34.243+0000][161][gc,heap     ] GC(74) Humongous regions: 6->6
[2022-05-02T00:34:34.244+0000][161][gc,metaspace] GC(74) Metaspace: 117313K(119168K)->117313K(119168K) NonClass: 101706K(102848K)->101706K(102848K) Class: 15607K(16320K)->15607K(16320K)
[2022-05-02T00:34:34.244+0000][161][gc          ] GC(74) Pause Young (Normal) (G1 Evacuation Pause) 413M->117M(512M) 21.582ms
[2022-05-02T00:34:34.245+0000][161][gc,cpu      ] GC(74) User=0.01s Sys=0.00s Real=0.03s
[2022-05-02T00:34:34.246+0000][161][safepoint   ] Safepoint "G1CollectForAllocation", Time since last: 8193253212 ns, Reaching safepoint: 198417 ns, At safepoint: 23001208 ns, Total: 23199625 ns
[2022-05-02T00:34:35.248+0000][161][safepoint   ] Safepoint "Cleanup", Time since last: 1001276917 ns, Reaching safepoint: 451542 ns, At safepoint: 19250 ns, Total: 470792 ns
[2022-05-02T00:34:43.261+0000][161][safepoint   ] Safepoint "Cleanup", Time since last: 8012967129 ns, Reaching safepoint: 89458 ns, At safepoint: 8917 ns, Total: 98375 ns
[2022-05-02T00:34:52.285+0000][161][safepoint   ] Safepoint "Cleanup", Time since last: 9015437129 ns, Reaching safepoint: 145083 ns, At safepoint: 3667 ns, Total: 148750 ns
[2022-05-02T00:34:58.289+0000][161][safepoint   ] Safepoint "Cleanup", Time since last: 6004278169 ns, Reaching safepoint: 222417 ns, At safepoint: 4916 ns, Total: 227333 ns
[2022-05-02T00:35:21.319+0000][161][safepoint   ] Safepoint "Cleanup", Time since last: 23036705261 ns, Reaching safepoint: 288792 ns, At safepoint: 12000 ns, Total: 300792 ns
[2022-05-02T00:35:22.329+0000][161][safepoint   ] Safepoint "Cleanup", Time since last: 1010404125 ns, Reaching safepoint: 78667 ns, At safepoint: 3958 ns, Total: 82625 ns
[2022-05-02T00:35:37.245+0000][161][gc,start    ] GC(75) Pause Young (Normal) (G1 Evacuation Pause)
[2022-05-02T00:35:37.245+0000][161][gc,task     ] GC(75) Using 5 workers of 5 for evacuation
[2022-05-02T00:35:37.246+0000][161][gc,age      ] GC(75) Desired survivor size 20971520 bytes, new threshold 15 (max threshold 15)
[2022-05-02T00:35:37.249+0000][161][gc,age      ] GC(75) Age table with threshold 15 (max threshold 15)
[2022-05-02T00:35:37.249+0000][161][gc,age      ] GC(75) - age   1:    1640384 bytes,    1640384 total
[2022-05-02T00:35:37.251+0000][161][gc,age      ] GC(75) - age   2:       3696 bytes,    1644080 total
[2022-05-02T00:35:37.251+0000][161][gc,age      ] GC(75) - age   3:       1768 bytes,    1645848 total
[2022-05-02T00:35:37.252+0000][161][gc,age      ] GC(75) - age   4:       1240 bytes,    1647088 total
[2022-05-02T00:35:37.253+0000][161][gc,age      ] GC(75) - age   5:       1968 bytes,    1649056 total
[2022-05-02T00:35:37.253+0000][161][gc,age      ] GC(75) - age   6:        432 bytes,    1649488 total
[2022-05-02T00:35:37.254+0000][161][gc,age      ] GC(75) - age   7:       5592 bytes,    1655080 total
[2022-05-02T00:35:37.255+0000][161][gc,age      ] GC(75) - age   8:       1208 bytes,    1656288 total
[2022-05-02T00:35:37.255+0000][161][gc,age      ] GC(75) - age   9:       3432 bytes,    1659720 total
[2022-05-02T00:35:37.256+0000][161][gc,age      ] GC(75) - age  10:        160 bytes,    1659880 total
[2022-05-02T00:35:37.257+0000][161][gc,age      ] GC(75) - age  11:       1352 bytes,    1661232 total
[2022-05-02T00:35:37.257+0000][161][gc,age      ] GC(75) - age  12:        720 bytes,    1661952 total
[2022-05-02T00:35:37.259+0000][161][gc,age      ] GC(75) - age  13:        272 bytes,    1662224 total
[2022-05-02T00:35:37.260+0000][161][gc,age      ] GC(75) - age  14:      16568 bytes,    1678792 total
[2022-05-02T00:35:37.261+0000][161][gc,age      ] GC(75) - age  15:       3480 bytes,    1682272 total
[2022-05-02T00:35:37.262+0000][161][gc,phases   ] GC(75)   Pre Evacuate Collection Set: 0.1ms
[2022-05-02T00:35:37.263+0000][161][gc,phases   ] GC(75)   Merge Heap Roots: 0.0ms
[2022-05-02T00:35:37.263+0000][161][gc,phases   ] GC(75)   Evacuate Collection Set: 1.4ms
[2022-05-02T00:35:37.264+0000][161][gc,phases   ] GC(75)   Post Evacuate Collection Set: 0.6ms
[2022-05-02T00:35:37.264+0000][161][gc,phases   ] GC(75)   Other: 14.7ms
[2022-05-02T00:35:37.265+0000][161][gc,heap     ] GC(75) Eden regions: 74->0(74)
[2022-05-02T00:35:37.265+0000][161][gc,heap     ] GC(75) Survivor regions: 1->1(10)
[2022-05-02T00:35:37.266+0000][161][gc,heap     ] GC(75) Old regions: 23->23
[2022-05-02T00:35:37.266+0000][161][gc,heap     ] GC(75) Archive regions: 2->2
[2022-05-02T00:35:37.267+0000][161][gc,heap     ] GC(75) Humongous regions: 6->6
[2022-05-02T00:35:37.270+0000][161][gc,metaspace] GC(75) Metaspace: 117331K(119168K)->117331K(119168K) NonClass: 101724K(102848K)->101724K(102848K) Class: 15607K(16320K)->15607K(16320K)
[2022-05-02T00:35:37.270+0000][161][gc          ] GC(75) Pause Young (Normal) (G1 Evacuation Pause) 413M->118M(512M) 25.597ms
[2022-05-02T00:35:37.271+0000][161][gc,cpu      ] GC(75) User=0.01s Sys=0.00s Real=0.03s
[2022-05-02T00:35:37.272+0000][161][safepoint   ] Safepoint "G1CollectForAllocation", Time since last: 14915280924 ns, Reaching safepoint: 63417 ns, At safepoint: 26849666 ns, Total: 26913083 ns
[2022-05-02T00:35:44.282+0000][161][safepoint   ] Safepoint "Cleanup", Time since last: 7010121004 ns, Reaching safepoint: 369875 ns, At safepoint: 15083 ns, Total: 384958 ns
[2022-05-02T00:35:48.299+0000][161][safepoint   ] Safepoint "Cleanup", Time since last: 4016038794 ns, Reaching safepoint: 413375 ns, At safepoint: 16250 ns, Total: 429625 ns
[2022-05-02T00:36:07.354+0000][161][safepoint   ] Safepoint "Cleanup", Time since last: 19054618966 ns, Reaching safepoint: 195959 ns, At safepoint: 45291 ns, Total: 241250 ns
[2022-05-02T00:36:14.359+0000][161][safepoint   ] Safepoint "Cleanup", Time since last: 7005362504 ns, Reaching safepoint: 354666 ns, At safepoint: 12875 ns, Total: 367541 ns
[2022-05-02T00:36:19.385+0000][161][safepoint   ] Safepoint "Cleanup", Time since last: 5025730336 ns, Reaching safepoint: 56417 ns, At safepoint: 2000 ns, Total: 58417 ns
[2022-05-02T00:36:37.136+0000][161][gc,start    ] GC(76) Pause Young (Normal) (G1 Evacuation Pause)
[2022-05-02T00:36:37.137+0000][161][gc,task     ] GC(76) Using 5 workers of 5 for evacuation
[2022-05-02T00:36:37.138+0000][161][gc,age      ] GC(76) Desired survivor size 20971520 bytes, new threshold 15 (max threshold 15)
[2022-05-02T00:36:37.141+0000][161][gc,age      ] GC(76) Age table with threshold 15 (max threshold 15)
[2022-05-02T00:36:37.142+0000][161][gc,age      ] GC(76) - age   1:    1161680 bytes,    1161680 total
[2022-05-02T00:36:37.142+0000][161][gc,age      ] GC(76) - age   2:       4080 bytes,    1165760 total
[2022-05-02T00:36:37.143+0000][161][gc,age      ] GC(76) - age   3:       1736 bytes,    1167496 total
[2022-05-02T00:36:37.144+0000][161][gc,age      ] GC(76) - age   4:        904 bytes,    1168400 total
[2022-05-02T00:36:37.145+0000][161][gc,age      ] GC(76) - age   5:       1240 bytes,    1169640 total
[2022-05-02T00:36:37.146+0000][161][gc,age      ] GC(76) - age   6:       1936 bytes,    1171576 total
[2022-05-02T00:36:37.146+0000][161][gc,age      ] GC(76) - age   7:        432 bytes,    1172008 total
[2022-05-02T00:36:37.147+0000][161][gc,age      ] GC(76) - age   8:       5592 bytes,    1177600 total
[2022-05-02T00:36:37.147+0000][161][gc,age      ] GC(76) - age   9:       1208 bytes,    1178808 total
[2022-05-02T00:36:37.148+0000][161][gc,age      ] GC(76) - age  10:       3432 bytes,    1182240 total
[2022-05-02T00:36:37.149+0000][161][gc,age      ] GC(76) - age  11:        160 bytes,    1182400 total
[2022-05-02T00:36:37.149+0000][161][gc,age      ] GC(76) - age  12:       1352 bytes,    1183752 total
[2022-05-02T00:36:37.150+0000][161][gc,age      ] GC(76) - age  13:        720 bytes,    1184472 total
[2022-05-02T00:36:37.150+0000][161][gc,age      ] GC(76) - age  14:        272 bytes,    1184744 total
[2022-05-02T00:36:37.151+0000][161][gc,age      ] GC(76) - age  15:      16568 bytes,    1201312 total
[2022-05-02T00:36:37.152+0000][161][gc,phases   ] GC(76)   Pre Evacuate Collection Set: 0.1ms
[2022-05-02T00:36:37.152+0000][161][gc,phases   ] GC(76)   Merge Heap Roots: 0.0ms
[2022-05-02T00:36:37.153+0000][161][gc,phases   ] GC(76)   Evacuate Collection Set: 1.1ms
[2022-05-02T00:36:37.154+0000][161][gc,phases   ] GC(76)   Post Evacuate Collection Set: 1.0ms
[2022-05-02T00:36:37.154+0000][161][gc,phases   ] GC(76)   Other: 12.9ms
[2022-05-02T00:36:37.155+0000][161][gc,heap     ] GC(76) Eden regions: 74->0(74)
[2022-05-02T00:36:37.155+0000][161][gc,heap     ] GC(76) Survivor regions: 1->1(10)
[2022-05-02T00:36:37.156+0000][161][gc,heap     ] GC(76) Old regions: 23->23
[2022-05-02T00:36:37.156+0000][161][gc,heap     ] GC(76) Archive regions: 2->2
[2022-05-02T00:36:37.157+0000][161][gc,heap     ] GC(76) Humongous regions: 6->6
[2022-05-02T00:36:37.157+0000][161][gc,metaspace] GC(76) Metaspace: 117343K(119168K)->117343K(119168K) NonClass: 101736K(102848K)->101736K(102848K) Class: 15607K(16320K)->15607K(16320K)
[2022-05-02T00:36:37.158+0000][161][gc          ] GC(76) Pause Young (Normal) (G1 Evacuation Pause) 414M->117M(512M) 21.401ms
[2022-05-02T00:36:37.158+0000][161][gc,cpu      ] GC(76) User=0.01s Sys=0.00s Real=0.02s
[2022-05-02T00:36:37.159+0000][161][safepoint   ] Safepoint "G1CollectForAllocation", Time since last: 17751651299 ns, Reaching safepoint: 59500 ns, At safepoint: 22439875 ns, Total: 22499375 ns
[2022-05-02T00:36:38.166+0000][161][safepoint   ] Safepoint "Cleanup", Time since last: 1006497876 ns, Reaching safepoint: 488166 ns, At safepoint: 11459 ns, Total: 499625 ns
[2022-05-02T00:36:48.185+0000][161][safepoint   ] Safepoint "Cleanup", Time since last: 10017569380 ns, Reaching safepoint: 1908541 ns, At safepoint: 8500 ns, Total: 1917041 ns
[2022-05-02T00:37:22.261+0000][161][safepoint   ] Safepoint "Cleanup", Time since last: 34076015723 ns, Reaching safepoint: 86417 ns, At safepoint: 4625 ns, Total: 91042 ns
[2022-05-02T00:37:40.076+0000][161][gc,start    ] GC(77) Pause Young (Normal) (G1 Evacuation Pause)
[2022-05-02T00:37:40.077+0000][161][gc,task     ] GC(77) Using 5 workers of 5 for evacuation
[2022-05-02T00:37:40.078+0000][161][gc,age      ] GC(77) Desired survivor size 20971520 bytes, new threshold 15 (max threshold 15)
[2022-05-02T00:37:40.080+0000][161][gc,age      ] GC(77) Age table with threshold 15 (max threshold 15)
[2022-05-02T00:37:40.081+0000][161][gc,age      ] GC(77) - age   1:     957296 bytes,     957296 total
[2022-05-02T00:37:40.082+0000][161][gc,age      ] GC(77) - age   2:       6024 bytes,     963320 total
[2022-05-02T00:37:40.083+0000][161][gc,age      ] GC(77) - age   3:        984 bytes,     964304 total
[2022-05-02T00:37:40.084+0000][161][gc,age      ] GC(77) - age   4:       1608 bytes,     965912 total
[2022-05-02T00:37:40.085+0000][161][gc,age      ] GC(77) - age   5:        880 bytes,     966792 total
[2022-05-02T00:37:40.085+0000][161][gc,age      ] GC(77) - age   6:       1240 bytes,     968032 total
[2022-05-02T00:37:40.086+0000][161][gc,age      ] GC(77) - age   7:       1736 bytes,     969768 total
[2022-05-02T00:37:40.087+0000][161][gc,age      ] GC(77) - age   8:        432 bytes,     970200 total
[2022-05-02T00:37:40.088+0000][161][gc,age      ] GC(77) - age   9:       5592 bytes,     975792 total
[2022-05-02T00:37:40.089+0000][161][gc,age      ] GC(77) - age  10:       1208 bytes,     977000 total
[2022-05-02T00:37:40.089+0000][161][gc,age      ] GC(77) - age  11:       3432 bytes,     980432 total
[2022-05-02T00:37:40.090+0000][161][gc,age      ] GC(77) - age  12:        160 bytes,     980592 total
[2022-05-02T00:37:40.090+0000][161][gc,age      ] GC(77) - age  13:       1352 bytes,     981944 total
[2022-05-02T00:37:40.091+0000][161][gc,age      ] GC(77) - age  14:        720 bytes,     982664 total
[2022-05-02T00:37:40.092+0000][161][gc,age      ] GC(77) - age  15:        272 bytes,     982936 total
[2022-05-02T00:37:40.092+0000][161][gc,phases   ] GC(77)   Pre Evacuate Collection Set: 0.2ms
[2022-05-02T00:37:40.093+0000][161][gc,phases   ] GC(77)   Merge Heap Roots: 0.1ms
[2022-05-02T00:37:40.094+0000][161][gc,phases   ] GC(77)   Evacuate Collection Set: 1.0ms
[2022-05-02T00:37:40.094+0000][161][gc,phases   ] GC(77)   Post Evacuate Collection Set: 0.7ms
[2022-05-02T00:37:40.095+0000][161][gc,phases   ] GC(77)   Other: 14.4ms
[2022-05-02T00:37:40.095+0000][161][gc,heap     ] GC(77) Eden regions: 74->0(75)
[2022-05-02T00:37:40.096+0000][161][gc,heap     ] GC(77) Survivor regions: 1->1(10)
[2022-05-02T00:37:40.096+0000][161][gc,heap     ] GC(77) Old regions: 23->23
[2022-05-02T00:37:40.097+0000][161][gc,heap     ] GC(77) Archive regions: 2->2
[2022-05-02T00:37:40.098+0000][161][gc,heap     ] GC(77) Humongous regions: 6->6
[2022-05-02T00:37:40.098+0000][161][gc,metaspace] GC(77) Metaspace: 117354K(119168K)->117354K(119168K) NonClass: 101747K(102848K)->101747K(102848K) Class: 15607K(16320K)->15607K(16320K)
[2022-05-02T00:37:40.099+0000][161][gc          ] GC(77) Pause Young (Normal) (G1 Evacuation Pause) 413M->117M(512M) 22.743ms
[2022-05-02T00:37:40.099+0000][161][gc,cpu      ] GC(77) User=0.01s Sys=0.00s Real=0.03s
[2022-05-02T00:37:40.100+0000][161][safepoint   ] Safepoint "G1CollectForAllocation", Time since last: 17814421009 ns, Reaching safepoint: 48250 ns, At safepoint: 24317208 ns, Total: 24365458 ns
[2022-05-02T00:37:48.114+0000][161][safepoint   ] Safepoint "Cleanup", Time since last: 8013958504 ns, Reaching safepoint: 177625 ns, At safepoint: 7583 ns, Total: 185208 ns
[2022-05-02T00:37:53.132+0000][161][safepoint   ] Safepoint "Cleanup", Time since last: 5017780210 ns, Reaching safepoint: 121583 ns, At safepoint: 3542 ns, Total: 125125 ns
[2022-05-02T00:37:56.137+0000][161][safepoint   ] Safepoint "Cleanup", Time since last: 3004831418 ns, Reaching safepoint: 210667 ns, At safepoint: 4708 ns, Total: 215375 ns
[2022-05-02T00:38:08.161+0000][161][safepoint   ] Safepoint "Cleanup", Time since last: 12023694839 ns, Reaching safepoint: 78833 ns, At safepoint: 4167 ns, Total: 83000 ns
[2022-05-02T00:38:14.167+0000][161][safepoint   ] Safepoint "Cleanup", Time since last: 6005882253 ns, Reaching safepoint: 330208 ns, At safepoint: 11834 ns, Total: 342042 ns
[2022-05-02T00:38:29.192+0000][161][safepoint   ] Safepoint "Cleanup", Time since last: 15024339548 ns, Reaching safepoint: 175292 ns, At safepoint: 6958 ns, Total: 182250 ns
[2022-05-02T00:38:37.206+0000][161][safepoint   ] Safepoint "Cleanup", Time since last: 8013292712 ns, Reaching safepoint: 781875 ns, At safepoint: 20084 ns, Total: 801959 ns
[2022-05-02T00:38:38.220+0000][161][safepoint   ] Safepoint "Cleanup", Time since last: 1014416250 ns, Reaching safepoint: 381792 ns, At safepoint: 14833 ns, Total: 396625 ns
[2022-05-02T00:38:40.234+0000][161][safepoint   ] Safepoint "Cleanup", Time since last: 2013304001 ns, Reaching safepoint: 62417 ns, At safepoint: 24333 ns, Total: 86750 ns
[2022-05-02T00:38:43.236+0000][161][safepoint   ] Safepoint "Cleanup", Time since last: 3002156876 ns, Reaching safepoint: 79459 ns, At safepoint: 4041 ns, Total: 83500 ns
[2022-05-02T00:38:43.299+0000][161][gc,start    ] GC(78) Pause Young (Normal) (G1 Evacuation Pause)
[2022-05-02T00:38:43.300+0000][161][gc,task     ] GC(78) Using 5 workers of 5 for evacuation
[2022-05-02T00:38:43.301+0000][161][gc,age      ] GC(78) Desired survivor size 20971520 bytes, new threshold 15 (max threshold 15)
[2022-05-02T00:38:43.305+0000][161][gc,age      ] GC(78) Age table with threshold 15 (max threshold 15)
[2022-05-02T00:38:43.306+0000][161][gc,age      ] GC(78) - age   1:    1512840 bytes,    1512840 total
[2022-05-02T00:38:43.307+0000][161][gc,age      ] GC(78) - age   2:       2608 bytes,    1515448 total
[2022-05-02T00:38:43.308+0000][161][gc,age      ] GC(78) - age   3:       4328 bytes,    1519776 total
[2022-05-02T00:38:43.308+0000][161][gc,age      ] GC(78) - age   4:        792 bytes,    1520568 total
[2022-05-02T00:38:43.309+0000][161][gc,age      ] GC(78) - age   5:       1248 bytes,    1521816 total
[2022-05-02T00:38:43.310+0000][161][gc,age      ] GC(78) - age   6:        880 bytes,    1522696 total
[2022-05-02T00:38:43.311+0000][161][gc,age      ] GC(78) - age   7:       1240 bytes,    1523936 total
[2022-05-02T00:38:43.311+0000][161][gc,age      ] GC(78) - age   8:       1736 bytes,    1525672 total
[2022-05-02T00:38:43.313+0000][161][gc,age      ] GC(78) - age   9:        432 bytes,    1526104 total
[2022-05-02T00:38:43.314+0000][161][gc,age      ] GC(78) - age  10:       3496 bytes,    1529600 total
[2022-05-02T00:38:43.315+0000][161][gc,age      ] GC(78) - age  11:       1208 bytes,    1530808 total
[2022-05-02T00:38:43.316+0000][161][gc,age      ] GC(78) - age  12:       3432 bytes,    1534240 total
[2022-05-02T00:38:43.316+0000][161][gc,age      ] GC(78) - age  13:        160 bytes,    1534400 total
[2022-05-02T00:38:43.317+0000][161][gc,age      ] GC(78) - age  14:       1352 bytes,    1535752 total
[2022-05-02T00:38:43.318+0000][161][gc,age      ] GC(78) - age  15:        328 bytes,    1536080 total
[2022-05-02T00:38:43.318+0000][161][gc,phases   ] GC(78)   Pre Evacuate Collection Set: 0.1ms
[2022-05-02T00:38:43.319+0000][161][gc,phases   ] GC(78)   Merge Heap Roots: 0.1ms
[2022-05-02T00:38:43.320+0000][161][gc,phases   ] GC(78)   Evacuate Collection Set: 2.1ms
[2022-05-02T00:38:43.320+0000][161][gc,phases   ] GC(78)   Post Evacuate Collection Set: 0.8ms
[2022-05-02T00:38:43.322+0000][161][gc,phases   ] GC(78)   Other: 15.8ms
[2022-05-02T00:38:43.322+0000][161][gc,heap     ] GC(78) Eden regions: 75->0(74)
[2022-05-02T00:38:43.323+0000][161][gc,heap     ] GC(78) Survivor regions: 1->1(10)
[2022-05-02T00:38:43.324+0000][161][gc,heap     ] GC(78) Old regions: 23->23
[2022-05-02T00:38:43.324+0000][161][gc,heap     ] GC(78) Archive regions: 2->2
[2022-05-02T00:38:43.325+0000][161][gc,heap     ] GC(78) Humongous regions: 6->6
[2022-05-02T00:38:43.325+0000][161][gc,metaspace] GC(78) Metaspace: 117362K(119168K)->117362K(119168K) NonClass: 101754K(102848K)->101754K(102848K) Class: 15608K(16320K)->15608K(16320K)
[2022-05-02T00:38:43.327+0000][161][gc          ] GC(78) Pause Young (Normal) (G1 Evacuation Pause) 417M->117M(512M) 27.607ms
[2022-05-02T00:38:43.328+0000][161][gc,cpu      ] GC(78) User=0.01s Sys=0.00s Real=0.03s
[2022-05-02T00:38:43.329+0000][161][safepoint   ] Safepoint "G1CollectForAllocation", Time since last: 63298042 ns, Reaching safepoint: 45250 ns, At safepoint: 29334042 ns, Total: 29379292 ns
[2022-05-02T00:38:52.351+0000][161][safepoint   ] Safepoint "Cleanup", Time since last: 9021386462 ns, Reaching safepoint: 79667 ns, At safepoint: 3667 ns, Total: 83334 ns
[2022-05-02T00:38:55.356+0000][161][safepoint   ] Safepoint "Cleanup", Time since last: 3004713251 ns, Reaching safepoint: 133458 ns, At safepoint: 12917 ns, Total: 146375 ns
[2022-05-02T00:38:56.358+0000][161][safepoint   ] Safepoint "Cleanup", Time since last: 1002200709 ns, Reaching safepoint: 123458 ns, At safepoint: 6167 ns, Total: 129625 ns
[2022-05-02T00:38:58.366+0000][161][safepoint   ] Safepoint "Cleanup", Time since last: 2007691209 ns, Reaching safepoint: 158208 ns, At safepoint: 14375 ns, Total: 172583 ns
[2022-05-02T00:39:07.375+0000][161][safepoint   ] Safepoint "Cleanup", Time since last: 9009316296 ns, Reaching safepoint: 62500 ns, At safepoint: 2542 ns, Total: 65042 ns
[2022-05-02T00:39:08.379+0000][161][safepoint   ] Safepoint "Cleanup", Time since last: 1003848626 ns, Reaching safepoint: 84958 ns, At safepoint: 3542 ns, Total: 88500 ns
[2022-05-02T00:39:09.386+0000][161][safepoint   ] Safepoint "Cleanup", Time since last: 1002319625 ns, Reaching safepoint: 4667125 ns, At safepoint: 16208 ns, Total: 4683333 ns
[2022-05-02T00:39:10.388+0000][161][safepoint   ] Safepoint "Cleanup", Time since last: 1001750251 ns, Reaching safepoint: 113833 ns, At safepoint: 10708 ns, Total: 124541 ns
[2022-05-02T00:39:13.391+0000][161][safepoint   ] Safepoint "Cleanup", Time since last: 3003196044 ns, Reaching safepoint: 280291 ns, At safepoint: 5875 ns, Total: 286166 ns
[2022-05-02T00:39:14.394+0000][161][safepoint   ] Safepoint "Cleanup", Time since last: 1002753251 ns, Reaching safepoint: 106916 ns, At safepoint: 2709 ns, Total: 109625 ns
[2022-05-02T00:39:16.398+0000][161][safepoint   ] Safepoint "Cleanup", Time since last: 2003576751 ns, Reaching safepoint: 117291 ns, At safepoint: 9834 ns, Total: 127125 ns
[2022-05-02T00:39:17.400+0000][161][safepoint   ] Safepoint "Cleanup", Time since last: 1001973417 ns, Reaching safepoint: 495375 ns, At safepoint: 15708 ns, Total: 511083 ns
[2022-05-02T00:39:18.407+0000][161][safepoint   ] Safepoint "Cleanup", Time since last: 1006444417 ns, Reaching safepoint: 189750 ns, At safepoint: 9500 ns, Total: 199250 ns
[2022-05-02T00:39:19.417+0000][161][safepoint   ] Safepoint "Cleanup", Time since last: 1009648126 ns, Reaching safepoint: 103666 ns, At safepoint: 3375 ns, Total: 107041 ns
[2022-05-02T00:39:22.423+0000][161][safepoint   ] Safepoint "Cleanup", Time since last: 3006508293 ns, Reaching safepoint: 210750 ns, At safepoint: 4291 ns, Total: 215041 ns
[2022-05-02T00:39:28.439+0000][161][safepoint   ] Safepoint "Cleanup", Time since last: 6015725003 ns, Reaching safepoint: 134458 ns, At safepoint: 4250 ns, Total: 138708 ns
[2022-05-02T00:39:31.445+0000][161][safepoint   ] Safepoint "Cleanup", Time since last: 3006217544 ns, Reaching safepoint: 79541 ns, At safepoint: 5084 ns, Total: 84625 ns
[2022-05-02T00:39:34.448+0000][161][safepoint   ] Safepoint "Cleanup", Time since last: 3002070251 ns, Reaching safepoint: 103458 ns, At safepoint: 4417 ns, Total: 107875 ns
[2022-05-02T00:39:37.454+0000][161][safepoint   ] Safepoint "Cleanup", Time since last: 3005786793 ns, Reaching safepoint: 550125 ns, At safepoint: 20292 ns, Total: 570417 ns
[2022-05-02T00:39:40.192+0000][161][gc,start    ] GC(79) Pause Young (Normal) (G1 Evacuation Pause)
[2022-05-02T00:39:40.192+0000][161][gc,task     ] GC(79) Using 5 workers of 5 for evacuation
[2022-05-02T00:39:40.193+0000][161][gc,age      ] GC(79) Desired survivor size 20971520 bytes, new threshold 15 (max threshold 15)
[2022-05-02T00:39:40.197+0000][161][gc,age      ] GC(79) Age table with threshold 15 (max threshold 15)
[2022-05-02T00:39:40.198+0000][161][gc,age      ] GC(79) - age   1:    1438736 bytes,    1438736 total
[2022-05-02T00:39:40.200+0000][161][gc,age      ] GC(79) - age   2:       6888 bytes,    1445624 total
[2022-05-02T00:39:40.201+0000][161][gc,age      ] GC(79) - age   3:        680 bytes,    1446304 total
[2022-05-02T00:39:40.202+0000][161][gc,age      ] GC(79) - age   4:       4056 bytes,    1450360 total
[2022-05-02T00:39:40.203+0000][161][gc,age      ] GC(79) - age   5:        792 bytes,    1451152 total
[2022-05-02T00:39:40.204+0000][161][gc,age      ] GC(79) - age   6:       1136 bytes,    1452288 total
[2022-05-02T00:39:40.204+0000][161][gc,age      ] GC(79) - age   7:        792 bytes,    1453080 total
[2022-05-02T00:39:40.205+0000][161][gc,age      ] GC(79) - age   8:       1240 bytes,    1454320 total
[2022-05-02T00:39:40.206+0000][161][gc,age      ] GC(79) - age   9:       1736 bytes,    1456056 total
[2022-05-02T00:39:40.206+0000][161][gc,age      ] GC(79) - age  10:        432 bytes,    1456488 total
[2022-05-02T00:39:40.207+0000][161][gc,age      ] GC(79) - age  11:       3496 bytes,    1459984 total
[2022-05-02T00:39:40.207+0000][161][gc,age      ] GC(79) - age  12:       1208 bytes,    1461192 total
[2022-05-02T00:39:40.208+0000][161][gc,age      ] GC(79) - age  13:       3120 bytes,    1464312 total
[2022-05-02T00:39:40.209+0000][161][gc,age      ] GC(79) - age  14:        160 bytes,    1464472 total
[2022-05-02T00:39:40.209+0000][161][gc,age      ] GC(79) - age  15:       1352 bytes,    1465824 total
[2022-05-02T00:39:40.210+0000][161][gc,phases   ] GC(79)   Pre Evacuate Collection Set: 0.1ms
[2022-05-02T00:39:40.211+0000][161][gc,phases   ] GC(79)   Merge Heap Roots: 0.1ms
[2022-05-02T00:39:40.212+0000][161][gc,phases   ] GC(79)   Evacuate Collection Set: 1.3ms
[2022-05-02T00:39:40.212+0000][161][gc,phases   ] GC(79)   Post Evacuate Collection Set: 0.7ms
[2022-05-02T00:39:40.213+0000][161][gc,phases   ] GC(79)   Other: 16.3ms
[2022-05-02T00:39:40.214+0000][161][gc,heap     ] GC(79) Eden regions: 74->0(74)
[2022-05-02T00:39:40.214+0000][161][gc,heap     ] GC(79) Survivor regions: 1->1(10)
[2022-05-02T00:39:40.215+0000][161][gc,heap     ] GC(79) Old regions: 23->23
[2022-05-02T00:39:40.216+0000][161][gc,heap     ] GC(79) Archive regions: 2->2
[2022-05-02T00:39:40.216+0000][161][gc,heap     ] GC(79) Humongous regions: 6->6
[2022-05-02T00:39:40.217+0000][161][gc,metaspace] GC(79) Metaspace: 117630K(119552K)->117630K(119552K) NonClass: 102002K(103168K)->102002K(103168K) Class: 15628K(16384K)->15628K(16384K)
[2022-05-02T00:39:40.217+0000][161][gc          ] GC(79) Pause Young (Normal) (G1 Evacuation Pause) 413M->117M(512M) 25.774ms
[2022-05-02T00:39:40.218+0000][161][gc,cpu      ] GC(79) User=0.01s Sys=0.00s Real=0.03s
[2022-05-02T00:39:40.219+0000][161][safepoint   ] Safepoint "G1CollectForAllocation", Time since last: 2737483418 ns, Reaching safepoint: 162916 ns, At safepoint: 27349417 ns, Total: 27512333 ns
[2022-05-02T00:39:46.265+0000][161][safepoint   ] Safepoint "Cleanup", Time since last: 6045298378 ns, Reaching safepoint: 371708 ns, At safepoint: 13000 ns, Total: 384708 ns
[2022-05-02T00:39:47.272+0000][161][safepoint   ] Safepoint "Cleanup", Time since last: 1002211001 ns, Reaching safepoint: 5351000 ns, At safepoint: 12208 ns, Total: 5363208 ns
[2022-05-02T00:39:48.281+0000][161][safepoint   ] Safepoint "Cleanup", Time since last: 1008531834 ns, Reaching safepoint: 268458 ns, At safepoint: 8834 ns, Total: 277292 ns
[2022-05-02T00:39:53.405+0000][161][safepoint   ] Safepoint "Cleanup", Time since last: 5121449126 ns, Reaching safepoint: 83750 ns, At safepoint: 2375 ns, Total: 86125 ns
[2022-05-02T00:39:58.410+0000][161][safepoint   ] Safepoint "Cleanup", Time since last: 5005183627 ns, Reaching safepoint: 285459 ns, At safepoint: 4833 ns, Total: 290292 ns
[2022-05-02T00:39:59.756+0000][161][safepoint   ] Safepoint "Cleanup", Time since last: 1345356292 ns, Reaching safepoint: 392959 ns, At safepoint: 12000 ns, Total: 404959 ns
[2022-05-02T00:40:01.772+0000][161][safepoint   ] Safepoint "Cleanup", Time since last: 2015361834 ns, Reaching safepoint: 350792 ns, At safepoint: 15708 ns, Total: 366500 ns
[2022-05-02T00:40:04.786+0000][161][safepoint   ] Safepoint "Cleanup", Time since last: 3014586376 ns, Reaching safepoint: 78292 ns, At safepoint: 2250 ns, Total: 80542 ns
[2022-05-02T00:40:09.801+0000][161][safepoint   ] Safepoint "Cleanup", Time since last: 5013800253 ns, Reaching safepoint: 360625 ns, At safepoint: 11625 ns, Total: 372250 ns
[2022-05-02T00:40:10.807+0000][161][safepoint   ] Safepoint "Cleanup", Time since last: 1005891542 ns, Reaching safepoint: 200166 ns, At safepoint: 10500 ns, Total: 210666 ns
[2022-05-02T00:40:14.818+0000][161][safepoint   ] Safepoint "Cleanup", Time since last: 4010699502 ns, Reaching safepoint: 969709 ns, At safepoint: 26708 ns, Total: 996417 ns
[2022-05-02T00:40:16.828+0000][161][safepoint   ] Safepoint "Cleanup", Time since last: 2009637793 ns, Reaching safepoint: 161125 ns, At safepoint: 2708 ns, Total: 163833 ns
[2022-05-02T00:40:17.833+0000][161][safepoint   ] Safepoint "Cleanup", Time since last: 1004528167 ns, Reaching safepoint: 274292 ns, At safepoint: 8500 ns, Total: 282792 ns
[2022-05-02T00:40:28.860+0000][161][safepoint   ] Safepoint "Cleanup", Time since last: 11029273171 ns, Reaching safepoint: 340666 ns, At safepoint: 8709 ns, Total: 349375 ns
[2022-05-02T00:40:31.864+0000][161][safepoint   ] Safepoint "Cleanup", Time since last: 3003858918 ns, Reaching safepoint: 95125 ns, At safepoint: 2416 ns, Total: 97541 ns
[2022-05-02T00:40:35.090+0000][161][gc,start    ] GC(80) Pause Young (Normal) (G1 Evacuation Pause)
[2022-05-02T00:40:35.090+0000][161][gc,task     ] GC(80) Using 5 workers of 5 for evacuation
[2022-05-02T00:40:35.091+0000][161][gc,age      ] GC(80) Desired survivor size 20971520 bytes, new threshold 15 (max threshold 15)
[2022-05-02T00:40:35.095+0000][161][gc,age      ] GC(80) Age table with threshold 15 (max threshold 15)
[2022-05-02T00:40:35.095+0000][161][gc,age      ] GC(80) - age   1:    2108504 bytes,    2108504 total
[2022-05-02T00:40:35.096+0000][161][gc,age      ] GC(80) - age   2:     561936 bytes,    2670440 total
[2022-05-02T00:40:35.097+0000][161][gc,age      ] GC(80) - age   3:       5144 bytes,    2675584 total
[2022-05-02T00:40:35.098+0000][161][gc,age      ] GC(80) - age   4:        552 bytes,    2676136 total
[2022-05-02T00:40:35.099+0000][161][gc,age      ] GC(80) - age   5:       4056 bytes,    2680192 total
[2022-05-02T00:40:35.100+0000][161][gc,age      ] GC(80) - age   6:        792 bytes,    2680984 total
[2022-05-02T00:40:35.101+0000][161][gc,age      ] GC(80) - age   7:       1136 bytes,    2682120 total
[2022-05-02T00:40:35.101+0000][161][gc,age      ] GC(80) - age   8:        792 bytes,    2682912 total
[2022-05-02T00:40:35.102+0000][161][gc,age      ] GC(80) - age   9:       1240 bytes,    2684152 total
[2022-05-02T00:40:35.103+0000][161][gc,age      ] GC(80) - age  10:       1736 bytes,    2685888 total
[2022-05-02T00:40:35.104+0000][161][gc,age      ] GC(80) - age  11:        432 bytes,    2686320 total
[2022-05-02T00:40:35.105+0000][161][gc,age      ] GC(80) - age  12:       3496 bytes,    2689816 total
[2022-05-02T00:40:35.105+0000][161][gc,age      ] GC(80) - age  13:       1208 bytes,    2691024 total
[2022-05-02T00:40:35.106+0000][161][gc,age      ] GC(80) - age  14:       3120 bytes,    2694144 total
[2022-05-02T00:40:35.107+0000][161][gc,age      ] GC(80) - age  15:        160 bytes,    2694304 total
[2022-05-02T00:40:35.108+0000][161][gc,phases   ] GC(80)   Pre Evacuate Collection Set: 0.3ms
[2022-05-02T00:40:35.108+0000][161][gc,phases   ] GC(80)   Merge Heap Roots: 0.2ms
[2022-05-02T00:40:35.109+0000][161][gc,phases   ] GC(80)   Evacuate Collection Set: 1.5ms
[2022-05-02T00:40:35.109+0000][161][gc,phases   ] GC(80)   Post Evacuate Collection Set: 0.9ms
[2022-05-02T00:40:35.110+0000][161][gc,phases   ] GC(80)   Other: 15.1ms
[2022-05-02T00:40:35.111+0000][161][gc,heap     ] GC(80) Eden regions: 74->0(74)
[2022-05-02T00:40:35.112+0000][161][gc,heap     ] GC(80) Survivor regions: 1->1(10)
[2022-05-02T00:40:35.113+0000][161][gc,heap     ] GC(80) Old regions: 23->23
[2022-05-02T00:40:35.114+0000][161][gc,heap     ] GC(80) Archive regions: 2->2
[2022-05-02T00:40:35.115+0000][161][gc,heap     ] GC(80) Humongous regions: 6->6
[2022-05-02T00:40:35.115+0000][161][gc,metaspace] GC(80) Metaspace: 117646K(119552K)->117646K(119552K) NonClass: 102017K(103168K)->102017K(103168K) Class: 15628K(16384K)->15628K(16384K)
[2022-05-02T00:40:35.117+0000][161][gc          ] GC(80) Pause Young (Normal) (G1 Evacuation Pause) 413M->119M(512M) 27.598ms
[2022-05-02T00:40:35.118+0000][161][gc,cpu      ] GC(80) User=0.01s Sys=0.01s Real=0.03s
[2022-05-02T00:40:35.119+0000][161][safepoint   ] Safepoint "G1CollectForAllocation", Time since last: 3225159252 ns, Reaching safepoint: 44958 ns, At safepoint: 29436125 ns, Total: 29481083 ns
[2022-05-02T00:40:36.120+0000][161][safepoint   ] Safepoint "Cleanup", Time since last: 1000931751 ns, Reaching safepoint: 71041 ns, At safepoint: 4917 ns, Total: 75958 ns
[2022-05-02T00:40:38.125+0000][161][safepoint   ] Safepoint "Cleanup", Time since last: 2004521084 ns, Reaching safepoint: 189750 ns, At safepoint: 5750 ns, Total: 195500 ns
[2022-05-02T00:40:39.126+0000][161][safepoint   ] Safepoint "Cleanup", Time since last: 1001332959 ns, Reaching safepoint: 77792 ns, At safepoint: 5833 ns, Total: 83625 ns
[2022-05-02T00:40:40.128+0000][161][safepoint   ] Safepoint "Cleanup", Time since last: 1002204751 ns, Reaching safepoint: 128250 ns, At safepoint: 3625 ns, Total: 131875 ns
[2022-05-02T00:40:42.135+0000][161][safepoint   ] Safepoint "Cleanup", Time since last: 2006807959 ns, Reaching safepoint: 198458 ns, At safepoint: 8334 ns, Total: 206792 ns
[2022-05-02T00:40:44.138+0000][161][safepoint   ] Safepoint "Cleanup", Time since last: 2002574459 ns, Reaching safepoint: 343958 ns, At safepoint: 7792 ns, Total: 351750 ns
[2022-05-02T00:40:47.151+0000][161][safepoint   ] Safepoint "Cleanup", Time since last: 3012238668 ns, Reaching safepoint: 272000 ns, At safepoint: 6833 ns, Total: 278833 ns
[2022-05-02T00:40:48.154+0000][161][safepoint   ] Safepoint "Cleanup", Time since last: 1001767751 ns, Reaching safepoint: 1165041 ns, At safepoint: 14042 ns, Total: 1179083 ns
[2022-05-02T00:40:50.163+0000][161][safepoint   ] Safepoint "Cleanup", Time since last: 2008767584 ns, Reaching safepoint: 58292 ns, At safepoint: 5833 ns, Total: 64125 ns
[2022-05-02T00:40:53.166+0000][161][safepoint   ] Safepoint "Cleanup", Time since last: 3003010918 ns, Reaching safepoint: 466250 ns, At safepoint: 13250 ns, Total: 479500 ns
[2022-05-02T00:40:54.171+0000][161][safepoint   ] Safepoint "Cleanup", Time since last: 1004740750 ns, Reaching safepoint: 293500 ns, At safepoint: 9875 ns, Total: 303375 ns
[2022-05-02T00:40:55.177+0000][161][safepoint   ] Safepoint "Cleanup", Time since last: 1005297584 ns, Reaching safepoint: 59375 ns, At safepoint: 2000 ns, Total: 61375 ns
[2022-05-02T00:41:07.200+0000][161][safepoint   ] Safepoint "Cleanup", Time since last: 12023196256 ns, Reaching safepoint: 251625 ns, At safepoint: 4791 ns, Total: 256416 ns
[2022-05-02T00:41:08.202+0000][161][safepoint   ] Safepoint "Cleanup", Time since last: 1001988459 ns, Reaching safepoint: 66458 ns, At safepoint: 4125 ns, Total: 70583 ns
[2022-05-02T00:41:10.204+0000][161][safepoint   ] Safepoint "Cleanup", Time since last: 2001431168 ns, Reaching safepoint: 60042 ns, At safepoint: 3416 ns, Total: 63458 ns
[2022-05-02T00:41:11.205+0000][161][safepoint   ] Safepoint "Cleanup", Time since last: 1000855918 ns, Reaching safepoint: 119750 ns, At safepoint: 42791 ns, Total: 162541 ns
[2022-05-02T00:41:15.219+0000][161][safepoint   ] Safepoint "Cleanup", Time since last: 4014177544 ns, Reaching safepoint: 527333 ns, At safepoint: 15333 ns, Total: 542666 ns
[2022-05-02T00:41:18.236+0000][161][safepoint   ] Safepoint "Cleanup", Time since last: 3015329294 ns, Reaching safepoint: 1465458 ns, At safepoint: 7458 ns, Total: 1472916 ns
[2022-05-02T00:41:29.260+0000][161][safepoint   ] Safepoint "Cleanup", Time since last: 11023035630 ns, Reaching safepoint: 345917 ns, At safepoint: 25791 ns, Total: 371708 ns
[2022-05-02T00:41:31.592+0000][161][gc,start    ] GC(81) Pause Young (Normal) (G1 Evacuation Pause)
[2022-05-02T00:41:31.593+0000][161][gc,task     ] GC(81) Using 5 workers of 5 for evacuation
[2022-05-02T00:41:31.595+0000][161][gc,age      ] GC(81) Desired survivor size 20971520 bytes, new threshold 15 (max threshold 15)
[2022-05-02T00:41:31.598+0000][161][gc,age      ] GC(81) Age table with threshold 15 (max threshold 15)
[2022-05-02T00:41:31.599+0000][161][gc,age      ] GC(81) - age   1:    1481088 bytes,    1481088 total
[2022-05-02T00:41:31.600+0000][161][gc,age      ] GC(81) - age   2:      11336 bytes,    1492424 total
[2022-05-02T00:41:31.601+0000][161][gc,age      ] GC(81) - age   3:     458744 bytes,    1951168 total
[2022-05-02T00:41:31.602+0000][161][gc,age      ] GC(81) - age   4:       4192 bytes,    1955360 total
[2022-05-02T00:41:31.603+0000][161][gc,age      ] GC(81) - age   5:        488 bytes,    1955848 total
[2022-05-02T00:41:31.604+0000][161][gc,age      ] GC(81) - age   6:       4056 bytes,    1959904 total
[2022-05-02T00:41:31.605+0000][161][gc,age      ] GC(81) - age   7:        792 bytes,    1960696 total
[2022-05-02T00:41:31.606+0000][161][gc,age      ] GC(81) - age   8:       1136 bytes,    1961832 total
[2022-05-02T00:41:31.607+0000][161][gc,age      ] GC(81) - age   9:        792 bytes,    1962624 total
[2022-05-02T00:41:31.609+0000][161][gc,age      ] GC(81) - age  10:       1240 bytes,    1963864 total
[2022-05-02T00:41:31.609+0000][161][gc,age      ] GC(81) - age  11:       1736 bytes,    1965600 total
[2022-05-02T00:41:31.610+0000][161][gc,age      ] GC(81) - age  12:        432 bytes,    1966032 total
[2022-05-02T00:41:31.611+0000][161][gc,age      ] GC(81) - age  13:       3496 bytes,    1969528 total
[2022-05-02T00:41:31.611+0000][161][gc,age      ] GC(81) - age  14:       1208 bytes,    1970736 total
[2022-05-02T00:41:31.612+0000][161][gc,age      ] GC(81) - age  15:       3120 bytes,    1973856 total
[2022-05-02T00:41:31.612+0000][161][gc,phases   ] GC(81)   Pre Evacuate Collection Set: 0.1ms
[2022-05-02T00:41:31.614+0000][161][gc,phases   ] GC(81)   Merge Heap Roots: 0.0ms
[2022-05-02T00:41:31.615+0000][161][gc,phases   ] GC(81)   Evacuate Collection Set: 1.4ms
[2022-05-02T00:41:31.616+0000][161][gc,phases   ] GC(81)   Post Evacuate Collection Set: 1.0ms
[2022-05-02T00:41:31.617+0000][161][gc,phases   ] GC(81)   Other: 18.0ms
[2022-05-02T00:41:31.618+0000][161][gc,heap     ] GC(81) Eden regions: 74->0(74)
[2022-05-02T00:41:31.619+0000][161][gc,heap     ] GC(81) Survivor regions: 1->1(10)
[2022-05-02T00:41:31.620+0000][161][gc,heap     ] GC(81) Old regions: 23->23
[2022-05-02T00:41:31.621+0000][161][gc,heap     ] GC(81) Archive regions: 2->2
[2022-05-02T00:41:31.622+0000][161][gc,heap     ] GC(81) Humongous regions: 6->6
[2022-05-02T00:41:31.623+0000][161][gc,metaspace] GC(81) Metaspace: 117675K(119552K)->117675K(119552K) NonClass: 102044K(103168K)->102044K(103168K) Class: 15630K(16384K)->15630K(16384K)
[2022-05-02T00:41:31.624+0000][161][gc          ] GC(81) Pause Young (Normal) (G1 Evacuation Pause) 415M->118M(512M) 31.968ms
[2022-05-02T00:41:31.625+0000][161][gc,cpu      ] GC(81) User=0.00s Sys=0.00s Real=0.03s
[2022-05-02T00:41:31.626+0000][161][safepoint   ] Safepoint "G1CollectForAllocation", Time since last: 2332191002 ns, Reaching safepoint: 211875 ns, At safepoint: 34031375 ns, Total: 34243250 ns
[2022-05-02T00:41:39.651+0000][161][safepoint   ] Safepoint "Cleanup", Time since last: 8024523920 ns, Reaching safepoint: 884917 ns, At safepoint: 11833 ns, Total: 896750 ns
[2022-05-02T00:41:44.672+0000][161][safepoint   ] Safepoint "Cleanup", Time since last: 5020199627 ns, Reaching safepoint: 625834 ns, At safepoint: 20166 ns, Total: 646000 ns
[2022-05-02T00:41:48.679+0000][161][safepoint   ] Safepoint "Cleanup", Time since last: 4005979627 ns, Reaching safepoint: 393459 ns, At safepoint: 16250 ns, Total: 409709 ns
[2022-05-02T00:41:49.690+0000][161][safepoint   ] Safepoint "Cleanup", Time since last: 1010690667 ns, Reaching safepoint: 354250 ns, At safepoint: 15875 ns, Total: 370125 ns
[2022-05-02T00:41:52.706+0000][161][safepoint   ] Safepoint "Cleanup", Time since last: 3015524126 ns, Reaching safepoint: 153792 ns, At safepoint: 5625 ns, Total: 159417 ns
[2022-05-02T00:41:56.716+0000][161][safepoint   ] Safepoint "Cleanup", Time since last: 4008396377 ns, Reaching safepoint: 647958 ns, At safepoint: 90333 ns, Total: 738291 ns
[2022-05-02T00:41:58.726+0000][161][safepoint   ] Safepoint "Cleanup", Time since last: 2010779668 ns, Reaching safepoint: 108958 ns, At safepoint: 2792 ns, Total: 111750 ns
[2022-05-02T00:41:59.729+0000][161][safepoint   ] Safepoint "Cleanup", Time since last: 1002492417 ns, Reaching safepoint: 248125 ns, At safepoint: 10417 ns, Total: 258542 ns
[2022-05-02T00:42:03.744+0000][161][safepoint   ] Safepoint "Cleanup", Time since last: 4015102835 ns, Reaching safepoint: 178333 ns, At safepoint: 5792 ns, Total: 184125 ns
[2022-05-02T00:42:04.748+0000][161][safepoint   ] Safepoint "Cleanup", Time since last: 1003328875 ns, Reaching safepoint: 277792 ns, At safepoint: 5625 ns, Total: 283417 ns
[2022-05-02T00:42:09.753+0000][161][safepoint   ] Safepoint "Cleanup", Time since last: 5004813002 ns, Reaching safepoint: 349125 ns, At safepoint: 10084 ns, Total: 359209 ns
[2022-05-02T00:42:14.767+0000][161][safepoint   ] Safepoint "Cleanup", Time since last: 5013932086 ns, Reaching safepoint: 266458 ns, At safepoint: 14875 ns, Total: 281333 ns
[2022-05-02T00:42:20.787+0000][161][safepoint   ] Safepoint "Cleanup", Time since last: 6017088586 ns, Reaching safepoint: 2523875 ns, At safepoint: 11875 ns, Total: 2535750 ns
[2022-05-02T00:42:22.788+0000][161][safepoint   ] Safepoint "Cleanup", Time since last: 2001486625 ns, Reaching safepoint: 961334 ns, At safepoint: 4500 ns, Total: 965834 ns
[2022-05-02T00:42:34.762+0000][161][gc,start    ] GC(82) Pause Young (Normal) (G1 Evacuation Pause)
[2022-05-02T00:42:34.763+0000][161][gc,task     ] GC(82) Using 5 workers of 5 for evacuation
[2022-05-02T00:42:34.764+0000][161][gc,age      ] GC(82) Desired survivor size 20971520 bytes, new threshold 15 (max threshold 15)
[2022-05-02T00:42:34.766+0000][161][gc,age      ] GC(82) Age table with threshold 15 (max threshold 15)
[2022-05-02T00:42:34.767+0000][161][gc,age      ] GC(82) - age   1:    1764504 bytes,    1764504 total
[2022-05-02T00:42:34.768+0000][161][gc,age      ] GC(82) - age   2:     602560 bytes,    2367064 total
[2022-05-02T00:42:34.769+0000][161][gc,age      ] GC(82) - age   3:       8376 bytes,    2375440 total
[2022-05-02T00:42:34.770+0000][161][gc,age      ] GC(82) - age   4:     458392 bytes,    2833832 total
[2022-05-02T00:42:34.771+0000][161][gc,age      ] GC(82) - age   5:       4128 bytes,    2837960 total
[2022-05-02T00:42:34.772+0000][161][gc,age      ] GC(82) - age   6:        424 bytes,    2838384 total
[2022-05-02T00:42:34.773+0000][161][gc,age      ] GC(82) - age   7:       4056 bytes,    2842440 total
[2022-05-02T00:42:34.774+0000][161][gc,age      ] GC(82) - age   8:        792 bytes,    2843232 total
[2022-05-02T00:42:34.775+0000][161][gc,age      ] GC(82) - age   9:       1136 bytes,    2844368 total
[2022-05-02T00:42:34.776+0000][161][gc,age      ] GC(82) - age  10:        792 bytes,    2845160 total
[2022-05-02T00:42:34.776+0000][161][gc,age      ] GC(82) - age  11:       1240 bytes,    2846400 total
[2022-05-02T00:42:34.777+0000][161][gc,age      ] GC(82) - age  12:       1736 bytes,    2848136 total
[2022-05-02T00:42:34.778+0000][161][gc,age      ] GC(82) - age  13:        432 bytes,    2848568 total
[2022-05-02T00:42:34.779+0000][161][gc,age      ] GC(82) - age  14:       3496 bytes,    2852064 total
[2022-05-02T00:42:34.779+0000][161][gc,age      ] GC(82) - age  15:       1208 bytes,    2853272 total
[2022-05-02T00:42:34.780+0000][161][gc,phases   ] GC(82)   Pre Evacuate Collection Set: 0.1ms
[2022-05-02T00:42:34.781+0000][161][gc,phases   ] GC(82)   Merge Heap Roots: 0.2ms
[2022-05-02T00:42:34.781+0000][161][gc,phases   ] GC(82)   Evacuate Collection Set: 1.4ms
[2022-05-02T00:42:34.782+0000][161][gc,phases   ] GC(82)   Post Evacuate Collection Set: 0.7ms
[2022-05-02T00:42:34.782+0000][161][gc,phases   ] GC(82)   Other: 16.2ms
[2022-05-02T00:42:34.783+0000][161][gc,heap     ] GC(82) Eden regions: 74->0(74)
[2022-05-02T00:42:34.785+0000][161][gc,heap     ] GC(82) Survivor regions: 1->1(10)
[2022-05-02T00:42:34.785+0000][161][gc,heap     ] GC(82) Old regions: 23->23
[2022-05-02T00:42:34.786+0000][161][gc,heap     ] GC(82) Archive regions: 2->2
[2022-05-02T00:42:34.787+0000][161][gc,heap     ] GC(82) Humongous regions: 6->6
[2022-05-02T00:42:34.788+0000][161][gc,metaspace] GC(82) Metaspace: 117740K(119616K)->117740K(119616K) NonClass: 102110K(103232K)->102110K(103232K) Class: 15630K(16384K)->15630K(16384K)
[2022-05-02T00:42:34.788+0000][161][gc          ] GC(82) Pause Young (Normal) (G1 Evacuation Pause) 414M->119M(512M) 26.772ms
[2022-05-02T00:42:34.789+0000][161][gc,cpu      ] GC(82) User=0.01s Sys=0.00s Real=0.03s
[2022-05-02T00:42:34.790+0000][161][safepoint   ] Safepoint "G1CollectForAllocation", Time since last: 11972950964 ns, Reaching safepoint: 193708 ns, At safepoint: 28088542 ns, Total: 28282250 ns
[2022-05-02T00:42:40.813+0000][161][safepoint   ] Safepoint "Cleanup", Time since last: 6023588378 ns, Reaching safepoint: 130541 ns, At safepoint: 4334 ns, Total: 134875 ns
[2022-05-02T00:42:43.823+0000][161][safepoint   ] Safepoint "Cleanup", Time since last: 3009553001 ns, Reaching safepoint: 259875 ns, At safepoint: 5833 ns, Total: 265708 ns
[2022-05-02T00:42:44.827+0000][161][safepoint   ] Safepoint "Cleanup", Time since last: 1001721001 ns, Reaching safepoint: 2190292 ns, At safepoint: 12708 ns, Total: 2203000 ns
[2022-05-02T00:42:47.836+0000][161][safepoint   ] Safepoint "Cleanup", Time since last: 3006053418 ns, Reaching safepoint: 2870792 ns, At safepoint: 13875 ns, Total: 2884667 ns
[2022-05-02T00:42:52.845+0000][161][safepoint   ] Safepoint "Cleanup", Time since last: 5006966418 ns, Reaching safepoint: 2375625 ns, At safepoint: 23500 ns, Total: 2399125 ns
[2022-05-02T00:43:17.915+0000][161][safepoint   ] Safepoint "Cleanup", Time since last: 25069645054 ns, Reaching safepoint: 266000 ns, At safepoint: 10541 ns, Total: 276541 ns
[2022-05-02T00:43:31.952+0000][161][safepoint   ] Safepoint "Cleanup", Time since last: 14039444882 ns, Reaching safepoint: 273458 ns, At safepoint: 7875 ns, Total: 281333 ns
[2022-05-02T00:43:35.404+0000][161][gc,start    ] GC(83) Pause Young (Normal) (G1 Evacuation Pause)
[2022-05-02T00:43:35.405+0000][161][gc,task     ] GC(83) Using 5 workers of 5 for evacuation
[2022-05-02T00:43:35.405+0000][161][gc,age      ] GC(83) Desired survivor size 20971520 bytes, new threshold 15 (max threshold 15)
[2022-05-02T00:43:35.408+0000][161][gc,age      ] GC(83) Age table with threshold 15 (max threshold 15)
[2022-05-02T00:43:35.409+0000][161][gc,age      ] GC(83) - age   1:     944944 bytes,     944944 total
[2022-05-02T00:43:35.410+0000][161][gc,age      ] GC(83) - age   2:     154856 bytes,    1099800 total
[2022-05-02T00:43:35.411+0000][161][gc,age      ] GC(83) - age   3:     473344 bytes,    1573144 total
[2022-05-02T00:43:35.412+0000][161][gc,age      ] GC(83) - age   4:       7712 bytes,    1580856 total
[2022-05-02T00:43:35.412+0000][161][gc,age      ] GC(83) - age   5:     458280 bytes,    2039136 total
[2022-05-02T00:43:35.413+0000][161][gc,age      ] GC(83) - age   6:       4128 bytes,    2043264 total
[2022-05-02T00:43:35.414+0000][161][gc,age      ] GC(83) - age   7:        424 bytes,    2043688 total
[2022-05-02T00:43:35.414+0000][161][gc,age      ] GC(83) - age   8:       4056 bytes,    2047744 total
[2022-05-02T00:43:35.415+0000][161][gc,age      ] GC(83) - age   9:        792 bytes,    2048536 total
[2022-05-02T00:43:35.416+0000][161][gc,age      ] GC(83) - age  10:       1136 bytes,    2049672 total
[2022-05-02T00:43:35.417+0000][161][gc,age      ] GC(83) - age  11:        792 bytes,    2050464 total
[2022-05-02T00:43:35.417+0000][161][gc,age      ] GC(83) - age  12:       1240 bytes,    2051704 total
[2022-05-02T00:43:35.418+0000][161][gc,age      ] GC(83) - age  13:       1736 bytes,    2053440 total
[2022-05-02T00:43:35.419+0000][161][gc,age      ] GC(83) - age  14:        432 bytes,    2053872 total
[2022-05-02T00:43:35.419+0000][161][gc,age      ] GC(83) - age  15:       3496 bytes,    2057368 total
[2022-05-02T00:43:35.420+0000][161][gc,phases   ] GC(83)   Pre Evacuate Collection Set: 0.1ms
[2022-05-02T00:43:35.421+0000][161][gc,phases   ] GC(83)   Merge Heap Roots: 0.0ms
[2022-05-02T00:43:35.422+0000][161][gc,phases   ] GC(83)   Evacuate Collection Set: 1.3ms
[2022-05-02T00:43:35.422+0000][161][gc,phases   ] GC(83)   Post Evacuate Collection Set: 0.9ms
[2022-05-02T00:43:35.423+0000][161][gc,phases   ] GC(83)   Other: 13.9ms
[2022-05-02T00:43:35.424+0000][161][gc,heap     ] GC(83) Eden regions: 74->0(74)
[2022-05-02T00:43:35.425+0000][161][gc,heap     ] GC(83) Survivor regions: 1->1(10)
[2022-05-02T00:43:35.425+0000][161][gc,heap     ] GC(83) Old regions: 23->23
[2022-05-02T00:43:35.425+0000][161][gc,heap     ] GC(83) Archive regions: 2->2
[2022-05-02T00:43:35.426+0000][161][gc,heap     ] GC(83) Humongous regions: 6->6
[2022-05-02T00:43:35.426+0000][161][gc,metaspace] GC(83) Metaspace: 117768K(119616K)->117768K(119616K) NonClass: 102136K(103232K)->102136K(103232K) Class: 15631K(16384K)->15631K(16384K)
[2022-05-02T00:43:35.427+0000][161][gc          ] GC(83) Pause Young (Normal) (G1 Evacuation Pause) 415M->118M(512M) 23.388ms
[2022-05-02T00:43:35.428+0000][161][gc,cpu      ] GC(83) User=0.00s Sys=0.00s Real=0.02s
[2022-05-02T00:43:35.429+0000][161][safepoint   ] Safepoint "G1CollectForAllocation", Time since last: 3452067418 ns, Reaching safepoint: 68542 ns, At safepoint: 24888042 ns, Total: 24956584 ns
[2022-05-02T00:43:48.451+0000][161][safepoint   ] Safepoint "Cleanup", Time since last: 13020686506 ns, Reaching safepoint: 1286958 ns, At safepoint: 17167 ns, Total: 1304125 ns
[2022-05-02T00:43:49.458+0000][161][safepoint   ] Safepoint "Cleanup", Time since last: 1006454875 ns, Reaching safepoint: 435709 ns, At safepoint: 10333 ns, Total: 446042 ns
[2022-05-02T00:43:52.473+0000][161][safepoint   ] Safepoint "Cleanup", Time since last: 3009510834 ns, Reaching safepoint: 81000 ns, At safepoint: 4209 ns, Total: 85209 ns
[2022-05-02T00:43:55.480+0000][161][safepoint   ] Safepoint "Cleanup", Time since last: 3007035834 ns, Reaching safepoint: 61042 ns, At safepoint: 2167 ns, Total: 63209 ns
[2022-05-02T00:43:57.483+0000][161][safepoint   ] Safepoint "Cleanup", Time since last: 2002300959 ns, Reaching safepoint: 330000 ns, At safepoint: 15458 ns, Total: 345458 ns
[2022-05-02T00:44:00.499+0000][161][safepoint   ] Safepoint "Cleanup", Time since last: 3015957793 ns, Reaching safepoint: 752667 ns, At safepoint: 14833 ns, Total: 767500 ns
[2022-05-02T00:44:01.509+0000][161][safepoint   ] Safepoint "Cleanup", Time since last: 1009668584 ns, Reaching safepoint: 132542 ns, At safepoint: 4750 ns, Total: 137292 ns
[2022-05-02T00:44:07.512+0000][161][safepoint   ] Safepoint "Cleanup", Time since last: 6002971419 ns, Reaching safepoint: 96167 ns, At safepoint: 3667 ns, Total: 99834 ns
[2022-05-02T00:44:15.523+0000][161][safepoint   ] Safepoint "Cleanup", Time since last: 8010278879 ns, Reaching safepoint: 570625 ns, At safepoint: 12250 ns, Total: 582875 ns
[2022-05-02T00:44:16.527+0000][161][safepoint   ] Safepoint "Cleanup", Time since last: 1003486917 ns, Reaching safepoint: 145250 ns, At safepoint: 4041 ns, Total: 149291 ns
[2022-05-02T00:44:33.701+0000][161][gc,start    ] GC(84) Pause Young (Normal) (G1 Evacuation Pause)
[2022-05-02T00:44:33.704+0000][161][gc,task     ] GC(84) Using 5 workers of 5 for evacuation
[2022-05-02T00:44:33.706+0000][161][gc,age      ] GC(84) Desired survivor size 20971520 bytes, new threshold 15 (max threshold 15)
[2022-05-02T00:44:33.716+0000][161][gc,age      ] GC(84) Age table with threshold 15 (max threshold 15)
[2022-05-02T00:44:33.717+0000][161][gc,age      ] GC(84) - age   1:     408144 bytes,     408144 total
[2022-05-02T00:44:33.719+0000][161][gc,age      ] GC(84) - age   2:     175904 bytes,     584048 total
[2022-05-02T00:44:33.722+0000][161][gc,age      ] GC(84) - age   3:      18576 bytes,     602624 total
[2022-05-02T00:44:33.724+0000][161][gc,age      ] GC(84) - age   4:     472192 bytes,    1074816 total
[2022-05-02T00:44:33.725+0000][161][gc,age      ] GC(84) - age   5:       7392 bytes,    1082208 total
[2022-05-02T00:44:33.726+0000][161][gc,age      ] GC(84) - age   6:     458168 bytes,    1540376 total
[2022-05-02T00:44:33.728+0000][161][gc,age      ] GC(84) - age   7:       4128 bytes,    1544504 total
[2022-05-02T00:44:33.730+0000][161][gc,age      ] GC(84) - age   8:        424 bytes,    1544928 total
[2022-05-02T00:44:33.731+0000][161][gc,age      ] GC(84) - age   9:       4056 bytes,    1548984 total
[2022-05-02T00:44:33.732+0000][161][gc,age      ] GC(84) - age  10:        792 bytes,    1549776 total
[2022-05-02T00:44:33.733+0000][161][gc,age      ] GC(84) - age  11:       1136 bytes,    1550912 total
[2022-05-02T00:44:33.734+0000][161][gc,age      ] GC(84) - age  12:        792 bytes,    1551704 total
[2022-05-02T00:44:33.735+0000][161][gc,age      ] GC(84) - age  13:       1240 bytes,    1552944 total
[2022-05-02T00:44:33.736+0000][161][gc,age      ] GC(84) - age  14:       1736 bytes,    1554680 total
[2022-05-02T00:44:33.737+0000][161][gc,age      ] GC(84) - age  15:        432 bytes,    1555112 total
[2022-05-02T00:44:33.738+0000][161][gc,phases   ] GC(84)   Pre Evacuate Collection Set: 0.2ms
[2022-05-02T00:44:33.740+0000][161][gc,phases   ] GC(84)   Merge Heap Roots: 0.6ms
[2022-05-02T00:44:33.741+0000][161][gc,phases   ] GC(84)   Evacuate Collection Set: 3.6ms
[2022-05-02T00:44:33.742+0000][161][gc,phases   ] GC(84)   Post Evacuate Collection Set: 3.1ms
[2022-05-02T00:44:33.743+0000][161][gc,phases   ] GC(84)   Other: 29.7ms
[2022-05-02T00:44:33.744+0000][161][gc,heap     ] GC(84) Eden regions: 74->0(74)
[2022-05-02T00:44:33.745+0000][161][gc,heap     ] GC(84) Survivor regions: 1->1(10)
[2022-05-02T00:44:33.746+0000][161][gc,heap     ] GC(84) Old regions: 23->23
[2022-05-02T00:44:33.747+0000][161][gc,heap     ] GC(84) Archive regions: 2->2
[2022-05-02T00:44:33.748+0000][161][gc,heap     ] GC(84) Humongous regions: 6->6
[2022-05-02T00:44:33.748+0000][161][gc,metaspace] GC(84) Metaspace: 117778K(119616K)->117778K(119616K) NonClass: 102145K(103232K)->102145K(103232K) Class: 15632K(16384K)->15632K(16384K)
[2022-05-02T00:44:33.749+0000][161][gc          ] GC(84) Pause Young (Normal) (G1 Evacuation Pause) 414M->117M(512M) 48.003ms
[2022-05-02T00:44:33.750+0000][161][gc,cpu      ] GC(84) User=0.01s Sys=0.01s Real=0.05s
[2022-05-02T00:44:33.751+0000][161][safepoint   ] Safepoint "G1CollectForAllocation", Time since last: 17174126342 ns, Reaching safepoint: 424375 ns, At safepoint: 49882625 ns, Total: 50307000 ns
[2022-05-02T00:44:58.795+0000][161][safepoint   ] Safepoint "Cleanup", Time since last: 25041032011 ns, Reaching safepoint: 207708 ns, At safepoint: 7417 ns, Total: 215125 ns
[2022-05-02T00:45:20.839+0000][161][safepoint   ] Safepoint "Cleanup", Time since last: 22044018843 ns, Reaching safepoint: 356042 ns, At safepoint: 17583 ns, Total: 373625 ns
[2022-05-02T00:45:34.434+0000][161][gc,start    ] GC(85) Pause Young (Normal) (G1 Evacuation Pause)
[2022-05-02T00:45:34.435+0000][161][gc,task     ] GC(85) Using 5 workers of 5 for evacuation
[2022-05-02T00:45:34.436+0000][161][gc,age      ] GC(85) Desired survivor size 20971520 bytes, new threshold 15 (max threshold 15)
[2022-05-02T00:45:34.439+0000][161][gc,age      ] GC(85) Age table with threshold 15 (max threshold 15)
[2022-05-02T00:45:34.440+0000][161][gc,age      ] GC(85) - age   1:    1146824 bytes,    1146824 total
[2022-05-02T00:45:34.441+0000][161][gc,age      ] GC(85) - age   2:      94688 bytes,    1241512 total
[2022-05-02T00:45:34.441+0000][161][gc,age      ] GC(85) - age   3:     174768 bytes,    1416280 total
[2022-05-02T00:45:34.442+0000][161][gc,age      ] GC(85) - age   4:      18288 bytes,    1434568 total
[2022-05-02T00:45:34.443+0000][161][gc,age      ] GC(85) - age   5:     472192 bytes,    1906760 total
[2022-05-02T00:45:34.444+0000][161][gc,age      ] GC(85) - age   6:       7296 bytes,    1914056 total
[2022-05-02T00:45:34.445+0000][161][gc,age      ] GC(85) - age   7:     458168 bytes,    2372224 total
[2022-05-02T00:45:34.446+0000][161][gc,age      ] GC(85) - age   8:       4128 bytes,    2376352 total
[2022-05-02T00:45:34.446+0000][161][gc,age      ] GC(85) - age   9:        424 bytes,    2376776 total
[2022-05-02T00:45:34.447+0000][161][gc,age      ] GC(85) - age  10:       3744 bytes,    2380520 total
[2022-05-02T00:45:34.448+0000][161][gc,age      ] GC(85) - age  11:        792 bytes,    2381312 total
[2022-05-02T00:45:34.449+0000][161][gc,age      ] GC(85) - age  12:       1136 bytes,    2382448 total
[2022-05-02T00:45:34.449+0000][161][gc,age      ] GC(85) - age  13:        792 bytes,    2383240 total
[2022-05-02T00:45:34.450+0000][161][gc,age      ] GC(85) - age  14:       1240 bytes,    2384480 total
[2022-05-02T00:45:34.450+0000][161][gc,age      ] GC(85) - age  15:       1736 bytes,    2386216 total
[2022-05-02T00:45:34.451+0000][161][gc,phases   ] GC(85)   Pre Evacuate Collection Set: 0.1ms
[2022-05-02T00:45:34.451+0000][161][gc,phases   ] GC(85)   Merge Heap Roots: 0.2ms
[2022-05-02T00:45:34.452+0000][161][gc,phases   ] GC(85)   Evacuate Collection Set: 1.6ms
[2022-05-02T00:45:34.453+0000][161][gc,phases   ] GC(85)   Post Evacuate Collection Set: 0.7ms
[2022-05-02T00:45:34.453+0000][161][gc,phases   ] GC(85)   Other: 14.4ms
[2022-05-02T00:45:34.454+0000][161][gc,heap     ] GC(85) Eden regions: 74->0(75)
[2022-05-02T00:45:34.455+0000][161][gc,heap     ] GC(85) Survivor regions: 1->1(10)
[2022-05-02T00:45:34.456+0000][161][gc,heap     ] GC(85) Old regions: 23->23
[2022-05-02T00:45:34.457+0000][161][gc,heap     ] GC(85) Archive regions: 2->2
[2022-05-02T00:45:34.458+0000][161][gc,heap     ] GC(85) Humongous regions: 6->6
[2022-05-02T00:45:34.458+0000][161][gc,metaspace] GC(85) Metaspace: 117783K(119616K)->117783K(119616K) NonClass: 102150K(103232K)->102150K(103232K) Class: 15632K(16384K)->15632K(16384K)
[2022-05-02T00:45:34.459+0000][161][gc          ] GC(85) Pause Young (Normal) (G1 Evacuation Pause) 413M->118M(512M) 24.975ms
[2022-05-02T00:45:34.460+0000][161][gc,cpu      ] GC(85) User=0.01s Sys=0.01s Real=0.03s
[2022-05-02T00:45:34.460+0000][161][safepoint   ] Safepoint "G1CollectForAllocation", Time since last: 13599520923 ns, Reaching safepoint: 54958 ns, At safepoint: 26304958 ns, Total: 26359916 ns
[2022-05-02T00:45:43.473+0000][161][safepoint   ] Safepoint "Cleanup", Time since last: 9012404296 ns, Reaching safepoint: 233750 ns, At safepoint: 4292 ns, Total: 238042 ns
[2022-05-02T00:45:44.477+0000][161][safepoint   ] Safepoint "Cleanup", Time since last: 1004435209 ns, Reaching safepoint: 135500 ns, At safepoint: 5416 ns, Total: 140916 ns
[2022-05-02T00:45:48.492+0000][161][safepoint   ] Safepoint "Cleanup", Time since last: 4013960461 ns, Reaching safepoint: 255291 ns, At safepoint: 7459 ns, Total: 262750 ns
[2022-05-02T00:45:55.521+0000][161][safepoint   ] Safepoint "Cleanup", Time since last: 7027231878 ns, Reaching safepoint: 2209666 ns, At safepoint: 59000 ns, Total: 2268666 ns
[2022-05-02T00:46:40.282+0000][161][gc,start    ] GC(86) Pause Young (Normal) (G1 Evacuation Pause)
[2022-05-02T00:46:40.283+0000][161][gc,task     ] GC(86) Using 5 workers of 5 for evacuation
[2022-05-02T00:46:40.284+0000][161][gc,age      ] GC(86) Desired survivor size 20971520 bytes, new threshold 15 (max threshold 15)
[2022-05-02T00:46:40.288+0000][161][gc,age      ] GC(86) Age table with threshold 15 (max threshold 15)
[2022-05-02T00:46:40.289+0000][161][gc,age      ] GC(86) - age   1:     906016 bytes,     906016 total
[2022-05-02T00:46:40.290+0000][161][gc,age      ] GC(86) - age   2:       5352 bytes,     911368 total
[2022-05-02T00:46:40.290+0000][161][gc,age      ] GC(86) - age   3:      92992 bytes,    1004360 total
[2022-05-02T00:46:40.291+0000][161][gc,age      ] GC(86) - age   4:     174512 bytes,    1178872 total
[2022-05-02T00:46:40.292+0000][161][gc,age      ] GC(86) - age   5:      18096 bytes,    1196968 total
[2022-05-02T00:46:40.294+0000][161][gc,age      ] GC(86) - age   6:     472128 bytes,    1669096 total
[2022-05-02T00:46:40.295+0000][161][gc,age      ] GC(86) - age   7:       7200 bytes,    1676296 total
[2022-05-02T00:46:40.295+0000][161][gc,age      ] GC(86) - age   8:     382840 bytes,    2059136 total
[2022-05-02T00:46:40.296+0000][161][gc,age      ] GC(86) - age   9:       4128 bytes,    2063264 total
[2022-05-02T00:46:40.296+0000][161][gc,age      ] GC(86) - age  10:        424 bytes,    2063688 total
[2022-05-02T00:46:40.297+0000][161][gc,age      ] GC(86) - age  11:       3744 bytes,    2067432 total
[2022-05-02T00:46:40.298+0000][161][gc,age      ] GC(86) - age  12:        592 bytes,    2068024 total
[2022-05-02T00:46:40.298+0000][161][gc,age      ] GC(86) - age  13:       1136 bytes,    2069160 total
[2022-05-02T00:46:40.299+0000][161][gc,age      ] GC(86) - age  14:        792 bytes,    2069952 total
[2022-05-02T00:46:40.299+0000][161][gc,age      ] GC(86) - age  15:       1240 bytes,    2071192 total
[2022-05-02T00:46:40.300+0000][161][gc,phases   ] GC(86)   Pre Evacuate Collection Set: 0.2ms
[2022-05-02T00:46:40.301+0000][161][gc,phases   ] GC(86)   Merge Heap Roots: 0.1ms
[2022-05-02T00:46:40.301+0000][161][gc,phases   ] GC(86)   Evacuate Collection Set: 1.9ms
[2022-05-02T00:46:40.302+0000][161][gc,phases   ] GC(86)   Post Evacuate Collection Set: 1.1ms
[2022-05-02T00:46:40.303+0000][161][gc,phases   ] GC(86)   Other: 14.8ms
[2022-05-02T00:46:40.303+0000][161][gc,heap     ] GC(86) Eden regions: 75->0(75)
[2022-05-02T00:46:40.304+0000][161][gc,heap     ] GC(86) Survivor regions: 1->1(10)
[2022-05-02T00:46:40.304+0000][161][gc,heap     ] GC(86) Old regions: 23->23
[2022-05-02T00:46:40.305+0000][161][gc,heap     ] GC(86) Archive regions: 2->2
[2022-05-02T00:46:40.306+0000][161][gc,heap     ] GC(86) Humongous regions: 6->6
[2022-05-02T00:46:40.306+0000][161][gc,metaspace] GC(86) Metaspace: 117787K(119616K)->117787K(119616K) NonClass: 102154K(103232K)->102154K(103232K) Class: 15632K(16384K)->15632K(16384K)
[2022-05-02T00:46:40.307+0000][161][gc          ] GC(86) Pause Young (Normal) (G1 Evacuation Pause) 418M->118M(512M) 25.017ms
[2022-05-02T00:46:40.308+0000][161][gc,cpu      ] GC(86) User=0.00s Sys=0.01s Real=0.03s
[2022-05-02T00:46:40.309+0000][161][safepoint   ] Safepoint "G1CollectForAllocation", Time since last: 44760339354 ns, Reaching safepoint: 402083 ns, At safepoint: 26824584 ns, Total: 27226667 ns
[2022-05-02T00:46:47.316+0000][161][safepoint   ] Safepoint "Cleanup", Time since last: 7006998336 ns, Reaching safepoint: 247209 ns, At safepoint: 7291 ns, Total: 254500 ns
[2022-05-02T00:46:48.319+0000][161][safepoint   ] Safepoint "Cleanup", Time since last: 1002660459 ns, Reaching safepoint: 177334 ns, At safepoint: 5875 ns, Total: 183209 ns
[2022-05-02T00:47:15.383+0000][161][safepoint   ] Safepoint "Cleanup", Time since last: 27059166012 ns, Reaching safepoint: 449250 ns, At safepoint: 11375 ns, Total: 460625 ns
[2022-05-02T00:47:20.396+0000][161][safepoint   ] Safepoint "Cleanup", Time since last: 5012395919 ns, Reaching safepoint: 1185625 ns, At safepoint: 65375 ns, Total: 1251000 ns
[2022-05-02T00:47:22.393+0000][161][safepoint   ] Safepoint "Cleanup", Time since last: 2000933333 ns, Reaching safepoint: 211584 ns, At safepoint: 9083 ns, Total: 220667 ns
[2022-05-02T00:47:43.542+0000][161][gc,start    ] GC(87) Pause Young (Normal) (G1 Evacuation Pause)
[2022-05-02T00:47:43.543+0000][161][gc,task     ] GC(87) Using 5 workers of 5 for evacuation
[2022-05-02T00:47:43.544+0000][161][gc,age      ] GC(87) Desired survivor size 20971520 bytes, new threshold 15 (max threshold 15)
[2022-05-02T00:47:43.548+0000][161][gc,age      ] GC(87) Age table with threshold 15 (max threshold 15)
[2022-05-02T00:47:43.550+0000][161][gc,age      ] GC(87) - age   1:    1371632 bytes,    1371632 total
[2022-05-02T00:47:43.551+0000][161][gc,age      ] GC(87) - age   2:       6744 bytes,    1378376 total
[2022-05-02T00:47:43.552+0000][161][gc,age      ] GC(87) - age   3:       3312 bytes,    1381688 total
[2022-05-02T00:47:43.554+0000][161][gc,age      ] GC(87) - age   4:      92784 bytes,    1474472 total
[2022-05-02T00:47:43.554+0000][161][gc,age      ] GC(87) - age   5:     174512 bytes,    1648984 total
[2022-05-02T00:47:43.555+0000][161][gc,age      ] GC(87) - age   6:      17784 bytes,    1666768 total
[2022-05-02T00:47:43.555+0000][161][gc,age      ] GC(87) - age   7:     472128 bytes,    2138896 total
[2022-05-02T00:47:43.556+0000][161][gc,age      ] GC(87) - age   8:       7200 bytes,    2146096 total
[2022-05-02T00:47:43.557+0000][161][gc,age      ] GC(87) - age   9:     382840 bytes,    2528936 total
[2022-05-02T00:47:43.557+0000][161][gc,age      ] GC(87) - age  10:       4128 bytes,    2533064 total
[2022-05-02T00:47:43.558+0000][161][gc,age      ] GC(87) - age  11:        424 bytes,    2533488 total
[2022-05-02T00:47:43.558+0000][161][gc,age      ] GC(87) - age  12:       3744 bytes,    2537232 total
[2022-05-02T00:47:43.559+0000][161][gc,age      ] GC(87) - age  13:        592 bytes,    2537824 total
[2022-05-02T00:47:43.560+0000][161][gc,age      ] GC(87) - age  14:       1136 bytes,    2538960 total
[2022-05-02T00:47:43.561+0000][161][gc,age      ] GC(87) - age  15:        792 bytes,    2539752 total
[2022-05-02T00:47:43.561+0000][161][gc,phases   ] GC(87)   Pre Evacuate Collection Set: 0.4ms
[2022-05-02T00:47:43.562+0000][161][gc,phases   ] GC(87)   Merge Heap Roots: 0.1ms
[2022-05-02T00:47:43.563+0000][161][gc,phases   ] GC(87)   Evacuate Collection Set: 1.3ms
[2022-05-02T00:47:43.563+0000][161][gc,phases   ] GC(87)   Post Evacuate Collection Set: 0.9ms
[2022-05-02T00:47:43.564+0000][161][gc,phases   ] GC(87)   Other: 16.5ms
[2022-05-02T00:47:43.565+0000][161][gc,heap     ] GC(87) Eden regions: 75->0(75)
[2022-05-02T00:47:43.565+0000][161][gc,heap     ] GC(87) Survivor regions: 1->1(10)
[2022-05-02T00:47:43.566+0000][161][gc,heap     ] GC(87) Old regions: 23->23
[2022-05-02T00:47:43.567+0000][161][gc,heap     ] GC(87) Archive regions: 2->2
[2022-05-02T00:47:43.567+0000][161][gc,heap     ] GC(87) Humongous regions: 6->6
[2022-05-02T00:47:43.568+0000][161][gc,metaspace] GC(87) Metaspace: 117788K(119616K)->117788K(119616K) NonClass: 102156K(103232K)->102156K(103232K) Class: 15632K(16384K)->15632K(16384K)
[2022-05-02T00:47:43.568+0000][161][gc          ] GC(87) Pause Young (Normal) (G1 Evacuation Pause) 418M->119M(512M) 25.902ms
[2022-05-02T00:47:43.569+0000][161][gc,cpu      ] GC(87) User=0.01s Sys=0.00s Real=0.03s
[2022-05-02T00:47:43.570+0000][161][safepoint   ] Safepoint "G1CollectForAllocation", Time since last: 21148543552 ns, Reaching safepoint: 169792 ns, At safepoint: 27461833 ns, Total: 27631625 ns
[2022-05-02T00:47:47.576+0000][161][safepoint   ] Safepoint "Cleanup", Time since last: 4006688210 ns, Reaching safepoint: 93083 ns, At safepoint: 1917 ns, Total: 95000 ns
[2022-05-02T00:48:10.655+0000][161][safepoint   ] Safepoint "Cleanup", Time since last: 23078809427 ns, Reaching safepoint: 54917 ns, At safepoint: 3250 ns, Total: 58167 ns
[2022-05-02T00:48:11.660+0000][161][safepoint   ] Safepoint "Cleanup", Time since last: 1004253667 ns, Reaching safepoint: 428625 ns, At safepoint: 11417 ns, Total: 440042 ns
[2022-05-02T00:48:25.687+0000][161][safepoint   ] Safepoint "Cleanup", Time since last: 14025955172 ns, Reaching safepoint: 565625 ns, At safepoint: 14000 ns, Total: 579625 ns
[2022-05-02T00:48:28.699+0000][161][safepoint   ] Safepoint "Cleanup", Time since last: 3011474085 ns, Reaching safepoint: 71250 ns, At safepoint: 14500 ns, Total: 85750 ns
[2022-05-02T00:48:32.708+0000][161][safepoint   ] Safepoint "Cleanup", Time since last: 4008971210 ns, Reaching safepoint: 75000 ns, At safepoint: 3917 ns, Total: 78917 ns
[2022-05-02T00:48:33.711+0000][161][safepoint   ] Safepoint "Cleanup", Time since last: 1003094500 ns, Reaching safepoint: 324250 ns, At safepoint: 41584 ns, Total: 365834 ns
[2022-05-02T00:48:43.506+0000][161][gc,start    ] GC(88) Pause Young (Normal) (G1 Evacuation Pause)
[2022-05-02T00:48:43.507+0000][161][gc,task     ] GC(88) Using 5 workers of 5 for evacuation
[2022-05-02T00:48:43.509+0000][161][gc,age      ] GC(88) Desired survivor size 20971520 bytes, new threshold 15 (max threshold 15)
[2022-05-02T00:48:43.512+0000][161][gc,age      ] GC(88) Age table with threshold 15 (max threshold 15)
[2022-05-02T00:48:43.513+0000][161][gc,age      ] GC(88) - age   1:    1218288 bytes,    1218288 total
[2022-05-02T00:48:43.514+0000][161][gc,age      ] GC(88) - age   2:      14024 bytes,    1232312 total
[2022-05-02T00:48:43.514+0000][161][gc,age      ] GC(88) - age   3:       4120 bytes,    1236432 total
[2022-05-02T00:48:43.516+0000][161][gc,age      ] GC(88) - age   4:       2824 bytes,    1239256 total
[2022-05-02T00:48:43.516+0000][161][gc,age      ] GC(88) - age   5:       5384 bytes,    1244640 total
[2022-05-02T00:48:43.517+0000][161][gc,age      ] GC(88) - age   6:     113272 bytes,    1357912 total
[2022-05-02T00:48:43.518+0000][161][gc,age      ] GC(88) - age   7:      17784 bytes,    1375696 total
[2022-05-02T00:48:43.518+0000][161][gc,age      ] GC(88) - age   8:     471864 bytes,    1847560 total
[2022-05-02T00:48:43.519+0000][161][gc,age      ] GC(88) - age   9:       7168 bytes,    1854728 total
[2022-05-02T00:48:43.520+0000][161][gc,age      ] GC(88) - age  10:     294736 bytes,    2149464 total
[2022-05-02T00:48:43.520+0000][161][gc,age      ] GC(88) - age  11:       2056 bytes,    2151520 total
[2022-05-02T00:48:43.521+0000][161][gc,age      ] GC(88) - age  12:        424 bytes,    2151944 total
[2022-05-02T00:48:43.522+0000][161][gc,age      ] GC(88) - age  13:       3744 bytes,    2155688 total
[2022-05-02T00:48:43.522+0000][161][gc,age      ] GC(88) - age  14:        592 bytes,    2156280 total
[2022-05-02T00:48:43.523+0000][161][gc,age      ] GC(88) - age  15:       1136 bytes,    2157416 total
[2022-05-02T00:48:43.524+0000][161][gc,phases   ] GC(88)   Pre Evacuate Collection Set: 0.1ms
[2022-05-02T00:48:43.524+0000][161][gc,phases   ] GC(88)   Merge Heap Roots: 0.0ms
[2022-05-02T00:48:43.525+0000][161][gc,phases   ] GC(88)   Evacuate Collection Set: 1.3ms
[2022-05-02T00:48:43.525+0000][161][gc,phases   ] GC(88)   Post Evacuate Collection Set: 1.0ms
[2022-05-02T00:48:43.526+0000][161][gc,phases   ] GC(88)   Other: 15.8ms
[2022-05-02T00:48:43.527+0000][161][gc,heap     ] GC(88) Eden regions: 75->0(75)
[2022-05-02T00:48:43.528+0000][161][gc,heap     ] GC(88) Survivor regions: 1->1(10)
[2022-05-02T00:48:43.529+0000][161][gc,heap     ] GC(88) Old regions: 23->23
[2022-05-02T00:48:43.529+0000][161][gc,heap     ] GC(88) Archive regions: 2->2
[2022-05-02T00:48:43.530+0000][161][gc,heap     ] GC(88) Humongous regions: 6->6
[2022-05-02T00:48:43.530+0000][161][gc,metaspace] GC(88) Metaspace: 117792K(119680K)->117792K(119680K) NonClass: 102160K(103296K)->102160K(103296K) Class: 15632K(16384K)->15632K(16384K)
[2022-05-02T00:48:43.531+0000][161][gc          ] GC(88) Pause Young (Normal) (G1 Evacuation Pause) 419M->118M(512M) 25.292ms
[2022-05-02T00:48:43.531+0000][161][gc,cpu      ] GC(88) User=0.01s Sys=0.00s Real=0.03s
[2022-05-02T00:48:43.532+0000][161][safepoint   ] Safepoint "G1CollectForAllocation", Time since last: 9794364421 ns, Reaching safepoint: 70625 ns, At safepoint: 26501458 ns, Total: 26572083 ns
[2022-05-02T00:48:44.535+0000][161][safepoint   ] Safepoint "Cleanup", Time since last: 1002825917 ns, Reaching safepoint: 221125 ns, At safepoint: 21625 ns, Total: 242750 ns
[2022-05-02T00:48:45.539+0000][161][safepoint   ] Safepoint "Cleanup", Time since last: 1003123542 ns, Reaching safepoint: 290209 ns, At safepoint: 9208 ns, Total: 299417 ns
[2022-05-02T00:49:05.570+0000][161][safepoint   ] Safepoint "Cleanup", Time since last: 20030107134 ns, Reaching safepoint: 76042 ns, At safepoint: 2250 ns, Total: 78292 ns
[2022-05-02T00:49:16.591+0000][161][safepoint   ] Safepoint "Cleanup", Time since last: 11021065088 ns, Reaching safepoint: 99125 ns, At safepoint: 3292 ns, Total: 102417 ns
[2022-05-02T00:49:19.602+0000][161][safepoint   ] Safepoint "Cleanup", Time since last: 3010834335 ns, Reaching safepoint: 159250 ns, At safepoint: 6916 ns, Total: 166166 ns
[2022-05-02T00:49:20.604+0000][161][safepoint   ] Safepoint "Cleanup", Time since last: 1001640459 ns, Reaching safepoint: 65084 ns, At safepoint: 2375 ns, Total: 67459 ns
[2022-05-02T00:49:35.636+0000][161][safepoint   ] Safepoint "Cleanup", Time since last: 15033104423 ns, Reaching safepoint: 648291 ns, At safepoint: 15375 ns, Total: 663666 ns
[2022-05-02T00:49:40.397+0000][161][gc,start    ] GC(89) Pause Young (Normal) (G1 Evacuation Pause)
[2022-05-02T00:49:40.398+0000][161][gc,task     ] GC(89) Using 5 workers of 5 for evacuation
[2022-05-02T00:49:40.399+0000][161][gc,age      ] GC(89) Desired survivor size 20971520 bytes, new threshold 15 (max threshold 15)
[2022-05-02T00:49:40.402+0000][161][gc,age      ] GC(89) Age table with threshold 15 (max threshold 15)
[2022-05-02T00:49:40.403+0000][161][gc,age      ] GC(89) - age   1:    1133616 bytes,    1133616 total
[2022-05-02T00:49:40.403+0000][161][gc,age      ] GC(89) - age   2:      38624 bytes,    1172240 total
[2022-05-02T00:49:40.404+0000][161][gc,age      ] GC(89) - age   3:      11368 bytes,    1183608 total
[2022-05-02T00:49:40.405+0000][161][gc,age      ] GC(89) - age   4:       3672 bytes,    1187280 total
[2022-05-02T00:49:40.405+0000][161][gc,age      ] GC(89) - age   5:       2568 bytes,    1189848 total
[2022-05-02T00:49:40.406+0000][161][gc,age      ] GC(89) - age   6:       4656 bytes,    1194504 total
[2022-05-02T00:49:40.407+0000][161][gc,age      ] GC(89) - age   7:      37048 bytes,    1231552 total
[2022-05-02T00:49:40.407+0000][161][gc,age      ] GC(89) - age   8:      17464 bytes,    1249016 total
[2022-05-02T00:49:40.408+0000][161][gc,age      ] GC(89) - age   9:     471840 bytes,    1720856 total
[2022-05-02T00:49:40.408+0000][161][gc,age      ] GC(89) - age  10:       7168 bytes,    1728024 total
[2022-05-02T00:49:40.409+0000][161][gc,age      ] GC(89) - age  11:     294672 bytes,    2022696 total
[2022-05-02T00:49:40.409+0000][161][gc,age      ] GC(89) - age  12:       2056 bytes,    2024752 total
[2022-05-02T00:49:40.410+0000][161][gc,age      ] GC(89) - age  13:        424 bytes,    2025176 total
[2022-05-02T00:49:40.411+0000][161][gc,age      ] GC(89) - age  14:       3744 bytes,    2028920 total
[2022-05-02T00:49:40.411+0000][161][gc,age      ] GC(89) - age  15:        592 bytes,    2029512 total
[2022-05-02T00:49:40.412+0000][161][gc,phases   ] GC(89)   Pre Evacuate Collection Set: 0.1ms
[2022-05-02T00:49:40.412+0000][161][gc,phases   ] GC(89)   Merge Heap Roots: 0.1ms
[2022-05-02T00:49:40.413+0000][161][gc,phases   ] GC(89)   Evacuate Collection Set: 1.3ms
[2022-05-02T00:49:40.414+0000][161][gc,phases   ] GC(89)   Post Evacuate Collection Set: 0.9ms
[2022-05-02T00:49:40.414+0000][161][gc,phases   ] GC(89)   Other: 11.8ms
[2022-05-02T00:49:40.415+0000][161][gc,heap     ] GC(89) Eden regions: 75->0(75)
[2022-05-02T00:49:40.415+0000][161][gc,heap     ] GC(89) Survivor regions: 1->1(10)
[2022-05-02T00:49:40.416+0000][161][gc,heap     ] GC(89) Old regions: 23->23
[2022-05-02T00:49:40.416+0000][161][gc,heap     ] GC(89) Archive regions: 2->2
[2022-05-02T00:49:40.417+0000][161][gc,heap     ] GC(89) Humongous regions: 6->6
[2022-05-02T00:49:40.417+0000][161][gc,metaspace] GC(89) Metaspace: 117861K(119744K)->117861K(119744K) NonClass: 102228K(103360K)->102228K(103360K) Class: 15632K(16384K)->15632K(16384K)
[2022-05-02T00:49:40.418+0000][161][gc          ] GC(89) Pause Young (Normal) (G1 Evacuation Pause) 418M->118M(512M) 20.600ms
[2022-05-02T00:49:40.419+0000][161][gc,cpu      ] GC(89) User=0.01s Sys=0.00s Real=0.02s
[2022-05-02T00:49:40.419+0000][161][safepoint   ] Safepoint "G1CollectForAllocation", Time since last: 4761162211 ns, Reaching safepoint: 57125 ns, At safepoint: 21927625 ns, Total: 21984750 ns
[2022-05-02T00:49:45.430+0000][161][safepoint   ] Safepoint "Cleanup", Time since last: 5010061669 ns, Reaching safepoint: 330458 ns, At safepoint: 13542 ns, Total: 344000 ns
[2022-05-02T00:50:15.479+0000][161][safepoint   ] Safepoint "Cleanup", Time since last: 30049038389 ns, Reaching safepoint: 95833 ns, At safepoint: 3208 ns, Total: 99041 ns
[2022-05-02T00:50:43.656+0000][161][gc,start    ] GC(90) Pause Young (Normal) (G1 Evacuation Pause)
[2022-05-02T00:50:43.657+0000][161][gc,task     ] GC(90) Using 5 workers of 5 for evacuation
[2022-05-02T00:50:43.659+0000][161][gc,age      ] GC(90) Desired survivor size 20971520 bytes, new threshold 15 (max threshold 15)
[2022-05-02T00:50:43.664+0000][161][gc,age      ] GC(90) Age table with threshold 15 (max threshold 15)
[2022-05-02T00:50:43.665+0000][161][gc,age      ] GC(90) - age   1:    1704088 bytes,    1704088 total
[2022-05-02T00:50:43.665+0000][161][gc,age      ] GC(90) - age   2:     226136 bytes,    1930224 total
[2022-05-02T00:50:43.666+0000][161][gc,age      ] GC(90) - age   3:      37704 bytes,    1967928 total
[2022-05-02T00:50:43.667+0000][161][gc,age      ] GC(90) - age   4:      11304 bytes,    1979232 total
[2022-05-02T00:50:43.668+0000][161][gc,age      ] GC(90) - age   5:       3544 bytes,    1982776 total
[2022-05-02T00:50:43.669+0000][161][gc,age      ] GC(90) - age   6:       2544 bytes,    1985320 total
[2022-05-02T00:50:43.669+0000][161][gc,age      ] GC(90) - age   7:       4344 bytes,    1989664 total
[2022-05-02T00:50:43.671+0000][161][gc,age      ] GC(90) - age   8:      36984 bytes,    2026648 total
[2022-05-02T00:50:43.672+0000][161][gc,age      ] GC(90) - age   9:      17464 bytes,    2044112 total
[2022-05-02T00:50:43.672+0000][161][gc,age      ] GC(90) - age  10:     471840 bytes,    2515952 total
[2022-05-02T00:50:43.673+0000][161][gc,age      ] GC(90) - age  11:       7168 bytes,    2523120 total
[2022-05-02T00:50:43.674+0000][161][gc,age      ] GC(90) - age  12:     294672 bytes,    2817792 total
[2022-05-02T00:50:43.674+0000][161][gc,age      ] GC(90) - age  13:       2056 bytes,    2819848 total
[2022-05-02T00:50:43.675+0000][161][gc,age      ] GC(90) - age  14:        424 bytes,    2820272 total
[2022-05-02T00:50:43.675+0000][161][gc,age      ] GC(90) - age  15:       3744 bytes,    2824016 total
[2022-05-02T00:50:43.677+0000][161][gc,phases   ] GC(90)   Pre Evacuate Collection Set: 0.1ms
[2022-05-02T00:50:43.677+0000][161][gc,phases   ] GC(90)   Merge Heap Roots: 0.1ms
[2022-05-02T00:50:43.678+0000][161][gc,phases   ] GC(90)   Evacuate Collection Set: 2.1ms
[2022-05-02T00:50:43.678+0000][161][gc,phases   ] GC(90)   Post Evacuate Collection Set: 1.0ms
[2022-05-02T00:50:43.679+0000][161][gc,phases   ] GC(90)   Other: 17.1ms
[2022-05-02T00:50:43.680+0000][161][gc,heap     ] GC(90) Eden regions: 75->0(74)
[2022-05-02T00:50:43.680+0000][161][gc,heap     ] GC(90) Survivor regions: 1->1(10)
[2022-05-02T00:50:43.681+0000][161][gc,heap     ] GC(90) Old regions: 23->23
[2022-05-02T00:50:43.681+0000][161][gc,heap     ] GC(90) Archive regions: 2->2
[2022-05-02T00:50:43.682+0000][161][gc,heap     ] GC(90) Humongous regions: 6->6
[2022-05-02T00:50:43.682+0000][161][gc,metaspace] GC(90) Metaspace: 117864K(119744K)->117864K(119744K) NonClass: 102232K(103360K)->102232K(103360K) Class: 15632K(16384K)->15632K(16384K)
[2022-05-02T00:50:43.683+0000][161][gc          ] GC(90) Pause Young (Normal) (G1 Evacuation Pause) 418M->119M(512M) 26.852ms
[2022-05-02T00:50:43.684+0000][161][gc,cpu      ] GC(90) User=0.01s Sys=0.00s Real=0.02s
[2022-05-02T00:50:43.684+0000][161][safepoint   ] Safepoint "G1CollectForAllocation", Time since last: 28177397555 ns, Reaching safepoint: 131167 ns, At safepoint: 28229500 ns, Total: 28360667 ns
[2022-05-02T00:51:01.720+0000][161][safepoint   ] Safepoint "Cleanup", Time since last: 18034182132 ns, Reaching safepoint: 358959 ns, At safepoint: 184208 ns, Total: 543167 ns
[2022-05-02T00:51:16.746+0000][161][safepoint   ] Safepoint "Cleanup", Time since last: 15025397924 ns, Reaching safepoint: 44083 ns, At safepoint: 2042 ns, Total: 46125 ns
[2022-05-02T00:51:31.780+0000][161][safepoint   ] Safepoint "Cleanup", Time since last: 15033395340 ns, Reaching safepoint: 154667 ns, At safepoint: 4333 ns, Total: 159000 ns
[2022-05-02T00:51:46.631+0000][161][gc,start    ] GC(91) Pause Young (Normal) (G1 Evacuation Pause)
[2022-05-02T00:51:46.632+0000][161][gc,task     ] GC(91) Using 5 workers of 5 for evacuation
[2022-05-02T00:51:46.635+0000][161][gc,age      ] GC(91) Desired survivor size 20971520 bytes, new threshold 15 (max threshold 15)
[2022-05-02T00:51:46.638+0000][161][gc,age      ] GC(91) Age table with threshold 15 (max threshold 15)
[2022-05-02T00:51:46.639+0000][161][gc,age      ] GC(91) - age   1:     898920 bytes,     898920 total
[2022-05-02T00:51:46.640+0000][161][gc,age      ] GC(91) - age   2:       5888 bytes,     904808 total
[2022-05-02T00:51:46.641+0000][161][gc,age      ] GC(91) - age   3:     224768 bytes,    1129576 total
[2022-05-02T00:51:46.642+0000][161][gc,age      ] GC(91) - age   4:      36552 bytes,    1166128 total
[2022-05-02T00:51:46.643+0000][161][gc,age      ] GC(91) - age   5:      10864 bytes,    1176992 total
[2022-05-02T00:51:46.644+0000][161][gc,age      ] GC(91) - age   6:       3544 bytes,    1180536 total
[2022-05-02T00:51:46.644+0000][161][gc,age      ] GC(91) - age   7:       2544 bytes,    1183080 total
[2022-05-02T00:51:46.645+0000][161][gc,age      ] GC(91) - age   8:       4344 bytes,    1187424 total
[2022-05-02T00:51:46.646+0000][161][gc,age      ] GC(91) - age   9:      36984 bytes,    1224408 total
[2022-05-02T00:51:46.647+0000][161][gc,age      ] GC(91) - age  10:      17464 bytes,    1241872 total
[2022-05-02T00:51:46.647+0000][161][gc,age      ] GC(91) - age  11:     471840 bytes,    1713712 total
[2022-05-02T00:51:46.648+0000][161][gc,age      ] GC(91) - age  12:       7168 bytes,    1720880 total
[2022-05-02T00:51:46.648+0000][161][gc,age      ] GC(91) - age  13:     294672 bytes,    2015552 total
[2022-05-02T00:51:46.649+0000][161][gc,age      ] GC(91) - age  14:       2056 bytes,    2017608 total
[2022-05-02T00:51:46.650+0000][161][gc,age      ] GC(91) - age  15:        424 bytes,    2018032 total
[2022-05-02T00:51:46.651+0000][161][gc,phases   ] GC(91)   Pre Evacuate Collection Set: 0.4ms
[2022-05-02T00:51:46.652+0000][161][gc,phases   ] GC(91)   Merge Heap Roots: 0.1ms
[2022-05-02T00:51:46.652+0000][161][gc,phases   ] GC(91)   Evacuate Collection Set: 1.3ms
[2022-05-02T00:51:46.653+0000][161][gc,phases   ] GC(91)   Post Evacuate Collection Set: 0.8ms
[2022-05-02T00:51:46.654+0000][161][gc,phases   ] GC(91)   Other: 17.4ms
[2022-05-02T00:51:46.654+0000][161][gc,heap     ] GC(91) Eden regions: 74->0(75)
[2022-05-02T00:51:46.655+0000][161][gc,heap     ] GC(91) Survivor regions: 1->1(10)
[2022-05-02T00:51:46.656+0000][161][gc,heap     ] GC(91) Old regions: 23->23
[2022-05-02T00:51:46.656+0000][161][gc,heap     ] GC(91) Archive regions: 2->2
[2022-05-02T00:51:46.657+0000][161][gc,heap     ] GC(91) Humongous regions: 6->6
[2022-05-02T00:51:46.658+0000][161][gc,metaspace] GC(91) Metaspace: 117873K(119744K)->117873K(119744K) NonClass: 102240K(103360K)->102240K(103360K) Class: 15632K(16384K)->15632K(16384K)
[2022-05-02T00:51:46.659+0000][161][gc          ] GC(91) Pause Young (Normal) (G1 Evacuation Pause) 415M->118M(512M) 27.944ms
[2022-05-02T00:51:46.660+0000][161][gc,cpu      ] GC(91) User=0.00s Sys=0.01s Real=0.03s
[2022-05-02T00:51:46.660+0000][161][safepoint   ] Safepoint "G1CollectForAllocation", Time since last: 14851244257 ns, Reaching safepoint: 216625 ns, At safepoint: 29335792 ns, Total: 29552417 ns
[2022-05-02T00:51:47.663+0000][161][safepoint   ] Safepoint "Cleanup", Time since last: 1002917667 ns, Reaching safepoint: 134041 ns, At safepoint: 3084 ns, Total: 137125 ns
[2022-05-02T00:51:52.669+0000][161][safepoint   ] Safepoint "Cleanup", Time since last: 5007676293 ns, Reaching safepoint: 43583 ns, At safepoint: 11209 ns, Total: 54792 ns
[2022-05-02T00:52:16.707+0000][161][safepoint   ] Safepoint "Cleanup", Time since last: 24037408094 ns, Reaching safepoint: 133875 ns, At safepoint: 5042 ns, Total: 138917 ns
[2022-05-02T00:52:21.720+0000][161][safepoint   ] Safepoint "Cleanup", Time since last: 5011990960 ns, Reaching safepoint: 402250 ns, At safepoint: 16792 ns, Total: 419042 ns
[2022-05-02T00:52:28.736+0000][161][safepoint   ] Safepoint "Cleanup", Time since last: 7016462337 ns, Reaching safepoint: 149583 ns, At safepoint: 4500 ns, Total: 154083 ns
[2022-05-02T00:52:46.715+0000][161][gc,start    ] GC(92) Pause Young (Normal) (G1 Evacuation Pause)
[2022-05-02T00:52:46.716+0000][161][gc,task     ] GC(92) Using 5 workers of 5 for evacuation
[2022-05-02T00:52:46.716+0000][161][gc,age      ] GC(92) Desired survivor size 20971520 bytes, new threshold 15 (max threshold 15)
[2022-05-02T00:52:46.719+0000][161][gc,age      ] GC(92) Age table with threshold 15 (max threshold 15)
[2022-05-02T00:52:46.720+0000][161][gc,age      ] GC(92) - age   1:    2419984 bytes,    2419984 total
[2022-05-02T00:52:46.721+0000][161][gc,age      ] GC(92) - age   2:       3368 bytes,    2423352 total
[2022-05-02T00:52:46.721+0000][161][gc,age      ] GC(92) - age   3:       3032 bytes,    2426384 total
[2022-05-02T00:52:46.722+0000][161][gc,age      ] GC(92) - age   4:     224416 bytes,    2650800 total
[2022-05-02T00:52:46.722+0000][161][gc,age      ] GC(92) - age   5:      36552 bytes,    2687352 total
[2022-05-02T00:52:46.723+0000][161][gc,age      ] GC(92) - age   6:      10864 bytes,    2698216 total
[2022-05-02T00:52:46.723+0000][161][gc,age      ] GC(92) - age   7:       3544 bytes,    2701760 total
[2022-05-02T00:52:46.724+0000][161][gc,age      ] GC(92) - age   8:       2544 bytes,    2704304 total
[2022-05-02T00:52:46.725+0000][161][gc,age      ] GC(92) - age   9:       4344 bytes,    2708648 total
[2022-05-02T00:52:46.726+0000][161][gc,age      ] GC(92) - age  10:      36952 bytes,    2745600 total
[2022-05-02T00:52:46.726+0000][161][gc,age      ] GC(92) - age  11:      17464 bytes,    2763064 total
[2022-05-02T00:52:46.727+0000][161][gc,age      ] GC(92) - age  12:     471840 bytes,    3234904 total
[2022-05-02T00:52:46.727+0000][161][gc,age      ] GC(92) - age  13:       7168 bytes,    3242072 total
[2022-05-02T00:52:46.728+0000][161][gc,age      ] GC(92) - age  14:     294672 bytes,    3536744 total
[2022-05-02T00:52:46.729+0000][161][gc,age      ] GC(92) - age  15:       2056 bytes,    3538800 total
[2022-05-02T00:52:46.730+0000][161][gc,phases   ] GC(92)   Pre Evacuate Collection Set: 0.2ms
[2022-05-02T00:52:46.730+0000][161][gc,phases   ] GC(92)   Merge Heap Roots: 0.1ms
[2022-05-02T00:52:46.731+0000][161][gc,phases   ] GC(92)   Evacuate Collection Set: 1.5ms
[2022-05-02T00:52:46.732+0000][161][gc,phases   ] GC(92)   Post Evacuate Collection Set: 0.8ms
[2022-05-02T00:52:46.733+0000][161][gc,phases   ] GC(92)   Other: 12.3ms
[2022-05-02T00:52:46.734+0000][161][gc,heap     ] GC(92) Eden regions: 75->0(74)
[2022-05-02T00:52:46.735+0000][161][gc,heap     ] GC(92) Survivor regions: 1->1(10)
[2022-05-02T00:52:46.737+0000][161][gc,heap     ] GC(92) Old regions: 23->23
[2022-05-02T00:52:46.738+0000][161][gc,heap     ] GC(92) Archive regions: 2->2
[2022-05-02T00:52:46.739+0000][161][gc,heap     ] GC(92) Humongous regions: 6->6
[2022-05-02T00:52:46.740+0000][161][gc,metaspace] GC(92) Metaspace: 117886K(119808K)->117886K(119808K) NonClass: 102254K(103424K)->102254K(103424K) Class: 15632K(16384K)->15632K(16384K)
[2022-05-02T00:52:46.741+0000][161][gc          ] GC(92) Pause Young (Normal) (G1 Evacuation Pause) 418M->120M(512M) 26.278ms
[2022-05-02T00:52:46.742+0000][161][gc,cpu      ] GC(92) User=0.01s Sys=0.00s Real=0.03s
[2022-05-02T00:52:46.743+0000][161][safepoint   ] Safepoint "G1CollectForAllocation", Time since last: 17978493842 ns, Reaching safepoint: 48417 ns, At safepoint: 28405000 ns, Total: 28453417 ns
[2022-05-02T00:52:47.745+0000][161][safepoint   ] Safepoint "Cleanup", Time since last: 1001271792 ns, Reaching safepoint: 165000 ns, At safepoint: 10208 ns, Total: 175208 ns
[2022-05-02T00:52:52.765+0000][161][safepoint   ] Safepoint "Cleanup", Time since last: 5019410960 ns, Reaching safepoint: 206542 ns, At safepoint: 4833 ns, Total: 211375 ns
[2022-05-02T00:52:55.767+0000][161][safepoint   ] Safepoint "Cleanup", Time since last: 3002829251 ns, Reaching safepoint: 64917 ns, At safepoint: 2333 ns, Total: 67250 ns
[2022-05-02T00:53:06.799+0000][161][safepoint   ] Safepoint "Cleanup", Time since last: 11031786089 ns, Reaching safepoint: 179875 ns, At safepoint: 106125 ns, Total: 286000 ns
[2022-05-02T00:53:09.812+0000][161][safepoint   ] Safepoint "Cleanup", Time since last: 3011982376 ns, Reaching safepoint: 95542 ns, At safepoint: 2500 ns, Total: 98042 ns
[2022-05-02T00:53:15.820+0000][161][safepoint   ] Safepoint "Cleanup", Time since last: 6008218628 ns, Reaching safepoint: 244208 ns, At safepoint: 13709 ns, Total: 257917 ns
[2022-05-02T00:53:32.859+0000][161][safepoint   ] Safepoint "Cleanup", Time since last: 17038642007 ns, Reaching safepoint: 574042 ns, At safepoint: 16250 ns, Total: 590292 ns
[2022-05-02T00:53:43.882+0000][161][safepoint   ] Safepoint "Cleanup", Time since last: 11022559797 ns, Reaching safepoint: 120875 ns, At safepoint: 5000 ns, Total: 125875 ns
[2022-05-02T00:53:45.889+0000][161][safepoint   ] Safepoint "Cleanup", Time since last: 2006630834 ns, Reaching safepoint: 667708 ns, At safepoint: 18875 ns, Total: 686583 ns
[2022-05-02T00:53:47.287+0000][161][gc,start    ] GC(93) Pause Young (Normal) (G1 Evacuation Pause)
[2022-05-02T00:53:47.288+0000][161][gc,task     ] GC(93) Using 5 workers of 5 for evacuation
[2022-05-02T00:53:47.288+0000][161][gc,age      ] GC(93) Desired survivor size 20971520 bytes, new threshold 15 (max threshold 15)
[2022-05-02T00:53:47.292+0000][161][gc,age      ] GC(93) Age table with threshold 15 (max threshold 15)
[2022-05-02T00:53:47.293+0000][161][gc,age      ] GC(93) - age   1:    1647848 bytes,    1647848 total
[2022-05-02T00:53:47.294+0000][161][gc,age      ] GC(93) - age   2:       5664 bytes,    1653512 total
[2022-05-02T00:53:47.295+0000][161][gc,age      ] GC(93) - age   3:       2392 bytes,    1655904 total
[2022-05-02T00:53:47.296+0000][161][gc,age      ] GC(93) - age   4:       1864 bytes,    1657768 total
[2022-05-02T00:53:47.297+0000][161][gc,age      ] GC(93) - age   5:     224384 bytes,    1882152 total
[2022-05-02T00:53:47.298+0000][161][gc,age      ] GC(93) - age   6:      36552 bytes,    1918704 total
[2022-05-02T00:53:47.299+0000][161][gc,age      ] GC(93) - age   7:      10864 bytes,    1929568 total
[2022-05-02T00:53:47.299+0000][161][gc,age      ] GC(93) - age   8:       3544 bytes,    1933112 total
[2022-05-02T00:53:47.300+0000][161][gc,age      ] GC(93) - age   9:       2544 bytes,    1935656 total
[2022-05-02T00:53:47.301+0000][161][gc,age      ] GC(93) - age  10:       4248 bytes,    1939904 total
[2022-05-02T00:53:47.301+0000][161][gc,age      ] GC(93) - age  11:      36952 bytes,    1976856 total
[2022-05-02T00:53:47.302+0000][161][gc,age      ] GC(93) - age  12:      17464 bytes,    1994320 total
[2022-05-02T00:53:47.303+0000][161][gc,age      ] GC(93) - age  13:     471840 bytes,    2466160 total
[2022-05-02T00:53:47.303+0000][161][gc,age      ] GC(93) - age  14:       7168 bytes,    2473328 total
[2022-05-02T00:53:47.304+0000][161][gc,age      ] GC(93) - age  15:     294672 bytes,    2768000 total
[2022-05-02T00:53:47.305+0000][161][gc,phases   ] GC(93)   Pre Evacuate Collection Set: 0.1ms
[2022-05-02T00:53:47.306+0000][161][gc,phases   ] GC(93)   Merge Heap Roots: 0.1ms
[2022-05-02T00:53:47.307+0000][161][gc,phases   ] GC(93)   Evacuate Collection Set: 1.8ms
[2022-05-02T00:53:47.308+0000][161][gc,phases   ] GC(93)   Post Evacuate Collection Set: 1.0ms
[2022-05-02T00:53:47.309+0000][161][gc,phases   ] GC(93)   Other: 14.8ms
[2022-05-02T00:53:47.309+0000][161][gc,heap     ] GC(93) Eden regions: 74->0(74)
[2022-05-02T00:53:47.310+0000][161][gc,heap     ] GC(93) Survivor regions: 1->1(10)
[2022-05-02T00:53:47.311+0000][161][gc,heap     ] GC(93) Old regions: 23->23
[2022-05-02T00:53:47.311+0000][161][gc,heap     ] GC(93) Archive regions: 2->2
[2022-05-02T00:53:47.312+0000][161][gc,heap     ] GC(93) Humongous regions: 6->6
[2022-05-02T00:53:47.313+0000][161][gc,metaspace] GC(93) Metaspace: 117889K(119808K)->117889K(119808K) NonClass: 102256K(103424K)->102256K(103424K) Class: 15633K(16384K)->15633K(16384K)
[2022-05-02T00:53:47.313+0000][161][gc          ] GC(93) Pause Young (Normal) (G1 Evacuation Pause) 416M->119M(512M) 26.059ms
[2022-05-02T00:53:47.314+0000][161][gc,cpu      ] GC(93) User=0.02s Sys=0.00s Real=0.02s
[2022-05-02T00:53:47.316+0000][161][safepoint   ] Safepoint "G1CollectForAllocation", Time since last: 1398344459 ns, Reaching safepoint: 49334 ns, At safepoint: 28773708 ns, Total: 28823042 ns
[2022-05-02T00:53:48.317+0000][161][safepoint   ] Safepoint "Cleanup", Time since last: 1001050292 ns, Reaching safepoint: 183750 ns, At safepoint: 7750 ns, Total: 191500 ns
[2022-05-02T00:54:00.344+0000][161][safepoint   ] Safepoint "Cleanup", Time since last: 12027182130 ns, Reaching safepoint: 178542 ns, At safepoint: 7041 ns, Total: 185583 ns
[2022-05-02T00:54:08.361+0000][161][safepoint   ] Safepoint "Cleanup", Time since last: 8016446171 ns, Reaching safepoint: 1232083 ns, At safepoint: 18583 ns, Total: 1250666 ns
[2022-05-02T00:54:16.388+0000][161][safepoint   ] Safepoint "Cleanup", Time since last: 8025908504 ns, Reaching safepoint: 227667 ns, At safepoint: 10000 ns, Total: 237667 ns
[2022-05-02T00:54:18.401+0000][161][safepoint   ] Safepoint "Cleanup", Time since last: 2013476376 ns, Reaching safepoint: 120458 ns, At safepoint: 6167 ns, Total: 126625 ns
[2022-05-02T00:54:29.417+0000][161][safepoint   ] Safepoint "Cleanup", Time since last: 11014827963 ns, Reaching safepoint: 189333 ns, At safepoint: 6667 ns, Total: 196000 ns
[2022-05-02T00:54:36.430+0000][161][safepoint   ] Safepoint "Cleanup", Time since last: 7012387753 ns, Reaching safepoint: 147917 ns, At safepoint: 6041 ns, Total: 153958 ns
[2022-05-02T00:54:38.438+0000][161][safepoint   ] Safepoint "Cleanup", Time since last: 2007862751 ns, Reaching safepoint: 369209 ns, At safepoint: 9291 ns, Total: 378500 ns
[2022-05-02T00:54:43.450+0000][161][safepoint   ] Safepoint "Cleanup", Time since last: 5012035503 ns, Reaching safepoint: 130333 ns, At safepoint: 17208 ns, Total: 147541 ns
[2022-05-02T00:54:44.350+0000][161][gc,start    ] GC(94) Pause Young (Normal) (G1 Evacuation Pause)
[2022-05-02T00:54:44.351+0000][161][gc,task     ] GC(94) Using 5 workers of 5 for evacuation
[2022-05-02T00:54:44.352+0000][161][gc,age      ] GC(94) Desired survivor size 20971520 bytes, new threshold 15 (max threshold 15)
[2022-05-02T00:54:44.355+0000][161][gc,age      ] GC(94) Age table with threshold 15 (max threshold 15)
[2022-05-02T00:54:44.356+0000][161][gc,age      ] GC(94) - age   1:    1724904 bytes,    1724904 total
[2022-05-02T00:54:44.358+0000][161][gc,age      ] GC(94) - age   2:       6304 bytes,    1731208 total
[2022-05-02T00:54:44.359+0000][161][gc,age      ] GC(94) - age   3:       3248 bytes,    1734456 total
[2022-05-02T00:54:44.360+0000][161][gc,age      ] GC(94) - age   4:       2248 bytes,    1736704 total
[2022-05-02T00:54:44.361+0000][161][gc,age      ] GC(94) - age   5:       1304 bytes,    1738008 total
[2022-05-02T00:54:44.361+0000][161][gc,age      ] GC(94) - age   6:      15120 bytes,    1753128 total
[2022-05-02T00:54:44.362+0000][161][gc,age      ] GC(94) - age   7:       4080 bytes,    1757208 total
[2022-05-02T00:54:44.363+0000][161][gc,age      ] GC(94) - age   8:      10864 bytes,    1768072 total
[2022-05-02T00:54:44.364+0000][161][gc,age      ] GC(94) - age   9:       3544 bytes,    1771616 total
[2022-05-02T00:54:44.365+0000][161][gc,age      ] GC(94) - age  10:       2544 bytes,    1774160 total
[2022-05-02T00:54:44.366+0000][161][gc,age      ] GC(94) - age  11:       4248 bytes,    1778408 total
[2022-05-02T00:54:44.367+0000][161][gc,age      ] GC(94) - age  12:      35400 bytes,    1813808 total
[2022-05-02T00:54:44.368+0000][161][gc,age      ] GC(94) - age  13:      17464 bytes,    1831272 total
[2022-05-02T00:54:44.369+0000][161][gc,age      ] GC(94) - age  14:     447256 bytes,    2278528 total
[2022-05-02T00:54:44.370+0000][161][gc,age      ] GC(94) - age  15:       7168 bytes,    2285696 total
[2022-05-02T00:54:44.371+0000][161][gc,phases   ] GC(94)   Pre Evacuate Collection Set: 0.1ms
[2022-05-02T00:54:44.372+0000][161][gc,phases   ] GC(94)   Merge Heap Roots: 0.0ms
[2022-05-02T00:54:44.373+0000][161][gc,phases   ] GC(94)   Evacuate Collection Set: 2.0ms
[2022-05-02T00:54:44.374+0000][161][gc,phases   ] GC(94)   Post Evacuate Collection Set: 0.9ms
[2022-05-02T00:54:44.375+0000][161][gc,phases   ] GC(94)   Other: 18.4ms
[2022-05-02T00:54:44.376+0000][161][gc,heap     ] GC(94) Eden regions: 74->0(74)
[2022-05-02T00:54:44.376+0000][161][gc,heap     ] GC(94) Survivor regions: 1->1(10)
[2022-05-02T00:54:44.377+0000][161][gc,heap     ] GC(94) Old regions: 23->23
[2022-05-02T00:54:44.378+0000][161][gc,heap     ] GC(94) Archive regions: 2->2
[2022-05-02T00:54:44.379+0000][161][gc,heap     ] GC(94) Humongous regions: 6->6
[2022-05-02T00:54:44.379+0000][161][gc,metaspace] GC(94) Metaspace: 117896K(119808K)->117896K(119808K) NonClass: 102263K(103424K)->102263K(103424K) Class: 15633K(16384K)->15633K(16384K)
[2022-05-02T00:54:44.380+0000][161][gc          ] GC(94) Pause Young (Normal) (G1 Evacuation Pause) 415M->119M(512M) 29.758ms
[2022-05-02T00:54:44.381+0000][161][gc,cpu      ] GC(94) User=0.02s Sys=0.00s Real=0.03s
[2022-05-02T00:54:44.382+0000][161][safepoint   ] Safepoint "G1CollectForAllocation", Time since last: 899576334 ns, Reaching safepoint: 272334 ns, At safepoint: 31895458 ns, Total: 32167792 ns
[2022-05-02T00:54:48.391+0000][161][safepoint   ] Safepoint "Cleanup", Time since last: 4008936168 ns, Reaching safepoint: 197542 ns, At safepoint: 10708 ns, Total: 208250 ns
[2022-05-02T00:55:20.459+0000][161][safepoint   ] Safepoint "Cleanup", Time since last: 32068078599 ns, Reaching safepoint: 438708 ns, At safepoint: 12292 ns, Total: 451000 ns
[2022-05-02T00:55:30.487+0000][161][safepoint   ] Safepoint "Cleanup", Time since last: 10025615129 ns, Reaching safepoint: 653542 ns, At safepoint: 15291 ns, Total: 668833 ns
[2022-05-02T00:55:48.505+0000][161][safepoint   ] Safepoint "Cleanup", Time since last: 18017717884 ns, Reaching safepoint: 473125 ns, At safepoint: 10917 ns, Total: 484042 ns
[2022-05-02T00:55:52.556+0000][161][gc,start    ] GC(95) Pause Young (Normal) (G1 Evacuation Pause)
[2022-05-02T00:55:52.557+0000][161][gc,task     ] GC(95) Using 5 workers of 5 for evacuation
[2022-05-02T00:55:52.557+0000][161][gc,age      ] GC(95) Desired survivor size 20971520 bytes, new threshold 15 (max threshold 15)
[2022-05-02T00:55:52.561+0000][161][gc,age      ] GC(95) Age table with threshold 15 (max threshold 15)
[2022-05-02T00:55:52.561+0000][161][gc,age      ] GC(95) - age   1:    1526816 bytes,    1526816 total
[2022-05-02T00:55:52.562+0000][161][gc,age      ] GC(95) - age   2:     218408 bytes,    1745224 total
[2022-05-02T00:55:52.563+0000][161][gc,age      ] GC(95) - age   3:       4344 bytes,    1749568 total
[2022-05-02T00:55:52.564+0000][161][gc,age      ] GC(95) - age   4:       2608 bytes,    1752176 total
[2022-05-02T00:55:52.564+0000][161][gc,age      ] GC(95) - age   5:       2056 bytes,    1754232 total
[2022-05-02T00:55:52.565+0000][161][gc,age      ] GC(95) - age   6:       1240 bytes,    1755472 total
[2022-05-02T00:55:52.566+0000][161][gc,age      ] GC(95) - age   7:      14768 bytes,    1770240 total
[2022-05-02T00:55:52.567+0000][161][gc,age      ] GC(95) - age   8:       4080 bytes,    1774320 total
[2022-05-02T00:55:52.567+0000][161][gc,age      ] GC(95) - age   9:      10864 bytes,    1785184 total
[2022-05-02T00:55:52.568+0000][161][gc,age      ] GC(95) - age  10:       3544 bytes,    1788728 total
[2022-05-02T00:55:52.569+0000][161][gc,age      ] GC(95) - age  11:       2544 bytes,    1791272 total
[2022-05-02T00:55:52.569+0000][161][gc,age      ] GC(95) - age  12:       4248 bytes,    1795520 total
[2022-05-02T00:55:52.570+0000][161][gc,age      ] GC(95) - age  13:      35400 bytes,    1830920 total
[2022-05-02T00:55:52.571+0000][161][gc,age      ] GC(95) - age  14:      17464 bytes,    1848384 total
[2022-05-02T00:55:52.572+0000][161][gc,age      ] GC(95) - age  15:     447256 bytes,    2295640 total
[2022-05-02T00:55:52.573+0000][161][gc,phases   ] GC(95)   Pre Evacuate Collection Set: 0.3ms
[2022-05-02T00:55:52.574+0000][161][gc,phases   ] GC(95)   Merge Heap Roots: 0.1ms
[2022-05-02T00:55:52.574+0000][161][gc,phases   ] GC(95)   Evacuate Collection Set: 1.6ms
[2022-05-02T00:55:52.575+0000][161][gc,phases   ] GC(95)   Post Evacuate Collection Set: 0.7ms
[2022-05-02T00:55:52.576+0000][161][gc,phases   ] GC(95)   Other: 14.0ms
[2022-05-02T00:55:52.577+0000][161][gc,heap     ] GC(95) Eden regions: 74->0(74)
[2022-05-02T00:55:52.578+0000][161][gc,heap     ] GC(95) Survivor regions: 1->1(10)
[2022-05-02T00:55:52.580+0000][161][gc,heap     ] GC(95) Old regions: 23->23
[2022-05-02T00:55:52.580+0000][161][gc,heap     ] GC(95) Archive regions: 2->2
[2022-05-02T00:55:52.581+0000][161][gc,heap     ] GC(95) Humongous regions: 6->6
[2022-05-02T00:55:52.581+0000][161][gc,metaspace] GC(95) Metaspace: 117901K(119808K)->117901K(119808K) NonClass: 102268K(103424K)->102268K(103424K) Class: 15633K(16384K)->15633K(16384K)
[2022-05-02T00:55:52.582+0000][161][gc          ] GC(95) Pause Young (Normal) (G1 Evacuation Pause) 415M->119M(512M) 25.799ms
[2022-05-02T00:55:52.582+0000][161][gc,cpu      ] GC(95) User=0.01s Sys=0.00s Real=0.02s
[2022-05-02T00:55:52.583+0000][161][safepoint   ] Safepoint "G1CollectForAllocation", Time since last: 4051738168 ns, Reaching safepoint: 226875 ns, At safepoint: 27155416 ns, Total: 27382291 ns
[2022-05-02T00:56:04.598+0000][161][safepoint   ] Safepoint "Cleanup", Time since last: 12014667965 ns, Reaching safepoint: 238500 ns, At safepoint: 16666 ns, Total: 255166 ns
[2022-05-02T00:56:07.601+0000][161][safepoint   ] Safepoint "Cleanup", Time since last: 3003009585 ns, Reaching safepoint: 135417 ns, At safepoint: 3125 ns, Total: 138542 ns
[2022-05-02T00:56:09.604+0000][161][safepoint   ] Safepoint "Cleanup", Time since last: 2002555292 ns, Reaching safepoint: 293334 ns, At safepoint: 52583 ns, Total: 345917 ns
[2022-05-02T00:56:16.610+0000][161][safepoint   ] Safepoint "Cleanup", Time since last: 7006076462 ns, Reaching safepoint: 76416 ns, At safepoint: 2959 ns, Total: 79375 ns
[2022-05-02T00:56:41.643+0000][161][safepoint   ] Safepoint "Cleanup", Time since last: 25031672595 ns, Reaching safepoint: 546333 ns, At safepoint: 11792 ns, Total: 558125 ns
[2022-05-02T00:56:44.652+0000][161][safepoint   ] Safepoint "Cleanup", Time since last: 3009519751 ns, Reaching safepoint: 265458 ns, At safepoint: 6125 ns, Total: 271583 ns
[2022-05-02T00:56:47.590+0000][161][gc,start    ] GC(96) Pause Young (Normal) (G1 Evacuation Pause)
[2022-05-02T00:56:47.591+0000][161][gc,task     ] GC(96) Using 5 workers of 5 for evacuation
[2022-05-02T00:56:47.592+0000][161][gc,age      ] GC(96) Desired survivor size 20971520 bytes, new threshold 15 (max threshold 15)
[2022-05-02T00:56:47.595+0000][161][gc,age      ] GC(96) Age table with threshold 15 (max threshold 15)
[2022-05-02T00:56:47.596+0000][161][gc,age      ] GC(96) - age   1:    1022824 bytes,    1022824 total
[2022-05-02T00:56:47.597+0000][161][gc,age      ] GC(96) - age   2:      33464 bytes,    1056288 total
[2022-05-02T00:56:47.598+0000][161][gc,age      ] GC(96) - age   3:     216200 bytes,    1272488 total
[2022-05-02T00:56:47.598+0000][161][gc,age      ] GC(96) - age   4:       4056 bytes,    1276544 total
[2022-05-02T00:56:47.599+0000][161][gc,age      ] GC(96) - age   5:       2232 bytes,    1278776 total
[2022-05-02T00:56:47.599+0000][161][gc,age      ] GC(96) - age   6:       1992 bytes,    1280768 total
[2022-05-02T00:56:47.600+0000][161][gc,age      ] GC(96) - age   7:       1240 bytes,    1282008 total
[2022-05-02T00:56:47.601+0000][161][gc,age      ] GC(96) - age   8:      14768 bytes,    1296776 total
[2022-05-02T00:56:47.601+0000][161][gc,age      ] GC(96) - age   9:       4080 bytes,    1300856 total
[2022-05-02T00:56:47.602+0000][161][gc,age      ] GC(96) - age  10:      10864 bytes,    1311720 total
[2022-05-02T00:56:47.602+0000][161][gc,age      ] GC(96) - age  11:       3544 bytes,    1315264 total
[2022-05-02T00:56:47.603+0000][161][gc,age      ] GC(96) - age  12:       2544 bytes,    1317808 total
[2022-05-02T00:56:47.604+0000][161][gc,age      ] GC(96) - age  13:       4248 bytes,    1322056 total
[2022-05-02T00:56:47.605+0000][161][gc,age      ] GC(96) - age  14:      35400 bytes,    1357456 total
[2022-05-02T00:56:47.605+0000][161][gc,age      ] GC(96) - age  15:      17464 bytes,    1374920 total
[2022-05-02T00:56:47.607+0000][161][gc,phases   ] GC(96)   Pre Evacuate Collection Set: 0.1ms
[2022-05-02T00:56:47.607+0000][161][gc,phases   ] GC(96)   Merge Heap Roots: 0.0ms
[2022-05-02T00:56:47.608+0000][161][gc,phases   ] GC(96)   Evacuate Collection Set: 1.0ms
[2022-05-02T00:56:47.609+0000][161][gc,phases   ] GC(96)   Post Evacuate Collection Set: 1.0ms
[2022-05-02T00:56:47.610+0000][161][gc,phases   ] GC(96)   Other: 13.9ms
[2022-05-02T00:56:47.611+0000][161][gc,heap     ] GC(96) Eden regions: 74->0(74)
[2022-05-02T00:56:47.611+0000][161][gc,heap     ] GC(96) Survivor regions: 1->1(10)
[2022-05-02T00:56:47.612+0000][161][gc,heap     ] GC(96) Old regions: 23->23
[2022-05-02T00:56:47.612+0000][161][gc,heap     ] GC(96) Archive regions: 2->2
[2022-05-02T00:56:47.613+0000][161][gc,heap     ] GC(96) Humongous regions: 6->6
[2022-05-02T00:56:47.613+0000][161][gc,metaspace] GC(96) Metaspace: 117911K(119808K)->117911K(119808K) NonClass: 102277K(103424K)->102277K(103424K) Class: 15633K(16384K)->15633K(16384K)
[2022-05-02T00:56:47.614+0000][161][gc          ] GC(96) Pause Young (Normal) (G1 Evacuation Pause) 415M->118M(512M) 23.906ms
[2022-05-02T00:56:47.615+0000][161][gc,cpu      ] GC(96) User=0.01s Sys=0.00s Real=0.02s
[2022-05-02T00:56:47.616+0000][161][safepoint   ] Safepoint "G1CollectForAllocation", Time since last: 2937821377 ns, Reaching safepoint: 103125 ns, At safepoint: 25366375 ns, Total: 25469500 ns
[2022-05-02T00:57:11.648+0000][161][safepoint   ] Safepoint "Cleanup", Time since last: 24031468969 ns, Reaching safepoint: 62833 ns, At safepoint: 52709 ns, Total: 115542 ns
[2022-05-02T00:57:26.663+0000][161][safepoint   ] Safepoint "Cleanup", Time since last: 15014377965 ns, Reaching safepoint: 261708 ns, At safepoint: 9167 ns, Total: 270875 ns
[2022-05-02T00:57:29.672+0000][161][safepoint   ] Safepoint "Cleanup", Time since last: 3008554043 ns, Reaching safepoint: 274375 ns, At safepoint: 10958 ns, Total: 285333 ns
[2022-05-02T00:57:33.696+0000][161][safepoint   ] Safepoint "Cleanup", Time since last: 4023485127 ns, Reaching safepoint: 247917 ns, At safepoint: 9541 ns, Total: 257458 ns
[2022-05-02T00:57:47.590+0000][161][gc,start    ] GC(97) Pause Young (Normal) (G1 Evacuation Pause)
[2022-05-02T00:57:47.592+0000][161][gc,task     ] GC(97) Using 5 workers of 5 for evacuation
[2022-05-02T00:57:47.594+0000][161][gc,age      ] GC(97) Desired survivor size 20971520 bytes, new threshold 15 (max threshold 15)
[2022-05-02T00:57:47.598+0000][161][gc,age      ] GC(97) Age table with threshold 15 (max threshold 15)
[2022-05-02T00:57:47.600+0000][161][gc,age      ] GC(97) - age   1:    2179976 bytes,    2179976 total
[2022-05-02T00:57:47.601+0000][161][gc,age      ] GC(97) - age   2:       4632 bytes,    2184608 total
[2022-05-02T00:57:47.602+0000][161][gc,age      ] GC(97) - age   3:       2856 bytes,    2187464 total
[2022-05-02T00:57:47.603+0000][161][gc,age      ] GC(97) - age   4:     106016 bytes,    2293480 total
[2022-05-02T00:57:47.604+0000][161][gc,age      ] GC(97) - age   5:       3160 bytes,    2296640 total
[2022-05-02T00:57:47.605+0000][161][gc,age      ] GC(97) - age   6:       1976 bytes,    2298616 total
[2022-05-02T00:57:47.606+0000][161][gc,age      ] GC(97) - age   7:       1992 bytes,    2300608 total
[2022-05-02T00:57:47.607+0000][161][gc,age      ] GC(97) - age   8:       1240 bytes,    2301848 total
[2022-05-02T00:57:47.609+0000][161][gc,age      ] GC(97) - age   9:      14464 bytes,    2316312 total
[2022-05-02T00:57:47.609+0000][161][gc,age      ] GC(97) - age  10:       4080 bytes,    2320392 total
[2022-05-02T00:57:47.610+0000][161][gc,age      ] GC(97) - age  11:      10864 bytes,    2331256 total
[2022-05-02T00:57:47.611+0000][161][gc,age      ] GC(97) - age  12:       3544 bytes,    2334800 total
[2022-05-02T00:57:47.612+0000][161][gc,age      ] GC(97) - age  13:       2544 bytes,    2337344 total
[2022-05-02T00:57:47.613+0000][161][gc,age      ] GC(97) - age  14:       4248 bytes,    2341592 total
[2022-05-02T00:57:47.614+0000][161][gc,age      ] GC(97) - age  15:      35400 bytes,    2376992 total
[2022-05-02T00:57:47.615+0000][161][gc,phases   ] GC(97)   Pre Evacuate Collection Set: 0.2ms
[2022-05-02T00:57:47.615+0000][161][gc,phases   ] GC(97)   Merge Heap Roots: 0.0ms
[2022-05-02T00:57:47.616+0000][161][gc,phases   ] GC(97)   Evacuate Collection Set: 1.7ms
[2022-05-02T00:57:47.616+0000][161][gc,phases   ] GC(97)   Post Evacuate Collection Set: 1.2ms
[2022-05-02T00:57:47.617+0000][161][gc,phases   ] GC(97)   Other: 21.6ms
[2022-05-02T00:57:47.617+0000][161][gc,heap     ] GC(97) Eden regions: 74->0(74)
[2022-05-02T00:57:47.618+0000][161][gc,heap     ] GC(97) Survivor regions: 1->1(10)
[2022-05-02T00:57:47.618+0000][161][gc,heap     ] GC(97) Old regions: 23->23
[2022-05-02T00:57:47.619+0000][161][gc,heap     ] GC(97) Archive regions: 2->2
[2022-05-02T00:57:47.619+0000][161][gc,heap     ] GC(97) Humongous regions: 6->6
[2022-05-02T00:57:47.620+0000][161][gc,metaspace] GC(97) Metaspace: 117917K(119808K)->117917K(119808K) NonClass: 102284K(103424K)->102284K(103424K) Class: 15633K(16384K)->15633K(16384K)
[2022-05-02T00:57:47.621+0000][161][gc          ] GC(97) Pause Young (Normal) (G1 Evacuation Pause) 414M->119M(512M) 30.641ms
[2022-05-02T00:57:47.621+0000][161][gc,cpu      ] GC(97) User=0.01s Sys=0.01s Real=0.03s
[2022-05-02T00:57:47.622+0000][161][safepoint   ] Safepoint "G1CollectForAllocation", Time since last: 13894182799 ns, Reaching safepoint: 89833 ns, At safepoint: 31788417 ns, Total: 31878250 ns
[2022-05-02T00:58:09.658+0000][161][safepoint   ] Safepoint "Cleanup", Time since last: 22037560426 ns, Reaching safepoint: 120667 ns, At safepoint: 5916 ns, Total: 126583 ns
[2022-05-02T00:58:13.666+0000][161][safepoint   ] Safepoint "Cleanup", Time since last: 4007457336 ns, Reaching safepoint: 349708 ns, At safepoint: 11375 ns, Total: 361083 ns
[2022-05-02T00:58:16.670+0000][161][safepoint   ] Safepoint "Cleanup", Time since last: 3003799376 ns, Reaching safepoint: 84667 ns, At safepoint: 4125 ns, Total: 88792 ns
[2022-05-02T00:58:17.677+0000][161][safepoint   ] Safepoint "Cleanup", Time since last: 1005758000 ns, Reaching safepoint: 870584 ns, At safepoint: 12916 ns, Total: 883500 ns
[2022-05-02T00:58:23.685+0000][161][safepoint   ] Safepoint "Cleanup", Time since last: 6008167419 ns, Reaching safepoint: 67625 ns, At safepoint: 4958 ns, Total: 72583 ns
[2022-05-02T00:58:38.712+0000][161][safepoint   ] Safepoint "Cleanup", Time since last: 15026619174 ns, Reaching safepoint: 435250 ns, At safepoint: 26208 ns, Total: 461458 ns
[2022-05-02T00:58:44.723+0000][161][safepoint   ] Safepoint "Cleanup", Time since last: 6010003170 ns, Reaching safepoint: 299833 ns, At safepoint: 6667 ns, Total: 306500 ns
[2022-05-02T00:58:47.726+0000][161][safepoint   ] Safepoint "Cleanup", Time since last: 3002986001 ns, Reaching safepoint: 179084 ns, At safepoint: 21041 ns, Total: 200125 ns
[2022-05-02T00:58:49.559+0000][161][gc,start    ] GC(98) Pause Young (Normal) (G1 Evacuation Pause)
[2022-05-02T00:58:49.561+0000][161][gc,task     ] GC(98) Using 5 workers of 5 for evacuation
[2022-05-02T00:58:49.564+0000][161][gc,age      ] GC(98) Desired survivor size 20971520 bytes, new threshold 15 (max threshold 15)
[2022-05-02T00:58:49.570+0000][161][gc,age      ] GC(98) Age table with threshold 15 (max threshold 15)
[2022-05-02T00:58:49.572+0000][161][gc,age      ] GC(98) - age   1:     911832 bytes,     911832 total
[2022-05-02T00:58:49.573+0000][161][gc,age      ] GC(98) - age   2:     387256 bytes,    1299088 total
[2022-05-02T00:58:49.575+0000][161][gc,age      ] GC(98) - age   3:       2696 bytes,    1301784 total
[2022-05-02T00:58:49.576+0000][161][gc,age      ] GC(98) - age   4:       2664 bytes,    1304448 total
[2022-05-02T00:58:49.577+0000][161][gc,age      ] GC(98) - age   5:     105952 bytes,    1410400 total
[2022-05-02T00:58:49.578+0000][161][gc,age      ] GC(98) - age   6:       3160 bytes,    1413560 total
[2022-05-02T00:58:49.580+0000][161][gc,age      ] GC(98) - age   7:       1976 bytes,    1415536 total
[2022-05-02T00:58:49.581+0000][161][gc,age      ] GC(98) - age   8:       1992 bytes,    1417528 total
[2022-05-02T00:58:49.584+0000][161][gc,age      ] GC(98) - age   9:       1240 bytes,    1418768 total
[2022-05-02T00:58:49.585+0000][161][gc,age      ] GC(98) - age  10:      14464 bytes,    1433232 total
[2022-05-02T00:58:49.586+0000][161][gc,age      ] GC(98) - age  11:       1984 bytes,    1435216 total
[2022-05-02T00:58:49.587+0000][161][gc,age      ] GC(98) - age  12:      10864 bytes,    1446080 total
[2022-05-02T00:58:49.588+0000][161][gc,age      ] GC(98) - age  13:       3544 bytes,    1449624 total
[2022-05-02T00:58:49.589+0000][161][gc,age      ] GC(98) - age  14:       2544 bytes,    1452168 total
[2022-05-02T00:58:49.590+0000][161][gc,age      ] GC(98) - age  15:       4248 bytes,    1456416 total
[2022-05-02T00:58:49.592+0000][161][gc,phases   ] GC(98)   Pre Evacuate Collection Set: 0.4ms
[2022-05-02T00:58:49.592+0000][161][gc,phases   ] GC(98)   Merge Heap Roots: 0.1ms
[2022-05-02T00:58:49.593+0000][161][gc,phases   ] GC(98)   Evacuate Collection Set: 2.7ms
[2022-05-02T00:58:49.595+0000][161][gc,phases   ] GC(98)   Post Evacuate Collection Set: 1.4ms
[2022-05-02T00:58:49.596+0000][161][gc,phases   ] GC(98)   Other: 28.2ms
[2022-05-02T00:58:49.597+0000][161][gc,heap     ] GC(98) Eden regions: 74->0(74)
[2022-05-02T00:58:49.598+0000][161][gc,heap     ] GC(98) Survivor regions: 1->1(10)
[2022-05-02T00:58:49.599+0000][161][gc,heap     ] GC(98) Old regions: 23->23
[2022-05-02T00:58:49.600+0000][161][gc,heap     ] GC(98) Archive regions: 2->2
[2022-05-02T00:58:49.601+0000][161][gc,heap     ] GC(98) Humongous regions: 6->6
[2022-05-02T00:58:49.601+0000][161][gc,metaspace] GC(98) Metaspace: 117928K(119808K)->117928K(119808K) NonClass: 102295K(103424K)->102295K(103424K) Class: 15633K(16384K)->15633K(16384K)
[2022-05-02T00:58:49.602+0000][161][gc          ] GC(98) Pause Young (Normal) (G1 Evacuation Pause) 415M->118M(512M) 43.332ms
[2022-05-02T00:58:49.603+0000][161][gc,cpu      ] GC(98) User=0.02s Sys=0.00s Real=0.04s
[2022-05-02T00:58:49.604+0000][161][safepoint   ] Safepoint "G1CollectForAllocation", Time since last: 1832857543 ns, Reaching safepoint: 115375 ns, At safepoint: 45370875 ns, Total: 45486250 ns
[2022-05-02T00:59:18.660+0000][161][safepoint   ] Safepoint "Cleanup", Time since last: 29055415847 ns, Reaching safepoint: 460250 ns, At safepoint: 67458 ns, Total: 527708 ns
[2022-05-02T00:59:47.705+0000][161][safepoint   ] Safepoint "Cleanup", Time since last: 29045071347 ns, Reaching safepoint: 90541 ns, At safepoint: 7084 ns, Total: 97625 ns
[2022-05-02T00:59:52.815+0000][161][gc,start    ] GC(99) Pause Young (Normal) (G1 Evacuation Pause)
[2022-05-02T00:59:52.816+0000][161][gc,task     ] GC(99) Using 5 workers of 5 for evacuation
[2022-05-02T00:59:52.816+0000][161][gc,age      ] GC(99) Desired survivor size 20971520 bytes, new threshold 15 (max threshold 15)
[2022-05-02T00:59:52.820+0000][161][gc,age      ] GC(99) Age table with threshold 15 (max threshold 15)
[2022-05-02T00:59:52.821+0000][161][gc,age      ] GC(99) - age   1:    1640656 bytes,    1640656 total
[2022-05-02T00:59:52.822+0000][161][gc,age      ] GC(99) - age   2:      58008 bytes,    1698664 total
[2022-05-02T00:59:52.823+0000][161][gc,age      ] GC(99) - age   3:     377088 bytes,    2075752 total
[2022-05-02T00:59:52.824+0000][161][gc,age      ] GC(99) - age   4:       2696 bytes,    2078448 total
[2022-05-02T00:59:52.825+0000][161][gc,age      ] GC(99) - age   5:       2664 bytes,    2081112 total
[2022-05-02T00:59:52.827+0000][161][gc,age      ] GC(99) - age   6:     105776 bytes,    2186888 total
[2022-05-02T00:59:52.828+0000][161][gc,age      ] GC(99) - age   7:       2848 bytes,    2189736 total
[2022-05-02T00:59:52.828+0000][161][gc,age      ] GC(99) - age   8:       1976 bytes,    2191712 total
[2022-05-02T00:59:52.830+0000][161][gc,age      ] GC(99) - age   9:       1992 bytes,    2193704 total
[2022-05-02T00:59:52.831+0000][161][gc,age      ] GC(99) - age  10:       1240 bytes,    2194944 total
[2022-05-02T00:59:52.832+0000][161][gc,age      ] GC(99) - age  11:      14464 bytes,    2209408 total
[2022-05-02T00:59:52.834+0000][161][gc,age      ] GC(99) - age  12:       1984 bytes,    2211392 total
[2022-05-02T00:59:52.837+0000][161][gc,age      ] GC(99) - age  13:      10864 bytes,    2222256 total
[2022-05-02T00:59:52.838+0000][161][gc,age      ] GC(99) - age  14:       3544 bytes,    2225800 total
[2022-05-02T00:59:52.839+0000][161][gc,age      ] GC(99) - age  15:       2544 bytes,    2228344 total
[2022-05-02T00:59:52.840+0000][161][gc,phases   ] GC(99)   Pre Evacuate Collection Set: 0.2ms
[2022-05-02T00:59:52.841+0000][161][gc,phases   ] GC(99)   Merge Heap Roots: 0.2ms
[2022-05-02T00:59:52.842+0000][161][gc,phases   ] GC(99)   Evacuate Collection Set: 1.7ms
[2022-05-02T00:59:52.844+0000][161][gc,phases   ] GC(99)   Post Evacuate Collection Set: 0.7ms
[2022-05-02T00:59:52.847+0000][161][gc,phases   ] GC(99)   Other: 22.1ms
[2022-05-02T00:59:52.852+0000][161][gc,heap     ] GC(99) Eden regions: 74->0(74)
[2022-05-02T00:59:52.853+0000][161][gc,heap     ] GC(99) Survivor regions: 1->1(10)
[2022-05-02T00:59:52.854+0000][161][gc,heap     ] GC(99) Old regions: 23->23
[2022-05-02T00:59:52.855+0000][161][gc,heap     ] GC(99) Archive regions: 2->2
[2022-05-02T00:59:52.856+0000][161][gc,heap     ] GC(99) Humongous regions: 6->6
[2022-05-02T00:59:52.857+0000][161][gc,metaspace] GC(99) Metaspace: 117931K(119808K)->117931K(119808K) NonClass: 102297K(103424K)->102297K(103424K) Class: 15634K(16384K)->15634K(16384K)
[2022-05-02T00:59:52.857+0000][161][gc          ] GC(99) Pause Young (Normal) (G1 Evacuation Pause) 414M->119M(512M) 41.982ms
[2022-05-02T00:59:52.858+0000][161][gc,cpu      ] GC(99) User=0.00s Sys=0.01s Real=0.05s
[2022-05-02T00:59:52.859+0000][161][safepoint   ] Safepoint "G1CollectForAllocation", Time since last: 5108466918 ns, Reaching safepoint: 113250 ns, At safepoint: 44192708 ns, Total: 44305958 ns
[2022-05-02T00:59:54.861+0000][161][safepoint   ] Safepoint "Cleanup", Time since last: 2001410376 ns, Reaching safepoint: 356167 ns, At safepoint: 9667 ns, Total: 365834 ns
[2022-05-02T01:00:14.901+0000][161][safepoint   ] Safepoint "Cleanup", Time since last: 20039361051 ns, Reaching safepoint: 664125 ns, At safepoint: 19500 ns, Total: 683625 ns
[2022-05-02T01:00:18.915+0000][161][safepoint   ] Safepoint "Cleanup", Time since last: 4013900502 ns, Reaching safepoint: 210666 ns, At safepoint: 14875 ns, Total: 225541 ns
[2022-05-02T01:00:21.924+0000][161][safepoint   ] Safepoint "Cleanup", Time since last: 3010487043 ns, Reaching safepoint: 391625 ns, At safepoint: 9208 ns, Total: 400833 ns
[2022-05-02T01:00:24.937+0000][161][safepoint   ] Safepoint "Cleanup", Time since last: 3011761710 ns, Reaching safepoint: 341125 ns, At safepoint: 9584 ns, Total: 350709 ns
[2022-05-02T01:00:31.953+0000][161][safepoint   ] Safepoint "Cleanup", Time since last: 7016495795 ns, Reaching safepoint: 70125 ns, At safepoint: 2208 ns, Total: 72333 ns
[2022-05-02T01:00:46.977+0000][161][safepoint   ] Safepoint "Cleanup", Time since last: 15024266549 ns, Reaching safepoint: 69958 ns, At safepoint: 2167 ns, Total: 72125 ns
[2022-05-02T01:00:49.590+0000][161][gc,start    ] GC(100) Pause Young (Normal) (G1 Evacuation Pause)
[2022-05-02T01:00:49.592+0000][161][gc,task     ] GC(100) Using 5 workers of 5 for evacuation
[2022-05-02T01:00:49.595+0000][161][gc,age      ] GC(100) Desired survivor size 20971520 bytes, new threshold 15 (max threshold 15)
[2022-05-02T01:00:49.602+0000][161][gc,age      ] GC(100) Age table with threshold 15 (max threshold 15)
[2022-05-02T01:00:49.604+0000][161][gc,age      ] GC(100) - age   1:     900704 bytes,     900704 total
[2022-05-02T01:00:49.606+0000][161][gc,age      ] GC(100) - age   2:      14752 bytes,     915456 total
[2022-05-02T01:00:49.608+0000][161][gc,age      ] GC(100) - age   3:      56144 bytes,     971600 total
[2022-05-02T01:00:49.610+0000][161][gc,age      ] GC(100) - age   4:     372648 bytes,    1344248 total
[2022-05-02T01:00:49.611+0000][161][gc,age      ] GC(100) - age   5:       2632 bytes,    1346880 total
[2022-05-02T01:00:49.613+0000][161][gc,age      ] GC(100) - age   6:       2664 bytes,    1349544 total
[2022-05-02T01:00:49.615+0000][161][gc,age      ] GC(100) - age   7:     105712 bytes,    1455256 total
[2022-05-02T01:00:49.616+0000][161][gc,age      ] GC(100) - age   8:       2760 bytes,    1458016 total
[2022-05-02T01:00:49.617+0000][161][gc,age      ] GC(100) - age   9:       1976 bytes,    1459992 total
[2022-05-02T01:00:49.618+0000][161][gc,age      ] GC(100) - age  10:       1992 bytes,    1461984 total
[2022-05-02T01:00:49.621+0000][161][gc,age      ] GC(100) - age  11:       1240 bytes,    1463224 total
[2022-05-02T01:00:49.622+0000][161][gc,age      ] GC(100) - age  12:      14464 bytes,    1477688 total
[2022-05-02T01:00:49.623+0000][161][gc,age      ] GC(100) - age  13:       1984 bytes,    1479672 total
[2022-05-02T01:00:49.625+0000][161][gc,age      ] GC(100) - age  14:      10864 bytes,    1490536 total
[2022-05-02T01:00:49.626+0000][161][gc,age      ] GC(100) - age  15:       3544 bytes,    1494080 total
[2022-05-02T01:00:49.627+0000][161][gc,phases   ] GC(100)   Pre Evacuate Collection Set: 0.5ms
[2022-05-02T01:00:49.628+0000][161][gc,phases   ] GC(100)   Merge Heap Roots: 0.1ms
[2022-05-02T01:00:49.629+0000][161][gc,phases   ] GC(100)   Evacuate Collection Set: 3.3ms
[2022-05-02T01:00:49.630+0000][161][gc,phases   ] GC(100)   Post Evacuate Collection Set: 1.3ms
[2022-05-02T01:00:49.630+0000][161][gc,phases   ] GC(100)   Other: 31.6ms
[2022-05-02T01:00:49.631+0000][161][gc,heap     ] GC(100) Eden regions: 74->0(74)
[2022-05-02T01:00:49.632+0000][161][gc,heap     ] GC(100) Survivor regions: 1->1(10)
[2022-05-02T01:00:49.633+0000][161][gc,heap     ] GC(100) Old regions: 23->23
[2022-05-02T01:00:49.634+0000][161][gc,heap     ] GC(100) Archive regions: 2->2
[2022-05-02T01:00:49.634+0000][161][gc,heap     ] GC(100) Humongous regions: 6->6
[2022-05-02T01:00:49.635+0000][161][gc,metaspace] GC(100) Metaspace: 117962K(119808K)->117962K(119808K) NonClass: 102326K(103424K)->102326K(103424K) Class: 15636K(16384K)->15636K(16384K)
[2022-05-02T01:00:49.636+0000][161][gc          ] GC(100) Pause Young (Normal) (G1 Evacuation Pause) 415M->119M(512M) 45.885ms
[2022-05-02T01:00:49.637+0000][161][gc,cpu      ] GC(100) User=0.01s Sys=0.01s Real=0.05s
[2022-05-02T01:00:49.638+0000][161][safepoint   ] Safepoint "G1CollectForAllocation", Time since last: 2612517876 ns, Reaching safepoint: 138000 ns, At safepoint: 47736292 ns, Total: 47874292 ns
[2022-05-02T01:01:17.685+0000][161][safepoint   ] Safepoint "Cleanup", Time since last: 28041594346 ns, Reaching safepoint: 131291 ns, At safepoint: 5584 ns, Total: 136875 ns
[2022-05-02T01:01:19.711+0000][161][safepoint   ] Safepoint "Cleanup", Time since last: 2026715001 ns, Reaching safepoint: 188750 ns, At safepoint: 8541 ns, Total: 197291 ns
[2022-05-02T01:01:33.738+0000][161][safepoint   ] Safepoint "Cleanup", Time since last: 14022863631 ns, Reaching safepoint: 158334 ns, At safepoint: 25500 ns, Total: 183834 ns
[2022-05-02T01:01:49.631+0000][161][gc,start    ] GC(101) Pause Young (Normal) (G1 Evacuation Pause)
[2022-05-02T01:01:49.632+0000][161][gc,task     ] GC(101) Using 5 workers of 5 for evacuation
[2022-05-02T01:01:49.632+0000][161][gc,age      ] GC(101) Desired survivor size 20971520 bytes, new threshold 15 (max threshold 15)
[2022-05-02T01:01:49.636+0000][161][gc,age      ] GC(101) Age table with threshold 15 (max threshold 15)
[2022-05-02T01:01:49.637+0000][161][gc,age      ] GC(101) - age   1:    1848856 bytes,    1848856 total
[2022-05-02T01:01:49.638+0000][161][gc,age      ] GC(101) - age   2:     221152 bytes,    2070008 total
[2022-05-02T01:01:49.639+0000][161][gc,age      ] GC(101) - age   3:       7984 bytes,    2077992 total
[2022-05-02T01:01:49.640+0000][161][gc,age      ] GC(101) - age   4:      55920 bytes,    2133912 total
[2022-05-02T01:01:49.641+0000][161][gc,age      ] GC(101) - age   5:     372584 bytes,    2506496 total
[2022-05-02T01:01:49.642+0000][161][gc,age      ] GC(101) - age   6:       2632 bytes,    2509128 total
[2022-05-02T01:01:49.644+0000][161][gc,age      ] GC(101) - age   7:       2632 bytes,    2511760 total
[2022-05-02T01:01:49.645+0000][161][gc,age      ] GC(101) - age   8:     105712 bytes,    2617472 total
[2022-05-02T01:01:49.646+0000][161][gc,age      ] GC(101) - age   9:       2760 bytes,    2620232 total
[2022-05-02T01:01:49.647+0000][161][gc,age      ] GC(101) - age  10:       1976 bytes,    2622208 total
[2022-05-02T01:01:49.648+0000][161][gc,age      ] GC(101) - age  11:       1992 bytes,    2624200 total
[2022-05-02T01:01:49.649+0000][161][gc,age      ] GC(101) - age  12:       1240 bytes,    2625440 total
[2022-05-02T01:01:49.649+0000][161][gc,age      ] GC(101) - age  13:      14464 bytes,    2639904 total
[2022-05-02T01:01:49.650+0000][161][gc,age      ] GC(101) - age  14:       1984 bytes,    2641888 total
[2022-05-02T01:01:49.650+0000][161][gc,age      ] GC(101) - age  15:      10864 bytes,    2652752 total
[2022-05-02T01:01:49.651+0000][161][gc,phases   ] GC(101)   Pre Evacuate Collection Set: 0.1ms
[2022-05-02T01:01:49.652+0000][161][gc,phases   ] GC(101)   Merge Heap Roots: 0.1ms
[2022-05-02T01:01:49.652+0000][161][gc,phases   ] GC(101)   Evacuate Collection Set: 1.7ms
[2022-05-02T01:01:49.653+0000][161][gc,phases   ] GC(101)   Post Evacuate Collection Set: 0.9ms
[2022-05-02T01:01:49.654+0000][161][gc,phases   ] GC(101)   Other: 17.2ms
[2022-05-02T01:01:49.655+0000][161][gc,heap     ] GC(101) Eden regions: 74->0(74)
[2022-05-02T01:01:49.656+0000][161][gc,heap     ] GC(101) Survivor regions: 1->1(10)
[2022-05-02T01:01:49.657+0000][161][gc,heap     ] GC(101) Old regions: 23->23
[2022-05-02T01:01:49.658+0000][161][gc,heap     ] GC(101) Archive regions: 2->2
[2022-05-02T01:01:49.659+0000][161][gc,heap     ] GC(101) Humongous regions: 6->6
[2022-05-02T01:01:49.660+0000][161][gc,metaspace] GC(101) Metaspace: 117972K(119872K)->117972K(119872K) NonClass: 102336K(103488K)->102336K(103488K) Class: 15636K(16384K)->15636K(16384K)
[2022-05-02T01:01:49.660+0000][161][gc          ] GC(101) Pause Young (Normal) (G1 Evacuation Pause) 415M->120M(512M) 29.650ms
[2022-05-02T01:01:49.661+0000][161][gc,cpu      ] GC(101) User=0.00s Sys=0.01s Real=0.03s
[2022-05-02T01:01:49.662+0000][161][safepoint   ] Safepoint "G1CollectForAllocation", Time since last: 15892902257 ns, Reaching safepoint: 92084 ns, At safepoint: 31371708 ns, Total: 31463792 ns
[2022-05-02T01:01:55.665+0000][161][safepoint   ] Safepoint "Cleanup", Time since last: 6010590128 ns, Reaching safepoint: 139541 ns, At safepoint: 3709 ns, Total: 143250 ns
[2022-05-02T01:02:22.706+0000][161][safepoint   ] Safepoint "Cleanup", Time since last: 27041355595 ns, Reaching safepoint: 389500 ns, At safepoint: 18459 ns, Total: 407959 ns
[2022-05-02T01:02:25.710+0000][161][safepoint   ] Safepoint "Cleanup", Time since last: 3003831543 ns, Reaching safepoint: 90083 ns, At safepoint: 2542 ns, Total: 92625 ns
[2022-05-02T01:02:28.714+0000][161][safepoint   ] Safepoint "Cleanup", Time since last: 3004077918 ns, Reaching safepoint: 128417 ns, At safepoint: 4625 ns, Total: 133042 ns
[2022-05-02T01:02:30.720+0000][161][safepoint   ] Safepoint "Cleanup", Time since last: 2005161709 ns, Reaching safepoint: 385792 ns, At safepoint: 17666 ns, Total: 403458 ns
[2022-05-02T01:02:41.751+0000][161][safepoint   ] Safepoint "Cleanup", Time since last: 11031055172 ns, Reaching safepoint: 313084 ns, At safepoint: 4375 ns, Total: 317459 ns
[2022-05-02T01:02:44.759+0000][161][safepoint   ] Safepoint "Cleanup", Time since last: 3006260084 ns, Reaching safepoint: 1017542 ns, At safepoint: 95583 ns, Total: 1113125 ns
[2022-05-02T01:02:46.664+0000][161][gc,start    ] GC(102) Pause Young (Normal) (G1 Evacuation Pause)
[2022-05-02T01:02:46.666+0000][161][gc,task     ] GC(102) Using 5 workers of 5 for evacuation
[2022-05-02T01:02:46.668+0000][161][gc,age      ] GC(102) Desired survivor size 20971520 bytes, new threshold 15 (max threshold 15)
[2022-05-02T01:02:46.673+0000][161][gc,age      ] GC(102) Age table with threshold 15 (max threshold 15)
[2022-05-02T01:02:46.674+0000][161][gc,age      ] GC(102) - age   1:    1531088 bytes,    1531088 total
[2022-05-02T01:02:46.676+0000][161][gc,age      ] GC(102) - age   2:       9584 bytes,    1540672 total
[2022-05-02T01:02:46.678+0000][161][gc,age      ] GC(102) - age   3:     218688 bytes,    1759360 total
[2022-05-02T01:02:46.679+0000][161][gc,age      ] GC(102) - age   4:       4888 bytes,    1764248 total
[2022-05-02T01:02:46.681+0000][161][gc,age      ] GC(102) - age   5:      21184 bytes,    1785432 total
[2022-05-02T01:02:46.682+0000][161][gc,age      ] GC(102) - age   6:     246176 bytes,    2031608 total
[2022-05-02T01:02:46.683+0000][161][gc,age      ] GC(102) - age   7:       1816 bytes,    2033424 total
[2022-05-02T01:02:46.684+0000][161][gc,age      ] GC(102) - age   8:       2632 bytes,    2036056 total
[2022-05-02T01:02:46.685+0000][161][gc,age      ] GC(102) - age   9:     105472 bytes,    2141528 total
[2022-05-02T01:02:46.685+0000][161][gc,age      ] GC(102) - age  10:       2760 bytes,    2144288 total
[2022-05-02T01:02:46.686+0000][161][gc,age      ] GC(102) - age  11:       1976 bytes,    2146264 total
[2022-05-02T01:02:46.687+0000][161][gc,age      ] GC(102) - age  12:       1992 bytes,    2148256 total
[2022-05-02T01:02:46.688+0000][161][gc,age      ] GC(102) - age  13:       1240 bytes,    2149496 total
[2022-05-02T01:02:46.689+0000][161][gc,age      ] GC(102) - age  14:      14464 bytes,    2163960 total
[2022-05-02T01:02:46.690+0000][161][gc,age      ] GC(102) - age  15:       1984 bytes,    2165944 total
[2022-05-02T01:02:46.691+0000][161][gc,phases   ] GC(102)   Pre Evacuate Collection Set: 0.2ms
[2022-05-02T01:02:46.692+0000][161][gc,phases   ] GC(102)   Merge Heap Roots: 0.3ms
[2022-05-02T01:02:46.692+0000][161][gc,phases   ] GC(102)   Evacuate Collection Set: 1.9ms
[2022-05-02T01:02:46.693+0000][161][gc,phases   ] GC(102)   Post Evacuate Collection Set: 1.3ms
[2022-05-02T01:02:46.694+0000][161][gc,phases   ] GC(102)   Other: 23.5ms
[2022-05-02T01:02:46.694+0000][161][gc,heap     ] GC(102) Eden regions: 74->0(74)
[2022-05-02T01:02:46.695+0000][161][gc,heap     ] GC(102) Survivor regions: 1->1(10)
[2022-05-02T01:02:46.695+0000][161][gc,heap     ] GC(102) Old regions: 23->23
[2022-05-02T01:02:46.696+0000][161][gc,heap     ] GC(102) Archive regions: 2->2
[2022-05-02T01:02:46.697+0000][161][gc,heap     ] GC(102) Humongous regions: 6->6
[2022-05-02T01:02:46.697+0000][161][gc,metaspace] GC(102) Metaspace: 117988K(119872K)->117988K(119872K) NonClass: 102351K(103488K)->102351K(103488K) Class: 15637K(16384K)->15637K(16384K)
[2022-05-02T01:02:46.698+0000][161][gc          ] GC(102) Pause Young (Normal) (G1 Evacuation Pause) 416M->119M(512M) 34.127ms
[2022-05-02T01:02:46.699+0000][161][gc,cpu      ] GC(102) User=0.01s Sys=0.01s Real=0.04s
[2022-05-02T01:02:46.699+0000][161][safepoint   ] Safepoint "G1CollectForAllocation", Time since last: 1905122293 ns, Reaching safepoint: 71750 ns, At safepoint: 35487083 ns, Total: 35558833 ns
[2022-05-02T01:02:48.031+0000][161][safepoint   ] Safepoint "Cleanup", Time since last: 1331745376 ns, Reaching safepoint: 334708 ns, At safepoint: 13875 ns, Total: 348583 ns
[2022-05-02T01:02:56.067+0000][161][safepoint   ] Safepoint "Cleanup", Time since last: 8033942878 ns, Reaching safepoint: 119917 ns, At safepoint: 4166 ns, Total: 124083 ns
[2022-05-02T01:03:47.229+0000][161][gc,start    ] GC(103) Pause Young (Normal) (G1 Evacuation Pause)
[2022-05-02T01:03:47.231+0000][161][gc,task     ] GC(103) Using 5 workers of 5 for evacuation
[2022-05-02T01:03:47.232+0000][161][gc,age      ] GC(103) Desired survivor size 20971520 bytes, new threshold 15 (max threshold 15)
[2022-05-02T01:03:47.236+0000][161][gc,age      ] GC(103) Age table with threshold 15 (max threshold 15)
[2022-05-02T01:03:47.237+0000][161][gc,age      ] GC(103) - age   1:    2132536 bytes,    2132536 total
[2022-05-02T01:03:47.238+0000][161][gc,age      ] GC(103) - age   2:     100336 bytes,    2232872 total
[2022-05-02T01:03:47.239+0000][161][gc,age      ] GC(103) - age   3:       7376 bytes,    2240248 total
[2022-05-02T01:03:47.240+0000][161][gc,age      ] GC(103) - age   4:     218056 bytes,    2458304 total
[2022-05-02T01:03:47.240+0000][161][gc,age      ] GC(103) - age   5:       4560 bytes,    2462864 total
[2022-05-02T01:03:47.243+0000][161][gc,age      ] GC(103) - age   6:      21120 bytes,    2483984 total
[2022-05-02T01:03:47.244+0000][161][gc,age      ] GC(103) - age   7:     245568 bytes,    2729552 total
[2022-05-02T01:03:47.245+0000][161][gc,age      ] GC(103) - age   8:       1624 bytes,    2731176 total
[2022-05-02T01:03:47.245+0000][161][gc,age      ] GC(103) - age   9:       2632 bytes,    2733808 total
[2022-05-02T01:03:47.246+0000][161][gc,age      ] GC(103) - age  10:     105472 bytes,    2839280 total
[2022-05-02T01:03:47.247+0000][161][gc,age      ] GC(103) - age  11:       2760 bytes,    2842040 total
[2022-05-02T01:03:47.249+0000][161][gc,age      ] GC(103) - age  12:       1976 bytes,    2844016 total
[2022-05-02T01:03:47.249+0000][161][gc,age      ] GC(103) - age  13:       1992 bytes,    2846008 total
[2022-05-02T01:03:47.250+0000][161][gc,age      ] GC(103) - age  14:       1240 bytes,    2847248 total
[2022-05-02T01:03:47.251+0000][161][gc,age      ] GC(103) - age  15:      14464 bytes,    2861712 total
[2022-05-02T01:03:47.252+0000][161][gc,phases   ] GC(103)   Pre Evacuate Collection Set: 0.1ms
[2022-05-02T01:03:47.252+0000][161][gc,phases   ] GC(103)   Merge Heap Roots: 0.1ms
[2022-05-02T01:03:47.253+0000][161][gc,phases   ] GC(103)   Evacuate Collection Set: 2.1ms
[2022-05-02T01:03:47.254+0000][161][gc,phases   ] GC(103)   Post Evacuate Collection Set: 1.0ms
[2022-05-02T01:03:47.254+0000][161][gc,phases   ] GC(103)   Other: 19.0ms
[2022-05-02T01:03:47.255+0000][161][gc,heap     ] GC(103) Eden regions: 74->0(74)
[2022-05-02T01:03:47.256+0000][161][gc,heap     ] GC(103) Survivor regions: 1->1(10)
[2022-05-02T01:03:47.257+0000][161][gc,heap     ] GC(103) Old regions: 23->23
[2022-05-02T01:03:47.257+0000][161][gc,heap     ] GC(103) Archive regions: 2->2
[2022-05-02T01:03:47.258+0000][161][gc,heap     ] GC(103) Humongous regions: 6->6
[2022-05-02T01:03:47.259+0000][161][gc,metaspace] GC(103) Metaspace: 117994K(119872K)->117994K(119872K) NonClass: 102357K(103488K)->102357K(103488K) Class: 15637K(16384K)->15637K(16384K)
[2022-05-02T01:03:47.260+0000][161][gc          ] GC(103) Pause Young (Normal) (G1 Evacuation Pause) 415M->120M(512M) 30.442ms
[2022-05-02T01:03:47.260+0000][161][gc,cpu      ] GC(103) User=0.00s Sys=0.01s Real=0.04s
[2022-05-02T01:03:47.261+0000][161][safepoint   ] Safepoint "G1CollectForAllocation", Time since last: 51159549400 ns, Reaching safepoint: 103208 ns, At safepoint: 31769583 ns, Total: 31872791 ns
[2022-05-02T01:03:48.262+0000][161][safepoint   ] Safepoint "Cleanup", Time since last: 1000858834 ns, Reaching safepoint: 85750 ns, At safepoint: 3208 ns, Total: 88958 ns
[2022-05-02T01:03:53.055+0000][161][safepoint   ] Safepoint "Cleanup", Time since last: 4795480086 ns, Reaching safepoint: 211166 ns, At safepoint: 4959 ns, Total: 216125 ns
[2022-05-02T01:04:41.149+0000][161][safepoint   ] Safepoint "Cleanup", Time since last: 48093450605 ns, Reaching safepoint: 181875 ns, At safepoint: 4500 ns, Total: 186375 ns
[2022-05-02T01:04:43.158+0000][161][safepoint   ] Safepoint "Cleanup", Time since last: 2008248293 ns, Reaching safepoint: 650083 ns, At safepoint: 12417 ns, Total: 662500 ns
[2022-05-02T01:04:44.165+0000][161][safepoint   ] Safepoint "Cleanup", Time since last: 1006980792 ns, Reaching safepoint: 256291 ns, At safepoint: 4459 ns, Total: 260750 ns
[2022-05-02T01:04:45.167+0000][161][safepoint   ] Safepoint "Cleanup", Time since last: 1001295792 ns, Reaching safepoint: 400000 ns, At safepoint: 11042 ns, Total: 411042 ns
[2022-05-02T01:04:46.788+0000][161][gc,start    ] GC(104) Pause Young (Normal) (G1 Evacuation Pause)
[2022-05-02T01:04:46.789+0000][161][gc,task     ] GC(104) Using 5 workers of 5 for evacuation
[2022-05-02T01:04:46.789+0000][161][gc,age      ] GC(104) Desired survivor size 20971520 bytes, new threshold 15 (max threshold 15)
[2022-05-02T01:04:46.793+0000][161][gc,age      ] GC(104) Age table with threshold 15 (max threshold 15)
[2022-05-02T01:04:46.793+0000][161][gc,age      ] GC(104) - age   1:    1260408 bytes,    1260408 total
[2022-05-02T01:04:46.795+0000][161][gc,age      ] GC(104) - age   2:       7424 bytes,    1267832 total
[2022-05-02T01:04:46.796+0000][161][gc,age      ] GC(104) - age   3:      16168 bytes,    1284000 total
[2022-05-02T01:04:46.797+0000][161][gc,age      ] GC(104) - age   4:       6800 bytes,    1290800 total
[2022-05-02T01:04:46.798+0000][161][gc,age      ] GC(104) - age   5:     218056 bytes,    1508856 total
[2022-05-02T01:04:46.799+0000][161][gc,age      ] GC(104) - age   6:       4448 bytes,    1513304 total
[2022-05-02T01:04:46.800+0000][161][gc,age      ] GC(104) - age   7:      20920 bytes,    1534224 total
[2022-05-02T01:04:46.800+0000][161][gc,age      ] GC(104) - age   8:      77880 bytes,    1612104 total
[2022-05-02T01:04:46.801+0000][161][gc,age      ] GC(104) - age   9:       1624 bytes,    1613728 total
[2022-05-02T01:04:46.801+0000][161][gc,age      ] GC(104) - age  10:       2632 bytes,    1616360 total
[2022-05-02T01:04:46.802+0000][161][gc,age      ] GC(104) - age  11:      30624 bytes,    1646984 total
[2022-05-02T01:04:46.802+0000][161][gc,age      ] GC(104) - age  12:       2760 bytes,    1649744 total
[2022-05-02T01:04:46.803+0000][161][gc,age      ] GC(104) - age  13:       1976 bytes,    1651720 total
[2022-05-02T01:04:46.804+0000][161][gc,age      ] GC(104) - age  14:       1992 bytes,    1653712 total
[2022-05-02T01:04:46.804+0000][161][gc,age      ] GC(104) - age  15:       1240 bytes,    1654952 total
[2022-05-02T01:04:46.805+0000][161][gc,phases   ] GC(104)   Pre Evacuate Collection Set: 0.1ms
[2022-05-02T01:04:46.805+0000][161][gc,phases   ] GC(104)   Merge Heap Roots: 0.0ms
[2022-05-02T01:04:46.806+0000][161][gc,phases   ] GC(104)   Evacuate Collection Set: 1.8ms
[2022-05-02T01:04:46.807+0000][161][gc,phases   ] GC(104)   Post Evacuate Collection Set: 0.7ms
[2022-05-02T01:04:46.807+0000][161][gc,phases   ] GC(104)   Other: 14.3ms
[2022-05-02T01:04:46.808+0000][161][gc,heap     ] GC(104) Eden regions: 74->0(74)
[2022-05-02T01:04:46.808+0000][161][gc,heap     ] GC(104) Survivor regions: 1->1(10)
[2022-05-02T01:04:46.809+0000][161][gc,heap     ] GC(104) Old regions: 23->23
[2022-05-02T01:04:46.809+0000][161][gc,heap     ] GC(104) Archive regions: 2->2
[2022-05-02T01:04:46.810+0000][161][gc,heap     ] GC(104) Humongous regions: 6->6
[2022-05-02T01:04:46.810+0000][161][gc,metaspace] GC(104) Metaspace: 118032K(119936K)->118032K(119936K) NonClass: 102391K(103552K)->102391K(103552K) Class: 15640K(16384K)->15640K(16384K)
[2022-05-02T01:04:46.811+0000][161][gc          ] GC(104) Pause Young (Normal) (G1 Evacuation Pause) 416M->119M(512M) 22.786ms
[2022-05-02T01:04:46.812+0000][161][gc,cpu      ] GC(104) User=0.01s Sys=0.00s Real=0.02s
[2022-05-02T01:04:46.812+0000][161][safepoint   ] Safepoint "G1CollectForAllocation", Time since last: 1621330625 ns, Reaching safepoint: 104625 ns, At safepoint: 23991042 ns, Total: 24095667 ns
[2022-05-02T01:04:47.818+0000][161][safepoint   ] Safepoint "Cleanup", Time since last: 1005420417 ns, Reaching safepoint: 385583 ns, At safepoint: 11417 ns, Total: 397000 ns
[2022-05-02T01:05:02.845+0000][161][safepoint   ] Safepoint "Cleanup", Time since last: 15023816382 ns, Reaching safepoint: 553958 ns, At safepoint: 20459 ns, Total: 574417 ns
[2022-05-02T01:05:09.859+0000][161][safepoint   ] Safepoint "Cleanup", Time since last: 7014431211 ns, Reaching safepoint: 323792 ns, At safepoint: 18333 ns, Total: 342125 ns
[2022-05-02T01:05:20.871+0000][161][safepoint   ] Safepoint "Cleanup", Time since last: 11011935589 ns, Reaching safepoint: 86417 ns, At safepoint: 5208 ns, Total: 91625 ns
[2022-05-02T01:05:24.875+0000][161][safepoint   ] Safepoint "Cleanup", Time since last: 4002638043 ns, Reaching safepoint: 2898584 ns, At safepoint: 126458 ns, Total: 3025042 ns
[2022-05-02T01:05:46.969+0000][161][gc,start    ] GC(105) Pause Young (Normal) (G1 Evacuation Pause)
[2022-05-02T01:05:46.970+0000][161][gc,task     ] GC(105) Using 5 workers of 5 for evacuation
[2022-05-02T01:05:46.971+0000][161][gc,age      ] GC(105) Desired survivor size 20971520 bytes, new threshold 15 (max threshold 15)
[2022-05-02T01:05:46.976+0000][161][gc,age      ] GC(105) Age table with threshold 15 (max threshold 15)
[2022-05-02T01:05:46.977+0000][161][gc,age      ] GC(105) - age   1:    2081904 bytes,    2081904 total
[2022-05-02T01:05:46.977+0000][161][gc,age      ] GC(105) - age   2:     163032 bytes,    2244936 total
[2022-05-02T01:05:46.978+0000][161][gc,age      ] GC(105) - age   3:       3648 bytes,    2248584 total
[2022-05-02T01:05:46.979+0000][161][gc,age      ] GC(105) - age   4:      14992 bytes,    2263576 total
[2022-05-02T01:05:46.979+0000][161][gc,age      ] GC(105) - age   5:       6800 bytes,    2270376 total
[2022-05-02T01:05:46.980+0000][161][gc,age      ] GC(105) - age   6:     217864 bytes,    2488240 total
[2022-05-02T01:05:46.981+0000][161][gc,age      ] GC(105) - age   7:       4136 bytes,    2492376 total
[2022-05-02T01:05:46.982+0000][161][gc,age      ] GC(105) - age   8:      20856 bytes,    2513232 total
[2022-05-02T01:05:46.982+0000][161][gc,age      ] GC(105) - age   9:      77784 bytes,    2591016 total
[2022-05-02T01:05:46.983+0000][161][gc,age      ] GC(105) - age  10:       1624 bytes,    2592640 total
[2022-05-02T01:05:46.983+0000][161][gc,age      ] GC(105) - age  11:       2632 bytes,    2595272 total
[2022-05-02T01:05:46.984+0000][161][gc,age      ] GC(105) - age  12:      30624 bytes,    2625896 total
[2022-05-02T01:05:46.984+0000][161][gc,age      ] GC(105) - age  13:       2760 bytes,    2628656 total
[2022-05-02T01:05:46.985+0000][161][gc,age      ] GC(105) - age  14:       1976 bytes,    2630632 total
[2022-05-02T01:05:46.986+0000][161][gc,age      ] GC(105) - age  15:       1992 bytes,    2632624 total
[2022-05-02T01:05:46.986+0000][161][gc,phases   ] GC(105)   Pre Evacuate Collection Set: 0.1ms
[2022-05-02T01:05:46.987+0000][161][gc,phases   ] GC(105)   Merge Heap Roots: 0.0ms
[2022-05-02T01:05:46.988+0000][161][gc,phases   ] GC(105)   Evacuate Collection Set: 2.3ms
[2022-05-02T01:05:46.989+0000][161][gc,phases   ] GC(105)   Post Evacuate Collection Set: 0.8ms
[2022-05-02T01:05:46.990+0000][161][gc,phases   ] GC(105)   Other: 14.5ms
[2022-05-02T01:05:46.990+0000][161][gc,heap     ] GC(105) Eden regions: 74->0(74)
[2022-05-02T01:05:46.991+0000][161][gc,heap     ] GC(105) Survivor regions: 1->1(10)
[2022-05-02T01:05:46.992+0000][161][gc,heap     ] GC(105) Old regions: 23->23
[2022-05-02T01:05:46.993+0000][161][gc,heap     ] GC(105) Archive regions: 2->2
[2022-05-02T01:05:46.994+0000][161][gc,heap     ] GC(105) Humongous regions: 6->6
[2022-05-02T01:05:46.994+0000][161][gc,metaspace] GC(105) Metaspace: 118035K(119936K)->118035K(119936K) NonClass: 102395K(103552K)->102395K(103552K) Class: 15640K(16384K)->15640K(16384K)
[2022-05-02T01:05:46.995+0000][161][gc          ] GC(105) Pause Young (Normal) (G1 Evacuation Pause) 415M->120M(512M) 26.007ms
[2022-05-02T01:05:46.995+0000][161][gc,cpu      ] GC(105) User=0.01s Sys=0.01s Real=0.02s
[2022-05-02T01:05:46.996+0000][161][safepoint   ] Safepoint "G1CollectForAllocation", Time since last: 22093665302 ns, Reaching safepoint: 45292 ns, At safepoint: 27326500 ns, Total: 27371792 ns
[2022-05-02T01:05:47.997+0000][161][safepoint   ] Safepoint "Cleanup", Time since last: 1000892500 ns, Reaching safepoint: 205709 ns, At safepoint: 3833 ns, Total: 209542 ns
[2022-05-02T01:05:50.706+0000][161][safepoint   ] Safepoint "Cleanup", Time since last: 2707906918 ns, Reaching safepoint: 665791 ns, At safepoint: 18209 ns, Total: 684000 ns
[2022-05-02T01:06:17.745+0000][161][safepoint   ] Safepoint "Cleanup", Time since last: 27041092428 ns, Reaching safepoint: 58375 ns, At safepoint: 1875 ns, Total: 60250 ns
[2022-05-02T01:06:23.756+0000][161][safepoint   ] Safepoint "Cleanup", Time since last: 6008279711 ns, Reaching safepoint: 781958 ns, At safepoint: 20333 ns, Total: 802291 ns
[2022-05-02T01:06:25.773+0000][161][safepoint   ] Safepoint "Cleanup", Time since last: 2015282876 ns, Reaching safepoint: 2523209 ns, At safepoint: 24208 ns, Total: 2547417 ns
[2022-05-02T01:06:33.782+0000][161][safepoint   ] Safepoint "Cleanup", Time since last: 8008133545 ns, Reaching safepoint: 364375 ns, At safepoint: 39167 ns, Total: 403542 ns
[2022-05-02T01:06:34.785+0000][161][safepoint   ] Safepoint "Cleanup", Time since last: 1002991876 ns, Reaching safepoint: 353291 ns, At safepoint: 5334 ns, Total: 358625 ns
[2022-05-02T01:06:35.787+0000][161][safepoint   ] Safepoint "Cleanup", Time since last: 1001998250 ns, Reaching safepoint: 196042 ns, At safepoint: 9083 ns, Total: 205125 ns
[2022-05-02T01:06:39.802+0000][161][safepoint   ] Safepoint "Cleanup", Time since last: 4013911960 ns, Reaching safepoint: 235959 ns, At safepoint: 7625 ns, Total: 243584 ns
[2022-05-02T01:06:40.805+0000][161][safepoint   ] Safepoint "Cleanup", Time since last: 1003074458 ns, Reaching safepoint: 177459 ns, At safepoint: 4416 ns, Total: 181875 ns
[2022-05-02T01:06:41.806+0000][161][safepoint   ] Safepoint "Cleanup", Time since last: 1000976709 ns, Reaching safepoint: 125250 ns, At safepoint: 10709 ns, Total: 135959 ns
[2022-05-02T01:06:45.221+0000][161][gc,start    ] GC(106) Pause Young (Normal) (G1 Evacuation Pause)
[2022-05-02T01:06:45.222+0000][161][gc,task     ] GC(106) Using 5 workers of 5 for evacuation
[2022-05-02T01:06:45.223+0000][161][gc,age      ] GC(106) Desired survivor size 20971520 bytes, new threshold 15 (max threshold 15)
[2022-05-02T01:06:45.226+0000][161][gc,age      ] GC(106) Age table with threshold 15 (max threshold 15)
[2022-05-02T01:06:45.226+0000][161][gc,age      ] GC(106) - age   1:    1051600 bytes,    1051600 total
[2022-05-02T01:06:45.227+0000][161][gc,age      ] GC(106) - age   2:      51128 bytes,    1102728 total
[2022-05-02T01:06:45.228+0000][161][gc,age      ] GC(106) - age   3:     160832 bytes,    1263560 total
[2022-05-02T01:06:45.229+0000][161][gc,age      ] GC(106) - age   4:       3520 bytes,    1267080 total
[2022-05-02T01:06:45.229+0000][161][gc,age      ] GC(106) - age   5:      14800 bytes,    1281880 total
[2022-05-02T01:06:45.230+0000][161][gc,age      ] GC(106) - age   6:       6736 bytes,    1288616 total
[2022-05-02T01:06:45.231+0000][161][gc,age      ] GC(106) - age   7:     217864 bytes,    1506480 total
[2022-05-02T01:06:45.231+0000][161][gc,age      ] GC(106) - age   8:       4136 bytes,    1510616 total
[2022-05-02T01:06:45.232+0000][161][gc,age      ] GC(106) - age   9:      20856 bytes,    1531472 total
[2022-05-02T01:06:45.233+0000][161][gc,age      ] GC(106) - age  10:      77784 bytes,    1609256 total
[2022-05-02T01:06:45.233+0000][161][gc,age      ] GC(106) - age  11:       1624 bytes,    1610880 total
[2022-05-02T01:06:45.234+0000][161][gc,age      ] GC(106) - age  12:       2632 bytes,    1613512 total
[2022-05-02T01:06:45.235+0000][161][gc,age      ] GC(106) - age  13:      30624 bytes,    1644136 total
[2022-05-02T01:06:45.235+0000][161][gc,age      ] GC(106) - age  14:       2760 bytes,    1646896 total
[2022-05-02T01:06:45.236+0000][161][gc,age      ] GC(106) - age  15:       1976 bytes,    1648872 total
[2022-05-02T01:06:45.237+0000][161][gc,phases   ] GC(106)   Pre Evacuate Collection Set: 0.1ms
[2022-05-02T01:06:45.238+0000][161][gc,phases   ] GC(106)   Merge Heap Roots: 0.1ms
[2022-05-02T01:06:45.238+0000][161][gc,phases   ] GC(106)   Evacuate Collection Set: 1.0ms
[2022-05-02T01:06:45.239+0000][161][gc,phases   ] GC(106)   Post Evacuate Collection Set: 0.8ms
[2022-05-02T01:06:45.239+0000][161][gc,phases   ] GC(106)   Other: 13.5ms
[2022-05-02T01:06:45.240+0000][161][gc,heap     ] GC(106) Eden regions: 74->0(74)
[2022-05-02T01:06:45.240+0000][161][gc,heap     ] GC(106) Survivor regions: 1->1(10)
[2022-05-02T01:06:45.241+0000][161][gc,heap     ] GC(106) Old regions: 23->23
[2022-05-02T01:06:45.241+0000][161][gc,heap     ] GC(106) Archive regions: 2->2
[2022-05-02T01:06:45.242+0000][161][gc,heap     ] GC(106) Humongous regions: 6->6
[2022-05-02T01:06:45.243+0000][161][gc,metaspace] GC(106) Metaspace: 118039K(119936K)->118039K(119936K) NonClass: 102399K(103552K)->102399K(103552K) Class: 15640K(16384K)->15640K(16384K)
[2022-05-02T01:06:45.243+0000][161][gc          ] GC(106) Pause Young (Normal) (G1 Evacuation Pause) 416M->119M(512M) 22.166ms
[2022-05-02T01:06:45.244+0000][161][gc,cpu      ] GC(106) User=0.01s Sys=0.01s Real=0.02s
[2022-05-02T01:06:45.245+0000][161][safepoint   ] Safepoint "G1CollectForAllocation", Time since last: 3415058293 ns, Reaching safepoint: 136208 ns, At safepoint: 24018292 ns, Total: 24154500 ns
[2022-05-02T01:07:26.311+0000][161][safepoint   ] Safepoint "Cleanup", Time since last: 41064263186 ns, Reaching safepoint: 354916 ns, At safepoint: 12584 ns, Total: 367500 ns
[2022-05-02T01:07:46.799+0000][161][gc,start    ] GC(107) Pause Young (Normal) (G1 Evacuation Pause)
[2022-05-02T01:07:46.800+0000][161][gc,task     ] GC(107) Using 5 workers of 5 for evacuation
[2022-05-02T01:07:46.801+0000][161][gc,age      ] GC(107) Desired survivor size 20971520 bytes, new threshold 15 (max threshold 15)
[2022-05-02T01:07:46.806+0000][161][gc,age      ] GC(107) Age table with threshold 15 (max threshold 15)
[2022-05-02T01:07:46.807+0000][161][gc,age      ] GC(107) - age   1:     719456 bytes,     719456 total
[2022-05-02T01:07:46.808+0000][161][gc,age      ] GC(107) - age   2:      69744 bytes,     789200 total
[2022-05-02T01:07:46.810+0000][161][gc,age      ] GC(107) - age   3:      48736 bytes,     837936 total
[2022-05-02T01:07:46.811+0000][161][gc,age      ] GC(107) - age   4:     160392 bytes,     998328 total
[2022-05-02T01:07:46.812+0000][161][gc,age      ] GC(107) - age   5:       3520 bytes,    1001848 total
[2022-05-02T01:07:46.813+0000][161][gc,age      ] GC(107) - age   6:       6904 bytes,    1008752 total
[2022-05-02T01:07:46.814+0000][161][gc,age      ] GC(107) - age   7:       6736 bytes,    1015488 total
[2022-05-02T01:07:46.816+0000][161][gc,age      ] GC(107) - age   8:     191080 bytes,    1206568 total
[2022-05-02T01:07:46.816+0000][161][gc,age      ] GC(107) - age   9:       4136 bytes,    1210704 total
[2022-05-02T01:07:46.818+0000][161][gc,age      ] GC(107) - age  10:      20856 bytes,    1231560 total
[2022-05-02T01:07:46.818+0000][161][gc,age      ] GC(107) - age  11:      77784 bytes,    1309344 total
[2022-05-02T01:07:46.819+0000][161][gc,age      ] GC(107) - age  12:       1624 bytes,    1310968 total
[2022-05-02T01:07:46.820+0000][161][gc,age      ] GC(107) - age  13:       2632 bytes,    1313600 total
[2022-05-02T01:07:46.821+0000][161][gc,age      ] GC(107) - age  14:      30624 bytes,    1344224 total
[2022-05-02T01:07:46.821+0000][161][gc,age      ] GC(107) - age  15:       2760 bytes,    1346984 total
[2022-05-02T01:07:46.822+0000][161][gc,phases   ] GC(107)   Pre Evacuate Collection Set: 0.1ms
[2022-05-02T01:07:46.823+0000][161][gc,phases   ] GC(107)   Merge Heap Roots: 0.1ms
[2022-05-02T01:07:46.823+0000][161][gc,phases   ] GC(107)   Evacuate Collection Set: 1.4ms
[2022-05-02T01:07:46.824+0000][161][gc,phases   ] GC(107)   Post Evacuate Collection Set: 1.5ms
[2022-05-02T01:07:46.825+0000][161][gc,phases   ] GC(107)   Other: 20.1ms
[2022-05-02T01:07:46.825+0000][161][gc,heap     ] GC(107) Eden regions: 74->0(74)
[2022-05-02T01:07:46.826+0000][161][gc,heap     ] GC(107) Survivor regions: 1->1(10)
[2022-05-02T01:07:46.826+0000][161][gc,heap     ] GC(107) Old regions: 23->23
[2022-05-02T01:07:46.827+0000][161][gc,heap     ] GC(107) Archive regions: 2->2
[2022-05-02T01:07:46.828+0000][161][gc,heap     ] GC(107) Humongous regions: 6->6
[2022-05-02T01:07:46.828+0000][161][gc,metaspace] GC(107) Metaspace: 118040K(119936K)->118040K(119936K) NonClass: 102399K(103552K)->102399K(103552K) Class: 15640K(16384K)->15640K(16384K)
[2022-05-02T01:07:46.829+0000][161][gc          ] GC(107) Pause Young (Normal) (G1 Evacuation Pause) 415M->118M(512M) 29.674ms
[2022-05-02T01:07:46.829+0000][161][gc,cpu      ] GC(107) User=0.01s Sys=0.01s Real=0.03s
[2022-05-02T01:07:46.830+0000][161][safepoint   ] Safepoint "G1CollectForAllocation", Time since last: 20487736468 ns, Reaching safepoint: 134458 ns, At safepoint: 31392083 ns, Total: 31526541 ns
[2022-05-02T01:08:19.867+0000][161][safepoint   ] Safepoint "Cleanup", Time since last: 33042475016 ns, Reaching safepoint: 207750 ns, At safepoint: 3208 ns, Total: 210958 ns
[2022-05-02T01:08:26.882+0000][161][safepoint   ] Safepoint "Cleanup", Time since last: 7009806669 ns, Reaching safepoint: 85083 ns, At safepoint: 2959 ns, Total: 88042 ns
[2022-05-02T01:08:38.903+0000][161][safepoint   ] Safepoint "Cleanup", Time since last: 12020218380 ns, Reaching safepoint: 515584 ns, At safepoint: 20000 ns, Total: 535584 ns
[2022-05-02T01:08:48.516+0000][161][gc,start    ] GC(108) Pause Young (Normal) (G1 Evacuation Pause)
[2022-05-02T01:08:48.516+0000][161][gc,task     ] GC(108) Using 5 workers of 5 for evacuation
[2022-05-02T01:08:48.517+0000][161][gc,age      ] GC(108) Desired survivor size 20971520 bytes, new threshold 15 (max threshold 15)
[2022-05-02T01:08:48.520+0000][161][gc,age      ] GC(108) Age table with threshold 15 (max threshold 15)
[2022-05-02T01:08:48.521+0000][161][gc,age      ] GC(108) - age   1:    1280608 bytes,    1280608 total
[2022-05-02T01:08:48.522+0000][161][gc,age      ] GC(108) - age   2:     112576 bytes,    1393184 total
[2022-05-02T01:08:48.523+0000][161][gc,age      ] GC(108) - age   3:      67896 bytes,    1461080 total
[2022-05-02T01:08:48.523+0000][161][gc,age      ] GC(108) - age   4:      48432 bytes,    1509512 total
[2022-05-02T01:08:48.524+0000][161][gc,age      ] GC(108) - age   5:     160328 bytes,    1669840 total
[2022-05-02T01:08:48.525+0000][161][gc,age      ] GC(108) - age   6:       3456 bytes,    1673296 total
[2022-05-02T01:08:48.526+0000][161][gc,age      ] GC(108) - age   7:       6904 bytes,    1680200 total
[2022-05-02T01:08:48.526+0000][161][gc,age      ] GC(108) - age   8:       3344 bytes,    1683544 total
[2022-05-02T01:08:48.527+0000][161][gc,age      ] GC(108) - age   9:     191080 bytes,    1874624 total
[2022-05-02T01:08:48.527+0000][161][gc,age      ] GC(108) - age  10:       4136 bytes,    1878760 total
[2022-05-02T01:08:48.528+0000][161][gc,age      ] GC(108) - age  11:      18752 bytes,    1897512 total
[2022-05-02T01:08:48.529+0000][161][gc,age      ] GC(108) - age  12:      53496 bytes,    1951008 total
[2022-05-02T01:08:48.529+0000][161][gc,age      ] GC(108) - age  13:       1624 bytes,    1952632 total
[2022-05-02T01:08:48.530+0000][161][gc,age      ] GC(108) - age  14:       2632 bytes,    1955264 total
[2022-05-02T01:08:48.530+0000][161][gc,age      ] GC(108) - age  15:      30424 bytes,    1985688 total
[2022-05-02T01:08:48.531+0000][161][gc,phases   ] GC(108)   Pre Evacuate Collection Set: 0.2ms
[2022-05-02T01:08:48.532+0000][161][gc,phases   ] GC(108)   Merge Heap Roots: 0.1ms
[2022-05-02T01:08:48.532+0000][161][gc,phases   ] GC(108)   Evacuate Collection Set: 1.7ms
[2022-05-02T01:08:48.533+0000][161][gc,phases   ] GC(108)   Post Evacuate Collection Set: 1.0ms
[2022-05-02T01:08:48.534+0000][161][gc,phases   ] GC(108)   Other: 12.3ms
[2022-05-02T01:08:48.534+0000][161][gc,heap     ] GC(108) Eden regions: 74->0(74)
[2022-05-02T01:08:48.535+0000][161][gc,heap     ] GC(108) Survivor regions: 1->1(10)
[2022-05-02T01:08:48.535+0000][161][gc,heap     ] GC(108) Old regions: 23->23
[2022-05-02T01:08:48.536+0000][161][gc,heap     ] GC(108) Archive regions: 2->2
[2022-05-02T01:08:48.536+0000][161][gc,heap     ] GC(108) Humongous regions: 6->6
[2022-05-02T01:08:48.537+0000][161][gc,metaspace] GC(108) Metaspace: 118044K(119936K)->118044K(119936K) NonClass: 102404K(103552K)->102404K(103552K) Class: 15640K(16384K)->15640K(16384K)
[2022-05-02T01:08:48.537+0000][161][gc          ] GC(108) Pause Young (Normal) (G1 Evacuation Pause) 414M->119M(512M) 21.367ms
[2022-05-02T01:08:48.538+0000][161][gc,cpu      ] GC(108) User=0.00s Sys=0.00s Real=0.03s
[2022-05-02T01:08:48.538+0000][161][safepoint   ] Safepoint "G1CollectForAllocation", Time since last: 9612827879 ns, Reaching safepoint: 107042 ns, At safepoint: 22315417 ns, Total: 22422459 ns
[2022-05-02T01:09:14.596+0000][161][safepoint   ] Safepoint "Cleanup", Time since last: 26056373970 ns, Reaching safepoint: 274167 ns, At safepoint: 13666 ns, Total: 287833 ns
[2022-05-02T01:09:23.616+0000][161][safepoint   ] Safepoint "Cleanup", Time since last: 9020348671 ns, Reaching safepoint: 874875 ns, At safepoint: 42625 ns, Total: 917500 ns
[2022-05-02T01:09:26.625+0000][161][safepoint   ] Safepoint "Cleanup", Time since last: 3007970751 ns, Reaching safepoint: 783584 ns, At safepoint: 18541 ns, Total: 802125 ns
[2022-05-02T01:09:28.635+0000][161][safepoint   ] Safepoint "Cleanup", Time since last: 2010181918 ns, Reaching safepoint: 327417 ns, At safepoint: 18333 ns, Total: 345750 ns
[2022-05-02T01:09:36.664+0000][161][safepoint   ] Safepoint "Cleanup", Time since last: 8028726670 ns, Reaching safepoint: 75500 ns, At safepoint: 7917 ns, Total: 83417 ns
[2022-05-02T01:09:41.678+0000][161][safepoint   ] Safepoint "Cleanup", Time since last: 5014127252 ns, Reaching safepoint: 129750 ns, At safepoint: 11875 ns, Total: 141625 ns
[2022-05-02T01:09:43.684+0000][161][safepoint   ] Safepoint "Cleanup", Time since last: 2004916376 ns, Reaching safepoint: 295250 ns, At safepoint: 6917 ns, Total: 302167 ns
[2022-05-02T01:09:46.909+0000][161][gc,start    ] GC(109) Pause Young (Normal) (G1 Evacuation Pause)
[2022-05-02T01:09:46.910+0000][161][gc,task     ] GC(109) Using 5 workers of 5 for evacuation
[2022-05-02T01:09:46.910+0000][161][gc,age      ] GC(109) Desired survivor size 20971520 bytes, new threshold 15 (max threshold 15)
[2022-05-02T01:09:46.914+0000][161][gc,age      ] GC(109) Age table with threshold 15 (max threshold 15)
[2022-05-02T01:09:46.915+0000][161][gc,age      ] GC(109) - age   1:    1416816 bytes,    1416816 total
[2022-05-02T01:09:46.916+0000][161][gc,age      ] GC(109) - age   2:       7416 bytes,    1424232 total
[2022-05-02T01:09:46.916+0000][161][gc,age      ] GC(109) - age   3:       2240 bytes,    1426472 total
[2022-05-02T01:09:46.917+0000][161][gc,age      ] GC(109) - age   4:      67520 bytes,    1493992 total
[2022-05-02T01:09:46.917+0000][161][gc,age      ] GC(109) - age   5:       2104 bytes,    1496096 total
[2022-05-02T01:09:46.918+0000][161][gc,age      ] GC(109) - age   6:     111040 bytes,    1607136 total
[2022-05-02T01:09:46.918+0000][161][gc,age      ] GC(109) - age   7:       3456 bytes,    1610592 total
[2022-05-02T01:09:46.919+0000][161][gc,age      ] GC(109) - age   8:       6904 bytes,    1617496 total
[2022-05-02T01:09:46.919+0000][161][gc,age      ] GC(109) - age   9:       3344 bytes,    1620840 total
[2022-05-02T01:09:46.920+0000][161][gc,age      ] GC(109) - age  10:      33712 bytes,    1654552 total
[2022-05-02T01:09:46.921+0000][161][gc,age      ] GC(109) - age  11:       4136 bytes,    1658688 total
[2022-05-02T01:09:46.922+0000][161][gc,age      ] GC(109) - age  12:      18752 bytes,    1677440 total
[2022-05-02T01:09:46.922+0000][161][gc,age      ] GC(109) - age  13:      29088 bytes,    1706528 total
[2022-05-02T01:09:46.923+0000][161][gc,age      ] GC(109) - age  14:       1624 bytes,    1708152 total
[2022-05-02T01:09:46.924+0000][161][gc,age      ] GC(109) - age  15:       2632 bytes,    1710784 total
[2022-05-02T01:09:46.925+0000][161][gc,phases   ] GC(109)   Pre Evacuate Collection Set: 0.1ms
[2022-05-02T01:09:46.925+0000][161][gc,phases   ] GC(109)   Merge Heap Roots: 0.2ms
[2022-05-02T01:09:46.926+0000][161][gc,phases   ] GC(109)   Evacuate Collection Set: 1.2ms
[2022-05-02T01:09:46.926+0000][161][gc,phases   ] GC(109)   Post Evacuate Collection Set: 1.1ms
[2022-05-02T01:09:46.929+0000][161][gc,phases   ] GC(109)   Other: 13.0ms
[2022-05-02T01:09:46.929+0000][161][gc,heap     ] GC(109) Eden regions: 74->0(74)
[2022-05-02T01:09:46.930+0000][161][gc,heap     ] GC(109) Survivor regions: 1->1(10)
[2022-05-02T01:09:46.931+0000][161][gc,heap     ] GC(109) Old regions: 23->23
[2022-05-02T01:09:46.931+0000][161][gc,heap     ] GC(109) Archive regions: 2->2
[2022-05-02T01:09:46.932+0000][161][gc,heap     ] GC(109) Humongous regions: 6->6
[2022-05-02T01:09:46.933+0000][161][gc,metaspace] GC(109) Metaspace: 118053K(119936K)->118053K(119936K) NonClass: 102412K(103552K)->102412K(103552K) Class: 15640K(16384K)->15640K(16384K)
[2022-05-02T01:09:46.933+0000][161][gc          ] GC(109) Pause Young (Normal) (G1 Evacuation Pause) 415M->119M(512M) 24.139ms
[2022-05-02T01:09:46.934+0000][161][gc,cpu      ] GC(109) User=0.01s Sys=0.00s Real=0.02s
[2022-05-02T01:09:46.935+0000][161][safepoint   ] Safepoint "G1CollectForAllocation", Time since last: 3225352043 ns, Reaching safepoint: 153500 ns, At safepoint: 26124042 ns, Total: 26277542 ns
[2022-05-02T01:09:47.938+0000][161][safepoint   ] Safepoint "Cleanup", Time since last: 1001670792 ns, Reaching safepoint: 821958 ns, At safepoint: 39292 ns, Total: 861250 ns
[2022-05-02T01:09:56.954+0000][161][safepoint   ] Safepoint "Cleanup", Time since last: 9016615004 ns, Reaching safepoint: 177708 ns, At safepoint: 11583 ns, Total: 189291 ns
[2022-05-02T01:10:07.972+0000][161][safepoint   ] Safepoint "Cleanup", Time since last: 11017434047 ns, Reaching safepoint: 117500 ns, At safepoint: 4000 ns, Total: 121500 ns
[2022-05-02T01:10:12.983+0000][161][safepoint   ] Safepoint "Cleanup", Time since last: 5010190003 ns, Reaching safepoint: 275291 ns, At safepoint: 25375 ns, Total: 300666 ns
[2022-05-02T01:10:13.984+0000][161][safepoint   ] Safepoint "Cleanup", Time since last: 1001597334 ns, Reaching safepoint: 107167 ns, At safepoint: 8417 ns, Total: 115584 ns
[2022-05-02T01:10:19.996+0000][161][safepoint   ] Safepoint "Cleanup", Time since last: 6011314336 ns, Reaching safepoint: 274083 ns, At safepoint: 10375 ns, Total: 284458 ns
[2022-05-02T01:10:20.998+0000][161][safepoint   ] Safepoint "Cleanup", Time since last: 1001773376 ns, Reaching safepoint: 306958 ns, At safepoint: 13625 ns, Total: 320583 ns
[2022-05-02T01:10:34.024+0000][161][safepoint   ] Safepoint "Cleanup", Time since last: 13026936547 ns, Reaching safepoint: 501500 ns, At safepoint: 29959 ns, Total: 531459 ns
[2022-05-02T01:10:44.944+0000][161][gc,start    ] GC(110) Pause Young (Normal) (G1 Evacuation Pause)
[2022-05-02T01:10:44.945+0000][161][gc,task     ] GC(110) Using 5 workers of 5 for evacuation
[2022-05-02T01:10:44.946+0000][161][gc,age      ] GC(110) Desired survivor size 20971520 bytes, new threshold 15 (max threshold 15)
[2022-05-02T01:10:44.949+0000][161][gc,age      ] GC(110) Age table with threshold 15 (max threshold 15)
[2022-05-02T01:10:44.949+0000][161][gc,age      ] GC(110) - age   1:    1840120 bytes,    1840120 total
[2022-05-02T01:10:44.950+0000][161][gc,age      ] GC(110) - age   2:      54872 bytes,    1894992 total
[2022-05-02T01:10:44.951+0000][161][gc,age      ] GC(110) - age   3:       5288 bytes,    1900280 total
[2022-05-02T01:10:44.952+0000][161][gc,age      ] GC(110) - age   4:       1576 bytes,    1901856 total
[2022-05-02T01:10:44.952+0000][161][gc,age      ] GC(110) - age   5:      67392 bytes,    1969248 total
[2022-05-02T01:10:44.953+0000][161][gc,age      ] GC(110) - age   6:       1912 bytes,    1971160 total
[2022-05-02T01:10:44.954+0000][161][gc,age      ] GC(110) - age   7:     111008 bytes,    2082168 total
[2022-05-02T01:10:44.954+0000][161][gc,age      ] GC(110) - age   8:       3456 bytes,    2085624 total
[2022-05-02T01:10:44.955+0000][161][gc,age      ] GC(110) - age   9:       6904 bytes,    2092528 total
[2022-05-02T01:10:44.956+0000][161][gc,age      ] GC(110) - age  10:       3344 bytes,    2095872 total
[2022-05-02T01:10:44.956+0000][161][gc,age      ] GC(110) - age  11:      33712 bytes,    2129584 total
[2022-05-02T01:10:44.957+0000][161][gc,age      ] GC(110) - age  12:       4136 bytes,    2133720 total
[2022-05-02T01:10:44.957+0000][161][gc,age      ] GC(110) - age  13:      18752 bytes,    2152472 total
[2022-05-02T01:10:44.958+0000][161][gc,age      ] GC(110) - age  14:      29088 bytes,    2181560 total
[2022-05-02T01:10:44.959+0000][161][gc,age      ] GC(110) - age  15:       1624 bytes,    2183184 total
[2022-05-02T01:10:44.960+0000][161][gc,phases   ] GC(110)   Pre Evacuate Collection Set: 0.1ms
[2022-05-02T01:10:44.960+0000][161][gc,phases   ] GC(110)   Merge Heap Roots: 0.1ms
[2022-05-02T01:10:44.961+0000][161][gc,phases   ] GC(110)   Evacuate Collection Set: 1.0ms
[2022-05-02T01:10:44.961+0000][161][gc,phases   ] GC(110)   Post Evacuate Collection Set: 0.7ms
[2022-05-02T01:10:44.962+0000][161][gc,phases   ] GC(110)   Other: 13.4ms
[2022-05-02T01:10:44.962+0000][161][gc,heap     ] GC(110) Eden regions: 74->0(74)
[2022-05-02T01:10:44.963+0000][161][gc,heap     ] GC(110) Survivor regions: 1->1(10)
[2022-05-02T01:10:44.964+0000][161][gc,heap     ] GC(110) Old regions: 23->23
[2022-05-02T01:10:44.964+0000][161][gc,heap     ] GC(110) Archive regions: 2->2
[2022-05-02T01:10:44.965+0000][161][gc,heap     ] GC(110) Humongous regions: 6->6
[2022-05-02T01:10:44.966+0000][161][gc,metaspace] GC(110) Metaspace: 118054K(119936K)->118054K(119936K) NonClass: 102413K(103552K)->102413K(103552K) Class: 15640K(16384K)->15640K(16384K)
[2022-05-02T01:10:44.966+0000][161][gc          ] GC(110) Pause Young (Normal) (G1 Evacuation Pause) 415M->119M(512M) 22.113ms
[2022-05-02T01:10:44.967+0000][161][gc,cpu      ] GC(110) User=0.01s Sys=0.01s Real=0.03s
[2022-05-02T01:10:44.969+0000][161][safepoint   ] Safepoint "G1CollectForAllocation", Time since last: 10920428630 ns, Reaching safepoint: 164792 ns, At safepoint: 24349125 ns, Total: 24513917 ns
[2022-05-02T01:10:45.970+0000][161][safepoint   ] Safepoint "Cleanup", Time since last: 1000792334 ns, Reaching safepoint: 322541 ns, At safepoint: 11625 ns, Total: 334166 ns
[2022-05-02T01:10:47.973+0000][161][safepoint   ] Safepoint "Cleanup", Time since last: 2002775084 ns, Reaching safepoint: 441875 ns, At safepoint: 10709 ns, Total: 452584 ns
[2022-05-02T01:11:08.019+0000][161][safepoint   ] Safepoint "Cleanup", Time since last: 20041854967 ns, Reaching safepoint: 142041 ns, At safepoint: 11417 ns, Total: 153458 ns
[2022-05-02T01:11:10.023+0000][161][safepoint   ] Safepoint "Cleanup", Time since last: 2002903209 ns, Reaching safepoint: 921250 ns, At safepoint: 20042 ns, Total: 941292 ns
[2022-05-02T01:11:18.036+0000][161][safepoint   ] Safepoint "Cleanup", Time since last: 8012607920 ns, Reaching safepoint: 280917 ns, At safepoint: 7583 ns, Total: 288500 ns
[2022-05-02T01:11:19.047+0000][161][safepoint   ] Safepoint "Cleanup", Time since last: 1010273376 ns, Reaching safepoint: 625250 ns, At safepoint: 11083 ns, Total: 636333 ns
[2022-05-02T01:11:21.053+0000][161][safepoint   ] Safepoint "Cleanup", Time since last: 2006200876 ns, Reaching safepoint: 102250 ns, At safepoint: 2167 ns, Total: 104417 ns
[2022-05-02T01:11:29.061+0000][161][safepoint   ] Safepoint "Cleanup", Time since last: 8010471337 ns, Reaching safepoint: 251166 ns, At safepoint: 4459 ns, Total: 255625 ns
[2022-05-02T01:11:36.083+0000][161][safepoint   ] Safepoint "Cleanup", Time since last: 7021586045 ns, Reaching safepoint: 194916 ns, At safepoint: 4834 ns, Total: 199750 ns
[2022-05-02T01:11:47.605+0000][161][gc,start    ] GC(111) Pause Young (Normal) (G1 Evacuation Pause)
[2022-05-02T01:11:47.607+0000][161][gc,task     ] GC(111) Using 5 workers of 5 for evacuation
[2022-05-02T01:11:47.610+0000][161][gc,age      ] GC(111) Desired survivor size 20971520 bytes, new threshold 15 (max threshold 15)
[2022-05-02T01:11:47.616+0000][161][gc,age      ] GC(111) Age table with threshold 15 (max threshold 15)
[2022-05-02T01:11:47.618+0000][161][gc,age      ] GC(111) - age   1:    1274544 bytes,    1274544 total
[2022-05-02T01:11:47.619+0000][161][gc,age      ] GC(111) - age   2:      68960 bytes,    1343504 total
[2022-05-02T01:11:47.621+0000][161][gc,age      ] GC(111) - age   3:      53240 bytes,    1396744 total
[2022-05-02T01:11:47.623+0000][161][gc,age      ] GC(111) - age   4:       4424 bytes,    1401168 total
[2022-05-02T01:11:47.624+0000][161][gc,age      ] GC(111) - age   5:       1448 bytes,    1402616 total
[2022-05-02T01:11:47.625+0000][161][gc,age      ] GC(111) - age   6:      67328 bytes,    1469944 total
[2022-05-02T01:11:47.626+0000][161][gc,age      ] GC(111) - age   7:       1912 bytes,    1471856 total
[2022-05-02T01:11:47.629+0000][161][gc,age      ] GC(111) - age   8:     110944 bytes,    1582800 total
[2022-05-02T01:11:47.630+0000][161][gc,age      ] GC(111) - age   9:       3392 bytes,    1586192 total
[2022-05-02T01:11:47.632+0000][161][gc,age      ] GC(111) - age  10:       6904 bytes,    1593096 total
[2022-05-02T01:11:47.633+0000][161][gc,age      ] GC(111) - age  11:       3344 bytes,    1596440 total
[2022-05-02T01:11:47.636+0000][161][gc,age      ] GC(111) - age  12:      33712 bytes,    1630152 total
[2022-05-02T01:11:47.637+0000][161][gc,age      ] GC(111) - age  13:       4136 bytes,    1634288 total
[2022-05-02T01:11:47.637+0000][161][gc,age      ] GC(111) - age  14:      18752 bytes,    1653040 total
[2022-05-02T01:11:47.639+0000][161][gc,age      ] GC(111) - age  15:      29088 bytes,    1682128 total
[2022-05-02T01:11:47.640+0000][161][gc,phases   ] GC(111)   Pre Evacuate Collection Set: 0.1ms
[2022-05-02T01:11:47.641+0000][161][gc,phases   ] GC(111)   Merge Heap Roots: 0.1ms
[2022-05-02T01:11:47.642+0000][161][gc,phases   ] GC(111)   Evacuate Collection Set: 3.1ms
[2022-05-02T01:11:47.643+0000][161][gc,phases   ] GC(111)   Post Evacuate Collection Set: 1.5ms
[2022-05-02T01:11:47.643+0000][161][gc,phases   ] GC(111)   Other: 29.8ms
[2022-05-02T01:11:47.644+0000][161][gc,heap     ] GC(111) Eden regions: 74->0(74)
[2022-05-02T01:11:47.645+0000][161][gc,heap     ] GC(111) Survivor regions: 1->1(10)
[2022-05-02T01:11:47.646+0000][161][gc,heap     ] GC(111) Old regions: 23->23
[2022-05-02T01:11:47.647+0000][161][gc,heap     ] GC(111) Archive regions: 2->2
[2022-05-02T01:11:47.648+0000][161][gc,heap     ] GC(111) Humongous regions: 6->6
[2022-05-02T01:11:47.649+0000][161][gc,metaspace] GC(111) Metaspace: 118063K(119936K)->118063K(119936K) NonClass: 102423K(103552K)->102423K(103552K) Class: 15640K(16384K)->15640K(16384K)
[2022-05-02T01:11:47.650+0000][161][gc          ] GC(111) Pause Young (Normal) (G1 Evacuation Pause) 415M->119M(512M) 44.727ms
[2022-05-02T01:11:47.651+0000][161][gc,cpu      ] GC(111) User=0.01s Sys=0.01s Real=0.05s
[2022-05-02T01:11:47.652+0000][161][safepoint   ] Safepoint "G1CollectForAllocation", Time since last: 11521055130 ns, Reaching safepoint: 656625 ns, At safepoint: 46816792 ns, Total: 47473417 ns
[2022-05-02T01:11:48.653+0000][161][safepoint   ] Safepoint "Cleanup", Time since last: 1001318750 ns, Reaching safepoint: 207959 ns, At safepoint: 6916 ns, Total: 214875 ns
[2022-05-02T01:12:36.754+0000][161][safepoint   ] Safepoint "Cleanup", Time since last: 48103428147 ns, Reaching safepoint: 222791 ns, At safepoint: 10667 ns, Total: 233458 ns
[2022-05-02T01:12:47.601+0000][161][gc,start    ] GC(112) Pause Young (Normal) (G1 Evacuation Pause)
[2022-05-02T01:12:47.603+0000][161][gc,task     ] GC(112) Using 5 workers of 5 for evacuation
[2022-05-02T01:12:47.603+0000][161][gc,age      ] GC(112) Desired survivor size 20971520 bytes, new threshold 15 (max threshold 15)
[2022-05-02T01:12:47.608+0000][161][gc,age      ] GC(112) Age table with threshold 15 (max threshold 15)
[2022-05-02T01:12:47.609+0000][161][gc,age      ] GC(112) - age   1:    1819528 bytes,    1819528 total
[2022-05-02T01:12:47.610+0000][161][gc,age      ] GC(112) - age   2:       4240 bytes,    1823768 total
[2022-05-02T01:12:47.611+0000][161][gc,age      ] GC(112) - age   3:      66208 bytes,    1889976 total
[2022-05-02T01:12:47.612+0000][161][gc,age      ] GC(112) - age   4:      53080 bytes,    1943056 total
[2022-05-02T01:12:47.613+0000][161][gc,age      ] GC(112) - age   5:       4336 bytes,    1947392 total
[2022-05-02T01:12:47.614+0000][161][gc,age      ] GC(112) - age   6:       1448 bytes,    1948840 total
[2022-05-02T01:12:47.614+0000][161][gc,age      ] GC(112) - age   7:      67328 bytes,    2016168 total
[2022-05-02T01:12:47.615+0000][161][gc,age      ] GC(112) - age   8:       1912 bytes,    2018080 total
[2022-05-02T01:12:47.616+0000][161][gc,age      ] GC(112) - age   9:     110944 bytes,    2129024 total
[2022-05-02T01:12:47.618+0000][161][gc,age      ] GC(112) - age  10:       3392 bytes,    2132416 total
[2022-05-02T01:12:47.618+0000][161][gc,age      ] GC(112) - age  11:       6904 bytes,    2139320 total
[2022-05-02T01:12:47.619+0000][161][gc,age      ] GC(112) - age  12:       3344 bytes,    2142664 total
[2022-05-02T01:12:47.620+0000][161][gc,age      ] GC(112) - age  13:      33712 bytes,    2176376 total
[2022-05-02T01:12:47.621+0000][161][gc,age      ] GC(112) - age  14:       4136 bytes,    2180512 total
[2022-05-02T01:12:47.623+0000][161][gc,age      ] GC(112) - age  15:      18752 bytes,    2199264 total
[2022-05-02T01:12:47.623+0000][161][gc,phases   ] GC(112)   Pre Evacuate Collection Set: 0.1ms
[2022-05-02T01:12:47.624+0000][161][gc,phases   ] GC(112)   Merge Heap Roots: 0.7ms
[2022-05-02T01:12:47.625+0000][161][gc,phases   ] GC(112)   Evacuate Collection Set: 1.5ms
[2022-05-02T01:12:47.626+0000][161][gc,phases   ] GC(112)   Post Evacuate Collection Set: 0.8ms
[2022-05-02T01:12:47.626+0000][161][gc,phases   ] GC(112)   Other: 18.9ms
[2022-05-02T01:12:47.627+0000][161][gc,heap     ] GC(112) Eden regions: 74->0(74)
[2022-05-02T01:12:47.628+0000][161][gc,heap     ] GC(112) Survivor regions: 1->1(10)
[2022-05-02T01:12:47.628+0000][161][gc,heap     ] GC(112) Old regions: 23->23
[2022-05-02T01:12:47.629+0000][161][gc,heap     ] GC(112) Archive regions: 2->2
[2022-05-02T01:12:47.630+0000][161][gc,heap     ] GC(112) Humongous regions: 6->6
[2022-05-02T01:12:47.631+0000][161][gc,metaspace] GC(112) Metaspace: 118068K(119936K)->118068K(119936K) NonClass: 102427K(103552K)->102427K(103552K) Class: 15640K(16384K)->15640K(16384K)
[2022-05-02T01:12:47.631+0000][161][gc          ] GC(112) Pause Young (Normal) (G1 Evacuation Pause) 415M->119M(512M) 29.934ms
[2022-05-02T01:12:47.632+0000][161][gc,cpu      ] GC(112) User=0.01s Sys=0.00s Real=0.03s
[2022-05-02T01:12:47.633+0000][161][safepoint   ] Safepoint "G1CollectForAllocation", Time since last: 10847345714 ns, Reaching safepoint: 178791 ns, At safepoint: 31496750 ns, Total: 31675541 ns
[2022-05-02T01:12:50.637+0000][161][safepoint   ] Safepoint "Cleanup", Time since last: 3002816043 ns, Reaching safepoint: 559334 ns, At safepoint: 512208 ns, Total: 1071542 ns
[2022-05-02T01:12:52.663+0000][161][safepoint   ] Safepoint "Cleanup", Time since last: 2022316750 ns, Reaching safepoint: 313042 ns, At safepoint: 9417 ns, Total: 322459 ns
[2022-05-02T01:12:59.677+0000][161][safepoint   ] Safepoint "Cleanup", Time since last: 7014524295 ns, Reaching safepoint: 126208 ns, At safepoint: 2417 ns, Total: 128625 ns
[2022-05-02T01:13:00.679+0000][161][safepoint   ] Safepoint "Cleanup", Time since last: 1001326959 ns, Reaching safepoint: 275583 ns, At safepoint: 12042 ns, Total: 287625 ns
[2022-05-02T01:13:11.711+0000][161][safepoint   ] Safepoint "Cleanup", Time since last: 11031195505 ns, Reaching safepoint: 266125 ns, At safepoint: 612625 ns, Total: 878750 ns
[2022-05-02T01:13:40.765+0000][161][safepoint   ] Safepoint "Cleanup", Time since last: 29053983638 ns, Reaching safepoint: 492541 ns, At safepoint: 20667 ns, Total: 513208 ns
[2022-05-02T01:13:41.774+0000][161][safepoint   ] Safepoint "Cleanup", Time since last: 1008731959 ns, Reaching safepoint: 72750 ns, At safepoint: 37583 ns, Total: 110333 ns
[2022-05-02T01:13:47.792+0000][161][safepoint   ] Safepoint "Cleanup", Time since last: 6017637336 ns, Reaching safepoint: 79334 ns, At safepoint: 6041 ns, Total: 85375 ns
[2022-05-02T01:13:49.910+0000][161][gc,start    ] GC(113) Pause Young (Normal) (G1 Evacuation Pause)
[2022-05-02T01:13:49.912+0000][161][gc,task     ] GC(113) Using 5 workers of 5 for evacuation
[2022-05-02T01:13:49.914+0000][161][gc,age      ] GC(113) Desired survivor size 20971520 bytes, new threshold 15 (max threshold 15)
[2022-05-02T01:13:49.921+0000][161][gc,age      ] GC(113) Age table with threshold 15 (max threshold 15)
[2022-05-02T01:13:49.922+0000][161][gc,age      ] GC(113) - age   1:    1151448 bytes,    1151448 total
[2022-05-02T01:13:49.924+0000][161][gc,age      ] GC(113) - age   2:       4432 bytes,    1155880 total
[2022-05-02T01:13:49.925+0000][161][gc,age      ] GC(113) - age   3:       2248 bytes,    1158128 total
[2022-05-02T01:13:49.927+0000][161][gc,age      ] GC(113) - age   4:      65640 bytes,    1223768 total
[2022-05-02T01:13:49.928+0000][161][gc,age      ] GC(113) - age   5:      53080 bytes,    1276848 total
[2022-05-02T01:13:49.929+0000][161][gc,age      ] GC(113) - age   6:       4336 bytes,    1281184 total
[2022-05-02T01:13:49.930+0000][161][gc,age      ] GC(113) - age   7:       1448 bytes,    1282632 total
[2022-05-02T01:13:49.932+0000][161][gc,age      ] GC(113) - age   8:      67328 bytes,    1349960 total
[2022-05-02T01:13:49.933+0000][161][gc,age      ] GC(113) - age   9:       1912 bytes,    1351872 total
[2022-05-02T01:13:49.937+0000][161][gc,age      ] GC(113) - age  10:     110944 bytes,    1462816 total
[2022-05-02T01:13:49.939+0000][161][gc,age      ] GC(113) - age  11:       3392 bytes,    1466208 total
[2022-05-02T01:13:49.940+0000][161][gc,age      ] GC(113) - age  12:       6904 bytes,    1473112 total
[2022-05-02T01:13:49.940+0000][161][gc,age      ] GC(113) - age  13:       3344 bytes,    1476456 total
[2022-05-02T01:13:49.941+0000][161][gc,age      ] GC(113) - age  14:      33712 bytes,    1510168 total
[2022-05-02T01:13:49.942+0000][161][gc,age      ] GC(113) - age  15:       4136 bytes,    1514304 total
[2022-05-02T01:13:49.943+0000][161][gc,phases   ] GC(113)   Pre Evacuate Collection Set: 0.4ms
[2022-05-02T01:13:49.944+0000][161][gc,phases   ] GC(113)   Merge Heap Roots: 0.1ms
[2022-05-02T01:13:49.945+0000][161][gc,phases   ] GC(113)   Evacuate Collection Set: 2.0ms
[2022-05-02T01:13:49.945+0000][161][gc,phases   ] GC(113)   Post Evacuate Collection Set: 1.5ms
[2022-05-02T01:13:49.946+0000][161][gc,phases   ] GC(113)   Other: 29.2ms
[2022-05-02T01:13:49.947+0000][161][gc,heap     ] GC(113) Eden regions: 74->0(74)
[2022-05-02T01:13:49.947+0000][161][gc,heap     ] GC(113) Survivor regions: 1->1(10)
[2022-05-02T01:13:49.948+0000][161][gc,heap     ] GC(113) Old regions: 23->23
[2022-05-02T01:13:49.948+0000][161][gc,heap     ] GC(113) Archive regions: 2->2
[2022-05-02T01:13:49.949+0000][161][gc,heap     ] GC(113) Humongous regions: 6->6
[2022-05-02T01:13:49.950+0000][161][gc,metaspace] GC(113) Metaspace: 118107K(120000K)->118107K(120000K) NonClass: 102466K(103616K)->102466K(103616K) Class: 15640K(16384K)->15640K(16384K)
[2022-05-02T01:13:49.952+0000][161][gc          ] GC(113) Pause Young (Normal) (G1 Evacuation Pause) 415M->119M(512M) 42.353ms
[2022-05-02T01:13:49.953+0000][161][gc,cpu      ] GC(113) User=0.02s Sys=0.00s Real=0.04s
[2022-05-02T01:13:49.954+0000][161][safepoint   ] Safepoint "G1CollectForAllocation", Time since last: 2117797626 ns, Reaching safepoint: 323917 ns, At safepoint: 44245125 ns, Total: 44569042 ns
[2022-05-02T01:14:03.976+0000][161][safepoint   ] Safepoint "Cleanup", Time since last: 14021693256 ns, Reaching safepoint: 272500 ns, At safepoint: 5875 ns, Total: 278375 ns
[2022-05-02T01:14:05.984+0000][161][safepoint   ] Safepoint "Cleanup", Time since last: 2007340376 ns, Reaching safepoint: 184958 ns, At safepoint: 13625 ns, Total: 198583 ns
[2022-05-02T01:14:18.001+0000][161][safepoint   ] Safepoint "Cleanup", Time since last: 12017283756 ns, Reaching safepoint: 143583 ns, At safepoint: 3459 ns, Total: 147042 ns
[2022-05-02T01:14:33.010+0000][161][safepoint   ] Safepoint "Cleanup", Time since last: 15012867298 ns, Reaching safepoint: 147917 ns, At safepoint: 6750 ns, Total: 154667 ns
[2022-05-02T01:14:36.046+0000][161][safepoint   ] Safepoint "Cleanup", Time since last: 3035331709 ns, Reaching safepoint: 114834 ns, At safepoint: 11750 ns, Total: 126584 ns
[2022-05-02T01:14:47.278+0000][161][gc,start    ] GC(114) Pause Young (Normal) (G1 Evacuation Pause)
[2022-05-02T01:14:47.279+0000][161][gc,task     ] GC(114) Using 5 workers of 5 for evacuation
[2022-05-02T01:14:47.280+0000][161][gc,age      ] GC(114) Desired survivor size 20971520 bytes, new threshold 15 (max threshold 15)
[2022-05-02T01:14:47.284+0000][161][gc,age      ] GC(114) Age table with threshold 15 (max threshold 15)
[2022-05-02T01:14:47.285+0000][161][gc,age      ] GC(114) - age   1:     652272 bytes,     652272 total
[2022-05-02T01:14:47.286+0000][161][gc,age      ] GC(114) - age   2:       5520 bytes,     657792 total
[2022-05-02T01:14:47.286+0000][161][gc,age      ] GC(114) - age   3:       2096 bytes,     659888 total
[2022-05-02T01:14:47.287+0000][161][gc,age      ] GC(114) - age   4:       2152 bytes,     662040 total
[2022-05-02T01:14:47.288+0000][161][gc,age      ] GC(114) - age   5:      65400 bytes,     727440 total
[2022-05-02T01:14:47.290+0000][161][gc,age      ] GC(114) - age   6:      52768 bytes,     780208 total
[2022-05-02T01:14:47.291+0000][161][gc,age      ] GC(114) - age   7:       4336 bytes,     784544 total
[2022-05-02T01:14:47.292+0000][161][gc,age      ] GC(114) - age   8:       1448 bytes,     785992 total
[2022-05-02T01:14:47.293+0000][161][gc,age      ] GC(114) - age   9:      67328 bytes,     853320 total
[2022-05-02T01:14:47.293+0000][161][gc,age      ] GC(114) - age  10:       1912 bytes,     855232 total
[2022-05-02T01:14:47.294+0000][161][gc,age      ] GC(114) - age  11:     110744 bytes,     965976 total
[2022-05-02T01:14:47.294+0000][161][gc,age      ] GC(114) - age  12:       3392 bytes,     969368 total
[2022-05-02T01:14:47.295+0000][161][gc,age      ] GC(114) - age  13:       6904 bytes,     976272 total
[2022-05-02T01:14:47.296+0000][161][gc,age      ] GC(114) - age  14:       3344 bytes,     979616 total
[2022-05-02T01:14:47.297+0000][161][gc,age      ] GC(114) - age  15:      33712 bytes,    1013328 total
[2022-05-02T01:14:47.298+0000][161][gc,phases   ] GC(114)   Pre Evacuate Collection Set: 0.2ms
[2022-05-02T01:14:47.298+0000][161][gc,phases   ] GC(114)   Merge Heap Roots: 0.4ms
[2022-05-02T01:14:47.299+0000][161][gc,phases   ] GC(114)   Evacuate Collection Set: 1.8ms
[2022-05-02T01:14:47.300+0000][161][gc,phases   ] GC(114)   Post Evacuate Collection Set: 1.2ms
[2022-05-02T01:14:47.300+0000][161][gc,phases   ] GC(114)   Other: 16.3ms
[2022-05-02T01:14:47.301+0000][161][gc,heap     ] GC(114) Eden regions: 74->0(75)
[2022-05-02T01:14:47.301+0000][161][gc,heap     ] GC(114) Survivor regions: 1->1(10)
[2022-05-02T01:14:47.302+0000][161][gc,heap     ] GC(114) Old regions: 23->23
[2022-05-02T01:14:47.303+0000][161][gc,heap     ] GC(114) Archive regions: 2->2
[2022-05-02T01:14:47.303+0000][161][gc,heap     ] GC(114) Humongous regions: 6->6
[2022-05-02T01:14:47.304+0000][161][gc,metaspace] GC(114) Metaspace: 118118K(120000K)->118118K(120000K) NonClass: 102478K(103616K)->102478K(103616K) Class: 15640K(16384K)->15640K(16384K)
[2022-05-02T01:14:47.305+0000][161][gc          ] GC(114) Pause Young (Normal) (G1 Evacuation Pause) 415M->118M(512M) 26.943ms
[2022-05-02T01:14:47.306+0000][161][gc,cpu      ] GC(114) User=0.01s Sys=0.01s Real=0.03s
[2022-05-02T01:14:47.307+0000][161][safepoint   ] Safepoint "G1CollectForAllocation", Time since last: 11231777172 ns, Reaching safepoint: 47708 ns, At safepoint: 29033625 ns, Total: 29081333 ns
[2022-05-02T01:14:48.309+0000][161][safepoint   ] Safepoint "Cleanup", Time since last: 1001859626 ns, Reaching safepoint: 388708 ns, At safepoint: 11292 ns, Total: 400000 ns
[2022-05-02T01:15:14.358+0000][161][safepoint   ] Safepoint "Cleanup", Time since last: 26044312470 ns, Reaching safepoint: 128042 ns, At safepoint: 5541 ns, Total: 133583 ns
[2022-05-02T01:15:23.403+0000][161][safepoint   ] Safepoint "Cleanup", Time since last: 9045582296 ns, Reaching safepoint: 226958 ns, At safepoint: 14625 ns, Total: 241583 ns
[2022-05-02T01:15:47.609+0000][161][gc,start    ] GC(115) Pause Young (Normal) (G1 Evacuation Pause)
[2022-05-02T01:15:47.611+0000][161][gc,task     ] GC(115) Using 5 workers of 5 for evacuation
[2022-05-02T01:15:47.612+0000][161][gc,age      ] GC(115) Desired survivor size 20971520 bytes, new threshold 15 (max threshold 15)
[2022-05-02T01:15:47.618+0000][161][gc,age      ] GC(115) Age table with threshold 15 (max threshold 15)
[2022-05-02T01:15:47.619+0000][161][gc,age      ] GC(115) - age   1:    1768472 bytes,    1768472 total
[2022-05-02T01:15:47.620+0000][161][gc,age      ] GC(115) - age   2:       4912 bytes,    1773384 total
[2022-05-02T01:15:47.621+0000][161][gc,age      ] GC(115) - age   3:       3208 bytes,    1776592 total
[2022-05-02T01:15:47.622+0000][161][gc,age      ] GC(115) - age   4:       1616 bytes,    1778208 total
[2022-05-02T01:15:47.623+0000][161][gc,age      ] GC(115) - age   5:       2104 bytes,    1780312 total
[2022-05-02T01:15:47.624+0000][161][gc,age      ] GC(115) - age   6:      65288 bytes,    1845600 total
[2022-05-02T01:15:47.626+0000][161][gc,age      ] GC(115) - age   7:      52768 bytes,    1898368 total
[2022-05-02T01:15:47.627+0000][161][gc,age      ] GC(115) - age   8:       4336 bytes,    1902704 total
[2022-05-02T01:15:47.628+0000][161][gc,age      ] GC(115) - age   9:       1448 bytes,    1904152 total
[2022-05-02T01:15:47.629+0000][161][gc,age      ] GC(115) - age  10:      67328 bytes,    1971480 total
[2022-05-02T01:15:47.630+0000][161][gc,age      ] GC(115) - age  11:       1600 bytes,    1973080 total
[2022-05-02T01:15:47.631+0000][161][gc,age      ] GC(115) - age  12:     110600 bytes,    2083680 total
[2022-05-02T01:15:47.632+0000][161][gc,age      ] GC(115) - age  13:       3392 bytes,    2087072 total
[2022-05-02T01:15:47.633+0000][161][gc,age      ] GC(115) - age  14:       6904 bytes,    2093976 total
[2022-05-02T01:15:47.634+0000][161][gc,age      ] GC(115) - age  15:       3344 bytes,    2097320 total
[2022-05-02T01:15:47.635+0000][161][gc,phases   ] GC(115)   Pre Evacuate Collection Set: 0.1ms
[2022-05-02T01:15:47.636+0000][161][gc,phases   ] GC(115)   Merge Heap Roots: 0.2ms
[2022-05-02T01:15:47.636+0000][161][gc,phases   ] GC(115)   Evacuate Collection Set: 3.3ms
[2022-05-02T01:15:47.638+0000][161][gc,phases   ] GC(115)   Post Evacuate Collection Set: 1.2ms
[2022-05-02T01:15:47.639+0000][161][gc,phases   ] GC(115)   Other: 21.5ms
[2022-05-02T01:15:47.640+0000][161][gc,heap     ] GC(115) Eden regions: 75->0(74)
[2022-05-02T01:15:47.641+0000][161][gc,heap     ] GC(115) Survivor regions: 1->1(10)
[2022-05-02T01:15:47.643+0000][161][gc,heap     ] GC(115) Old regions: 23->23
[2022-05-02T01:15:47.644+0000][161][gc,heap     ] GC(115) Archive regions: 2->2
[2022-05-02T01:15:47.646+0000][161][gc,heap     ] GC(115) Humongous regions: 6->6
[2022-05-02T01:15:47.647+0000][161][gc,metaspace] GC(115) Metaspace: 118122K(120000K)->118122K(120000K) NonClass: 102481K(103616K)->102481K(103616K) Class: 15640K(16384K)->15640K(16384K)
[2022-05-02T01:15:47.648+0000][161][gc          ] GC(115) Pause Young (Normal) (G1 Evacuation Pause) 418M->119M(512M) 39.090ms
[2022-05-02T01:15:47.649+0000][161][gc,cpu      ] GC(115) User=0.02s Sys=0.01s Real=0.04s
[2022-05-02T01:15:47.650+0000][161][safepoint   ] Safepoint "G1CollectForAllocation", Time since last: 24205210887 ns, Reaching safepoint: 169208 ns, At safepoint: 41463584 ns, Total: 41632792 ns
[2022-05-02T01:16:23.720+0000][161][safepoint   ] Safepoint "Cleanup", Time since last: 36070360223 ns, Reaching safepoint: 192875 ns, At safepoint: 3750 ns, Total: 196625 ns
[2022-05-02T01:16:32.740+0000][161][safepoint   ] Safepoint "Cleanup", Time since last: 9019228504 ns, Reaching safepoint: 228459 ns, At safepoint: 14500 ns, Total: 242959 ns
[2022-05-02T01:16:48.554+0000][161][gc,start    ] GC(116) Pause Young (Normal) (G1 Evacuation Pause)
[2022-05-02T01:16:48.554+0000][161][gc,task     ] GC(116) Using 5 workers of 5 for evacuation
[2022-05-02T01:16:48.556+0000][161][gc,age      ] GC(116) Desired survivor size 20971520 bytes, new threshold 15 (max threshold 15)
[2022-05-02T01:16:48.558+0000][161][gc,age      ] GC(116) Age table with threshold 15 (max threshold 15)
[2022-05-02T01:16:48.558+0000][161][gc,age      ] GC(116) - age   1:     878632 bytes,     878632 total
[2022-05-02T01:16:48.559+0000][161][gc,age      ] GC(116) - age   2:       5408 bytes,     884040 total
[2022-05-02T01:16:48.560+0000][161][gc,age      ] GC(116) - age   3:       3432 bytes,     887472 total
[2022-05-02T01:16:48.561+0000][161][gc,age      ] GC(116) - age   4:       3144 bytes,     890616 total
[2022-05-02T01:16:48.563+0000][161][gc,age      ] GC(116) - age   5:       1552 bytes,     892168 total
[2022-05-02T01:16:48.564+0000][161][gc,age      ] GC(116) - age   6:       2104 bytes,     894272 total
[2022-05-02T01:16:48.565+0000][161][gc,age      ] GC(116) - age   7:      65088 bytes,     959360 total
[2022-05-02T01:16:48.565+0000][161][gc,age      ] GC(116) - age   8:      52768 bytes,    1012128 total
[2022-05-02T01:16:48.566+0000][161][gc,age      ] GC(116) - age   9:       4336 bytes,    1016464 total
[2022-05-02T01:16:48.567+0000][161][gc,age      ] GC(116) - age  10:       1448 bytes,    1017912 total
[2022-05-02T01:16:48.568+0000][161][gc,age      ] GC(116) - age  11:      67328 bytes,    1085240 total
[2022-05-02T01:16:48.569+0000][161][gc,age      ] GC(116) - age  12:       1600 bytes,    1086840 total
[2022-05-02T01:16:48.569+0000][161][gc,age      ] GC(116) - age  13:     110600 bytes,    1197440 total
[2022-05-02T01:16:48.570+0000][161][gc,age      ] GC(116) - age  14:       3392 bytes,    1200832 total
[2022-05-02T01:16:48.571+0000][161][gc,age      ] GC(116) - age  15:       6904 bytes,    1207736 total
[2022-05-02T01:16:48.571+0000][161][gc,phases   ] GC(116)   Pre Evacuate Collection Set: 0.1ms
[2022-05-02T01:16:48.572+0000][161][gc,phases   ] GC(116)   Merge Heap Roots: 0.0ms
[2022-05-02T01:16:48.573+0000][161][gc,phases   ] GC(116)   Evacuate Collection Set: 0.8ms
[2022-05-02T01:16:48.573+0000][161][gc,phases   ] GC(116)   Post Evacuate Collection Set: 0.6ms
[2022-05-02T01:16:48.574+0000][161][gc,phases   ] GC(116)   Other: 16.2ms
[2022-05-02T01:16:48.575+0000][161][gc,heap     ] GC(116) Eden regions: 74->0(75)
[2022-05-02T01:16:48.575+0000][161][gc,heap     ] GC(116) Survivor regions: 1->1(10)
[2022-05-02T01:16:48.576+0000][161][gc,heap     ] GC(116) Old regions: 23->23
[2022-05-02T01:16:48.577+0000][161][gc,heap     ] GC(116) Archive regions: 2->2
[2022-05-02T01:16:48.577+0000][161][gc,heap     ] GC(116) Humongous regions: 6->6
[2022-05-02T01:16:48.578+0000][161][gc,metaspace] GC(116) Metaspace: 118122K(120000K)->118122K(120000K) NonClass: 102481K(103616K)->102481K(103616K) Class: 15640K(16384K)->15640K(16384K)
[2022-05-02T01:16:48.578+0000][161][gc          ] GC(116) Pause Young (Normal) (G1 Evacuation Pause) 415M->118M(512M) 24.614ms
[2022-05-02T01:16:48.579+0000][161][gc,cpu      ] GC(116) User=0.00s Sys=0.01s Real=0.03s
[2022-05-02T01:16:48.579+0000][161][safepoint   ] Safepoint "G1CollectForAllocation", Time since last: 15813934007 ns, Reaching safepoint: 39625 ns, At safepoint: 25854625 ns, Total: 25894250 ns
[2022-05-02T01:17:20.633+0000][161][safepoint   ] Safepoint "Cleanup", Time since last: 32052679807 ns, Reaching safepoint: 389292 ns, At safepoint: 8833 ns, Total: 398125 ns
[2022-05-02T01:17:47.973+0000][161][gc,start    ] GC(117) Pause Young (Normal) (G1 Evacuation Pause)
[2022-05-02T01:17:47.974+0000][161][gc,task     ] GC(117) Using 5 workers of 5 for evacuation
[2022-05-02T01:17:47.975+0000][161][gc,age      ] GC(117) Desired survivor size 20971520 bytes, new threshold 15 (max threshold 15)
[2022-05-02T01:17:47.978+0000][161][gc,age      ] GC(117) Age table with threshold 15 (max threshold 15)
[2022-05-02T01:17:47.979+0000][161][gc,age      ] GC(117) - age   1:    1781152 bytes,    1781152 total
[2022-05-02T01:17:47.980+0000][161][gc,age      ] GC(117) - age   2:       4680 bytes,    1785832 total
[2022-05-02T01:17:47.981+0000][161][gc,age      ] GC(117) - age   3:       3776 bytes,    1789608 total
[2022-05-02T01:17:47.982+0000][161][gc,age      ] GC(117) - age   4:       3272 bytes,    1792880 total
[2022-05-02T01:17:47.983+0000][161][gc,age      ] GC(117) - age   5:       2736 bytes,    1795616 total
[2022-05-02T01:17:47.983+0000][161][gc,age      ] GC(117) - age   6:       1552 bytes,    1797168 total
[2022-05-02T01:17:47.984+0000][161][gc,age      ] GC(117) - age   7:       2104 bytes,    1799272 total
[2022-05-02T01:17:47.985+0000][161][gc,age      ] GC(117) - age   8:      65088 bytes,    1864360 total
[2022-05-02T01:17:47.986+0000][161][gc,age      ] GC(117) - age   9:      52768 bytes,    1917128 total
[2022-05-02T01:17:47.986+0000][161][gc,age      ] GC(117) - age  10:       4336 bytes,    1921464 total
[2022-05-02T01:17:47.987+0000][161][gc,age      ] GC(117) - age  11:       1448 bytes,    1922912 total
[2022-05-02T01:17:47.988+0000][161][gc,age      ] GC(117) - age  12:      67328 bytes,    1990240 total
[2022-05-02T01:17:47.989+0000][161][gc,age      ] GC(117) - age  13:       1600 bytes,    1991840 total
[2022-05-02T01:17:47.989+0000][161][gc,age      ] GC(117) - age  14:     110600 bytes,    2102440 total
[2022-05-02T01:17:47.991+0000][161][gc,age      ] GC(117) - age  15:       3392 bytes,    2105832 total
[2022-05-02T01:17:47.991+0000][161][gc,phases   ] GC(117)   Pre Evacuate Collection Set: 0.1ms
[2022-05-02T01:17:47.992+0000][161][gc,phases   ] GC(117)   Merge Heap Roots: 0.1ms
[2022-05-02T01:17:47.993+0000][161][gc,phases   ] GC(117)   Evacuate Collection Set: 2.0ms
[2022-05-02T01:17:47.994+0000][161][gc,phases   ] GC(117)   Post Evacuate Collection Set: 1.0ms
[2022-05-02T01:17:47.994+0000][161][gc,phases   ] GC(117)   Other: 14.9ms
[2022-05-02T01:17:47.995+0000][161][gc,heap     ] GC(117) Eden regions: 75->0(74)
[2022-05-02T01:17:47.996+0000][161][gc,heap     ] GC(117) Survivor regions: 1->1(10)
[2022-05-02T01:17:47.996+0000][161][gc,heap     ] GC(117) Old regions: 23->23
[2022-05-02T01:17:47.997+0000][161][gc,heap     ] GC(117) Archive regions: 2->2
[2022-05-02T01:17:47.997+0000][161][gc,heap     ] GC(117) Humongous regions: 6->6
[2022-05-02T01:17:47.998+0000][161][gc,metaspace] GC(117) Metaspace: 118124K(120000K)->118124K(120000K) NonClass: 102482K(103616K)->102482K(103616K) Class: 15641K(16384K)->15641K(16384K)
[2022-05-02T01:17:47.999+0000][161][gc          ] GC(117) Pause Young (Normal) (G1 Evacuation Pause) 418M->119M(512M) 25.763ms
[2022-05-02T01:17:48.000+0000][161][gc,cpu      ] GC(117) User=0.00s Sys=0.01s Real=0.03s
[2022-05-02T01:17:48.001+0000][161][safepoint   ] Safepoint "G1CollectForAllocation", Time since last: 27339870012 ns, Reaching safepoint: 166417 ns, At safepoint: 27788625 ns, Total: 27955042 ns
[2022-05-02T01:18:09.043+0000][161][safepoint   ] Safepoint "Cleanup", Time since last: 21040807967 ns, Reaching safepoint: 1030375 ns, At safepoint: 11500 ns, Total: 1041875 ns
[2022-05-02T01:18:22.061+0000][161][safepoint   ] Safepoint "Cleanup", Time since last: 13018228256 ns, Reaching safepoint: 144916 ns, At safepoint: 6167 ns, Total: 151083 ns
[2022-05-02T01:18:39.088+0000][161][safepoint   ] Safepoint "Cleanup", Time since last: 17026837883 ns, Reaching safepoint: 392958 ns, At safepoint: 10709 ns, Total: 403667 ns
[2022-05-02T01:18:47.861+0000][161][gc,start    ] GC(118) Pause Young (Normal) (G1 Evacuation Pause)
[2022-05-02T01:18:47.861+0000][161][gc,task     ] GC(118) Using 5 workers of 5 for evacuation
[2022-05-02T01:18:47.863+0000][161][gc,age      ] GC(118) Desired survivor size 20971520 bytes, new threshold 15 (max threshold 15)
[2022-05-02T01:18:47.866+0000][161][gc,age      ] GC(118) Age table with threshold 15 (max threshold 15)
[2022-05-02T01:18:47.867+0000][161][gc,age      ] GC(118) - age   1:    1196768 bytes,    1196768 total
[2022-05-02T01:18:47.868+0000][161][gc,age      ] GC(118) - age   2:       6272 bytes,    1203040 total
[2022-05-02T01:18:47.869+0000][161][gc,age      ] GC(118) - age   3:       3096 bytes,    1206136 total
[2022-05-02T01:18:47.870+0000][161][gc,age      ] GC(118) - age   4:       3456 bytes,    1209592 total
[2022-05-02T01:18:47.871+0000][161][gc,age      ] GC(118) - age   5:       2664 bytes,    1212256 total
[2022-05-02T01:18:47.872+0000][161][gc,age      ] GC(118) - age   6:       2688 bytes,    1214944 total
[2022-05-02T01:18:47.873+0000][161][gc,age      ] GC(118) - age   7:       1552 bytes,    1216496 total
[2022-05-02T01:18:47.874+0000][161][gc,age      ] GC(118) - age   8:       2104 bytes,    1218600 total
[2022-05-02T01:18:47.875+0000][161][gc,age      ] GC(118) - age   9:      65088 bytes,    1283688 total
[2022-05-02T01:18:47.875+0000][161][gc,age      ] GC(118) - age  10:      52768 bytes,    1336456 total
[2022-05-02T01:18:47.876+0000][161][gc,age      ] GC(118) - age  11:       2176 bytes,    1338632 total
[2022-05-02T01:18:47.877+0000][161][gc,age      ] GC(118) - age  12:       1448 bytes,    1340080 total
[2022-05-02T01:18:47.878+0000][161][gc,age      ] GC(118) - age  13:      67328 bytes,    1407408 total
[2022-05-02T01:18:47.879+0000][161][gc,age      ] GC(118) - age  14:       1600 bytes,    1409008 total
[2022-05-02T01:18:47.879+0000][161][gc,age      ] GC(118) - age  15:     110600 bytes,    1519608 total
[2022-05-02T01:18:47.881+0000][161][gc,phases   ] GC(118)   Pre Evacuate Collection Set: 0.1ms
[2022-05-02T01:18:47.882+0000][161][gc,phases   ] GC(118)   Merge Heap Roots: 0.1ms
[2022-05-02T01:18:47.883+0000][161][gc,phases   ] GC(118)   Evacuate Collection Set: 1.6ms
[2022-05-02T01:18:47.884+0000][161][gc,phases   ] GC(118)   Post Evacuate Collection Set: 0.8ms
[2022-05-02T01:18:47.885+0000][161][gc,phases   ] GC(118)   Other: 17.4ms
[2022-05-02T01:18:47.886+0000][161][gc,heap     ] GC(118) Eden regions: 74->0(74)
[2022-05-02T01:18:47.887+0000][161][gc,heap     ] GC(118) Survivor regions: 1->1(10)
[2022-05-02T01:18:47.888+0000][161][gc,heap     ] GC(118) Old regions: 23->23
[2022-05-02T01:18:47.888+0000][161][gc,heap     ] GC(118) Archive regions: 2->2
[2022-05-02T01:18:47.889+0000][161][gc,heap     ] GC(118) Humongous regions: 6->6
[2022-05-02T01:18:47.889+0000][161][gc,metaspace] GC(118) Metaspace: 118127K(120000K)->118127K(120000K) NonClass: 102485K(103616K)->102485K(103616K) Class: 15641K(16384K)->15641K(16384K)
[2022-05-02T01:18:47.890+0000][161][gc          ] GC(118) Pause Young (Normal) (G1 Evacuation Pause) 415M->119M(512M) 29.279ms
[2022-05-02T01:18:47.890+0000][161][gc,cpu      ] GC(118) User=0.01s Sys=0.00s Real=0.03s
[2022-05-02T01:18:47.891+0000][161][safepoint   ] Safepoint "G1CollectForAllocation", Time since last: 8772101921 ns, Reaching safepoint: 167666 ns, At safepoint: 30528792 ns, Total: 30696458 ns
[2022-05-02T01:18:56.913+0000][161][safepoint   ] Safepoint "Cleanup", Time since last: 9021230045 ns, Reaching safepoint: 287292 ns, At safepoint: 8083 ns, Total: 295375 ns
[2022-05-02T01:19:41.008+0000][161][safepoint   ] Safepoint "Cleanup", Time since last: 44094584937 ns, Reaching safepoint: 251084 ns, At safepoint: 17583 ns, Total: 268667 ns
[2022-05-02T01:19:48.024+0000][161][safepoint   ] Safepoint "Cleanup", Time since last: 7015790295 ns, Reaching safepoint: 437417 ns, At safepoint: 6625 ns, Total: 444042 ns
[2022-05-02T01:19:53.136+0000][161][gc,start    ] GC(119) Pause Young (Normal) (G1 Evacuation Pause)
[2022-05-02T01:19:53.137+0000][161][gc,task     ] GC(119) Using 5 workers of 5 for evacuation
[2022-05-02T01:19:53.138+0000][161][gc,age      ] GC(119) Desired survivor size 20971520 bytes, new threshold 15 (max threshold 15)
[2022-05-02T01:19:53.141+0000][161][gc,age      ] GC(119) Age table with threshold 15 (max threshold 15)
[2022-05-02T01:19:53.141+0000][161][gc,age      ] GC(119) - age   1:     763600 bytes,     763600 total
[2022-05-02T01:19:53.143+0000][161][gc,age      ] GC(119) - age   2:       5696 bytes,     769296 total
[2022-05-02T01:19:53.144+0000][161][gc,age      ] GC(119) - age   3:       4016 bytes,     773312 total
[2022-05-02T01:19:53.145+0000][161][gc,age      ] GC(119) - age   4:       1912 bytes,     775224 total
[2022-05-02T01:19:53.147+0000][161][gc,age      ] GC(119) - age   5:       3232 bytes,     778456 total
[2022-05-02T01:19:53.148+0000][161][gc,age      ] GC(119) - age   6:       2568 bytes,     781024 total
[2022-05-02T01:19:53.148+0000][161][gc,age      ] GC(119) - age   7:       2560 bytes,     783584 total
[2022-05-02T01:19:53.149+0000][161][gc,age      ] GC(119) - age   8:       1552 bytes,     785136 total
[2022-05-02T01:19:53.150+0000][161][gc,age      ] GC(119) - age   9:       2104 bytes,     787240 total
[2022-05-02T01:19:53.150+0000][161][gc,age      ] GC(119) - age  10:      65088 bytes,     852328 total
[2022-05-02T01:19:53.151+0000][161][gc,age      ] GC(119) - age  11:      52768 bytes,     905096 total
[2022-05-02T01:19:53.152+0000][161][gc,age      ] GC(119) - age  12:       2176 bytes,     907272 total
[2022-05-02T01:19:53.153+0000][161][gc,age      ] GC(119) - age  13:       1448 bytes,     908720 total
[2022-05-02T01:19:53.153+0000][161][gc,age      ] GC(119) - age  14:      67328 bytes,     976048 total
[2022-05-02T01:19:53.154+0000][161][gc,age      ] GC(119) - age  15:       1600 bytes,     977648 total
[2022-05-02T01:19:53.155+0000][161][gc,phases   ] GC(119)   Pre Evacuate Collection Set: 0.1ms
[2022-05-02T01:19:53.156+0000][161][gc,phases   ] GC(119)   Merge Heap Roots: 0.1ms
[2022-05-02T01:19:53.157+0000][161][gc,phases   ] GC(119)   Evacuate Collection Set: 1.3ms
[2022-05-02T01:19:53.158+0000][161][gc,phases   ] GC(119)   Post Evacuate Collection Set: 0.7ms
[2022-05-02T01:19:53.158+0000][161][gc,phases   ] GC(119)   Other: 16.7ms
[2022-05-02T01:19:53.159+0000][161][gc,heap     ] GC(119) Eden regions: 74->0(75)
[2022-05-02T01:19:53.160+0000][161][gc,heap     ] GC(119) Survivor regions: 1->1(10)
[2022-05-02T01:19:53.161+0000][161][gc,heap     ] GC(119) Old regions: 23->23
[2022-05-02T01:19:53.161+0000][161][gc,heap     ] GC(119) Archive regions: 2->2
[2022-05-02T01:19:53.162+0000][161][gc,heap     ] GC(119) Humongous regions: 6->6
[2022-05-02T01:19:53.162+0000][161][gc,metaspace] GC(119) Metaspace: 118133K(120000K)->118133K(120000K) NonClass: 102491K(103616K)->102491K(103616K) Class: 15641K(16384K)->15641K(16384K)
[2022-05-02T01:19:53.163+0000][161][gc          ] GC(119) Pause Young (Normal) (G1 Evacuation Pause) 415M->118M(512M) 27.352ms
[2022-05-02T01:19:53.164+0000][161][gc,cpu      ] GC(119) User=0.00s Sys=0.01s Real=0.03s
[2022-05-02T01:19:53.165+0000][161][safepoint   ] Safepoint "G1CollectForAllocation", Time since last: 5111572002 ns, Reaching safepoint: 119542 ns, At safepoint: 28772083 ns, Total: 28891625 ns
[2022-05-02T01:20:17.203+0000][161][safepoint   ] Safepoint "Cleanup", Time since last: 24037581178 ns, Reaching safepoint: 443750 ns, At safepoint: 4500 ns, Total: 448250 ns
[2022-05-02T01:20:18.205+0000][161][safepoint   ] Safepoint "Cleanup", Time since last: 1001677126 ns, Reaching safepoint: 284291 ns, At safepoint: 10959 ns, Total: 295250 ns
[2022-05-02T01:20:56.366+0000][161][gc,start    ] GC(120) Pause Young (Normal) (G1 Evacuation Pause)
[2022-05-02T01:20:56.367+0000][161][gc,task     ] GC(120) Using 5 workers of 5 for evacuation
[2022-05-02T01:20:56.368+0000][161][gc,age      ] GC(120) Desired survivor size 20971520 bytes, new threshold 15 (max threshold 15)
[2022-05-02T01:20:56.371+0000][161][gc,age      ] GC(120) Age table with threshold 15 (max threshold 15)
[2022-05-02T01:20:56.371+0000][161][gc,age      ] GC(120) - age   1:    1275424 bytes,    1275424 total
[2022-05-02T01:20:56.372+0000][161][gc,age      ] GC(120) - age   2:       4088 bytes,    1279512 total
[2022-05-02T01:20:56.372+0000][161][gc,age      ] GC(120) - age   3:       4152 bytes,    1283664 total
[2022-05-02T01:20:56.373+0000][161][gc,age      ] GC(120) - age   4:       3760 bytes,    1287424 total
[2022-05-02T01:20:56.374+0000][161][gc,age      ] GC(120) - age   5:       1080 bytes,    1288504 total
[2022-05-02T01:20:56.375+0000][161][gc,age      ] GC(120) - age   6:       3056 bytes,    1291560 total
[2022-05-02T01:20:56.375+0000][161][gc,age      ] GC(120) - age   7:       2568 bytes,    1294128 total
[2022-05-02T01:20:56.376+0000][161][gc,age      ] GC(120) - age   8:       2560 bytes,    1296688 total
[2022-05-02T01:20:56.377+0000][161][gc,age      ] GC(120) - age   9:       1552 bytes,    1298240 total
[2022-05-02T01:20:56.378+0000][161][gc,age      ] GC(120) - age  10:       2104 bytes,    1300344 total
[2022-05-02T01:20:56.379+0000][161][gc,age      ] GC(120) - age  11:      65088 bytes,    1365432 total
[2022-05-02T01:20:56.379+0000][161][gc,age      ] GC(120) - age  12:      52768 bytes,    1418200 total
[2022-05-02T01:20:56.380+0000][161][gc,age      ] GC(120) - age  13:       2176 bytes,    1420376 total
[2022-05-02T01:20:56.380+0000][161][gc,age      ] GC(120) - age  14:       1448 bytes,    1421824 total
[2022-05-02T01:20:56.381+0000][161][gc,age      ] GC(120) - age  15:      67328 bytes,    1489152 total
[2022-05-02T01:20:56.381+0000][161][gc,phases   ] GC(120)   Pre Evacuate Collection Set: 0.1ms
[2022-05-02T01:20:56.382+0000][161][gc,phases   ] GC(120)   Merge Heap Roots: 0.1ms
[2022-05-02T01:20:56.383+0000][161][gc,phases   ] GC(120)   Evacuate Collection Set: 1.2ms
[2022-05-02T01:20:56.383+0000][161][gc,phases   ] GC(120)   Post Evacuate Collection Set: 0.7ms
[2022-05-02T01:20:56.384+0000][161][gc,phases   ] GC(120)   Other: 13.2ms
[2022-05-02T01:20:56.385+0000][161][gc,heap     ] GC(120) Eden regions: 75->0(75)
[2022-05-02T01:20:56.386+0000][161][gc,heap     ] GC(120) Survivor regions: 1->1(10)
[2022-05-02T01:20:56.387+0000][161][gc,heap     ] GC(120) Old regions: 23->23
[2022-05-02T01:20:56.388+0000][161][gc,heap     ] GC(120) Archive regions: 2->2
[2022-05-02T01:20:56.388+0000][161][gc,heap     ] GC(120) Humongous regions: 6->6
[2022-05-02T01:20:56.389+0000][161][gc,metaspace] GC(120) Metaspace: 118135K(120000K)->118135K(120000K) NonClass: 102493K(103616K)->102493K(103616K) Class: 15642K(16384K)->15642K(16384K)
[2022-05-02T01:20:56.389+0000][161][gc          ] GC(120) Pause Young (Normal) (G1 Evacuation Pause) 418M->119M(512M) 23.175ms
[2022-05-02T01:20:56.390+0000][161][gc,cpu      ] GC(120) User=0.01s Sys=0.00s Real=0.03s
[2022-05-02T01:20:56.391+0000][161][safepoint   ] Safepoint "G1CollectForAllocation", Time since last: 38161904016 ns, Reaching safepoint: 121334 ns, At safepoint: 24481458 ns, Total: 24602792 ns
[2022-05-02T01:21:46.475+0000][161][safepoint   ] Safepoint "Cleanup", Time since last: 50083245815 ns, Reaching safepoint: 420166 ns, At safepoint: 21334 ns, Total: 441500 ns
[2022-05-02T01:21:56.483+0000][161][gc,start    ] GC(121) Pause Young (Normal) (G1 Evacuation Pause)
[2022-05-02T01:21:56.485+0000][161][gc,task     ] GC(121) Using 5 workers of 5 for evacuation
[2022-05-02T01:21:56.486+0000][161][gc,age      ] GC(121) Desired survivor size 20971520 bytes, new threshold 15 (max threshold 15)
[2022-05-02T01:21:56.490+0000][161][gc,age      ] GC(121) Age table with threshold 15 (max threshold 15)
[2022-05-02T01:21:56.491+0000][161][gc,age      ] GC(121) - age   1:     558496 bytes,     558496 total
[2022-05-02T01:21:56.492+0000][161][gc,age      ] GC(121) - age   2:       4624 bytes,     563120 total
[2022-05-02T01:21:56.493+0000][161][gc,age      ] GC(121) - age   3:       2904 bytes,     566024 total
[2022-05-02T01:21:56.495+0000][161][gc,age      ] GC(121) - age   4:       3960 bytes,     569984 total
[2022-05-02T01:21:56.495+0000][161][gc,age      ] GC(121) - age   5:       3760 bytes,     573744 total
[2022-05-02T01:21:56.496+0000][161][gc,age      ] GC(121) - age   6:       1080 bytes,     574824 total
[2022-05-02T01:21:56.497+0000][161][gc,age      ] GC(121) - age   7:       3056 bytes,     577880 total
[2022-05-02T01:21:56.497+0000][161][gc,age      ] GC(121) - age   8:       2568 bytes,     580448 total
[2022-05-02T01:21:56.499+0000][161][gc,age      ] GC(121) - age   9:       2560 bytes,     583008 total
[2022-05-02T01:21:56.500+0000][161][gc,age      ] GC(121) - age  10:       1552 bytes,     584560 total
[2022-05-02T01:21:56.501+0000][161][gc,age      ] GC(121) - age  11:       2104 bytes,     586664 total
[2022-05-02T01:21:56.501+0000][161][gc,age      ] GC(121) - age  12:      65088 bytes,     651752 total
[2022-05-02T01:21:56.502+0000][161][gc,age      ] GC(121) - age  13:      52768 bytes,     704520 total
[2022-05-02T01:21:56.502+0000][161][gc,age      ] GC(121) - age  14:       2176 bytes,     706696 total
[2022-05-02T01:21:56.503+0000][161][gc,age      ] GC(121) - age  15:       1448 bytes,     708144 total
[2022-05-02T01:21:56.504+0000][161][gc,phases   ] GC(121)   Pre Evacuate Collection Set: 0.3ms
[2022-05-02T01:21:56.504+0000][161][gc,phases   ] GC(121)   Merge Heap Roots: 0.1ms
[2022-05-02T01:21:56.504+0000][161][gc,phases   ] GC(121)   Evacuate Collection Set: 1.5ms
[2022-05-02T01:21:56.505+0000][161][gc,phases   ] GC(121)   Post Evacuate Collection Set: 0.9ms
[2022-05-02T01:21:56.506+0000][161][gc,phases   ] GC(121)   Other: 18.2ms
[2022-05-02T01:21:56.506+0000][161][gc,heap     ] GC(121) Eden regions: 75->0(75)
[2022-05-02T01:21:56.507+0000][161][gc,heap     ] GC(121) Survivor regions: 1->1(10)
[2022-05-02T01:21:56.507+0000][161][gc,heap     ] GC(121) Old regions: 23->23
[2022-05-02T01:21:56.508+0000][161][gc,heap     ] GC(121) Archive regions: 2->2
[2022-05-02T01:21:56.508+0000][161][gc,heap     ] GC(121) Humongous regions: 6->6
[2022-05-02T01:21:56.509+0000][161][gc,metaspace] GC(121) Metaspace: 118144K(120000K)->118144K(120000K) NonClass: 102502K(103616K)->102502K(103616K) Class: 15642K(16384K)->15642K(16384K)
[2022-05-02T01:21:56.510+0000][161][gc          ] GC(121) Pause Young (Normal) (G1 Evacuation Pause) 419M->118M(512M) 27.429ms
[2022-05-02T01:21:56.511+0000][161][gc,cpu      ] GC(121) User=0.00s Sys=0.00s Real=0.03s
[2022-05-02T01:21:56.512+0000][161][safepoint   ] Safepoint "G1CollectForAllocation", Time since last: 10008502920 ns, Reaching safepoint: 56459 ns, At safepoint: 28837958 ns, Total: 28894417 ns
[2022-05-02T01:22:08.531+0000][161][safepoint   ] Safepoint "Cleanup", Time since last: 12019119589 ns, Reaching safepoint: 56542 ns, At safepoint: 2083 ns, Total: 58625 ns
[2022-05-02T01:22:11.540+0000][161][safepoint   ] Safepoint "Cleanup", Time since last: 3008411210 ns, Reaching safepoint: 352292 ns, At safepoint: 41958 ns, Total: 394250 ns
[2022-05-02T01:22:36.576+0000][161][safepoint   ] Safepoint "Cleanup", Time since last: 25035299511 ns, Reaching safepoint: 207625 ns, At safepoint: 8667 ns, Total: 216292 ns
[2022-05-02T01:22:59.287+0000][161][gc,start    ] GC(122) Pause Young (Normal) (G1 Evacuation Pause)
[2022-05-02T01:22:59.289+0000][161][gc,task     ] GC(122) Using 5 workers of 5 for evacuation
[2022-05-02T01:22:59.290+0000][161][gc,age      ] GC(122) Desired survivor size 20971520 bytes, new threshold 15 (max threshold 15)
[2022-05-02T01:22:59.294+0000][161][gc,age      ] GC(122) Age table with threshold 15 (max threshold 15)
[2022-05-02T01:22:59.295+0000][161][gc,age      ] GC(122) - age   1:    1846720 bytes,    1846720 total
[2022-05-02T01:22:59.296+0000][161][gc,age      ] GC(122) - age   2:       3768 bytes,    1850488 total
[2022-05-02T01:22:59.296+0000][161][gc,age      ] GC(122) - age   3:       2200 bytes,    1852688 total
[2022-05-02T01:22:59.297+0000][161][gc,age      ] GC(122) - age   4:       2376 bytes,    1855064 total
[2022-05-02T01:22:59.297+0000][161][gc,age      ] GC(122) - age   5:       3832 bytes,    1858896 total
[2022-05-02T01:22:59.298+0000][161][gc,age      ] GC(122) - age   6:       3760 bytes,    1862656 total
[2022-05-02T01:22:59.299+0000][161][gc,age      ] GC(122) - age   7:       1080 bytes,    1863736 total
[2022-05-02T01:22:59.299+0000][161][gc,age      ] GC(122) - age   8:       3056 bytes,    1866792 total
[2022-05-02T01:22:59.300+0000][161][gc,age      ] GC(122) - age   9:       2568 bytes,    1869360 total
[2022-05-02T01:22:59.301+0000][161][gc,age      ] GC(122) - age  10:       2560 bytes,    1871920 total
[2022-05-02T01:22:59.301+0000][161][gc,age      ] GC(122) - age  11:       1552 bytes,    1873472 total
[2022-05-02T01:22:59.302+0000][161][gc,age      ] GC(122) - age  12:       1792 bytes,    1875264 total
[2022-05-02T01:22:59.302+0000][161][gc,age      ] GC(122) - age  13:      65088 bytes,    1940352 total
[2022-05-02T01:22:59.303+0000][161][gc,age      ] GC(122) - age  14:      52768 bytes,    1993120 total
[2022-05-02T01:22:59.304+0000][161][gc,age      ] GC(122) - age  15:       2176 bytes,    1995296 total
[2022-05-02T01:22:59.305+0000][161][gc,phases   ] GC(122)   Pre Evacuate Collection Set: 0.1ms
[2022-05-02T01:22:59.305+0000][161][gc,phases   ] GC(122)   Merge Heap Roots: 0.1ms
[2022-05-02T01:22:59.306+0000][161][gc,phases   ] GC(122)   Evacuate Collection Set: 1.3ms
[2022-05-02T01:22:59.306+0000][161][gc,phases   ] GC(122)   Post Evacuate Collection Set: 0.9ms
[2022-05-02T01:22:59.307+0000][161][gc,phases   ] GC(122)   Other: 14.9ms
[2022-05-02T01:22:59.307+0000][161][gc,heap     ] GC(122) Eden regions: 75->0(74)
[2022-05-02T01:22:59.308+0000][161][gc,heap     ] GC(122) Survivor regions: 1->1(10)
[2022-05-02T01:22:59.308+0000][161][gc,heap     ] GC(122) Old regions: 23->23
[2022-05-02T01:22:59.309+0000][161][gc,heap     ] GC(122) Archive regions: 2->2
[2022-05-02T01:22:59.310+0000][161][gc,heap     ] GC(122) Humongous regions: 6->6
[2022-05-02T01:22:59.310+0000][161][gc,metaspace] GC(122) Metaspace: 118146K(120000K)->118146K(120000K) NonClass: 102504K(103616K)->102504K(103616K) Class: 15642K(16384K)->15642K(16384K)
[2022-05-02T01:22:59.311+0000][161][gc          ] GC(122) Pause Young (Normal) (G1 Evacuation Pause) 418M->119M(512M) 23.817ms
[2022-05-02T01:22:59.312+0000][161][gc,cpu      ] GC(122) User=0.01s Sys=0.00s Real=0.03s
[2022-05-02T01:22:59.313+0000][161][safepoint   ] Safepoint "G1CollectForAllocation", Time since last: 22700429968 ns, Reaching safepoint: 226750 ns, At safepoint: 25294917 ns, Total: 25521667 ns
[2022-05-02T01:23:58.391+0000][161][safepoint   ] Safepoint "Cleanup", Time since last: 59088408526 ns, Reaching safepoint: 462209 ns, At safepoint: 14708 ns, Total: 476917 ns
[2022-05-02T01:23:59.242+0000][161][gc,start    ] GC(123) Pause Young (Normal) (G1 Evacuation Pause)
[2022-05-02T01:23:59.243+0000][161][gc,task     ] GC(123) Using 5 workers of 5 for evacuation
[2022-05-02T01:23:59.245+0000][161][gc,age      ] GC(123) Desired survivor size 20971520 bytes, new threshold 15 (max threshold 15)
[2022-05-02T01:23:59.250+0000][161][gc,age      ] GC(123) Age table with threshold 15 (max threshold 15)
[2022-05-02T01:23:59.252+0000][161][gc,age      ] GC(123) - age   1:    1333208 bytes,    1333208 total
[2022-05-02T01:23:59.253+0000][161][gc,age      ] GC(123) - age   2:      21272 bytes,    1354480 total
[2022-05-02T01:23:59.255+0000][161][gc,age      ] GC(123) - age   3:       2328 bytes,    1356808 total
[2022-05-02T01:23:59.256+0000][161][gc,age      ] GC(123) - age   4:       1880 bytes,    1358688 total
[2022-05-02T01:23:59.256+0000][161][gc,age      ] GC(123) - age   5:       2224 bytes,    1360912 total
[2022-05-02T01:23:59.257+0000][161][gc,age      ] GC(123) - age   6:       3488 bytes,    1364400 total
[2022-05-02T01:23:59.258+0000][161][gc,age      ] GC(123) - age   7:       3320 bytes,    1367720 total
[2022-05-02T01:23:59.259+0000][161][gc,age      ] GC(123) - age   8:        888 bytes,    1368608 total
[2022-05-02T01:23:59.260+0000][161][gc,age      ] GC(123) - age   9:       3056 bytes,    1371664 total
[2022-05-02T01:23:59.261+0000][161][gc,age      ] GC(123) - age  10:       2520 bytes,    1374184 total
[2022-05-02T01:23:59.262+0000][161][gc,age      ] GC(123) - age  11:       2560 bytes,    1376744 total
[2022-05-02T01:23:59.263+0000][161][gc,age      ] GC(123) - age  12:       1552 bytes,    1378296 total
[2022-05-02T01:23:59.263+0000][161][gc,age      ] GC(123) - age  13:       1792 bytes,    1380088 total
[2022-05-02T01:23:59.264+0000][161][gc,age      ] GC(123) - age  14:      65088 bytes,    1445176 total
[2022-05-02T01:23:59.265+0000][161][gc,age      ] GC(123) - age  15:      52768 bytes,    1497944 total
[2022-05-02T01:23:59.265+0000][161][gc,phases   ] GC(123)   Pre Evacuate Collection Set: 0.3ms
[2022-05-02T01:23:59.266+0000][161][gc,phases   ] GC(123)   Merge Heap Roots: 0.0ms
[2022-05-02T01:23:59.266+0000][161][gc,phases   ] GC(123)   Evacuate Collection Set: 3.0ms
[2022-05-02T01:23:59.267+0000][161][gc,phases   ] GC(123)   Post Evacuate Collection Set: 0.9ms
[2022-05-02T01:23:59.267+0000][161][gc,phases   ] GC(123)   Other: 19.5ms
[2022-05-02T01:23:59.268+0000][161][gc,heap     ] GC(123) Eden regions: 74->0(74)
[2022-05-02T01:23:59.269+0000][161][gc,heap     ] GC(123) Survivor regions: 1->1(10)
[2022-05-02T01:23:59.270+0000][161][gc,heap     ] GC(123) Old regions: 23->23
[2022-05-02T01:23:59.271+0000][161][gc,heap     ] GC(123) Archive regions: 2->2
[2022-05-02T01:23:59.271+0000][161][gc,heap     ] GC(123) Humongous regions: 6->6
[2022-05-02T01:23:59.272+0000][161][gc,metaspace] GC(123) Metaspace: 118151K(120000K)->118151K(120000K) NonClass: 102509K(103616K)->102509K(103616K) Class: 15642K(16384K)->15642K(16384K)
[2022-05-02T01:23:59.272+0000][161][gc          ] GC(123) Pause Young (Normal) (G1 Evacuation Pause) 415M->119M(512M) 30.757ms
[2022-05-02T01:23:59.273+0000][161][gc,cpu      ] GC(123) User=0.00s Sys=0.00s Real=0.03s
[2022-05-02T01:23:59.274+0000][161][safepoint   ] Safepoint "G1CollectForAllocation", Time since last: 850656250 ns, Reaching safepoint: 222542 ns, At safepoint: 32714500 ns, Total: 32937042 ns
[2022-05-02T01:24:11.293+0000][161][safepoint   ] Safepoint "Cleanup", Time since last: 12018638714 ns, Reaching safepoint: 108875 ns, At safepoint: 3667 ns, Total: 112542 ns
[2022-05-02T01:24:53.366+0000][161][safepoint   ] Safepoint "Cleanup", Time since last: 42072971811 ns, Reaching safepoint: 193083 ns, At safepoint: 3875 ns, Total: 196958 ns
[2022-05-02T01:25:00.043+0000][161][gc,start    ] GC(124) Pause Young (Normal) (G1 Evacuation Pause)
[2022-05-02T01:25:00.044+0000][161][gc,task     ] GC(124) Using 5 workers of 5 for evacuation
[2022-05-02T01:25:00.045+0000][161][gc,age      ] GC(124) Desired survivor size 20971520 bytes, new threshold 15 (max threshold 15)
[2022-05-02T01:25:00.049+0000][161][gc,age      ] GC(124) Age table with threshold 15 (max threshold 15)
[2022-05-02T01:25:00.050+0000][161][gc,age      ] GC(124) - age   1:    2212080 bytes,    2212080 total
[2022-05-02T01:25:00.051+0000][161][gc,age      ] GC(124) - age   2:       4712 bytes,    2216792 total
[2022-05-02T01:25:00.052+0000][161][gc,age      ] GC(124) - age   3:      18696 bytes,    2235488 total
[2022-05-02T01:25:00.053+0000][161][gc,age      ] GC(124) - age   4:       1984 bytes,    2237472 total
[2022-05-02T01:25:00.053+0000][161][gc,age      ] GC(124) - age   5:       1768 bytes,    2239240 total
[2022-05-02T01:25:00.054+0000][161][gc,age      ] GC(124) - age   6:       2160 bytes,    2241400 total
[2022-05-02T01:25:00.055+0000][161][gc,age      ] GC(124) - age   7:       3488 bytes,    2244888 total
[2022-05-02T01:25:00.056+0000][161][gc,age      ] GC(124) - age   8:       3320 bytes,    2248208 total
[2022-05-02T01:25:00.057+0000][161][gc,age      ] GC(124) - age   9:        888 bytes,    2249096 total
[2022-05-02T01:25:00.057+0000][161][gc,age      ] GC(124) - age  10:       3056 bytes,    2252152 total
[2022-05-02T01:25:00.058+0000][161][gc,age      ] GC(124) - age  11:       2520 bytes,    2254672 total
[2022-05-02T01:25:00.059+0000][161][gc,age      ] GC(124) - age  12:       2560 bytes,    2257232 total
[2022-05-02T01:25:00.059+0000][161][gc,age      ] GC(124) - age  13:       1552 bytes,    2258784 total
[2022-05-02T01:25:00.060+0000][161][gc,age      ] GC(124) - age  14:       1792 bytes,    2260576 total
[2022-05-02T01:25:00.061+0000][161][gc,age      ] GC(124) - age  15:      65088 bytes,    2325664 total
[2022-05-02T01:25:00.061+0000][161][gc,phases   ] GC(124)   Pre Evacuate Collection Set: 0.3ms
[2022-05-02T01:25:00.062+0000][161][gc,phases   ] GC(124)   Merge Heap Roots: 0.2ms
[2022-05-02T01:25:00.062+0000][161][gc,phases   ] GC(124)   Evacuate Collection Set: 1.6ms
[2022-05-02T01:25:00.063+0000][161][gc,phases   ] GC(124)   Post Evacuate Collection Set: 1.0ms
[2022-05-02T01:25:00.064+0000][161][gc,phases   ] GC(124)   Other: 15.2ms
[2022-05-02T01:25:00.064+0000][161][gc,heap     ] GC(124) Eden regions: 74->0(74)
[2022-05-02T01:25:00.065+0000][161][gc,heap     ] GC(124) Survivor regions: 1->1(10)
[2022-05-02T01:25:00.066+0000][161][gc,heap     ] GC(124) Old regions: 23->23
[2022-05-02T01:25:00.066+0000][161][gc,heap     ] GC(124) Archive regions: 2->2
[2022-05-02T01:25:00.067+0000][161][gc,heap     ] GC(124) Humongous regions: 6->6
[2022-05-02T01:25:00.068+0000][161][gc,metaspace] GC(124) Metaspace: 118163K(120000K)->118163K(120000K) NonClass: 102520K(103616K)->102520K(103616K) Class: 15642K(16384K)->15642K(16384K)
[2022-05-02T01:25:00.068+0000][161][gc          ] GC(124) Pause Young (Normal) (G1 Evacuation Pause) 415M->120M(512M) 25.114ms
[2022-05-02T01:25:00.069+0000][161][gc,cpu      ] GC(124) User=0.01s Sys=0.01s Real=0.03s
[2022-05-02T01:25:00.069+0000][161][safepoint   ] Safepoint "G1CollectForAllocation", Time since last: 6677199961 ns, Reaching safepoint: 254542 ns, At safepoint: 26313375 ns, Total: 26567917 ns
[2022-05-02T01:25:19.106+0000][161][safepoint   ] Safepoint "Cleanup", Time since last: 19034726676 ns, Reaching safepoint: 1363083 ns, At safepoint: 9917 ns, Total: 1373000 ns
