[2022-05-02T05:47:34.746+0000][328][gc] Using G1
[2022-05-02T05:47:34.751+0000][328][gc,init] Version: 17.0.2+8 (release)
[2022-05-02T05:47:34.753+0000][328][gc,init] CPUs: 5 total, 5 available
[2022-05-02T05:47:34.754+0000][328][gc,init] Memory: 7851M
[2022-05-02T05:47:34.755+0000][328][gc,init] Large Page Support: Disabled
[2022-05-02T05:47:34.756+0000][328][gc,init] NUMA Support: Disabled
[2022-05-02T05:47:34.757+0000][328][gc,init] Compressed Oops: Enabled (32-bit)
[2022-05-02T05:47:34.757+0000][328][gc,init] Heap Region Size: 1M
[2022-05-02T05:47:34.758+0000][328][gc,init] Heap Min Capacity: 512M
[2022-05-02T05:47:34.759+0000][328][gc,init] Heap Initial Capacity: 512M
[2022-05-02T05:47:34.760+0000][328][gc,init] Heap Max Capacity: 512M
[2022-05-02T05:47:34.761+0000][328][gc,init] Pre-touch: Disabled
[2022-05-02T05:47:34.761+0000][328][gc,init] Parallel Workers: 5
[2022-05-02T05:47:34.762+0000][328][gc,init] Concurrent Workers: 1
[2022-05-02T05:47:34.763+0000][328][gc,init] Concurrent Refinement Workers: 5
[2022-05-02T05:47:34.764+0000][328][gc,init] Periodic GC: Disabled
[2022-05-02T05:47:34.764+0000][328][gc,metaspace] CDS archive(s) not mapped
[2022-05-02T05:47:34.765+0000][328][gc,metaspace] Compressed class space mapped at: 0x0000000100000000-0x0000000140000000, reserved size: 1073741824
[2022-05-02T05:47:34.766+0000][328][gc,metaspace] Narrow klass base: 0x0000000000000000, Narrow klass shift: 3, Narrow klass range: 0x140000000
[2022-05-02T05:47:34.811+0000][328][gc,heap,exit] Heap
[2022-05-02T05:47:34.812+0000][328][gc,heap,exit]  garbage-first heap   total 524288K, used 2048K [0x00000000e0000000, 0x0000000100000000)
[2022-05-02T05:47:34.813+0000][328][gc,heap,exit]   region size 1024K, 2 young (2048K), 0 survivors (0K)
[2022-05-02T05:47:34.814+0000][328][gc,heap,exit]  Metaspace       used 3479K, committed 3584K, reserved 1056768K
[2022-05-02T05:47:34.815+0000][328][gc,heap,exit]   class space    used 278K, committed 320K, reserved 1048576K
